   Compiling memchr v2.7.5
   Compiling anstyle-query v1.1.4
   Compiling anstyle v1.0.11
   Compiling is_terminal_polyfill v1.70.1
   Compiling indexmap v2.11.0
   Compiling clap_lex v0.7.5
   Compiling regex-syntax v0.8.6
   Compiling toml_write v0.1.2
   Compiling winnow v0.7.13
   Compiling terminal_size v0.4.3
   Compiling strsim v0.11.1
   Compiling serde v1.0.219
   Compiling thiserror v1.0.69
   Compiling anyhow v1.0.99
error[E0463]: can't find crate for `std`
  |
  = note: the `thumbv7em-none-eabihf` target may not support the standard library
  = note: `std` is required by `anstyle_query` because it does not declare `#![no_std]`

error[E0463]: can't find crate for `std`
  |
  = note: the `thumbv7em-none-eabihf` target may not support the standard library
  = note: `std` is required by `is_terminal_polyfill` because it does not declare `#![no_std]`

error[E0463]: can't find crate for `std`
  |
  = note: the `thumbv7em-none-eabihf` target may not support the standard library
  = note: `std` is required by `anstyle` because it does not declare `#![no_std]`

error[E0463]: can't find crate for `std`
  --> C:\Users\john\.cargo\registry\src\index.crates.io-1949cf8c6b5b557f\is_terminal_polyfill-1.70.1\src\lib.rs:44:5
   |
44 |     std::fs::File,
   |     ^^^ can't find crate
   |
   = note: the `thumbv7em-none-eabihf` target may not support the standard library

error[E0463]: can't find crate for `std`
  --> C:\Users\john\.cargo\registry\src\index.crates.io-1949cf8c6b5b557f\is_terminal_polyfill-1.70.1\src\lib.rs:37:17
   |
37 |                 std::io::IsTerminal::is_terminal(self)
   |                 ^^^ can't find crate
   |
   = note: the `thumbv7em-none-eabihf` target may not support the standard library

error[E0463]: can't find crate for `std`
  --> C:\Users\john\.cargo\registry\src\index.crates.io-1949cf8c6b5b557f\is_terminal_polyfill-1.70.1\src\lib.rs:45:5
   |
45 |     std::io::Stdin,
   |     ^^^ can't find crate
   |
   = note: the `thumbv7em-none-eabihf` target may not support the standard library

error[E0463]: can't find crate for `std`
  |
  = note: the `thumbv7em-none-eabihf` target may not support the standard library
  = note: `std` is required by `clap_lex` because it does not declare `#![no_std]`

error[E0463]: can't find crate for `std`
  --> C:\Users\john\.cargo\registry\src\index.crates.io-1949cf8c6b5b557f\is_terminal_polyfill-1.70.1\src\lib.rs:46:5
   |
46 |     std::io::StdinLock<'_>,
   |     ^^^ can't find crate
   |
   = note: the `thumbv7em-none-eabihf` target may not support the standard library

error[E0463]: can't find crate for `std`
  --> C:\Users\john\.cargo\registry\src\index.crates.io-1949cf8c6b5b557f\is_terminal_polyfill-1.70.1\src\lib.rs:47:5
   |
47 |     std::io::Stdout,
   |     ^^^ can't find crate
   |
   = note: the `thumbv7em-none-eabihf` target may not support the standard library

error[E0463]: can't find crate for `std`
   --> C:\Users\john\.cargo\registry\src\index.crates.io-1949cf8c6b5b557f\memchr-2.7.5\src\lib.rs:198:1
    |
198 | extern crate std;
    | ^^^^^^^^^^^^^^^^^ can't find crate
    |
    = note: the `thumbv7em-none-eabihf` target may not support the standard library

error[E0463]: can't find crate for `std`
  --> C:\Users\john\.cargo\registry\src\index.crates.io-1949cf8c6b5b557f\is_terminal_polyfill-1.70.1\src\lib.rs:48:5
   |
48 |     std::io::StdoutLock<'_>,
   |     ^^^ can't find crate
   |
   = note: the `thumbv7em-none-eabihf` target may not support the standard library

error: cannot find attribute `derive` in this scope
 --> C:\Users\john\.cargo\registry\src\index.crates.io-1949cf8c6b5b557f\anstyle-1.0.11\src\color.rs:3:3
  |
3 | #[derive(Copy, Clone, Debug, PartialEq, Eq, PartialOrd, Ord, Hash)]
  |   ^^^^^^
  |
help: consider importing this attribute macro
  |
1 + use core::prelude::rust_2024::derive;
  |

error: cannot find attribute `derive` in this scope
   --> C:\Users\john\.cargo\registry\src\index.crates.io-1949cf8c6b5b557f\anstyle-1.0.11\src\color.rs:136:3
    |
136 | #[derive(Copy, Clone, Debug, PartialEq, Eq, PartialOrd, Ord, Hash)]
    |   ^^^^^^
    |
help: consider importing this attribute macro
    |
1   + use core::prelude::rust_2024::derive;
    |

error[E0463]: can't find crate for `std`
  --> C:\Users\john\.cargo\registry\src\index.crates.io-1949cf8c6b5b557f\is_terminal_polyfill-1.70.1\src\lib.rs:49:5
   |
49 |     std::io::Stderr,
   |     ^^^ can't find crate
   |
   = note: the `thumbv7em-none-eabihf` target may not support the standard library

error[E0463]: can't find crate for `std`
  |
  = note: the `thumbv7em-none-eabihf` target may not support the standard library
  = note: `std` is required by `terminal_size` because it does not declare `#![no_std]`

error: cannot find macro `concat` in this scope
   --> C:\Users\john\.cargo\registry\src\index.crates.io-1949cf8c6b5b557f\anstyle-1.0.11\src\macros.rs:3:9
    |
3   |         concat!("\x1B[", $($inner),*, "m")
    |         ^^^^^^
    |
   ::: C:\Users\john\.cargo\registry\src\index.crates.io-1949cf8c6b5b557f\anstyle-1.0.11\src\color.rs:212:28
    |
212 |             Self::Black => escape!("3", "0"),
    |                            ----------------- in this macro invocation
    |
    = note: this error originates in the macro `escape` (in Nightly builds, run with -Z macro-backtrace for more info)
help: consider importing this macro
   --> C:\Users\john\.cargo\registry\src\index.crates.io-1949cf8c6b5b557f\anstyle-1.0.11\src\color.rs:1:1
    |
1   + use core::concat;
    |

error[E0463]: can't find crate for `std`
  |
  = note: the `thumbv7em-none-eabihf` target may not support the standard library
  = note: `std` is required by `toml_write` because it does not declare `#![no_std]`

error[E0463]: can't find crate for `std`
  --> C:\Users\john\.cargo\registry\src\index.crates.io-1949cf8c6b5b557f\is_terminal_polyfill-1.70.1\src\lib.rs:50:5
   |
50 |     std::io::StderrLock<'_>
   |     ^^^ can't find crate
   |
   = note: the `thumbv7em-none-eabihf` target may not support the standard library

error: cannot find macro `concat` in this scope
   --> C:\Users\john\.cargo\registry\src\index.crates.io-1949cf8c6b5b557f\anstyle-1.0.11\src\macros.rs:3:9
    |
3   |         concat!("\x1B[", $($inner),*, "m")
    |         ^^^^^^
    |
   ::: C:\Users\john\.cargo\registry\src\index.crates.io-1949cf8c6b5b557f\anstyle-1.0.11\src\color.rs:213:26
    |
213 |             Self::Red => escape!("3", "1"),
    |                          ----------------- in this macro invocation
    |
    = note: this error originates in the macro `escape` (in Nightly builds, run with -Z macro-backtrace for more info)
help: consider importing this macro
   --> C:\Users\john\.cargo\registry\src\index.crates.io-1949cf8c6b5b557f\anstyle-1.0.11\src\color.rs:1:1
    |
1   + use core::concat;
    |

error[E0463]: can't find crate for `std`
 --> C:\Users\john\.cargo\registry\src\index.crates.io-1949cf8c6b5b557f\clap_lex-0.7.5\src\ext.rs:1:5
  |
1 | use std::ffi::OsStr;
  |     ^^^ can't find crate
  |
  = note: the `thumbv7em-none-eabihf` target may not support the standard library

error: cannot find macro `concat` in this scope
   --> C:\Users\john\.cargo\registry\src\index.crates.io-1949cf8c6b5b557f\anstyle-1.0.11\src\macros.rs:3:9
    |
3   |         concat!("\x1B[", $($inner),*, "m")
    |         ^^^^^^
    |
   ::: C:\Users\john\.cargo\registry\src\index.crates.io-1949cf8c6b5b557f\anstyle-1.0.11\src\color.rs:214:28
    |
214 |             Self::Green => escape!("3", "2"),
    |                            ----------------- in this macro invocation
    |
    = note: this error originates in the macro `escape` (in Nightly builds, run with -Z macro-backtrace for more info)
help: consider importing this macro
   --> C:\Users\john\.cargo\registry\src\index.crates.io-1949cf8c6b5b557f\anstyle-1.0.11\src\color.rs:1:1
    |
1   + use core::concat;
    |

error[E0463]: can't find crate for `std`
   --> C:\Users\john\.cargo\registry\src\index.crates.io-1949cf8c6b5b557f\clap_lex-0.7.5\src\lib.rs:120:5
    |
120 | use std::ffi::OsStr;
    |     ^^^ can't find crate
    |
    = note: the `thumbv7em-none-eabihf` target may not support the standard library

error: cannot find macro `concat` in this scope
   --> C:\Users\john\.cargo\registry\src\index.crates.io-1949cf8c6b5b557f\anstyle-1.0.11\src\macros.rs:3:9
    |
3   |         concat!("\x1B[", $($inner),*, "m")
    |         ^^^^^^
    |
   ::: C:\Users\john\.cargo\registry\src\index.crates.io-1949cf8c6b5b557f\anstyle-1.0.11\src\color.rs:215:29
    |
215 |             Self::Yellow => escape!("3", "3"),
    |                             ----------------- in this macro invocation
    |
    = note: this error originates in the macro `escape` (in Nightly builds, run with -Z macro-backtrace for more info)
help: consider importing this macro
   --> C:\Users\john\.cargo\registry\src\index.crates.io-1949cf8c6b5b557f\anstyle-1.0.11\src\color.rs:1:1
    |
1   + use core::concat;
    |

error[E0463]: can't find crate for `std`
   --> C:\Users\john\.cargo\registry\src\index.crates.io-1949cf8c6b5b557f\clap_lex-0.7.5\src\lib.rs:121:5
    |
121 | use std::ffi::OsString;
    |     ^^^ can't find crate
    |
    = note: the `thumbv7em-none-eabihf` target may not support the standard library

error: cannot find attribute `derive` in this scope
  --> C:\Users\john\.cargo\registry\src\index.crates.io-1949cf8c6b5b557f\terminal_size-0.4.3\src\lib.rs:23:3
   |
23 | #[derive(Debug, Clone, Copy, PartialEq, Eq, PartialOrd, Ord)]
   |   ^^^^^^
   |
help: consider importing this attribute macro
   |
21 + use core::prelude::rust_2024::derive;
   |

error[E0463]: can't find crate for `std`
   --> C:\Users\john\.cargo\registry\src\index.crates.io-1949cf8c6b5b557f\clap_lex-0.7.5\src\lib.rs:123:9
    |
123 | pub use std::io::SeekFrom;
    |         ^^^ can't find crate
    |
    = note: the `thumbv7em-none-eabihf` target may not support the standard library

error: cannot find macro `concat` in this scope
   --> C:\Users\john\.cargo\registry\src\index.crates.io-1949cf8c6b5b557f\anstyle-1.0.11\src\macros.rs:3:9
    |
3   |         concat!("\x1B[", $($inner),*, "m")
    |         ^^^^^^
    |
   ::: C:\Users\john\.cargo\registry\src\index.crates.io-1949cf8c6b5b557f\anstyle-1.0.11\src\color.rs:216:27
    |
216 |             Self::Blue => escape!("3", "4"),
    |                           ----------------- in this macro invocation
    |
    = note: this error originates in the macro `escape` (in Nightly builds, run with -Z macro-backtrace for more info)
help: consider importing this macro
   --> C:\Users\john\.cargo\registry\src\index.crates.io-1949cf8c6b5b557f\anstyle-1.0.11\src\color.rs:1:1
    |
1   + use core::concat;
    |

error[E0463]: can't find crate for `std`
  --> C:\Users\john\.cargo\registry\src\index.crates.io-1949cf8c6b5b557f\anstyle-query-1.1.4\src\lib.rs:24:17
   |
24 |     let value = std::env::var_os("CLICOLOR")?;
   |                 ^^^ can't find crate
   |
   = note: the `thumbv7em-none-eabihf` target may not support the standard library

error[E0463]: can't find crate for `std`
  |
  = note: the `thumbv7em-none-eabihf` target may not support the standard library
  = note: `std` is required by `thiserror` because it does not declare `#![no_std]`

error: cannot find attribute `derive` in this scope
  --> C:\Users\john\.cargo\registry\src\index.crates.io-1949cf8c6b5b557f\terminal_size-0.4.3\src\lib.rs:21:3
   |
21 | #[derive(Debug, Clone, Copy, PartialEq, Eq, PartialOrd, Ord)]
   |   ^^^^^^
   |
help: consider importing this attribute macro
   |
21 + use core::prelude::rust_2024::derive;
   |

error[E0463]: can't find crate for `std`
  |
  = note: the `thumbv7em-none-eabihf` target may not support the standard library
  = note: `std` is required by `strsim` because it does not declare `#![no_std]`

error: cannot find macro `concat` in this scope
   --> C:\Users\john\.cargo\registry\src\index.crates.io-1949cf8c6b5b557f\anstyle-1.0.11\src\macros.rs:3:9
    |
3   |         concat!("\x1B[", $($inner),*, "m")
    |         ^^^^^^
    |
   ::: C:\Users\john\.cargo\registry\src\index.crates.io-1949cf8c6b5b557f\anstyle-1.0.11\src\color.rs:217:30
    |
217 |             Self::Magenta => escape!("3", "5"),
    |                              ----------------- in this macro invocation
    |
    = note: this error originates in the macro `escape` (in Nightly builds, run with -Z macro-backtrace for more info)
help: consider importing this macro
   --> C:\Users\john\.cargo\registry\src\index.crates.io-1949cf8c6b5b557f\anstyle-1.0.11\src\color.rs:1:1
    |
1   + use core::concat;
    |

For more information about this error, try `rustc --explain E0463`.
error: cannot find macro `vec` in this scope
   --> C:\Users\john\.cargo\registry\src\index.crates.io-1949cf8c6b5b557f\strsim-0.11.1\src\lib.rs:625:18
    |
625 |     let mut r1 = vec![max_val; size];
    |                  ^^^

error: cannot find macro `vec` in this scope
   --> C:\Users\john\.cargo\registry\src\index.crates.io-1949cf8c6b5b557f\strsim-0.11.1\src\lib.rs:624:18
    |
624 |     let mut fr = vec![max_val; size];
    |                  ^^^

error: cannot find macro `vec` in this scope
   --> C:\Users\john\.cargo\registry\src\index.crates.io-1949cf8c6b5b557f\strsim-0.11.1\src\lib.rs:547:13
    |
547 |             vec![GrowingHashmapMapElemChar::<ValueType>::default(); new_size as usize],
    |             ^^^

error: cannot find macro `vec` in this scope
   --> C:\Users\john\.cargo\registry\src\index.crates.io-1949cf8c6b5b557f\strsim-0.11.1\src\lib.rs:504:25
    |
504 |         self.map = Some(vec![GrowingHashmapMapElemChar::default(); 8]);
    |                         ^^^

error: cannot find attribute `derive` in this scope
   --> C:\Users\john\.cargo\registry\src\index.crates.io-1949cf8c6b5b557f\strsim-0.11.1\src\lib.rs:427:3
    |
427 | #[derive(Default, Clone)]
    |   ^^^^^^

error: cannot find attribute `derive` in this scope
   --> C:\Users\john\.cargo\registry\src\index.crates.io-1949cf8c6b5b557f\strsim-0.11.1\src\lib.rs:416:3
    |
416 | #[derive(Clone, Copy, PartialEq, Eq)]
    |   ^^^^^^

error: cannot find macro `vec` in this scope
   --> C:\Users\john\.cargo\registry\src\index.crates.io-1949cf8c6b5b557f\strsim-0.11.1\src\lib.rs:368:25
    |
368 |     let mut distances = vec![0; (a_len + 2) * (b_len + 2)];
    |                         ^^^

error: cannot find macro `vec` in this scope
   --> C:\Users\john\.cargo\registry\src\index.crates.io-1949cf8c6b5b557f\strsim-0.11.1\src\lib.rs:306:42
    |
306 |     let mut curr_distances: Vec<usize> = vec![0; b_len + 1];
    |                                          ^^^

error: cannot find macro `vec` in this scope
   --> C:\Users\john\.cargo\registry\src\index.crates.io-1949cf8c6b5b557f\strsim-0.11.1\src\lib.rs:109:28
    |
109 |     let mut flags_memory = vec![false; a_len + b_len];
    |                            ^^^

error: cannot find macro `write` in this scope
  --> C:\Users\john\.cargo\registry\src\index.crates.io-1949cf8c6b5b557f\strsim-0.11.1\src\lib.rs:43:9
   |
43 |         write!(fmt, "{}", text)
   |         ^^^^^

error: cannot find attribute `derive` in this scope
  --> C:\Users\john\.cargo\registry\src\index.crates.io-1949cf8c6b5b557f\strsim-0.11.1\src\lib.rs:32:3
   |
32 | #[derive(Debug, PartialEq)]
   |   ^^^^^^

error: cannot find macro `concat` in this scope
   --> C:\Users\john\.cargo\registry\src\index.crates.io-1949cf8c6b5b557f\anstyle-1.0.11\src\macros.rs:3:9
    |
3   |         concat!("\x1B[", $($inner),*, "m")
    |         ^^^^^^
    |
   ::: C:\Users\john\.cargo\registry\src\index.crates.io-1949cf8c6b5b557f\anstyle-1.0.11\src\color.rs:218:27
    |
218 |             Self::Cyan => escape!("3", "6"),
    |                           ----------------- in this macro invocation
    |
    = note: this error originates in the macro `escape` (in Nightly builds, run with -Z macro-backtrace for more info)
help: consider importing this macro
   --> C:\Users\john\.cargo\registry\src\index.crates.io-1949cf8c6b5b557f\anstyle-1.0.11\src\color.rs:1:1
    |
1   + use core::concat;
    |

error: cannot find macro `concat` in this scope
   --> C:\Users\john\.cargo\registry\src\index.crates.io-1949cf8c6b5b557f\anstyle-1.0.11\src\macros.rs:3:9
    |
3   |         concat!("\x1B[", $($inner),*, "m")
    |         ^^^^^^
    |
   ::: C:\Users\john\.cargo\registry\src\index.crates.io-1949cf8c6b5b557f\anstyle-1.0.11\src\color.rs:219:28
    |
219 |             Self::White => escape!("3", "7"),
    |                            ----------------- in this macro invocation
    |
    = note: this error originates in the macro `escape` (in Nightly builds, run with -Z macro-backtrace for more info)
help: consider importing this macro
   --> C:\Users\john\.cargo\registry\src\index.crates.io-1949cf8c6b5b557f\anstyle-1.0.11\src\color.rs:1:1
    |
1   + use core::concat;
    |

error: cannot find macro `write` in this scope
  --> C:\Users\john\.cargo\registry\src\index.crates.io-1949cf8c6b5b557f\toml_write-0.1.2\src\value.rs:34:9
   |
34 |         write!(writer, "{self}")
   |         ^^^^^
   |
help: consider importing this macro
   |
1  + use core::write;
   |

error[E0463]: can't find crate for `std`
   --> C:\Users\john\.cargo\registry\src\index.crates.io-1949cf8c6b5b557f\indexmap-2.11.0\src\lib.rs:109:1
    |
109 | extern crate std;
    | ^^^^^^^^^^^^^^^^^ can't find crate
    |
    = note: the `thumbv7em-none-eabihf` target may not support the standard library

error: cannot find macro `concat` in this scope
   --> C:\Users\john\.cargo\registry\src\index.crates.io-1949cf8c6b5b557f\anstyle-1.0.11\src\macros.rs:3:9
    |
3   |         concat!("\x1B[", $($inner),*, "m")
    |         ^^^^^^
    |
   ::: C:\Users\john\.cargo\registry\src\index.crates.io-1949cf8c6b5b557f\anstyle-1.0.11\src\color.rs:220:34
    |
220 |             Self::BrightBlack => escape!("9", "0"),
    |                                  ----------------- in this macro invocation
    |
    = note: this error originates in the macro `escape` (in Nightly builds, run with -Z macro-backtrace for more info)
help: consider importing this macro
   --> C:\Users\john\.cargo\registry\src\index.crates.io-1949cf8c6b5b557f\anstyle-1.0.11\src\color.rs:1:1
    |
1   + use core::concat;
    |

error: cannot find macro `write` in this scope
  --> C:\Users\john\.cargo\registry\src\index.crates.io-1949cf8c6b5b557f\toml_write-0.1.2\src\value.rs:40:9
   |
40 |         write!(writer, "{self}")
   |         ^^^^^
   |
help: consider importing this macro
   |
1  + use core::write;
   |

error[E0463]: can't find crate for `std`
 --> C:\Users\john\.cargo\registry\src\index.crates.io-1949cf8c6b5b557f\thiserror-1.0.69\src\aserror.rs:2:5
  |
2 | use std::error::Error;
  |     ^^^ can't find crate
  |
  = note: the `thumbv7em-none-eabihf` target may not support the standard library

error: cannot find macro `write` in this scope
  --> C:\Users\john\.cargo\registry\src\index.crates.io-1949cf8c6b5b557f\toml_write-0.1.2\src\value.rs:46:9
   |
46 |         write!(writer, "{self}")
   |         ^^^^^
   |
help: consider importing this macro
   |
1  + use core::write;
   |

error[E0463]: can't find crate for `std`
  --> C:\Users\john\.cargo\registry\src\index.crates.io-1949cf8c6b5b557f\anstyle-query-1.1.4\src\lib.rs:35:15
   |
35 |     non_empty(std::env::var_os("CLICOLOR_FORCE").as_deref())
   |               ^^^ can't find crate
   |
   = note: the `thumbv7em-none-eabihf` target may not support the standard library

error: cannot find macro `concat` in this scope
   --> C:\Users\john\.cargo\registry\src\index.crates.io-1949cf8c6b5b557f\anstyle-1.0.11\src\macros.rs:3:9
    |
3   |         concat!("\x1B[", $($inner),*, "m")
    |         ^^^^^^
    |
   ::: C:\Users\john\.cargo\registry\src\index.crates.io-1949cf8c6b5b557f\anstyle-1.0.11\src\color.rs:221:32
    |
221 |             Self::BrightRed => escape!("9", "1"),
    |                                ----------------- in this macro invocation
    |
    = note: this error originates in the macro `escape` (in Nightly builds, run with -Z macro-backtrace for more info)
help: consider importing this macro
   --> C:\Users\john\.cargo\registry\src\index.crates.io-1949cf8c6b5b557f\anstyle-1.0.11\src\color.rs:1:1
    |
1   + use core::concat;
    |

error: cannot find attribute `derive` in this scope
   --> C:\Users\john\.cargo\registry\src\index.crates.io-1949cf8c6b5b557f\clap_lex-0.7.5\src\lib.rs:398:3
    |
398 | #[derive(Clone, Debug)]
    |   ^^^^^^
    |
help: consider importing this attribute macro
    |
120 + use core::prelude::rust_2024::derive;
    |

error[E0463]: can't find crate for `std`
 --> C:\Users\john\.cargo\registry\src\index.crates.io-1949cf8c6b5b557f\thiserror-1.0.69\src\display.rs:2:5
  |
2 | use std::path::{self, Path, PathBuf};
  |     ^^^ can't find crate
  |
  = note: the `thumbv7em-none-eabihf` target may not support the standard library

error[E0463]: can't find crate for `std`
  --> C:\Users\john\.cargo\registry\src\index.crates.io-1949cf8c6b5b557f\anstyle-query-1.1.4\src\lib.rs:50:15
   |
50 |     non_empty(std::env::var_os("NO_COLOR").as_deref())
   |               ^^^ can't find crate
   |
   = note: the `thumbv7em-none-eabihf` target may not support the standard library

error: cannot find macro `write` in this scope
  --> C:\Users\john\.cargo\registry\src\index.crates.io-1949cf8c6b5b557f\toml_write-0.1.2\src\value.rs:52:9
   |
52 |         write!(writer, "{self}")
   |         ^^^^^
   |
help: consider importing this macro
   |
1  + use core::write;
   |

error: cannot find macro `concat` in this scope
   --> C:\Users\john\.cargo\registry\src\index.crates.io-1949cf8c6b5b557f\anstyle-1.0.11\src\macros.rs:3:9
    |
3   |         concat!("\x1B[", $($inner),*, "m")
    |         ^^^^^^
    |
   ::: C:\Users\john\.cargo\registry\src\index.crates.io-1949cf8c6b5b557f\anstyle-1.0.11\src\color.rs:222:34
    |
222 |             Self::BrightGreen => escape!("9", "2"),
    |                                  ----------------- in this macro invocation
    |
    = note: this error originates in the macro `escape` (in Nightly builds, run with -Z macro-backtrace for more info)
help: consider importing this macro
   --> C:\Users\john\.cargo\registry\src\index.crates.io-1949cf8c6b5b557f\anstyle-1.0.11\src\color.rs:1:1
    |
1   + use core::concat;
    |

error: could not compile `is_terminal_polyfill` (lib) due to 9 previous errors
warning: build failed, waiting for other jobs to finish...
error[E0463]: can't find crate for `std`
  --> C:\Users\john\.cargo\registry\src\index.crates.io-1949cf8c6b5b557f\anstyle-query-1.1.4\src\lib.rs:58:15
   |
58 |         match std::env::var_os("TERM") {
   |               ^^^ can't find crate
   |
   = note: the `thumbv7em-none-eabihf` target may not support the standard library

error: cannot find macro `debug_assert` in this scope
   --> C:\Users\john\.cargo\registry\src\index.crates.io-1949cf8c6b5b557f\clap_lex-0.7.5\src\lib.rs:352:17
    |
352 |                 debug_assert!(self.is_stdio());
    |                 ^^^^^^^^^^^^
    |
help: consider importing this macro
    |
120 + use core::debug_assert;
    |

error: cannot find macro `write` in this scope
  --> C:\Users\john\.cargo\registry\src\index.crates.io-1949cf8c6b5b557f\toml_write-0.1.2\src\value.rs:58:9
   |
58 |         write!(writer, "{self}")
   |         ^^^^^
   |
help: consider importing this macro
   |
1  + use core::write;
   |

error: cannot find macro `debug_assert` in this scope
   --> C:\Users\john\.cargo\registry\src\index.crates.io-1949cf8c6b5b557f\clap_lex-0.7.5\src\lib.rs:328:13
    |
328 |             debug_assert!(self.is_escape());
    |             ^^^^^^^^^^^^
    |
help: consider importing this macro
    |
120 + use core::debug_assert;
    |

error: cannot find macro `concat` in this scope
   --> C:\Users\john\.cargo\registry\src\index.crates.io-1949cf8c6b5b557f\anstyle-1.0.11\src\macros.rs:3:9
    |
3   |         concat!("\x1B[", $($inner),*, "m")
    |         ^^^^^^
    |
   ::: C:\Users\john\.cargo\registry\src\index.crates.io-1949cf8c6b5b557f\anstyle-1.0.11\src\color.rs:223:35
    |
223 |             Self::BrightYellow => escape!("9", "3"),
    |                                   ----------------- in this macro invocation
    |
    = note: this error originates in the macro `escape` (in Nightly builds, run with -Z macro-backtrace for more info)
help: consider importing this macro
   --> C:\Users\john\.cargo\registry\src\index.crates.io-1949cf8c6b5b557f\anstyle-1.0.11\src\color.rs:1:1
    |
1   + use core::concat;
    |

error: cannot find macro `write` in this scope
  --> C:\Users\john\.cargo\registry\src\index.crates.io-1949cf8c6b5b557f\toml_write-0.1.2\src\value.rs:64:9
   |
64 |         write!(writer, "{self}")
   |         ^^^^^
   |
help: consider importing this macro
   |
1  + use core::write;
   |

error: cannot find attribute `derive` in this scope
   --> C:\Users\john\.cargo\registry\src\index.crates.io-1949cf8c6b5b557f\clap_lex-0.7.5\src\lib.rs:287:3
    |
287 | #[derive(Clone, Debug, PartialEq, Eq, PartialOrd, Ord, Hash)]
    |   ^^^^^^
    |
help: consider importing this attribute macro
    |
120 + use core::prelude::rust_2024::derive;
    |

error: cannot find macro `concat` in this scope
   --> C:\Users\john\.cargo\registry\src\index.crates.io-1949cf8c6b5b557f\anstyle-1.0.11\src\macros.rs:3:9
    |
3   |         concat!("\x1B[", $($inner),*, "m")
    |         ^^^^^^
    |
   ::: C:\Users\john\.cargo\registry\src\index.crates.io-1949cf8c6b5b557f\anstyle-1.0.11\src\color.rs:224:33
    |
224 |             Self::BrightBlue => escape!("9", "4"),
    |                                 ----------------- in this macro invocation
    |
    = note: this error originates in the macro `escape` (in Nightly builds, run with -Z macro-backtrace for more info)
help: consider importing this macro
   --> C:\Users\john\.cargo\registry\src\index.crates.io-1949cf8c6b5b557f\anstyle-1.0.11\src\color.rs:1:1
    |
1   + use core::concat;
    |

error: cannot find macro `write` in this scope
  --> C:\Users\john\.cargo\registry\src\index.crates.io-1949cf8c6b5b557f\toml_write-0.1.2\src\value.rs:70:9
   |
70 |         write!(writer, "{self}")
   |         ^^^^^
   |
help: consider importing this macro
   |
1  + use core::write;
   |

error[E0412]: cannot find type `Option` in this scope
  --> C:\Users\john\.cargo\registry\src\index.crates.io-1949cf8c6b5b557f\terminal_size-0.4.3\src\lib.rs:39:27
   |
39 | pub fn terminal_size() -> Option<(Width, Height)> {
   |                           ^^^^^^ not found in this scope
   |
help: consider importing this enum
   |
21 + use core::option::Option;
   |

error[E0425]: cannot find value `None` in this scope
  --> C:\Users\john\.cargo\registry\src\index.crates.io-1949cf8c6b5b557f\terminal_size-0.4.3\src\lib.rs:40:5
   |
40 |     None
   |     ^^^^ not found in this scope
   |
help: consider importing this unit variant
   |
21 + use core::option::Option::None;
   |

error: cannot find attribute `derive` in this scope
   --> C:\Users\john\.cargo\registry\src\index.crates.io-1949cf8c6b5b557f\clap_lex-0.7.5\src\lib.rs:275:3
    |
275 | #[derive(Clone, Debug, PartialEq, Eq, PartialOrd, Ord)]
    |   ^^^^^^
    |
help: consider importing this attribute macro
    |
120 + use core::prelude::rust_2024::derive;
    |

error: cannot find macro `concat` in this scope
   --> C:\Users\john\.cargo\registry\src\index.crates.io-1949cf8c6b5b557f\anstyle-1.0.11\src\macros.rs:3:9
    |
3   |         concat!("\x1B[", $($inner),*, "m")
    |         ^^^^^^
    |
   ::: C:\Users\john\.cargo\registry\src\index.crates.io-1949cf8c6b5b557f\anstyle-1.0.11\src\color.rs:225:36
    |
225 |             Self::BrightMagenta => escape!("9", "5"),
    |                                    ----------------- in this macro invocation
    |
    = note: this error originates in the macro `escape` (in Nightly builds, run with -Z macro-backtrace for more info)
help: consider importing this macro
   --> C:\Users\john\.cargo\registry\src\index.crates.io-1949cf8c6b5b557f\anstyle-1.0.11\src\color.rs:1:1
    |
1   + use core::concat;
    |

error: cannot find macro `write` in this scope
  --> C:\Users\john\.cargo\registry\src\index.crates.io-1949cf8c6b5b557f\toml_write-0.1.2\src\value.rs:76:9
   |
76 |         write!(writer, "{self}")
   |         ^^^^^
   |
help: consider importing this macro
   |
1  + use core::write;
   |

error: cannot find attribute `derive` in this scope
   --> C:\Users\john\.cargo\registry\src\index.crates.io-1949cf8c6b5b557f\clap_lex-0.7.5\src\lib.rs:128:3
    |
128 | #[derive(Default, Clone, Debug, PartialEq, Eq)]
    |   ^^^^^^
    |
help: consider importing this attribute macro
    |
120 + use core::prelude::rust_2024::derive;
    |

error: cannot find macro `concat` in this scope
   --> C:\Users\john\.cargo\registry\src\index.crates.io-1949cf8c6b5b557f\anstyle-1.0.11\src\macros.rs:3:9
    |
3   |         concat!("\x1B[", $($inner),*, "m")
    |         ^^^^^^
    |
   ::: C:\Users\john\.cargo\registry\src\index.crates.io-1949cf8c6b5b557f\anstyle-1.0.11\src\color.rs:226:33
    |
226 |             Self::BrightCyan => escape!("9", "6"),
    |                                 ----------------- in this macro invocation
    |
    = note: this error originates in the macro `escape` (in Nightly builds, run with -Z macro-backtrace for more info)
help: consider importing this macro
   --> C:\Users\john\.cargo\registry\src\index.crates.io-1949cf8c6b5b557f\anstyle-1.0.11\src\color.rs:1:1
    |
1   + use core::concat;
    |

error: cannot find macro `write` in this scope
  --> C:\Users\john\.cargo\registry\src\index.crates.io-1949cf8c6b5b557f\toml_write-0.1.2\src\value.rs:82:9
   |
82 |         write!(writer, "{self}")
   |         ^^^^^
   |
help: consider importing this macro
   |
1  + use core::write;
   |

error[E0463]: can't find crate for `std`
   --> C:\Users\john\.cargo\registry\src\index.crates.io-1949cf8c6b5b557f\anstyle-query-1.1.4\src\lib.rs:116:17
    |
116 |     let value = std::env::var_os("COLORTERM");
    |                 ^^^ can't find crate
    |
    = note: the `thumbv7em-none-eabihf` target may not support the standard library

error[E0463]: can't find crate for `std`
   --> C:\Users\john\.cargo\registry\src\index.crates.io-1949cf8c6b5b557f\anstyle-query-1.1.4\src\lib.rs:134:5
    |
134 |     std::env::var_os("CI").is_some()
    |     ^^^ can't find crate
    |
    = note: the `thumbv7em-none-eabihf` target may not support the standard library

error: cannot find macro `concat` in this scope
   --> C:\Users\john\.cargo\registry\src\index.crates.io-1949cf8c6b5b557f\anstyle-1.0.11\src\macros.rs:3:9
    |
3   |         concat!("\x1B[", $($inner),*, "m")
    |         ^^^^^^
    |
   ::: C:\Users\john\.cargo\registry\src\index.crates.io-1949cf8c6b5b557f\anstyle-1.0.11\src\color.rs:227:34
    |
227 |             Self::BrightWhite => escape!("9", "7"),
    |                                  ----------------- in this macro invocation
    |
    = note: this error originates in the macro `escape` (in Nightly builds, run with -Z macro-backtrace for more info)
help: consider importing this macro
   --> C:\Users\john\.cargo\registry\src\index.crates.io-1949cf8c6b5b557f\anstyle-1.0.11\src\color.rs:1:1
    |
1   + use core::concat;
    |

error: cannot find macro `debug_assert_ne` in this scope
   --> C:\Users\john\.cargo\registry\src\index.crates.io-1949cf8c6b5b557f\clap_lex-0.7.5\src\ext.rs:259:17
    |
259 |                 debug_assert_ne!(haystack, second);
    |                 ^^^^^^^^^^^^^^^
    |
help: consider importing this macro
    |
1   + use core::debug_assert_ne;
    |

error: cannot find macro `write` in this scope
  --> C:\Users\john\.cargo\registry\src\index.crates.io-1949cf8c6b5b557f\toml_write-0.1.2\src\value.rs:88:9
   |
88 |         write!(writer, "{self}")
   |         ^^^^^
   |
help: consider importing this macro
   |
1  + use core::write;
   |

Some errors have detailed explanations: E0412, E0425, E0463.
For more information about an error, try `rustc --explain E0412`.
error: cannot find macro `concat` in this scope
   --> C:\Users\john\.cargo\registry\src\index.crates.io-1949cf8c6b5b557f\anstyle-1.0.11\src\macros.rs:3:9
    |
3   |         concat!("\x1B[", $($inner),*, "m")
    |         ^^^^^^
    |
   ::: C:\Users\john\.cargo\registry\src\index.crates.io-1949cf8c6b5b557f\anstyle-1.0.11\src\color.rs:245:28
    |
245 |             Self::Black => escape!("4", "0"),
    |                            ----------------- in this macro invocation
    |
    = note: this error originates in the macro `escape` (in Nightly builds, run with -Z macro-backtrace for more info)
help: consider importing this macro
   --> C:\Users\john\.cargo\registry\src\index.crates.io-1949cf8c6b5b557f\anstyle-1.0.11\src\color.rs:1:1
    |
1   + use core::concat;
    |

error: cannot find macro `assert_ne` in this scope
   --> C:\Users\john\.cargo\registry\src\index.crates.io-1949cf8c6b5b557f\clap_lex-0.7.5\src\ext.rs:216:9
    |
216 |         assert_ne!(needle, "");
    |         ^^^^^^^^^
    |
help: consider importing this macro
    |
1   + use core::assert_ne;
    |

error: cannot find macro `write` in this scope
  --> C:\Users\john\.cargo\registry\src\index.crates.io-1949cf8c6b5b557f\toml_write-0.1.2\src\value.rs:94:9
   |
94 |         write!(writer, "{self}")
   |         ^^^^^
   |
help: consider importing this macro
   |
1  + use core::write;
   |

error: cannot find macro `concat` in this scope
   --> C:\Users\john\.cargo\registry\src\index.crates.io-1949cf8c6b5b557f\anstyle-1.0.11\src\macros.rs:3:9
    |
3   |         concat!("\x1B[", $($inner),*, "m")
    |         ^^^^^^
    |
   ::: C:\Users\john\.cargo\registry\src\index.crates.io-1949cf8c6b5b557f\anstyle-1.0.11\src\color.rs:246:26
    |
246 |             Self::Red => escape!("4", "1"),
    |                          ----------------- in this macro invocation
    |
    = note: this error originates in the macro `escape` (in Nightly builds, run with -Z macro-backtrace for more info)
help: consider importing this macro
   --> C:\Users\john\.cargo\registry\src\index.crates.io-1949cf8c6b5b557f\anstyle-1.0.11\src\color.rs:1:1
    |
1   + use core::concat;
    |

error[E0416]: identifier `None` is bound more than once in the same pattern
  --> C:\Users\john\.cargo\registry\src\index.crates.io-1949cf8c6b5b557f\strsim-0.11.1\src\lib.rs:68:20
   |
68 |             (None, None) => return Ok(count),
   |                    ^^^^ used in a pattern more than once

error: cannot find macro `write` in this scope
   --> C:\Users\john\.cargo\registry\src\index.crates.io-1949cf8c6b5b557f\toml_write-0.1.2\src\value.rs:101:32
    |
101 |             (true, true, _) => write!(writer, "-nan"),
    |                                ^^^^^
    |
help: consider importing this macro
    |
1   + use core::write;
    |

error: cannot find macro `concat` in this scope
   --> C:\Users\john\.cargo\registry\src\index.crates.io-1949cf8c6b5b557f\anstyle-1.0.11\src\macros.rs:3:9
    |
3   |         concat!("\x1B[", $($inner),*, "m")
    |         ^^^^^^
    |
   ::: C:\Users\john\.cargo\registry\src\index.crates.io-1949cf8c6b5b557f\anstyle-1.0.11\src\color.rs:247:28
    |
247 |             Self::Green => escape!("4", "2"),
    |                            ----------------- in this macro invocation
    |
    = note: this error originates in the macro `escape` (in Nightly builds, run with -Z macro-backtrace for more info)
help: consider importing this macro
   --> C:\Users\john\.cargo\registry\src\index.crates.io-1949cf8c6b5b557f\anstyle-1.0.11\src\color.rs:1:1
    |
1   + use core::concat;
    |

error: cannot find macro `write` in this scope
   --> C:\Users\john\.cargo\registry\src\index.crates.io-1949cf8c6b5b557f\toml_write-0.1.2\src\value.rs:102:33
    |
102 |             (false, true, _) => write!(writer, "nan"),
    |                                 ^^^^^
    |
help: consider importing this macro
    |
1   + use core::write;
    |

error: cannot find macro `concat` in this scope
   --> C:\Users\john\.cargo\registry\src\index.crates.io-1949cf8c6b5b557f\anstyle-1.0.11\src\macros.rs:3:9
    |
3   |         concat!("\x1B[", $($inner),*, "m")
    |         ^^^^^^
    |
   ::: C:\Users\john\.cargo\registry\src\index.crates.io-1949cf8c6b5b557f\anstyle-1.0.11\src\color.rs:248:29
    |
248 |             Self::Yellow => escape!("4", "3"),
    |                             ----------------- in this macro invocation
    |
    = note: this error originates in the macro `escape` (in Nightly builds, run with -Z macro-backtrace for more info)
help: consider importing this macro
   --> C:\Users\john\.cargo\registry\src\index.crates.io-1949cf8c6b5b557f\anstyle-1.0.11\src\color.rs:1:1
    |
1   + use core::concat;
    |

error[E0463]: can't find crate for `std`
   --> C:\Users\john\.cargo\registry\src\index.crates.io-1949cf8c6b5b557f\anstyle-query-1.1.4\src\lib.rs:137:27
    |
137 | fn non_empty(var: Option<&std::ffi::OsStr>) -> bool {
    |                           ^^^ can't find crate
    |
    = note: the `thumbv7em-none-eabihf` target may not support the standard library

error[E0463]: can't find crate for `std`
   --> C:\Users\john\.cargo\registry\src\index.crates.io-1949cf8c6b5b557f\anyhow-1.0.99\src\lib.rs:253:1
    |
253 | extern crate std;
    | ^^^^^^^^^^^^^^^^^ can't find crate
    |
    = note: the `thumbv7em-none-eabihf` target may not support the standard library

error[E0412]: cannot find type `Option` in this scope
  --> C:\Users\john\.cargo\registry\src\index.crates.io-1949cf8c6b5b557f\anstyle-query-1.1.4\src\windows.rs:63:43
   |
63 |     pub(crate) fn enable_ansi_colors() -> Option<bool> {
   |                                           ^^^^^^ not found in this scope
   |
help: consider importing this enum
   |
62 +     use core::option::Option;
   |

error[E0425]: cannot find value `None` in this scope
  --> C:\Users\john\.cargo\registry\src\index.crates.io-1949cf8c6b5b557f\anstyle-query-1.1.4\src\windows.rs:64:9
   |
64 |         None
   |         ^^^^ not found in this scope
   |
help: consider importing this unit variant
   |
62 +     use core::option::Option::None;
   |

error[E0412]: cannot find type `Option` in this scope
  --> C:\Users\john\.cargo\registry\src\index.crates.io-1949cf8c6b5b557f\anstyle-query-1.1.4\src\windows.rs:71:32
   |
71 | pub fn enable_ansi_colors() -> Option<bool> {
   |                                ^^^^^^ not found in this scope
   |
help: consider importing this enum
   |
3  + use core::option::Option;
   |

error[E0412]: cannot find type `Option` in this scope
  --> C:\Users\john\.cargo\registry\src\index.crates.io-1949cf8c6b5b557f\anstyle-query-1.1.4\src\lib.rs:23:22
   |
23 | pub fn clicolor() -> Option<bool> {
   |                      ^^^^^^ not found in this scope
   |
help: consider importing this enum
   |
8  + use core::option::Option;
   |

error[E0425]: cannot find function, tuple struct or tuple variant `Some` in this scope
  --> C:\Users\john\.cargo\registry\src\index.crates.io-1949cf8c6b5b557f\anstyle-query-1.1.4\src\lib.rs:25:5
   |
25 |     Some(value != "0")
   |     ^^^^ not found in this scope
   |
help: consider importing this tuple variant
   |
8  + use core::option::Option::Some;
   |

error[E0531]: cannot find tuple struct or tuple variant `Some` in this scope
  --> C:\Users\john\.cargo\registry\src\index.crates.io-1949cf8c6b5b557f\anstyle-query-1.1.4\src\lib.rs:62:13
   |
62 |             Some(k) => {
   |             ^^^^ not found in this scope
   |
help: consider importing this tuple variant
   |
8  + use core::option::Option::Some;
   |

error[E0412]: cannot find type `Option` in this scope
   --> C:\Users\john\.cargo\registry\src\index.crates.io-1949cf8c6b5b557f\anstyle-query-1.1.4\src\lib.rs:137:19
    |
137 | fn non_empty(var: Option<&std::ffi::OsStr>) -> bool {
    |                   ^^^^^^ not found in this scope
    |
help: consider importing this enum
    |
8   + use core::option::Option;
    |

error: cannot find macro `write` in this scope
   --> C:\Users\john\.cargo\registry\src\index.crates.io-1949cf8c6b5b557f\toml_write-0.1.2\src\value.rs:103:36
    |
103 |             (true, false, true) => write!(writer, "-0.0"),
    |                                    ^^^^^
    |
help: consider importing this macro
    |
1   + use core::write;
    |

error: cannot find macro `concat` in this scope
   --> C:\Users\john\.cargo\registry\src\index.crates.io-1949cf8c6b5b557f\anstyle-1.0.11\src\macros.rs:3:9
    |
3   |         concat!("\x1B[", $($inner),*, "m")
    |         ^^^^^^
    |
   ::: C:\Users\john\.cargo\registry\src\index.crates.io-1949cf8c6b5b557f\anstyle-1.0.11\src\color.rs:249:27
    |
249 |             Self::Blue => escape!("4", "4"),
    |                           ----------------- in this macro invocation
    |
    = note: this error originates in the macro `escape` (in Nightly builds, run with -Z macro-backtrace for more info)
help: consider importing this macro
   --> C:\Users\john\.cargo\registry\src\index.crates.io-1949cf8c6b5b557f\anstyle-1.0.11\src\color.rs:1:1
    |
1   + use core::concat;
    |

error: cannot find macro `write` in this scope
   --> C:\Users\john\.cargo\registry\src\index.crates.io-1949cf8c6b5b557f\toml_write-0.1.2\src\value.rs:104:37
    |
104 |             (false, false, true) => write!(writer, "0.0"),
    |                                     ^^^^^
    |
help: consider importing this macro
    |
1   + use core::write;
    |

error: could not compile `terminal_size` (lib) due to 5 previous errors
error: cannot find macro `concat` in this scope
   --> C:\Users\john\.cargo\registry\src\index.crates.io-1949cf8c6b5b557f\anstyle-1.0.11\src\macros.rs:3:9
    |
3   |         concat!("\x1B[", $($inner),*, "m")
    |         ^^^^^^
    |
   ::: C:\Users\john\.cargo\registry\src\index.crates.io-1949cf8c6b5b557f\anstyle-1.0.11\src\color.rs:250:30
    |
250 |             Self::Magenta => escape!("4", "5"),
    |                              ----------------- in this macro invocation
    |
    = note: this error originates in the macro `escape` (in Nightly builds, run with -Z macro-backtrace for more info)
help: consider importing this macro
   --> C:\Users\john\.cargo\registry\src\index.crates.io-1949cf8c6b5b557f\anstyle-1.0.11\src\color.rs:1:1
    |
1   + use core::concat;
    |

error[E0463]: can't find crate for `std`
 --> C:\Users\john\.cargo\registry\src\index.crates.io-1949cf8c6b5b557f\clap_lex-0.7.5\src\ext.rs:9:39
  |
9 |     fn try_str(&self) -> Result<&str, std::str::Utf8Error>;
  |                                       ^^^ can't find crate
  |
  = note: the `thumbv7em-none-eabihf` target may not support the standard library

error: cannot find macro `write` in this scope
   --> C:\Users\john\.cargo\registry\src\index.crates.io-1949cf8c6b5b557f\toml_write-0.1.2\src\value.rs:107:21
    |
107 |                     write!(writer, "{self}.0")
    |                     ^^^^^
    |
help: consider importing this macro
    |
1   + use core::write;
    |

error: cannot find macro `concat` in this scope
   --> C:\Users\john\.cargo\registry\src\index.crates.io-1949cf8c6b5b557f\anstyle-1.0.11\src\macros.rs:3:9
    |
3   |         concat!("\x1B[", $($inner),*, "m")
    |         ^^^^^^
    |
   ::: C:\Users\john\.cargo\registry\src\index.crates.io-1949cf8c6b5b557f\anstyle-1.0.11\src\color.rs:251:27
    |
251 |             Self::Cyan => escape!("4", "6"),
    |                           ----------------- in this macro invocation
    |
    = note: this error originates in the macro `escape` (in Nightly builds, run with -Z macro-backtrace for more info)
help: consider importing this macro
   --> C:\Users\john\.cargo\registry\src\index.crates.io-1949cf8c6b5b557f\anstyle-1.0.11\src\color.rs:1:1
    |
1   + use core::concat;
    |

error: cannot find macro `write` in this scope
   --> C:\Users\john\.cargo\registry\src\index.crates.io-1949cf8c6b5b557f\toml_write-0.1.2\src\value.rs:109:21
    |
109 |                     write!(writer, "{self}")
    |                     ^^^^^
    |
help: consider importing this macro
    |
1   + use core::write;
    |

error[E0432]: unresolved imports `crate::StdError`, `crate::StdError`, `crate::backtrace::Backtrace`, `crate::StdError`, `crate::backtrace::BacktraceStatus`, `crate::StdError`, `crate::StdError`
  --> C:\Users\john\.cargo\registry\src\index.crates.io-1949cf8c6b5b557f\anyhow-1.0.99\src\chain.rs:2:5
   |
2  | use crate::StdError;
   |     ^^^^^^^^^^^^^^^
   |
  ::: C:\Users\john\.cargo\registry\src\index.crates.io-1949cf8c6b5b557f\anyhow-1.0.99\src\context.rs:2:29
   |
2  | use crate::{Context, Error, StdError};
   |                             ^^^^^^^^
   |
  ::: C:\Users\john\.cargo\registry\src\index.crates.io-1949cf8c6b5b557f\anyhow-1.0.99\src\error.rs:1:5
   |
1  | use crate::backtrace::Backtrace;
   |     ^^^^^^^^^^^^^^^^^^^^^^^^^^^
...
8  | use crate::{Error, StdError};
   |                    ^^^^^^^^
   |
  ::: C:\Users\john\.cargo\registry\src\index.crates.io-1949cf8c6b5b557f\anyhow-1.0.99\src\fmt.rs:45:17
   |
45 |             use crate::backtrace::BacktraceStatus;
   |                 ^^^^^^^^^^^^^^^^^^^^^^^^^^^^^^^^^
   |
  ::: C:\Users\john\.cargo\registry\src\index.crates.io-1949cf8c6b5b557f\anyhow-1.0.99\src\kind.rs:51:5
   |
51 | use crate::StdError;
   |     ^^^^^^^^^^^^^^^
   |
  ::: C:\Users\john\.cargo\registry\src\index.crates.io-1949cf8c6b5b557f\anyhow-1.0.99\src\wrapper.rs:1:5
   |
1  | use crate::StdError;
   |     ^^^^^^^^^^^^^^^

error: cannot find macro `concat` in this scope
   --> C:\Users\john\.cargo\registry\src\index.crates.io-1949cf8c6b5b557f\anstyle-1.0.11\src\macros.rs:3:9
    |
3   |         concat!("\x1B[", $($inner),*, "m")
    |         ^^^^^^
    |
   ::: C:\Users\john\.cargo\registry\src\index.crates.io-1949cf8c6b5b557f\anstyle-1.0.11\src\color.rs:252:28
    |
252 |             Self::White => escape!("4", "7"),
    |                            ----------------- in this macro invocation
    |
    = note: this error originates in the macro `escape` (in Nightly builds, run with -Z macro-backtrace for more info)
help: consider importing this macro
   --> C:\Users\john\.cargo\registry\src\index.crates.io-1949cf8c6b5b557f\anstyle-1.0.11\src\color.rs:1:1
    |
1   + use core::concat;
    |

error: cannot find macro `write` in this scope
   --> C:\Users\john\.cargo\registry\src\index.crates.io-1949cf8c6b5b557f\toml_write-0.1.2\src\value.rs:119:32
    |
119 |             (true, true, _) => write!(writer, "-nan"),
    |                                ^^^^^
    |
help: consider importing this macro
    |
1   + use core::write;
    |

error: cannot find macro `concat` in this scope
   --> C:\Users\john\.cargo\registry\src\index.crates.io-1949cf8c6b5b557f\anstyle-1.0.11\src\macros.rs:3:9
    |
3   |         concat!("\x1B[", $($inner),*, "m")
    |         ^^^^^^
    |
   ::: C:\Users\john\.cargo\registry\src\index.crates.io-1949cf8c6b5b557f\anstyle-1.0.11\src\color.rs:253:34
    |
253 |             Self::BrightBlack => escape!("10", "0"),
    |                                  ------------------ in this macro invocation
    |
    = note: this error originates in the macro `escape` (in Nightly builds, run with -Z macro-backtrace for more info)
help: consider importing this macro
   --> C:\Users\john\.cargo\registry\src\index.crates.io-1949cf8c6b5b557f\anstyle-1.0.11\src\color.rs:1:1
    |
1   + use core::concat;
    |

error: cannot find macro `write` in this scope
   --> C:\Users\john\.cargo\registry\src\index.crates.io-1949cf8c6b5b557f\toml_write-0.1.2\src\value.rs:120:33
    |
120 |             (false, true, _) => write!(writer, "nan"),
    |                                 ^^^^^
    |
help: consider importing this macro
    |
1   + use core::write;
    |

Some errors have detailed explanations: E0412, E0425, E0463, E0531.
error: cannot find macro `concat` in this scope
   --> C:\Users\john\.cargo\registry\src\index.crates.io-1949cf8c6b5b557f\anstyle-1.0.11\src\macros.rs:3:9
    |
3   |         concat!("\x1B[", $($inner),*, "m")
    |         ^^^^^^
    |
   ::: C:\Users\john\.cargo\registry\src\index.crates.io-1949cf8c6b5b557f\anstyle-1.0.11\src\color.rs:254:32
    |
254 |             Self::BrightRed => escape!("10", "1"),
    |                                ------------------ in this macro invocation
    |
    = note: this error originates in the macro `escape` (in Nightly builds, run with -Z macro-backtrace for more info)
help: consider importing this macro
   --> C:\Users\john\.cargo\registry\src\index.crates.io-1949cf8c6b5b557f\anstyle-1.0.11\src\color.rs:1:1
    |
1   + use core::concat;
    |

error: cannot find macro `write` in this scope
   --> C:\Users\john\.cargo\registry\src\index.crates.io-1949cf8c6b5b557f\toml_write-0.1.2\src\value.rs:121:36
    |
121 |             (true, false, true) => write!(writer, "-0.0"),
    |                                    ^^^^^
    |
help: consider importing this macro
    |
1   + use core::write;
    |

error: cannot find macro `concat` in this scope
   --> C:\Users\john\.cargo\registry\src\index.crates.io-1949cf8c6b5b557f\anstyle-1.0.11\src\macros.rs:3:9
    |
3   |         concat!("\x1B[", $($inner),*, "m")
    |         ^^^^^^
    |
   ::: C:\Users\john\.cargo\registry\src\index.crates.io-1949cf8c6b5b557f\anstyle-1.0.11\src\color.rs:255:34
    |
255 |             Self::BrightGreen => escape!("10", "2"),
    |                                  ------------------ in this macro invocation
    |
    = note: this error originates in the macro `escape` (in Nightly builds, run with -Z macro-backtrace for more info)
help: consider importing this macro
   --> C:\Users\john\.cargo\registry\src\index.crates.io-1949cf8c6b5b557f\anstyle-1.0.11\src\color.rs:1:1
    |
1   + use core::concat;
    |

error: cannot find macro `write` in this scope
   --> C:\Users\john\.cargo\registry\src\index.crates.io-1949cf8c6b5b557f\toml_write-0.1.2\src\value.rs:122:37
    |
122 |             (false, false, true) => write!(writer, "0.0"),
    |                                     ^^^^^
    |
help: consider importing this macro
    |
1   + use core::write;
    |

error[E0463]: can't find crate for `std`
  |
  = note: the `thumbv7em-none-eabihf` target may not support the standard library
  = note: `std` is required by `winnow` because it does not declare `#![no_std]`

error: cannot find macro `concat` in this scope
   --> C:\Users\john\.cargo\registry\src\index.crates.io-1949cf8c6b5b557f\anstyle-1.0.11\src\macros.rs:3:9
    |
3   |         concat!("\x1B[", $($inner),*, "m")
    |         ^^^^^^
    |
   ::: C:\Users\john\.cargo\registry\src\index.crates.io-1949cf8c6b5b557f\anstyle-1.0.11\src\color.rs:256:35
    |
256 |             Self::BrightYellow => escape!("10", "3"),
    |                                   ------------------ in this macro invocation
    |
    = note: this error originates in the macro `escape` (in Nightly builds, run with -Z macro-backtrace for more info)
help: consider importing this macro
   --> C:\Users\john\.cargo\registry\src\index.crates.io-1949cf8c6b5b557f\anstyle-1.0.11\src\color.rs:1:1
    |
1   + use core::concat;
    |

error: cannot find macro `write` in this scope
   --> C:\Users\john\.cargo\registry\src\index.crates.io-1949cf8c6b5b557f\toml_write-0.1.2\src\value.rs:125:21
    |
125 |                     write!(writer, "{self}.0")
    |                     ^^^^^
    |
help: consider importing this macro
    |
1   + use core::write;
    |

error: cannot find macro `concat` in this scope
   --> C:\Users\john\.cargo\registry\src\index.crates.io-1949cf8c6b5b557f\anstyle-1.0.11\src\macros.rs:3:9
    |
3   |         concat!("\x1B[", $($inner),*, "m")
    |         ^^^^^^
    |
   ::: C:\Users\john\.cargo\registry\src\index.crates.io-1949cf8c6b5b557f\anstyle-1.0.11\src\color.rs:257:33
    |
257 |             Self::BrightBlue => escape!("10", "4"),
    |                                 ------------------ in this macro invocation
    |
    = note: this error originates in the macro `escape` (in Nightly builds, run with -Z macro-backtrace for more info)
help: consider importing this macro
   --> C:\Users\john\.cargo\registry\src\index.crates.io-1949cf8c6b5b557f\anstyle-1.0.11\src\color.rs:1:1
    |
1   + use core::concat;
    |

error: cannot find macro `write` in this scope
   --> C:\Users\john\.cargo\registry\src\index.crates.io-1949cf8c6b5b557f\toml_write-0.1.2\src\value.rs:127:21
    |
127 |                     write!(writer, "{self}")
    |                     ^^^^^
    |
help: consider importing this macro
    |
1   + use core::write;
    |

error: cannot find macro `concat` in this scope
   --> C:\Users\john\.cargo\registry\src\index.crates.io-1949cf8c6b5b557f\anstyle-1.0.11\src\macros.rs:3:9
    |
3   |         concat!("\x1B[", $($inner),*, "m")
    |         ^^^^^^
    |
   ::: C:\Users\john\.cargo\registry\src\index.crates.io-1949cf8c6b5b557f\anstyle-1.0.11\src\color.rs:258:36
    |
258 |             Self::BrightMagenta => escape!("10", "5"),
    |                                    ------------------ in this macro invocation
    |
    = note: this error originates in the macro `escape` (in Nightly builds, run with -Z macro-backtrace for more info)
help: consider importing this macro
   --> C:\Users\john\.cargo\registry\src\index.crates.io-1949cf8c6b5b557f\anstyle-1.0.11\src\color.rs:1:1
    |
1   + use core::concat;
    |

error: cannot find macro `write` in this scope
 --> C:\Users\john\.cargo\registry\src\index.crates.io-1949cf8c6b5b557f\toml_write-0.1.2\src\write.rs:3:9
  |
3 |         write!(self, "[")
  |         ^^^^^
  |
help: consider importing this macro
  |
1 + use core::write;
  |

error: cannot find macro `concat` in this scope
   --> C:\Users\john\.cargo\registry\src\index.crates.io-1949cf8c6b5b557f\anstyle-1.0.11\src\macros.rs:3:9
    |
3   |         concat!("\x1B[", $($inner),*, "m")
    |         ^^^^^^
    |
   ::: C:\Users\john\.cargo\registry\src\index.crates.io-1949cf8c6b5b557f\anstyle-1.0.11\src\color.rs:259:33
    |
259 |             Self::BrightCyan => escape!("10", "6"),
    |                                 ------------------ in this macro invocation
    |
    = note: this error originates in the macro `escape` (in Nightly builds, run with -Z macro-backtrace for more info)
help: consider importing this macro
   --> C:\Users\john\.cargo\registry\src\index.crates.io-1949cf8c6b5b557f\anstyle-1.0.11\src\color.rs:1:1
    |
1   + use core::concat;
    |

error: could not compile `anstyle-query` (lib) due to 15 previous errors
error[E0463]: can't find crate for `std`
  |
  = note: the `thumbv7em-none-eabihf` target may not support the standard library
  = note: `std` is required by `serde` because it does not declare `#![no_std]`

error: cannot find macro `write` in this scope
 --> C:\Users\john\.cargo\registry\src\index.crates.io-1949cf8c6b5b557f\toml_write-0.1.2\src\write.rs:6:9
  |
6 |         write!(self, "]")
  |         ^^^^^
  |
help: consider importing this macro
  |
1 + use core::write;
  |

error: cannot find macro `concat` in this scope
   --> C:\Users\john\.cargo\registry\src\index.crates.io-1949cf8c6b5b557f\anstyle-1.0.11\src\macros.rs:3:9
    |
3   |         concat!("\x1B[", $($inner),*, "m")
    |         ^^^^^^
    |
   ::: C:\Users\john\.cargo\registry\src\index.crates.io-1949cf8c6b5b557f\anstyle-1.0.11\src\color.rs:260:34
    |
260 |             Self::BrightWhite => escape!("10", "7"),
    |                                  ------------------ in this macro invocation
    |
    = note: this error originates in the macro `escape` (in Nightly builds, run with -Z macro-backtrace for more info)
help: consider importing this macro
   --> C:\Users\john\.cargo\registry\src\index.crates.io-1949cf8c6b5b557f\anstyle-1.0.11\src\color.rs:1:1
    |
1   + use core::concat;
    |

error: cannot find macro `write` in this scope
  --> C:\Users\john\.cargo\registry\src\index.crates.io-1949cf8c6b5b557f\toml_write-0.1.2\src\write.rs:10:9
   |
10 |         write!(self, "[[")
   |         ^^^^^
   |
help: consider importing this macro
   |
1  + use core::write;
   |

error: cannot find attribute `derive` in this scope
   --> C:\Users\john\.cargo\registry\src\index.crates.io-1949cf8c6b5b557f\anstyle-1.0.11\src\color.rs:350:3
    |
350 | #[derive(Copy, Clone, Debug, PartialEq, Eq, PartialOrd, Ord, Hash)]
    |   ^^^^^^
    |
help: consider importing this attribute macro
    |
1   + use core::prelude::rust_2024::derive;
    |

error: cannot find macro `write` in this scope
  --> C:\Users\john\.cargo\registry\src\index.crates.io-1949cf8c6b5b557f\toml_write-0.1.2\src\write.rs:13:9
   |
13 |         write!(self, "]]")
   |         ^^^^^
   |
help: consider importing this macro
   |
1  + use core::write;
   |

error: cannot find attribute `derive` in this scope
   --> C:\Users\john\.cargo\registry\src\index.crates.io-1949cf8c6b5b557f\anstyle-1.0.11\src\color.rs:475:3
    |
475 | #[derive(Copy, Clone, Debug, PartialEq, Eq, PartialOrd, Ord, Hash)]
    |   ^^^^^^
    |
help: consider importing this attribute macro
    |
1   + use core::prelude::rust_2024::derive;
    |

error: cannot find attribute `derive` in this scope
   --> C:\Users\john\.cargo\registry\src\index.crates.io-1949cf8c6b5b557f\anstyle-1.0.11\src\color.rs:570:3
    |
570 | #[derive(Copy, Clone, Default, Debug)]
    |   ^^^^^^
    |
help: consider importing this attribute macro
    |
1   + use core::prelude::rust_2024::derive;
    |

error: cannot find macro `write` in this scope
  --> C:\Users\john\.cargo\registry\src\index.crates.io-1949cf8c6b5b557f\toml_write-0.1.2\src\write.rs:17:9
   |
17 |         write!(self, ")
   |         ^^^^^
   |
help: consider importing this macro
   |
1  + use core::write;
   |

error: cannot find attribute `derive` in this scope
   --> C:\Users\john\.cargo\registry\src\index.crates.io-1949cf8c6b5b557f\anstyle-1.0.11\src\color.rs:634:3
    |
634 | #[derive(Copy, Clone, Default, Debug)]
    |   ^^^^^^
    |
help: consider importing this attribute macro
    |
1   + use core::prelude::rust_2024::derive;
    |

error: cannot find macro `write` in this scope
  --> C:\Users\john\.cargo\registry\src\index.crates.io-1949cf8c6b5b557f\toml_write-0.1.2\src\write.rs:20:9
   |
20 |         write!(self, ")
   |         ^^^^^
   |
help: consider importing this macro
   |
1  + use core::write;
   |

error: cannot find attribute `derive` in this scope
 --> C:\Users\john\.cargo\registry\src\index.crates.io-1949cf8c6b5b557f\anstyle-1.0.11\src\effect.rs:8:3
  |
8 | #[derive(Copy, Clone, Default, PartialEq, Eq, PartialOrd, Ord, Hash)]
  |   ^^^^^^
  |
help: consider importing this attribute macro
  |
1 + use core::prelude::rust_2024::derive;
  |

error: cannot find macro `write` in this scope
  --> C:\Users\john\.cargo\registry\src\index.crates.io-1949cf8c6b5b557f\toml_write-0.1.2\src\write.rs:24:9
   |
24 |         write!(self, "[")
   |         ^^^^^
   |
help: consider importing this macro
   |
1  + use core::write;
   |

error: cannot find macro `write` in this scope
   --> C:\Users\john\.cargo\registry\src\index.crates.io-1949cf8c6b5b557f\anstyle-1.0.11\src\effect.rs:193:9
    |
193 |         write!(f, "Effects(")?;
    |         ^^^^^
    |
help: consider importing this macro
    |
1   + use core::write;
    |

error: cannot find macro `write` in this scope
  --> C:\Users\john\.cargo\registry\src\index.crates.io-1949cf8c6b5b557f\toml_write-0.1.2\src\write.rs:27:9
   |
27 |         write!(self, "]")
   |         ^^^^^
   |
help: consider importing this macro
   |
1  + use core::write;
   |

error[E0463]: can't find crate for `std`
   --> C:\Users\john\.cargo\registry\src\index.crates.io-1949cf8c6b5b557f\clap_lex-0.7.5\src\ext.rs:186:39
    |
186 |     fn try_str(&self) -> Result<&str, std::str::Utf8Error> {
    |                                       ^^^ can't find crate
    |
    = note: the `thumbv7em-none-eabihf` target may not support the standard library

error[E0463]: can't find crate for `std`
   --> C:\Users\john\.cargo\registry\src\index.crates.io-1949cf8c6b5b557f\clap_lex-0.7.5\src\ext.rs:188:9
    |
188 |         std::str::from_utf8(bytes)
    |         ^^^ can't find crate
    |
    = note: the `thumbv7em-none-eabihf` target may not support the standard library

error: cannot find macro `write` in this scope
   --> C:\Users\john\.cargo\registry\src\index.crates.io-1949cf8c6b5b557f\anstyle-1.0.11\src\effect.rs:196:17
    |
196 |                 write!(f, " | ")?;
    |                 ^^^^^
    |
help: consider importing this macro
    |
1   + use core::write;
    |

error: cannot find macro `write` in this scope
  --> C:\Users\john\.cargo\registry\src\index.crates.io-1949cf8c6b5b557f\toml_write-0.1.2\src\write.rs:31:9
   |
31 |         write!(self, ".")
   |         ^^^^^
   |
help: consider importing this macro
   |
1  + use core::write;
   |

error: cannot find macro `write` in this scope
   --> C:\Users\john\.cargo\registry\src\index.crates.io-1949cf8c6b5b557f\anstyle-1.0.11\src\effect.rs:198:13
    |
198 |             write!(f, "{}", METADATA[index].name)?;
    |             ^^^^^
    |
help: consider importing this macro
    |
1   + use core::write;
    |

error: cannot find macro `write` in this scope
  --> C:\Users\john\.cargo\registry\src\index.crates.io-1949cf8c6b5b557f\toml_write-0.1.2\src\write.rs:35:9
   |
35 |         write!(self, "=")
   |         ^^^^^
   |
help: consider importing this macro
   |
1  + use core::write;
   |

error: cannot find macro `write` in this scope
   --> C:\Users\john\.cargo\registry\src\index.crates.io-1949cf8c6b5b557f\anstyle-1.0.11\src\effect.rs:200:9
    |
200 |         write!(f, ")")?;
    |         ^^^^^
    |
help: consider importing this macro
    |
1   + use core::write;
    |

error: cannot find macro `write` in this scope
  --> C:\Users\john\.cargo\registry\src\index.crates.io-1949cf8c6b5b557f\toml_write-0.1.2\src\write.rs:63:9
   |
63 |         write!(self, ",")
   |         ^^^^^
   |
help: consider importing this macro
   |
1  + use core::write;
   |

error: cannot find macro `write` in this scope
  --> C:\Users\john\.cargo\registry\src\index.crates.io-1949cf8c6b5b557f\toml_write-0.1.2\src\write.rs:67:9
   |
67 |         write!(self, " ")
   |         ^^^^^
   |
help: consider importing this macro
   |
1  + use core::write;
   |

error: cannot find macro `concat` in this scope
   --> C:\Users\john\.cargo\registry\src\index.crates.io-1949cf8c6b5b557f\anstyle-1.0.11\src\macros.rs:3:9
    |
3   |         concat!("\x1B[", $($inner),*, "m")
    |         ^^^^^^
    |
   ::: C:\Users\john\.cargo\registry\src\index.crates.io-1949cf8c6b5b557f\anstyle-1.0.11\src\effect.rs:271:17
    |
271 |         escape: escape!("1"),
    |                 ------------ in this macro invocation
    |
    = note: this error originates in the macro `escape` (in Nightly builds, run with -Z macro-backtrace for more info)
help: consider importing this macro
   --> C:\Users\john\.cargo\registry\src\index.crates.io-1949cf8c6b5b557f\anstyle-1.0.11\src\effect.rs:1:1
    |
1   + use core::concat;
    |

error: cannot find macro `write` in this scope
  --> C:\Users\john\.cargo\registry\src\index.crates.io-1949cf8c6b5b557f\toml_write-0.1.2\src\write.rs:71:9
   |
71 |         write!(self, "#")
   |         ^^^^^
   |
help: consider importing this macro
   |
1  + use core::write;
   |

error: cannot find macro `concat` in this scope
   --> C:\Users\john\.cargo\registry\src\index.crates.io-1949cf8c6b5b557f\anstyle-1.0.11\src\macros.rs:3:9
    |
3   |         concat!("\x1B[", $($inner),*, "m")
    |         ^^^^^^
    |
   ::: C:\Users\john\.cargo\registry\src\index.crates.io-1949cf8c6b5b557f\anstyle-1.0.11\src\effect.rs:275:17
    |
275 |         escape: escape!("2"),
    |                 ------------ in this macro invocation
    |
    = note: this error originates in the macro `escape` (in Nightly builds, run with -Z macro-backtrace for more info)
help: consider importing this macro
   --> C:\Users\john\.cargo\registry\src\index.crates.io-1949cf8c6b5b557f\anstyle-1.0.11\src\effect.rs:1:1
    |
1   + use core::concat;
    |

Some errors have detailed explanations: E0432, E0463.
For more information about an error, try `rustc --explain E0432`.
error: cannot find macro `writeln` in this scope
  --> C:\Users\john\.cargo\registry\src\index.crates.io-1949cf8c6b5b557f\toml_write-0.1.2\src\write.rs:75:9
   |
75 |         writeln!(self)
   |         ^^^^^^^
   |
help: consider importing this macro
   |
1  + use core::writeln;
   |

error: cannot find macro `concat` in this scope
   --> C:\Users\john\.cargo\registry\src\index.crates.io-1949cf8c6b5b557f\anstyle-1.0.11\src\macros.rs:3:9
    |
3   |         concat!("\x1B[", $($inner),*, "m")
    |         ^^^^^^
    |
   ::: C:\Users\john\.cargo\registry\src\index.crates.io-1949cf8c6b5b557f\anstyle-1.0.11\src\effect.rs:279:17
    |
279 |         escape: escape!("3"),
    |                 ------------ in this macro invocation
    |
    = note: this error originates in the macro `escape` (in Nightly builds, run with -Z macro-backtrace for more info)
help: consider importing this macro
   --> C:\Users\john\.cargo\registry\src\index.crates.io-1949cf8c6b5b557f\anstyle-1.0.11\src\effect.rs:1:1
    |
1   + use core::concat;
    |

error: cannot find attribute `derive` in this scope
 --> C:\Users\john\.cargo\registry\src\index.crates.io-1949cf8c6b5b557f\toml_write-0.1.2\src\string.rs:1:3
  |
1 | #[derive(Copy, Clone, Debug)]
  |   ^^^^^^
  |
help: consider importing this attribute macro
  |
1 + use core::prelude::rust_2024::derive;
  |

error: cannot find macro `concat` in this scope
   --> C:\Users\john\.cargo\registry\src\index.crates.io-1949cf8c6b5b557f\anstyle-1.0.11\src\macros.rs:3:9
    |
3   |         concat!("\x1B[", $($inner),*, "m")
    |         ^^^^^^
    |
   ::: C:\Users\john\.cargo\registry\src\index.crates.io-1949cf8c6b5b557f\anstyle-1.0.11\src\effect.rs:283:17
    |
283 |         escape: escape!("4"),
    |                 ------------ in this macro invocation
    |
    = note: this error originates in the macro `escape` (in Nightly builds, run with -Z macro-backtrace for more info)
help: consider importing this macro
   --> C:\Users\john\.cargo\registry\src\index.crates.io-1949cf8c6b5b557f\anstyle-1.0.11\src\effect.rs:1:1
    |
1   + use core::concat;
    |

error: cannot find attribute `derive` in this scope
  --> C:\Users\john\.cargo\registry\src\index.crates.io-1949cf8c6b5b557f\toml_write-0.1.2\src\string.rs:96:3
   |
96 | #[derive(Copy, Clone, PartialEq, Eq, PartialOrd, Ord, Hash, Debug)]
   |   ^^^^^^
   |
help: consider importing this attribute macro
   |
1  + use core::prelude::rust_2024::derive;
   |

error: cannot find macro `concat` in this scope
   --> C:\Users\john\.cargo\registry\src\index.crates.io-1949cf8c6b5b557f\anstyle-1.0.11\src\macros.rs:3:9
    |
3   |         concat!("\x1B[", $($inner),*, "m")
    |         ^^^^^^
    |
   ::: C:\Users\john\.cargo\registry\src\index.crates.io-1949cf8c6b5b557f\anstyle-1.0.11\src\effect.rs:287:17
    |
287 |         escape: escape!("21"),
    |                 ------------- in this macro invocation
    |
    = note: this error originates in the macro `escape` (in Nightly builds, run with -Z macro-backtrace for more info)
help: consider importing this macro
   --> C:\Users\john\.cargo\registry\src\index.crates.io-1949cf8c6b5b557f\anstyle-1.0.11\src\effect.rs:1:1
    |
1   + use core::concat;
    |

error: cannot find attribute `derive` in this scope
   --> C:\Users\john\.cargo\registry\src\index.crates.io-1949cf8c6b5b557f\toml_write-0.1.2\src\string.rs:109:3
    |
109 | #[derive(Copy, Clone, Debug)]
    |   ^^^^^^
    |
help: consider importing this attribute macro
    |
1   + use core::prelude::rust_2024::derive;
    |

error: cannot find macro `concat` in this scope
   --> C:\Users\john\.cargo\registry\src\index.crates.io-1949cf8c6b5b557f\anstyle-1.0.11\src\macros.rs:3:9
    |
3   |         concat!("\x1B[", $($inner),*, "m")
    |         ^^^^^^
    |
   ::: C:\Users\john\.cargo\registry\src\index.crates.io-1949cf8c6b5b557f\anstyle-1.0.11\src\effect.rs:291:17
    |
291 |         escape: escape!("4:3"),
    |                 -------------- in this macro invocation
    |
    = note: this error originates in the macro `escape` (in Nightly builds, run with -Z macro-backtrace for more info)
help: consider importing this macro
   --> C:\Users\john\.cargo\registry\src\index.crates.io-1949cf8c6b5b557f\anstyle-1.0.11\src\effect.rs:1:1
    |
1   + use core::concat;
    |

error: cannot find macro `concat` in this scope
   --> C:\Users\john\.cargo\registry\src\index.crates.io-1949cf8c6b5b557f\anstyle-1.0.11\src\macros.rs:3:9
    |
3   |         concat!("\x1B[", $($inner),*, "m")
    |         ^^^^^^
    |
   ::: C:\Users\john\.cargo\registry\src\index.crates.io-1949cf8c6b5b557f\anstyle-1.0.11\src\effect.rs:295:17
    |
295 |         escape: escape!("4:4"),
    |                 -------------- in this macro invocation
    |
    = note: this error originates in the macro `escape` (in Nightly builds, run with -Z macro-backtrace for more info)
help: consider importing this macro
   --> C:\Users\john\.cargo\registry\src\index.crates.io-1949cf8c6b5b557f\anstyle-1.0.11\src\effect.rs:1:1
    |
1   + use core::concat;
    |

error: cannot find attribute `derive` in this scope
   --> C:\Users\john\.cargo\registry\src\index.crates.io-1949cf8c6b5b557f\toml_write-0.1.2\src\string.rs:168:3
    |
168 | #[derive(Copy, Clone, PartialEq, Eq, PartialOrd, Ord, Hash, Debug)]
    |   ^^^^^^
    |
help: consider importing this attribute macro
    |
1   + use core::prelude::rust_2024::derive;
    |

error: could not compile `anyhow` (lib) due to 2 previous errors
error: cannot find macro `concat` in this scope
   --> C:\Users\john\.cargo\registry\src\index.crates.io-1949cf8c6b5b557f\anstyle-1.0.11\src\macros.rs:3:9
    |
3   |         concat!("\x1B[", $($inner),*, "m")
    |         ^^^^^^
    |
   ::: C:\Users\john\.cargo\registry\src\index.crates.io-1949cf8c6b5b557f\anstyle-1.0.11\src\effect.rs:299:17
    |
299 |         escape: escape!("4:5"),
    |                 -------------- in this macro invocation
    |
    = note: this error originates in the macro `escape` (in Nightly builds, run with -Z macro-backtrace for more info)
help: consider importing this macro
   --> C:\Users\john\.cargo\registry\src\index.crates.io-1949cf8c6b5b557f\anstyle-1.0.11\src\effect.rs:1:1
    |
1   + use core::concat;
    |

error: cannot find attribute `derive` in this scope
   --> C:\Users\john\.cargo\registry\src\index.crates.io-1949cf8c6b5b557f\toml_write-0.1.2\src\string.rs:181:3
    |
181 | #[derive(Copy, Clone, PartialEq, Eq, PartialOrd, Ord, Hash, Debug)]
    |   ^^^^^^
    |
help: consider importing this attribute macro
    |
1   + use core::prelude::rust_2024::derive;
    |

error: cannot find macro `concat` in this scope
   --> C:\Users\john\.cargo\registry\src\index.crates.io-1949cf8c6b5b557f\anstyle-1.0.11\src\macros.rs:3:9
    |
3   |         concat!("\x1B[", $($inner),*, "m")
    |         ^^^^^^
    |
   ::: C:\Users\john\.cargo\registry\src\index.crates.io-1949cf8c6b5b557f\anstyle-1.0.11\src\effect.rs:303:17
    |
303 |         escape: escape!("5"),
    |                 ------------ in this macro invocation
    |
    = note: this error originates in the macro `escape` (in Nightly builds, run with -Z macro-backtrace for more info)
help: consider importing this macro
   --> C:\Users\john\.cargo\registry\src\index.crates.io-1949cf8c6b5b557f\anstyle-1.0.11\src\effect.rs:1:1
    |
1   + use core::concat;
    |

error: cannot find macro `write` in this scope
   --> C:\Users\john\.cargo\registry\src\index.crates.io-1949cf8c6b5b557f\toml_write-0.1.2\src\string.rs:218:5
    |
218 |     write!(writer, "{delimiter}")?;
    |     ^^^^^
    |
help: consider importing this macro
    |
1   + use core::write;
    |

error: cannot find macro `concat` in this scope
   --> C:\Users\john\.cargo\registry\src\index.crates.io-1949cf8c6b5b557f\anstyle-1.0.11\src\macros.rs:3:9
    |
3   |         concat!("\x1B[", $($inner),*, "m")
    |         ^^^^^^
    |
   ::: C:\Users\john\.cargo\registry\src\index.crates.io-1949cf8c6b5b557f\anstyle-1.0.11\src\effect.rs:307:17
    |
307 |         escape: escape!("7"),
    |                 ------------ in this macro invocation
    |
    = note: this error originates in the macro `escape` (in Nightly builds, run with -Z macro-backtrace for more info)
help: consider importing this macro
   --> C:\Users\john\.cargo\registry\src\index.crates.io-1949cf8c6b5b557f\anstyle-1.0.11\src\effect.rs:1:1
    |
1   + use core::concat;
    |

error: cannot find macro `write` in this scope
   --> C:\Users\john\.cargo\registry\src\index.crates.io-1949cf8c6b5b557f\toml_write-0.1.2\src\string.rs:286:13
    |
286 |             write!(writer, "{unescaped}{escaped_str}")?;
    |             ^^^^^
    |
help: consider importing this macro
    |
1   + use core::write;
    |

error: cannot find macro `concat` in this scope
   --> C:\Users\john\.cargo\registry\src\index.crates.io-1949cf8c6b5b557f\anstyle-1.0.11\src\macros.rs:3:9
    |
3   |         concat!("\x1B[", $($inner),*, "m")
    |         ^^^^^^
    |
   ::: C:\Users\john\.cargo\registry\src\index.crates.io-1949cf8c6b5b557f\anstyle-1.0.11\src\effect.rs:311:17
    |
311 |         escape: escape!("8"),
    |                 ------------ in this macro invocation
    |
    = note: this error originates in the macro `escape` (in Nightly builds, run with -Z macro-backtrace for more info)
help: consider importing this macro
   --> C:\Users\john\.cargo\registry\src\index.crates.io-1949cf8c6b5b557f\anstyle-1.0.11\src\effect.rs:1:1
    |
1   + use core::concat;
    |

error: cannot find macro `write` in this scope
   --> C:\Users\john\.cargo\registry\src\index.crates.io-1949cf8c6b5b557f\toml_write-0.1.2\src\string.rs:289:17
    |
289 |                 write!(writer, "\\u{:04X}", *b as u32)?;
    |                 ^^^^^
    |
help: consider importing this macro
    |
1   + use core::write;
    |

error: cannot find macro `write` in this scope
   --> C:\Users\john\.cargo\registry\src\index.crates.io-1949cf8c6b5b557f\toml_write-0.1.2\src\string.rs:294:9
    |
294 |         write!(writer, "{decoded}")?;
    |         ^^^^^
    |
help: consider importing this macro
    |
1   + use core::write;
    |

error: cannot find macro `concat` in this scope
   --> C:\Users\john\.cargo\registry\src\index.crates.io-1949cf8c6b5b557f\anstyle-1.0.11\src\macros.rs:3:9
    |
3   |         concat!("\x1B[", $($inner),*, "m")
    |         ^^^^^^
    |
   ::: C:\Users\john\.cargo\registry\src\index.crates.io-1949cf8c6b5b557f\anstyle-1.0.11\src\effect.rs:315:17
    |
315 |         escape: escape!("9"),
    |                 ------------ in this macro invocation
    |
    = note: this error originates in the macro `escape` (in Nightly builds, run with -Z macro-backtrace for more info)
help: consider importing this macro
   --> C:\Users\john\.cargo\registry\src\index.crates.io-1949cf8c6b5b557f\anstyle-1.0.11\src\effect.rs:1:1
    |
1   + use core::concat;
    |

error: cannot find attribute `derive` in this scope
   --> C:\Users\john\.cargo\registry\src\index.crates.io-1949cf8c6b5b557f\anstyle-1.0.11\src\effect.rs:319:3
    |
319 | #[derive(Copy, Clone, Default, Debug)]
    |   ^^^^^^
    |
help: consider importing this attribute macro
    |
1   + use core::prelude::rust_2024::derive;
    |

error: cannot find macro `write` in this scope
   --> C:\Users\john\.cargo\registry\src\index.crates.io-1949cf8c6b5b557f\toml_write-0.1.2\src\string.rs:296:5
    |
296 |     write!(writer, "{delimiter}")?;
    |     ^^^^^
    |
help: consider importing this macro
    |
1   + use core::write;
    |

error: cannot find attribute `derive` in this scope
   --> C:\Users\john\.cargo\registry\src\index.crates.io-1949cf8c6b5b557f\anstyle-1.0.11\src\effect.rs:333:3
    |
333 | #[derive(Clone, Debug, PartialEq, Eq)]
    |   ^^^^^^
    |
help: consider importing this attribute macro
    |
1   + use core::prelude::rust_2024::derive;
    |

error: cannot find attribute `derive` in this scope
   --> C:\Users\john\.cargo\registry\src\index.crates.io-1949cf8c6b5b557f\toml_write-0.1.2\src\string.rs:300:3
    |
300 | #[derive(Copy, Clone, Debug)]
    |   ^^^^^^
    |
help: consider importing this attribute macro
    |
1   + use core::prelude::rust_2024::derive;
    |

error[E0405]: cannot find trait `Send` in this scope
  --> C:\Users\john\.cargo\registry\src\index.crates.io-1949cf8c6b5b557f\thiserror-1.0.69\src\aserror.rs:23:41
   |
23 | impl<'a> AsDynError<'a> for dyn Error + Send + 'a {
   |                                         ^^^^ not found in this scope
   |
help: consider importing this trait
   |
1  + use core::marker::Send;
   |

error[E0405]: cannot find trait `Send` in this scope
  --> C:\Users\john\.cargo\registry\src\index.crates.io-1949cf8c6b5b557f\thiserror-1.0.69\src\aserror.rs:30:41
   |
30 | impl<'a> AsDynError<'a> for dyn Error + Send + Sync + 'a {
   |                                         ^^^^ not found in this scope
   |
help: consider importing this trait
   |
1  + use core::marker::Send;
   |

error[E0405]: cannot find trait `Sync` in this scope
  --> C:\Users\john\.cargo\registry\src\index.crates.io-1949cf8c6b5b557f\thiserror-1.0.69\src\aserror.rs:30:48
   |
30 | impl<'a> AsDynError<'a> for dyn Error + Send + Sync + 'a {
   |                                                ^^^^ not found in this scope
   |
help: consider importing this trait
   |
1  + use core::marker::Sync;
   |

error[E0405]: cannot find trait `Send` in this scope
  --> C:\Users\john\.cargo\registry\src\index.crates.io-1949cf8c6b5b557f\thiserror-1.0.69\src\aserror.rs:37:41
   |
37 | impl<'a> AsDynError<'a> for dyn Error + Send + Sync + UnwindSafe + 'a {
   |                                         ^^^^ not found in this scope
   |
help: consider importing this trait
   |
1  + use core::marker::Send;
   |

error[E0405]: cannot find trait `Sync` in this scope
  --> C:\Users\john\.cargo\registry\src\index.crates.io-1949cf8c6b5b557f\thiserror-1.0.69\src\aserror.rs:37:48
   |
37 | impl<'a> AsDynError<'a> for dyn Error + Send + Sync + UnwindSafe + 'a {
   |                                                ^^^^ not found in this scope
   |
help: consider importing this trait
   |
1  + use core::marker::Sync;
   |

error[E0405]: cannot find trait `Send` in this scope
  --> C:\Users\john\.cargo\registry\src\index.crates.io-1949cf8c6b5b557f\thiserror-1.0.69\src\aserror.rs:48:33
   |
48 | impl<'a> Sealed for dyn Error + Send + 'a {}
   |                                 ^^^^ not found in this scope
   |
help: consider importing this trait
   |
1  + use core::marker::Send;
   |

error[E0405]: cannot find trait `Send` in this scope
  --> C:\Users\john\.cargo\registry\src\index.crates.io-1949cf8c6b5b557f\thiserror-1.0.69\src\aserror.rs:49:33
   |
49 | impl<'a> Sealed for dyn Error + Send + Sync + 'a {}
   |                                 ^^^^ not found in this scope
   |
help: consider importing this trait
   |
1  + use core::marker::Send;
   |

error[E0405]: cannot find trait `Sync` in this scope
  --> C:\Users\john\.cargo\registry\src\index.crates.io-1949cf8c6b5b557f\thiserror-1.0.69\src\aserror.rs:49:40
   |
49 | impl<'a> Sealed for dyn Error + Send + Sync + 'a {}
   |                                        ^^^^ not found in this scope
   |
help: consider importing this trait
   |
1  + use core::marker::Sync;
   |

error[E0405]: cannot find trait `Send` in this scope
  --> C:\Users\john\.cargo\registry\src\index.crates.io-1949cf8c6b5b557f\thiserror-1.0.69\src\aserror.rs:50:33
   |
50 | impl<'a> Sealed for dyn Error + Send + Sync + UnwindSafe + 'a {}
   |                                 ^^^^ not found in this scope
   |
help: consider importing this trait
   |
1  + use core::marker::Send;
   |

error[E0405]: cannot find trait `Sync` in this scope
  --> C:\Users\john\.cargo\registry\src\index.crates.io-1949cf8c6b5b557f\thiserror-1.0.69\src\aserror.rs:50:40
   |
50 | impl<'a> Sealed for dyn Error + Send + Sync + UnwindSafe + 'a {}
   |                                        ^^^^ not found in this scope
   |
help: consider importing this trait
   |
1  + use core::marker::Sync;
   |

error[E0463]: can't find crate for `std`
   --> C:\Users\john\.cargo\registry\src\index.crates.io-1949cf8c6b5b557f\clap_lex-0.7.5\src\ext.rs:244:21
    |
244 |     impl Sealed for std::ffi::OsStr {}
    |                     ^^^ can't find crate
    |
    = note: the `thumbv7em-none-eabihf` target may not support the standard library

error: cannot find attribute `derive` in this scope
   --> C:\Users\john\.cargo\registry\src\index.crates.io-1949cf8c6b5b557f\anstyle-1.0.11\src\effect.rs:357:3
    |
357 | #[derive(Clone, Debug, PartialEq, Eq)]
    |   ^^^^^^
    |
help: consider importing this attribute macro
    |
1   + use core::prelude::rust_2024::derive;
    |

error: cannot find attribute `derive` in this scope
   --> C:\Users\john\.cargo\registry\src\index.crates.io-1949cf8c6b5b557f\toml_write-0.1.2\src\string.rs:364:3
    |
364 | #[derive(Copy, Clone, Debug)]
    |   ^^^^^^
    |
help: consider importing this attribute macro
    |
1   + use core::prelude::rust_2024::derive;
    |

error: cannot find macro `matches` in this scope
   --> C:\Users\john\.cargo\registry\src\index.crates.io-1949cf8c6b5b557f\toml_write-0.1.2\src\string.rs:390:17
    |
390 |             if !matches!(*byte, b'a'..=b'z' | b'A'..=b'Z' | b'0'..=b'9' | b'-' | b'_') {
    |                 ^^^^^^^
    |
help: consider importing this macro
    |
1   + use core::matches;
    |

error: cannot find attribute `derive` in this scope
 --> C:\Users\john\.cargo\registry\src\index.crates.io-1949cf8c6b5b557f\anstyle-1.0.11\src\reset.rs:3:3
  |
3 | #[derive(Copy, Clone, Default, Debug, PartialEq, Eq, PartialOrd, Ord, Hash)]
  |   ^^^^^^
  |
help: consider importing this attribute macro
  |
1 + use core::prelude::rust_2024::derive;
  |

error: cannot find attribute `derive` in this scope
  --> C:\Users\john\.cargo\registry\src\index.crates.io-1949cf8c6b5b557f\anstyle-1.0.11\src\style.rs:17:3
   |
17 | #[derive(Copy, Clone, Default, Debug, PartialEq, Eq, PartialOrd, Ord, Hash)]
   |   ^^^^^^
   |
help: consider importing this attribute macro
   |
1  + use core::prelude::rust_2024::derive;
   |

error: cannot find attribute `derive` in this scope
   --> C:\Users\john\.cargo\registry\src\index.crates.io-1949cf8c6b5b557f\anstyle-1.0.11\src\style.rs:422:3
    |
422 | #[derive(Copy, Clone, Default, Debug)]
    |   ^^^^^^
    |
help: consider importing this attribute macro
    |
1   + use core::prelude::rust_2024::derive;
    |

Some errors have detailed explanations: E0405, E0463.
For more information about an error, try `rustc --explain E0405`.
error: cannot find attribute `test` in this scope
   --> C:\Users\john\.cargo\registry\src\index.crates.io-1949cf8c6b5b557f\anstyle-1.0.11\src\style.rs:431:3
    |
431 | #[test]
    |   ^^^^
    |
help: consider importing this attribute macro
    |
1   + use core::prelude::rust_2024::test;
    |

error: cannot find macro `dbg` in this scope
   --> C:\Users\john\.cargo\registry\src\index.crates.io-1949cf8c6b5b557f\anstyle-1.0.11\src\style.rs:435:5
    |
435 |     dbg!(size_of::<Style>());
    |     ^^^

error: cannot find macro `dbg` in this scope
   --> C:\Users\john\.cargo\registry\src\index.crates.io-1949cf8c6b5b557f\anstyle-1.0.11\src\style.rs:436:5
    |
436 |     dbg!(size_of::<StyleDisplay>());
    |     ^^^

error: could not compile `thiserror` (lib) due to 13 previous errors
error[E0463]: can't find crate for `std`
  --> C:\Users\john\.cargo\registry\src\index.crates.io-1949cf8c6b5b557f\winnow-0.7.13\src\lib.rs:99:24
   |
99 |         pub(crate) use std::{
   |                        ^^^ can't find crate
   |
   = note: the `thumbv7em-none-eabihf` target may not support the standard library

error[E0463]: can't find crate for `std`
   --> C:\Users\john\.cargo\registry\src\index.crates.io-1949cf8c6b5b557f\regex-syntax-0.8.6\src\lib.rs:174:1
    |
174 | extern crate std;
    | ^^^^^^^^^^^^^^^^^ can't find crate
    |
    = note: the `thumbv7em-none-eabihf` target may not support the standard library

error[E0432]: unresolved imports `crate::lib::std::borrow::ToOwned`, `crate::lib::std::fmt`, `crate::lib::std::boxed::Box`, `crate::lib::std::iter::Cloned`, `crate::lib::std::iter::Enumerate`, `crate::lib::std::slice::Iter`, `crate::lib::std::str::from_utf8`, `crate::lib::std::str::CharIndices`, `crate::lib::std::str::FromStr`, `crate::lib::std::borrow::Cow`, `crate::lib::std::collections::BTreeMap`, `crate::lib::std::collections::BTreeSet`, `crate::lib::std::collections::HashMap`, `crate::lib::std::collections::HashSet`, `crate::lib::std::collections::VecDeque`, `crate::lib::std::string::String`, `crate::lib::std::vec::Vec`, `crate::lib::std::iter::Cloned`, `crate::lib::std::iter::Enumerate`, `crate::lib::std::slice::Iter`, `crate::lib::std::cmp::Ordering`, `crate::lib::std::fmt`, `crate::lib::std::ops`, `crate::lib::std::iter::Cloned`, `crate::lib::std::iter::Enumerate`, `crate::lib::std::slice::Iter`, `crate::lib::std::cmp::Ordering`, `crate::lib::std::fmt`, `crate::lib::std::ops`, `crate::lib::std::iter::Enumerate`, `crate::lib::std::slice::Iter`, `crate::lib::std::ops::Add`, `crate::lib::std::ops::Shl`, `crate::lib::std::ops::AddAssign`, `crate::lib::std::ops::Div`, `crate::lib::std::ops::Shl`, `crate::lib::std::ops::Shr`, `crate::lib::std::ops::Add`, `crate::lib::std::ops::Shl`, `crate::lib::std::borrow::Borrow`, `crate::lib::std::ops::Range`, `crate::lib::std::result::Result::Ok`
    --> C:\Users\john\.cargo\registry\src\index.crates.io-1949cf8c6b5b557f\winnow-0.7.13\src\error.rs:23:5
     |
23   | use crate::lib::std::borrow::ToOwned;
     |     ^^^^^^^^^^^^^^^^^^^^^^^^^^^^^^^^
24   | use crate::lib::std::fmt;
     |     ^^^^^^^^^^^^^^^^^^^^
     |
    ::: C:\Users\john\.cargo\registry\src\index.crates.io-1949cf8c6b5b557f\winnow-0.7.13\src\parser.rs:1310:5
     |
1310 | use crate::lib::std::boxed::Box;
     |     ^^^^^^^^^^^^^^^^^^^^^^^^^^^
     |
    ::: C:\Users\john\.cargo\registry\src\index.crates.io-1949cf8c6b5b557f\winnow-0.7.13\src\stream\mod.rs:17:29
     |
17   | use crate::lib::std::iter::{Cloned, Enumerate};
     |                             ^^^^^^  ^^^^^^^^^
18   | use crate::lib::std::slice::Iter;
     |     ^^^^^^^^^^^^^^^^^^^^^^^^^^^^
19   | use crate::lib::std::str::from_utf8;
     |     ^^^^^^^^^^^^^^^^^^^^^^^^^^^^^^^
20   | use crate::lib::std::str::CharIndices;
     |     ^^^^^^^^^^^^^^^^^^^^^^^^^^^^^^^^^
21   | use crate::lib::std::str::FromStr;
     |     ^^^^^^^^^^^^^^^^^^^^^^^^^^^^^
...
28   | use crate::lib::std::borrow::Cow;
     |     ^^^^^^^^^^^^^^^^^^^^^^^^^^^^
29   | #[cfg(feature = "alloc")]
30   | use crate::lib::std::collections::BTreeMap;
     |     ^^^^^^^^^^^^^^^^^^^^^^^^^^^^^^^^^^^^^^
31   | #[cfg(feature = "alloc")]
32   | use crate::lib::std::collections::BTreeSet;
     |     ^^^^^^^^^^^^^^^^^^^^^^^^^^^^^^^^^^^^^^
33   | #[cfg(feature = "std")]
34   | use crate::lib::std::collections::HashMap;
     |     ^^^^^^^^^^^^^^^^^^^^^^^^^^^^^^^^^^^^^
35   | #[cfg(feature = "std")]
36   | use crate::lib::std::collections::HashSet;
     |     ^^^^^^^^^^^^^^^^^^^^^^^^^^^^^^^^^^^^^
37   | #[cfg(feature = "alloc")]
38   | use crate::lib::std::collections::VecDeque;
     |     ^^^^^^^^^^^^^^^^^^^^^^^^^^^^^^^^^^^^^^
39   | #[cfg(feature = "alloc")]
40   | use crate::lib::std::string::String;
     |     ^^^^^^^^^^^^^^^^^^^^^^^^^^^^^^^
41   | #[cfg(feature = "alloc")]
42   | use crate::lib::std::vec::Vec;
     |     ^^^^^^^^^^^^^^^^^^^^^^^^^
     |
    ::: C:\Users\john\.cargo\registry\src\index.crates.io-1949cf8c6b5b557f\winnow-0.7.13\src\stream\bstr.rs:4:29
     |
4    | use crate::lib::std::iter::{Cloned, Enumerate};
     |                             ^^^^^^  ^^^^^^^^^
5    | use crate::lib::std::slice::Iter;
     |     ^^^^^^^^^^^^^^^^^^^^^^^^^^^^
6    | use crate::lib::std::{cmp::Ordering, fmt, ops};
     |                       ^^^^^^^^^^^^^  ^^^  ^^^
     |
    ::: C:\Users\john\.cargo\registry\src\index.crates.io-1949cf8c6b5b557f\winnow-0.7.13\src\stream\bytes.rs:4:29
     |
4    | use crate::lib::std::iter::{Cloned, Enumerate};
     |                             ^^^^^^  ^^^^^^^^^
5    | use crate::lib::std::slice::Iter;
     |     ^^^^^^^^^^^^^^^^^^^^^^^^^^^^
6    | use crate::lib::std::{cmp::Ordering, fmt, ops};
     |                       ^^^^^^^^^^^^^  ^^^  ^^^
     |
    ::: C:\Users\john\.cargo\registry\src\index.crates.io-1949cf8c6b5b557f\winnow-0.7.13\src\stream\token.rs:2:5
     |
2    | use crate::lib::std::iter::Enumerate;
     |     ^^^^^^^^^^^^^^^^^^^^^^^^^^^^^^^^
3    | use crate::lib::std::slice::Iter;
     |     ^^^^^^^^^^^^^^^^^^^^^^^^^^^^
     |
    ::: C:\Users\john\.cargo\registry\src\index.crates.io-1949cf8c6b5b557f\winnow-0.7.13\src\ascii\mod.rs:8:28
     |
8    | use crate::lib::std::ops::{Add, Shl};
     |                            ^^^  ^^^
     |
    ::: C:\Users\john\.cargo\registry\src\index.crates.io-1949cf8c6b5b557f\winnow-0.7.13\src\binary\mod.rs:14:28
     |
14   | use crate::lib::std::ops::{Add, Shl};
     |                            ^^^  ^^^
     |
    ::: C:\Users\john\.cargo\registry\src\index.crates.io-1949cf8c6b5b557f\winnow-0.7.13\src\binary\bits\mod.rs:9:28
     |
9    | use crate::lib::std::ops::{AddAssign, Div, Shl, Shr};
     |                            ^^^^^^^^^  ^^^  ^^^  ^^^
     |
    ::: C:\Users\john\.cargo\registry\src\index.crates.io-1949cf8c6b5b557f\winnow-0.7.13\src\combinator\impls.rs:10:5
     |
10   | use crate::lib::std::borrow::Borrow;
     |     ^^^^^^^^^^^^^^^^^^^^^^^^^^^^^^^
11   | use crate::lib::std::ops::Range;
     |     ^^^^^^^^^^^^^^^^^^^^^^^^^^^
     |
    ::: C:\Users\john\.cargo\registry\src\index.crates.io-1949cf8c6b5b557f\winnow-0.7.13\src\token\mod.rs:10:5
     |
10   | use crate::lib::std::result::Result::Ok;
     |     ^^^^^^^^^^^^^^^^^^^^^^^^^^^^^^^^^^^

error[E0463]: can't find crate for `std`
  --> C:\Users\john\.cargo\registry\src\index.crates.io-1949cf8c6b5b557f\anstyle-1.0.11\src\color.rs:46:53
   |
46 |     pub(crate) fn write_fg_to(self, write: &mut dyn std::io::Write) -> std::io::Result<()> {
   |                                                     ^^^ can't find crate
   |
   = note: the `thumbv7em-none-eabihf` target may not support the standard library

error[E0463]: can't find crate for `std`
  --> C:\Users\john\.cargo\registry\src\index.crates.io-1949cf8c6b5b557f\anstyle-1.0.11\src\color.rs:46:72
   |
46 |     pub(crate) fn write_fg_to(self, write: &mut dyn std::io::Write) -> std::io::Result<()> {
   |                                                                        ^^^ can't find crate
   |
   = note: the `thumbv7em-none-eabihf` target may not support the standard library

error[E0463]: can't find crate for `std`
  --> C:\Users\john\.cargo\registry\src\index.crates.io-1949cf8c6b5b557f\anstyle-1.0.11\src\color.rs:67:53
   |
67 |     pub(crate) fn write_bg_to(self, write: &mut dyn std::io::Write) -> std::io::Result<()> {
   |                                                     ^^^ can't find crate
   |
   = note: the `thumbv7em-none-eabihf` target may not support the standard library

error: cannot find macro `include_str` in this scope
  --> C:\Users\john\.cargo\registry\src\index.crates.io-1949cf8c6b5b557f\winnow-0.7.13\src\lib.rs:43:10
   |
43 | #![doc = include_str!("../examples/css/parser.rs")]
   |          ^^^^^^^^^^^
   |
help: consider importing this macro
   |
196+ use core::include_str;
   |

error[E0463]: can't find crate for `std`
  --> C:\Users\john\.cargo\registry\src\index.crates.io-1949cf8c6b5b557f\anstyle-1.0.11\src\color.rs:67:72
   |
67 |     pub(crate) fn write_bg_to(self, write: &mut dyn std::io::Write) -> std::io::Result<()> {
   |                                                                        ^^^ can't find crate
   |
   = note: the `thumbv7em-none-eabihf` target may not support the standard library

error: cannot find attribute `derive` in this scope
  --> C:\Users\john\.cargo\registry\src\index.crates.io-1949cf8c6b5b557f\winnow-0.7.13\src\error.rs:62:3
   |
62 | #[derive(Debug, PartialEq, Eq, Clone, Copy)]
   |   ^^^^^^
   |
help: consider importing this attribute macro
   |
22 + use core::prelude::rust_2024::derive;
   |

error[E0463]: can't find crate for `std`
  --> C:\Users\john\.cargo\registry\src\index.crates.io-1949cf8c6b5b557f\anstyle-1.0.11\src\color.rs:87:60
   |
87 |     pub(crate) fn write_underline_to(self, write: &mut dyn std::io::Write) -> std::io::Result<()> {
   |                                                            ^^^ can't find crate
   |
   = note: the `thumbv7em-none-eabihf` target may not support the standard library

error[E0463]: can't find crate for `std`
  --> C:\Users\john\.cargo\registry\src\index.crates.io-1949cf8c6b5b557f\anstyle-1.0.11\src\color.rs:87:79
   |
87 |     pub(crate) fn write_underline_to(self, write: &mut dyn std::io::Write) -> std::io::Result<()> {
   |                                                                               ^^^ can't find crate
   |
   = note: the `thumbv7em-none-eabihf` target may not support the standard library

error[E0463]: can't find crate for `std`
   --> C:\Users\john\.cargo\registry\src\index.crates.io-1949cf8c6b5b557f\clap_lex-0.7.5\src\lib.rs:154:19
    |
154 |         Self::new(std::env::args_os())
    |                   ^^^ can't find crate
    |
    = note: the `thumbv7em-none-eabihf` target may not support the standard library

error: cannot find attribute `derive` in this scope
   --> C:\Users\john\.cargo\registry\src\index.crates.io-1949cf8c6b5b557f\winnow-0.7.13\src\error.rs:103:3
    |
103 | #[derive(Debug, Clone, PartialEq)]
    |   ^^^^^^
    |
help: consider importing this attribute macro
    |
22  + use core::prelude::rust_2024::derive;
    |

error: cannot find macro `matches` in this scope
   --> C:\Users\john\.cargo\registry\src\index.crates.io-1949cf8c6b5b557f\winnow-0.7.13\src\error.rs:135:9
    |
135 |         matches!(self, ErrMode::Incomplete(_))
    |         ^^^^^^^
    |
help: consider importing this macro
    |
22  + use core::matches;
    |

error: cannot find macro `matches` in this scope
   --> C:\Users\john\.cargo\registry\src\index.crates.io-1949cf8c6b5b557f\winnow-0.7.13\src\error.rs:225:9
    |
225 |         matches!(self, ErrMode::Backtrack(_))
    |         ^^^^^^^
    |
help: consider importing this macro
    |
22  + use core::matches;
    |

error: could not compile `indexmap` (lib) due to 1 previous error
error[E0412]: cannot find type `Result` in this scope
  --> C:\Users\john\.cargo\registry\src\index.crates.io-1949cf8c6b5b557f\strsim-0.11.1\src\lib.rs:38:43
   |
38 |     fn fmt(&self, fmt: &mut Formatter) -> Result<(), fmt::Error> {
   |                                           ^^^^^^ not found in this scope

error[E0412]: cannot find type `Result` in this scope
  --> C:\Users\john\.cargo\registry\src\index.crates.io-1949cf8c6b5b557f\strsim-0.11.1\src\lib.rs:49:26
   |
49 | pub type HammingResult = Result<usize, StrSimError>;
   |                          ^^^^^^ not found in this scope

error[E0405]: cannot find trait `IntoIterator` in this scope
  --> C:\Users\john\.cargo\registry\src\index.crates.io-1949cf8c6b5b557f\strsim-0.11.1\src\lib.rs:55:12
   |
55 |     Iter1: IntoIterator<Item = Elem1>,
   |            ^^^^^^^^^^^^ not found in this scope

error[E0405]: cannot find trait `IntoIterator` in this scope
  --> C:\Users\john\.cargo\registry\src\index.crates.io-1949cf8c6b5b557f\strsim-0.11.1\src\lib.rs:56:12
   |
56 |     Iter2: IntoIterator<Item = Elem2>,
   |            ^^^^^^^^^^^^ not found in this scope

error[E0405]: cannot find trait `PartialEq` in this scope
  --> C:\Users\john\.cargo\registry\src\index.crates.io-1949cf8c6b5b557f\strsim-0.11.1\src\lib.rs:57:12
   |
57 |     Elem1: PartialEq<Elem2>,
   |            ^^^^^^^^^ not found in this scope

error[E0531]: cannot find tuple struct or tuple variant `Some` in this scope
  --> C:\Users\john\.cargo\registry\src\index.crates.io-1949cf8c6b5b557f\strsim-0.11.1\src\lib.rs:63:14
   |
63 |             (Some(x), Some(y)) => {
   |              ^^^^ not found in this scope

error[E0531]: cannot find tuple struct or tuple variant `Some` in this scope
  --> C:\Users\john\.cargo\registry\src\index.crates.io-1949cf8c6b5b557f\strsim-0.11.1\src\lib.rs:63:23
   |
63 |             (Some(x), Some(y)) => {
   |                       ^^^^ not found in this scope

error[E0405]: cannot find trait `IntoIterator` in this scope
  --> C:\Users\john\.cargo\registry\src\index.crates.io-1949cf8c6b5b557f\strsim-0.11.1\src\lib.rs:92:16
   |
92 |     &'a Iter1: IntoIterator<Item = Elem1>,
   |                ^^^^^^^^^^^^ not found in this scope

error[E0405]: cannot find trait `IntoIterator` in this scope
  --> C:\Users\john\.cargo\registry\src\index.crates.io-1949cf8c6b5b557f\strsim-0.11.1\src\lib.rs:93:16
   |
93 |     &'b Iter2: IntoIterator<Item = Elem2>,
   |                ^^^^^^^^^^^^ not found in this scope

error[E0405]: cannot find trait `PartialEq` in this scope
  --> C:\Users\john\.cargo\registry\src\index.crates.io-1949cf8c6b5b557f\strsim-0.11.1\src\lib.rs:94:12
   |
94 |     Elem1: PartialEq<Elem2>,
   |            ^^^^^^^^^ not found in this scope

error[E0531]: cannot find tuple struct or tuple variant `Some` in this scope
   --> C:\Users\john\.cargo\registry\src\index.crates.io-1949cf8c6b5b557f\strsim-0.11.1\src\lib.rs:140:28
    |
140 |                     if let Some((b_flag, ch2)) = b_iter.next() {
    |                            ^^^^ not found in this scope

error[E0405]: cannot find trait `IntoIterator` in this scope
   --> C:\Users\john\.cargo\registry\src\index.crates.io-1949cf8c6b5b557f\strsim-0.11.1\src\lib.rs:168:14
    |
168 | impl<'a, 'b> IntoIterator for &'a StringWrapper<'b> {
    |              ^^^^^^^^^^^^ not found in this scope

error[E0405]: cannot find trait `IntoIterator` in this scope
   --> C:\Users\john\.cargo\registry\src\index.crates.io-1949cf8c6b5b557f\strsim-0.11.1\src\lib.rs:193:16
    |
193 |     &'a Iter1: IntoIterator<Item = Elem1>,
    |                ^^^^^^^^^^^^ not found in this scope

error[E0405]: cannot find trait `IntoIterator` in this scope
   --> C:\Users\john\.cargo\registry\src\index.crates.io-1949cf8c6b5b557f\strsim-0.11.1\src\lib.rs:194:16
    |
194 |     &'b Iter2: IntoIterator<Item = Elem2>,
    |                ^^^^^^^^^^^^ not found in this scope

error[E0405]: cannot find trait `PartialEq` in this scope
   --> C:\Users\john\.cargo\registry\src\index.crates.io-1949cf8c6b5b557f\strsim-0.11.1\src\lib.rs:195:12
    |
195 |     Elem1: PartialEq<Elem2>,
    |            ^^^^^^^^^ not found in this scope

error[E0405]: cannot find trait `IntoIterator` in this scope
   --> C:\Users\john\.cargo\registry\src\index.crates.io-1949cf8c6b5b557f\strsim-0.11.1\src\lib.rs:235:16
    |
235 |     &'a Iter1: IntoIterator<Item = Elem1>,
    |                ^^^^^^^^^^^^ not found in this scope

error[E0405]: cannot find trait `IntoIterator` in this scope
   --> C:\Users\john\.cargo\registry\src\index.crates.io-1949cf8c6b5b557f\strsim-0.11.1\src\lib.rs:236:16
    |
236 |     &'b Iter2: IntoIterator<Item = Elem2>,
    |                ^^^^^^^^^^^^ not found in this scope

error[E0405]: cannot find trait `PartialEq` in this scope
   --> C:\Users\john\.cargo\registry\src\index.crates.io-1949cf8c6b5b557f\strsim-0.11.1\src\lib.rs:237:12
    |
237 |     Elem1: PartialEq<Elem2>,
    |            ^^^^^^^^^ not found in this scope

error[E0412]: cannot find type `Vec` in this scope
   --> C:\Users\john\.cargo\registry\src\index.crates.io-1949cf8c6b5b557f\strsim-0.11.1\src\lib.rs:241:20
    |
241 |     let mut cache: Vec<usize> = (1..b_len + 1).collect();
    |                    ^^^ not found in this scope

error[E0412]: cannot find type `Vec` in this scope
   --> C:\Users\john\.cargo\registry\src\index.crates.io-1949cf8c6b5b557f\strsim-0.11.1\src\lib.rs:304:33
    |
304 |     let mut prev_two_distances: Vec<usize> = (0..b_len + 1).collect();
    |                                 ^^^ not found in this scope

error: cannot find macro `matches` in this scope
   --> C:\Users\john\.cargo\registry\src\index.crates.io-1949cf8c6b5b557f\winnow-0.7.13\src\error.rs:238:9
    |
238 |         matches!(self, ErrMode::Incomplete(_))
    |         ^^^^^^^
    |
help: consider importing this macro
    |
22  + use core::matches;
    |

error[E0412]: cannot find type `Vec` in this scope
   --> C:\Users\john\.cargo\registry\src\index.crates.io-1949cf8c6b5b557f\strsim-0.11.1\src\lib.rs:305:29
    |
305 |     let mut prev_distances: Vec<usize> = (0..b_len + 1).collect();
    |                             ^^^ not found in this scope

error[E0412]: cannot find type `Vec` in this scope
   --> C:\Users\john\.cargo\registry\src\index.crates.io-1949cf8c6b5b557f\strsim-0.11.1\src\lib.rs:306:29
    |
306 |     let mut curr_distances: Vec<usize> = vec![0; b_len + 1];
    |                             ^^^ not found in this scope

error[E0405]: cannot find trait `Eq` in this scope
   --> C:\Users\john\.cargo\registry\src\index.crates.io-1949cf8c6b5b557f\strsim-0.11.1\src\lib.rs:355:11
    |
355 |     Elem: Eq + Hash + Clone,
    |           ^^ not found in this scope

error[E0405]: cannot find trait `Clone` in this scope
   --> C:\Users\john\.cargo\registry\src\index.crates.io-1949cf8c6b5b557f\strsim-0.11.1\src\lib.rs:355:23
    |
355 |     Elem: Eq + Hash + Clone,
    |                       ^^^^^ not found in this scope

error[E0531]: cannot find tuple struct or tuple variant `Some` in this scope
   --> C:\Users\john\.cargo\registry\src\index.crates.io-1949cf8c6b5b557f\strsim-0.11.1\src\lib.rs:389:17
    |
389 |                 Some(&value) => value,
    |                 ^^^^ not found in this scope

error[E0405]: cannot find trait `Default` in this scope
   --> C:\Users\john\.cargo\registry\src\index.crates.io-1949cf8c6b5b557f\strsim-0.11.1\src\lib.rs:421:6
    |
421 | impl Default for RowId {
    |      ^^^^^^^ not found in this scope

error[E0412]: cannot find type `Option` in this scope
   --> C:\Users\john\.cargo\registry\src\index.crates.io-1949cf8c6b5b557f\strsim-0.11.1\src\lib.rs:444:10
    |
444 |     map: Option<Vec<GrowingHashmapMapElemChar<ValueType>>>,
    |          ^^^^^^ not found in this scope

error[E0412]: cannot find type `Vec` in this scope
   --> C:\Users\john\.cargo\registry\src\index.crates.io-1949cf8c6b5b557f\strsim-0.11.1\src\lib.rs:444:17
    |
444 |     map: Option<Vec<GrowingHashmapMapElemChar<ValueType>>>,
    |                 ^^^ not found in this scope

error[E0405]: cannot find trait `Default` in this scope
   --> C:\Users\john\.cargo\registry\src\index.crates.io-1949cf8c6b5b557f\strsim-0.11.1\src\lib.rs:447:17
    |
447 | impl<ValueType> Default for GrowingHashmapChar<ValueType>
    |                 ^^^^^^^ not found in this scope

error[E0405]: cannot find trait `Default` in this scope
   --> C:\Users\john\.cargo\registry\src\index.crates.io-1949cf8c6b5b557f\strsim-0.11.1\src\lib.rs:449:16
    |
449 |     ValueType: Default + Clone + Eq,
    |                ^^^^^^^ not found in this scope

error[E0405]: cannot find trait `Clone` in this scope
   --> C:\Users\john\.cargo\registry\src\index.crates.io-1949cf8c6b5b557f\strsim-0.11.1\src\lib.rs:449:26
    |
449 |     ValueType: Default + Clone + Eq,
    |                          ^^^^^ not found in this scope

error[E0405]: cannot find trait `Eq` in this scope
   --> C:\Users\john\.cargo\registry\src\index.crates.io-1949cf8c6b5b557f\strsim-0.11.1\src\lib.rs:449:34
    |
449 |     ValueType: Default + Clone + Eq,
    |                                  ^^ not found in this scope

error[E0425]: cannot find value `None` in this scope
   --> C:\Users\john\.cargo\registry\src\index.crates.io-1949cf8c6b5b557f\strsim-0.11.1\src\lib.rs:456:18
    |
456 |             map: None,
    |                  ^^^^ not found in this scope

error[E0405]: cannot find trait `Default` in this scope
   --> C:\Users\john\.cargo\registry\src\index.crates.io-1949cf8c6b5b557f\strsim-0.11.1\src\lib.rs:463:16
    |
463 |     ValueType: Default + Clone + Eq + Copy,
    |                ^^^^^^^ not found in this scope

error[E0405]: cannot find trait `Clone` in this scope
   --> C:\Users\john\.cargo\registry\src\index.crates.io-1949cf8c6b5b557f\strsim-0.11.1\src\lib.rs:463:26
    |
463 |     ValueType: Default + Clone + Eq + Copy,
    |                          ^^^^^ not found in this scope

error[E0405]: cannot find trait `Eq` in this scope
   --> C:\Users\john\.cargo\registry\src\index.crates.io-1949cf8c6b5b557f\strsim-0.11.1\src\lib.rs:463:34
    |
463 |     ValueType: Default + Clone + Eq + Copy,
    |                                  ^^ not found in this scope

error[E0405]: cannot find trait `Copy` in this scope
   --> C:\Users\john\.cargo\registry\src\index.crates.io-1949cf8c6b5b557f\strsim-0.11.1\src\lib.rs:463:39
    |
463 |     ValueType: Default + Clone + Eq + Copy,
    |                                       ^^^^ not found in this scope

error[E0405]: cannot find trait `Default` in this scope
   --> C:\Users\john\.cargo\registry\src\index.crates.io-1949cf8c6b5b557f\strsim-0.11.1\src\lib.rs:574:16
    |
574 |     ValueType: Default + Clone + Copy + Eq,
    |                ^^^^^^^ not found in this scope

error[E0405]: cannot find trait `Clone` in this scope
   --> C:\Users\john\.cargo\registry\src\index.crates.io-1949cf8c6b5b557f\strsim-0.11.1\src\lib.rs:574:26
    |
574 |     ValueType: Default + Clone + Copy + Eq,
    |                          ^^^^^ not found in this scope

error[E0405]: cannot find trait `Copy` in this scope
   --> C:\Users\john\.cargo\registry\src\index.crates.io-1949cf8c6b5b557f\strsim-0.11.1\src\lib.rs:574:34
    |
574 |     ValueType: Default + Clone + Copy + Eq,
    |                                  ^^^^ not found in this scope

error[E0405]: cannot find trait `Eq` in this scope
   --> C:\Users\john\.cargo\registry\src\index.crates.io-1949cf8c6b5b557f\strsim-0.11.1\src\lib.rs:574:41
    |
574 |     ValueType: Default + Clone + Copy + Eq,
    |                                         ^^ not found in this scope

error[E0405]: cannot find trait `Default` in this scope
   --> C:\Users\john\.cargo\registry\src\index.crates.io-1949cf8c6b5b557f\strsim-0.11.1\src\lib.rs:597:17
    |
597 | impl<ValueType> Default for HybridGrowingHashmapChar<ValueType>
    |                 ^^^^^^^ not found in this scope

error[E0405]: cannot find trait `Default` in this scope
   --> C:\Users\john\.cargo\registry\src\index.crates.io-1949cf8c6b5b557f\strsim-0.11.1\src\lib.rs:599:16
    |
599 |     ValueType: Default + Clone + Copy + Eq,
    |                ^^^^^^^ not found in this scope

error[E0405]: cannot find trait `Clone` in this scope
   --> C:\Users\john\.cargo\registry\src\index.crates.io-1949cf8c6b5b557f\strsim-0.11.1\src\lib.rs:599:26
    |
599 |     ValueType: Default + Clone + Copy + Eq,
    |                          ^^^^^ not found in this scope

error[E0405]: cannot find trait `Copy` in this scope
   --> C:\Users\john\.cargo\registry\src\index.crates.io-1949cf8c6b5b557f\strsim-0.11.1\src\lib.rs:599:34
    |
599 |     ValueType: Default + Clone + Copy + Eq,
    |                                  ^^^^ not found in this scope

error[E0405]: cannot find trait `Eq` in this scope
   --> C:\Users\john\.cargo\registry\src\index.crates.io-1949cf8c6b5b557f\strsim-0.11.1\src\lib.rs:599:41
    |
599 |     ValueType: Default + Clone + Copy + Eq,
    |                                         ^^ not found in this scope

error[E0405]: cannot find trait `Iterator` in this scope
   --> C:\Users\john\.cargo\registry\src\index.crates.io-1949cf8c6b5b557f\strsim-0.11.1\src\lib.rs:611:12
    |
611 |     Iter1: Iterator<Item = char> + Clone,
    |            ^^^^^^^^ not found in this scope

error[E0405]: cannot find trait `Clone` in this scope
   --> C:\Users\john\.cargo\registry\src\index.crates.io-1949cf8c6b5b557f\strsim-0.11.1\src\lib.rs:611:36
    |
611 |     Iter1: Iterator<Item = char> + Clone,
    |                                    ^^^^^ not found in this scope

error[E0405]: cannot find trait `Iterator` in this scope
   --> C:\Users\john\.cargo\registry\src\index.crates.io-1949cf8c6b5b557f\strsim-0.11.1\src\lib.rs:612:12
    |
612 |     Iter2: Iterator<Item = char> + Clone,
    |            ^^^^^^^^ not found in this scope

error[E0405]: cannot find trait `Clone` in this scope
   --> C:\Users\john\.cargo\registry\src\index.crates.io-1949cf8c6b5b557f\strsim-0.11.1\src\lib.rs:612:36
    |
612 |     Iter2: Iterator<Item = char> + Clone,
    |                                    ^^^^^ not found in this scope

error[E0412]: cannot find type `Vec` in this scope
   --> C:\Users\john\.cargo\registry\src\index.crates.io-1949cf8c6b5b557f\strsim-0.11.1\src\lib.rs:626:16
    |
626 |     let mut r: Vec<isize> = (max_val..max_val + 1)
    |                ^^^ not found in this scope

error[E0405]: cannot find trait `Iterator` in this scope
   --> C:\Users\john\.cargo\registry\src\index.crates.io-1949cf8c6b5b557f\strsim-0.11.1\src\lib.rs:705:29
    |
705 | fn bigrams(s: &str) -> impl Iterator<Item = (char, char)> + '_ {
    |                             ^^^^^^^^ not found in this scope

error[E0412]: cannot find type `String` in this scope
   --> C:\Users\john\.cargo\registry\src\index.crates.io-1949cf8c6b5b557f\strsim-0.11.1\src\lib.rs:725:12
    |
725 |     let a: String = a.chars().filter(|&x| !char::is_whitespace(x)).collect();
    |            ^^^^^^ not found in this scope

error[E0412]: cannot find type `String` in this scope
   --> C:\Users\john\.cargo\registry\src\index.crates.io-1949cf8c6b5b557f\strsim-0.11.1\src\lib.rs:726:12
    |
726 |     let b: String = b.chars().filter(|&x| !char::is_whitespace(x)).collect();
    |            ^^^^^^ not found in this scope

error: cannot find macro `write` in this scope
   --> C:\Users\john\.cargo\registry\src\index.crates.io-1949cf8c6b5b557f\winnow-0.7.13\src\error.rs:327:53
    |
327 |             ErrMode::Incomplete(Needed::Size(u)) => write!(f, "Parsing requires {u} more data"),
    |                                                     ^^^^^
    |
help: consider importing this macro
    |
22  + use core::write;
    |

error: cannot find macro `write` in this scope
   --> C:\Users\john\.cargo\registry\src\index.crates.io-1949cf8c6b5b557f\winnow-0.7.13\src\error.rs:328:53
    |
328 |             ErrMode::Incomplete(Needed::Unknown) => write!(f, "Parsing requires more data"),
    |                                                     ^^^^^
    |
help: consider importing this macro
    |
22  + use core::write;
    |

error[E0223]: ambiguous associated type
   --> C:\Users\john\.cargo\registry\src\index.crates.io-1949cf8c6b5b557f\strsim-0.11.1\src\lib.rs:172:27
    |
172 |     fn into_iter(self) -> Self::IntoIter {
    |                           ^^^^^^^^^^^^^^
    |
help: use fully-qualified syntax
    |
172 -     fn into_iter(self) -> Self::IntoIter {
172 +     fn into_iter(self) -> <&'a StringWrapper<'b> as core::iter::IntoIterator>::IntoIter {
    |

error: cannot find macro `write` in this scope
   --> C:\Users\john\.cargo\registry\src\index.crates.io-1949cf8c6b5b557f\winnow-0.7.13\src\error.rs:329:32
    |
329 |             ErrMode::Cut(c) => write!(f, "Parsing Failure: {c:?}"),
    |                                ^^^^^
    |
help: consider importing this macro
    |
22  + use core::write;
    |

error[E0433]: failed to resolve: use of undeclared type `Default`
   --> C:\Users\john\.cargo\registry\src\index.crates.io-1949cf8c6b5b557f\strsim-0.11.1\src\lib.rs:468:29
    |
468 |             .map_or_else(|| Default::default(), |map| map[self.lookup(key)].value)
    |                             ^^^^^^^ use of undeclared type `Default`

error[E0433]: failed to resolve: use of undeclared type `Default`
   --> C:\Users\john\.cargo\registry\src\index.crates.io-1949cf8c6b5b557f\strsim-0.11.1\src\lib.rs:482:16
    |
482 |             == Default::default()
    |                ^^^^^^^ use of undeclared type `Default`

error[E0433]: failed to resolve: use of undeclared type `Default`
   --> C:\Users\john\.cargo\registry\src\index.crates.io-1949cf8c6b5b557f\strsim-0.11.1\src\lib.rs:518:28
    |
518 |         if map[i].value == Default::default() || map[i].key == key {
    |                            ^^^^^^^ use of undeclared type `Default`

error[E0433]: failed to resolve: use of undeclared type `Default`
   --> C:\Users\john\.cargo\registry\src\index.crates.io-1949cf8c6b5b557f\strsim-0.11.1\src\lib.rs:526:32
    |
526 |             if map[i].value == Default::default() || map[i].key == key {
    |                                ^^^^^^^ use of undeclared type `Default`

error[E0433]: failed to resolve: use of undeclared type `Default`
   --> C:\Users\john\.cargo\registry\src\index.crates.io-1949cf8c6b5b557f\strsim-0.11.1\src\lib.rs:551:30
    |
551 |             if elem.value != Default::default() {
    |                              ^^^^^^^ use of undeclared type `Default`

error[E0433]: failed to resolve: use of undeclared type `Default`
   --> C:\Users\john\.cargo\registry\src\index.crates.io-1949cf8c6b5b557f\strsim-0.11.1\src\lib.rs:604:30
    |
604 |             extended_ascii: [Default::default(); 256],
    |                              ^^^^^^^ use of undeclared type `Default`

error[E0425]: cannot find function, tuple struct or tuple variant `Ok` in this scope
  --> C:\Users\john\.cargo\registry\src\index.crates.io-1949cf8c6b5b557f\strsim-0.11.1\src\lib.rs:68:36
   |
68 |             (None, None) => return Ok(count),
   |                                    ^^ not found in this scope

error[E0425]: cannot find function, tuple struct or tuple variant `Err` in this scope
  --> C:\Users\john\.cargo\registry\src\index.crates.io-1949cf8c6b5b557f\strsim-0.11.1\src\lib.rs:69:25
   |
69 |             _ => return Err(StrSimError::DifferentLengthArgs),
   |                         ^^^ not found in this scope

error[E0425]: cannot find function, tuple struct or tuple variant `Some` in this scope
   --> C:\Users\john\.cargo\registry\src\index.crates.io-1949cf8c6b5b557f\strsim-0.11.1\src\lib.rs:504:20
    |
504 |         self.map = Some(vec![GrowingHashmapMapElemChar::default(); 8]);
    |                    ^^^^ not found in this scope

Some errors have detailed explanations: E0223, E0405, E0412, E0416, E0425, E0433, E0463, E0531.
For more information about an error, try `rustc --explain E0223`.
error: cannot find macro `write` in this scope
   --> C:\Users\john\.cargo\registry\src\index.crates.io-1949cf8c6b5b557f\winnow-0.7.13\src\error.rs:330:38
    |
330 |             ErrMode::Backtrack(c) => write!(f, "Parsing Error: {c:?}"),
    |                                      ^^^^^
    |
help: consider importing this macro
    |
22  + use core::write;
    |

error: could not compile `strsim` (lib) due to 77 previous errors
error: cannot find macro `panic` in this scope
   --> C:\Users\john\.cargo\registry\src\index.crates.io-1949cf8c6b5b557f\winnow-0.7.13\src\error.rs:355:9
    |
355 |         panic!("assert `{_message}` failed at {input:#?}");
    |         ^^^^^
    |
help: consider importing this macro
    |
22  + use core::panic;
    |

error: cannot find attribute `derive` in this scope
   --> C:\Users\john\.cargo\registry\src\index.crates.io-1949cf8c6b5b557f\winnow-0.7.13\src\error.rs:483:3
    |
483 | #[derive(Copy, Clone, Debug, Eq, PartialEq)]
    |   ^^^^^^
    |
help: consider importing this attribute macro
    |
22  + use core::prelude::rust_2024::derive;
    |

error: cannot find macro `write` in this scope
   --> C:\Users\john\.cargo\registry\src\index.crates.io-1949cf8c6b5b557f\winnow-0.7.13\src\error.rs:575:9
    |
575 |         write!(f, "failed to parse starting at: {}", self.input)
    |         ^^^^^
    |
help: consider importing this macro
    |
22  + use core::write;
    |

error: cannot find attribute `derive` in this scope
   --> C:\Users\john\.cargo\registry\src\index.crates.io-1949cf8c6b5b557f\winnow-0.7.13\src\error.rs:586:3
    |
586 | #[derive(Copy, Clone, Debug, Eq, PartialEq)]
    |   ^^^^^^
    |
help: consider importing this attribute macro
    |
22  + use core::prelude::rust_2024::derive;
    |

error[E0463]: can't find crate for `std`
   --> C:\Users\john\.cargo\registry\src\index.crates.io-1949cf8c6b5b557f\serde-1.0.219\src\lib.rs:174:17
    |
174 |         pub use std::*;
    |                 ^^^ can't find crate
    |
    = note: the `thumbv7em-none-eabihf` target may not support the standard library

error[E0463]: can't find crate for `std`
   --> C:\Users\john\.cargo\registry\src\index.crates.io-1949cf8c6b5b557f\serde-1.0.219\src\lib.rs:201:13
    |
201 |     pub use std::borrow::{Cow, ToOwned};
    |             ^^^ can't find crate
    |
    = note: the `thumbv7em-none-eabihf` target may not support the standard library

error: cannot find attribute `derive` in this scope
   --> C:\Users\john\.cargo\registry\src\index.crates.io-1949cf8c6b5b557f\winnow-0.7.13\src\error.rs:680:3
    |
680 | #[derive(Debug)]
    |   ^^^^^^
    |
help: consider importing this attribute macro
    |
22  + use core::prelude::rust_2024::derive;
    |

error[E0463]: can't find crate for `std`
   --> C:\Users\john\.cargo\registry\src\index.crates.io-1949cf8c6b5b557f\serde-1.0.219\src\lib.rs:206:13
    |
206 |     pub use std::string::{String, ToString};
    |             ^^^ can't find crate
    |
    = note: the `thumbv7em-none-eabihf` target may not support the standard library

error[E0463]: can't find crate for `std`
   --> C:\Users\john\.cargo\registry\src\index.crates.io-1949cf8c6b5b557f\serde-1.0.219\src\lib.rs:211:13
    |
211 |     pub use std::vec::Vec;
    |             ^^^ can't find crate
    |
    = note: the `thumbv7em-none-eabihf` target may not support the standard library

error[E0463]: can't find crate for `std`
   --> C:\Users\john\.cargo\registry\src\index.crates.io-1949cf8c6b5b557f\serde-1.0.219\src\lib.rs:216:13
    |
216 |     pub use std::boxed::Box;
    |             ^^^ can't find crate
    |
    = note: the `thumbv7em-none-eabihf` target may not support the standard library

error: cannot find macro `write` in this scope
   --> C:\Users\john\.cargo\registry\src\index.crates.io-1949cf8c6b5b557f\winnow-0.7.13\src\error.rs:855:17
    |
855 |                 write!(f, "invalid {expression}")?;
    |                 ^^^^^
    |
help: consider importing this macro
    |
22  + use core::write;
    |

error[E0463]: can't find crate for `std`
   --> C:\Users\john\.cargo\registry\src\index.crates.io-1949cf8c6b5b557f\serde-1.0.219\src\lib.rs:231:13
    |
231 |     pub use std::collections::{BTreeMap, BTreeSet, BinaryHeap, LinkedList, VecDeque};
    |             ^^^ can't find crate
    |
    = note: the `thumbv7em-none-eabihf` target may not support the standard library

error[E0463]: can't find crate for `std`
   --> C:\Users\john\.cargo\registry\src\index.crates.io-1949cf8c6b5b557f\serde-1.0.219\src\lib.rs:236:13
    |
236 |     pub use std::ffi::CStr;
    |             ^^^ can't find crate
    |
    = note: the `thumbv7em-none-eabihf` target may not support the standard library

error: cannot find macro `writeln` in this scope
   --> C:\Users\john\.cargo\registry\src\index.crates.io-1949cf8c6b5b557f\winnow-0.7.13\src\error.rs:860:21
    |
860 |                     writeln!(f)?;
    |                     ^^^^^^^
    |
help: consider importing this macro
    |
22  + use core::writeln;
    |

error[E0463]: can't find crate for `std`
   --> C:\Users\john\.cargo\registry\src\index.crates.io-1949cf8c6b5b557f\serde-1.0.219\src\lib.rs:241:13
    |
241 |     pub use std::ffi::CString;
    |             ^^^ can't find crate
    |
    = note: the `thumbv7em-none-eabihf` target may not support the standard library

error[E0463]: can't find crate for `std`
   --> C:\Users\john\.cargo\registry\src\index.crates.io-1949cf8c6b5b557f\serde-1.0.219\src\lib.rs:246:13
    |
246 |     pub use std::net;
    |             ^^^ can't find crate
    |
    = note: the `thumbv7em-none-eabihf` target may not support the standard library

error[E0463]: can't find crate for `std`
   --> C:\Users\john\.cargo\registry\src\index.crates.io-1949cf8c6b5b557f\serde-1.0.219\src\lib.rs:249:13
    |
249 |     pub use std::error;
    |             ^^^ can't find crate
    |
    = note: the `thumbv7em-none-eabihf` target may not support the standard library

error[E0463]: can't find crate for `std`
   --> C:\Users\john\.cargo\registry\src\index.crates.io-1949cf8c6b5b557f\serde-1.0.219\src\lib.rs:252:13
    |
252 |     pub use std::collections::{HashMap, HashSet};
    |             ^^^ can't find crate
    |
    = note: the `thumbv7em-none-eabihf` target may not support the standard library

error: cannot find macro `write` in this scope
   --> C:\Users\john\.cargo\registry\src\index.crates.io-1949cf8c6b5b557f\winnow-0.7.13\src\error.rs:864:17
    |
864 |                 write!(f, "expected ")?;
    |                 ^^^^^
    |
help: consider importing this macro
    |
22  + use core::write;
    |

error[E0463]: can't find crate for `std`
   --> C:\Users\john\.cargo\registry\src\index.crates.io-1949cf8c6b5b557f\serde-1.0.219\src\lib.rs:254:13
    |
254 |     pub use std::ffi::{OsStr, OsString};
    |             ^^^ can't find crate
    |
    = note: the `thumbv7em-none-eabihf` target may not support the standard library

error[E0463]: can't find crate for `std`
   --> C:\Users\john\.cargo\registry\src\index.crates.io-1949cf8c6b5b557f\serde-1.0.219\src\lib.rs:256:13
    |
256 |     pub use std::hash::{BuildHasher, Hash};
    |             ^^^ can't find crate
    |
    = note: the `thumbv7em-none-eabihf` target may not support the standard library

error[E0463]: can't find crate for `std`
   --> C:\Users\john\.cargo\registry\src\index.crates.io-1949cf8c6b5b557f\serde-1.0.219\src\lib.rs:258:13
    |
258 |     pub use std::io::Write;
    |             ^^^ can't find crate
    |
    = note: the `thumbv7em-none-eabihf` target may not support the standard library

error[E0463]: can't find crate for `std`
   --> C:\Users\john\.cargo\registry\src\index.crates.io-1949cf8c6b5b557f\serde-1.0.219\src\lib.rs:260:13
    |
260 |     pub use std::path::{Path, PathBuf};
    |             ^^^ can't find crate
    |
    = note: the `thumbv7em-none-eabihf` target may not support the standard library

error: cannot find macro `write` in this scope
   --> C:\Users\john\.cargo\registry\src\index.crates.io-1949cf8c6b5b557f\winnow-0.7.13\src\error.rs:867:25
    |
867 |                         write!(f, ", ")?;
    |                         ^^^^^
    |
help: consider importing this macro
    |
22  + use core::write;
    |

error[E0463]: can't find crate for `std`
   --> C:\Users\john\.cargo\registry\src\index.crates.io-1949cf8c6b5b557f\serde-1.0.219\src\lib.rs:262:13
    |
262 |     pub use std::sync::{Mutex, RwLock};
    |             ^^^ can't find crate
    |
    = note: the `thumbv7em-none-eabihf` target may not support the standard library

error[E0463]: can't find crate for `std`
   --> C:\Users\john\.cargo\registry\src\index.crates.io-1949cf8c6b5b557f\serde-1.0.219\src\lib.rs:264:13
    |
264 |     pub use std::time::{SystemTime, UNIX_EPOCH};
    |             ^^^ can't find crate
    |
    = note: the `thumbv7em-none-eabihf` target may not support the standard library

error: cannot find macro `write` in this scope
   --> C:\Users\john\.cargo\registry\src\index.crates.io-1949cf8c6b5b557f\winnow-0.7.13\src\error.rs:869:21
    |
869 |                     write!(f, "{expected}")?;
    |                     ^^^^^
    |
help: consider importing this macro
    |
22  + use core::write;
    |

error[E0463]: can't find crate for `std`
   --> C:\Users\john\.cargo\registry\src\index.crates.io-1949cf8c6b5b557f\serde-1.0.219\src\lib.rs:275:13
    |
275 |     pub use std::sync::atomic::Ordering;
    |             ^^^ can't find crate
    |
    = note: the `thumbv7em-none-eabihf` target may not support the standard library

error[E0463]: can't find crate for `std`
   --> C:\Users\john\.cargo\registry\src\index.crates.io-1949cf8c6b5b557f\serde-1.0.219\src\lib.rs:277:13
    |
277 |     pub use std::sync::atomic::{AtomicBool, AtomicI8, AtomicU8};
    |             ^^^ can't find crate
    |
    = note: the `thumbv7em-none-eabihf` target may not support the standard library

error[E0463]: can't find crate for `std`
   --> C:\Users\john\.cargo\registry\src\index.crates.io-1949cf8c6b5b557f\serde-1.0.219\src\lib.rs:279:13
    |
279 |     pub use std::sync::atomic::{AtomicI16, AtomicU16};
    |             ^^^ can't find crate
    |
    = note: the `thumbv7em-none-eabihf` target may not support the standard library

error: cannot find macro `writeln` in this scope
   --> C:\Users\john\.cargo\registry\src\index.crates.io-1949cf8c6b5b557f\winnow-0.7.13\src\error.rs:876:25
    |
876 |                         writeln!(f)?;
    |                         ^^^^^^^
    |
help: consider importing this macro
    |
22  + use core::writeln;
    |

error[E0463]: can't find crate for `std`
   --> C:\Users\john\.cargo\registry\src\index.crates.io-1949cf8c6b5b557f\serde-1.0.219\src\lib.rs:281:13
    |
281 |     pub use std::sync::atomic::{AtomicI32, AtomicU32};
    |             ^^^ can't find crate
    |
    = note: the `thumbv7em-none-eabihf` target may not support the standard library

error[E0463]: can't find crate for `std`
   --> C:\Users\john\.cargo\registry\src\index.crates.io-1949cf8c6b5b557f\serde-1.0.219\src\lib.rs:285:13
    |
285 |     pub use std::sync::atomic::{AtomicIsize, AtomicUsize};
    |             ^^^ can't find crate
    |
    = note: the `thumbv7em-none-eabihf` target may not support the standard library

error[E0463]: can't find crate for `std`
   --> C:\Users\john\.cargo\registry\src\index.crates.io-1949cf8c6b5b557f\serde-1.0.219\src\ser\mod.rs:126:9
    |
126 | pub use std::error::Error as StdError;
    |         ^^^ can't find crate
    |
    = note: the `thumbv7em-none-eabihf` target may not support the standard library

error[E0463]: can't find crate for `std`
   --> C:\Users\john\.cargo\registry\src\index.crates.io-1949cf8c6b5b557f\serde-1.0.219\src\de\mod.rs:135:9
    |
135 | pub use std::error::Error as StdError;
    |         ^^^ can't find crate
    |
    = note: the `thumbv7em-none-eabihf` target may not support the standard library

error: cannot find macro `write` in this scope
   --> C:\Users\john\.cargo\registry\src\index.crates.io-1949cf8c6b5b557f\winnow-0.7.13\src\error.rs:878:21
    |
878 |                     write!(f, "{cause}")?;
    |                     ^^^^^
    |
help: consider importing this macro
    |
22  + use core::write;
    |

error: cannot find attribute `derive` in this scope
   --> C:\Users\john\.cargo\registry\src\index.crates.io-1949cf8c6b5b557f\winnow-0.7.13\src\error.rs:895:3
    |
895 | #[derive(Clone, Debug, PartialEq, Eq)]
    |   ^^^^^^
    |
help: consider importing this attribute macro
    |
22  + use core::prelude::rust_2024::derive;
    |

error: cannot find macro `write` in this scope
   --> C:\Users\john\.cargo\registry\src\index.crates.io-1949cf8c6b5b557f\winnow-0.7.13\src\error.rs:907:34
    |
907 |             Self::Label(name) => write!(f, "invalid {name}"),
    |                                  ^^^^^
    |
help: consider importing this macro
    |
22  + use core::write;
    |

error[E0432]: unresolved imports `self::core::f32`, `self::core::f64`
   --> C:\Users\john\.cargo\registry\src\index.crates.io-1949cf8c6b5b557f\serde-1.0.219\src\lib.rs:177:26
    |
177 |     pub use self::core::{f32, f64};
    |                          ^^^  ^^^ no `f64` in `lib::core`
    |                          |
    |                          no `f32` in `lib::core`
    |
    = help: consider importing one of these items instead:
            ::core::f32
            ::core::primitive::f32
    = help: consider importing one of these items instead:
            ::core::f64
            ::core::primitive::f64

error: could not compile `memchr` (lib) due to 1 previous error
error: cannot find macro `write` in this scope
   --> C:\Users\john\.cargo\registry\src\index.crates.io-1949cf8c6b5b557f\winnow-0.7.13\src\error.rs:908:38
    |
908 |             Self::Expected(value) => write!(f, "expected {value}"),
    |                                      ^^^^^
    |
help: consider importing this macro
    |
22  + use core::write;
    |

error[E0432]: unresolved imports `self::core::i16`, `self::core::i32`, `self::core::i64`, `self::core::i8`, `self::core::isize`
   --> C:\Users\john\.cargo\registry\src\index.crates.io-1949cf8c6b5b557f\serde-1.0.219\src\lib.rs:178:26
    |
178 |     pub use self::core::{i16, i32, i64, i8, isize};
    |                          ^^^  ^^^  ^^^  ^^  ^^^^^ no `isize` in `lib::core`
    |                          |    |    |    |
    |                          |    |    |    no `i8` in `lib::core`
    |                          |    |    no `i64` in `lib::core`
    |                          |    no `i32` in `lib::core`
    |                          no `i16` in `lib::core`
    |
    = help: consider importing one of these items instead:
            ::core::i16
            ::core::primitive::i16
    = help: consider importing one of these items instead:
            ::core::i32
            ::core::primitive::i32
    = help: consider importing one of these items instead:
            ::core::i64
            ::core::primitive::i64
    = help: consider importing one of these items instead:
            ::core::i8
            ::core::primitive::i8
    = help: consider importing one of these items instead:
            ::core::isize
            ::core::primitive::isize

error: cannot find attribute `derive` in this scope
   --> C:\Users\john\.cargo\registry\src\index.crates.io-1949cf8c6b5b557f\winnow-0.7.13\src\error.rs:914:3
    |
914 | #[derive(Clone, Debug, PartialEq, Eq)]
    |   ^^^^^^
    |
help: consider importing this attribute macro
    |
22  + use core::prelude::rust_2024::derive;
    |

error[E0432]: unresolved imports `self::core::iter`, `self::core::num`, `self::core::ptr`, `self::core::str`
   --> C:\Users\john\.cargo\registry\src\index.crates.io-1949cf8c6b5b557f\serde-1.0.219\src\lib.rs:179:26
    |
179 |     pub use self::core::{iter, num, ptr, str};
    |                          ^^^^  ^^^  ^^^  ^^^ no `str` in `lib::core`
    |                          |     |    |
    |                          |     |    no `ptr` in `lib::core`
    |                          |     no `num` in `lib::core`
    |                          no `iter` in `lib::core`
    |
    = help: consider importing this module instead:
            ::core::iter
    = help: consider importing one of these modules instead:
            ::core::num
            ::core::simd::num
    = help: consider importing one of these modules instead:
            ::core::ptr
            ::core::simd::ptr
    = help: consider importing one of these items instead:
            ::core::primitive::str
            ::core::str

error: cannot find macro `write` in this scope
   --> C:\Users\john\.cargo\registry\src\index.crates.io-1949cf8c6b5b557f\winnow-0.7.13\src\error.rs:945:17
    |
945 |                 write!(f, "`{}`", c.escape_debug())
    |                 ^^^^^
    |
help: consider importing this macro
    |
22  + use core::write;
    |

error[E0432]: unresolved imports `self::core::u16`, `self::core::u32`, `self::core::u64`, `self::core::u8`, `self::core::usize`
   --> C:\Users\john\.cargo\registry\src\index.crates.io-1949cf8c6b5b557f\serde-1.0.219\src\lib.rs:180:26
    |
180 |     pub use self::core::{u16, u32, u64, u8, usize};
    |                          ^^^  ^^^  ^^^  ^^  ^^^^^ no `usize` in `lib::core`
    |                          |    |    |    |
    |                          |    |    |    no `u8` in `lib::core`
    |                          |    |    no `u64` in `lib::core`
    |                          |    no `u32` in `lib::core`
    |                          no `u16` in `lib::core`
    |
    = help: consider importing one of these items instead:
            ::core::primitive::u16
            ::core::u16
    = help: consider importing one of these items instead:
            ::core::primitive::u32
            ::core::u32
    = help: consider importing one of these items instead:
            ::core::primitive::u64
            ::core::u64
    = help: consider importing one of these items instead:
            ::core::primitive::u8
            ::core::u8
    = help: consider importing one of these items instead:
            ::core::primitive::usize
            ::core::usize

error: cannot find macro `write` in this scope
   --> C:\Users\john\.cargo\registry\src\index.crates.io-1949cf8c6b5b557f\winnow-0.7.13\src\error.rs:947:37
    |
947 |             Self::CharLiteral(c) => write!(f, "`{c}`"),
    |                                     ^^^^^
    |
help: consider importing this macro
    |
22  + use core::write;
    |

error[E0432]: unresolved imports `self::core::cmp`, `self::core::mem`, `self::core::slice`
   --> C:\Users\john\.cargo\registry\src\index.crates.io-1949cf8c6b5b557f\serde-1.0.219\src\lib.rs:183:26
    |
183 |     pub use self::core::{cmp, mem, slice};
    |                          ^^^  ^^^  ^^^^^ no `slice` in `lib::core`
    |                          |    |
    |                          |    no `mem` in `lib::core`
    |                          no `cmp` in `lib::core`
    |
    = help: consider importing one of these modules instead:
            ::core::cmp
            ::core::simd::cmp
    = help: consider importing this module instead:
            ::core::mem
    = help: consider importing this module instead:
            ::core::slice

error[E0432]: unresolved import `self::core::cell`
   --> C:\Users\john\.cargo\registry\src\index.crates.io-1949cf8c6b5b557f\serde-1.0.219\src\lib.rs:185:25
    |
185 |     pub use self::core::cell::{Cell, RefCell};
    |                         ^^^^ could not find `cell` in `core`

error[E0432]: unresolved import `self::core::clone`
   --> C:\Users\john\.cargo\registry\src\index.crates.io-1949cf8c6b5b557f\serde-1.0.219\src\lib.rs:186:13
    |
186 |     pub use self::core::clone;
    |             ^^^^^^^^^^^^^^^^^ no `clone` in `lib::core`
    |
help: consider importing this module instead
    |
186 -     pub use self::core::clone;
186 +     pub use ::core::clone;
    |

error: cannot find macro `write` in this scope
   --> C:\Users\john\.cargo\registry\src\index.crates.io-1949cf8c6b5b557f\winnow-0.7.13\src\error.rs:948:39
    |
948 |             Self::StringLiteral(c) => write!(f, "`{c}`"),
    |                                       ^^^^^
    |
help: consider importing this macro
    |
22  + use core::write;
    |

error[E0432]: unresolved import `self::core::cmp`
   --> C:\Users\john\.cargo\registry\src\index.crates.io-1949cf8c6b5b557f\serde-1.0.219\src\lib.rs:187:25
    |
187 |     pub use self::core::cmp::Reverse;
    |                         ^^^ could not find `cmp` in `core`

error[E0432]: unresolved import `self::core::convert`
   --> C:\Users\john\.cargo\registry\src\index.crates.io-1949cf8c6b5b557f\serde-1.0.219\src\lib.rs:188:13
    |
188 |     pub use self::core::convert;
    |             ^^^^^^^^^^^^^^^^^^^ no `convert` in `lib::core`
    |
help: consider importing this module instead
    |
188 -     pub use self::core::convert;
188 +     pub use ::core::convert;
    |

error[E0432]: unresolved import `self::core::default`
   --> C:\Users\john\.cargo\registry\src\index.crates.io-1949cf8c6b5b557f\serde-1.0.219\src\lib.rs:189:13
    |
189 |     pub use self::core::default;
    |             ^^^^^^^^^^^^^^^^^^^ no `default` in `lib::core`
    |
help: consider importing this module instead
    |
189 -     pub use self::core::default;
189 +     pub use ::core::default;
    |

error: cannot find macro `write` in this scope
   --> C:\Users\john\.cargo\registry\src\index.crates.io-1949cf8c6b5b557f\winnow-0.7.13\src\error.rs:949:37
    |
949 |             Self::Description(c) => write!(f, "{c}"),
    |                                     ^^^^^
    |
help: consider importing this macro
    |
22  + use core::write;
    |

error[E0432]: unresolved imports `self::core::fmt`, `self::core::fmt`
   --> C:\Users\john\.cargo\registry\src\index.crates.io-1949cf8c6b5b557f\serde-1.0.219\src\lib.rs:190:25
    |
190 |     pub use self::core::fmt::{self, Debug, Display, Write as FmtWrite};
    |                         ^^^   ^^^^ no `fmt` in `lib::core`
    |                         |
    |                         could not find `fmt` in `core`
    |
    = help: consider importing this module instead:
            ::core::fmt
note: module `crate::ser::fmt` exists but is inaccessible
   --> C:\Users\john\.cargo\registry\src\index.crates.io-1949cf8c6b5b557f\serde-1.0.219\src\ser\mod.rs:112:1
    |
112 | mod fmt;
    | ^^^^^^^^ not accessible

error[E0432]: unresolved imports `self::core::marker`, `self::core::marker`
   --> C:\Users\john\.cargo\registry\src\index.crates.io-1949cf8c6b5b557f\serde-1.0.219\src\lib.rs:191:25
    |
191 |     pub use self::core::marker::{self, PhantomData};
    |                         ^^^^^^   ^^^^ no `marker` in `lib::core`
    |                         |
    |                         could not find `marker` in `core`
    |
    = help: consider importing this module instead:
            ::core::marker

error[E0432]: unresolved import `self::core::num`
   --> C:\Users\john\.cargo\registry\src\index.crates.io-1949cf8c6b5b557f\serde-1.0.219\src\lib.rs:192:25
    |
192 |     pub use self::core::num::Wrapping;
    |                         ^^^ could not find `num` in `core`

error[E0432]: unresolved import `self::core::ops`
   --> C:\Users\john\.cargo\registry\src\index.crates.io-1949cf8c6b5b557f\serde-1.0.219\src\lib.rs:193:25
    |
193 |     pub use self::core::ops::{Bound, Range, RangeFrom, RangeInclusive, RangeTo};
    |                         ^^^ could not find `ops` in `core`

error[E0432]: unresolved import `self::core::option`
   --> C:\Users\john\.cargo\registry\src\index.crates.io-1949cf8c6b5b557f\serde-1.0.219\src\lib.rs:194:13
    |
194 |     pub use self::core::option;
    |             ^^^^^^^^^^^^^^^^^^ no `option` in `lib::core`
    |
help: consider importing this module instead
    |
194 -     pub use self::core::option;
194 +     pub use ::core::option;
    |

error[E0432]: unresolved import `self::core::result`
   --> C:\Users\john\.cargo\registry\src\index.crates.io-1949cf8c6b5b557f\serde-1.0.219\src\lib.rs:195:13
    |
195 |     pub use self::core::result;
    |             ^^^^^^^^^^^^^^^^^^ no `result` in `lib::core`
    |
help: consider importing this module instead
    |
195 -     pub use self::core::result;
195 +     pub use ::core::result;
    |

error[E0432]: unresolved import `self::core::time`
   --> C:\Users\john\.cargo\registry\src\index.crates.io-1949cf8c6b5b557f\serde-1.0.219\src\lib.rs:196:25
    |
196 |     pub use self::core::time::Duration;
    |                         ^^^^ could not find `time` in `core`

error[E0432]: unresolved import `self::core::num`
   --> C:\Users\john\.cargo\registry\src\index.crates.io-1949cf8c6b5b557f\serde-1.0.219\src\lib.rs:288:25
    |
288 |     pub use self::core::num::Saturating;
    |                         ^^^ could not find `num` in `core`

error: cannot find attribute `derive` in this scope
   --> C:\Users\john\.cargo\registry\src\index.crates.io-1949cf8c6b5b557f\winnow-0.7.13\src\error.rs:955:3
    |
955 | #[derive(Debug)]
    |   ^^^^^^
    |
help: consider importing this attribute macro
    |
22  + use core::prelude::rust_2024::derive;
    |

error: cannot find attribute `derive` in this scope
   --> C:\Users\john\.cargo\registry\src\index.crates.io-1949cf8c6b5b557f\winnow-0.7.13\src\error.rs:972:3
    |
972 | #[derive(Debug)]
    |   ^^^^^^
    |
help: consider importing this attribute macro
    |
22  + use core::prelude::rust_2024::derive;
    |

error: cannot find attribute `derive` in this scope
   --> C:\Users\john\.cargo\registry\src\index.crates.io-1949cf8c6b5b557f\winnow-0.7.13\src\error.rs:982:3
    |
982 | #[derive(Debug)]
    |   ^^^^^^
    |
help: consider importing this attribute macro
    |
22  + use core::prelude::rust_2024::derive;
    |

error[E0463]: can't find crate for `std`
   --> C:\Users\john\.cargo\registry\src\index.crates.io-1949cf8c6b5b557f\clap_lex-0.7.5\src\lib.rs:392:35
    |
392 |     pub fn display(&self) -> impl std::fmt::Display + '_ {
    |                                   ^^^ can't find crate
    |
    = note: the `thumbv7em-none-eabihf` target may not support the standard library

error: cannot find macro `format_args` in this scope
    --> C:\Users\john\.cargo\registry\src\index.crates.io-1949cf8c6b5b557f\serde-1.0.219\src\private\de.rs:2550:27
     |
2550 |         Err(Error::custom(format_args!(
     |                           ^^^^^^^^^^^
     |
help: consider importing this macro
     |
1    + use core::format_args;
     |

error[E0463]: can't find crate for `std`
   --> C:\Users\john\.cargo\registry\src\index.crates.io-1949cf8c6b5b557f\clap_lex-0.7.5\src\lib.rs:401:18
    |
401 |     utf8_prefix: std::str::CharIndices<'s>,
    |                  ^^^ can't find crate
    |
    = note: the `thumbv7em-none-eabihf` target may not support the standard library

error: cannot find attribute `derive` in this scope
   --> C:\Users\john\.cargo\registry\src\index.crates.io-1949cf8c6b5b557f\winnow-0.7.13\src\error.rs:992:3
    |
992 | #[derive(Debug)]
    |   ^^^^^^
    |
help: consider importing this attribute macro
    |
22  + use core::prelude::rust_2024::derive;
    |

error: cannot find macro `write` in this scope
    --> C:\Users\john\.cargo\registry\src\index.crates.io-1949cf8c6b5b557f\serde-1.0.219\src\private\de.rs:2772:9
     |
2772 |         write!(formatter, "variant of enum {}", self.enum_name)
     |         ^^^^^
     |
help: consider importing this macro
     |
1    + use core::write;
     |

error: cannot find macro `vec` in this scope
    --> C:\Users\john\.cargo\registry\src\index.crates.io-1949cf8c6b5b557f\winnow-0.7.13\src\error.rs:1051:24
     |
1051 |                 stack: vec![frame],
     |                        ^^^
     |
help: consider importing this macro
     |
22   + use alloc::vec;
     |

error: cannot find macro `vec` in this scope
    --> C:\Users\john\.cargo\registry\src\index.crates.io-1949cf8c6b5b557f\winnow-0.7.13\src\error.rs:1092:47
     |
1092 |             (first, second) => TreeError::Alt(vec![first, second]),
     |                                               ^^^
     |
help: consider importing this macro
     |
22   + use alloc::vec;
     |

error: cannot find macro `format_args` in this scope
  --> C:\Users\john\.cargo\registry\src\index.crates.io-1949cf8c6b5b557f\serde-1.0.219\src\private\ser.rs:85:28
   |
85 |         ser::Error::custom(format_args!(
   |                            ^^^^^^^^^^^
   |
help: consider importing this macro
   |
1  + use core::format_args;
   |

error: cannot find macro `writeln` in this scope
    --> C:\Users\john\.cargo\registry\src\index.crates.io-1949cf8c6b5b557f\winnow-0.7.13\src\error.rs:1168:17
     |
1168 |                 writeln!(f, "{:indent$}{base}", "")?;
     |                 ^^^^^^^
     |
help: consider importing this macro
     |
22   + use core::writeln;
     |

error: cannot find macro `writeln` in this scope
    --> C:\Users\john\.cargo\registry\src\index.crates.io-1949cf8c6b5b557f\winnow-0.7.13\src\error.rs:1175:29
     |
1175 | ...                   writeln!(f, "{:child_indent$}{level}: {frame}", "")?;
     |                       ^^^^^^^
     |
help: consider importing this macro
     |
22   + use core::writeln;
     |

error: cannot find macro `format_args` in this scope
   --> C:\Users\john\.cargo\registry\src\index.crates.io-1949cf8c6b5b557f\serde-1.0.219\src\private\ser.rs:998:28
    |
998 |         ser::Error::custom(format_args!(
    |                            ^^^^^^^^^^^
    |
help: consider importing this macro
    |
1   + use core::format_args;
    |

error: cannot find macro `writeln` in this scope
    --> C:\Users\john\.cargo\registry\src\index.crates.io-1949cf8c6b5b557f\winnow-0.7.13\src\error.rs:1178:29
     |
1178 | ...                   writeln!(f, "{:child_indent$}{level}: {frame}", "")?;
     |                       ^^^^^^^
     |
help: consider importing this macro
     |
22   + use core::writeln;
     |

error: cannot find macro `write` in this scope
    --> C:\Users\john\.cargo\registry\src\index.crates.io-1949cf8c6b5b557f\serde-1.0.219\src\private\ser.rs:1360:9
     |
1360 |         write!(formatter, "enum variant cannot be serialized: {:?}", self.0)
     |         ^^^^^
     |
help: consider importing this macro
     |
1    + use core::write;
     |

error: cannot find macro `writeln` in this scope
    --> C:\Users\john\.cargo\registry\src\index.crates.io-1949cf8c6b5b557f\winnow-0.7.13\src\error.rs:1184:17
     |
1184 |                 writeln!(f, "{:indent$}during one of:", "")?;
     |                 ^^^^^^^
     |
help: consider importing this macro
     |
22   + use core::writeln;
     |

error: cannot find macro `stringify` in this scope
    --> C:\Users\john\.cargo\registry\src\index.crates.io-1949cf8c6b5b557f\serde-1.0.219\src\de\impls.rs:1712:40
     |
1712 |           $deserializer.deserialize_enum(stringify!($name), VARIANTS, EnumVisitor)
     |                                          ^^^^^^^^^
...
1772 | /             deserialize_enum! {
1773 | |                 SocketAddr SocketAddrKind (V4; b"V4"; 0, V6; b"V6"; 1)
1774 | |                 "`V4` or `V6`",
1775 | |                 deserializer
1776 | |             }
     | |_____________- in this macro invocation
     |
     = note: this error originates in the macro `deserialize_enum` (in Nightly builds, run with -Z macro-backtrace for more info)
help: consider importing this macro
     |
1    + use core::stringify;
     |

error: cannot find macro `write` in this scope
    --> C:\Users\john\.cargo\registry\src\index.crates.io-1949cf8c6b5b557f\winnow-0.7.13\src\error.rs:1199:13
     |
1199 |             write!(f, "caused by {cause}")?;
     |             ^^^^^
     |
help: consider importing this macro
     |
22   + use core::write;
     |

error: cannot find macro `write` in this scope
    --> C:\Users\john\.cargo\registry\src\index.crates.io-1949cf8c6b5b557f\winnow-0.7.13\src\error.rs:1202:9
     |
1202 |         write!(f, " at '{input}'")?;
     |         ^^^^^
     |
help: consider importing this macro
     |
22   + use core::write;
     |

error: cannot find macro `concat` in this scope
    --> C:\Users\john\.cargo\registry\src\index.crates.io-1949cf8c6b5b557f\serde-1.0.219\src\de\impls.rs:1697:37
     |
1697 |                   formatter.write_str(concat!("a ", stringify!($name)))
     |                                       ^^^^^^
...
1772 | /             deserialize_enum! {
1773 | |                 SocketAddr SocketAddrKind (V4; b"V4"; 0, V6; b"V6"; 1)
1774 | |                 "`V4` or `V6`",
1775 | |                 deserializer
1776 | |             }
     | |_____________- in this macro invocation
     |
     = note: this error originates in the macro `deserialize_enum` (in Nightly builds, run with -Z macro-backtrace for more info)
help: consider importing this macro
     |
1    + use core::concat;
     |

error: cannot find macro `stringify` in this scope
    --> C:\Users\john\.cargo\registry\src\index.crates.io-1949cf8c6b5b557f\serde-1.0.219\src\de\impls.rs:1649:33
     |
1649 |                                   stringify!($variant) => Ok($name_kind :: $variant),
     |                                   ^^^^^^^^^
...
1772 | /             deserialize_enum! {
1773 | |                 SocketAddr SocketAddrKind (V4; b"V4"; 0, V6; b"V6"; 1)
1774 | |                 "`V4` or `V6`",
1775 | |                 deserializer
1776 | |             }
     | |_____________- in this macro invocation
     |
     = note: this error originates in the macro `variant_identifier` which comes from the expansion of the macro `deserialize_enum` (in Nightly builds, run with -Z macro-backtrace for more info)
help: consider importing this macro
     |
1    + use core::stringify;
     |

error: cannot find macro `write` in this scope
    --> C:\Users\john\.cargo\registry\src\index.crates.io-1949cf8c6b5b557f\winnow-0.7.13\src\error.rs:1212:9
     |
1212 |         write!(f, "{context} at '{input}'")?;
     |         ^^^^^
     |
help: consider importing this macro
     |
22   + use core::write;
     |

error: cannot find macro `format` in this scope
    --> C:\Users\john\.cargo\registry\src\index.crates.io-1949cf8c6b5b557f\winnow-0.7.13\src\error.rs:1240:9
     |
1240 |         format!("{abbrev}...")
     |         ^^^^^^
     |
help: consider importing this macro
     |
22   + use alloc::format;
     |

error: cannot find attribute `derive` in this scope
    --> C:\Users\john\.cargo\registry\src\index.crates.io-1949cf8c6b5b557f\winnow-0.7.13\src\error.rs:1254:3
     |
1254 | #[derive(Clone, Debug, PartialEq, Eq)]
     |   ^^^^^^
     |
help: consider importing this attribute macro
     |
22   + use core::prelude::rust_2024::derive;
     |

error: cannot find macro `stringify` in this scope
    --> C:\Users\john\.cargo\registry\src\index.crates.io-1949cf8c6b5b557f\serde-1.0.219\src\de\impls.rs:1615:46
     |
1615 |           static $variants_name: &[&str] = &[$(stringify!($variant)),*];
     |                                                ^^^^^^^^^
...
1772 | /             deserialize_enum! {
1773 | |                 SocketAddr SocketAddrKind (V4; b"V4"; 0, V6; b"V6"; 1)
1774 | |                 "`V4` or `V6`",
1775 | |                 deserializer
1776 | |             }
     | |_____________- in this macro invocation
     |
     = note: this error originates in the macro `variant_identifier` which comes from the expansion of the macro `deserialize_enum` (in Nightly builds, run with -Z macro-backtrace for more info)
help: consider importing this macro
     |
1    + use core::stringify;
     |

error: cannot find macro `writeln` in this scope
    --> C:\Users\john\.cargo\registry\src\index.crates.io-1949cf8c6b5b557f\winnow-0.7.13\src\error.rs:1370:13
     |
1370 |             writeln!(f, "parse error at line {line_num}, column {col_num}")?;
     |             ^^^^^^^
     |
help: consider importing this macro
     |
22   + use core::writeln;
     |

error: cannot find macro `write` in this scope
    --> C:\Users\john\.cargo\registry\src\index.crates.io-1949cf8c6b5b557f\winnow-0.7.13\src\error.rs:1373:17
     |
1373 |                 write!(f, " ")?;
     |                 ^^^^^
     |
help: consider importing this macro
     |
22   + use core::write;
     |

error: cannot find macro `stringify` in this scope
    --> C:\Users\john\.cargo\registry\src\index.crates.io-1949cf8c6b5b557f\serde-1.0.219\src\de\impls.rs:1712:40
     |
1712 |           $deserializer.deserialize_enum(stringify!($name), VARIANTS, EnumVisitor)
     |                                          ^^^^^^^^^
...
1726 | /             deserialize_enum! {
1727 | |                 IpAddr IpAddrKind (V4; b"V4"; 0, V6; b"V6"; 1)
1728 | |                 "`V4` or `V6`",
1729 | |                 deserializer
1730 | |             }
     | |_____________- in this macro invocation
     |
     = note: this error originates in the macro `deserialize_enum` (in Nightly builds, run with -Z macro-backtrace for more info)
help: consider importing this macro
     |
1    + use core::stringify;
     |

error: cannot find macro `writeln` in this scope
    --> C:\Users\john\.cargo\registry\src\index.crates.io-1949cf8c6b5b557f\winnow-0.7.13\src\error.rs:1375:13
     |
1375 |             writeln!(f, " |")?;
     |             ^^^^^^^
     |
help: consider importing this macro
     |
22   + use core::writeln;
     |

error: cannot find macro `concat` in this scope
    --> C:\Users\john\.cargo\registry\src\index.crates.io-1949cf8c6b5b557f\serde-1.0.219\src\de\impls.rs:1697:37
     |
1697 |                   formatter.write_str(concat!("a ", stringify!($name)))
     |                                       ^^^^^^
...
1726 | /             deserialize_enum! {
1727 | |                 IpAddr IpAddrKind (V4; b"V4"; 0, V6; b"V6"; 1)
1728 | |                 "`V4` or `V6`",
1729 | |                 deserializer
1730 | |             }
     | |_____________- in this macro invocation
     |
     = note: this error originates in the macro `deserialize_enum` (in Nightly builds, run with -Z macro-backtrace for more info)
help: consider importing this macro
     |
1    + use core::concat;
     |

error[E0463]: can't find crate for `std`
   --> C:\Users\john\.cargo\registry\src\index.crates.io-1949cf8c6b5b557f\anstyle-1.0.11\src\color.rs:622:39
    |
622 |     fn write_to(self, write: &mut dyn std::io::Write) -> std::io::Result<()> {
    |                                       ^^^ can't find crate
    |
    = note: the `thumbv7em-none-eabihf` target may not support the standard library

error[E0463]: can't find crate for `std`
   --> C:\Users\john\.cargo\registry\src\index.crates.io-1949cf8c6b5b557f\anstyle-1.0.11\src\color.rs:622:58
    |
622 |     fn write_to(self, write: &mut dyn std::io::Write) -> std::io::Result<()> {
    |                                                          ^^^ can't find crate
    |
    = note: the `thumbv7em-none-eabihf` target may not support the standard library

error: cannot find macro `write` in this scope
    --> C:\Users\john\.cargo\registry\src\index.crates.io-1949cf8c6b5b557f\winnow-0.7.13\src\error.rs:1378:13
     |
1378 |             write!(f, "{line_num} | ")?;
     |             ^^^^^
     |
help: consider importing this macro
     |
22   + use core::write;
     |

error: cannot find macro `stringify` in this scope
    --> C:\Users\john\.cargo\registry\src\index.crates.io-1949cf8c6b5b557f\serde-1.0.219\src\de\impls.rs:1649:33
     |
1649 |                                   stringify!($variant) => Ok($name_kind :: $variant),
     |                                   ^^^^^^^^^
...
1726 | /             deserialize_enum! {
1727 | |                 IpAddr IpAddrKind (V4; b"V4"; 0, V6; b"V6"; 1)
1728 | |                 "`V4` or `V6`",
1729 | |                 deserializer
1730 | |             }
     | |_____________- in this macro invocation
     |
     = note: this error originates in the macro `variant_identifier` which comes from the expansion of the macro `deserialize_enum` (in Nightly builds, run with -Z macro-backtrace for more info)
help: consider importing this macro
     |
1    + use core::stringify;
     |

error[E0463]: can't find crate for `std`
   --> C:\Users\john\.cargo\registry\src\index.crates.io-1949cf8c6b5b557f\anstyle-1.0.11\src\effect.rs:174:50
    |
174 |     pub(crate) fn write_to(self, write: &mut dyn std::io::Write) -> std::io::Result<()> {
    |                                                  ^^^ can't find crate
    |
    = note: the `thumbv7em-none-eabihf` target may not support the standard library

error: could not compile `regex-syntax` (lib) due to 1 previous error
error[E0463]: can't find crate for `std`
   --> C:\Users\john\.cargo\registry\src\index.crates.io-1949cf8c6b5b557f\anstyle-1.0.11\src\effect.rs:174:69
    |
174 |     pub(crate) fn write_to(self, write: &mut dyn std::io::Write) -> std::io::Result<()> {
    |                                                                     ^^^ can't find crate
    |
    = note: the `thumbv7em-none-eabihf` target may not support the standard library

error: cannot find macro `writeln` in this scope
    --> C:\Users\john\.cargo\registry\src\index.crates.io-1949cf8c6b5b557f\winnow-0.7.13\src\error.rs:1379:13
     |
1379 |             writeln!(f, "{}", String::from_utf8_lossy(content))?;
     |             ^^^^^^^
     |
help: consider importing this macro
     |
22   + use core::writeln;
     |

error: cannot find macro `stringify` in this scope
    --> C:\Users\john\.cargo\registry\src\index.crates.io-1949cf8c6b5b557f\serde-1.0.219\src\de\impls.rs:1615:46
     |
1615 |           static $variants_name: &[&str] = &[$(stringify!($variant)),*];
     |                                                ^^^^^^^^^
...
1726 | /             deserialize_enum! {
1727 | |                 IpAddr IpAddrKind (V4; b"V4"; 0, V6; b"V6"; 1)
1728 | |                 "`V4` or `V6`",
1729 | |                 deserializer
1730 | |             }
     | |_____________- in this macro invocation
     |
     = note: this error originates in the macro `variant_identifier` which comes from the expansion of the macro `deserialize_enum` (in Nightly builds, run with -Z macro-backtrace for more info)
help: consider importing this macro
     |
1    + use core::stringify;
     |

error: cannot find macro `write` in this scope
    --> C:\Users\john\.cargo\registry\src\index.crates.io-1949cf8c6b5b557f\winnow-0.7.13\src\error.rs:1383:17
     |
1383 |                 write!(f, " ")?;
     |                 ^^^^^
     |
help: consider importing this macro
     |
22   + use core::write;
     |

error: cannot find macro `write` in this scope
    --> C:\Users\john\.cargo\registry\src\index.crates.io-1949cf8c6b5b557f\winnow-0.7.13\src\error.rs:1385:13
     |
1385 |             write!(f, " | ")?;
     |             ^^^^^
     |
help: consider importing this macro
     |
22   + use core::write;
     |

error: cannot find macro `write` in this scope
    --> C:\Users\john\.cargo\registry\src\index.crates.io-1949cf8c6b5b557f\winnow-0.7.13\src\error.rs:1387:17
     |
1387 |                 write!(f, " ")?;
     |                 ^^^^^
     |
help: consider importing this macro
     |
22   + use core::write;
     |

error: cannot find macro `concat` in this scope
    --> C:\Users\john\.cargo\registry\src\index.crates.io-1949cf8c6b5b557f\serde-1.0.219\src\de\impls.rs:1456:41
     |
1456 |                       formatter.write_str(concat!("a tuple of size ", $len))
     |                                           ^^^^^^
...
1492 | / tuple_impls! {
1493 | |     2  => (0 T0 1 T1)
1494 | |     3  => (0 T0 1 T1 2 T2)
1495 | |     4  => (0 T0 1 T1 2 T2 3 T3)
...    |
1507 | |     16 => (0 T0 1 T1 2 T2 3 T3 4 T4 5 T5 6 T6 7 T7 8 T8 9 T9 10 T10 11 T11 12 T12 13 T13 14 T14 15 T15)
1508 | | }
     | |_- in this macro invocation
     |
     = note: this error originates in the macro `tuple_impl_body` which comes from the expansion of the macro `tuple_impls` (in Nightly builds, run with -Z macro-backtrace for more info)
help: consider importing this macro
     |
1    + use core::concat;
     |

error: cannot find macro `write` in this scope
    --> C:\Users\john\.cargo\registry\src\index.crates.io-1949cf8c6b5b557f\winnow-0.7.13\src\error.rs:1391:13
     |
1391 |             write!(f, "^")?;
     |             ^^^^^
     |
help: consider importing this macro
     |
22   + use core::write;
     |

error: cannot find macro `concat` in this scope
    --> C:\Users\john\.cargo\registry\src\index.crates.io-1949cf8c6b5b557f\serde-1.0.219\src\de\impls.rs:1422:41
     |
1422 |                       formatter.write_str(concat!("a tuple of size ", $len))
     |                                           ^^^^^^
...
1492 | / tuple_impls! {
1493 | |     2  => (0 T0 1 T1)
1494 | |     3  => (0 T0 1 T1 2 T2)
1495 | |     4  => (0 T0 1 T1 2 T2 3 T3)
...    |
1507 | |     16 => (0 T0 1 T1 2 T2 3 T3 4 T4 5 T5 6 T6 7 T7 8 T8 9 T9 10 T10 11 T11 12 T12 13 T13 14 T14 15 T15)
1508 | | }
     | |_- in this macro invocation
     |
     = note: this error originates in the macro `tuple_impl_body` which comes from the expansion of the macro `tuple_impls` (in Nightly builds, run with -Z macro-backtrace for more info)
help: consider importing this macro
     |
1    + use core::concat;
     |

error: cannot find macro `write` in this scope
    --> C:\Users\john\.cargo\registry\src\index.crates.io-1949cf8c6b5b557f\winnow-0.7.13\src\error.rs:1393:17
     |
1393 |                 write!(f, "^")?;
     |                 ^^^^^
     |
help: consider importing this macro
     |
22   + use core::write;
     |

error: cannot find macro `writeln` in this scope
    --> C:\Users\john\.cargo\registry\src\index.crates.io-1949cf8c6b5b557f\winnow-0.7.13\src\error.rs:1395:13
     |
1395 |             writeln!(f)?;
     |             ^^^^^^^
     |
help: consider importing this macro
     |
22   + use core::writeln;
     |

error: cannot find macro `writeln` in this scope
    --> C:\Users\john\.cargo\registry\src\index.crates.io-1949cf8c6b5b557f\winnow-0.7.13\src\error.rs:1398:13
     |
1398 |             writeln!(f, "{}", String::from_utf8_lossy(content))?;
     |             ^^^^^^^
     |
help: consider importing this macro
     |
22   + use core::writeln;
     |

error: cannot find macro `write` in this scope
    --> C:\Users\john\.cargo\registry\src\index.crates.io-1949cf8c6b5b557f\winnow-0.7.13\src\error.rs:1400:17
     |
1400 |                 write!(f, " ")?;
     |                 ^^^^^
     |
help: consider importing this macro
     |
22   + use core::write;
     |

error: cannot find macro `write` in this scope
    --> C:\Users\john\.cargo\registry\src\index.crates.io-1949cf8c6b5b557f\winnow-0.7.13\src\error.rs:1404:13
     |
1404 |             write!(f, "^")?;
     |             ^^^^^
     |
help: consider importing this macro
     |
22   + use core::write;
     |

error: cannot find macro `write` in this scope
    --> C:\Users\john\.cargo\registry\src\index.crates.io-1949cf8c6b5b557f\winnow-0.7.13\src\error.rs:1406:17
     |
1406 |                 write!(f, "^")?;
     |                 ^^^^^
     |
help: consider importing this macro
     |
22   + use core::write;
     |

error: cannot find macro `writeln` in this scope
    --> C:\Users\john\.cargo\registry\src\index.crates.io-1949cf8c6b5b557f\winnow-0.7.13\src\error.rs:1408:13
     |
1408 |             writeln!(f)?;
     |             ^^^^^^^
     |
help: consider importing this macro
     |
22   + use core::writeln;
     |

error: cannot find macro `write` in this scope
    --> C:\Users\john\.cargo\registry\src\index.crates.io-1949cf8c6b5b557f\winnow-0.7.13\src\error.rs:1410:9
     |
1410 |         write!(f, "{}", self.inner)?;
     |         ^^^^^
     |
help: consider importing this macro
     |
22   + use core::write;
     |

error: cannot find macro `debug_assert` in this scope
  --> C:\Users\john\.cargo\registry\src\index.crates.io-1949cf8c6b5b557f\winnow-0.7.13\src\parser.rs:72:9
   |
72 |         debug_assert!(
   |         ^^^^^^^^^^^^
   |
help: consider importing this macro
   |
3  + use core::debug_assert;
   |

error: cannot find macro `panic` in this scope
  --> C:\Users\john\.cargo\registry\src\index.crates.io-1949cf8c6b5b557f\winnow-0.7.13\src\parser.rs:82:21
   |
82 |                     panic!("complete parsers should not report `ErrMode::Incomplete(_)`")
   |                     ^^^^^
   |
help: consider importing this macro
   |
3  + use core::panic;
   |

error: cannot find attribute `derive` in this scope
  --> C:\Users\john\.cargo\registry\src\index.crates.io-1949cf8c6b5b557f\winnow-0.7.13\src\stream\bstr.rs:23:3
   |
23 | #[derive(Hash)]
   |   ^^^^^^
   |
help: consider importing this attribute macro
   |
1  + use core::prelude::rust_2024::derive;
   |

error: cannot find macro `write` in this scope
   --> C:\Users\john\.cargo\registry\src\index.crates.io-1949cf8c6b5b557f\winnow-0.7.13\src\stream\bstr.rs:251:13
    |
251 |             write!(f, "\"")?;
    |             ^^^^^
    |
help: consider importing this macro
    |
1   + use core::write;
    |

error: cannot find macro `write` in this scope
   --> C:\Users\john\.cargo\registry\src\index.crates.io-1949cf8c6b5b557f\winnow-0.7.13\src\stream\bstr.rs:255:13
    |
255 |             write!(f, "{}", c.escape_debug())?;
    |             ^^^^^
    |
help: consider importing this macro
    |
1   + use core::write;
    |

error: cannot find macro `write` in this scope
   --> C:\Users\john\.cargo\registry\src\index.crates.io-1949cf8c6b5b557f\winnow-0.7.13\src\stream\bstr.rs:258:13
    |
258 |             write!(f, "\"")?;
    |             ^^^^^
    |
help: consider importing this macro
    |
1   + use core::write;
    |

error[E0412]: cannot find type `Result` in this scope
 --> C:\Users\john\.cargo\registry\src\index.crates.io-1949cf8c6b5b557f\clap_lex-0.7.5\src\ext.rs:9:26
  |
9 |     fn try_str(&self) -> Result<&str, std::str::Utf8Error>;
  |                          ^^^^^^ not found in this scope
  |
help: consider importing one of these items
  |
1 + use core::fmt::Result;
  |
1 + use core::result::Result;
  |

error[E0412]: cannot find type `Option` in this scope
  --> C:\Users\john\.cargo\registry\src\index.crates.io-1949cf8c6b5b557f\clap_lex-0.7.5\src\ext.rs:49:37
   |
49 |     fn find(&self, needle: &str) -> Option<usize>;
   |                                     ^^^^^^ not found in this scope
   |
help: consider importing this enum
   |
1  + use core::option::Option;
   |

error[E0412]: cannot find type `Option` in this scope
  --> C:\Users\john\.cargo\registry\src\index.crates.io-1949cf8c6b5b557f\clap_lex-0.7.5\src\ext.rs:66:45
   |
66 |     fn strip_prefix(&self, prefix: &str) -> Option<&OsStr>;
   |                                             ^^^^^^ not found in this scope
   |
help: consider importing this enum
   |
1  + use core::option::Option;
   |

error[E0412]: cannot find type `Option` in this scope
   --> C:\Users\john\.cargo\registry\src\index.crates.io-1949cf8c6b5b557f\clap_lex-0.7.5\src\ext.rs:182:46
    |
182 |     fn split_once(&self, needle: &'_ str) -> Option<(&OsStr, &OsStr)>;
    |                                              ^^^^^^ not found in this scope
    |
help: consider importing this enum
    |
1   + use core::option::Option;
    |

error[E0412]: cannot find type `Result` in this scope
   --> C:\Users\john\.cargo\registry\src\index.crates.io-1949cf8c6b5b557f\clap_lex-0.7.5\src\ext.rs:186:26
    |
186 |     fn try_str(&self) -> Result<&str, std::str::Utf8Error> {
    |                          ^^^^^^ not found in this scope
    |
help: consider importing one of these items
    |
1   + use core::fmt::Result;
    |
1   + use core::result::Result;
    |

error[E0412]: cannot find type `Option` in this scope
   --> C:\Users\john\.cargo\registry\src\index.crates.io-1949cf8c6b5b557f\clap_lex-0.7.5\src\ext.rs:195:37
    |
195 |     fn find(&self, needle: &str) -> Option<usize> {
    |                                     ^^^^^^ not found in this scope
    |
help: consider importing this enum
    |
1   + use core::option::Option;
    |

error[E0412]: cannot find type `Option` in this scope
   --> C:\Users\john\.cargo\registry\src\index.crates.io-1949cf8c6b5b557f\clap_lex-0.7.5\src\ext.rs:201:45
    |
201 |     fn strip_prefix(&self, prefix: &str) -> Option<&OsStr> {
    |                                             ^^^^^^ not found in this scope
    |
help: consider importing this enum
    |
1   + use core::option::Option;
    |

error[E0425]: cannot find function, tuple struct or tuple variant `Some` in this scope
   --> C:\Users\john\.cargo\registry\src\index.crates.io-1949cf8c6b5b557f\clap_lex-0.7.5\src\ext.rs:218:23
    |
218 |             haystack: Some(self),
    |                       ^^^^
    |
help: try calling `Some` as a method
    |
218 -             haystack: Some(self),
218 +             haystack: self.Some(),
    |
help: consider importing this tuple variant
    |
1   + use core::option::Option::Some;
    |

error[E0412]: cannot find type `Option` in this scope
   --> C:\Users\john\.cargo\registry\src\index.crates.io-1949cf8c6b5b557f\clap_lex-0.7.5\src\ext.rs:223:46
    |
223 |     fn split_once(&self, needle: &'_ str) -> Option<(&OsStr, &OsStr)> {
    |                                              ^^^^^^ not found in this scope
    |
help: consider importing this enum
    |
1   + use core::option::Option;
    |

error[E0425]: cannot find function, tuple struct or tuple variant `Some` in this scope
   --> C:\Users\john\.cargo\registry\src\index.crates.io-1949cf8c6b5b557f\clap_lex-0.7.5\src\ext.rs:233:13
    |
233 |             Some((
    |             ^^^^ not found in this scope
    |
help: consider importing this tuple variant
    |
1   + use core::option::Option::Some;
    |

error[E0412]: cannot find type `Option` in this scope
   --> C:\Users\john\.cargo\registry\src\index.crates.io-1949cf8c6b5b557f\clap_lex-0.7.5\src\ext.rs:248:15
    |
248 |     haystack: Option<&'s OsStr>,
    |               ^^^^^^ not found in this scope
    |
help: consider importing this enum
    |
1   + use core::option::Option;
    |

error[E0405]: cannot find trait `Iterator` in this scope
   --> C:\Users\john\.cargo\registry\src\index.crates.io-1949cf8c6b5b557f\clap_lex-0.7.5\src\ext.rs:252:10
    |
252 | impl<'s> Iterator for Split<'s, '_> {
    |          ^^^^^^^^ not found in this scope
    |
help: consider importing this trait
    |
1   + use core::iter::Iterator;
    |

error[E0412]: cannot find type `Option` in this scope
   --> C:\Users\john\.cargo\registry\src\index.crates.io-1949cf8c6b5b557f\clap_lex-0.7.5\src\ext.rs:255:27
    |
255 |     fn next(&mut self) -> Option<Self::Item> {
    |                           ^^^^^^ not found in this scope
    |
help: consider importing this enum
    |
1   + use core::option::Option;
    |

error[E0531]: cannot find tuple struct or tuple variant `Some` in this scope
   --> C:\Users\john\.cargo\registry\src\index.crates.io-1949cf8c6b5b557f\clap_lex-0.7.5\src\ext.rs:257:16
    |
257 |         if let Some((first, second)) = haystack.split_once(self.needle) {
    |                ^^^^ not found in this scope
    |
help: consider importing this tuple variant
    |
1   + use core::option::Option::Some;
    |

error[E0425]: cannot find function, tuple struct or tuple variant `Some` in this scope
   --> C:\Users\john\.cargo\registry\src\index.crates.io-1949cf8c6b5b557f\clap_lex-0.7.5\src\ext.rs:261:29
    |
261 |             self.haystack = Some(second);
    |                             ^^^^ not found in this scope
    |
help: consider importing this tuple variant
    |
1   + use core::option::Option::Some;
    |

error[E0425]: cannot find function, tuple struct or tuple variant `Some` in this scope
   --> C:\Users\john\.cargo\registry\src\index.crates.io-1949cf8c6b5b557f\clap_lex-0.7.5\src\ext.rs:262:13
    |
262 |             Some(first)
    |             ^^^^ not found in this scope
    |
help: consider importing this tuple variant
    |
1   + use core::option::Option::Some;
    |

error[E0425]: cannot find value `None` in this scope
   --> C:\Users\john\.cargo\registry\src\index.crates.io-1949cf8c6b5b557f\clap_lex-0.7.5\src\ext.rs:264:29
    |
264 |             self.haystack = None;
    |                             ^^^^ not found in this scope
    |
help: consider importing this unit variant
    |
1   + use core::option::Option::None;
    |

error[E0425]: cannot find function, tuple struct or tuple variant `Some` in this scope
   --> C:\Users\john\.cargo\registry\src\index.crates.io-1949cf8c6b5b557f\clap_lex-0.7.5\src\ext.rs:265:13
    |
265 |             Some(haystack)
    |             ^^^^ not found in this scope
    |
help: consider importing this tuple variant
    |
1   + use core::option::Option::Some;
    |

error[E0412]: cannot find type `Vec` in this scope
   --> C:\Users\john\.cargo\registry\src\index.crates.io-1949cf8c6b5b557f\clap_lex-0.7.5\src\lib.rs:130:12
    |
130 |     items: Vec<OsString>,
    |            ^^^ not found in this scope

error[E0405]: cannot find trait `IntoIterator` in this scope
   --> C:\Users\john\.cargo\registry\src\index.crates.io-1949cf8c6b5b557f\clap_lex-0.7.5\src\lib.rs:170:27
    |
170 |     pub fn new(iter: impl IntoIterator<Item = impl Into<OsString>>) -> Self {
    |                           ^^^^^^^^^^^^ not found in this scope
    |
help: consider importing this trait
    |
120 + use core::iter::IntoIterator;
    |

error[E0405]: cannot find trait `Into` in this scope
   --> C:\Users\john\.cargo\registry\src\index.crates.io-1949cf8c6b5b557f\clap_lex-0.7.5\src\lib.rs:170:52
    |
170 |     pub fn new(iter: impl IntoIterator<Item = impl Into<OsString>>) -> Self {
    |                                                    ^^^^ not found in this scope
    |
help: consider importing this trait
    |
120 + use core::convert::Into;
    |

error[E0412]: cannot find type `Option` in this scope
   --> C:\Users\john\.cargo\registry\src\index.crates.io-1949cf8c6b5b557f\clap_lex-0.7.5\src\lib.rs:193:51
    |
193 |     pub fn next(&self, cursor: &mut ArgCursor) -> Option<ParsedArg<'_>> {
    |                                                   ^^^^^^ not found in this scope
    |
help: consider importing this enum
    |
120 + use core::option::Option;
    |

error[E0412]: cannot find type `Option` in this scope
   --> C:\Users\john\.cargo\registry\src\index.crates.io-1949cf8c6b5b557f\clap_lex-0.7.5\src\lib.rs:198:54
    |
198 |     pub fn next_os(&self, cursor: &mut ArgCursor) -> Option<&OsStr> {
    |                                                      ^^^^^^ not found in this scope
    |
help: consider importing this enum
    |
120 + use core::option::Option;
    |

error[E0412]: cannot find type `Option` in this scope
   --> C:\Users\john\.cargo\registry\src\index.crates.io-1949cf8c6b5b557f\clap_lex-0.7.5\src\lib.rs:205:47
    |
205 |     pub fn peek(&self, cursor: &ArgCursor) -> Option<ParsedArg<'_>> {
    |                                               ^^^^^^ not found in this scope
    |
help: consider importing this enum
    |
120 + use core::option::Option;
    |

error[E0412]: cannot find type `Option` in this scope
   --> C:\Users\john\.cargo\registry\src\index.crates.io-1949cf8c6b5b557f\clap_lex-0.7.5\src\lib.rs:210:50
    |
210 |     pub fn peek_os(&self, cursor: &ArgCursor) -> Option<&OsStr> {
    |                                                  ^^^^^^ not found in this scope
    |
help: consider importing this enum
    |
120 + use core::option::Option;
    |

error[E0405]: cannot find trait `Iterator` in this scope
   --> C:\Users\john\.cargo\registry\src\index.crates.io-1949cf8c6b5b557f\clap_lex-0.7.5\src\lib.rs:227:61
    |
227 |     pub fn remaining(&self, cursor: &mut ArgCursor) -> impl Iterator<Item = &OsStr> {
    |                                                             ^^^^^^^^ not found in this scope
    |
help: consider importing this trait
    |
120 + use core::iter::Iterator;
    |

error[E0405]: cannot find trait `IntoIterator` in this scope
   --> C:\Users\john\.cargo\registry\src\index.crates.io-1949cf8c6b5b557f\clap_lex-0.7.5\src\lib.rs:248:28
    |
248 |         insert_items: impl IntoIterator<Item = impl Into<OsString>>,
    |                            ^^^^^^^^^^^^ not found in this scope
    |
help: consider importing this trait
    |
120 + use core::iter::IntoIterator;
    |

error[E0405]: cannot find trait `Into` in this scope
   --> C:\Users\john\.cargo\registry\src\index.crates.io-1949cf8c6b5b557f\clap_lex-0.7.5\src\lib.rs:248:53
    |
248 |         insert_items: impl IntoIterator<Item = impl Into<OsString>>,
    |                                                     ^^^^ not found in this scope
    |
help: consider importing this trait
    |
120 + use core::convert::Into;
    |

error[E0433]: failed to resolve: use of undeclared type `Into`
   --> C:\Users\john\.cargo\registry\src\index.crates.io-1949cf8c6b5b557f\clap_lex-0.7.5\src\lib.rs:252:42
    |
252 |             insert_items.into_iter().map(Into::into),
    |                                          ^^^^ use of undeclared type `Into`
    |
help: consider importing this trait
    |
120 + use core::convert::Into;
    |

error[E0405]: cannot find trait `From` in this scope
   --> C:\Users\john\.cargo\registry\src\index.crates.io-1949cf8c6b5b557f\clap_lex-0.7.5\src\lib.rs:262:12
    |
262 | impl<I, T> From<I> for RawArgs
    |            ^^^^ not found in this scope
    |
help: consider importing this trait
    |
120 + use core::convert::From;
    |

error[E0405]: cannot find trait `Iterator` in this scope
   --> C:\Users\john\.cargo\registry\src\index.crates.io-1949cf8c6b5b557f\clap_lex-0.7.5\src\lib.rs:264:8
    |
264 |     I: Iterator<Item = T>,
    |        ^^^^^^^^ not found in this scope
    |
help: consider importing this trait
    |
120 + use core::iter::Iterator;
    |

error[E0405]: cannot find trait `Into` in this scope
   --> C:\Users\john\.cargo\registry\src\index.crates.io-1949cf8c6b5b557f\clap_lex-0.7.5\src\lib.rs:265:8
    |
265 |     T: Into<OsString>,
    |        ^^^^ not found in this scope
    |
help: consider importing this trait
    |
120 + use core::convert::Into;
    |

error[E0425]: cannot find function, tuple struct or tuple variant `Some` in this scope
   --> C:\Users\john\.cargo\registry\src\index.crates.io-1949cf8c6b5b557f\clap_lex-0.7.5\src\lib.rs:319:27
    |
319 |             .and_then(|s| Some(is_number(s.strip_prefix('-')?)))
    |                           ^^^^ not found in this scope
    |
help: consider importing this tuple variant
    |
120 + use core::option::Option::Some;
    |

error[E0412]: cannot find type `Option` in this scope
   --> C:\Users\john\.cargo\registry\src\index.crates.io-1949cf8c6b5b557f\clap_lex-0.7.5\src\lib.rs:324:30
    |
324 |     pub fn to_long(&self) -> Option<(Result<&str, &OsStr>, Option<&OsStr>)> {
    |                              ^^^^^^ not found in this scope
    |
help: consider importing this enum
    |
120 + use core::option::Option;
    |

error[E0412]: cannot find type `Result` in this scope
   --> C:\Users\john\.cargo\registry\src\index.crates.io-1949cf8c6b5b557f\clap_lex-0.7.5\src\lib.rs:324:38
    |
324 |     pub fn to_long(&self) -> Option<(Result<&str, &OsStr>, Option<&OsStr>)> {
    |                                      ^^^^^^ not found in this scope
    |
help: consider importing one of these items
    |
120 + use core::fmt::Result;
    |
120 + use core::result::Result;
    |

error[E0412]: cannot find type `Option` in this scope
   --> C:\Users\john\.cargo\registry\src\index.crates.io-1949cf8c6b5b557f\clap_lex-0.7.5\src\lib.rs:324:60
    |
324 |     pub fn to_long(&self) -> Option<(Result<&str, &OsStr>, Option<&OsStr>)> {
    |                                                            ^^^^^^ not found in this scope
    |
help: consider importing this enum
    |
120 + use core::option::Option;
    |

error[E0425]: cannot find value `None` in this scope
   --> C:\Users\john\.cargo\registry\src\index.crates.io-1949cf8c6b5b557f\clap_lex-0.7.5\src\lib.rs:329:20
    |
329 |             return None;
    |                    ^^^^ not found in this scope
    |
help: consider importing this unit variant
    |
120 + use core::option::Option::None;
    |

error[E0531]: cannot find tuple struct or tuple variant `Some` in this scope
   --> C:\Users\john\.cargo\registry\src\index.crates.io-1949cf8c6b5b557f\clap_lex-0.7.5\src\lib.rs:332:36
    |
332 |         let (flag, value) = if let Some((p0, p1)) = remainder.split_once("=") {
    |                                    ^^^^ not found in this scope
    |
help: consider importing this tuple variant
    |
120 + use core::option::Option::Some;
    |

error[E0425]: cannot find function, tuple struct or tuple variant `Some` in this scope
   --> C:\Users\john\.cargo\registry\src\index.crates.io-1949cf8c6b5b557f\clap_lex-0.7.5\src\lib.rs:333:18
    |
333 |             (p0, Some(p1))
    |                  ^^^^ not found in this scope
    |
help: consider importing this tuple variant
    |
120 + use core::option::Option::Some;
    |

error[E0425]: cannot find value `None` in this scope
   --> C:\Users\john\.cargo\registry\src\index.crates.io-1949cf8c6b5b557f\clap_lex-0.7.5\src\lib.rs:335:25
    |
335 |             (remainder, None)
    |                         ^^^^ not found in this scope
    |
help: consider importing this unit variant
    |
120 + use core::option::Option::None;
    |

error[E0425]: cannot find function, tuple struct or tuple variant `Some` in this scope
   --> C:\Users\john\.cargo\registry\src\index.crates.io-1949cf8c6b5b557f\clap_lex-0.7.5\src\lib.rs:338:9
    |
338 |         Some((flag, value))
    |         ^^^^ not found in this scope
    |
help: consider importing this tuple variant
    |
120 + use core::option::Option::Some;
    |

error[E0412]: cannot find type `Option` in this scope
   --> C:\Users\john\.cargo\registry\src\index.crates.io-1949cf8c6b5b557f\clap_lex-0.7.5\src\lib.rs:347:31
    |
347 |     pub fn to_short(&self) -> Option<ShortFlags<'_>> {
    |                               ^^^^^^ not found in this scope
    |
help: consider importing this enum
    |
120 + use core::option::Option;
    |

error: cannot find attribute `derive` in this scope
  --> C:\Users\john\.cargo\registry\src\index.crates.io-1949cf8c6b5b557f\winnow-0.7.13\src\stream\bytes.rs:23:3
   |
23 | #[derive(Hash)]
   |   ^^^^^^
   |
help: consider importing this attribute macro
   |
1  + use core::prelude::rust_2024::derive;
   |

error[E0531]: cannot find tuple struct or tuple variant `Some` in this scope
   --> C:\Users\john\.cargo\registry\src\index.crates.io-1949cf8c6b5b557f\clap_lex-0.7.5\src\lib.rs:348:16
    |
348 |         if let Some(remainder_os) = self.inner.strip_prefix("-") {
    |                ^^^^ not found in this scope
    |
help: consider importing this tuple variant
    |
120 + use core::option::Option::Some;
    |

error[E0425]: cannot find value `None` in this scope
   --> C:\Users\john\.cargo\registry\src\index.crates.io-1949cf8c6b5b557f\clap_lex-0.7.5\src\lib.rs:350:17
    |
350 |                 None
    |                 ^^^^ not found in this scope
    |
help: consider importing this unit variant
    |
120 + use core::option::Option::None;
    |

error[E0425]: cannot find value `None` in this scope
   --> C:\Users\john\.cargo\registry\src\index.crates.io-1949cf8c6b5b557f\clap_lex-0.7.5\src\lib.rs:353:17
    |
353 |                 None
    |                 ^^^^ not found in this scope
    |
help: consider importing this unit variant
    |
120 + use core::option::Option::None;
    |

error[E0425]: cannot find function, tuple struct or tuple variant `Some` in this scope
   --> C:\Users\john\.cargo\registry\src\index.crates.io-1949cf8c6b5b557f\clap_lex-0.7.5\src\lib.rs:355:17
    |
355 |                 Some(ShortFlags::new(remainder_os))
    |                 ^^^^ not found in this scope
    |
help: consider importing this tuple variant
    |
120 + use core::option::Option::Some;
    |

error[E0425]: cannot find value `None` in this scope
   --> C:\Users\john\.cargo\registry\src\index.crates.io-1949cf8c6b5b557f\clap_lex-0.7.5\src\lib.rs:358:13
    |
358 |             None
    |             ^^^^ not found in this scope
    |
help: consider importing this unit variant
    |
120 + use core::option::Option::None;
    |

error[E0412]: cannot find type `Result` in this scope
   --> C:\Users\john\.cargo\registry\src\index.crates.io-1949cf8c6b5b557f\clap_lex-0.7.5\src\lib.rs:385:31
    |
385 |     pub fn to_value(&self) -> Result<&str, &OsStr> {
    |                               ^^^^^^ not found in this scope
    |
help: consider importing one of these items
    |
120 + use core::fmt::Result;
    |
120 + use core::result::Result;
    |

error[E0412]: cannot find type `Option` in this scope
   --> C:\Users\john\.cargo\registry\src\index.crates.io-1949cf8c6b5b557f\clap_lex-0.7.5\src\lib.rs:402:21
    |
402 |     invalid_suffix: Option<&'s OsStr>,
    |                     ^^^^^^ not found in this scope
    |
help: consider importing this enum
    |
120 + use core::option::Option;
    |

error[E0412]: cannot find type `Result` in this scope
   --> C:\Users\john\.cargo\registry\src\index.crates.io-1949cf8c6b5b557f\clap_lex-0.7.5\src\lib.rs:417:47
    |
417 |     pub fn advance_by(&mut self, n: usize) -> Result<(), usize> {
    |                                               ^^^^^^ not found in this scope
    |
help: consider importing one of these items
    |
120 + use core::fmt::Result;
    |
120 + use core::result::Result;
    |

error[E0425]: cannot find function, tuple struct or tuple variant `Ok` in this scope
   --> C:\Users\john\.cargo\registry\src\index.crates.io-1949cf8c6b5b557f\clap_lex-0.7.5\src\lib.rs:421:9
    |
421 |         Ok(())
    |         ^^ not found in this scope
    |
help: consider importing this tuple variant
    |
120 + use core::result::Result::Ok;
    |

error[E0412]: cannot find type `Option` in this scope
   --> C:\Users\john\.cargo\registry\src\index.crates.io-1949cf8c6b5b557f\clap_lex-0.7.5\src\lib.rs:439:36
    |
439 |     pub fn next_flag(&mut self) -> Option<Result<char, &'s OsStr>> {
    |                                    ^^^^^^ not found in this scope
    |
help: consider importing this enum
    |
120 + use core::option::Option;
    |

error[E0412]: cannot find type `Result` in this scope
   --> C:\Users\john\.cargo\registry\src\index.crates.io-1949cf8c6b5b557f\clap_lex-0.7.5\src\lib.rs:439:43
    |
439 |     pub fn next_flag(&mut self) -> Option<Result<char, &'s OsStr>> {
    |                                           ^^^^^^ not found in this scope
    |
help: consider importing one of these items
    |
120 + use core::fmt::Result;
    |
120 + use core::result::Result;
    |

error[E0531]: cannot find tuple struct or tuple variant `Some` in this scope
   --> C:\Users\john\.cargo\registry\src\index.crates.io-1949cf8c6b5b557f\clap_lex-0.7.5\src\lib.rs:440:16
    |
440 |         if let Some((_, flag)) = self.utf8_prefix.next() {
    |                ^^^^ not found in this scope
    |
help: consider importing this tuple variant
    |
120 + use core::option::Option::Some;
    |

error[E0425]: cannot find function, tuple struct or tuple variant `Some` in this scope
   --> C:\Users\john\.cargo\registry\src\index.crates.io-1949cf8c6b5b557f\clap_lex-0.7.5\src\lib.rs:441:20
    |
441 |             return Some(Ok(flag));
    |                    ^^^^ not found in this scope
    |
help: consider importing this tuple variant
    |
120 + use core::option::Option::Some;
    |

error[E0425]: cannot find function, tuple struct or tuple variant `Ok` in this scope
   --> C:\Users\john\.cargo\registry\src\index.crates.io-1949cf8c6b5b557f\clap_lex-0.7.5\src\lib.rs:441:25
    |
441 |             return Some(Ok(flag));
    |                         ^^ not found in this scope
    |
help: consider importing this tuple variant
    |
120 + use core::result::Result::Ok;
    |

error[E0531]: cannot find tuple struct or tuple variant `Some` in this scope
   --> C:\Users\john\.cargo\registry\src\index.crates.io-1949cf8c6b5b557f\clap_lex-0.7.5\src\lib.rs:444:16
    |
444 |         if let Some(suffix) = self.invalid_suffix {
    |                ^^^^ not found in this scope
    |
help: consider importing this tuple variant
    |
120 + use core::option::Option::Some;
    |

error[E0425]: cannot find value `None` in this scope
   --> C:\Users\john\.cargo\registry\src\index.crates.io-1949cf8c6b5b557f\clap_lex-0.7.5\src\lib.rs:445:35
    |
445 |             self.invalid_suffix = None;
    |                                   ^^^^ not found in this scope
    |
help: consider importing this unit variant
    |
120 + use core::option::Option::None;
    |

error[E0425]: cannot find function, tuple struct or tuple variant `Some` in this scope
   --> C:\Users\john\.cargo\registry\src\index.crates.io-1949cf8c6b5b557f\clap_lex-0.7.5\src\lib.rs:446:20
    |
446 |             return Some(Err(suffix));
    |                    ^^^^ not found in this scope
    |
help: consider importing this tuple variant
    |
120 + use core::option::Option::Some;
    |

error[E0425]: cannot find function, tuple struct or tuple variant `Err` in this scope
   --> C:\Users\john\.cargo\registry\src\index.crates.io-1949cf8c6b5b557f\clap_lex-0.7.5\src\lib.rs:446:25
    |
446 |             return Some(Err(suffix));
    |                         ^^^ not found in this scope
    |
help: consider importing this tuple variant
    |
120 + use core::result::Result::Err;
    |

error[E0425]: cannot find value `None` in this scope
   --> C:\Users\john\.cargo\registry\src\index.crates.io-1949cf8c6b5b557f\clap_lex-0.7.5\src\lib.rs:449:9
    |
449 |         None
    |         ^^^^ not found in this scope
    |
help: consider importing this unit variant
    |
120 + use core::option::Option::None;
    |

error[E0412]: cannot find type `Option` in this scope
   --> C:\Users\john\.cargo\registry\src\index.crates.io-1949cf8c6b5b557f\clap_lex-0.7.5\src\lib.rs:453:40
    |
453 |     pub fn next_value_os(&mut self) -> Option<&'s OsStr> {
    |                                        ^^^^^^ not found in this scope
    |
help: consider importing this enum
    |
120 + use core::option::Option;
    |

error[E0531]: cannot find tuple struct or tuple variant `Some` in this scope
   --> C:\Users\john\.cargo\registry\src\index.crates.io-1949cf8c6b5b557f\clap_lex-0.7.5\src\lib.rs:454:16
    |
454 |         if let Some((index, _)) = self.utf8_prefix.next() {
    |                ^^^^ not found in this scope
    |
help: consider importing this tuple variant
    |
120 + use core::option::Option::Some;
    |

error[E0425]: cannot find value `None` in this scope
   --> C:\Users\john\.cargo\registry\src\index.crates.io-1949cf8c6b5b557f\clap_lex-0.7.5\src\lib.rs:456:35
    |
456 |             self.invalid_suffix = None;
    |                                   ^^^^ not found in this scope
    |
help: consider importing this unit variant
    |
120 + use core::option::Option::None;
    |

error[E0425]: cannot find function, tuple struct or tuple variant `Some` in this scope
   --> C:\Users\john\.cargo\registry\src\index.crates.io-1949cf8c6b5b557f\clap_lex-0.7.5\src\lib.rs:459:20
    |
459 |             return Some(remainder);
    |                    ^^^^ not found in this scope
    |
help: consider importing this tuple variant
    |
120 + use core::option::Option::Some;
    |

error[E0531]: cannot find tuple struct or tuple variant `Some` in this scope
   --> C:\Users\john\.cargo\registry\src\index.crates.io-1949cf8c6b5b557f\clap_lex-0.7.5\src\lib.rs:462:16
    |
462 |         if let Some(suffix) = self.invalid_suffix {
    |                ^^^^ not found in this scope
    |
help: consider importing this tuple variant
    |
120 + use core::option::Option::Some;
    |

error[E0425]: cannot find value `None` in this scope
   --> C:\Users\john\.cargo\registry\src\index.crates.io-1949cf8c6b5b557f\clap_lex-0.7.5\src\lib.rs:463:35
    |
463 |             self.invalid_suffix = None;
    |                                   ^^^^ not found in this scope
    |
help: consider importing this unit variant
    |
120 + use core::option::Option::None;
    |

error[E0425]: cannot find function, tuple struct or tuple variant `Some` in this scope
   --> C:\Users\john\.cargo\registry\src\index.crates.io-1949cf8c6b5b557f\clap_lex-0.7.5\src\lib.rs:464:20
    |
464 |             return Some(suffix);
    |                    ^^^^ not found in this scope
    |
help: consider importing this tuple variant
    |
120 + use core::option::Option::Some;
    |

error[E0425]: cannot find value `None` in this scope
   --> C:\Users\john\.cargo\registry\src\index.crates.io-1949cf8c6b5b557f\clap_lex-0.7.5\src\lib.rs:467:9
    |
467 |         None
    |         ^^^^ not found in this scope
    |
help: consider importing this unit variant
    |
120 + use core::option::Option::None;
    |

error[E0405]: cannot find trait `Iterator` in this scope
   --> C:\Users\john\.cargo\registry\src\index.crates.io-1949cf8c6b5b557f\clap_lex-0.7.5\src\lib.rs:471:10
    |
471 | impl<'s> Iterator for ShortFlags<'s> {
    |          ^^^^^^^^ not found in this scope
    |
help: consider importing this trait
    |
120 + use core::iter::Iterator;
    |

error[E0412]: cannot find type `Result` in this scope
   --> C:\Users\john\.cargo\registry\src\index.crates.io-1949cf8c6b5b557f\clap_lex-0.7.5\src\lib.rs:472:17
    |
472 |     type Item = Result<char, &'s OsStr>;
    |                 ^^^^^^ not found in this scope
    |
help: consider importing one of these items
    |
120 + use core::fmt::Result;
    |
120 + use core::result::Result;
    |

error[E0412]: cannot find type `Option` in this scope
   --> C:\Users\john\.cargo\registry\src\index.crates.io-1949cf8c6b5b557f\clap_lex-0.7.5\src\lib.rs:474:27
    |
474 |     fn next(&mut self) -> Option<Self::Item> {
    |                           ^^^^^^ not found in this scope
    |
help: consider importing this enum
    |
120 + use core::option::Option;
    |

error[E0412]: cannot find type `Option` in this scope
   --> C:\Users\john\.cargo\registry\src\index.crates.io-1949cf8c6b5b557f\clap_lex-0.7.5\src\lib.rs:479:44
    |
479 | fn split_nonutf8_once(b: &OsStr) -> (&str, Option<&OsStr>) {
    |                                            ^^^^^^ not found in this scope
    |
help: consider importing this enum
    |
120 + use core::option::Option;
    |

error[E0531]: cannot find tuple struct or tuple variant `Ok` in this scope
   --> C:\Users\john\.cargo\registry\src\index.crates.io-1949cf8c6b5b557f\clap_lex-0.7.5\src\lib.rs:481:9
    |
481 |         Ok(s) => (s, None),
    |         ^^ not found in this scope
    |
help: consider importing this tuple variant
    |
120 + use core::result::Result::Ok;
    |

error[E0425]: cannot find value `None` in this scope
   --> C:\Users\john\.cargo\registry\src\index.crates.io-1949cf8c6b5b557f\clap_lex-0.7.5\src\lib.rs:481:22
    |
481 |         Ok(s) => (s, None),
    |                      ^^^^ not found in this scope
    |
help: consider importing this unit variant
    |
120 + use core::option::Option::None;
    |

error[E0531]: cannot find tuple struct or tuple variant `Err` in this scope
   --> C:\Users\john\.cargo\registry\src\index.crates.io-1949cf8c6b5b557f\clap_lex-0.7.5\src\lib.rs:482:9
    |
482 |         Err(err) => {
    |         ^^^ not found in this scope
    |
help: consider importing this tuple variant
    |
120 + use core::result::Result::Err;
    |

error[E0425]: cannot find function, tuple struct or tuple variant `Some` in this scope
   --> C:\Users\john\.cargo\registry\src\index.crates.io-1949cf8c6b5b557f\clap_lex-0.7.5\src\lib.rs:487:21
    |
487 |             (valid, Some(after_valid))
    |                     ^^^^ not found in this scope
    |
help: consider importing this tuple variant
    |
120 + use core::option::Option::Some;
    |

error[E0425]: cannot find value `None` in this scope
   --> C:\Users\john\.cargo\registry\src\index.crates.io-1949cf8c6b5b557f\clap_lex-0.7.5\src\lib.rs:498:29
    |
498 |     let mut position_of_e = None;
    |                             ^^^^ not found in this scope
    |
help: consider importing this unit variant
    |
120 + use core::option::Option::None;
    |

error[E0425]: cannot find function, tuple struct or tuple variant `Some` in this scope
   --> C:\Users\john\.cargo\registry\src\index.crates.io-1949cf8c6b5b557f\clap_lex-0.7.5\src\lib.rs:510:80
    |
510 |             b'e' | b'E' if position_of_e.is_none() && i > 0 => position_of_e = Some(i),
    |                                                                                ^^^^ not found in this scope
    |
help: consider importing this tuple variant
    |
120 + use core::option::Option::Some;
    |

error[E0531]: cannot find tuple struct or tuple variant `Some` in this scope
   --> C:\Users\john\.cargo\registry\src\index.crates.io-1949cf8c6b5b557f\clap_lex-0.7.5\src\lib.rs:519:9
    |
519 |         Some(i) => i != arg.len() - 1,
    |         ^^^^ not found in this scope
    |
help: consider importing this tuple variant
    |
120 + use core::option::Option::Some;
    |

error: cannot find macro `write` in this scope
   --> C:\Users\john\.cargo\registry\src\index.crates.io-1949cf8c6b5b557f\winnow-0.7.13\src\stream\bytes.rs:257:13
    |
257 |             write!(f, "{byte:0>2x}")?;
    |             ^^^^^
    |
help: consider importing this macro
    |
1   + use core::write;
    |

error: cannot find macro `write` in this scope
   --> C:\Users\john\.cargo\registry\src\index.crates.io-1949cf8c6b5b557f\winnow-0.7.13\src\stream\bytes.rs:270:21
    |
270 |                     write!(f, "_")?;
    |                     ^^^^^
    |
help: consider importing this macro
    |
1   + use core::write;
    |

Some errors have detailed explanations: E0405, E0412, E0425, E0433, E0463, E0531.
error: cannot find macro `write` in this scope
   --> C:\Users\john\.cargo\registry\src\index.crates.io-1949cf8c6b5b557f\winnow-0.7.13\src\stream\bytes.rs:273:13
    |
273 |             write!(f, "{byte:0>2X}")?;
    |             ^^^^^
    |
help: consider importing this macro
    |
1   + use core::write;
    |

error: could not compile `clap_lex` (lib) due to 100 previous errors
error: cannot find attribute `derive` in this scope
  --> C:\Users\john\.cargo\registry\src\index.crates.io-1949cf8c6b5b557f\winnow-0.7.13\src\stream\locating.rs:28:3
   |
28 | #[derive(Copy, Clone, Default, PartialEq, Eq, PartialOrd, Ord)]
   |   ^^^^^^
   |
help: consider importing this attribute macro
   |
1  + use core::prelude::rust_2024::derive;
   |

error: cannot find attribute `derive` in this scope
  --> C:\Users\john\.cargo\registry\src\index.crates.io-1949cf8c6b5b557f\winnow-0.7.13\src\stream\partial.rs:83:3
   |
83 | #[derive(Copy, Clone, Debug, PartialEq, Eq, PartialOrd, Ord)]
   |   ^^^^^^
   |
help: consider importing this attribute macro
   |
1  + use core::prelude::rust_2024::derive;
   |

error: cannot find macro `debug_assert` in this scope
  --> C:\Users\john\.cargo\registry\src\index.crates.io-1949cf8c6b5b557f\winnow-0.7.13\src\stream\partial.rs:96:9
   |
96 |         debug_assert!(
   |         ^^^^^^^^^^^^
   |
help: consider importing this macro
   |
1  + use core::debug_assert;
   |

error: cannot find attribute `derive` in this scope
  --> C:\Users\john\.cargo\registry\src\index.crates.io-1949cf8c6b5b557f\winnow-0.7.13\src\stream\range.rs:29:3
   |
29 | #[derive(PartialEq, Eq, Copy, Clone)]
   |   ^^^^^^
   |
help: consider importing this attribute macro
   |
1  + use core::prelude::rust_2024::derive;
   |

error: cannot find macro `write` in this scope
   --> C:\Users\john\.cargo\registry\src\index.crates.io-1949cf8c6b5b557f\winnow-0.7.13\src\stream\range.rs:141:9
    |
141 |         write!(f, "{self}")
    |         ^^^^^
    |
help: consider importing this macro
    |
1   + use core::write;
    |

error[E0463]: can't find crate for `std`
   --> C:\Users\john\.cargo\registry\src\index.crates.io-1949cf8c6b5b557f\anstyle-1.0.11\src\style.rs:131:43
    |
131 |     pub fn write_to(self, write: &mut dyn std::io::Write) -> std::io::Result<()> {
    |                                           ^^^ can't find crate
    |
    = note: the `thumbv7em-none-eabihf` target may not support the standard library

error[E0463]: can't find crate for `std`
   --> C:\Users\john\.cargo\registry\src\index.crates.io-1949cf8c6b5b557f\anstyle-1.0.11\src\style.rs:131:62
    |
131 |     pub fn write_to(self, write: &mut dyn std::io::Write) -> std::io::Result<()> {
    |                                                              ^^^ can't find crate
    |
    = note: the `thumbv7em-none-eabihf` target may not support the standard library

error: cannot find attribute `derive` in this scope
  --> C:\Users\john\.cargo\registry\src\index.crates.io-1949cf8c6b5b557f\winnow-0.7.13\src\stream\stateful.rs:56:3
   |
56 | #[derive(Clone, Copy, Debug, Default, Eq, PartialEq)]
   |   ^^^^^^
   |
help: consider importing this attribute macro
   |
1  + use core::prelude::rust_2024::derive;
   |

error: cannot find attribute `derive` in this scope
  --> C:\Users\john\.cargo\registry\src\index.crates.io-1949cf8c6b5b557f\winnow-0.7.13\src\stream\token.rs:27:3
   |
27 | #[derive(Copy, Clone, PartialEq, Eq)]
   |   ^^^^^^
   |
help: consider importing this attribute macro
   |
1  + use core::prelude::rust_2024::derive;
   |

error: cannot find macro `write` in this scope
   --> C:\Users\john\.cargo\registry\src\index.crates.io-1949cf8c6b5b557f\winnow-0.7.13\src\stream\mod.rs:266:9
    |
266 |         write!(f, "{:#?}", self.raw())
    |         ^^^^^
    |
help: consider importing this macro
    |
12  + use core::write;
    |

error: cannot find macro `write` in this scope
   --> C:\Users\john\.cargo\registry\src\index.crates.io-1949cf8c6b5b557f\winnow-0.7.13\src\stream\mod.rs:368:9
    |
368 |         write!(f, "{self:?}")
    |         ^^^^^
    |
help: consider importing this macro
    |
12  + use core::write;
    |

error: cannot find macro `debug_assert` in this scope
   --> C:\Users\john\.cargo\registry\src\index.crates.io-1949cf8c6b5b557f\winnow-0.7.13\src\stream\mod.rs:836:9
    |
836 |         debug_assert!(
    |         ^^^^^^^^^^^^
    |
help: consider importing this macro
    |
12  + use core::debug_assert;
    |

error: cannot find attribute `derive` in this scope
   --> C:\Users\john\.cargo\registry\src\index.crates.io-1949cf8c6b5b557f\winnow-0.7.13\src\stream\mod.rs:932:3
    |
932 | #[derive(Debug, Eq, PartialEq)]
    |   ^^^^^^
    |
help: consider importing this attribute macro
    |
12  + use core::prelude::rust_2024::derive;
    |

error[E0463]: can't find crate for `std`
   --> C:\Users\john\.cargo\registry\src\index.crates.io-1949cf8c6b5b557f\anstyle-1.0.11\src\style.rs:166:49
    |
166 |     pub fn write_reset_to(self, write: &mut dyn std::io::Write) -> std::io::Result<()> {
    |                                                 ^^^ can't find crate
    |
    = note: the `thumbv7em-none-eabihf` target may not support the standard library

error: cannot find macro `matches` in this scope
    --> C:\Users\john\.cargo\registry\src\index.crates.io-1949cf8c6b5b557f\winnow-0.7.13\src\stream\mod.rs:1718:9
     |
1718 |         matches!(self, 0x41..=0x5A | 0x61..=0x7A)
     |         ^^^^^^^
     |
help: consider importing this macro
     |
12   + use core::matches;
     |

error[E0463]: can't find crate for `std`
   --> C:\Users\john\.cargo\registry\src\index.crates.io-1949cf8c6b5b557f\anstyle-1.0.11\src\style.rs:166:68
    |
166 |     pub fn write_reset_to(self, write: &mut dyn std::io::Write) -> std::io::Result<()> {
    |                                                                    ^^^ can't find crate
    |
    = note: the `thumbv7em-none-eabihf` target may not support the standard library

error[E0463]: can't find crate for `std`
   --> C:\Users\john\.cargo\registry\src\index.crates.io-1949cf8c6b5b557f\toml_write-0.1.2\src\value.rs:202:61
    |
202 | impl<K: WriteTomlKey, V: WriteTomlValue> WriteTomlValue for std::collections::HashMap<K, V> {
    |                                                             ^^^ can't find crate
    |
    = note: the `thumbv7em-none-eabihf` target may not support the standard library

error: cannot find macro `matches` in this scope
    --> C:\Users\john\.cargo\registry\src\index.crates.io-1949cf8c6b5b557f\winnow-0.7.13\src\stream\mod.rs:1726:9
     |
1726 |         matches!(self, 0x30..=0x39)
     |         ^^^^^^^
     |
help: consider importing this macro
     |
12   + use core::matches;
     |

error: cannot find macro `concat` in this scope
    --> C:\Users\john\.cargo\registry\src\index.crates.io-1949cf8c6b5b557f\serde-1.0.219\src\de\impls.rs:1456:41
     |
1456 |                     formatter.write_str(concat!("a tuple of size ", $len))
     |                                         ^^^^^^
...
1489 |     tuple_impl_body!(1 => (0 T));
     |     ---------------------------- in this macro invocation
     |
     = note: this error originates in the macro `tuple_impl_body` (in Nightly builds, run with -Z macro-backtrace for more info)
help: consider importing this macro
     |
1    + use core::concat;
     |

error: cannot find macro `matches` in this scope
    --> C:\Users\john\.cargo\registry\src\index.crates.io-1949cf8c6b5b557f\winnow-0.7.13\src\stream\mod.rs:1730:9
     |
1730 |         matches!(self, 0x30..=0x39 | 0x41..=0x46 | 0x61..=0x66)
     |         ^^^^^^^
     |
help: consider importing this macro
     |
12   + use core::matches;
     |

error: cannot find macro `concat` in this scope
    --> C:\Users\john\.cargo\registry\src\index.crates.io-1949cf8c6b5b557f\serde-1.0.219\src\de\impls.rs:1422:41
     |
1422 |                     formatter.write_str(concat!("a tuple of size ", $len))
     |                                         ^^^^^^
...
1489 |     tuple_impl_body!(1 => (0 T));
     |     ---------------------------- in this macro invocation
     |
     = note: this error originates in the macro `tuple_impl_body` (in Nightly builds, run with -Z macro-backtrace for more info)
help: consider importing this macro
     |
1    + use core::concat;
     |

error: cannot find macro `matches` in this scope
    --> C:\Users\john\.cargo\registry\src\index.crates.io-1949cf8c6b5b557f\winnow-0.7.13\src\stream\mod.rs:1734:9
     |
1734 |         matches!(self, 0x30..=0x37)
     |         ^^^^^^^
     |
help: consider importing this macro
     |
12   + use core::matches;
     |

error: cannot find macro `concat` in this scope
    --> C:\Users\john\.cargo\registry\src\index.crates.io-1949cf8c6b5b557f\serde-1.0.219\src\de\impls.rs:1312:41
     |
1312 |                       formatter.write_str(concat!("an array of length ", $len))
     |                                           ^^^^^^
...
1356 | / array_impls! {
1357 | |     1 => (0)
1358 | |     2 => (0 1)
1359 | |     3 => (0 1 2)
...    |
1388 | |     32 => (0 1 2 3 4 5 6 7 8 9 10 11 12 13 14 15 16 17 18 19 20 21 22 23 24 25 26 27 28 29 30 31)
1389 | | }
     | |_- in this macro invocation
     |
     = note: this error originates in the macro `array_impls` (in Nightly builds, run with -Z macro-backtrace for more info)
help: consider importing this macro
     |
1    + use core::concat;
     |

error: cannot find attribute `derive` in this scope
  --> C:\Users\john\.cargo\registry\src\index.crates.io-1949cf8c6b5b557f\winnow-0.7.13\src\ascii\mod.rs:46:3
   |
46 | #[derive(Copy, Clone, Debug)]
   |   ^^^^^^
   |
help: consider importing this attribute macro
   |
8  + use core::prelude::rust_2024::derive;
   |

error: cannot find macro `matches` in this scope
   --> C:\Users\john\.cargo\registry\src\index.crates.io-1949cf8c6b5b557f\winnow-0.7.13\src\ascii\mod.rs:188:8
    |
188 |     if matches!(input.compare("\r"), CompareResult::Ok(_)) {
    |        ^^^^^^^
    |
help: consider importing this macro
    |
8   + use core::matches;
    |

error: cannot find macro `concat` in this scope
    --> C:\Users\john\.cargo\registry\src\index.crates.io-1949cf8c6b5b557f\serde-1.0.219\src\de\impls.rs:1288:41
     |
1288 |                       formatter.write_str(concat!("an array of length ", $len))
     |                                           ^^^^^^
...
1356 | / array_impls! {
1357 | |     1 => (0)
1358 | |     2 => (0 1)
1359 | |     3 => (0 1 2)
...    |
1388 | |     32 => (0 1 2 3 4 5 6 7 8 9 10 11 12 13 14 15 16 17 18 19 20 21 22 23 24 25 26 27 28 29 30 31)
1389 | | }
     | |_- in this macro invocation
     |
     = note: this error originates in the macro `array_impls` (in Nightly builds, run with -Z macro-backtrace for more info)
help: consider importing this macro
     |
1    + use core::concat;
     |

error: cannot find attribute `derive` in this scope
  --> C:\Users\john\.cargo\registry\src\index.crates.io-1949cf8c6b5b557f\winnow-0.7.13\src\binary\mod.rs:22:3
   |
22 | #[derive(Debug, PartialEq, Eq, Clone, Copy)]
   |   ^^^^^^
   |
help: consider importing this attribute macro
   |
10 + use core::prelude::rust_2024::derive;
   |

error[E0405]: cannot find trait `Into` in this scope
  --> C:\Users\john\.cargo\registry\src\index.crates.io-1949cf8c6b5b557f\anstyle-1.0.11\src\color.rs:22:38
   |
22 |     pub fn on(self, background: impl Into<Color>) -> crate::Style {
   |                                      ^^^^ not found in this scope
   |
help: consider importing this trait
   |
1  + use core::convert::Into;
   |

error[E0425]: cannot find function, tuple struct or tuple variant `Some` in this scope
  --> C:\Users\john\.cargo\registry\src\index.crates.io-1949cf8c6b5b557f\anstyle-1.0.11\src\color.rs:24:23
   |
24 |             .fg_color(Some(self))
   |                       ^^^^
   |
help: try calling `Some` as a method
   |
24 -             .fg_color(Some(self))
24 +             .fg_color(self.Some())
   |
help: consider importing this tuple variant
   |
1  + use core::option::Option::Some;
   |

error[E0425]: cannot find function, tuple struct or tuple variant `Some` in this scope
  --> C:\Users\john\.cargo\registry\src\index.crates.io-1949cf8c6b5b557f\anstyle-1.0.11\src\color.rs:25:23
   |
25 |             .bg_color(Some(background.into()))
   |                       ^^^^ not found in this scope
   |
help: consider importing this tuple variant
   |
1  + use core::option::Option::Some;
   |

error[E0425]: cannot find function, tuple struct or tuple variant `Some` in this scope
  --> C:\Users\john\.cargo\registry\src\index.crates.io-1949cf8c6b5b557f\anstyle-1.0.11\src\color.rs:31:38
   |
31 |         crate::Style::new().fg_color(Some(self))
   |                                      ^^^^
   |
help: try calling `Some` as a method
   |
31 -         crate::Style::new().fg_color(Some(self))
31 +         crate::Style::new().fg_color(self.Some())
   |
help: consider importing this tuple variant
   |
1  + use core::option::Option::Some;
   |

error[E0405]: cannot find trait `Copy` in this scope
  --> C:\Users\john\.cargo\registry\src\index.crates.io-1949cf8c6b5b557f\anstyle-1.0.11\src\color.rs:36:57
   |
36 |     pub fn render_fg(self) -> impl core::fmt::Display + Copy {
   |                                                         ^^^^ not found in this scope
   |
help: consider importing this trait
   |
1  + use core::marker::Copy;
   |

error[E0405]: cannot find trait `Copy` in this scope
  --> C:\Users\john\.cargo\registry\src\index.crates.io-1949cf8c6b5b557f\anstyle-1.0.11\src\color.rs:57:57
   |
57 |     pub fn render_bg(self) -> impl core::fmt::Display + Copy {
   |                                                         ^^^^ not found in this scope
   |
help: consider importing this trait
   |
1  + use core::marker::Copy;
   |

error[E0405]: cannot find trait `Copy` in this scope
  --> C:\Users\john\.cargo\registry\src\index.crates.io-1949cf8c6b5b557f\anstyle-1.0.11\src\color.rs:77:71
   |
77 |     pub(crate) fn render_underline(self) -> impl core::fmt::Display + Copy {
   |                                                                       ^^^^ not found in this scope
   |
help: consider importing this trait
   |
1  + use core::marker::Copy;
   |

error[E0405]: cannot find trait `From` in this scope
  --> C:\Users\john\.cargo\registry\src\index.crates.io-1949cf8c6b5b557f\anstyle-1.0.11\src\color.rs:97:6
   |
97 | impl From<AnsiColor> for Color {
   |      ^^^^ not found in this scope
   |
help: consider importing this trait
   |
1  + use core::convert::From;
   |

error[E0405]: cannot find trait `From` in this scope
   --> C:\Users\john\.cargo\registry\src\index.crates.io-1949cf8c6b5b557f\anstyle-1.0.11\src\color.rs:104:6
    |
104 | impl From<Ansi256Color> for Color {
    |      ^^^^ not found in this scope
    |
help: consider importing this trait
    |
1   + use core::convert::From;
    |

error[E0405]: cannot find trait `From` in this scope
   --> C:\Users\john\.cargo\registry\src\index.crates.io-1949cf8c6b5b557f\anstyle-1.0.11\src\color.rs:111:6
    |
111 | impl From<RgbColor> for Color {
    |      ^^^^ not found in this scope
    |
help: consider importing this trait
    |
1   + use core::convert::From;
    |

error[E0405]: cannot find trait `From` in this scope
   --> C:\Users\john\.cargo\registry\src\index.crates.io-1949cf8c6b5b557f\anstyle-1.0.11\src\color.rs:118:6
    |
118 | impl From<u8> for Color {
    |      ^^^^ not found in this scope
    |
help: consider importing this trait
    |
1   + use core::convert::From;
    |

error[E0405]: cannot find trait `From` in this scope
   --> C:\Users\john\.cargo\registry\src\index.crates.io-1949cf8c6b5b557f\anstyle-1.0.11\src\color.rs:125:6
    |
125 | impl From<(u8, u8, u8)> for Color {
    |      ^^^^ not found in this scope
    |
help: consider importing this trait
    |
1   + use core::convert::From;
    |

error[E0405]: cannot find trait `Into` in this scope
   --> C:\Users\john\.cargo\registry\src\index.crates.io-1949cf8c6b5b557f\anstyle-1.0.11\src\color.rs:191:38
    |
191 |     pub fn on(self, background: impl Into<Color>) -> crate::Style {
    |                                      ^^^^ not found in this scope
    |
help: consider importing this trait
    |
1   + use core::convert::Into;
    |

error[E0425]: cannot find function, tuple struct or tuple variant `Some` in this scope
   --> C:\Users\john\.cargo\registry\src\index.crates.io-1949cf8c6b5b557f\anstyle-1.0.11\src\color.rs:193:23
    |
193 |             .fg_color(Some(self.into()))
    |                       ^^^^ not found in this scope
    |
help: consider importing this tuple variant
    |
1   + use core::option::Option::Some;
    |

error[E0425]: cannot find function, tuple struct or tuple variant `Some` in this scope
   --> C:\Users\john\.cargo\registry\src\index.crates.io-1949cf8c6b5b557f\anstyle-1.0.11\src\color.rs:194:23
    |
194 |             .bg_color(Some(background.into()))
    |                       ^^^^ not found in this scope
    |
help: consider importing this tuple variant
    |
1   + use core::option::Option::Some;
    |

error[E0425]: cannot find function, tuple struct or tuple variant `Some` in this scope
   --> C:\Users\john\.cargo\registry\src\index.crates.io-1949cf8c6b5b557f\anstyle-1.0.11\src\color.rs:200:38
    |
200 |         crate::Style::new().fg_color(Some(Color::Ansi(self)))
    |                                      ^^^^ not found in this scope
    |
help: consider importing this tuple variant
    |
1   + use core::option::Option::Some;
    |

error[E0405]: cannot find trait `Copy` in this scope
   --> C:\Users\john\.cargo\registry\src\index.crates.io-1949cf8c6b5b557f\anstyle-1.0.11\src\color.rs:205:57
    |
205 |     pub fn render_fg(self) -> impl core::fmt::Display + Copy {
    |                                                         ^^^^ not found in this scope
    |
help: consider importing this trait
    |
1   + use core::marker::Copy;
    |

error[E0405]: cannot find trait `Copy` in this scope
   --> C:\Users\john\.cargo\registry\src\index.crates.io-1949cf8c6b5b557f\anstyle-1.0.11\src\color.rs:238:57
    |
238 |     pub fn render_bg(self) -> impl core::fmt::Display + Copy {
    |                                                         ^^^^ not found in this scope
    |
help: consider importing this trait
    |
1   + use core::marker::Copy;
    |

error[E0405]: cannot find trait `Into` in this scope
   --> C:\Users\john\.cargo\registry\src\index.crates.io-1949cf8c6b5b557f\anstyle-1.0.11\src\color.rs:357:38
    |
357 |     pub fn on(self, background: impl Into<Color>) -> crate::Style {
    |                                      ^^^^ not found in this scope
    |
help: consider importing this trait
    |
1   + use core::convert::Into;
    |

error[E0425]: cannot find function, tuple struct or tuple variant `Some` in this scope
   --> C:\Users\john\.cargo\registry\src\index.crates.io-1949cf8c6b5b557f\anstyle-1.0.11\src\color.rs:359:23
    |
359 |             .fg_color(Some(self.into()))
    |                       ^^^^ not found in this scope
    |
help: consider importing this tuple variant
    |
1   + use core::option::Option::Some;
    |

error[E0425]: cannot find function, tuple struct or tuple variant `Some` in this scope
   --> C:\Users\john\.cargo\registry\src\index.crates.io-1949cf8c6b5b557f\anstyle-1.0.11\src\color.rs:360:23
    |
360 |             .bg_color(Some(background.into()))
    |                       ^^^^ not found in this scope
    |
help: consider importing this tuple variant
    |
1   + use core::option::Option::Some;
    |

error[E0425]: cannot find function, tuple struct or tuple variant `Some` in this scope
   --> C:\Users\john\.cargo\registry\src\index.crates.io-1949cf8c6b5b557f\anstyle-1.0.11\src\color.rs:366:38
    |
366 |         crate::Style::new().fg_color(Some(Color::Ansi256(self)))
    |                                      ^^^^ not found in this scope
    |
help: consider importing this tuple variant
    |
1   + use core::option::Option::Some;
    |

error[E0412]: cannot find type `Option` in this scope
   --> C:\Users\john\.cargo\registry\src\index.crates.io-1949cf8c6b5b557f\anstyle-1.0.11\src\color.rs:377:37
    |
377 |     pub const fn into_ansi(self) -> Option<AnsiColor> {
    |                                     ^^^^^^ not found in this scope
    |
help: consider importing this enum
    |
1   + use core::option::Option;
    |

error[E0425]: cannot find function, tuple struct or tuple variant `Some` in this scope
   --> C:\Users\john\.cargo\registry\src\index.crates.io-1949cf8c6b5b557f\anstyle-1.0.11\src\color.rs:379:18
    |
379 |             0 => Some(AnsiColor::Black),
    |                  ^^^^ not found in this scope
    |
help: consider importing this tuple variant
    |
1   + use core::option::Option::Some;
    |

error[E0425]: cannot find function, tuple struct or tuple variant `Some` in this scope
   --> C:\Users\john\.cargo\registry\src\index.crates.io-1949cf8c6b5b557f\anstyle-1.0.11\src\color.rs:380:18
    |
380 |             1 => Some(AnsiColor::Red),
    |                  ^^^^ not found in this scope
    |
help: consider importing this tuple variant
    |
1   + use core::option::Option::Some;
    |

error[E0425]: cannot find function, tuple struct or tuple variant `Some` in this scope
   --> C:\Users\john\.cargo\registry\src\index.crates.io-1949cf8c6b5b557f\anstyle-1.0.11\src\color.rs:381:18
    |
381 |             2 => Some(AnsiColor::Green),
    |                  ^^^^ not found in this scope
    |
help: consider importing this tuple variant
    |
1   + use core::option::Option::Some;
    |

error[E0425]: cannot find function, tuple struct or tuple variant `Some` in this scope
   --> C:\Users\john\.cargo\registry\src\index.crates.io-1949cf8c6b5b557f\anstyle-1.0.11\src\color.rs:382:18
    |
382 |             3 => Some(AnsiColor::Yellow),
    |                  ^^^^ not found in this scope
    |
help: consider importing this tuple variant
    |
1   + use core::option::Option::Some;
    |

error[E0425]: cannot find function, tuple struct or tuple variant `Some` in this scope
   --> C:\Users\john\.cargo\registry\src\index.crates.io-1949cf8c6b5b557f\anstyle-1.0.11\src\color.rs:383:18
    |
383 |             4 => Some(AnsiColor::Blue),
    |                  ^^^^ not found in this scope
    |
help: consider importing this tuple variant
    |
1   + use core::option::Option::Some;
    |

error[E0425]: cannot find function, tuple struct or tuple variant `Some` in this scope
   --> C:\Users\john\.cargo\registry\src\index.crates.io-1949cf8c6b5b557f\anstyle-1.0.11\src\color.rs:384:18
    |
384 |             5 => Some(AnsiColor::Magenta),
    |                  ^^^^ not found in this scope
    |
help: consider importing this tuple variant
    |
1   + use core::option::Option::Some;
    |

error[E0425]: cannot find function, tuple struct or tuple variant `Some` in this scope
   --> C:\Users\john\.cargo\registry\src\index.crates.io-1949cf8c6b5b557f\anstyle-1.0.11\src\color.rs:385:18
    |
385 |             6 => Some(AnsiColor::Cyan),
    |                  ^^^^ not found in this scope
    |
help: consider importing this tuple variant
    |
1   + use core::option::Option::Some;
    |

error[E0425]: cannot find function, tuple struct or tuple variant `Some` in this scope
   --> C:\Users\john\.cargo\registry\src\index.crates.io-1949cf8c6b5b557f\anstyle-1.0.11\src\color.rs:386:18
    |
386 |             7 => Some(AnsiColor::White),
    |                  ^^^^ not found in this scope
    |
help: consider importing this tuple variant
    |
1   + use core::option::Option::Some;
    |

error[E0425]: cannot find function, tuple struct or tuple variant `Some` in this scope
   --> C:\Users\john\.cargo\registry\src\index.crates.io-1949cf8c6b5b557f\anstyle-1.0.11\src\color.rs:387:18
    |
387 |             8 => Some(AnsiColor::BrightBlack),
    |                  ^^^^ not found in this scope
    |
help: consider importing this tuple variant
    |
1   + use core::option::Option::Some;
    |

error[E0425]: cannot find function, tuple struct or tuple variant `Some` in this scope
   --> C:\Users\john\.cargo\registry\src\index.crates.io-1949cf8c6b5b557f\anstyle-1.0.11\src\color.rs:388:18
    |
388 |             9 => Some(AnsiColor::BrightRed),
    |                  ^^^^ not found in this scope
    |
help: consider importing this tuple variant
    |
1   + use core::option::Option::Some;
    |

error: cannot find macro `debug_assert_ne` in this scope
   --> C:\Users\john\.cargo\registry\src\index.crates.io-1949cf8c6b5b557f\winnow-0.7.13\src\binary\mod.rs:303:5
    |
303 |     debug_assert_ne!(bound, 1, "to_be_uint needs extra work to avoid overflow");
    |     ^^^^^^^^^^^^^^^
    |
help: consider importing this macro
    |
10  + use core::debug_assert_ne;
    |

error[E0425]: cannot find function, tuple struct or tuple variant `Some` in this scope
   --> C:\Users\john\.cargo\registry\src\index.crates.io-1949cf8c6b5b557f\anstyle-1.0.11\src\color.rs:389:19
    |
389 |             10 => Some(AnsiColor::BrightGreen),
    |                   ^^^^ not found in this scope
    |
help: consider importing this tuple variant
    |
1   + use core::option::Option::Some;
    |

error[E0425]: cannot find function, tuple struct or tuple variant `Some` in this scope
   --> C:\Users\john\.cargo\registry\src\index.crates.io-1949cf8c6b5b557f\anstyle-1.0.11\src\color.rs:390:19
    |
390 |             11 => Some(AnsiColor::BrightYellow),
    |                   ^^^^ not found in this scope
    |
help: consider importing this tuple variant
    |
1   + use core::option::Option::Some;
    |

error[E0425]: cannot find function, tuple struct or tuple variant `Some` in this scope
   --> C:\Users\john\.cargo\registry\src\index.crates.io-1949cf8c6b5b557f\anstyle-1.0.11\src\color.rs:391:19
    |
391 |             12 => Some(AnsiColor::BrightBlue),
    |                   ^^^^ not found in this scope
    |
help: consider importing this tuple variant
    |
1   + use core::option::Option::Some;
    |

error[E0425]: cannot find function, tuple struct or tuple variant `Some` in this scope
   --> C:\Users\john\.cargo\registry\src\index.crates.io-1949cf8c6b5b557f\anstyle-1.0.11\src\color.rs:392:19
    |
392 |             13 => Some(AnsiColor::BrightMagenta),
    |                   ^^^^ not found in this scope
    |
help: consider importing this tuple variant
    |
1   + use core::option::Option::Some;
    |

error[E0425]: cannot find function, tuple struct or tuple variant `Some` in this scope
   --> C:\Users\john\.cargo\registry\src\index.crates.io-1949cf8c6b5b557f\anstyle-1.0.11\src\color.rs:393:19
    |
393 |             14 => Some(AnsiColor::BrightCyan),
    |                   ^^^^ not found in this scope
    |
help: consider importing this tuple variant
    |
1   + use core::option::Option::Some;
    |

error[E0425]: cannot find function, tuple struct or tuple variant `Some` in this scope
   --> C:\Users\john\.cargo\registry\src\index.crates.io-1949cf8c6b5b557f\anstyle-1.0.11\src\color.rs:394:19
    |
394 |             15 => Some(AnsiColor::BrightWhite),
    |                   ^^^^ not found in this scope
    |
help: consider importing this tuple variant
    |
1   + use core::option::Option::Some;
    |

error[E0425]: cannot find value `None` in this scope
   --> C:\Users\john\.cargo\registry\src\index.crates.io-1949cf8c6b5b557f\anstyle-1.0.11\src\color.rs:395:18
    |
395 |             _ => None,
    |                  ^^^^ not found in this scope
    |
help: consider importing this unit variant
    |
1   + use core::option::Option::None;
    |

error[E0405]: cannot find trait `Copy` in this scope
   --> C:\Users\john\.cargo\registry\src\index.crates.io-1949cf8c6b5b557f\anstyle-1.0.11\src\color.rs:424:57
    |
424 |     pub fn render_fg(self) -> impl core::fmt::Display + Copy {
    |                                                         ^^^^ not found in this scope
    |
help: consider importing this trait
    |
1   + use core::marker::Copy;
    |

error[E0405]: cannot find trait `Copy` in this scope
   --> C:\Users\john\.cargo\registry\src\index.crates.io-1949cf8c6b5b557f\anstyle-1.0.11\src\color.rs:438:57
    |
438 |     pub fn render_bg(self) -> impl core::fmt::Display + Copy {
    |                                                         ^^^^ not found in this scope
    |
help: consider importing this trait
    |
1   + use core::marker::Copy;
    |

error[E0405]: cannot find trait `From` in this scope
   --> C:\Users\john\.cargo\registry\src\index.crates.io-1949cf8c6b5b557f\anstyle-1.0.11\src\color.rs:459:6
    |
459 | impl From<u8> for Ansi256Color {
    |      ^^^^ not found in this scope
    |
help: consider importing this trait
    |
1   + use core::convert::From;
    |

error[E0405]: cannot find trait `From` in this scope
   --> C:\Users\john\.cargo\registry\src\index.crates.io-1949cf8c6b5b557f\anstyle-1.0.11\src\color.rs:466:6
    |
466 | impl From<AnsiColor> for Ansi256Color {
    |      ^^^^ not found in this scope
    |
help: consider importing this trait
    |
1   + use core::convert::From;
    |

error[E0405]: cannot find trait `Into` in this scope
   --> C:\Users\john\.cargo\registry\src\index.crates.io-1949cf8c6b5b557f\anstyle-1.0.11\src\color.rs:481:38
    |
481 |     pub fn on(self, background: impl Into<Color>) -> crate::Style {
    |                                      ^^^^ not found in this scope
    |
help: consider importing this trait
    |
1   + use core::convert::Into;
    |

error[E0425]: cannot find function, tuple struct or tuple variant `Some` in this scope
   --> C:\Users\john\.cargo\registry\src\index.crates.io-1949cf8c6b5b557f\anstyle-1.0.11\src\color.rs:483:23
    |
483 |             .fg_color(Some(self.into()))
    |                       ^^^^ not found in this scope
    |
help: consider importing this tuple variant
    |
1   + use core::option::Option::Some;
    |

error[E0425]: cannot find function, tuple struct or tuple variant `Some` in this scope
   --> C:\Users\john\.cargo\registry\src\index.crates.io-1949cf8c6b5b557f\anstyle-1.0.11\src\color.rs:484:23
    |
484 |             .bg_color(Some(background.into()))
    |                       ^^^^ not found in this scope
    |
help: consider importing this tuple variant
    |
1   + use core::option::Option::Some;
    |

error[E0425]: cannot find function, tuple struct or tuple variant `Some` in this scope
   --> C:\Users\john\.cargo\registry\src\index.crates.io-1949cf8c6b5b557f\anstyle-1.0.11\src\color.rs:490:38
    |
490 |         crate::Style::new().fg_color(Some(Color::Rgb(self)))
    |                                      ^^^^ not found in this scope
    |
help: consider importing this tuple variant
    |
1   + use core::option::Option::Some;
    |

error[E0405]: cannot find trait `Copy` in this scope
   --> C:\Users\john\.cargo\registry\src\index.crates.io-1949cf8c6b5b557f\anstyle-1.0.11\src\color.rs:513:57
    |
513 |     pub fn render_fg(self) -> impl core::fmt::Display + Copy {
    |                                                         ^^^^ not found in this scope
    |
help: consider importing this trait
    |
1   + use core::marker::Copy;
    |

error[E0405]: cannot find trait `Copy` in this scope
   --> C:\Users\john\.cargo\registry\src\index.crates.io-1949cf8c6b5b557f\anstyle-1.0.11\src\color.rs:531:57
    |
531 |     pub fn render_bg(self) -> impl core::fmt::Display + Copy {
    |                                                         ^^^^ not found in this scope
    |
help: consider importing this trait
    |
1   + use core::marker::Copy;
    |

error[E0405]: cannot find trait `From` in this scope
   --> C:\Users\john\.cargo\registry\src\index.crates.io-1949cf8c6b5b557f\anstyle-1.0.11\src\color.rs:560:6
    |
560 | impl From<(u8, u8, u8)> for RgbColor {
    |      ^^^^ not found in this scope
    |
help: consider importing this trait
    |
1   + use core::convert::From;
    |

error[E0405]: cannot find trait `Copy` in this scope
   --> C:\Users\john\.cargo\registry\src\index.crates.io-1949cf8c6b5b557f\anstyle-1.0.11\src\effect.rs:168:54
    |
168 |     pub fn render(self) -> impl core::fmt::Display + Copy {
    |                                                      ^^^^ not found in this scope
    |
help: consider importing this trait
    |
1   + use core::marker::Copy;
    |

error[E0425]: cannot find function, tuple struct or tuple variant `Ok` in this scope
   --> C:\Users\john\.cargo\registry\src\index.crates.io-1949cf8c6b5b557f\anstyle-1.0.11\src\effect.rs:178:9
    |
178 |         Ok(())
    |         ^^ not found in this scope
    |
help: consider importing this tuple variant
    |
1   + use core::result::Result::Ok;
    |

error[E0425]: cannot find function, tuple struct or tuple variant `Ok` in this scope
   --> C:\Users\john\.cargo\registry\src\index.crates.io-1949cf8c6b5b557f\anstyle-1.0.11\src\effect.rs:201:9
    |
201 |         Ok(())
    |         ^^ not found in this scope
    |
help: consider importing this tuple variant
    |
1   + use core::result::Result::Ok;
    |

error[E0425]: cannot find function, tuple struct or tuple variant `Ok` in this scope
   --> C:\Users\john\.cargo\registry\src\index.crates.io-1949cf8c6b5b557f\anstyle-1.0.11\src\effect.rs:328:9
    |
328 |         Ok(())
    |         ^^ not found in this scope
    |
help: consider importing this tuple variant
    |
1   + use core::result::Result::Ok;
    |

error[E0405]: cannot find trait `Iterator` in this scope
   --> C:\Users\john\.cargo\registry\src\index.crates.io-1949cf8c6b5b557f\anstyle-1.0.11\src\effect.rs:339:6
    |
339 | impl Iterator for EffectIter {
    |      ^^^^^^^^ not found in this scope
    |
help: consider importing this trait
    |
1   + use core::iter::Iterator;
    |

error[E0412]: cannot find type `Option` in this scope
   --> C:\Users\john\.cargo\registry\src\index.crates.io-1949cf8c6b5b557f\anstyle-1.0.11\src\effect.rs:342:27
    |
342 |     fn next(&mut self) -> Option<Self::Item> {
    |                           ^^^^^^ not found in this scope
    |
help: consider importing this enum
    |
1   + use core::option::Option;
    |

error[E0425]: cannot find function, tuple struct or tuple variant `Some` in this scope
   --> C:\Users\john\.cargo\registry\src\index.crates.io-1949cf8c6b5b557f\anstyle-1.0.11\src\effect.rs:349:24
    |
349 |                 return Some(effect);
    |                        ^^^^ not found in this scope
    |
help: consider importing this tuple variant
    |
1   + use core::option::Option::Some;
    |

error[E0425]: cannot find value `None` in this scope
   --> C:\Users\john\.cargo\registry\src\index.crates.io-1949cf8c6b5b557f\anstyle-1.0.11\src\effect.rs:353:9
    |
353 |         None
    |         ^^^^ not found in this scope
    |
help: consider importing this unit variant
    |
1   + use core::option::Option::None;
    |

error[E0405]: cannot find trait `Iterator` in this scope
   --> C:\Users\john\.cargo\registry\src\index.crates.io-1949cf8c6b5b557f\anstyle-1.0.11\src\effect.rs:363:6
    |
363 | impl Iterator for EffectIndexIter {
    |      ^^^^^^^^ not found in this scope
    |
help: consider importing this trait
    |
1   + use core::iter::Iterator;
    |

error[E0412]: cannot find type `Option` in this scope
   --> C:\Users\john\.cargo\registry\src\index.crates.io-1949cf8c6b5b557f\anstyle-1.0.11\src\effect.rs:366:27
    |
366 |     fn next(&mut self) -> Option<Self::Item> {
    |                           ^^^^^^ not found in this scope
    |
help: consider importing this enum
    |
1   + use core::option::Option;
    |

error[E0425]: cannot find function, tuple struct or tuple variant `Some` in this scope
   --> C:\Users\john\.cargo\registry\src\index.crates.io-1949cf8c6b5b557f\anstyle-1.0.11\src\effect.rs:373:24
    |
373 |                 return Some(index);
    |                        ^^^^ not found in this scope
    |
help: consider importing this tuple variant
    |
1   + use core::option::Option::Some;
    |

error[E0425]: cannot find value `None` in this scope
   --> C:\Users\john\.cargo\registry\src\index.crates.io-1949cf8c6b5b557f\anstyle-1.0.11\src\effect.rs:377:9
    |
377 |         None
    |         ^^^^ not found in this scope
    |
help: consider importing this unit variant
    |
1   + use core::option::Option::None;
    |

error[E0405]: cannot find trait `Copy` in this scope
  --> C:\Users\john\.cargo\registry\src\index.crates.io-1949cf8c6b5b557f\anstyle-1.0.11\src\reset.rs:11:54
   |
11 |     pub fn render(self) -> impl core::fmt::Display + Copy {
   |                                                      ^^^^ not found in this scope
   |
help: consider importing this trait
   |
1  + use core::marker::Copy;
   |

error[E0412]: cannot find type `Option` in this scope
  --> C:\Users\john\.cargo\registry\src\index.crates.io-1949cf8c6b5b557f\anstyle-1.0.11\src\style.rs:19:9
   |
19 |     fg: Option<crate::Color>,
   |         ^^^^^^ not found in this scope
   |
help: consider importing this enum
   |
1  + use core::option::Option;
   |

error[E0412]: cannot find type `Option` in this scope
  --> C:\Users\john\.cargo\registry\src\index.crates.io-1949cf8c6b5b557f\anstyle-1.0.11\src\style.rs:20:9
   |
20 |     bg: Option<crate::Color>,
   |         ^^^^^^ not found in this scope
   |
help: consider importing this enum
   |
1  + use core::option::Option;
   |

error[E0412]: cannot find type `Option` in this scope
  --> C:\Users\john\.cargo\registry\src\index.crates.io-1949cf8c6b5b557f\anstyle-1.0.11\src\style.rs:21:16
   |
21 |     underline: Option<crate::Color>,
   |                ^^^^^^ not found in this scope
   |
help: consider importing this enum
   |
1  + use core::option::Option;
   |

error[E0425]: cannot find value `None` in this scope
  --> C:\Users\john\.cargo\registry\src\index.crates.io-1949cf8c6b5b557f\anstyle-1.0.11\src\style.rs:37:17
   |
37 |             fg: None,
   |                 ^^^^ not found in this scope
   |
help: consider importing this unit variant
   |
1  + use core::option::Option::None;
   |

error[E0425]: cannot find value `None` in this scope
  --> C:\Users\john\.cargo\registry\src\index.crates.io-1949cf8c6b5b557f\anstyle-1.0.11\src\style.rs:38:17
   |
38 |             bg: None,
   |                 ^^^^ not found in this scope
   |
help: consider importing this unit variant
   |
1  + use core::option::Option::None;
   |

error[E0425]: cannot find value `None` in this scope
  --> C:\Users\john\.cargo\registry\src\index.crates.io-1949cf8c6b5b557f\anstyle-1.0.11\src\style.rs:39:24
   |
39 |             underline: None,
   |                        ^^^^ not found in this scope
   |
help: consider importing this unit variant
   |
1  + use core::option::Option::None;
   |

error[E0412]: cannot find type `Option` in this scope
  --> C:\Users\john\.cargo\registry\src\index.crates.io-1949cf8c6b5b557f\anstyle-1.0.11\src\style.rs:53:41
   |
53 |     pub const fn fg_color(mut self, fg: Option<crate::Color>) -> Self {
   |                                         ^^^^^^ not found in this scope
   |
help: consider importing this enum
   |
1  + use core::option::Option;
   |

error[E0412]: cannot find type `Option` in this scope
  --> C:\Users\john\.cargo\registry\src\index.crates.io-1949cf8c6b5b557f\anstyle-1.0.11\src\style.rs:67:41
   |
67 |     pub const fn bg_color(mut self, bg: Option<crate::Color>) -> Self {
   |                                         ^^^^^^ not found in this scope
   |
help: consider importing this enum
   |
1  + use core::option::Option;
   |

error[E0412]: cannot find type `Option` in this scope
  --> C:\Users\john\.cargo\registry\src\index.crates.io-1949cf8c6b5b557f\anstyle-1.0.11\src\style.rs:81:55
   |
81 |     pub const fn underline_color(mut self, underline: Option<crate::Color>) -> Self {
   |                                                       ^^^^^^ not found in this scope
   |
help: consider importing this enum
   |
1  + use core::option::Option;
   |

error[E0405]: cannot find trait `Copy` in this scope
   --> C:\Users\john\.cargo\registry\src\index.crates.io-1949cf8c6b5b557f\anstyle-1.0.11\src\style.rs:104:54
    |
104 |     pub fn render(self) -> impl core::fmt::Display + Copy {
    |                                                      ^^^^ not found in this scope
    |
help: consider importing this trait
    |
1   + use core::marker::Copy;
    |

error[E0531]: cannot find tuple struct or tuple variant `Some` in this scope
   --> C:\Users\john\.cargo\registry\src\index.crates.io-1949cf8c6b5b557f\anstyle-1.0.11\src\style.rs:113:16
    |
113 |         if let Some(fg) = self.fg {
    |                ^^^^ not found in this scope
    |
help: consider importing this tuple variant
    |
1   + use core::option::Option::Some;
    |

error[E0531]: cannot find tuple struct or tuple variant `Some` in this scope
   --> C:\Users\john\.cargo\registry\src\index.crates.io-1949cf8c6b5b557f\anstyle-1.0.11\src\style.rs:117:16
    |
117 |         if let Some(bg) = self.bg {
    |                ^^^^ not found in this scope
    |
help: consider importing this tuple variant
    |
1   + use core::option::Option::Some;
    |

error[E0531]: cannot find tuple struct or tuple variant `Some` in this scope
   --> C:\Users\john\.cargo\registry\src\index.crates.io-1949cf8c6b5b557f\anstyle-1.0.11\src\style.rs:121:16
    |
121 |         if let Some(underline) = self.underline {
    |                ^^^^ not found in this scope
    |
help: consider importing this tuple variant
    |
1   + use core::option::Option::Some;
    |

error[E0425]: cannot find function, tuple struct or tuple variant `Ok` in this scope
   --> C:\Users\john\.cargo\registry\src\index.crates.io-1949cf8c6b5b557f\anstyle-1.0.11\src\style.rs:125:9
    |
125 |         Ok(())
    |         ^^ not found in this scope
    |
help: consider importing this tuple variant
    |
1   + use core::result::Result::Ok;
    |

error: cannot find macro `unreachable` in this scope
   --> C:\Users\john\.cargo\registry\src\index.crates.io-1949cf8c6b5b557f\winnow-0.7.13\src\combinator\branch.rs:313:18
    |
313 |               _ => unreachable!(),
    |                    ^^^^^^^^^^^
...
344 | / permutation_trait!(
345 | |   P1 O1 o1
346 | |   P2 O2 o2
347 | |   P3 O3 o3
...   |
365 | |   P21 O21 o21
366 | | );
    | |_- in this macro invocation
    |
    = note: this error originates in the macro `permutation_trait_impl` which comes from the expansion of the macro `permutation_trait` (in Nightly builds, run with -Z macro-backtrace for more info)
help: consider importing this macro
    |
1   + use core::unreachable;
    |

error[E0531]: cannot find tuple struct or tuple variant `Some` in this scope
   --> C:\Users\john\.cargo\registry\src\index.crates.io-1949cf8c6b5b557f\anstyle-1.0.11\src\style.rs:134:16
    |
134 |         if let Some(fg) = self.fg {
    |                ^^^^ not found in this scope
    |
help: consider importing this tuple variant
    |
1   + use core::option::Option::Some;
    |

error[E0531]: cannot find tuple struct or tuple variant `Some` in this scope
   --> C:\Users\john\.cargo\registry\src\index.crates.io-1949cf8c6b5b557f\anstyle-1.0.11\src\style.rs:138:16
    |
138 |         if let Some(bg) = self.bg {
    |                ^^^^ not found in this scope
    |
help: consider importing this tuple variant
    |
1   + use core::option::Option::Some;
    |

error[E0531]: cannot find tuple struct or tuple variant `Some` in this scope
   --> C:\Users\john\.cargo\registry\src\index.crates.io-1949cf8c6b5b557f\anstyle-1.0.11\src\style.rs:142:16
    |
142 |         if let Some(underline) = self.underline {
    |                ^^^^ not found in this scope
    |
help: consider importing this tuple variant
    |
1   + use core::option::Option::Some;
    |

error[E0425]: cannot find function, tuple struct or tuple variant `Ok` in this scope
   --> C:\Users\john\.cargo\registry\src\index.crates.io-1949cf8c6b5b557f\anstyle-1.0.11\src\style.rs:146:9
    |
146 |         Ok(())
    |         ^^ not found in this scope
    |
help: consider importing this tuple variant
    |
1   + use core::result::Result::Ok;
    |

error[E0405]: cannot find trait `Copy` in this scope
   --> C:\Users\john\.cargo\registry\src\index.crates.io-1949cf8c6b5b557f\anstyle-1.0.11\src\style.rs:153:60
    |
153 |     pub fn render_reset(self) -> impl core::fmt::Display + Copy {
    |                                                            ^^^^ not found in this scope
    |
help: consider importing this trait
    |
1   + use core::marker::Copy;
    |

error[E0425]: cannot find function, tuple struct or tuple variant `Ok` in this scope
   --> C:\Users\john\.cargo\registry\src\index.crates.io-1949cf8c6b5b557f\anstyle-1.0.11\src\style.rs:170:13
    |
170 |             Ok(())
    |             ^^ not found in this scope
    |
help: consider importing this tuple variant
    |
1   + use core::result::Result::Ok;
    |

error[E0412]: cannot find type `Option` in this scope
   --> C:\Users\john\.cargo\registry\src\index.crates.io-1949cf8c6b5b557f\anstyle-1.0.11\src\style.rs:294:40
    |
294 |     pub const fn get_fg_color(self) -> Option<crate::Color> {
    |                                        ^^^^^^ not found in this scope
    |
help: consider importing this enum
    |
1   + use core::option::Option;
    |

error[E0412]: cannot find type `Option` in this scope
   --> C:\Users\john\.cargo\registry\src\index.crates.io-1949cf8c6b5b557f\anstyle-1.0.11\src\style.rs:301:40
    |
301 |     pub const fn get_bg_color(self) -> Option<crate::Color> {
    |                                        ^^^^^^ not found in this scope
    |
help: consider importing this enum
    |
1   + use core::option::Option;
    |

error[E0412]: cannot find type `Option` in this scope
   --> C:\Users\john\.cargo\registry\src\index.crates.io-1949cf8c6b5b557f\anstyle-1.0.11\src\style.rs:307:47
    |
307 |     pub const fn get_underline_color(self) -> Option<crate::Color> {
    |                                               ^^^^^^ not found in this scope
    |
help: consider importing this enum
    |
1   + use core::option::Option;
    |

error[E0405]: cannot find trait `From` in this scope
   --> C:\Users\john\.cargo\registry\src\index.crates.io-1949cf8c6b5b557f\anstyle-1.0.11\src\style.rs:332:6
    |
332 | impl From<crate::Effects> for Style {
    |      ^^^^ not found in this scope
    |
help: consider importing this trait
    |
1   + use core::convert::From;
    |

error[E0405]: cannot find trait `PartialEq` in this scope
   --> C:\Users\john\.cargo\registry\src\index.crates.io-1949cf8c6b5b557f\anstyle-1.0.11\src\style.rs:403:6
    |
403 | impl PartialEq<crate::Effects> for Style {
    |      ^^^^^^^^^ not found in this scope
    |
help: consider importing this trait
    |
1   + use core::cmp::PartialEq;
    |

error[E0405]: cannot find trait `Sized` in this scope
  --> C:\Users\john\.cargo\registry\src\index.crates.io-1949cf8c6b5b557f\toml_write-0.1.2\src\key.rs:16:24
   |
16 |     T: WriteTomlKey + ?Sized,
   |                        ^^^^^ not found in this scope
   |
help: consider importing this trait
   |
1  + use core::marker::Sized;
   |

error[E0405]: cannot find trait `Sized` in this scope
  --> C:\Users\john\.cargo\registry\src\index.crates.io-1949cf8c6b5b557f\toml_write-0.1.2\src\key.rs:26:39
   |
26 |     fn write_toml_key<W: TomlWrite + ?Sized>(&self, writer: &mut W) -> core::fmt::Result;
   |                                       ^^^^^ not found in this scope
   |
help: consider importing this trait
   |
1  + use core::marker::Sized;
   |

error[E0405]: cannot find trait `Sized` in this scope
  --> C:\Users\john\.cargo\registry\src\index.crates.io-1949cf8c6b5b557f\toml_write-0.1.2\src\key.rs:30:39
   |
30 |     fn write_toml_key<W: TomlWrite + ?Sized>(&self, writer: &mut W) -> core::fmt::Result {
   |                                       ^^^^^ not found in this scope
   |
help: consider importing this trait
   |
1  + use core::marker::Sized;
   |

error[E0405]: cannot find trait `Sized` in this scope
  --> C:\Users\john\.cargo\registry\src\index.crates.io-1949cf8c6b5b557f\toml_write-0.1.2\src\key.rs:39:39
   |
39 |     fn write_toml_key<W: TomlWrite + ?Sized>(&self, writer: &mut W) -> core::fmt::Result {
   |                                       ^^^^^ not found in this scope
   |
help: consider importing this trait
   |
1  + use core::marker::Sized;
   |

error[E0405]: cannot find trait `Sized` in this scope
  --> C:\Users\john\.cargo\registry\src\index.crates.io-1949cf8c6b5b557f\toml_write-0.1.2\src\key.rs:46:39
   |
46 |     fn write_toml_key<W: TomlWrite + ?Sized>(&self, writer: &mut W) -> core::fmt::Result {
   |                                       ^^^^^ not found in this scope
   |
help: consider importing this trait
   |
1  + use core::marker::Sized;
   |

error[E0405]: cannot find trait `Sized` in this scope
  --> C:\Users\john\.cargo\registry\src\index.crates.io-1949cf8c6b5b557f\toml_write-0.1.2\src\key.rs:51:25
   |
51 | impl<V: WriteTomlKey + ?Sized> WriteTomlKey for &V {
   |                         ^^^^^ not found in this scope
   |
help: consider importing this trait
   |
1  + use core::marker::Sized;
   |

error[E0405]: cannot find trait `Sized` in this scope
  --> C:\Users\john\.cargo\registry\src\index.crates.io-1949cf8c6b5b557f\toml_write-0.1.2\src\key.rs:52:39
   |
52 |     fn write_toml_key<W: TomlWrite + ?Sized>(&self, writer: &mut W) -> core::fmt::Result {
   |                                       ^^^^^ not found in this scope
   |
help: consider importing this trait
   |
1  + use core::marker::Sized;
   |

error[E0412]: cannot find type `Option` in this scope
  --> C:\Users\john\.cargo\registry\src\index.crates.io-1949cf8c6b5b557f\toml_write-0.1.2\src\string.rs:29:33
   |
29 |     pub fn as_literal(&self) -> Option<TomlString<'s>> {
   |                                 ^^^^^^ not found in this scope
   |
help: consider importing this enum
   |
1  + use core::option::Option;
   |

error[E0425]: cannot find value `None` in this scope
  --> C:\Users\john\.cargo\registry\src\index.crates.io-1949cf8c6b5b557f\toml_write-0.1.2\src\string.rs:34:13
   |
34 |             None
   |             ^^^^ not found in this scope
   |
help: consider importing this unit variant
   |
1  + use core::option::Option::None;
   |

error[E0425]: cannot find function, tuple struct or tuple variant `Some` in this scope
  --> C:\Users\john\.cargo\registry\src\index.crates.io-1949cf8c6b5b557f\toml_write-0.1.2\src\string.rs:36:13
   |
36 |             Some(TomlString {
   |             ^^^^ not found in this scope
   |
help: consider importing this tuple variant
   |
1  + use core::option::Option::Some;
   |

error[E0412]: cannot find type `Option` in this scope
  --> C:\Users\john\.cargo\registry\src\index.crates.io-1949cf8c6b5b557f\toml_write-0.1.2\src\string.rs:44:36
   |
44 |     pub fn as_ml_literal(&self) -> Option<TomlString<'s>> {
   |                                    ^^^^^^ not found in this scope
   |
help: consider importing this enum
   |
1  + use core::option::Option;
   |

error[E0425]: cannot find value `None` in this scope
  --> C:\Users\john\.cargo\registry\src\index.crates.io-1949cf8c6b5b557f\toml_write-0.1.2\src\string.rs:46:13
   |
46 |             None
   |             ^^^^ not found in this scope
   |
help: consider importing this unit variant
   |
1  + use core::option::Option::None;
   |

error[E0425]: cannot find function, tuple struct or tuple variant `Some` in this scope
  --> C:\Users\john\.cargo\registry\src\index.crates.io-1949cf8c6b5b557f\toml_write-0.1.2\src\string.rs:48:13
   |
48 |             Some(TomlString {
   |             ^^^^ not found in this scope
   |
help: consider importing this tuple variant
   |
1  + use core::option::Option::Some;
   |

error[E0412]: cannot find type `Option` in this scope
  --> C:\Users\john\.cargo\registry\src\index.crates.io-1949cf8c6b5b557f\toml_write-0.1.2\src\string.rs:56:38
   |
56 |     pub fn as_basic_pretty(&self) -> Option<TomlString<'s>> {
   |                                      ^^^^^^ not found in this scope
   |
help: consider importing this enum
   |
1  + use core::option::Option;
   |

error[E0425]: cannot find value `None` in this scope
  --> C:\Users\john\.cargo\registry\src\index.crates.io-1949cf8c6b5b557f\toml_write-0.1.2\src\string.rs:62:13
   |
62 |             None
   |             ^^^^ not found in this scope
   |
help: consider importing this unit variant
   |
1  + use core::option::Option::None;
   |

error[E0425]: cannot find function, tuple struct or tuple variant `Some` in this scope
  --> C:\Users\john\.cargo\registry\src\index.crates.io-1949cf8c6b5b557f\toml_write-0.1.2\src\string.rs:64:13
   |
64 |             Some(self.as_basic())
   |             ^^^^ not found in this scope
   |
help: consider importing this tuple variant
   |
1  + use core::option::Option::Some;
   |

error[E0412]: cannot find type `Option` in this scope
  --> C:\Users\john\.cargo\registry\src\index.crates.io-1949cf8c6b5b557f\toml_write-0.1.2\src\string.rs:68:41
   |
68 |     pub fn as_ml_basic_pretty(&self) -> Option<TomlString<'s>> {
   |                                         ^^^^^^ not found in this scope
   |
help: consider importing this enum
   |
1  + use core::option::Option;
   |

error[E0425]: cannot find value `None` in this scope
  --> C:\Users\john\.cargo\registry\src\index.crates.io-1949cf8c6b5b557f\toml_write-0.1.2\src\string.rs:73:13
   |
73 |             None
   |             ^^^^ not found in this scope
   |
help: consider importing this unit variant
   |
1  + use core::option::Option::None;
   |

error[E0425]: cannot find function, tuple struct or tuple variant `Some` in this scope
  --> C:\Users\john\.cargo\registry\src\index.crates.io-1949cf8c6b5b557f\toml_write-0.1.2\src\string.rs:75:13
   |
75 |             Some(self.as_ml_basic())
   |             ^^^^ not found in this scope
   |
help: consider importing this tuple variant
   |
1  + use core::option::Option::Some;
   |

error[E0405]: cannot find trait `Sized` in this scope
   --> C:\Users\john\.cargo\registry\src\index.crates.io-1949cf8c6b5b557f\toml_write-0.1.2\src\string.rs:104:48
    |
104 |     fn write_toml_value<W: crate::TomlWrite + ?Sized>(&self, writer: &mut W) -> core::fmt::Result {
    |                                                ^^^^^ not found in this scope
    |
help: consider importing this trait
    |
1   + use core::marker::Sized;
    |

error[E0425]: cannot find function, tuple struct or tuple variant `Some` in this scope
   --> C:\Users\john\.cargo\registry\src\index.crates.io-1949cf8c6b5b557f\toml_write-0.1.2\src\string.rs:105:40
    |
105 |         write_toml_value(self.decoded, Some(self.encoding), self.newline, writer)
    |                                        ^^^^ not found in this scope
    |
help: consider importing this tuple variant
    |
1   + use core::option::Option::Some;
    |

error[E0412]: cannot find type `Option` in this scope
   --> C:\Users\john\.cargo\registry\src\index.crates.io-1949cf8c6b5b557f\toml_write-0.1.2\src\string.rs:130:34
    |
130 |     pub fn as_unquoted(&self) -> Option<TomlKey<'s>> {
    |                                  ^^^^^^ not found in this scope
    |
help: consider importing this enum
    |
1   + use core::option::Option;
    |

error[E0425]: cannot find function, tuple struct or tuple variant `Some` in this scope
   --> C:\Users\john\.cargo\registry\src\index.crates.io-1949cf8c6b5b557f\toml_write-0.1.2\src\string.rs:132:13
    |
132 |             Some(TomlKey {
    |             ^^^^ not found in this scope
    |
help: consider importing this tuple variant
    |
1   + use core::option::Option::Some;
    |

error[E0425]: cannot find value `None` in this scope
   --> C:\Users\john\.cargo\registry\src\index.crates.io-1949cf8c6b5b557f\toml_write-0.1.2\src\string.rs:134:27
    |
134 |                 encoding: None,
    |                           ^^^^ not found in this scope
    |
help: consider importing this unit variant
    |
1   + use core::option::Option::None;
    |

error[E0425]: cannot find value `None` in this scope
   --> C:\Users\john\.cargo\registry\src\index.crates.io-1949cf8c6b5b557f\toml_write-0.1.2\src\string.rs:137:13
    |
137 |             None
    |             ^^^^ not found in this scope
    |
help: consider importing this unit variant
    |
1   + use core::option::Option::None;
    |

error[E0412]: cannot find type `Option` in this scope
   --> C:\Users\john\.cargo\registry\src\index.crates.io-1949cf8c6b5b557f\toml_write-0.1.2\src\string.rs:141:33
    |
141 |     pub fn as_literal(&self) -> Option<TomlKey<'s>> {
    |                                 ^^^^^^ not found in this scope
    |
help: consider importing this enum
    |
1   + use core::option::Option;
    |

error[E0425]: cannot find value `None` in this scope
   --> C:\Users\john\.cargo\registry\src\index.crates.io-1949cf8c6b5b557f\toml_write-0.1.2\src\string.rs:143:13
    |
143 |             None
    |             ^^^^ not found in this scope
    |
help: consider importing this unit variant
    |
1   + use core::option::Option::None;
    |

error[E0425]: cannot find function, tuple struct or tuple variant `Some` in this scope
   --> C:\Users\john\.cargo\registry\src\index.crates.io-1949cf8c6b5b557f\toml_write-0.1.2\src\string.rs:145:13
    |
145 |             Some(TomlKey {
    |             ^^^^ not found in this scope
    |
help: consider importing this tuple variant
    |
1   + use core::option::Option::Some;
    |

error[E0425]: cannot find function, tuple struct or tuple variant `Some` in this scope
   --> C:\Users\john\.cargo\registry\src\index.crates.io-1949cf8c6b5b557f\toml_write-0.1.2\src\string.rs:147:27
    |
147 |                 encoding: Some(Encoding::LiteralString),
    |                           ^^^^ not found in this scope
    |
help: consider importing this tuple variant
    |
1   + use core::option::Option::Some;
    |

error[E0412]: cannot find type `Option` in this scope
   --> C:\Users\john\.cargo\registry\src\index.crates.io-1949cf8c6b5b557f\toml_write-0.1.2\src\string.rs:152:38
    |
152 |     pub fn as_basic_pretty(&self) -> Option<TomlKey<'s>> {
    |                                      ^^^^^^ not found in this scope
    |
help: consider importing this enum
    |
1   + use core::option::Option;
    |

error[E0425]: cannot find value `None` in this scope
   --> C:\Users\john\.cargo\registry\src\index.crates.io-1949cf8c6b5b557f\toml_write-0.1.2\src\string.rs:154:13
    |
154 |             None
    |             ^^^^ not found in this scope
    |
help: consider importing this unit variant
    |
1   + use core::option::Option::None;
    |

error[E0425]: cannot find function, tuple struct or tuple variant `Some` in this scope
   --> C:\Users\john\.cargo\registry\src\index.crates.io-1949cf8c6b5b557f\toml_write-0.1.2\src\string.rs:156:13
    |
156 |             Some(self.as_basic())
    |             ^^^^ not found in this scope
    |
help: consider importing this tuple variant
    |
1   + use core::option::Option::Some;
    |

error[E0425]: cannot find function, tuple struct or tuple variant `Some` in this scope
   --> C:\Users\john\.cargo\registry\src\index.crates.io-1949cf8c6b5b557f\toml_write-0.1.2\src\string.rs:163:23
    |
163 |             encoding: Some(Encoding::BasicString),
    |                       ^^^^ not found in this scope
    |
help: consider importing this tuple variant
    |
1   + use core::option::Option::Some;
    |

error[E0412]: cannot find type `Option` in this scope
   --> C:\Users\john\.cargo\registry\src\index.crates.io-1949cf8c6b5b557f\toml_write-0.1.2\src\string.rs:171:15
    |
171 |     encoding: Option<Encoding>,
    |               ^^^^^^ not found in this scope
    |
help: consider importing this enum
    |
1   + use core::option::Option;
    |

error[E0405]: cannot find trait `Sized` in this scope
   --> C:\Users\john\.cargo\registry\src\index.crates.io-1949cf8c6b5b557f\toml_write-0.1.2\src\string.rs:175:46
    |
175 |     fn write_toml_key<W: crate::TomlWrite + ?Sized>(&self, writer: &mut W) -> core::fmt::Result {
    |                                              ^^^^^ not found in this scope
    |
help: consider importing this trait
    |
1   + use core::marker::Sized;
    |

error[E0405]: cannot find trait `Sized` in this scope
   --> C:\Users\john\.cargo\registry\src\index.crates.io-1949cf8c6b5b557f\toml_write-0.1.2\src\string.rs:193:44
    |
193 | fn write_toml_value<W: crate::TomlWrite + ?Sized>(
    |                                            ^^^^^ not found in this scope
    |
help: consider importing this trait
    |
1   + use core::marker::Sized;
    |

error[E0412]: cannot find type `Option` in this scope
   --> C:\Users\john\.cargo\registry\src\index.crates.io-1949cf8c6b5b557f\toml_write-0.1.2\src\string.rs:195:15
    |
195 |     encoding: Option<Encoding>,
    |               ^^^^^^ not found in this scope
    |
help: consider importing this enum
    |
1   + use core::option::Option;
    |

error[E0531]: cannot find tuple struct or tuple variant `Some` in this scope
   --> C:\Users\john\.cargo\registry\src\index.crates.io-1949cf8c6b5b557f\toml_write-0.1.2\src\string.rs:200:9
    |
200 |         Some(Encoding::LiteralString) => "'",
    |         ^^^^ not found in this scope
    |
help: consider importing this tuple variant
    |
1   + use core::option::Option::Some;
    |

error[E0531]: cannot find tuple struct or tuple variant `Some` in this scope
   --> C:\Users\john\.cargo\registry\src\index.crates.io-1949cf8c6b5b557f\toml_write-0.1.2\src\string.rs:201:9
    |
201 |         Some(Encoding::BasicString) => "\"",
    |         ^^^^ not found in this scope
    |
help: consider importing this tuple variant
    |
1   + use core::option::Option::Some;
    |

error[E0531]: cannot find tuple struct or tuple variant `Some` in this scope
   --> C:\Users\john\.cargo\registry\src\index.crates.io-1949cf8c6b5b557f\toml_write-0.1.2\src\string.rs:202:9
    |
202 |         Some(Encoding::MlLiteralString) => "'''",
    |         ^^^^ not found in this scope
    |
help: consider importing this tuple variant
    |
1   + use core::option::Option::Some;
    |

error[E0531]: cannot find tuple struct or tuple variant `Some` in this scope
   --> C:\Users\john\.cargo\registry\src\index.crates.io-1949cf8c6b5b557f\toml_write-0.1.2\src\string.rs:203:9
    |
203 |         Some(Encoding::MlBasicString) => "\"\"\"",
    |         ^^^^ not found in this scope
    |
help: consider importing this tuple variant
    |
1   + use core::option::Option::Some;
    |

error[E0531]: cannot find tuple struct or tuple variant `Some` in this scope
   --> C:\Users\john\.cargo\registry\src\index.crates.io-1949cf8c6b5b557f\toml_write-0.1.2\src\string.rs:207:9
    |
207 |         Some(Encoding::LiteralString) | Some(Encoding::MlLiteralString) => false,
    |         ^^^^ not found in this scope
    |
help: consider importing this tuple variant
    |
1   + use core::option::Option::Some;
    |

error[E0531]: cannot find tuple struct or tuple variant `Some` in this scope
   --> C:\Users\john\.cargo\registry\src\index.crates.io-1949cf8c6b5b557f\toml_write-0.1.2\src\string.rs:207:41
    |
207 |         Some(Encoding::LiteralString) | Some(Encoding::MlLiteralString) => false,
    |                                         ^^^^ not found in this scope
    |
help: consider importing this tuple variant
    |
1   + use core::option::Option::Some;
    |

error[E0531]: cannot find tuple struct or tuple variant `Some` in this scope
   --> C:\Users\john\.cargo\registry\src\index.crates.io-1949cf8c6b5b557f\toml_write-0.1.2\src\string.rs:208:9
    |
208 |         Some(Encoding::BasicString) | Some(Encoding::MlBasicString) => true,
    |         ^^^^ not found in this scope
    |
help: consider importing this tuple variant
    |
1   + use core::option::Option::Some;
    |

error[E0531]: cannot find tuple struct or tuple variant `Some` in this scope
   --> C:\Users\john\.cargo\registry\src\index.crates.io-1949cf8c6b5b557f\toml_write-0.1.2\src\string.rs:208:39
    |
208 |         Some(Encoding::BasicString) | Some(Encoding::MlBasicString) => true,
    |                                       ^^^^ not found in this scope
    |
help: consider importing this tuple variant
    |
1   + use core::option::Option::Some;
    |

error[E0531]: cannot find tuple struct or tuple variant `Some` in this scope
   --> C:\Users\john\.cargo\registry\src\index.crates.io-1949cf8c6b5b557f\toml_write-0.1.2\src\string.rs:212:9
    |
212 |         Some(Encoding::LiteralString) | Some(Encoding::BasicString) => false,
    |         ^^^^ not found in this scope
    |
help: consider importing this tuple variant
    |
1   + use core::option::Option::Some;
    |

error[E0531]: cannot find tuple struct or tuple variant `Some` in this scope
   --> C:\Users\john\.cargo\registry\src\index.crates.io-1949cf8c6b5b557f\toml_write-0.1.2\src\string.rs:212:41
    |
212 |         Some(Encoding::LiteralString) | Some(Encoding::BasicString) => false,
    |                                         ^^^^ not found in this scope
    |
help: consider importing this tuple variant
    |
1   + use core::option::Option::Some;
    |

error[E0531]: cannot find tuple struct or tuple variant `Some` in this scope
   --> C:\Users\john\.cargo\registry\src\index.crates.io-1949cf8c6b5b557f\toml_write-0.1.2\src\string.rs:213:9
    |
213 |         Some(Encoding::MlLiteralString) | Some(Encoding::MlBasicString) => true,
    |         ^^^^ not found in this scope
    |
help: consider importing this tuple variant
    |
1   + use core::option::Option::Some;
    |

error[E0531]: cannot find tuple struct or tuple variant `Some` in this scope
   --> C:\Users\john\.cargo\registry\src\index.crates.io-1949cf8c6b5b557f\toml_write-0.1.2\src\string.rs:213:43
    |
213 |         Some(Encoding::MlLiteralString) | Some(Encoding::MlBasicString) => true,
    |                                           ^^^^ not found in this scope
    |
help: consider importing this tuple variant
    |
1   + use core::option::Option::Some;
    |

error[E0425]: cannot find value `None` in this scope
   --> C:\Users\john\.cargo\registry\src\index.crates.io-1949cf8c6b5b557f\toml_write-0.1.2\src\string.rs:233:31
    |
233 |             let mut escaped = None;
    |                               ^^^^ not found in this scope
    |
help: consider importing this unit variant
    |
1   + use core::option::Option::None;
    |

error[E0425]: cannot find function, tuple struct or tuple variant `Some` in this scope
   --> C:\Users\john\.cargo\registry\src\index.crates.io-1949cf8c6b5b557f\toml_write-0.1.2\src\string.rs:239:35
    |
239 |                         escaped = Some(r#"\""#);
    |                                   ^^^^ not found in this scope
    |
help: consider importing this tuple variant
    |
1   + use core::option::Option::Some;
    |

error[E0425]: cannot find function, tuple struct or tuple variant `Some` in this scope
   --> C:\Users\john\.cargo\registry\src\index.crates.io-1949cf8c6b5b557f\toml_write-0.1.2\src\string.rs:248:35
    |
248 |                         escaped = Some(r#"\b"#);
    |                                   ^^^^ not found in this scope
    |
help: consider importing this tuple variant
    |
1   + use core::option::Option::Some;
    |

error[E0425]: cannot find function, tuple struct or tuple variant `Some` in this scope
   --> C:\Users\john\.cargo\registry\src\index.crates.io-1949cf8c6b5b557f\toml_write-0.1.2\src\string.rs:252:35
    |
252 |                         escaped = Some(r#"\t"#);
    |                                   ^^^^ not found in this scope
    |
help: consider importing this tuple variant
    |
1   + use core::option::Option::Some;
    |

error[E0425]: cannot find function, tuple struct or tuple variant `Some` in this scope
   --> C:\Users\john\.cargo\registry\src\index.crates.io-1949cf8c6b5b557f\toml_write-0.1.2\src\string.rs:257:39
    |
257 | ...                   escaped = Some(r#"\n"#);
    |                                 ^^^^ not found in this scope
    |
help: consider importing this tuple variant
    |
1   + use core::option::Option::Some;
    |

error[E0425]: cannot find function, tuple struct or tuple variant `Some` in this scope
   --> C:\Users\john\.cargo\registry\src\index.crates.io-1949cf8c6b5b557f\toml_write-0.1.2\src\string.rs:262:35
    |
262 |                         escaped = Some(r#"\f"#);
    |                                   ^^^^ not found in this scope
    |
help: consider importing this tuple variant
    |
1   + use core::option::Option::Some;
    |

error[E0425]: cannot find function, tuple struct or tuple variant `Some` in this scope
   --> C:\Users\john\.cargo\registry\src\index.crates.io-1949cf8c6b5b557f\toml_write-0.1.2\src\string.rs:266:35
    |
266 |                         escaped = Some(r#"\r"#);
    |                                   ^^^^ not found in this scope
    |
help: consider importing this tuple variant
    |
1   + use core::option::Option::Some;
    |

error[E0425]: cannot find function, tuple struct or tuple variant `Some` in this scope
   --> C:\Users\john\.cargo\registry\src\index.crates.io-1949cf8c6b5b557f\toml_write-0.1.2\src\string.rs:271:35
    |
271 |                         escaped = Some(r#"\\"#);
    |                                   ^^^^ not found in this scope
    |
help: consider importing this tuple variant
    |
1   + use core::option::Option::Some;
    |

error[E0425]: cannot find function, tuple struct or tuple variant `Ok` in this scope
   --> C:\Users\john\.cargo\registry\src\index.crates.io-1949cf8c6b5b557f\toml_write-0.1.2\src\string.rs:297:5
    |
297 |     Ok(())
    |     ^^ not found in this scope
    |
help: consider importing this tuple variant
    |
1   + use core::result::Result::Ok;
    |

error[E0405]: cannot find trait `Sized` in this scope
  --> C:\Users\john\.cargo\registry\src\index.crates.io-1949cf8c6b5b557f\toml_write-0.1.2\src\value.rs:19:26
   |
19 |     T: WriteTomlValue + ?Sized,
   |                          ^^^^^ not found in this scope
   |
help: consider importing this trait
   |
1  + use core::marker::Sized;
   |

error[E0405]: cannot find trait `Sized` in this scope
  --> C:\Users\john\.cargo\registry\src\index.crates.io-1949cf8c6b5b557f\toml_write-0.1.2\src\value.rs:29:41
   |
29 |     fn write_toml_value<W: TomlWrite + ?Sized>(&self, writer: &mut W) -> core::fmt::Result;
   |                                         ^^^^^ not found in this scope
   |
help: consider importing this trait
   |
1  + use core::marker::Sized;
   |

error[E0405]: cannot find trait `Sized` in this scope
  --> C:\Users\john\.cargo\registry\src\index.crates.io-1949cf8c6b5b557f\toml_write-0.1.2\src\value.rs:33:41
   |
33 |     fn write_toml_value<W: TomlWrite + ?Sized>(&self, writer: &mut W) -> core::fmt::Result {
   |                                         ^^^^^ not found in this scope
   |
help: consider importing this trait
   |
1  + use core::marker::Sized;
   |

error[E0405]: cannot find trait `Sized` in this scope
  --> C:\Users\john\.cargo\registry\src\index.crates.io-1949cf8c6b5b557f\toml_write-0.1.2\src\value.rs:39:41
   |
39 |     fn write_toml_value<W: TomlWrite + ?Sized>(&self, writer: &mut W) -> core::fmt::Result {
   |                                         ^^^^^ not found in this scope
   |
help: consider importing this trait
   |
1  + use core::marker::Sized;
   |

error[E0405]: cannot find trait `Sized` in this scope
  --> C:\Users\john\.cargo\registry\src\index.crates.io-1949cf8c6b5b557f\toml_write-0.1.2\src\value.rs:45:41
   |
45 |     fn write_toml_value<W: TomlWrite + ?Sized>(&self, writer: &mut W) -> core::fmt::Result {
   |                                         ^^^^^ not found in this scope
   |
help: consider importing this trait
   |
1  + use core::marker::Sized;
   |

error[E0405]: cannot find trait `Sized` in this scope
  --> C:\Users\john\.cargo\registry\src\index.crates.io-1949cf8c6b5b557f\toml_write-0.1.2\src\value.rs:51:41
   |
51 |     fn write_toml_value<W: TomlWrite + ?Sized>(&self, writer: &mut W) -> core::fmt::Result {
   |                                         ^^^^^ not found in this scope
   |
help: consider importing this trait
   |
1  + use core::marker::Sized;
   |

error[E0405]: cannot find trait `Sized` in this scope
  --> C:\Users\john\.cargo\registry\src\index.crates.io-1949cf8c6b5b557f\toml_write-0.1.2\src\value.rs:57:41
   |
57 |     fn write_toml_value<W: TomlWrite + ?Sized>(&self, writer: &mut W) -> core::fmt::Result {
   |                                         ^^^^^ not found in this scope
   |
help: consider importing this trait
   |
1  + use core::marker::Sized;
   |

error[E0405]: cannot find trait `Sized` in this scope
  --> C:\Users\john\.cargo\registry\src\index.crates.io-1949cf8c6b5b557f\toml_write-0.1.2\src\value.rs:63:41
   |
63 |     fn write_toml_value<W: TomlWrite + ?Sized>(&self, writer: &mut W) -> core::fmt::Result {
   |                                         ^^^^^ not found in this scope
   |
help: consider importing this trait
   |
1  + use core::marker::Sized;
   |

error[E0405]: cannot find trait `Sized` in this scope
  --> C:\Users\john\.cargo\registry\src\index.crates.io-1949cf8c6b5b557f\toml_write-0.1.2\src\value.rs:69:41
   |
69 |     fn write_toml_value<W: TomlWrite + ?Sized>(&self, writer: &mut W) -> core::fmt::Result {
   |                                         ^^^^^ not found in this scope
   |
help: consider importing this trait
   |
1  + use core::marker::Sized;
   |

error[E0405]: cannot find trait `Sized` in this scope
  --> C:\Users\john\.cargo\registry\src\index.crates.io-1949cf8c6b5b557f\toml_write-0.1.2\src\value.rs:75:41
   |
75 |     fn write_toml_value<W: TomlWrite + ?Sized>(&self, writer: &mut W) -> core::fmt::Result {
   |                                         ^^^^^ not found in this scope
   |
help: consider importing this trait
   |
1  + use core::marker::Sized;
   |

error[E0405]: cannot find trait `Sized` in this scope
  --> C:\Users\john\.cargo\registry\src\index.crates.io-1949cf8c6b5b557f\toml_write-0.1.2\src\value.rs:81:41
   |
81 |     fn write_toml_value<W: TomlWrite + ?Sized>(&self, writer: &mut W) -> core::fmt::Result {
   |                                         ^^^^^ not found in this scope
   |
help: consider importing this trait
   |
1  + use core::marker::Sized;
   |

error[E0405]: cannot find trait `Sized` in this scope
  --> C:\Users\john\.cargo\registry\src\index.crates.io-1949cf8c6b5b557f\toml_write-0.1.2\src\value.rs:87:41
   |
87 |     fn write_toml_value<W: TomlWrite + ?Sized>(&self, writer: &mut W) -> core::fmt::Result {
   |                                         ^^^^^ not found in this scope
   |
help: consider importing this trait
   |
1  + use core::marker::Sized;
   |

error[E0405]: cannot find trait `Sized` in this scope
  --> C:\Users\john\.cargo\registry\src\index.crates.io-1949cf8c6b5b557f\toml_write-0.1.2\src\value.rs:93:41
   |
93 |     fn write_toml_value<W: TomlWrite + ?Sized>(&self, writer: &mut W) -> core::fmt::Result {
   |                                         ^^^^^ not found in this scope
   |
help: consider importing this trait
   |
1  + use core::marker::Sized;
   |

error[E0405]: cannot find trait `Sized` in this scope
  --> C:\Users\john\.cargo\registry\src\index.crates.io-1949cf8c6b5b557f\toml_write-0.1.2\src\value.rs:99:41
   |
99 |     fn write_toml_value<W: TomlWrite + ?Sized>(&self, writer: &mut W) -> core::fmt::Result {
   |                                         ^^^^^ not found in this scope
   |
help: consider importing this trait
   |
1  + use core::marker::Sized;
   |

error[E0405]: cannot find trait `Sized` in this scope
   --> C:\Users\john\.cargo\registry\src\index.crates.io-1949cf8c6b5b557f\toml_write-0.1.2\src\value.rs:117:41
    |
117 |     fn write_toml_value<W: TomlWrite + ?Sized>(&self, writer: &mut W) -> core::fmt::Result {
    |                                         ^^^^^ not found in this scope
    |
help: consider importing this trait
    |
1   + use core::marker::Sized;
    |

error[E0405]: cannot find trait `Sized` in this scope
   --> C:\Users\john\.cargo\registry\src\index.crates.io-1949cf8c6b5b557f\toml_write-0.1.2\src\value.rs:135:41
    |
135 |     fn write_toml_value<W: TomlWrite + ?Sized>(&self, writer: &mut W) -> core::fmt::Result {
    |                                         ^^^^^ not found in this scope
    |
help: consider importing this trait
    |
1   + use core::marker::Sized;
    |

error[E0405]: cannot find trait `Sized` in this scope
   --> C:\Users\john\.cargo\registry\src\index.crates.io-1949cf8c6b5b557f\toml_write-0.1.2\src\value.rs:143:41
    |
143 |     fn write_toml_value<W: TomlWrite + ?Sized>(&self, writer: &mut W) -> core::fmt::Result {
    |                                         ^^^^^ not found in this scope
    |
help: consider importing this trait
    |
1   + use core::marker::Sized;
    |

error[E0405]: cannot find trait `Sized` in this scope
   --> C:\Users\john\.cargo\registry\src\index.crates.io-1949cf8c6b5b557f\toml_write-0.1.2\src\value.rs:152:41
    |
152 |     fn write_toml_value<W: TomlWrite + ?Sized>(&self, writer: &mut W) -> core::fmt::Result {
    |                                         ^^^^^ not found in this scope
    |
help: consider importing this trait
    |
1   + use core::marker::Sized;
    |

error[E0405]: cannot find trait `Sized` in this scope
   --> C:\Users\john\.cargo\registry\src\index.crates.io-1949cf8c6b5b557f\toml_write-0.1.2\src\value.rs:159:41
    |
159 |     fn write_toml_value<W: TomlWrite + ?Sized>(&self, writer: &mut W) -> core::fmt::Result {
    |                                         ^^^^^ not found in this scope
    |
help: consider importing this trait
    |
1   + use core::marker::Sized;
    |

error[E0405]: cannot find trait `Sized` in this scope
   --> C:\Users\john\.cargo\registry\src\index.crates.io-1949cf8c6b5b557f\toml_write-0.1.2\src\value.rs:165:41
    |
165 |     fn write_toml_value<W: TomlWrite + ?Sized>(&self, writer: &mut W) -> core::fmt::Result {
    |                                         ^^^^^ not found in this scope
    |
help: consider importing this trait
    |
1   + use core::marker::Sized;
    |

error[E0531]: cannot find tuple struct or tuple variant `Some` in this scope
   --> C:\Users\john\.cargo\registry\src\index.crates.io-1949cf8c6b5b557f\toml_write-0.1.2\src\value.rs:168:16
    |
168 |         if let Some(v) = iter.next() {
    |                ^^^^ not found in this scope
    |
help: consider importing this tuple variant
    |
1   + use core::option::Option::Some;
    |

error[E0425]: cannot find function, tuple struct or tuple variant `Ok` in this scope
   --> C:\Users\john\.cargo\registry\src\index.crates.io-1949cf8c6b5b557f\toml_write-0.1.2\src\value.rs:177:9
    |
177 |         Ok(())
    |         ^^ not found in this scope
    |
help: consider importing this tuple variant
    |
1   + use core::result::Result::Ok;
    |

error[E0405]: cannot find trait `Sized` in this scope
   --> C:\Users\john\.cargo\registry\src\index.crates.io-1949cf8c6b5b557f\toml_write-0.1.2\src\value.rs:182:41
    |
182 |     fn write_toml_value<W: TomlWrite + ?Sized>(&self, writer: &mut W) -> core::fmt::Result {
    |                                         ^^^^^ not found in this scope
    |
help: consider importing this trait
    |
1   + use core::marker::Sized;
    |

error[E0405]: cannot find trait `Sized` in this scope
   --> C:\Users\john\.cargo\registry\src\index.crates.io-1949cf8c6b5b557f\toml_write-0.1.2\src\value.rs:189:41
    |
189 |     fn write_toml_value<W: TomlWrite + ?Sized>(&self, writer: &mut W) -> core::fmt::Result {
    |                                         ^^^^^ not found in this scope
    |
help: consider importing this trait
    |
1   + use core::marker::Sized;
    |

error[E0405]: cannot find trait `Sized` in this scope
   --> C:\Users\john\.cargo\registry\src\index.crates.io-1949cf8c6b5b557f\toml_write-0.1.2\src\value.rs:196:41
    |
196 |     fn write_toml_value<W: TomlWrite + ?Sized>(&self, writer: &mut W) -> core::fmt::Result {
    |                                         ^^^^^ not found in this scope
    |
help: consider importing this trait
    |
1   + use core::marker::Sized;
    |

error[E0405]: cannot find trait `Sized` in this scope
   --> C:\Users\john\.cargo\registry\src\index.crates.io-1949cf8c6b5b557f\toml_write-0.1.2\src\value.rs:203:41
    |
203 |     fn write_toml_value<W: TomlWrite + ?Sized>(&self, writer: &mut W) -> core::fmt::Result {
    |                                         ^^^^^ not found in this scope
    |
help: consider importing this trait
    |
1   + use core::marker::Sized;
    |

error[E0405]: cannot find trait `Iterator` in this scope
   --> C:\Users\john\.cargo\registry\src\index.crates.io-1949cf8c6b5b557f\toml_write-0.1.2\src\value.rs:210:8
    |
210 |     I: Iterator<Item = (&'i K, &'i V)>,
    |        ^^^^^^^^ not found in this scope
    |
help: consider importing this trait
    |
1   + use core::iter::Iterator;
    |

error[E0405]: cannot find trait `Sized` in this scope
   --> C:\Users\john\.cargo\registry\src\index.crates.io-1949cf8c6b5b557f\toml_write-0.1.2\src\value.rs:213:21
    |
213 |     W: TomlWrite + ?Sized,
    |                     ^^^^^ not found in this scope
    |
help: consider importing this trait
    |
1   + use core::marker::Sized;
    |

error[E0531]: cannot find tuple struct or tuple variant `Some` in this scope
   --> C:\Users\john\.cargo\registry\src\index.crates.io-1949cf8c6b5b557f\toml_write-0.1.2\src\value.rs:220:12
    |
220 |     if let Some((key, value)) = iter.next() {
    |            ^^^^ not found in this scope
    |
help: consider importing this tuple variant
    |
1   + use core::option::Option::Some;
    |

error[E0425]: cannot find function, tuple struct or tuple variant `Ok` in this scope
   --> C:\Users\john\.cargo\registry\src\index.crates.io-1949cf8c6b5b557f\toml_write-0.1.2\src\value.rs:242:5
    |
242 |     Ok(())
    |     ^^ not found in this scope
    |
help: consider importing this tuple variant
    |
1   + use core::result::Result::Ok;
    |

error[E0405]: cannot find trait `Sized` in this scope
   --> C:\Users\john\.cargo\registry\src\index.crates.io-1949cf8c6b5b557f\toml_write-0.1.2\src\value.rs:245:27
    |
245 | impl<V: WriteTomlValue + ?Sized> WriteTomlValue for &V {
    |                           ^^^^^ not found in this scope
    |
help: consider importing this trait
    |
1   + use core::marker::Sized;
    |

error[E0405]: cannot find trait `Sized` in this scope
   --> C:\Users\john\.cargo\registry\src\index.crates.io-1949cf8c6b5b557f\toml_write-0.1.2\src\value.rs:246:41
    |
246 |     fn write_toml_value<W: TomlWrite + ?Sized>(&self, writer: &mut W) -> core::fmt::Result {
    |                                         ^^^^^ not found in this scope
    |
help: consider importing this trait
    |
1   + use core::marker::Sized;
    |

error: relaxing a default bound only does something for `?Sized`; all other traits are not bound by default
  --> C:\Users\john\.cargo\registry\src\index.crates.io-1949cf8c6b5b557f\toml_write-0.1.2\src\key.rs:16:23
   |
16 |     T: WriteTomlKey + ?Sized,
   |                       ^^^^^^

error: relaxing a default bound only does something for `?Sized`; all other traits are not bound by default
  --> C:\Users\john\.cargo\registry\src\index.crates.io-1949cf8c6b5b557f\toml_write-0.1.2\src\key.rs:30:38
   |
30 |     fn write_toml_key<W: TomlWrite + ?Sized>(&self, writer: &mut W) -> core::fmt::Result {
   |                                      ^^^^^^

error: relaxing a default bound only does something for `?Sized`; all other traits are not bound by default
  --> C:\Users\john\.cargo\registry\src\index.crates.io-1949cf8c6b5b557f\toml_write-0.1.2\src\key.rs:39:38
   |
39 |     fn write_toml_key<W: TomlWrite + ?Sized>(&self, writer: &mut W) -> core::fmt::Result {
   |                                      ^^^^^^

error: relaxing a default bound only does something for `?Sized`; all other traits are not bound by default
  --> C:\Users\john\.cargo\registry\src\index.crates.io-1949cf8c6b5b557f\toml_write-0.1.2\src\key.rs:46:38
   |
46 |     fn write_toml_key<W: TomlWrite + ?Sized>(&self, writer: &mut W) -> core::fmt::Result {
   |                                      ^^^^^^

error: relaxing a default bound only does something for `?Sized`; all other traits are not bound by default
  --> C:\Users\john\.cargo\registry\src\index.crates.io-1949cf8c6b5b557f\toml_write-0.1.2\src\key.rs:51:24
   |
51 | impl<V: WriteTomlKey + ?Sized> WriteTomlKey for &V {
   |                        ^^^^^^

Some errors have detailed explanations: E0405, E0412, E0425, E0463, E0531.
error: relaxing a default bound only does something for `?Sized`; all other traits are not bound by default
   --> C:\Users\john\.cargo\registry\src\index.crates.io-1949cf8c6b5b557f\toml_write-0.1.2\src\string.rs:175:45
    |
175 |     fn write_toml_key<W: crate::TomlWrite + ?Sized>(&self, writer: &mut W) -> core::fmt::Result {
    |                                             ^^^^^^

error: relaxing a default bound only does something for `?Sized`; all other traits are not bound by default
   --> C:\Users\john\.cargo\registry\src\index.crates.io-1949cf8c6b5b557f\toml_write-0.1.2\src\string.rs:193:43
    |
193 | fn write_toml_value<W: crate::TomlWrite + ?Sized>(
    |                                           ^^^^^^

error: relaxing a default bound only does something for `?Sized`; all other traits are not bound by default
  --> C:\Users\john\.cargo\registry\src\index.crates.io-1949cf8c6b5b557f\toml_write-0.1.2\src\value.rs:19:25
   |
19 |     T: WriteTomlValue + ?Sized,
   |                         ^^^^^^

error: relaxing a default bound only does something for `?Sized`; all other traits are not bound by default
   --> C:\Users\john\.cargo\registry\src\index.crates.io-1949cf8c6b5b557f\toml_write-0.1.2\src\value.rs:213:20
    |
213 |     W: TomlWrite + ?Sized,
    |                    ^^^^^^

error: relaxing a default bound only does something for `?Sized`; all other traits are not bound by default
   --> C:\Users\john\.cargo\registry\src\index.crates.io-1949cf8c6b5b557f\toml_write-0.1.2\src\value.rs:245:26
    |
245 | impl<V: WriteTomlValue + ?Sized> WriteTomlValue for &V {
    |                          ^^^^^^

error: could not compile `anstyle` (lib) due to 168 previous errors
error: could not compile `toml_write` (lib) due to 152 previous errors
error: cannot find macro `todo` in this scope
   --> C:\Users\john\.cargo\registry\src\index.crates.io-1949cf8c6b5b557f\winnow-0.7.13\src\combinator\core.rs:324:9
    |
324 |         todo!("unimplemented parse")
    |         ^^^^
    |
    = note: `todo` is in scope, but it is a function, not a macro
help: consider importing this macro
    |
1   + use core::todo;
    |

error: cannot find macro `matches` in this scope
   --> C:\Users\john\.cargo\registry\src\index.crates.io-1949cf8c6b5b557f\winnow-0.7.13\src\combinator\core.rs:405:12
    |
405 |         if matches!(self.state, State::Running) {
    |            ^^^^^^^
    |
help: consider importing this macro
    |
1   + use core::matches;
    |

error: cannot find macro `write` in this scope
  --> C:\Users\john\.cargo\registry\src\index.crates.io-1949cf8c6b5b557f\winnow-0.7.13\src\combinator\debug\mod.rs:71:9
   |
71 |         write!(f, "{:?}", self.0)
   |         ^^^^^
   |
help: consider importing this macro
   |
6  + use core::write;
   |

error: cannot find macro `unreachable` in this scope
   --> C:\Users\john\.cargo\registry\src\index.crates.io-1949cf8c6b5b557f\winnow-0.7.13\src\combinator\multi.rs:968:5
    |
968 |     unreachable!()
    |     ^^^^^^^^^^^
    |
help: consider importing this macro
    |
3   + use core::unreachable;
    |

error[E0463]: can't find crate for `std`
   --> C:\Users\john\.cargo\registry\src\index.crates.io-1949cf8c6b5b557f\winnow-0.7.13\src\error.rs:580:68
    |
580 | impl<I: Clone + fmt::Debug + fmt::Display + Sync + Send + 'static> std::error::Error
    |                                                                    ^^^ can't find crate
    |
    = note: the `thumbv7em-none-eabihf` target may not support the standard library

error[E0463]: can't find crate for `std`
   --> C:\Users\john\.cargo\registry\src\index.crates.io-1949cf8c6b5b557f\winnow-0.7.13\src\error.rs:687:27
    |
687 |     cause: Option<Box<dyn std::error::Error + Send + Sync + 'static>>,
    |                           ^^^ can't find crate
    |
    = note: the `thumbv7em-none-eabihf` target may not support the standard library

error: cannot find macro `stringify` in this scope
   --> C:\Users\john\.cargo\registry\src\index.crates.io-1949cf8c6b5b557f\serde-1.0.219\src\de\impls.rs:507:39
    |
507 |                       Unexpected::Other(stringify!($ty)),
    |                                         ^^^^^^^^^
...
538 | / impl_deserialize_num! {
539 | |     u128, NonZeroU128, deserialize_u128
540 | |     num_self!(u128:visit_u128);
541 | |     num_as_self!(u8:visit_u8 u16:visit_u16 u32:visit_u32 u64:visit_u64);
542 | |     int_to_uint!(i8:visit_i8 i16:visit_i16 i32:visit_i32 i64:visit_i64);
543 | |     num_128!(i128:visit_i128);
544 | | }
    | |_- in this macro invocation
    |
    = note: this error originates in the macro `num_128` which comes from the expansion of the macro `impl_deserialize_num` (in Nightly builds, run with -Z macro-backtrace for more info)
help: consider importing this macro
    |
1   + use core::stringify;
    |

error: cannot find macro `concat` in this scope
   --> C:\Users\john\.cargo\registry\src\index.crates.io-1949cf8c6b5b557f\serde-1.0.219\src\de\impls.rs:98:45
    |
98  |                           formatter.write_str(concat!("a nonzero ", stringify!($primitive)))
    |                                               ^^^^^^
...
538 | / impl_deserialize_num! {
539 | |     u128, NonZeroU128, deserialize_u128
540 | |     num_self!(u128:visit_u128);
541 | |     num_as_self!(u8:visit_u8 u16:visit_u16 u32:visit_u32 u64:visit_u64);
542 | |     int_to_uint!(i8:visit_i8 i16:visit_i16 i32:visit_i32 i64:visit_i64);
543 | |     num_128!(i128:visit_i128);
544 | | }
    | |_- in this macro invocation
    |
    = note: this error originates in the macro `impl_deserialize_num` (in Nightly builds, run with -Z macro-backtrace for more info)
help: consider importing this macro
    |
1   + use core::concat;
    |

error: cannot find macro `stringify` in this scope
   --> C:\Users\john\.cargo\registry\src\index.crates.io-1949cf8c6b5b557f\serde-1.0.219\src\de\impls.rs:485:39
    |
485 |                       Unexpected::Other(stringify!($ty)),
    |                                         ^^^^^^^^^
...
538 | / impl_deserialize_num! {
539 | |     u128, NonZeroU128, deserialize_u128
540 | |     num_self!(u128:visit_u128);
541 | |     num_as_self!(u8:visit_u8 u16:visit_u16 u32:visit_u32 u64:visit_u64);
542 | |     int_to_uint!(i8:visit_i8 i16:visit_i16 i32:visit_i32 i64:visit_i64);
543 | |     num_128!(i128:visit_i128);
544 | | }
    | |_- in this macro invocation
    |
    = note: this error originates in the macro `num_128` which comes from the expansion of the macro `impl_deserialize_num` (in Nightly builds, run with -Z macro-backtrace for more info)
help: consider importing this macro
    |
1   + use core::stringify;
    |

error: cannot find macro `stringify` in this scope
   --> C:\Users\john\.cargo\registry\src\index.crates.io-1949cf8c6b5b557f\serde-1.0.219\src\de\impls.rs:144:45
    |
144 |                           formatter.write_str(stringify!($primitive))
    |                                               ^^^^^^^^^
...
538 | / impl_deserialize_num! {
539 | |     u128, NonZeroU128, deserialize_u128
540 | |     num_self!(u128:visit_u128);
541 | |     num_as_self!(u8:visit_u8 u16:visit_u16 u32:visit_u32 u64:visit_u64);
542 | |     int_to_uint!(i8:visit_i8 i16:visit_i16 i32:visit_i32 i64:visit_i64);
543 | |     num_128!(i128:visit_i128);
544 | | }
    | |_- in this macro invocation
    |
    = note: this error originates in the macro `impl_deserialize_num` (in Nightly builds, run with -Z macro-backtrace for more info)
help: consider importing this macro
    |
1   + use core::stringify;
    |

error: cannot find macro `stringify` in this scope
   --> C:\Users\john\.cargo\registry\src\index.crates.io-1949cf8c6b5b557f\serde-1.0.219\src\de\impls.rs:507:39
    |
507 |                       Unexpected::Other(stringify!($ty)),
    |                                         ^^^^^^^^^
...
530 | / impl_deserialize_num! {
531 | |     i128, NonZeroI128 cfg(not(no_num_nonzero_signed)), deserialize_i128
532 | |     num_self!(i128:visit_i128);
533 | |     num_as_self!(i8:visit_i8 i16:visit_i16 i32:visit_i32 i64:visit_i64);
534 | |     num_as_self!(u8:visit_u8 u16:visit_u16 u32:visit_u32 u64:visit_u64);
535 | |     num_128!(u128:visit_u128);
536 | | }
    | |_- in this macro invocation
    |
    = note: this error originates in the macro `num_128` which comes from the expansion of the macro `impl_deserialize_num` (in Nightly builds, run with -Z macro-backtrace for more info)
help: consider importing this macro
    |
1   + use core::stringify;
    |

error: cannot find macro `concat` in this scope
   --> C:\Users\john\.cargo\registry\src\index.crates.io-1949cf8c6b5b557f\serde-1.0.219\src\de\impls.rs:98:45
    |
98  |                           formatter.write_str(concat!("a nonzero ", stringify!($primitive)))
    |                                               ^^^^^^
...
530 | / impl_deserialize_num! {
531 | |     i128, NonZeroI128 cfg(not(no_num_nonzero_signed)), deserialize_i128
532 | |     num_self!(i128:visit_i128);
533 | |     num_as_self!(i8:visit_i8 i16:visit_i16 i32:visit_i32 i64:visit_i64);
534 | |     num_as_self!(u8:visit_u8 u16:visit_u16 u32:visit_u32 u64:visit_u64);
535 | |     num_128!(u128:visit_u128);
536 | | }
    | |_- in this macro invocation
    |
    = note: this error originates in the macro `impl_deserialize_num` (in Nightly builds, run with -Z macro-backtrace for more info)
help: consider importing this macro
    |
1   + use core::concat;
    |

error: cannot find macro `stringify` in this scope
   --> C:\Users\john\.cargo\registry\src\index.crates.io-1949cf8c6b5b557f\serde-1.0.219\src\de\impls.rs:485:39
    |
485 |                       Unexpected::Other(stringify!($ty)),
    |                                         ^^^^^^^^^
...
530 | / impl_deserialize_num! {
531 | |     i128, NonZeroI128 cfg(not(no_num_nonzero_signed)), deserialize_i128
532 | |     num_self!(i128:visit_i128);
533 | |     num_as_self!(i8:visit_i8 i16:visit_i16 i32:visit_i32 i64:visit_i64);
534 | |     num_as_self!(u8:visit_u8 u16:visit_u16 u32:visit_u32 u64:visit_u64);
535 | |     num_128!(u128:visit_u128);
536 | | }
    | |_- in this macro invocation
    |
    = note: this error originates in the macro `num_128` which comes from the expansion of the macro `impl_deserialize_num` (in Nightly builds, run with -Z macro-backtrace for more info)
help: consider importing this macro
    |
1   + use core::stringify;
    |

error[E0463]: can't find crate for `std`
   --> C:\Users\john\.cargo\registry\src\index.crates.io-1949cf8c6b5b557f\winnow-0.7.13\src\error.rs:725:41
    |
725 |     pub fn cause(&self) -> Option<&(dyn std::error::Error + Send + Sync + 'static)> {
    |                                         ^^^ can't find crate
    |
    = note: the `thumbv7em-none-eabihf` target may not support the standard library

error: cannot find macro `stringify` in this scope
   --> C:\Users\john\.cargo\registry\src\index.crates.io-1949cf8c6b5b557f\serde-1.0.219\src\de\impls.rs:144:45
    |
144 |                           formatter.write_str(stringify!($primitive))
    |                                               ^^^^^^^^^
...
530 | / impl_deserialize_num! {
531 | |     i128, NonZeroI128 cfg(not(no_num_nonzero_signed)), deserialize_i128
532 | |     num_self!(i128:visit_i128);
533 | |     num_as_self!(i8:visit_i8 i16:visit_i16 i32:visit_i32 i64:visit_i64);
534 | |     num_as_self!(u8:visit_u8 u16:visit_u16 u32:visit_u32 u64:visit_u64);
535 | |     num_128!(u128:visit_u128);
536 | | }
    | |_- in this macro invocation
    |
    = note: this error originates in the macro `impl_deserialize_num` (in Nightly builds, run with -Z macro-backtrace for more info)
help: consider importing this macro
    |
1   + use core::stringify;
    |

error: cannot find macro `stringify` in this scope
   --> C:\Users\john\.cargo\registry\src\index.crates.io-1949cf8c6b5b557f\serde-1.0.219\src\de\impls.rs:144:45
    |
144 |                           formatter.write_str(stringify!($primitive))
    |                                               ^^^^^^^^^
...
465 | / impl_deserialize_num! {
466 | |     f64, deserialize_f64
467 | |     num_self!(f64:visit_f64);
468 | |     num_as_copysign_self!(f32:visit_f32);
469 | |     num_as_self!(i8:visit_i8 i16:visit_i16 i32:visit_i32 i64:visit_i64);
470 | |     num_as_self!(u8:visit_u8 u16:visit_u16 u32:visit_u32 u64:visit_u64);
471 | | }
    | |_- in this macro invocation
    |
    = note: this error originates in the macro `impl_deserialize_num` (in Nightly builds, run with -Z macro-backtrace for more info)
help: consider importing this macro
    |
1   + use core::stringify;
    |

error: cannot find macro `stringify` in this scope
   --> C:\Users\john\.cargo\registry\src\index.crates.io-1949cf8c6b5b557f\serde-1.0.219\src\de\impls.rs:144:45
    |
144 |                           formatter.write_str(stringify!($primitive))
    |                                               ^^^^^^^^^
...
457 | / impl_deserialize_num! {
458 | |     f32, deserialize_f32
459 | |     num_self!(f32:visit_f32);
460 | |     num_as_copysign_self!(f64:visit_f64);
461 | |     num_as_self!(i8:visit_i8 i16:visit_i16 i32:visit_i32 i64:visit_i64);
462 | |     num_as_self!(u8:visit_u8 u16:visit_u16 u32:visit_u32 u64:visit_u64);
463 | | }
    | |_- in this macro invocation
    |
    = note: this error originates in the macro `impl_deserialize_num` (in Nightly builds, run with -Z macro-backtrace for more info)
help: consider importing this macro
    |
1   + use core::stringify;
    |

error: cannot find macro `concat` in this scope
   --> C:\Users\john\.cargo\registry\src\index.crates.io-1949cf8c6b5b557f\serde-1.0.219\src\de\impls.rs:98:45
    |
98  |                           formatter.write_str(concat!("a nonzero ", stringify!($primitive)))
    |                                               ^^^^^^
...
450 | / impl_deserialize_num! {
451 | |     usize, NonZeroUsize, deserialize_u64
452 | |     num_as_self!(u8:visit_u8 u16:visit_u16);
453 | |     int_to_uint!(i8:visit_i8 i16:visit_i16 i32:visit_i32 i64:visit_i64);
454 | |     uint_to_self!(u32:visit_u32 u64:visit_u64);
455 | | }
    | |_- in this macro invocation
    |
    = note: this error originates in the macro `impl_deserialize_num` (in Nightly builds, run with -Z macro-backtrace for more info)
help: consider importing this macro
    |
1   + use core::concat;
    |

error: cannot find macro `stringify` in this scope
   --> C:\Users\john\.cargo\registry\src\index.crates.io-1949cf8c6b5b557f\serde-1.0.219\src\de\impls.rs:144:45
    |
144 |                           formatter.write_str(stringify!($primitive))
    |                                               ^^^^^^^^^
...
450 | / impl_deserialize_num! {
451 | |     usize, NonZeroUsize, deserialize_u64
452 | |     num_as_self!(u8:visit_u8 u16:visit_u16);
453 | |     int_to_uint!(i8:visit_i8 i16:visit_i16 i32:visit_i32 i64:visit_i64);
454 | |     uint_to_self!(u32:visit_u32 u64:visit_u64);
455 | | }
    | |_- in this macro invocation
    |
    = note: this error originates in the macro `impl_deserialize_num` (in Nightly builds, run with -Z macro-backtrace for more info)
help: consider importing this macro
    |
1   + use core::stringify;
    |

error[E0463]: can't find crate for `std`
   --> C:\Users\john\.cargo\registry\src\index.crates.io-1949cf8c6b5b557f\winnow-0.7.13\src\error.rs:789:15
    |
789 | impl<C, I, E: std::error::Error + Send + Sync + 'static> FromExternalError<I, E>
    |               ^^^ can't find crate
    |
    = note: the `thumbv7em-none-eabihf` target may not support the standard library

error: cannot find macro `concat` in this scope
   --> C:\Users\john\.cargo\registry\src\index.crates.io-1949cf8c6b5b557f\serde-1.0.219\src\de\impls.rs:98:45
    |
98  |                           formatter.write_str(concat!("a nonzero ", stringify!($primitive)))
    |                                               ^^^^^^
...
443 | / impl_deserialize_num! {
444 | |     u64, NonZeroU64, deserialize_u64
445 | |     num_self!(u64:visit_u64);
446 | |     num_as_self!(u8:visit_u8 u16:visit_u16 u32:visit_u32);
447 | |     int_to_uint!(i8:visit_i8 i16:visit_i16 i32:visit_i32 i64:visit_i64);
448 | | }
    | |_- in this macro invocation
    |
    = note: this error originates in the macro `impl_deserialize_num` (in Nightly builds, run with -Z macro-backtrace for more info)
help: consider importing this macro
    |
1   + use core::concat;
    |

error: cannot find macro `stringify` in this scope
   --> C:\Users\john\.cargo\registry\src\index.crates.io-1949cf8c6b5b557f\serde-1.0.219\src\de\impls.rs:144:45
    |
144 |                           formatter.write_str(stringify!($primitive))
    |                                               ^^^^^^^^^
...
443 | / impl_deserialize_num! {
444 | |     u64, NonZeroU64, deserialize_u64
445 | |     num_self!(u64:visit_u64);
446 | |     num_as_self!(u8:visit_u8 u16:visit_u16 u32:visit_u32);
447 | |     int_to_uint!(i8:visit_i8 i16:visit_i16 i32:visit_i32 i64:visit_i64);
448 | | }
    | |_- in this macro invocation
    |
    = note: this error originates in the macro `impl_deserialize_num` (in Nightly builds, run with -Z macro-backtrace for more info)
help: consider importing this macro
    |
1   + use core::stringify;
    |

error: cannot find macro `concat` in this scope
   --> C:\Users\john\.cargo\registry\src\index.crates.io-1949cf8c6b5b557f\serde-1.0.219\src\de\impls.rs:98:45
    |
98  |                           formatter.write_str(concat!("a nonzero ", stringify!($primitive)))
    |                                               ^^^^^^
...
435 | / impl_deserialize_num! {
436 | |     u32, NonZeroU32, deserialize_u32
437 | |     num_self!(u32:visit_u32);
438 | |     num_as_self!(u8:visit_u8 u16:visit_u16);
439 | |     int_to_uint!(i8:visit_i8 i16:visit_i16 i32:visit_i32 i64:visit_i64);
440 | |     uint_to_self!(u64:visit_u64);
441 | | }
    | |_- in this macro invocation
    |
    = note: this error originates in the macro `impl_deserialize_num` (in Nightly builds, run with -Z macro-backtrace for more info)
help: consider importing this macro
    |
1   + use core::concat;
    |

error: cannot find macro `stringify` in this scope
   --> C:\Users\john\.cargo\registry\src\index.crates.io-1949cf8c6b5b557f\serde-1.0.219\src\de\impls.rs:144:45
    |
144 |                           formatter.write_str(stringify!($primitive))
    |                                               ^^^^^^^^^
...
435 | / impl_deserialize_num! {
436 | |     u32, NonZeroU32, deserialize_u32
437 | |     num_self!(u32:visit_u32);
438 | |     num_as_self!(u8:visit_u8 u16:visit_u16);
439 | |     int_to_uint!(i8:visit_i8 i16:visit_i16 i32:visit_i32 i64:visit_i64);
440 | |     uint_to_self!(u64:visit_u64);
441 | | }
    | |_- in this macro invocation
    |
    = note: this error originates in the macro `impl_deserialize_num` (in Nightly builds, run with -Z macro-backtrace for more info)
help: consider importing this macro
    |
1   + use core::stringify;
    |

error: cannot find macro `concat` in this scope
   --> C:\Users\john\.cargo\registry\src\index.crates.io-1949cf8c6b5b557f\serde-1.0.219\src\de\impls.rs:98:45
    |
98  |                           formatter.write_str(concat!("a nonzero ", stringify!($primitive)))
    |                                               ^^^^^^
...
427 | / impl_deserialize_num! {
428 | |     u16, NonZeroU16, deserialize_u16
429 | |     num_self!(u16:visit_u16);
430 | |     num_as_self!(u8:visit_u8);
431 | |     int_to_uint!(i8:visit_i8 i16:visit_i16 i32:visit_i32 i64:visit_i64);
432 | |     uint_to_self!(u32:visit_u32 u64:visit_u64);
433 | | }
    | |_- in this macro invocation
    |
    = note: this error originates in the macro `impl_deserialize_num` (in Nightly builds, run with -Z macro-backtrace for more info)
help: consider importing this macro
    |
1   + use core::concat;
    |

error: cannot find macro `stringify` in this scope
   --> C:\Users\john\.cargo\registry\src\index.crates.io-1949cf8c6b5b557f\serde-1.0.219\src\de\impls.rs:144:45
    |
144 |                           formatter.write_str(stringify!($primitive))
    |                                               ^^^^^^^^^
...
427 | / impl_deserialize_num! {
428 | |     u16, NonZeroU16, deserialize_u16
429 | |     num_self!(u16:visit_u16);
430 | |     num_as_self!(u8:visit_u8);
431 | |     int_to_uint!(i8:visit_i8 i16:visit_i16 i32:visit_i32 i64:visit_i64);
432 | |     uint_to_self!(u32:visit_u32 u64:visit_u64);
433 | | }
    | |_- in this macro invocation
    |
    = note: this error originates in the macro `impl_deserialize_num` (in Nightly builds, run with -Z macro-backtrace for more info)
help: consider importing this macro
    |
1   + use core::stringify;
    |

error: cannot find macro `concat` in this scope
   --> C:\Users\john\.cargo\registry\src\index.crates.io-1949cf8c6b5b557f\serde-1.0.219\src\de\impls.rs:98:45
    |
98  |                           formatter.write_str(concat!("a nonzero ", stringify!($primitive)))
    |                                               ^^^^^^
...
420 | / impl_deserialize_num! {
421 | |     u8, NonZeroU8, deserialize_u8
422 | |     num_self!(u8:visit_u8);
423 | |     int_to_uint!(i8:visit_i8 i16:visit_i16 i32:visit_i32 i64:visit_i64);
424 | |     uint_to_self!(u16:visit_u16 u32:visit_u32 u64:visit_u64);
425 | | }
    | |_- in this macro invocation
    |
    = note: this error originates in the macro `impl_deserialize_num` (in Nightly builds, run with -Z macro-backtrace for more info)
help: consider importing this macro
    |
1   + use core::concat;
    |

error: cannot find macro `stringify` in this scope
   --> C:\Users\john\.cargo\registry\src\index.crates.io-1949cf8c6b5b557f\serde-1.0.219\src\de\impls.rs:144:45
    |
144 |                           formatter.write_str(stringify!($primitive))
    |                                               ^^^^^^^^^
...
420 | / impl_deserialize_num! {
421 | |     u8, NonZeroU8, deserialize_u8
422 | |     num_self!(u8:visit_u8);
423 | |     int_to_uint!(i8:visit_i8 i16:visit_i16 i32:visit_i32 i64:visit_i64);
424 | |     uint_to_self!(u16:visit_u16 u32:visit_u32 u64:visit_u64);
425 | | }
    | |_- in this macro invocation
    |
    = note: this error originates in the macro `impl_deserialize_num` (in Nightly builds, run with -Z macro-backtrace for more info)
help: consider importing this macro
    |
1   + use core::stringify;
    |

error: cannot find macro `concat` in this scope
   --> C:\Users\john\.cargo\registry\src\index.crates.io-1949cf8c6b5b557f\serde-1.0.219\src\de\impls.rs:98:45
    |
98  |                           formatter.write_str(concat!("a nonzero ", stringify!($primitive)))
    |                                               ^^^^^^
...
413 | / impl_deserialize_num! {
414 | |     isize, NonZeroIsize cfg(not(no_num_nonzero_signed)), deserialize_i64
415 | |     num_as_self!(i8:visit_i8 i16:visit_i16);
416 | |     int_to_int!(i32:visit_i32 i64:visit_i64);
417 | |     uint_to_self!(u8:visit_u8 u16:visit_u16 u32:visit_u32 u64:visit_u64);
418 | | }
    | |_- in this macro invocation
    |
    = note: this error originates in the macro `impl_deserialize_num` (in Nightly builds, run with -Z macro-backtrace for more info)
help: consider importing this macro
    |
1   + use core::concat;
    |

error: cannot find macro `stringify` in this scope
   --> C:\Users\john\.cargo\registry\src\index.crates.io-1949cf8c6b5b557f\serde-1.0.219\src\de\impls.rs:144:45
    |
144 |                           formatter.write_str(stringify!($primitive))
    |                                               ^^^^^^^^^
...
413 | / impl_deserialize_num! {
414 | |     isize, NonZeroIsize cfg(not(no_num_nonzero_signed)), deserialize_i64
415 | |     num_as_self!(i8:visit_i8 i16:visit_i16);
416 | |     int_to_int!(i32:visit_i32 i64:visit_i64);
417 | |     uint_to_self!(u8:visit_u8 u16:visit_u16 u32:visit_u32 u64:visit_u64);
418 | | }
    | |_- in this macro invocation
    |
    = note: this error originates in the macro `impl_deserialize_num` (in Nightly builds, run with -Z macro-backtrace for more info)
help: consider importing this macro
    |
1   + use core::stringify;
    |

error: cannot find macro `concat` in this scope
   --> C:\Users\john\.cargo\registry\src\index.crates.io-1949cf8c6b5b557f\serde-1.0.219\src\de\impls.rs:98:45
    |
98  |                           formatter.write_str(concat!("a nonzero ", stringify!($primitive)))
    |                                               ^^^^^^
...
406 | / impl_deserialize_num! {
407 | |     i64, NonZeroI64 cfg(not(no_num_nonzero_signed)), deserialize_i64
408 | |     num_self!(i64:visit_i64);
409 | |     num_as_self!(i8:visit_i8 i16:visit_i16 i32:visit_i32);
410 | |     uint_to_self!(u8:visit_u8 u16:visit_u16 u32:visit_u32 u64:visit_u64);
411 | | }
    | |_- in this macro invocation
    |
    = note: this error originates in the macro `impl_deserialize_num` (in Nightly builds, run with -Z macro-backtrace for more info)
help: consider importing this macro
    |
1   + use core::concat;
    |

error: cannot find macro `stringify` in this scope
   --> C:\Users\john\.cargo\registry\src\index.crates.io-1949cf8c6b5b557f\serde-1.0.219\src\de\impls.rs:144:45
    |
144 |                           formatter.write_str(stringify!($primitive))
    |                                               ^^^^^^^^^
...
406 | / impl_deserialize_num! {
407 | |     i64, NonZeroI64 cfg(not(no_num_nonzero_signed)), deserialize_i64
408 | |     num_self!(i64:visit_i64);
409 | |     num_as_self!(i8:visit_i8 i16:visit_i16 i32:visit_i32);
410 | |     uint_to_self!(u8:visit_u8 u16:visit_u16 u32:visit_u32 u64:visit_u64);
411 | | }
    | |_- in this macro invocation
    |
    = note: this error originates in the macro `impl_deserialize_num` (in Nightly builds, run with -Z macro-backtrace for more info)
help: consider importing this macro
    |
1   + use core::stringify;
    |

error: cannot find macro `concat` in this scope
   --> C:\Users\john\.cargo\registry\src\index.crates.io-1949cf8c6b5b557f\serde-1.0.219\src\de\impls.rs:98:45
    |
98  |                           formatter.write_str(concat!("a nonzero ", stringify!($primitive)))
    |                                               ^^^^^^
...
398 | / impl_deserialize_num! {
399 | |     i32, NonZeroI32 cfg(not(no_num_nonzero_signed)), deserialize_i32
400 | |     num_self!(i32:visit_i32);
401 | |     num_as_self!(i8:visit_i8 i16:visit_i16);
402 | |     int_to_int!(i64:visit_i64);
403 | |     uint_to_self!(u8:visit_u8 u16:visit_u16 u32:visit_u32 u64:visit_u64);
404 | | }
    | |_- in this macro invocation
    |
    = note: this error originates in the macro `impl_deserialize_num` (in Nightly builds, run with -Z macro-backtrace for more info)
help: consider importing this macro
    |
1   + use core::concat;
    |

error: cannot find macro `stringify` in this scope
   --> C:\Users\john\.cargo\registry\src\index.crates.io-1949cf8c6b5b557f\serde-1.0.219\src\de\impls.rs:144:45
    |
144 |                           formatter.write_str(stringify!($primitive))
    |                                               ^^^^^^^^^
...
398 | / impl_deserialize_num! {
399 | |     i32, NonZeroI32 cfg(not(no_num_nonzero_signed)), deserialize_i32
400 | |     num_self!(i32:visit_i32);
401 | |     num_as_self!(i8:visit_i8 i16:visit_i16);
402 | |     int_to_int!(i64:visit_i64);
403 | |     uint_to_self!(u8:visit_u8 u16:visit_u16 u32:visit_u32 u64:visit_u64);
404 | | }
    | |_- in this macro invocation
    |
    = note: this error originates in the macro `impl_deserialize_num` (in Nightly builds, run with -Z macro-backtrace for more info)
help: consider importing this macro
    |
1   + use core::stringify;
    |

error: cannot find macro `concat` in this scope
   --> C:\Users\john\.cargo\registry\src\index.crates.io-1949cf8c6b5b557f\serde-1.0.219\src\de\impls.rs:98:45
    |
98  |                           formatter.write_str(concat!("a nonzero ", stringify!($primitive)))
    |                                               ^^^^^^
...
390 | / impl_deserialize_num! {
391 | |     i16, NonZeroI16 cfg(not(no_num_nonzero_signed)), deserialize_i16
392 | |     num_self!(i16:visit_i16);
393 | |     num_as_self!(i8:visit_i8);
394 | |     int_to_int!(i32:visit_i32 i64:visit_i64);
395 | |     uint_to_self!(u8:visit_u8 u16:visit_u16 u32:visit_u32 u64:visit_u64);
396 | | }
    | |_- in this macro invocation
    |
    = note: this error originates in the macro `impl_deserialize_num` (in Nightly builds, run with -Z macro-backtrace for more info)
help: consider importing this macro
    |
1   + use core::concat;
    |

error: cannot find macro `stringify` in this scope
   --> C:\Users\john\.cargo\registry\src\index.crates.io-1949cf8c6b5b557f\serde-1.0.219\src\de\impls.rs:144:45
    |
144 |                           formatter.write_str(stringify!($primitive))
    |                                               ^^^^^^^^^
...
390 | / impl_deserialize_num! {
391 | |     i16, NonZeroI16 cfg(not(no_num_nonzero_signed)), deserialize_i16
392 | |     num_self!(i16:visit_i16);
393 | |     num_as_self!(i8:visit_i8);
394 | |     int_to_int!(i32:visit_i32 i64:visit_i64);
395 | |     uint_to_self!(u8:visit_u8 u16:visit_u16 u32:visit_u32 u64:visit_u64);
396 | | }
    | |_- in this macro invocation
    |
    = note: this error originates in the macro `impl_deserialize_num` (in Nightly builds, run with -Z macro-backtrace for more info)
help: consider importing this macro
    |
1   + use core::stringify;
    |

error: cannot find macro `concat` in this scope
   --> C:\Users\john\.cargo\registry\src\index.crates.io-1949cf8c6b5b557f\serde-1.0.219\src\de\impls.rs:98:45
    |
98  |                           formatter.write_str(concat!("a nonzero ", stringify!($primitive)))
    |                                               ^^^^^^
...
383 | / impl_deserialize_num! {
384 | |     i8, NonZeroI8 cfg(not(no_num_nonzero_signed)), deserialize_i8
385 | |     num_self!(i8:visit_i8);
386 | |     int_to_int!(i16:visit_i16 i32:visit_i32 i64:visit_i64);
387 | |     uint_to_self!(u8:visit_u8 u16:visit_u16 u32:visit_u32 u64:visit_u64);
388 | | }
    | |_- in this macro invocation
    |
    = note: this error originates in the macro `impl_deserialize_num` (in Nightly builds, run with -Z macro-backtrace for more info)
help: consider importing this macro
    |
1   + use core::concat;
    |

error: cannot find macro `stringify` in this scope
   --> C:\Users\john\.cargo\registry\src\index.crates.io-1949cf8c6b5b557f\serde-1.0.219\src\de\impls.rs:144:45
    |
144 |                           formatter.write_str(stringify!($primitive))
    |                                               ^^^^^^^^^
...
383 | / impl_deserialize_num! {
384 | |     i8, NonZeroI8 cfg(not(no_num_nonzero_signed)), deserialize_i8
385 | |     num_self!(i8:visit_i8);
386 | |     int_to_int!(i16:visit_i16 i32:visit_i32 i64:visit_i64);
387 | |     uint_to_self!(u8:visit_u8 u16:visit_u16 u32:visit_u32 u64:visit_u64);
388 | | }
    | |_- in this macro invocation
    |
    = note: this error originates in the macro `impl_deserialize_num` (in Nightly builds, run with -Z macro-backtrace for more info)
help: consider importing this macro
    |
1   + use core::stringify;
    |

error: cannot find macro `unimplemented` in this scope
  --> C:\Users\john\.cargo\registry\src\index.crates.io-1949cf8c6b5b557f\serde-1.0.219\src\private\doc.rs:29:9
   |
29 |         unimplemented!()
   |         ^^^^^^^^^^^^^
   |
help: consider importing this macro
   |
3  + use core::unimplemented;
   |

error[E0463]: can't find crate for `std`
   --> C:\Users\john\.cargo\registry\src\index.crates.io-1949cf8c6b5b557f\winnow-0.7.13\src\error.rs:988:31
    |
988 |     pub cause: Option<Box<dyn std::error::Error + Send + Sync + 'static>>,
    |                               ^^^ can't find crate
    |
    = note: the `thumbv7em-none-eabihf` target may not support the standard library

error: cannot find macro `unimplemented` in this scope
  --> C:\Users\john\.cargo\registry\src\index.crates.io-1949cf8c6b5b557f\serde-1.0.219\src\private\doc.rs:23:9
   |
23 |         unimplemented!()
   |         ^^^^^^^^^^^^^
   |
help: consider importing this macro
   |
3  + use core::unimplemented;
   |

error: cannot find macro `unimplemented` in this scope
  --> C:\Users\john\.cargo\registry\src\index.crates.io-1949cf8c6b5b557f\serde-1.0.219\src\private\doc.rs:16:9
   |
16 |         unimplemented!()
   |         ^^^^^^^^^^^^^
   |
help: consider importing this macro
   |
3  + use core::unimplemented;
   |

error: cannot find attribute `derive` in this scope
 --> C:\Users\john\.cargo\registry\src\index.crates.io-1949cf8c6b5b557f\serde-1.0.219\src\private\doc.rs:8:3
  |
8 | #[derive(Debug)]
  |   ^^^^^^
  |
help: consider importing this attribute macro
  |
3 + use core::prelude::rust_2024::derive;
  |

error: cannot find macro `write` in this scope
    --> C:\Users\john\.cargo\registry\src\index.crates.io-1949cf8c6b5b557f\serde-1.0.219\src\private\de.rs:2337:13
     |
2337 |             write!(
     |             ^^^^^
     |
help: consider importing this macro
     |
209  +     use core::write;
     |

error: cannot find macro `write` in this scope
    --> C:\Users\john\.cargo\registry\src\index.crates.io-1949cf8c6b5b557f\serde-1.0.219\src\private\de.rs:2292:13
     |
2292 |             write!(
     |             ^^^^^
     |
help: consider importing this macro
     |
209  +     use core::write;
     |

error: cannot find macro `write` in this scope
    --> C:\Users\john\.cargo\registry\src\index.crates.io-1949cf8c6b5b557f\serde-1.0.219\src\private\de.rs:1018:13
     |
1018 |             write!(
     |             ^^^^^
     |
help: consider importing this macro
     |
209  +     use core::write;
     |

error[E0463]: can't find crate for `std`
    --> C:\Users\john\.cargo\registry\src\index.crates.io-1949cf8c6b5b557f\winnow-0.7.13\src\error.rs:1130:15
     |
1130 | impl<I, C, E: std::error::Error + Send + Sync + 'static> FromExternalError<I, E> for TreeError<I, C>
     |               ^^^ can't find crate
     |
     = note: the `thumbv7em-none-eabihf` target may not support the standard library

error: cannot find macro `write` in this scope
   --> C:\Users\john\.cargo\registry\src\index.crates.io-1949cf8c6b5b557f\serde-1.0.219\src\private\de.rs:941:13
    |
941 |             write!(formatter, "{:?} or {:?}", self.tag, self.content)
    |             ^^^^^
    |
help: consider importing this macro
    |
209 +     use core::write;
    |

error: cannot find macro `write` in this scope
   --> C:\Users\john\.cargo\registry\src\index.crates.io-1949cf8c6b5b557f\serde-1.0.219\src\private\de.rs:579:13
    |
579 |             write!(fmt, "a type tag `{}` or any other value", self.name)
    |             ^^^^^
    |
help: consider importing this macro
    |
209 +     use core::write;
    |

error: cannot find attribute `derive` in this scope
   --> C:\Users\john\.cargo\registry\src\index.crates.io-1949cf8c6b5b557f\serde-1.0.219\src\private\de.rs:222:7
    |
222 |     #[derive(Debug, Clone)]
    |       ^^^^^^
    |
help: consider importing this attribute macro
    |
209 +     use core::prelude::rust_2024::derive;
    |

error: cannot find macro `write` in this scope
   --> C:\Users\john\.cargo\registry\src\index.crates.io-1949cf8c6b5b557f\serde-1.0.219\src\ser\impls.rs:781:9
    |
781 |         write!(&mut writer, "{}", $value).unwrap();
    |         ^^^^^
...
948 |             serialize_display_bounded_length!(self, MAX_LEN, serializer)
    |             ------------------------------------------------------------ in this macro invocation
    |
    = note: this error originates in the macro `serialize_display_bounded_length` (in Nightly builds, run with -Z macro-backtrace for more info)
help: consider importing this macro
    |
1   + use core::write;
    |

error: cannot find macro `debug_assert_eq` in this scope
   --> C:\Users\john\.cargo\registry\src\index.crates.io-1949cf8c6b5b557f\serde-1.0.219\src\ser\impls.rs:944:13
    |
944 |             debug_assert_eq!(
    |             ^^^^^^^^^^^^^^^
    |
help: consider importing this macro
    |
1   + use core::debug_assert_eq;
    |

error[E0463]: can't find crate for `std`
    --> C:\Users\john\.cargo\registry\src\index.crates.io-1949cf8c6b5b557f\winnow-0.7.13\src\error.rs:1219:5
     |
1219 |     std::error::Error for TreeError<I, C>
     |     ^^^ can't find crate
     |
     = note: the `thumbv7em-none-eabihf` target may not support the standard library

error: cannot find macro `write` in this scope
   --> C:\Users\john\.cargo\registry\src\index.crates.io-1949cf8c6b5b557f\serde-1.0.219\src\ser\impls.rs:781:9
    |
781 |         write!(&mut writer, "{}", $value).unwrap();
    |         ^^^^^
...
929 |             serialize_display_bounded_length!(self, MAX_LEN, serializer)
    |             ------------------------------------------------------------ in this macro invocation
    |
    = note: this error originates in the macro `serialize_display_bounded_length` (in Nightly builds, run with -Z macro-backtrace for more info)
help: consider importing this macro
    |
1   + use core::write;
    |

error: cannot find macro `debug_assert_eq` in this scope
   --> C:\Users\john\.cargo\registry\src\index.crates.io-1949cf8c6b5b557f\serde-1.0.219\src\ser\impls.rs:928:13
    |
928 |             debug_assert_eq!(MAX_LEN, "101.102.103.104:65000".len());
    |             ^^^^^^^^^^^^^^^
    |
help: consider importing this macro
    |
1   + use core::debug_assert_eq;
    |

error: cannot find macro `write` in this scope
   --> C:\Users\john\.cargo\registry\src\index.crates.io-1949cf8c6b5b557f\serde-1.0.219\src\ser\impls.rs:781:9
    |
781 |         write!(&mut writer, "{}", $value).unwrap();
    |         ^^^^^
...
889 |             serialize_display_bounded_length!(self, MAX_LEN, serializer)
    |             ------------------------------------------------------------ in this macro invocation
    |
    = note: this error originates in the macro `serialize_display_bounded_length` (in Nightly builds, run with -Z macro-backtrace for more info)
help: consider importing this macro
    |
1   + use core::write;
    |

error: cannot find macro `debug_assert_eq` in this scope
   --> C:\Users\john\.cargo\registry\src\index.crates.io-1949cf8c6b5b557f\serde-1.0.219\src\ser\impls.rs:888:13
    |
888 |             debug_assert_eq!(MAX_LEN, "1001:1002:1003:1004:1005:1006:1007:1008".len());
    |             ^^^^^^^^^^^^^^^
    |
help: consider importing this macro
    |
1   + use core::debug_assert_eq;
    |

error: cannot find macro `debug_assert_eq` in this scope
   --> C:\Users\john\.cargo\registry\src\index.crates.io-1949cf8c6b5b557f\serde-1.0.219\src\ser\impls.rs:864:13
    |
864 |             debug_assert_eq!(MAX_LEN, "101.102.103.104".len());
    |             ^^^^^^^^^^^^^^^
    |
help: consider importing this macro
    |
1   + use core::debug_assert_eq;
    |

error: cannot find attribute `test` in this scope
   --> C:\Users\john\.cargo\registry\src\index.crates.io-1949cf8c6b5b557f\serde-1.0.219\src\ser\impls.rs:840:3
    |
840 | #[test]
    |   ^^^^
    |
help: consider importing this attribute macro
    |
1   + use core::prelude::rust_2024::test;
    |

error: cannot find macro `assert_eq` in this scope
   --> C:\Users\john\.cargo\registry\src\index.crates.io-1949cf8c6b5b557f\serde-1.0.219\src\ser\impls.rs:847:9
    |
847 |         assert_eq!(i.to_string().as_bytes(), &buf[..written]);
    |         ^^^^^^^^^
    |
help: consider importing this macro
    |
1   + use core::assert_eq;
    |

error: cannot find macro `write` in this scope
    --> C:\Users\john\.cargo\registry\src\index.crates.io-1949cf8c6b5b557f\serde-1.0.219\src\de\mod.rs:2331:18
     |
2331 |             tri!(write!(formatter, "{}", self.0));
     |                  ^^^^^
     |
help: consider importing this macro
     |
115  + use core::write;
     |

error: cannot find macro `write` in this scope
    --> C:\Users\john\.cargo\registry\src\index.crates.io-1949cf8c6b5b557f\serde-1.0.219\src\de\mod.rs:2326:18
     |
2326 |             tri!(write!(writer, "{}", self.0));
     |                  ^^^^^
     |
help: consider importing this macro
     |
115  + use core::write;
     |

error: cannot find macro `write` in this scope
    --> C:\Users\john\.cargo\registry\src\index.crates.io-1949cf8c6b5b557f\serde-1.0.219\src\de\mod.rs:2292:26
     |
2292 |                     tri!(write!(formatter, "`{}`", alt));
     |                          ^^^^^
     |
help: consider importing this macro
     |
115  + use core::write;
     |

error: cannot find macro `write` in this scope
    --> C:\Users\john\.cargo\registry\src\index.crates.io-1949cf8c6b5b557f\serde-1.0.219\src\de\mod.rs:2285:18
     |
2285 |             2 => write!(formatter, "`{}` or `{}`", self.names[0], self.names[1]),
     |                  ^^^^^
     |
help: consider importing this macro
     |
115  + use core::write;
     |

error: cannot find macro `write` in this scope
    --> C:\Users\john\.cargo\registry\src\index.crates.io-1949cf8c6b5b557f\serde-1.0.219\src\de\mod.rs:2284:18
     |
2284 |             1 => write!(formatter, "`{}`", self.names[0]),
     |                  ^^^^^
     |
help: consider importing this macro
     |
115  + use core::write;
     |

error: cannot find macro `panic` in this scope
    --> C:\Users\john\.cargo\registry\src\index.crates.io-1949cf8c6b5b557f\serde-1.0.219\src\de\mod.rs:2283:18
     |
2283 |             0 => panic!(), // special case elsewhere
     |                  ^^^^^
     |
help: consider importing this macro
     |
115  + use core::panic;
     |

error: cannot find macro `format_args` in this scope
    --> C:\Users\john\.cargo\registry\src\index.crates.io-1949cf8c6b5b557f\serde-1.0.219\src\de\mod.rs:1439:44
     |
1439 |         fmt::Write::write_fmt(&mut writer, format_args!("integer `{}` as u128", v)).unwrap();
     |                                            ^^^^^^^^^^^
     |
help: consider importing this macro
     |
115  + use core::format_args;
     |

error: cannot find macro `format_args` in this scope
    --> C:\Users\john\.cargo\registry\src\index.crates.io-1949cf8c6b5b557f\serde-1.0.219\src\de\mod.rs:1377:44
     |
1377 |         fmt::Write::write_fmt(&mut writer, format_args!("integer `{}` as i128", v)).unwrap();
     |                                            ^^^^^^^^^^^
     |
help: consider importing this macro
     |
115  + use core::format_args;
     |

error: cannot find macro `write` in this scope
   --> C:\Users\john\.cargo\registry\src\index.crates.io-1949cf8c6b5b557f\serde-1.0.219\src\de\mod.rs:406:23
    |
406 |             Str(s) => write!(formatter, "string {:?}", s),
    |                       ^^^^^
    |
help: consider importing this macro
    |
115 + use core::write;
    |

error: cannot find macro `write` in this scope
   --> C:\Users\john\.cargo\registry\src\index.crates.io-1949cf8c6b5b557f\serde-1.0.219\src\de\mod.rs:405:24
    |
405 |             Char(c) => write!(formatter, "character `{}`", c),
    |                        ^^^^^
    |
help: consider importing this macro
    |
115 + use core::write;
    |

error: cannot find macro `write` in this scope
   --> C:\Users\john\.cargo\registry\src\index.crates.io-1949cf8c6b5b557f\serde-1.0.219\src\de\mod.rs:404:25
    |
404 |             Float(f) => write!(formatter, "floating point `{}`", WithDecimalPoint(f)),
    |                         ^^^^^
    |
help: consider importing this macro
    |
115 + use core::write;
    |

error: cannot find macro `write` in this scope
   --> C:\Users\john\.cargo\registry\src\index.crates.io-1949cf8c6b5b557f\serde-1.0.219\src\de\mod.rs:403:26
    |
403 |             Signed(i) => write!(formatter, "integer `{}`", i),
    |                          ^^^^^
    |
help: consider importing this macro
    |
115 + use core::write;
    |

error: cannot find macro `write` in this scope
   --> C:\Users\john\.cargo\registry\src\index.crates.io-1949cf8c6b5b557f\serde-1.0.219\src\de\mod.rs:402:28
    |
402 |             Unsigned(i) => write!(formatter, "integer `{}`", i),
    |                            ^^^^^
    |
help: consider importing this macro
    |
115 + use core::write;
    |

error: cannot find macro `write` in this scope
   --> C:\Users\john\.cargo\registry\src\index.crates.io-1949cf8c6b5b557f\serde-1.0.219\src\de\mod.rs:401:24
    |
401 |             Bool(b) => write!(formatter, "boolean `{}`", b),
    |                        ^^^^^
    |
help: consider importing this macro
    |
115 + use core::write;
    |

error: cannot find attribute `derive` in this scope
   --> C:\Users\john\.cargo\registry\src\index.crates.io-1949cf8c6b5b557f\serde-1.0.219\src\de\mod.rs:333:3
    |
333 | #[derive(Copy, Clone, PartialEq, Debug)]
    |   ^^^^^^
    |
help: consider importing this attribute macro
    |
115 + use core::prelude::rust_2024::derive;
    |

error: cannot find macro `format_args` in this scope
   --> C:\Users\john\.cargo\registry\src\index.crates.io-1949cf8c6b5b557f\serde-1.0.219\src\de\mod.rs:293:31
    |
293 |                 Error::custom(format_args!("duplicate field `{}`", field))
    |                               ^^^^^^^^^^^
...
300 | declare_error_trait!(Error: Sized + StdError);
    | --------------------------------------------- in this macro invocation
    |
    = note: this error originates in the macro `declare_error_trait` (in Nightly builds, run with -Z macro-backtrace for more info)
help: consider importing this macro
    |
115 + use core::format_args;
    |

error: cannot find macro `format_args` in this scope
   --> C:\Users\john\.cargo\registry\src\index.crates.io-1949cf8c6b5b557f\serde-1.0.219\src\de\mod.rs:286:31
    |
286 |                 Error::custom(format_args!("missing field `{}`", field))
    |                               ^^^^^^^^^^^
...
300 | declare_error_trait!(Error: Sized + StdError);
    | --------------------------------------------- in this macro invocation
    |
    = note: this error originates in the macro `declare_error_trait` (in Nightly builds, run with -Z macro-backtrace for more info)
help: consider importing this macro
    |
115 + use core::format_args;
    |

error: cannot find macro `format_args` in this scope
   --> C:\Users\john\.cargo\registry\src\index.crates.io-1949cf8c6b5b557f\serde-1.0.219\src\de\mod.rs:273:35
    |
273 |                     Error::custom(format_args!(
    |                                   ^^^^^^^^^^^
...
300 | declare_error_trait!(Error: Sized + StdError);
    | --------------------------------------------- in this macro invocation
    |
    = note: this error originates in the macro `declare_error_trait` (in Nightly builds, run with -Z macro-backtrace for more info)
help: consider importing this macro
    |
115 + use core::format_args;
    |

error: cannot find macro `format_args` in this scope
   --> C:\Users\john\.cargo\registry\src\index.crates.io-1949cf8c6b5b557f\serde-1.0.219\src\de\mod.rs:268:35
    |
268 |                     Error::custom(format_args!(
    |                                   ^^^^^^^^^^^
...
300 | declare_error_trait!(Error: Sized + StdError);
    | --------------------------------------------- in this macro invocation
    |
    = note: this error originates in the macro `declare_error_trait` (in Nightly builds, run with -Z macro-backtrace for more info)
help: consider importing this macro
    |
115 + use core::format_args;
    |

error: cannot find macro `format_args` in this scope
   --> C:\Users\john\.cargo\registry\src\index.crates.io-1949cf8c6b5b557f\serde-1.0.219\src\de\mod.rs:255:35
    |
255 |                     Error::custom(format_args!(
    |                                   ^^^^^^^^^^^
...
300 | declare_error_trait!(Error: Sized + StdError);
    | --------------------------------------------- in this macro invocation
    |
    = note: this error originates in the macro `declare_error_trait` (in Nightly builds, run with -Z macro-backtrace for more info)
help: consider importing this macro
    |
115 + use core::format_args;
    |

error: cannot find macro `format_args` in this scope
   --> C:\Users\john\.cargo\registry\src\index.crates.io-1949cf8c6b5b557f\serde-1.0.219\src\de\mod.rs:250:35
    |
250 |                     Error::custom(format_args!(
    |                                   ^^^^^^^^^^^
...
300 | declare_error_trait!(Error: Sized + StdError);
    | --------------------------------------------- in this macro invocation
    |
    = note: this error originates in the macro `declare_error_trait` (in Nightly builds, run with -Z macro-backtrace for more info)
help: consider importing this macro
    |
115 + use core::format_args;
    |

error: cannot find macro `format_args` in this scope
   --> C:\Users\john\.cargo\registry\src\index.crates.io-1949cf8c6b5b557f\serde-1.0.219\src\de\mod.rs:242:31
    |
242 |                 Error::custom(format_args!("invalid length {}, expected {}", len, exp))
    |                               ^^^^^^^^^^^
...
300 | declare_error_trait!(Error: Sized + StdError);
    | --------------------------------------------- in this macro invocation
    |
    = note: this error originates in the macro `declare_error_trait` (in Nightly builds, run with -Z macro-backtrace for more info)
help: consider importing this macro
    |
115 + use core::format_args;
    |

error: cannot find macro `format_args` in this scope
   --> C:\Users\john\.cargo\registry\src\index.crates.io-1949cf8c6b5b557f\serde-1.0.219\src\de\mod.rs:228:31
    |
228 |                 Error::custom(format_args!("invalid value: {}, expected {}", unexp, exp))
    |                               ^^^^^^^^^^^
...
300 | declare_error_trait!(Error: Sized + StdError);
    | --------------------------------------------- in this macro invocation
    |
    = note: this error originates in the macro `declare_error_trait` (in Nightly builds, run with -Z macro-backtrace for more info)
help: consider importing this macro
    |
115 + use core::format_args;
    |

error: cannot find macro `format_args` in this scope
   --> C:\Users\john\.cargo\registry\src\index.crates.io-1949cf8c6b5b557f\serde-1.0.219\src\de\mod.rs:210:31
    |
210 |                 Error::custom(format_args!("invalid type: {}, expected {}", unexp, exp))
    |                               ^^^^^^^^^^^
...
300 | declare_error_trait!(Error: Sized + StdError);
    | --------------------------------------------- in this macro invocation
    |
    = note: this error originates in the macro `declare_error_trait` (in Nightly builds, run with -Z macro-backtrace for more info)
help: consider importing this macro
    |
115 + use core::format_args;
    |

error: cannot find attribute `derive` in this scope
   --> C:\Users\john\.cargo\registry\src\index.crates.io-1949cf8c6b5b557f\serde-1.0.219\src\de\ignored_any.rs:110:3
    |
110 | #[derive(Copy, Clone, Debug, Default, PartialEq)]
    |   ^^^^^^
    |
help: consider importing this attribute macro
    |
1   + use core::prelude::rust_2024::derive;
    |

error: cannot find attribute `derive` in this scope
    --> C:\Users\john\.cargo\registry\src\index.crates.io-1949cf8c6b5b557f\serde-1.0.219\src\de\value.rs:1685:3
     |
1685 | #[derive(Clone, Debug)]
     |   ^^^^^^
     |
help: consider importing this attribute macro
     |
24   + use core::prelude::rust_2024::derive;
     |

error: cannot find attribute `derive` in this scope
    --> C:\Users\john\.cargo\registry\src\index.crates.io-1949cf8c6b5b557f\serde-1.0.219\src\de\value.rs:1609:3
     |
1609 | #[derive(Clone, Debug)]
     |   ^^^^^^
     |
help: consider importing this attribute macro
     |
24   + use core::prelude::rust_2024::derive;
     |

error: cannot find macro `write` in this scope
    --> C:\Users\john\.cargo\registry\src\index.crates.io-1949cf8c6b5b557f\serde-1.0.219\src\de\value.rs:1568:13
     |
1568 |             write!(formatter, "{} elements in map", self.0)
     |             ^^^^^
     |
help: consider importing this macro
     |
24   + use core::write;
     |

error: cannot find attribute `derive` in this scope
    --> C:\Users\john\.cargo\registry\src\index.crates.io-1949cf8c6b5b557f\serde-1.0.219\src\de\value.rs:1180:3
     |
1180 | #[derive(Clone, Debug)]
     |   ^^^^^^
     |
help: consider importing this attribute macro
     |
24   + use core::prelude::rust_2024::derive;
     |

error: cannot find macro `write` in this scope
    --> C:\Users\john\.cargo\registry\src\index.crates.io-1949cf8c6b5b557f\serde-1.0.219\src\de\value.rs:1114:13
     |
1114 |             write!(formatter, "{} elements in sequence", self.0)
     |             ^^^^^
     |
help: consider importing this macro
     |
24   + use core::write;
     |

error: cannot find attribute `derive` in this scope
    --> C:\Users\john\.cargo\registry\src\index.crates.io-1949cf8c6b5b557f\serde-1.0.219\src\de\value.rs:1001:3
     |
1001 | #[derive(Clone)]
     |   ^^^^^^
     |
help: consider importing this attribute macro
     |
24   + use core::prelude::rust_2024::derive;
     |

error: cannot find macro `stringify` in this scope
   --> C:\Users\john\.cargo\registry\src\index.crates.io-1949cf8c6b5b557f\serde-1.0.219\src\de\value.rs:319:35
    |
319 |                     .debug_struct(stringify!($name))
    |                                   ^^^^^^^^^
...
341 | primitive_deserializer!(char, "a `char`.", CharDeserializer, visit_char);
    | ------------------------------------------------------------------------ in this macro invocation
    |
    = note: this error originates in the macro `primitive_deserializer` (in Nightly builds, run with -Z macro-backtrace for more info)
help: consider importing this macro
    |
24  + use core::stringify;
    |

error: cannot find macro `stringify` in this scope
   --> C:\Users\john\.cargo\registry\src\index.crates.io-1949cf8c6b5b557f\serde-1.0.219\src\de\value.rs:319:35
    |
319 |                     .debug_struct(stringify!($name))
    |                                   ^^^^^^^^^
...
340 | primitive_deserializer!(f64, "an `f64`.", F64Deserializer, visit_f64);
    | --------------------------------------------------------------------- in this macro invocation
    |
    = note: this error originates in the macro `primitive_deserializer` (in Nightly builds, run with -Z macro-backtrace for more info)
help: consider importing this macro
    |
24  + use core::stringify;
    |

error: cannot find macro `stringify` in this scope
   --> C:\Users\john\.cargo\registry\src\index.crates.io-1949cf8c6b5b557f\serde-1.0.219\src\de\value.rs:319:35
    |
319 |                     .debug_struct(stringify!($name))
    |                                   ^^^^^^^^^
...
339 | primitive_deserializer!(f32, "an `f32`.", F32Deserializer, visit_f32);
    | --------------------------------------------------------------------- in this macro invocation
    |
    = note: this error originates in the macro `primitive_deserializer` (in Nightly builds, run with -Z macro-backtrace for more info)
help: consider importing this macro
    |
24  + use core::stringify;
    |

error: cannot find macro `stringify` in this scope
   --> C:\Users\john\.cargo\registry\src\index.crates.io-1949cf8c6b5b557f\serde-1.0.219\src\de\value.rs:319:35
    |
319 |                     .debug_struct(stringify!($name))
    |                                   ^^^^^^^^^
...
338 | primitive_deserializer!(usize, "a `usize`.", UsizeDeserializer, visit_u64 as u64);
    | --------------------------------------------------------------------------------- in this macro invocation
    |
    = note: this error originates in the macro `primitive_deserializer` (in Nightly builds, run with -Z macro-backtrace for more info)
help: consider importing this macro
    |
24  + use core::stringify;
    |

error: cannot find macro `stringify` in this scope
   --> C:\Users\john\.cargo\registry\src\index.crates.io-1949cf8c6b5b557f\serde-1.0.219\src\de\value.rs:319:35
    |
319 |                     .debug_struct(stringify!($name))
    |                                   ^^^^^^^^^
...
337 | primitive_deserializer!(u128, "a `u128`.", U128Deserializer, visit_u128);
    | ------------------------------------------------------------------------ in this macro invocation
    |
    = note: this error originates in the macro `primitive_deserializer` (in Nightly builds, run with -Z macro-backtrace for more info)
help: consider importing this macro
    |
24  + use core::stringify;
    |

error: cannot find macro `stringify` in this scope
   --> C:\Users\john\.cargo\registry\src\index.crates.io-1949cf8c6b5b557f\serde-1.0.219\src\de\value.rs:319:35
    |
319 |                     .debug_struct(stringify!($name))
    |                                   ^^^^^^^^^
...
336 | primitive_deserializer!(u64, "a `u64`.", U64Deserializer, visit_u64);
    | -------------------------------------------------------------------- in this macro invocation
    |
    = note: this error originates in the macro `primitive_deserializer` (in Nightly builds, run with -Z macro-backtrace for more info)
help: consider importing this macro
    |
24  + use core::stringify;
    |

error: cannot find macro `stringify` in this scope
   --> C:\Users\john\.cargo\registry\src\index.crates.io-1949cf8c6b5b557f\serde-1.0.219\src\de\value.rs:319:35
    |
319 |                     .debug_struct(stringify!($name))
    |                                   ^^^^^^^^^
...
335 | primitive_deserializer!(u16, "a `u16`.", U16Deserializer, visit_u16);
    | -------------------------------------------------------------------- in this macro invocation
    |
    = note: this error originates in the macro `primitive_deserializer` (in Nightly builds, run with -Z macro-backtrace for more info)
help: consider importing this macro
    |
24  + use core::stringify;
    |

error: cannot find macro `stringify` in this scope
   --> C:\Users\john\.cargo\registry\src\index.crates.io-1949cf8c6b5b557f\serde-1.0.219\src\de\value.rs:319:35
    |
319 |                     .debug_struct(stringify!($name))
    |                                   ^^^^^^^^^
...
334 | primitive_deserializer!(u8, "a `u8`.", U8Deserializer, visit_u8);
    | ---------------------------------------------------------------- in this macro invocation
    |
    = note: this error originates in the macro `primitive_deserializer` (in Nightly builds, run with -Z macro-backtrace for more info)
help: consider importing this macro
    |
24  + use core::stringify;
    |

error: cannot find macro `stringify` in this scope
   --> C:\Users\john\.cargo\registry\src\index.crates.io-1949cf8c6b5b557f\serde-1.0.219\src\de\value.rs:319:35
    |
319 |                     .debug_struct(stringify!($name))
    |                                   ^^^^^^^^^
...
333 | primitive_deserializer!(isize, "an `isize`.", IsizeDeserializer, visit_i64 as i64);
    | ---------------------------------------------------------------------------------- in this macro invocation
    |
    = note: this error originates in the macro `primitive_deserializer` (in Nightly builds, run with -Z macro-backtrace for more info)
help: consider importing this macro
    |
24  + use core::stringify;
    |

error: cannot find macro `stringify` in this scope
   --> C:\Users\john\.cargo\registry\src\index.crates.io-1949cf8c6b5b557f\serde-1.0.219\src\de\value.rs:319:35
    |
319 |                     .debug_struct(stringify!($name))
    |                                   ^^^^^^^^^
...
332 | primitive_deserializer!(i128, "an `i128`.", I128Deserializer, visit_i128);
    | ------------------------------------------------------------------------- in this macro invocation
    |
    = note: this error originates in the macro `primitive_deserializer` (in Nightly builds, run with -Z macro-backtrace for more info)
help: consider importing this macro
    |
24  + use core::stringify;
    |

error: cannot find macro `stringify` in this scope
   --> C:\Users\john\.cargo\registry\src\index.crates.io-1949cf8c6b5b557f\serde-1.0.219\src\de\value.rs:319:35
    |
319 |                     .debug_struct(stringify!($name))
    |                                   ^^^^^^^^^
...
331 | primitive_deserializer!(i64, "an `i64`.", I64Deserializer, visit_i64);
    | --------------------------------------------------------------------- in this macro invocation
    |
    = note: this error originates in the macro `primitive_deserializer` (in Nightly builds, run with -Z macro-backtrace for more info)
help: consider importing this macro
    |
24  + use core::stringify;
    |

error: cannot find macro `stringify` in this scope
   --> C:\Users\john\.cargo\registry\src\index.crates.io-1949cf8c6b5b557f\serde-1.0.219\src\de\value.rs:319:35
    |
319 |                     .debug_struct(stringify!($name))
    |                                   ^^^^^^^^^
...
330 | primitive_deserializer!(i32, "an `i32`.", I32Deserializer, visit_i32);
    | --------------------------------------------------------------------- in this macro invocation
    |
    = note: this error originates in the macro `primitive_deserializer` (in Nightly builds, run with -Z macro-backtrace for more info)
help: consider importing this macro
    |
24  + use core::stringify;
    |

error: cannot find macro `stringify` in this scope
   --> C:\Users\john\.cargo\registry\src\index.crates.io-1949cf8c6b5b557f\serde-1.0.219\src\de\value.rs:319:35
    |
319 |                     .debug_struct(stringify!($name))
    |                                   ^^^^^^^^^
...
329 | primitive_deserializer!(i16, "an `i16`.", I16Deserializer, visit_i16);
    | --------------------------------------------------------------------- in this macro invocation
    |
    = note: this error originates in the macro `primitive_deserializer` (in Nightly builds, run with -Z macro-backtrace for more info)
help: consider importing this macro
    |
24  + use core::stringify;
    |

error: cannot find macro `stringify` in this scope
   --> C:\Users\john\.cargo\registry\src\index.crates.io-1949cf8c6b5b557f\serde-1.0.219\src\de\value.rs:319:35
    |
319 |                     .debug_struct(stringify!($name))
    |                                   ^^^^^^^^^
...
328 | primitive_deserializer!(i8, "an `i8`.", I8Deserializer, visit_i8);
    | ----------------------------------------------------------------- in this macro invocation
    |
    = note: this error originates in the macro `primitive_deserializer` (in Nightly builds, run with -Z macro-backtrace for more info)
help: consider importing this macro
    |
24  + use core::stringify;
    |

error: cannot find macro `stringify` in this scope
   --> C:\Users\john\.cargo\registry\src\index.crates.io-1949cf8c6b5b557f\serde-1.0.219\src\de\value.rs:319:35
    |
319 |                     .debug_struct(stringify!($name))
    |                                   ^^^^^^^^^
...
327 | primitive_deserializer!(bool, "a `bool`.", BoolDeserializer, visit_bool);
    | ------------------------------------------------------------------------ in this macro invocation
    |
    = note: this error originates in the macro `primitive_deserializer` (in Nightly builds, run with -Z macro-backtrace for more info)
help: consider importing this macro
    |
24  + use core::stringify;
    |

error: cannot find attribute `derive` in this scope
  --> C:\Users\john\.cargo\registry\src\index.crates.io-1949cf8c6b5b557f\serde-1.0.219\src\de\value.rs:50:3
   |
50 | #[derive(Clone, PartialEq)]
   |   ^^^^^^
   |
help: consider importing this attribute macro
   |
24 + use core::prelude::rust_2024::derive;
   |

error[E0405]: cannot find trait `Fn` in this scope
   --> C:\Users\john\.cargo\registry\src\index.crates.io-1949cf8c6b5b557f\winnow-0.7.13\src\lib.rs:108:30
    |
108 |     pub(crate) fn from_fn<F: Fn(&mut core::fmt::Formatter<'_>) -> core::fmt::Result>(
    |                              ^^ not found in this scope
    |
help: consider importing this trait
    |
107 +     use core::ops::Fn;
    |

error[E0405]: cannot find trait `Fn` in this scope
   --> C:\Users\john\.cargo\registry\src\index.crates.io-1949cf8c6b5b557f\winnow-0.7.13\src\lib.rs:116:12
    |
116 |         F: Fn(&mut core::fmt::Formatter<'_>) -> core::fmt::Result;
    |            ^^ not found in this scope
    |
help: consider importing this trait
    |
107 +     use core::ops::Fn;
    |

error[E0405]: cannot find trait `Fn` in this scope
   --> C:\Users\john\.cargo\registry\src\index.crates.io-1949cf8c6b5b557f\winnow-0.7.13\src\lib.rs:120:12
    |
120 |         F: Fn(&mut core::fmt::Formatter<'_>) -> core::fmt::Result,
    |            ^^ not found in this scope
    |
help: consider importing this trait
    |
107 +     use core::ops::Fn;
    |

error[E0405]: cannot find trait `Fn` in this scope
   --> C:\Users\john\.cargo\registry\src\index.crates.io-1949cf8c6b5b557f\winnow-0.7.13\src\lib.rs:129:12
    |
129 |         F: Fn(&mut core::fmt::Formatter<'_>) -> core::fmt::Result,
    |            ^^ not found in this scope
    |
help: consider importing this trait
    |
107 +     use core::ops::Fn;
    |

error[E0531]: cannot find tuple struct or tuple variant `Some` in this scope
  --> C:\Users\john\.cargo\registry\src\index.crates.io-1949cf8c6b5b557f\winnow-0.7.13\src\error.rs:76:13
   |
76 |             Some(sz) => Needed::Size(sz),
   |             ^^^^ not found in this scope
   |
help: consider importing this tuple variant
   |
22 + use core::option::Option::Some;
   |

error[E0405]: cannot find trait `Fn` in this scope
  --> C:\Users\john\.cargo\registry\src\index.crates.io-1949cf8c6b5b557f\winnow-0.7.13\src\error.rs:88:19
   |
88 |     pub fn map<F: Fn(NonZeroUsize) -> usize>(self, f: F) -> Needed {
   |                   ^^ not found in this scope
   |
help: consider importing this trait
   |
22 + use core::ops::Fn;
   |

error[E0405]: cannot find trait `FnOnce` in this scope
   --> C:\Users\john\.cargo\registry\src\index.crates.io-1949cf8c6b5b557f\winnow-0.7.13\src\error.rs:157:12
    |
157 |         F: FnOnce(E) -> E2,
    |            ^^^^^^ not found in this scope
    |
help: consider importing this trait
    |
22  + use core::ops::FnOnce;
    |

error[E0425]: cannot find function, tuple struct or tuple variant `Ok` in this scope
   --> C:\Users\john\.cargo\registry\src\index.crates.io-1949cf8c6b5b557f\winnow-0.7.13\src\error.rs:180:56
    |
180 |             ErrMode::Backtrack(e) | ErrMode::Cut(e) => Ok(e),
    |                                                        ^^ not found in this scope
    |
help: consider importing one of these tuple variants
    |
22  + use crate::stream::CompareResult::Ok;
    |
22  + use core::result::Result::Ok;
    |

error[E0425]: cannot find function, tuple struct or tuple variant `Err` in this scope
   --> C:\Users\john\.cargo\registry\src\index.crates.io-1949cf8c6b5b557f\winnow-0.7.13\src\error.rs:181:45
    |
181 |             err @ ErrMode::Incomplete(_) => Err(err),
    |                                             ^^^
    |
help: a local variable with a similar name exists
    |
181 -             err @ ErrMode::Incomplete(_) => Err(err),
181 +             err @ ErrMode::Incomplete(_) => err(err),
    |
help: consider importing this tuple variant
    |
22  + use core::result::Result::Err;
    |

error[E0425]: cannot find function, tuple struct or tuple variant `Ok` in this scope
   --> C:\Users\john\.cargo\registry\src\index.crates.io-1949cf8c6b5b557f\winnow-0.7.13\src\error.rs:231:56
    |
231 |             ErrMode::Backtrack(e) | ErrMode::Cut(e) => Ok(e),
    |                                                        ^^ not found in this scope
    |
help: consider importing one of these tuple variants
    |
22  + use crate::stream::CompareResult::Ok;
    |
22  + use core::result::Result::Ok;
    |

error[E0425]: cannot find function, tuple struct or tuple variant `Err` in this scope
   --> C:\Users\john\.cargo\registry\src\index.crates.io-1949cf8c6b5b557f\winnow-0.7.13\src\error.rs:232:45
    |
232 |             err @ ErrMode::Incomplete(_) => Err(err),
    |                                             ^^^
    |
help: a local variable with a similar name exists
    |
232 -             err @ ErrMode::Incomplete(_) => Err(err),
232 +             err @ ErrMode::Incomplete(_) => err(err),
    |
help: consider importing this tuple variant
    |
22  + use core::result::Result::Err;
    |

error[E0412]: cannot find type `Option` in this scope
   --> C:\Users\john\.cargo\registry\src\index.crates.io-1949cf8c6b5b557f\winnow-0.7.13\src\error.rs:242:25
    |
242 |     fn needed(&self) -> Option<Needed> {
    |                         ^^^^^^ not found in this scope
    |
help: consider importing this enum
    |
22  + use core::option::Option;
    |

error[E0425]: cannot find function, tuple struct or tuple variant `Some` in this scope
   --> C:\Users\john\.cargo\registry\src\index.crates.io-1949cf8c6b5b557f\winnow-0.7.13\src\error.rs:244:44
    |
244 |             ErrMode::Incomplete(needed) => Some(*needed),
    |                                            ^^^^ not found in this scope
    |
help: consider importing this tuple variant
    |
22  + use core::option::Option::Some;
    |

error[E0425]: cannot find value `None` in this scope
   --> C:\Users\john\.cargo\registry\src\index.crates.io-1949cf8c6b5b557f\winnow-0.7.13\src\error.rs:245:18
    |
245 |             _ => None,
    |                  ^^^^ not found in this scope
    |
help: consider importing this unit variant
    |
22  + use core::option::Option::None;
    |

error[E0405]: cannot find trait `Clone` in this scope
   --> C:\Users\john\.cargo\registry\src\index.crates.io-1949cf8c6b5b557f\winnow-0.7.13\src\error.rs:303:9
    |
303 | impl<T: Clone> ErrMode<InputError<T>> {
    |         ^^^^^ not found in this scope
    |
help: consider importing this trait
    |
22  + use core::clone::Clone;
    |

error[E0405]: cannot find trait `Clone` in this scope
   --> C:\Users\john\.cargo\registry\src\index.crates.io-1949cf8c6b5b557f\winnow-0.7.13\src\error.rs:305:25
    |
305 |     pub fn map_input<U: Clone, F>(self, f: F) -> ErrMode<InputError<U>>
    |                         ^^^^^ not found in this scope
    |
help: consider importing this trait
    |
22  + use core::clone::Clone;
    |

error[E0405]: cannot find trait `FnOnce` in this scope
   --> C:\Users\john\.cargo\registry\src\index.crates.io-1949cf8c6b5b557f\winnow-0.7.13\src\error.rs:307:12
    |
307 |         F: FnOnce(T) -> U,
    |            ^^^^^^ not found in this scope
    |
help: consider importing this trait
    |
22  + use core::ops::FnOnce;
    |

error[E0405]: cannot find trait `Eq` in this scope
   --> C:\Users\john\.cargo\registry\src\index.crates.io-1949cf8c6b5b557f\winnow-0.7.13\src\error.rs:319:13
    |
319 | impl<E: Eq> Eq for ErrMode<E> {}
    |             ^^ not found in this scope
    |
help: consider importing this trait
    |
22  + use core::cmp::Eq;
    |

error[E0405]: cannot find trait `Eq` in this scope
   --> C:\Users\john\.cargo\registry\src\index.crates.io-1949cf8c6b5b557f\winnow-0.7.13\src\error.rs:319:9
    |
319 | impl<E: Eq> Eq for ErrMode<E> {}
    |         ^^ not found in this scope
    |
help: consider importing this trait
    |
22  + use core::cmp::Eq;
    |

error[E0405]: cannot find trait `Sized` in this scope
   --> C:\Users\john\.cargo\registry\src\index.crates.io-1949cf8c6b5b557f\winnow-0.7.13\src\error.rs:339:35
    |
339 | pub trait ParserError<I: Stream>: Sized {
    |                                   ^^^^^ not found in this scope
    |
help: consider importing this trait
    |
22  + use core::marker::Sized;
    |

error[E0412]: cannot find type `Option` in this scope
   --> C:\Users\john\.cargo\registry\src\index.crates.io-1949cf8c6b5b557f\winnow-0.7.13\src\error.rs:413:25
    |
413 |     fn needed(&self) -> Option<Needed> {
    |                         ^^^^^^ not found in this scope
    |
help: consider importing this enum
    |
22  + use core::option::Option;
    |

error[E0425]: cannot find value `None` in this scope
   --> C:\Users\john\.cargo\registry\src\index.crates.io-1949cf8c6b5b557f\winnow-0.7.13\src\error.rs:414:9
    |
414 |         None
    |         ^^^^ not found in this scope
    |
help: consider importing this unit variant
    |
22  + use core::option::Option::None;
    |

error[E0405]: cannot find trait `Sized` in this scope
   --> C:\Users\john\.cargo\registry\src\index.crates.io-1949cf8c6b5b557f\winnow-0.7.13\src\error.rs:429:52
    |
429 | pub trait AddContext<I: Stream, C = &'static str>: Sized {
    |                                                    ^^^^^ not found in this scope
    |
help: consider importing this trait
    |
22  + use core::marker::Sized;
    |

error[E0405]: cannot find trait `Clone` in this scope
   --> C:\Users\john\.cargo\registry\src\index.crates.io-1949cf8c6b5b557f\winnow-0.7.13\src\error.rs:484:26
    |
484 | pub struct InputError<I: Clone> {
    |                          ^^^^^ not found in this scope
    |
help: consider importing this trait
    |
22  + use core::clone::Clone;
    |

error[E0405]: cannot find trait `Clone` in this scope
   --> C:\Users\john\.cargo\registry\src\index.crates.io-1949cf8c6b5b557f\winnow-0.7.13\src\error.rs:489:9
    |
489 | impl<I: Clone> InputError<I> {
    |         ^^^^^ not found in this scope
    |
help: consider importing this trait
    |
22  + use core::clone::Clone;
    |

error[E0405]: cannot find trait `Clone` in this scope
   --> C:\Users\john\.cargo\registry\src\index.crates.io-1949cf8c6b5b557f\winnow-0.7.13\src\error.rs:498:26
    |
498 |     pub fn map_input<I2: Clone, O: Fn(I) -> I2>(self, op: O) -> InputError<I2> {
    |                          ^^^^^ not found in this scope
    |
help: consider importing this trait
    |
22  + use core::clone::Clone;
    |

error[E0405]: cannot find trait `Fn` in this scope
   --> C:\Users\john\.cargo\registry\src\index.crates.io-1949cf8c6b5b557f\winnow-0.7.13\src\error.rs:498:36
    |
498 |     pub fn map_input<I2: Clone, O: Fn(I) -> I2>(self, op: O) -> InputError<I2> {
    |                                    ^^ not found in this scope
    |
help: consider importing this trait
    |
22  + use core::ops::Fn;
    |

error[E0405]: cannot find trait `Clone` in this scope
   --> C:\Users\john\.cargo\registry\src\index.crates.io-1949cf8c6b5b557f\winnow-0.7.13\src\error.rs:508:28
    |
508 |     <I as ToOwned>::Owned: Clone,
    |                            ^^^^^ not found in this scope
    |
help: consider importing this trait
    |
22  + use core::clone::Clone;
    |

error[E0405]: cannot find trait `Clone` in this scope
   --> C:\Users\john\.cargo\registry\src\index.crates.io-1949cf8c6b5b557f\winnow-0.7.13\src\error.rs:516:18
    |
516 | impl<I: Stream + Clone> ParserError<I> for InputError<I> {
    |                  ^^^^^ not found in this scope
    |
help: consider importing this trait
    |
22  + use core::clone::Clone;
    |

error[E0425]: cannot find function, tuple struct or tuple variant `Ok` in this scope
   --> C:\Users\john\.cargo\registry\src\index.crates.io-1949cf8c6b5b557f\winnow-0.7.13\src\error.rs:528:9
    |
528 |         Ok(self)
    |         ^^
    |
help: try calling `Ok` as a method
    |
528 -         Ok(self)
528 +         self.Ok()
    |
help: consider importing one of these tuple variants
    |
22  + use crate::stream::CompareResult::Ok;
    |
22  + use core::result::Result::Ok;
    |

error[E0405]: cannot find trait `Clone` in this scope
   --> C:\Users\john\.cargo\registry\src\index.crates.io-1949cf8c6b5b557f\winnow-0.7.13\src\error.rs:532:18
    |
532 | impl<I: Stream + Clone, C> AddContext<I, C> for InputError<I> {}
    |                  ^^^^^ not found in this scope
    |
help: consider importing this trait
    |
22  + use core::clone::Clone;
    |

error[E0405]: cannot find trait `Clone` in this scope
   --> C:\Users\john\.cargo\registry\src\index.crates.io-1949cf8c6b5b557f\winnow-0.7.13\src\error.rs:548:9
    |
548 | impl<I: Clone, E> FromExternalError<I, E> for InputError<I> {
    |         ^^^^^ not found in this scope
    |
help: consider importing this trait
    |
22  + use core::clone::Clone;
    |

error[E0405]: cannot find trait `Clone` in this scope
   --> C:\Users\john\.cargo\registry\src\index.crates.io-1949cf8c6b5b557f\winnow-0.7.13\src\error.rs:558:9
    |
558 | impl<I: Clone> ErrorConvert<InputError<(I, usize)>> for InputError<I> {
    |         ^^^^^ not found in this scope
    |
help: consider importing this trait
    |
22  + use core::clone::Clone;
    |

error[E0405]: cannot find trait `Clone` in this scope
   --> C:\Users\john\.cargo\registry\src\index.crates.io-1949cf8c6b5b557f\winnow-0.7.13\src\error.rs:565:9
    |
565 | impl<I: Clone> ErrorConvert<InputError<I>> for InputError<(I, usize)> {
    |         ^^^^^ not found in this scope
    |
help: consider importing this trait
    |
22  + use core::clone::Clone;
    |

error[E0405]: cannot find trait `Clone` in this scope
   --> C:\Users\john\.cargo\registry\src\index.crates.io-1949cf8c6b5b557f\winnow-0.7.13\src\error.rs:573:9
    |
573 | impl<I: Clone + fmt::Display> fmt::Display for InputError<I> {
    |         ^^^^^ not found in this scope
    |
help: consider importing this trait
    |
22  + use core::clone::Clone;
    |

error[E0405]: cannot find trait `Clone` in this scope
   --> C:\Users\john\.cargo\registry\src\index.crates.io-1949cf8c6b5b557f\winnow-0.7.13\src\error.rs:580:9
    |
580 | impl<I: Clone + fmt::Debug + fmt::Display + Sync + Send + 'static> std::error::Error
    |         ^^^^^ not found in this scope
    |
help: consider importing this trait
    |
22  + use core::clone::Clone;
    |

error[E0405]: cannot find trait `Sync` in this scope
   --> C:\Users\john\.cargo\registry\src\index.crates.io-1949cf8c6b5b557f\winnow-0.7.13\src\error.rs:580:45
    |
580 | impl<I: Clone + fmt::Debug + fmt::Display + Sync + Send + 'static> std::error::Error
    |                                             ^^^^ not found in this scope
    |
help: consider importing this trait
    |
22  + use core::marker::Sync;
    |

error[E0405]: cannot find trait `Send` in this scope
   --> C:\Users\john\.cargo\registry\src\index.crates.io-1949cf8c6b5b557f\winnow-0.7.13\src\error.rs:580:52
    |
580 | impl<I: Clone + fmt::Debug + fmt::Display + Sync + Send + 'static> std::error::Error
    |                                                    ^^^^ not found in this scope
    |
help: consider importing this trait
    |
22  + use core::marker::Send;
    |

error[E0425]: cannot find function, tuple struct or tuple variant `Ok` in this scope
   --> C:\Users\john\.cargo\registry\src\index.crates.io-1949cf8c6b5b557f\winnow-0.7.13\src\error.rs:599:9
    |
599 |         Ok(self)
    |         ^^
    |
help: try calling `Ok` as a method
    |
599 -         Ok(self)
599 +         self.Ok()
    |
help: consider importing one of these tuple variants
    |
22  + use crate::stream::CompareResult::Ok;
    |
22  + use core::result::Result::Ok;
    |

error[E0425]: cannot find function, tuple struct or tuple variant `Ok` in this scope
   --> C:\Users\john\.cargo\registry\src\index.crates.io-1949cf8c6b5b557f\winnow-0.7.13\src\error.rs:647:9
    |
647 |         Ok(self)
    |         ^^
    |
help: try calling `Ok` as a method
    |
647 -         Ok(self)
647 +         self.Ok()
    |
help: consider importing one of these tuple variants
    |
22  + use crate::stream::CompareResult::Ok;
    |
22  + use core::result::Result::Ok;
    |

error[E0412]: cannot find type `Option` in this scope
   --> C:\Users\john\.cargo\registry\src\index.crates.io-1949cf8c6b5b557f\winnow-0.7.13\src\error.rs:687:12
    |
687 |     cause: Option<Box<dyn std::error::Error + Send + Sync + 'static>>,
    |            ^^^^^^ not found in this scope
    |
help: consider importing this enum
    |
22  + use core::option::Option;
    |

error[E0412]: cannot find type `Box` in this scope
   --> C:\Users\john\.cargo\registry\src\index.crates.io-1949cf8c6b5b557f\winnow-0.7.13\src\error.rs:687:19
    |
687 |     cause: Option<Box<dyn std::error::Error + Send + Sync + 'static>>,
    |                   ^^^ not found in this scope
    |
help: consider importing this struct
    |
22  + use alloc::boxed::Box;
    |

error[E0405]: cannot find trait `Send` in this scope
   --> C:\Users\john\.cargo\registry\src\index.crates.io-1949cf8c6b5b557f\winnow-0.7.13\src\error.rs:687:47
    |
687 |     cause: Option<Box<dyn std::error::Error + Send + Sync + 'static>>,
    |                                               ^^^^ not found in this scope
    |
help: consider importing this trait
    |
22  + use core::marker::Send;
    |

error[E0405]: cannot find trait `Sync` in this scope
   --> C:\Users\john\.cargo\registry\src\index.crates.io-1949cf8c6b5b557f\winnow-0.7.13\src\error.rs:687:54
    |
687 |     cause: Option<Box<dyn std::error::Error + Send + Sync + 'static>>,
    |                                                      ^^^^ not found in this scope
    |
help: consider importing this trait
    |
22  + use core::marker::Sync;
    |

error[E0433]: failed to resolve: use of undeclared type `Default`
   --> C:\Users\john\.cargo\registry\src\index.crates.io-1949cf8c6b5b557f\winnow-0.7.13\src\error.rs:695:22
    |
695 |             context: Default::default(),
    |                      ^^^^^^^ use of undeclared type `Default`
    |
help: consider importing this trait
    |
22  + use core::default::Default;
    |

error[E0425]: cannot find value `None` in this scope
   --> C:\Users\john\.cargo\registry\src\index.crates.io-1949cf8c6b5b557f\winnow-0.7.13\src\error.rs:697:20
    |
697 |             cause: None,
    |                    ^^^^ not found in this scope
    |
help: consider importing this unit variant
    |
22  + use core::option::Option::None;
    |

error[E0405]: cannot find trait `IntoIterator` in this scope
   --> C:\Users\john\.cargo\registry\src\index.crates.io-1949cf8c6b5b557f\winnow-0.7.13\src\error.rs:710:22
    |
710 |     pub fn extend<I: IntoIterator<Item = C>>(&mut self, context: I) {
    |                      ^^^^^^^^^^^^ not found in this scope
    |
help: consider importing this trait
    |
22  + use core::iter::IntoIterator;
    |

error[E0405]: cannot find trait `Iterator` in this scope
   --> C:\Users\john\.cargo\registry\src\index.crates.io-1949cf8c6b5b557f\winnow-0.7.13\src\error.rs:718:35
    |
718 |     pub fn context(&self) -> impl Iterator<Item = &C> {
    |                                   ^^^^^^^^ not found in this scope
    |
help: consider importing this trait
    |
22  + use core::iter::Iterator;
    |

error[E0412]: cannot find type `Option` in this scope
   --> C:\Users\john\.cargo\registry\src\index.crates.io-1949cf8c6b5b557f\winnow-0.7.13\src\error.rs:725:28
    |
725 |     pub fn cause(&self) -> Option<&(dyn std::error::Error + Send + Sync + 'static)> {
    |                            ^^^^^^ not found in this scope
    |
help: consider importing this enum
    |
22  + use core::option::Option;
    |

error[E0405]: cannot find trait `Send` in this scope
   --> C:\Users\john\.cargo\registry\src\index.crates.io-1949cf8c6b5b557f\winnow-0.7.13\src\error.rs:725:61
    |
725 |     pub fn cause(&self) -> Option<&(dyn std::error::Error + Send + Sync + 'static)> {
    |                                                             ^^^^ not found in this scope
    |
help: consider importing this trait
    |
22  + use core::marker::Send;
    |

error[E0405]: cannot find trait `Sync` in this scope
   --> C:\Users\john\.cargo\registry\src\index.crates.io-1949cf8c6b5b557f\winnow-0.7.13\src\error.rs:725:68
    |
725 |     pub fn cause(&self) -> Option<&(dyn std::error::Error + Send + Sync + 'static)> {
    |                                                                    ^^^^ not found in this scope
    |
help: consider importing this trait
    |
22  + use core::marker::Sync;
    |

error[E0405]: cannot find trait `Clone` in this scope
   --> C:\Users\john\.cargo\registry\src\index.crates.io-1949cf8c6b5b557f\winnow-0.7.13\src\error.rs:730:16
    |
730 | impl<C: Clone> Clone for ContextError<C> {
    |                ^^^^^ not found in this scope
    |
help: consider importing this trait
    |
22  + use core::clone::Clone;
    |

error[E0405]: cannot find trait `Clone` in this scope
   --> C:\Users\john\.cargo\registry\src\index.crates.io-1949cf8c6b5b557f\winnow-0.7.13\src\error.rs:730:9
    |
730 | impl<C: Clone> Clone for ContextError<C> {
    |         ^^^^^ not found in this scope
    |
help: consider importing this trait
    |
22  + use core::clone::Clone;
    |

error[E0405]: cannot find trait `Default` in this scope
   --> C:\Users\john\.cargo\registry\src\index.crates.io-1949cf8c6b5b557f\winnow-0.7.13\src\error.rs:740:9
    |
740 | impl<C> Default for ContextError<C> {
    |         ^^^^^^^ not found in this scope
    |
help: consider importing this trait
    |
22  + use core::default::Default;
    |

error[E0425]: cannot find function, tuple struct or tuple variant `Ok` in this scope
   --> C:\Users\john\.cargo\registry\src\index.crates.io-1949cf8c6b5b557f\winnow-0.7.13\src\error.rs:757:9
    |
757 |         Ok(self)
    |         ^^
    |
help: try calling `Ok` as a method
    |
757 -         Ok(self)
757 +         self.Ok()
    |
help: consider importing one of these tuple variants
    |
22  + use crate::stream::CompareResult::Ok;
    |
22  + use core::result::Result::Ok;
    |

error[E0405]: cannot find trait `Send` in this scope
   --> C:\Users\john\.cargo\registry\src\index.crates.io-1949cf8c6b5b557f\winnow-0.7.13\src\error.rs:789:35
    |
789 | impl<C, I, E: std::error::Error + Send + Sync + 'static> FromExternalError<I, E>
    |                                   ^^^^ not found in this scope
    |
help: consider importing this trait
    |
22  + use core::marker::Send;
    |

error[E0405]: cannot find trait `Sync` in this scope
   --> C:\Users\john\.cargo\registry\src\index.crates.io-1949cf8c6b5b557f\winnow-0.7.13\src\error.rs:789:42
    |
789 | impl<C, I, E: std::error::Error + Send + Sync + 'static> FromExternalError<I, E>
    |                                          ^^^^ not found in this scope
    |
help: consider importing this trait
    |
22  + use core::marker::Sync;
    |

error[E0425]: cannot find function, tuple struct or tuple variant `Some` in this scope
   --> C:\Users\john\.cargo\registry\src\index.crates.io-1949cf8c6b5b557f\winnow-0.7.13\src\error.rs:796:25
    |
796 |             err.cause = Some(Box::new(e));
    |                         ^^^^ not found in this scope
    |
help: consider importing this tuple variant
    |
22  + use core::option::Option::Some;
    |

error[E0433]: failed to resolve: use of undeclared type `Box`
   --> C:\Users\john\.cargo\registry\src\index.crates.io-1949cf8c6b5b557f\winnow-0.7.13\src\error.rs:796:30
    |
796 |             err.cause = Some(Box::new(e));
    |                              ^^^ use of undeclared type `Box`
    |
help: consider importing this struct
    |
22  + use alloc::boxed::Box;
    |

error[E0433]: failed to resolve: use of undeclared type `ToString`
   --> C:\Users\john\.cargo\registry\src\index.crates.io-1949cf8c6b5b557f\winnow-0.7.13\src\error.rs:823:40
    |
823 |             if self.cause.as_ref().map(ToString::to_string)
    |                                        ^^^^^^^^ use of undeclared type `ToString`
    |
help: consider importing this trait
    |
22  + use alloc::string::ToString;
    |

error[E0433]: failed to resolve: use of undeclared type `ToString`
   --> C:\Users\john\.cargo\registry\src\index.crates.io-1949cf8c6b5b557f\winnow-0.7.13\src\error.rs:824:45
    |
824 |                 != other.cause.as_ref().map(ToString::to_string)
    |                                             ^^^^^^^^ use of undeclared type `ToString`
    |
help: consider importing this trait
    |
22  + use alloc::string::ToString;
    |

error[E0425]: cannot find function, tuple struct or tuple variant `Some` in this scope
   --> C:\Users\john\.cargo\registry\src\index.crates.io-1949cf8c6b5b557f\winnow-0.7.13\src\error.rs:839:41
    |
839 |                 StrContext::Label(c) => Some(c),
    |                                         ^^^^ not found in this scope
    |
help: consider importing this tuple variant
    |
22  + use core::option::Option::Some;
    |

error[E0425]: cannot find value `None` in this scope
   --> C:\Users\john\.cargo\registry\src\index.crates.io-1949cf8c6b5b557f\winnow-0.7.13\src\error.rs:840:22
    |
840 |                 _ => None,
    |                      ^^^^ not found in this scope
    |
help: consider importing this unit variant
    |
22  + use core::option::Option::None;
    |

error[E0425]: cannot find function, tuple struct or tuple variant `Some` in this scope
   --> C:\Users\john\.cargo\registry\src\index.crates.io-1949cf8c6b5b557f\winnow-0.7.13\src\error.rs:845:48
    |
845 |                     StrContext::Expected(c) => Some(c),
    |                                                ^^^^ not found in this scope
    |
help: consider importing this tuple variant
    |
22  + use core::option::Option::Some;
    |

error[E0425]: cannot find value `None` in this scope
   --> C:\Users\john\.cargo\registry\src\index.crates.io-1949cf8c6b5b557f\winnow-0.7.13\src\error.rs:846:26
    |
846 |                     _ => None,
    |                          ^^^^ not found in this scope
    |
help: consider importing this unit variant
    |
22  + use core::option::Option::None;
    |

error[E0531]: cannot find tuple struct or tuple variant `Some` in this scope
   --> C:\Users\john\.cargo\registry\src\index.crates.io-1949cf8c6b5b557f\winnow-0.7.13\src\error.rs:852:20
    |
852 |             if let Some(expression) = expression {
    |                    ^^^^ not found in this scope
    |
help: consider importing this tuple variant
    |
22  + use core::option::Option::Some;
    |

error[E0531]: cannot find tuple struct or tuple variant `Some` in this scope
   --> C:\Users\john\.cargo\registry\src\index.crates.io-1949cf8c6b5b557f\winnow-0.7.13\src\error.rs:874:24
    |
874 |                 if let Some(cause) = self.cause() {
    |                        ^^^^ not found in this scope
    |
help: consider importing this tuple variant
    |
22  + use core::option::Option::Some;
    |

error[E0425]: cannot find function, tuple struct or tuple variant `Ok` in this scope
   --> C:\Users\john\.cargo\registry\src\index.crates.io-1949cf8c6b5b557f\winnow-0.7.13\src\error.rs:883:9
    |
883 |         Ok(())
    |         ^^ not found in this scope
    |
help: consider importing one of these tuple variants
    |
22  + use crate::stream::CompareResult::Ok;
    |
22  + use core::result::Result::Ok;
    |

error[E0405]: cannot find trait `From` in this scope
   --> C:\Users\john\.cargo\registry\src\index.crates.io-1949cf8c6b5b557f\winnow-0.7.13\src\error.rs:925:6
    |
925 | impl From<char> for StrContextValue {
    |      ^^^^ not found in this scope
    |
help: consider importing this trait
    |
22  + use core::convert::From;
    |

error[E0405]: cannot find trait `From` in this scope
   --> C:\Users\john\.cargo\registry\src\index.crates.io-1949cf8c6b5b557f\winnow-0.7.13\src\error.rs:932:6
    |
932 | impl From<&'static str> for StrContextValue {
    |      ^^^^ not found in this scope
    |
help: consider importing this trait
    |
22  + use core::convert::From;
    |

error[E0412]: cannot find type `Box` in this scope
   --> C:\Users\john\.cargo\registry\src\index.crates.io-1949cf8c6b5b557f\winnow-0.7.13\src\error.rs:963:15
    |
963 |         base: Box<Self>,
    |               ^^^ not found in this scope
    |
help: consider importing this struct
    |
22  + use alloc::boxed::Box;
    |

error[E0412]: cannot find type `Vec` in this scope
   --> C:\Users\john\.cargo\registry\src\index.crates.io-1949cf8c6b5b557f\winnow-0.7.13\src\error.rs:965:16
    |
965 |         stack: Vec<TreeErrorFrame<I, C>>,
    |                ^^^ not found in this scope
    |
help: consider importing this struct
    |
22  + use alloc::vec::Vec;
    |

error[E0412]: cannot find type `Vec` in this scope
   --> C:\Users\john\.cargo\registry\src\index.crates.io-1949cf8c6b5b557f\winnow-0.7.13\src\error.rs:968:9
    |
968 |     Alt(Vec<Self>),
    |         ^^^ not found in this scope
    |
help: consider importing this struct
    |
22  + use alloc::vec::Vec;
    |

error[E0412]: cannot find type `Option` in this scope
   --> C:\Users\john\.cargo\registry\src\index.crates.io-1949cf8c6b5b557f\winnow-0.7.13\src\error.rs:988:16
    |
988 |     pub cause: Option<Box<dyn std::error::Error + Send + Sync + 'static>>,
    |                ^^^^^^ not found in this scope
    |
help: consider importing this enum
    |
22  + use core::option::Option;
    |

error[E0412]: cannot find type `Box` in this scope
   --> C:\Users\john\.cargo\registry\src\index.crates.io-1949cf8c6b5b557f\winnow-0.7.13\src\error.rs:988:23
    |
988 |     pub cause: Option<Box<dyn std::error::Error + Send + Sync + 'static>>,
    |                       ^^^ not found in this scope
    |
help: consider importing this struct
    |
22  + use alloc::boxed::Box;
    |

error[E0405]: cannot find trait `Send` in this scope
   --> C:\Users\john\.cargo\registry\src\index.crates.io-1949cf8c6b5b557f\winnow-0.7.13\src\error.rs:988:51
    |
988 |     pub cause: Option<Box<dyn std::error::Error + Send + Sync + 'static>>,
    |                                                   ^^^^ not found in this scope
    |
help: consider importing this trait
    |
22  + use core::marker::Send;
    |

error[E0405]: cannot find trait `Sync` in this scope
   --> C:\Users\john\.cargo\registry\src\index.crates.io-1949cf8c6b5b557f\winnow-0.7.13\src\error.rs:988:58
    |
988 |     pub cause: Option<Box<dyn std::error::Error + Send + Sync + 'static>>,
    |                                                          ^^^^ not found in this scope
    |
help: consider importing this trait
    |
22  + use core::marker::Sync;
    |

error[E0405]: cannot find trait `Clone` in this scope
    --> C:\Users\john\.cargo\registry\src\index.crates.io-1949cf8c6b5b557f\winnow-0.7.13\src\error.rs:1012:29
     |
1012 |     pub fn map_input<I2, O: Clone + Fn(I) -> I2>(self, op: O) -> TreeError<I2, C> {
     |                             ^^^^^ not found in this scope
     |
help: consider importing this trait
     |
22   + use core::clone::Clone;
     |

error[E0405]: cannot find trait `Fn` in this scope
    --> C:\Users\john\.cargo\registry\src\index.crates.io-1949cf8c6b5b557f\winnow-0.7.13\src\error.rs:1012:37
     |
1012 |     pub fn map_input<I2, O: Clone + Fn(I) -> I2>(self, op: O) -> TreeError<I2, C> {
     |                                     ^^ not found in this scope
     |
help: consider importing this trait
     |
22   + use core::ops::Fn;
     |

error[E0433]: failed to resolve: use of undeclared type `Box`
    --> C:\Users\john\.cargo\registry\src\index.crates.io-1949cf8c6b5b557f\winnow-0.7.13\src\error.rs:1019:28
     |
1019 |                 let base = Box::new(base.map_input(op.clone()));
     |                            ^^^ use of undeclared type `Box`
     |
help: consider importing this struct
     |
22   + use alloc::boxed::Box;
     |

error[E0433]: failed to resolve: use of undeclared type `Box`
    --> C:\Users\john\.cargo\registry\src\index.crates.io-1949cf8c6b5b557f\winnow-0.7.13\src\error.rs:1050:23
     |
1050 |                 base: Box::new(base),
     |                       ^^^ use of undeclared type `Box`
     |
help: consider importing this struct
     |
22   + use alloc::boxed::Box;
     |

error[E0405]: cannot find trait `Clone` in this scope
    --> C:\Users\john\.cargo\registry\src\index.crates.io-1949cf8c6b5b557f\winnow-0.7.13\src\error.rs:1060:17
     |
1060 |     I: Stream + Clone,
     |                 ^^^^^ not found in this scope
     |
help: consider importing this trait
     |
22   + use core::clone::Clone;
     |

error[E0425]: cannot find value `None` in this scope
    --> C:\Users\john\.cargo\registry\src\index.crates.io-1949cf8c6b5b557f\winnow-0.7.13\src\error.rs:1067:20
     |
1067 |             cause: None,
     |                    ^^^^ not found in this scope
     |
help: consider importing this unit variant
     |
22   + use core::option::Option::None;
     |

error[E0425]: cannot find value `None` in this scope
    --> C:\Users\john\.cargo\registry\src\index.crates.io-1949cf8c6b5b557f\winnow-0.7.13\src\error.rs:1074:72
     |
1074 |         let frame = TreeErrorFrame::Kind(TreeErrorBase { input, cause: None });
     |                                                                        ^^^^ not found in this scope
     |
help: consider importing this unit variant
     |
22   + use core::option::Option::None;
     |

error[E0425]: cannot find function, tuple struct or tuple variant `Ok` in this scope
    --> C:\Users\john\.cargo\registry\src\index.crates.io-1949cf8c6b5b557f\winnow-0.7.13\src\error.rs:1098:9
     |
1098 |         Ok(self)
     |         ^^
     |
help: try calling `Ok` as a method
     |
1098 -         Ok(self)
1098 +         self.Ok()
     |
help: consider importing one of these tuple variants
     |
22   + use crate::stream::CompareResult::Ok;
     |
22   + use core::result::Result::Ok;
     |

error[E0405]: cannot find trait `Clone` in this scope
    --> C:\Users\john\.cargo\registry\src\index.crates.io-1949cf8c6b5b557f\winnow-0.7.13\src\error.rs:1105:17
     |
1105 |     I: Stream + Clone,
     |                 ^^^^^ not found in this scope
     |
help: consider importing this trait
     |
22   + use core::clone::Clone;
     |

error[E0405]: cannot find trait `Send` in this scope
    --> C:\Users\john\.cargo\registry\src\index.crates.io-1949cf8c6b5b557f\winnow-0.7.13\src\error.rs:1130:35
     |
1130 | impl<I, C, E: std::error::Error + Send + Sync + 'static> FromExternalError<I, E> for TreeError<I, C>
     |                                   ^^^^ not found in this scope
     |
help: consider importing this trait
     |
22   + use core::marker::Send;
     |

error[E0405]: cannot find trait `Sync` in this scope
    --> C:\Users\john\.cargo\registry\src\index.crates.io-1949cf8c6b5b557f\winnow-0.7.13\src\error.rs:1130:42
     |
1130 | impl<I, C, E: std::error::Error + Send + Sync + 'static> FromExternalError<I, E> for TreeError<I, C>
     |                                          ^^^^ not found in this scope
     |
help: consider importing this trait
     |
22   + use core::marker::Sync;
     |

error[E0405]: cannot find trait `Clone` in this scope
    --> C:\Users\john\.cargo\registry\src\index.crates.io-1949cf8c6b5b557f\winnow-0.7.13\src\error.rs:1132:8
     |
1132 |     I: Clone,
     |        ^^^^^ not found in this scope
     |
help: consider importing this trait
     |
22   + use core::clone::Clone;
     |

error[E0425]: cannot find function, tuple struct or tuple variant `Some` in this scope
    --> C:\Users\john\.cargo\registry\src\index.crates.io-1949cf8c6b5b557f\winnow-0.7.13\src\error.rs:1137:20
     |
1137 |             cause: Some(Box::new(e)),
     |                    ^^^^ not found in this scope
     |
help: consider importing this tuple variant
     |
22   + use core::option::Option::Some;
     |

error[E0433]: failed to resolve: use of undeclared type `Box`
    --> C:\Users\john\.cargo\registry\src\index.crates.io-1949cf8c6b5b557f\winnow-0.7.13\src\error.rs:1137:25
     |
1137 |             cause: Some(Box::new(e)),
     |                         ^^^ use of undeclared type `Box`
     |
help: consider importing this struct
     |
22   + use alloc::boxed::Box;
     |

error[E0425]: cannot find function, tuple struct or tuple variant `Ok` in this scope
    --> C:\Users\john\.cargo\registry\src\index.crates.io-1949cf8c6b5b557f\winnow-0.7.13\src\error.rs:1191:9
     |
1191 |         Ok(())
     |         ^^ not found in this scope
     |
help: consider importing one of these tuple variants
     |
22   + use crate::stream::CompareResult::Ok;
     |
22   + use core::result::Result::Ok;
     |

error[E0531]: cannot find tuple struct or tuple variant `Some` in this scope
    --> C:\Users\john\.cargo\registry\src\index.crates.io-1949cf8c6b5b557f\winnow-0.7.13\src\error.rs:1198:16
     |
1198 |         if let Some(cause) = self.cause.as_ref() {
     |                ^^^^ not found in this scope
     |
help: consider importing this tuple variant
     |
22   + use core::option::Option::Some;
     |

error[E0425]: cannot find function, tuple struct or tuple variant `Ok` in this scope
    --> C:\Users\john\.cargo\registry\src\index.crates.io-1949cf8c6b5b557f\winnow-0.7.13\src\error.rs:1203:9
     |
1203 |         Ok(())
     |         ^^ not found in this scope
     |
help: consider importing one of these tuple variants
     |
22   + use crate::stream::CompareResult::Ok;
     |
22   + use core::result::Result::Ok;
     |

error[E0425]: cannot find function, tuple struct or tuple variant `Ok` in this scope
    --> C:\Users\john\.cargo\registry\src\index.crates.io-1949cf8c6b5b557f\winnow-0.7.13\src\error.rs:1213:9
     |
1213 |         Ok(())
     |         ^^ not found in this scope
     |
help: consider importing one of these tuple variants
     |
22   + use crate::stream::CompareResult::Ok;
     |
22   + use core::result::Result::Ok;
     |

error[E0405]: cannot find trait `Sync` in this scope
    --> C:\Users\john\.cargo\registry\src\index.crates.io-1949cf8c6b5b557f\winnow-0.7.13\src\error.rs:1218:37
     |
1218 | impl<I: fmt::Debug + fmt::Display + Sync + Send + 'static, C: fmt::Display + fmt::Debug>
     |                                     ^^^^ not found in this scope
     |
help: consider importing this trait
     |
22   + use core::marker::Sync;
     |

error[E0405]: cannot find trait `Send` in this scope
    --> C:\Users\john\.cargo\registry\src\index.crates.io-1949cf8c6b5b557f\winnow-0.7.13\src\error.rs:1218:44
     |
1218 | impl<I: fmt::Debug + fmt::Display + Sync + Send + 'static, C: fmt::Display + fmt::Debug>
     |                                            ^^^^ not found in this scope
     |
help: consider importing this trait
     |
22   + use core::marker::Send;
     |

error[E0412]: cannot find type `String` in this scope
    --> C:\Users\john\.cargo\registry\src\index.crates.io-1949cf8c6b5b557f\winnow-0.7.13\src\error.rs:1224:22
     |
1224 | fn abbreviate(input: String) -> String {
     |                      ^^^^^^ not found in this scope
     |
help: consider importing this struct
     |
22   + use alloc::string::String;
     |

error[E0412]: cannot find type `String` in this scope
    --> C:\Users\john\.cargo\registry\src\index.crates.io-1949cf8c6b5b557f\winnow-0.7.13\src\error.rs:1224:33
     |
1224 | fn abbreviate(input: String) -> String {
     |                                 ^^^^^^ not found in this scope
     |
help: consider importing this struct
     |
22   + use alloc::string::String;
     |

error[E0425]: cannot find value `None` in this scope
    --> C:\Users\john\.cargo\registry\src\index.crates.io-1949cf8c6b5b557f\winnow-0.7.13\src\error.rs:1225:22
     |
1225 |     let mut abbrev = None;
     |                      ^^^^ not found in this scope
     |
help: consider importing this unit variant
     |
22   + use core::option::Option::None;
     |

error[E0531]: cannot find tuple struct or tuple variant `Some` in this scope
    --> C:\Users\john\.cargo\registry\src\index.crates.io-1949cf8c6b5b557f\winnow-0.7.13\src\error.rs:1227:12
     |
1227 |     if let Some((line, _)) = input.split_once('\n') {
     |            ^^^^ not found in this scope
     |
help: consider importing this tuple variant
     |
22   + use core::option::Option::Some;
     |

error[E0425]: cannot find function, tuple struct or tuple variant `Some` in this scope
    --> C:\Users\john\.cargo\registry\src\index.crates.io-1949cf8c6b5b557f\winnow-0.7.13\src\error.rs:1228:18
     |
1228 |         abbrev = Some(line);
     |                  ^^^^ not found in this scope
     |
help: consider importing this tuple variant
     |
22   + use core::option::Option::Some;
     |

error[E0531]: cannot find tuple struct or tuple variant `Some` in this scope
    --> C:\Users\john\.cargo\registry\src\index.crates.io-1949cf8c6b5b557f\winnow-0.7.13\src\error.rs:1234:16
     |
1234 |         if let Some((index, _)) = current.char_indices().nth(max_len) {
     |                ^^^^ not found in this scope
     |
help: consider importing this tuple variant
     |
22   + use core::option::Option::Some;
     |

error[E0425]: cannot find function, tuple struct or tuple variant `Some` in this scope
    --> C:\Users\john\.cargo\registry\src\index.crates.io-1949cf8c6b5b557f\winnow-0.7.13\src\error.rs:1235:22
     |
1235 |             abbrev = Some(&current[..index]);
     |                      ^^^^ not found in this scope
     |
help: consider importing this tuple variant
     |
22   + use core::option::Option::Some;
     |

error[E0531]: cannot find tuple struct or tuple variant `Some` in this scope
    --> C:\Users\john\.cargo\registry\src\index.crates.io-1949cf8c6b5b557f\winnow-0.7.13\src\error.rs:1239:12
     |
1239 |     if let Some(abbrev) = abbrev {
     |            ^^^^ not found in this scope
     |
help: consider importing this tuple variant
     |
22   + use core::option::Option::Some;
     |

error[E0425]: cannot find function, tuple struct or tuple variant `Ok` in this scope
    --> C:\Users\john\.cargo\registry\src\index.crates.io-1949cf8c6b5b557f\winnow-0.7.13\src\error.rs:1412:9
     |
1412 |         Ok(())
     |         ^^ not found in this scope
     |
help: consider importing one of these tuple variants
     |
22   + use crate::stream::CompareResult::Ok;
     |
22   + use core::result::Result::Ok;
     |

error[E0531]: cannot find tuple struct or tuple variant `Some` in this scope
    --> C:\Users\john\.cargo\registry\src\index.crates.io-1949cf8c6b5b557f\winnow-0.7.13\src\error.rs:1433:9
     |
1433 |         Some(nl) => nl + 1,
     |         ^^^^ not found in this scope
     |
help: consider importing this tuple variant
     |
22   + use core::option::Option::Some;
     |

error[E0425]: cannot find function, tuple struct or tuple variant `Ok` in this scope
  --> C:\Users\john\.cargo\registry\src\index.crates.io-1949cf8c6b5b557f\winnow-0.7.13\src\parser.rs:86:9
   |
86 |         Ok(o)
   |         ^^ not found in this scope
   |
help: consider importing one of these tuple variants
   |
3  + use crate::stream::CompareResult::Ok;
   |
3  + use core::result::Result::Ok;
   |

error[E0531]: cannot find tuple struct or tuple variant `Ok` in this scope
   --> C:\Users\john\.cargo\registry\src\index.crates.io-1949cf8c6b5b557f\winnow-0.7.13\src\parser.rs:116:13
    |
116 |             Ok(o) => Ok((input, o)),
    |             ^^ not found in this scope
    |
help: consider importing one of these tuple variants
    |
3   + use crate::stream::CompareResult::Ok;
    |
3   + use core::result::Result::Ok;
    |

error[E0425]: cannot find function, tuple struct or tuple variant `Ok` in this scope
   --> C:\Users\john\.cargo\registry\src\index.crates.io-1949cf8c6b5b557f\winnow-0.7.13\src\parser.rs:116:22
    |
116 |             Ok(o) => Ok((input, o)),
    |                      ^^ not found in this scope
    |
help: consider importing one of these tuple variants
    |
3   + use crate::stream::CompareResult::Ok;
    |
3   + use core::result::Result::Ok;
    |

error[E0531]: cannot find tuple struct or tuple variant `Err` in this scope
   --> C:\Users\john\.cargo\registry\src\index.crates.io-1949cf8c6b5b557f\winnow-0.7.13\src\parser.rs:117:13
    |
117 |             Err(err) => Err(err),
    |             ^^^ not found in this scope
    |
help: consider importing this tuple variant
    |
3   + use core::result::Result::Err;
    |

error[E0425]: cannot find function, tuple struct or tuple variant `Err` in this scope
   --> C:\Users\john\.cargo\registry\src\index.crates.io-1949cf8c6b5b557f\winnow-0.7.13\src\parser.rs:117:25
    |
117 |             Err(err) => Err(err),
    |                         ^^^
    |
help: a local variable with a similar name exists
    |
117 -             Err(err) => Err(err),
117 +             Err(err) => err(err),
    |
help: consider importing this tuple variant
    |
3   + use core::result::Result::Err;
    |

error[E0433]: failed to resolve: use of undeclared type `Default`
   --> C:\Users\john\.cargo\registry\src\index.crates.io-1949cf8c6b5b557f\winnow-0.7.13\src\parser.rs:171:16
    |
171 |             i: Default::default(),
    |                ^^^^^^^ use of undeclared type `Default`
    |
help: consider importing this trait
    |
3   + use core::default::Default;
    |

error[E0433]: failed to resolve: use of undeclared type `Default`
   --> C:\Users\john\.cargo\registry\src\index.crates.io-1949cf8c6b5b557f\winnow-0.7.13\src\parser.rs:172:16
    |
172 |             o: Default::default(),
    |                ^^^^^^^ use of undeclared type `Default`
    |
help: consider importing this trait
    |
3   + use core::default::Default;
    |

error[E0433]: failed to resolve: use of undeclared type `Default`
   --> C:\Users\john\.cargo\registry\src\index.crates.io-1949cf8c6b5b557f\winnow-0.7.13\src\parser.rs:173:16
    |
173 |             e: Default::default(),
    |                ^^^^^^^ use of undeclared type `Default`
    |
help: consider importing this trait
    |
3   + use core::default::Default;
    |

error[E0405]: cannot find trait `Clone` in this scope
   --> C:\Users\john\.cargo\registry\src\index.crates.io-1949cf8c6b5b557f\winnow-0.7.13\src\parser.rs:200:13
    |
200 |         O2: Clone,
    |             ^^^^^ not found in this scope
    |
help: consider importing this trait
    |
3   + use core::clone::Clone;
    |

error[E0433]: failed to resolve: use of undeclared type `Default`
   --> C:\Users\john\.cargo\registry\src\index.crates.io-1949cf8c6b5b557f\winnow-0.7.13\src\parser.rs:205:16
    |
205 |             i: Default::default(),
    |                ^^^^^^^ use of undeclared type `Default`
    |
help: consider importing this trait
    |
3   + use core::default::Default;
    |

error[E0433]: failed to resolve: use of undeclared type `Default`
   --> C:\Users\john\.cargo\registry\src\index.crates.io-1949cf8c6b5b557f\winnow-0.7.13\src\parser.rs:206:16
    |
206 |             o: Default::default(),
    |                ^^^^^^^ use of undeclared type `Default`
    |
help: consider importing this trait
    |
3   + use core::default::Default;
    |

error[E0433]: failed to resolve: use of undeclared type `Default`
   --> C:\Users\john\.cargo\registry\src\index.crates.io-1949cf8c6b5b557f\winnow-0.7.13\src\parser.rs:207:16
    |
207 |             e: Default::default(),
    |                ^^^^^^^ use of undeclared type `Default`
    |
help: consider importing this trait
    |
3   + use core::default::Default;
    |

error[E0433]: failed to resolve: use of undeclared type `Default`
   --> C:\Users\john\.cargo\registry\src\index.crates.io-1949cf8c6b5b557f\winnow-0.7.13\src\parser.rs:237:17
    |
237 |             o2: Default::default(),
    |                 ^^^^^^^ use of undeclared type `Default`
    |
help: consider importing this trait
    |
3   + use core::default::Default;
    |

error[E0433]: failed to resolve: use of undeclared type `Default`
   --> C:\Users\john\.cargo\registry\src\index.crates.io-1949cf8c6b5b557f\winnow-0.7.13\src\parser.rs:238:16
    |
238 |             i: Default::default(),
    |                ^^^^^^^ use of undeclared type `Default`
    |
help: consider importing this trait
    |
3   + use core::default::Default;
    |

error[E0433]: failed to resolve: use of undeclared type `Default`
   --> C:\Users\john\.cargo\registry\src\index.crates.io-1949cf8c6b5b557f\winnow-0.7.13\src\parser.rs:239:16
    |
239 |             o: Default::default(),
    |                ^^^^^^^ use of undeclared type `Default`
    |
help: consider importing this trait
    |
3   + use core::default::Default;
    |

error[E0433]: failed to resolve: use of undeclared type `Default`
   --> C:\Users\john\.cargo\registry\src\index.crates.io-1949cf8c6b5b557f\winnow-0.7.13\src\parser.rs:240:16
    |
240 |             e: Default::default(),
    |                ^^^^^^^ use of undeclared type `Default`
    |
help: consider importing this trait
    |
3   + use core::default::Default;
    |

error[E0433]: failed to resolve: use of undeclared type `Default`
   --> C:\Users\john\.cargo\registry\src\index.crates.io-1949cf8c6b5b557f\winnow-0.7.13\src\parser.rs:269:16
    |
269 |             i: Default::default(),
    |                ^^^^^^^ use of undeclared type `Default`
    |
help: consider importing this trait
    |
3   + use core::default::Default;
    |

error[E0433]: failed to resolve: use of undeclared type `Default`
   --> C:\Users\john\.cargo\registry\src\index.crates.io-1949cf8c6b5b557f\winnow-0.7.13\src\parser.rs:270:16
    |
270 |             o: Default::default(),
    |                ^^^^^^^ use of undeclared type `Default`
    |
help: consider importing this trait
    |
3   + use core::default::Default;
    |

error[E0433]: failed to resolve: use of undeclared type `Default`
   --> C:\Users\john\.cargo\registry\src\index.crates.io-1949cf8c6b5b557f\winnow-0.7.13\src\parser.rs:271:16
    |
271 |             e: Default::default(),
    |                ^^^^^^^ use of undeclared type `Default`
    |
help: consider importing this trait
    |
3   + use core::default::Default;
    |

error[E0405]: cannot find trait `Into` in this scope
   --> C:\Users\john\.cargo\registry\src\index.crates.io-1949cf8c6b5b557f\winnow-0.7.13\src\parser.rs:300:12
    |
300 |         O: Into<O2>,
    |            ^^^^ not found in this scope
    |
help: consider importing this trait
    |
3   + use core::convert::Into;
    |

error[E0433]: failed to resolve: use of undeclared type `Default`
   --> C:\Users\john\.cargo\registry\src\index.crates.io-1949cf8c6b5b557f\winnow-0.7.13\src\parser.rs:304:16
    |
304 |             i: Default::default(),
    |                ^^^^^^^ use of undeclared type `Default`
    |
help: consider importing this trait
    |
3   + use core::default::Default;
    |

error[E0433]: failed to resolve: use of undeclared type `Default`
   --> C:\Users\john\.cargo\registry\src\index.crates.io-1949cf8c6b5b557f\winnow-0.7.13\src\parser.rs:305:16
    |
305 |             o: Default::default(),
    |                ^^^^^^^ use of undeclared type `Default`
    |
help: consider importing this trait
    |
3   + use core::default::Default;
    |

error[E0433]: failed to resolve: use of undeclared type `Default`
   --> C:\Users\john\.cargo\registry\src\index.crates.io-1949cf8c6b5b557f\winnow-0.7.13\src\parser.rs:306:17
    |
306 |             o2: Default::default(),
    |                 ^^^^^^^ use of undeclared type `Default`
    |
help: consider importing this trait
    |
3   + use core::default::Default;
    |

error[E0433]: failed to resolve: use of undeclared type `Default`
   --> C:\Users\john\.cargo\registry\src\index.crates.io-1949cf8c6b5b557f\winnow-0.7.13\src\parser.rs:307:16
    |
307 |             e: Default::default(),
    |                ^^^^^^^ use of undeclared type `Default`
    |
help: consider importing this trait
    |
3   + use core::default::Default;
    |

error[E0433]: failed to resolve: use of undeclared type `Default`
   --> C:\Users\john\.cargo\registry\src\index.crates.io-1949cf8c6b5b557f\winnow-0.7.13\src\parser.rs:340:16
    |
340 |             i: Default::default(),
    |                ^^^^^^^ use of undeclared type `Default`
    |
help: consider importing this trait
    |
3   + use core::default::Default;
    |

error[E0433]: failed to resolve: use of undeclared type `Default`
   --> C:\Users\john\.cargo\registry\src\index.crates.io-1949cf8c6b5b557f\winnow-0.7.13\src\parser.rs:341:16
    |
341 |             o: Default::default(),
    |                ^^^^^^^ use of undeclared type `Default`
    |
help: consider importing this trait
    |
3   + use core::default::Default;
    |

error[E0433]: failed to resolve: use of undeclared type `Default`
   --> C:\Users\john\.cargo\registry\src\index.crates.io-1949cf8c6b5b557f\winnow-0.7.13\src\parser.rs:342:16
    |
342 |             e: Default::default(),
    |                ^^^^^^^ use of undeclared type `Default`
    |
help: consider importing this trait
    |
3   + use core::default::Default;
    |

error[E0433]: failed to resolve: use of undeclared type `Default`
   --> C:\Users\john\.cargo\registry\src\index.crates.io-1949cf8c6b5b557f\winnow-0.7.13\src\parser.rs:382:16
    |
382 |             i: Default::default(),
    |                ^^^^^^^ use of undeclared type `Default`
    |
help: consider importing this trait
    |
3   + use core::default::Default;
    |

error[E0433]: failed to resolve: use of undeclared type `Default`
   --> C:\Users\john\.cargo\registry\src\index.crates.io-1949cf8c6b5b557f\winnow-0.7.13\src\parser.rs:383:16
    |
383 |             o: Default::default(),
    |                ^^^^^^^ use of undeclared type `Default`
    |
help: consider importing this trait
    |
3   + use core::default::Default;
    |

error[E0433]: failed to resolve: use of undeclared type `Default`
   --> C:\Users\john\.cargo\registry\src\index.crates.io-1949cf8c6b5b557f\winnow-0.7.13\src\parser.rs:384:16
    |
384 |             e: Default::default(),
    |                ^^^^^^^ use of undeclared type `Default`
    |
help: consider importing this trait
    |
3   + use core::default::Default;
    |

error[E0433]: failed to resolve: use of undeclared type `Default`
   --> C:\Users\john\.cargo\registry\src\index.crates.io-1949cf8c6b5b557f\winnow-0.7.13\src\parser.rs:415:16
    |
415 |             i: Default::default(),
    |                ^^^^^^^ use of undeclared type `Default`
    |
help: consider importing this trait
    |
3   + use core::default::Default;
    |

error[E0433]: failed to resolve: use of undeclared type `Default`
   --> C:\Users\john\.cargo\registry\src\index.crates.io-1949cf8c6b5b557f\winnow-0.7.13\src\parser.rs:416:16
    |
416 |             o: Default::default(),
    |                ^^^^^^^ use of undeclared type `Default`
    |
help: consider importing this trait
    |
3   + use core::default::Default;
    |

error[E0433]: failed to resolve: use of undeclared type `Default`
   --> C:\Users\john\.cargo\registry\src\index.crates.io-1949cf8c6b5b557f\winnow-0.7.13\src\parser.rs:417:16
    |
417 |             e: Default::default(),
    |                ^^^^^^^ use of undeclared type `Default`
    |
help: consider importing this trait
    |
3   + use core::default::Default;
    |

error[E0433]: failed to resolve: use of undeclared type `Default`
   --> C:\Users\john\.cargo\registry\src\index.crates.io-1949cf8c6b5b557f\winnow-0.7.13\src\parser.rs:457:16
    |
457 |             i: Default::default(),
    |                ^^^^^^^ use of undeclared type `Default`
    |
help: consider importing this trait
    |
3   + use core::default::Default;
    |

error[E0433]: failed to resolve: use of undeclared type `Default`
   --> C:\Users\john\.cargo\registry\src\index.crates.io-1949cf8c6b5b557f\winnow-0.7.13\src\parser.rs:458:16
    |
458 |             o: Default::default(),
    |                ^^^^^^^ use of undeclared type `Default`
    |
help: consider importing this trait
    |
3   + use core::default::Default;
    |

error[E0433]: failed to resolve: use of undeclared type `Default`
   --> C:\Users\john\.cargo\registry\src\index.crates.io-1949cf8c6b5b557f\winnow-0.7.13\src\parser.rs:459:16
    |
459 |             e: Default::default(),
    |                ^^^^^^^ use of undeclared type `Default`
    |
help: consider importing this trait
    |
3   + use core::default::Default;
    |

error[E0405]: cannot find trait `FnMut` in this scope
   --> C:\Users\john\.cargo\registry\src\index.crates.io-1949cf8c6b5b557f\winnow-0.7.13\src\parser.rs:487:12
    |
487 |         G: FnMut(O) -> O2,
    |            ^^^^^ not found in this scope
    |
help: consider importing this trait
    |
3   + use core::ops::FnMut;
    |

error[E0433]: failed to resolve: use of undeclared type `Default`
   --> C:\Users\john\.cargo\registry\src\index.crates.io-1949cf8c6b5b557f\winnow-0.7.13\src\parser.rs:493:16
    |
493 |             i: Default::default(),
    |                ^^^^^^^ use of undeclared type `Default`
    |
help: consider importing this trait
    |
3   + use core::default::Default;
    |

error[E0433]: failed to resolve: use of undeclared type `Default`
   --> C:\Users\john\.cargo\registry\src\index.crates.io-1949cf8c6b5b557f\winnow-0.7.13\src\parser.rs:494:16
    |
494 |             o: Default::default(),
    |                ^^^^^^^ use of undeclared type `Default`
    |
help: consider importing this trait
    |
3   + use core::default::Default;
    |

error[E0433]: failed to resolve: use of undeclared type `Default`
   --> C:\Users\john\.cargo\registry\src\index.crates.io-1949cf8c6b5b557f\winnow-0.7.13\src\parser.rs:495:17
    |
495 |             o2: Default::default(),
    |                 ^^^^^^^ use of undeclared type `Default`
    |
help: consider importing this trait
    |
3   + use core::default::Default;
    |

error[E0433]: failed to resolve: use of undeclared type `Default`
   --> C:\Users\john\.cargo\registry\src\index.crates.io-1949cf8c6b5b557f\winnow-0.7.13\src\parser.rs:496:16
    |
496 |             e: Default::default(),
    |                ^^^^^^^ use of undeclared type `Default`
    |
help: consider importing this trait
    |
3   + use core::default::Default;
    |

error[E0405]: cannot find trait `FnMut` in this scope
   --> C:\Users\john\.cargo\registry\src\index.crates.io-1949cf8c6b5b557f\winnow-0.7.13\src\parser.rs:528:12
    |
528 |         G: FnMut(O) -> Result<O2, E2>,
    |            ^^^^^ not found in this scope
    |
help: consider importing this trait
    |
3   + use core::ops::FnMut;
    |

error[E0433]: failed to resolve: use of undeclared type `Default`
   --> C:\Users\john\.cargo\registry\src\index.crates.io-1949cf8c6b5b557f\winnow-0.7.13\src\parser.rs:536:16
    |
536 |             i: Default::default(),
    |                ^^^^^^^ use of undeclared type `Default`
    |
help: consider importing this trait
    |
3   + use core::default::Default;
    |

error[E0433]: failed to resolve: use of undeclared type `Default`
   --> C:\Users\john\.cargo\registry\src\index.crates.io-1949cf8c6b5b557f\winnow-0.7.13\src\parser.rs:537:16
    |
537 |             o: Default::default(),
    |                ^^^^^^^ use of undeclared type `Default`
    |
help: consider importing this trait
    |
3   + use core::default::Default;
    |

error[E0433]: failed to resolve: use of undeclared type `Default`
   --> C:\Users\john\.cargo\registry\src\index.crates.io-1949cf8c6b5b557f\winnow-0.7.13\src\parser.rs:538:17
    |
538 |             o2: Default::default(),
    |                 ^^^^^^^ use of undeclared type `Default`
    |
help: consider importing this trait
    |
3   + use core::default::Default;
    |

error[E0433]: failed to resolve: use of undeclared type `Default`
   --> C:\Users\john\.cargo\registry\src\index.crates.io-1949cf8c6b5b557f\winnow-0.7.13\src\parser.rs:539:16
    |
539 |             e: Default::default(),
    |                ^^^^^^^ use of undeclared type `Default`
    |
help: consider importing this trait
    |
3   + use core::default::Default;
    |

error[E0433]: failed to resolve: use of undeclared type `Default`
   --> C:\Users\john\.cargo\registry\src\index.crates.io-1949cf8c6b5b557f\winnow-0.7.13\src\parser.rs:540:17
    |
540 |             e2: Default::default(),
    |                 ^^^^^^^ use of undeclared type `Default`
    |
help: consider importing this trait
    |
3   + use core::default::Default;
    |

error[E0405]: cannot find trait `FnMut` in this scope
   --> C:\Users\john\.cargo\registry\src\index.crates.io-1949cf8c6b5b557f\winnow-0.7.13\src\parser.rs:575:12
    |
575 |         G: FnMut(O) -> Option<O2>,
    |            ^^^^^ not found in this scope
    |
help: consider importing this trait
    |
3   + use core::ops::FnMut;
    |

error[E0412]: cannot find type `Option` in this scope
   --> C:\Users\john\.cargo\registry\src\index.crates.io-1949cf8c6b5b557f\winnow-0.7.13\src\parser.rs:575:24
    |
575 |         G: FnMut(O) -> Option<O2>,
    |                        ^^^^^^ not found in this scope
    |
help: consider importing this enum
    |
3   + use core::option::Option;
    |

error[E0433]: failed to resolve: use of undeclared type `Default`
   --> C:\Users\john\.cargo\registry\src\index.crates.io-1949cf8c6b5b557f\winnow-0.7.13\src\parser.rs:582:16
    |
582 |             i: Default::default(),
    |                ^^^^^^^ use of undeclared type `Default`
    |
help: consider importing this trait
    |
3   + use core::default::Default;
    |

error[E0433]: failed to resolve: use of undeclared type `Default`
   --> C:\Users\john\.cargo\registry\src\index.crates.io-1949cf8c6b5b557f\winnow-0.7.13\src\parser.rs:583:16
    |
583 |             o: Default::default(),
    |                ^^^^^^^ use of undeclared type `Default`
    |
help: consider importing this trait
    |
3   + use core::default::Default;
    |

error[E0433]: failed to resolve: use of undeclared type `Default`
   --> C:\Users\john\.cargo\registry\src\index.crates.io-1949cf8c6b5b557f\winnow-0.7.13\src\parser.rs:584:17
    |
584 |             o2: Default::default(),
    |                 ^^^^^^^ use of undeclared type `Default`
    |
help: consider importing this trait
    |
3   + use core::default::Default;
    |

error[E0433]: failed to resolve: use of undeclared type `Default`
   --> C:\Users\john\.cargo\registry\src\index.crates.io-1949cf8c6b5b557f\winnow-0.7.13\src\parser.rs:585:16
    |
585 |             e: Default::default(),
    |                ^^^^^^^ use of undeclared type `Default`
    |
help: consider importing this trait
    |
3   + use core::default::Default;
    |

error[E0405]: cannot find trait `FnMut` in this scope
   --> C:\Users\john\.cargo\registry\src\index.crates.io-1949cf8c6b5b557f\winnow-0.7.13\src\parser.rs:625:12
    |
625 |         G: FnMut(O) -> H,
    |            ^^^^^ not found in this scope
    |
help: consider importing this trait
    |
3   + use core::ops::FnMut;
    |

error[E0433]: failed to resolve: use of undeclared type `Default`
   --> C:\Users\john\.cargo\registry\src\index.crates.io-1949cf8c6b5b557f\winnow-0.7.13\src\parser.rs:631:16
    |
631 |             h: Default::default(),
    |                ^^^^^^^ use of undeclared type `Default`
    |
help: consider importing this trait
    |
3   + use core::default::Default;
    |

error[E0433]: failed to resolve: use of undeclared type `Default`
   --> C:\Users\john\.cargo\registry\src\index.crates.io-1949cf8c6b5b557f\winnow-0.7.13\src\parser.rs:632:16
    |
632 |             i: Default::default(),
    |                ^^^^^^^ use of undeclared type `Default`
    |
help: consider importing this trait
    |
3   + use core::default::Default;
    |

error[E0433]: failed to resolve: use of undeclared type `Default`
   --> C:\Users\john\.cargo\registry\src\index.crates.io-1949cf8c6b5b557f\winnow-0.7.13\src\parser.rs:633:16
    |
633 |             o: Default::default(),
    |                ^^^^^^^ use of undeclared type `Default`
    |
help: consider importing this trait
    |
3   + use core::default::Default;
    |

error[E0433]: failed to resolve: use of undeclared type `Default`
   --> C:\Users\john\.cargo\registry\src\index.crates.io-1949cf8c6b5b557f\winnow-0.7.13\src\parser.rs:634:17
    |
634 |             o2: Default::default(),
    |                 ^^^^^^^ use of undeclared type `Default`
    |
help: consider importing this trait
    |
3   + use core::default::Default;
    |

error[E0433]: failed to resolve: use of undeclared type `Default`
   --> C:\Users\john\.cargo\registry\src\index.crates.io-1949cf8c6b5b557f\winnow-0.7.13\src\parser.rs:635:16
    |
635 |             e: Default::default(),
    |                ^^^^^^^ use of undeclared type `Default`
    |
help: consider importing this trait
    |
3   + use core::default::Default;
    |

error[E0433]: failed to resolve: use of undeclared type `Default`
   --> C:\Users\john\.cargo\registry\src\index.crates.io-1949cf8c6b5b557f\winnow-0.7.13\src\parser.rs:670:16
    |
670 |             i: Default::default(),
    |                ^^^^^^^ use of undeclared type `Default`
    |
help: consider importing this trait
    |
3   + use core::default::Default;
    |

error[E0433]: failed to resolve: use of undeclared type `Default`
   --> C:\Users\john\.cargo\registry\src\index.crates.io-1949cf8c6b5b557f\winnow-0.7.13\src\parser.rs:671:16
    |
671 |             o: Default::default(),
    |                ^^^^^^^ use of undeclared type `Default`
    |
help: consider importing this trait
    |
3   + use core::default::Default;
    |

error[E0433]: failed to resolve: use of undeclared type `Default`
   --> C:\Users\john\.cargo\registry\src\index.crates.io-1949cf8c6b5b557f\winnow-0.7.13\src\parser.rs:672:17
    |
672 |             o2: Default::default(),
    |                 ^^^^^^^ use of undeclared type `Default`
    |
help: consider importing this trait
    |
3   + use core::default::Default;
    |

error[E0433]: failed to resolve: use of undeclared type `Default`
   --> C:\Users\john\.cargo\registry\src\index.crates.io-1949cf8c6b5b557f\winnow-0.7.13\src\parser.rs:673:16
    |
673 |             e: Default::default(),
    |                ^^^^^^^ use of undeclared type `Default`
    |
help: consider importing this trait
    |
3   + use core::default::Default;
    |

error[E0433]: failed to resolve: use of undeclared type `Default`
   --> C:\Users\john\.cargo\registry\src\index.crates.io-1949cf8c6b5b557f\winnow-0.7.13\src\parser.rs:707:16
    |
707 |             i: Default::default(),
    |                ^^^^^^^ use of undeclared type `Default`
    |
help: consider importing this trait
    |
3   + use core::default::Default;
    |

error[E0433]: failed to resolve: use of undeclared type `Default`
   --> C:\Users\john\.cargo\registry\src\index.crates.io-1949cf8c6b5b557f\winnow-0.7.13\src\parser.rs:708:16
    |
708 |             o: Default::default(),
    |                ^^^^^^^ use of undeclared type `Default`
    |
help: consider importing this trait
    |
3   + use core::default::Default;
    |

error[E0433]: failed to resolve: use of undeclared type `Default`
   --> C:\Users\john\.cargo\registry\src\index.crates.io-1949cf8c6b5b557f\winnow-0.7.13\src\parser.rs:709:17
    |
709 |             o2: Default::default(),
    |                 ^^^^^^^ use of undeclared type `Default`
    |
help: consider importing this trait
    |
3   + use core::default::Default;
    |

error[E0433]: failed to resolve: use of undeclared type `Default`
   --> C:\Users\john\.cargo\registry\src\index.crates.io-1949cf8c6b5b557f\winnow-0.7.13\src\parser.rs:710:16
    |
710 |             e: Default::default(),
    |                ^^^^^^^ use of undeclared type `Default`
    |
help: consider importing this trait
    |
3   + use core::default::Default;
    |

error[E0405]: cannot find trait `FnMut` in this scope
   --> C:\Users\john\.cargo\registry\src\index.crates.io-1949cf8c6b5b557f\winnow-0.7.13\src\parser.rs:742:12
    |
742 |         G: FnMut(&O2) -> bool,
    |            ^^^^^ not found in this scope
    |
help: consider importing this trait
    |
3   + use core::ops::FnMut;
    |

error[E0405]: cannot find trait `Sized` in this scope
   --> C:\Users\john\.cargo\registry\src\index.crates.io-1949cf8c6b5b557f\winnow-0.7.13\src\parser.rs:745:14
    |
745 |         O2: ?Sized,
    |              ^^^^^ not found in this scope
    |
help: consider importing this trait
    |
3   + use core::marker::Sized;
    |

error[E0433]: failed to resolve: use of undeclared type `Default`
   --> C:\Users\john\.cargo\registry\src\index.crates.io-1949cf8c6b5b557f\winnow-0.7.13\src\parser.rs:751:16
    |
751 |             i: Default::default(),
    |                ^^^^^^^ use of undeclared type `Default`
    |
help: consider importing this trait
    |
3   + use core::default::Default;
    |

error[E0433]: failed to resolve: use of undeclared type `Default`
   --> C:\Users\john\.cargo\registry\src\index.crates.io-1949cf8c6b5b557f\winnow-0.7.13\src\parser.rs:752:16
    |
752 |             o: Default::default(),
    |                ^^^^^^^ use of undeclared type `Default`
    |
help: consider importing this trait
    |
3   + use core::default::Default;
    |

error[E0433]: failed to resolve: use of undeclared type `Default`
   --> C:\Users\john\.cargo\registry\src\index.crates.io-1949cf8c6b5b557f\winnow-0.7.13\src\parser.rs:753:17
    |
753 |             o2: Default::default(),
    |                 ^^^^^^^ use of undeclared type `Default`
    |
help: consider importing this trait
    |
3   + use core::default::Default;
    |

error[E0433]: failed to resolve: use of undeclared type `Default`
   --> C:\Users\john\.cargo\registry\src\index.crates.io-1949cf8c6b5b557f\winnow-0.7.13\src\parser.rs:754:16
    |
754 |             e: Default::default(),
    |                ^^^^^^^ use of undeclared type `Default`
    |
help: consider importing this trait
    |
3   + use core::default::Default;
    |

error[E0405]: cannot find trait `Clone` in this scope
   --> C:\Users\john\.cargo\registry\src\index.crates.io-1949cf8c6b5b557f\winnow-0.7.13\src\parser.rs:793:12
    |
793 |         C: Clone + crate::lib::std::fmt::Debug,
    |            ^^^^^ not found in this scope
    |
help: consider importing this trait
    |
3   + use core::clone::Clone;
    |

error[E0433]: failed to resolve: use of undeclared type `Default`
   --> C:\Users\john\.cargo\registry\src\index.crates.io-1949cf8c6b5b557f\winnow-0.7.13\src\parser.rs:798:16
    |
798 |             i: Default::default(),
    |                ^^^^^^^ use of undeclared type `Default`
    |
help: consider importing this trait
    |
3   + use core::default::Default;
    |

error[E0433]: failed to resolve: use of undeclared type `Default`
   --> C:\Users\john\.cargo\registry\src\index.crates.io-1949cf8c6b5b557f\winnow-0.7.13\src\parser.rs:799:16
    |
799 |             o: Default::default(),
    |                ^^^^^^^ use of undeclared type `Default`
    |
help: consider importing this trait
    |
3   + use core::default::Default;
    |

error[E0433]: failed to resolve: use of undeclared type `Default`
   --> C:\Users\john\.cargo\registry\src\index.crates.io-1949cf8c6b5b557f\winnow-0.7.13\src\parser.rs:800:16
    |
800 |             e: Default::default(),
    |                ^^^^^^^ use of undeclared type `Default`
    |
help: consider importing this trait
    |
3   + use core::default::Default;
    |

error[E0405]: cannot find trait `Fn` in this scope
   --> C:\Users\john\.cargo\registry\src\index.crates.io-1949cf8c6b5b557f\winnow-0.7.13\src\parser.rs:841:12
    |
841 |         F: Fn() -> FI + Clone,
    |            ^^ not found in this scope
    |
help: consider importing this trait
    |
3   + use core::ops::Fn;
    |

error[E0405]: cannot find trait `Clone` in this scope
   --> C:\Users\john\.cargo\registry\src\index.crates.io-1949cf8c6b5b557f\winnow-0.7.13\src\parser.rs:841:25
    |
841 |         F: Fn() -> FI + Clone,
    |                         ^^^^^ not found in this scope
    |
help: consider importing this trait
    |
3   + use core::clone::Clone;
    |

error[E0405]: cannot find trait `Iterator` in this scope
   --> C:\Users\john\.cargo\registry\src\index.crates.io-1949cf8c6b5b557f\winnow-0.7.13\src\parser.rs:843:13
    |
843 |         FI: Iterator<Item = C>,
    |             ^^^^^^^^ not found in this scope
    |
help: consider importing this trait
    |
3   + use core::iter::Iterator;
    |

error[E0433]: failed to resolve: use of undeclared type `Default`
   --> C:\Users\john\.cargo\registry\src\index.crates.io-1949cf8c6b5b557f\winnow-0.7.13\src\parser.rs:848:16
    |
848 |             i: Default::default(),
    |                ^^^^^^^ use of undeclared type `Default`
    |
help: consider importing this trait
    |
3   + use core::default::Default;
    |

error[E0433]: failed to resolve: use of undeclared type `Default`
   --> C:\Users\john\.cargo\registry\src\index.crates.io-1949cf8c6b5b557f\winnow-0.7.13\src\parser.rs:849:16
    |
849 |             o: Default::default(),
    |                ^^^^^^^ use of undeclared type `Default`
    |
help: consider importing this trait
    |
3   + use core::default::Default;
    |

error[E0433]: failed to resolve: use of undeclared type `Default`
   --> C:\Users\john\.cargo\registry\src\index.crates.io-1949cf8c6b5b557f\winnow-0.7.13\src\parser.rs:850:16
    |
850 |             e: Default::default(),
    |                ^^^^^^^ use of undeclared type `Default`
    |
help: consider importing this trait
    |
3   + use core::default::Default;
    |

error[E0433]: failed to resolve: use of undeclared type `Default`
   --> C:\Users\john\.cargo\registry\src\index.crates.io-1949cf8c6b5b557f\winnow-0.7.13\src\parser.rs:851:16
    |
851 |             c: Default::default(),
    |                ^^^^^^^ use of undeclared type `Default`
    |
help: consider importing this trait
    |
3   + use core::default::Default;
    |

error[E0433]: failed to resolve: use of undeclared type `Default`
   --> C:\Users\john\.cargo\registry\src\index.crates.io-1949cf8c6b5b557f\winnow-0.7.13\src\parser.rs:852:17
    |
852 |             fi: Default::default(),
    |                 ^^^^^^^ use of undeclared type `Default`
    |
help: consider importing this trait
    |
3   + use core::default::Default;
    |

error[E0405]: cannot find trait `FnMut` in this scope
   --> C:\Users\john\.cargo\registry\src\index.crates.io-1949cf8c6b5b557f\winnow-0.7.13\src\parser.rs:884:12
    |
884 |         G: FnMut(E) -> E2,
    |            ^^^^^ not found in this scope
    |
help: consider importing this trait
    |
3   + use core::ops::FnMut;
    |

error[E0433]: failed to resolve: use of undeclared type `Default`
   --> C:\Users\john\.cargo\registry\src\index.crates.io-1949cf8c6b5b557f\winnow-0.7.13\src\parser.rs:890:16
    |
890 |             i: Default::default(),
    |                ^^^^^^^ use of undeclared type `Default`
    |
help: consider importing this trait
    |
3   + use core::default::Default;
    |

error[E0433]: failed to resolve: use of undeclared type `Default`
   --> C:\Users\john\.cargo\registry\src\index.crates.io-1949cf8c6b5b557f\winnow-0.7.13\src\parser.rs:891:16
    |
891 |             o: Default::default(),
    |                ^^^^^^^ use of undeclared type `Default`
    |
help: consider importing this trait
    |
3   + use core::default::Default;
    |

error[E0433]: failed to resolve: use of undeclared type `Default`
   --> C:\Users\john\.cargo\registry\src\index.crates.io-1949cf8c6b5b557f\winnow-0.7.13\src\parser.rs:892:16
    |
892 |             e: Default::default(),
    |                ^^^^^^^ use of undeclared type `Default`
    |
help: consider importing this trait
    |
3   + use core::default::Default;
    |

error[E0433]: failed to resolve: use of undeclared type `Default`
   --> C:\Users\john\.cargo\registry\src\index.crates.io-1949cf8c6b5b557f\winnow-0.7.13\src\parser.rs:893:17
    |
893 |             e2: Default::default(),
    |                 ^^^^^^^ use of undeclared type `Default`
    |
help: consider importing this trait
    |
3   + use core::default::Default;
    |

error[E0433]: failed to resolve: use of undeclared type `Default`
   --> C:\Users\john\.cargo\registry\src\index.crates.io-1949cf8c6b5b557f\winnow-0.7.13\src\parser.rs:922:16
    |
922 |             i: Default::default(),
    |                ^^^^^^^ use of undeclared type `Default`
    |
help: consider importing this trait
    |
3   + use core::default::Default;
    |

error[E0433]: failed to resolve: use of undeclared type `Default`
   --> C:\Users\john\.cargo\registry\src\index.crates.io-1949cf8c6b5b557f\winnow-0.7.13\src\parser.rs:923:16
    |
923 |             o: Default::default(),
    |                ^^^^^^^ use of undeclared type `Default`
    |
help: consider importing this trait
    |
3   + use core::default::Default;
    |

error[E0433]: failed to resolve: use of undeclared type `Default`
   --> C:\Users\john\.cargo\registry\src\index.crates.io-1949cf8c6b5b557f\winnow-0.7.13\src\parser.rs:924:16
    |
924 |             e: Default::default(),
    |                ^^^^^^^ use of undeclared type `Default`
    |
help: consider importing this trait
    |
3   + use core::default::Default;
    |

error[E0405]: cannot find trait `Into` in this scope
   --> C:\Users\john\.cargo\registry\src\index.crates.io-1949cf8c6b5b557f\winnow-0.7.13\src\parser.rs:933:12
    |
933 |         E: Into<E2>,
    |            ^^^^ not found in this scope
    |
help: consider importing this trait
    |
3   + use core::convert::Into;
    |

error[E0433]: failed to resolve: use of undeclared type `Default`
   --> C:\Users\john\.cargo\registry\src\index.crates.io-1949cf8c6b5b557f\winnow-0.7.13\src\parser.rs:937:16
    |
937 |             i: Default::default(),
    |                ^^^^^^^ use of undeclared type `Default`
    |
help: consider importing this trait
    |
3   + use core::default::Default;
    |

error[E0433]: failed to resolve: use of undeclared type `Default`
   --> C:\Users\john\.cargo\registry\src\index.crates.io-1949cf8c6b5b557f\winnow-0.7.13\src\parser.rs:938:16
    |
938 |             o: Default::default(),
    |                ^^^^^^^ use of undeclared type `Default`
    |
help: consider importing this trait
    |
3   + use core::default::Default;
    |

error[E0433]: failed to resolve: use of undeclared type `Default`
   --> C:\Users\john\.cargo\registry\src\index.crates.io-1949cf8c6b5b557f\winnow-0.7.13\src\parser.rs:939:16
    |
939 |             e: Default::default(),
    |                ^^^^^^^ use of undeclared type `Default`
    |
help: consider importing this trait
    |
3   + use core::default::Default;
    |

error[E0433]: failed to resolve: use of undeclared type `Default`
   --> C:\Users\john\.cargo\registry\src\index.crates.io-1949cf8c6b5b557f\winnow-0.7.13\src\parser.rs:940:17
    |
940 |             e2: Default::default(),
    |                 ^^^^^^^ use of undeclared type `Default`
    |
help: consider importing this trait
    |
3   + use core::default::Default;
    |

error[E0405]: cannot find trait `FnMut` in this scope
   --> C:\Users\john\.cargo\registry\src\index.crates.io-1949cf8c6b5b557f\winnow-0.7.13\src\parser.rs:998:8
    |
998 |     F: FnMut(&mut I) -> Result<O, E>,
    |        ^^^^^ not found in this scope
    |
help: consider importing this trait
    |
3   + use core::ops::FnMut;
    |

error[E0425]: cannot find function, tuple struct or tuple variant `Ok` in this scope
    --> C:\Users\john\.cargo\registry\src\index.crates.io-1949cf8c6b5b557f\winnow-0.7.13\src\parser.rs:1250:9
     |
1250 |         Ok(())
     |         ^^ not found in this scope
     |
help: consider importing one of these tuple variants
     |
3    + use crate::stream::CompareResult::Ok;
     |
3    + use core::result::Result::Ok;
     |

error[E0425]: cannot find function, tuple struct or tuple variant `Ok` in this scope
    --> C:\Users\john\.cargo\registry\src\index.crates.io-1949cf8c6b5b557f\winnow-0.7.13\src\parser.rs:1265:9
     |
1265 |           Ok(($($output),+,))
     |           ^^ not found in this scope
...
1284 | / impl_parser_for_tuples!(
1285 | |   0 P0 O0,
1286 | |   1 P1 O1,
1287 | |   2 P2 O2,
...    |
1306 | |   21 P21 O21
1307 | | );
     | |_- in this macro invocation
     |
     = note: this error originates in the macro `impl_parser_for_tuple` which comes from the expansion of the macro `impl_parser_for_tuples` (in Nightly builds, run with -Z macro-backtrace for more info)
help: consider importing one of these tuple variants
     |
3    + use crate::stream::CompareResult::Ok;
     |
3    + use core::result::Result::Ok;
     |

error[E0405]: cannot find trait `Sized` in this scope
  --> C:\Users\john\.cargo\registry\src\index.crates.io-1949cf8c6b5b557f\winnow-0.7.13\src\stream\bstr.rs:30:20
   |
30 |     pub fn new<B: ?Sized + AsRef<[u8]>>(bytes: &B) -> &Self {
   |                    ^^^^^ not found in this scope
   |
help: consider importing this trait
   |
1  + use core::marker::Sized;
   |

error[E0405]: cannot find trait `AsRef` in this scope
  --> C:\Users\john\.cargo\registry\src\index.crates.io-1949cf8c6b5b557f\winnow-0.7.13\src\stream\bstr.rs:30:28
   |
30 |     pub fn new<B: ?Sized + AsRef<[u8]>>(bytes: &B) -> &Self {
   |                            ^^^^^ not found in this scope
   |
help: consider importing this trait
   |
1  + use core::convert::AsRef;
   |

error[E0412]: cannot find type `Option` in this scope
  --> C:\Users\john\.cargo\registry\src\index.crates.io-1949cf8c6b5b557f\winnow-0.7.13\src\stream\bstr.rs:70:33
   |
70 |     fn next_token(&mut self) -> Option<Self::Token> {
   |                                 ^^^^^^ not found in this scope
   |
help: consider importing this enum
   |
1  + use core::option::Option;
   |

error[E0425]: cannot find value `None` in this scope
  --> C:\Users\john\.cargo\registry\src\index.crates.io-1949cf8c6b5b557f\winnow-0.7.13\src\stream\bstr.rs:72:13
   |
72 |             None
   |             ^^^^ not found in this scope
   |
help: consider importing this unit variant
   |
1  + use core::option::Option::None;
   |

error[E0425]: cannot find function, tuple struct or tuple variant `Some` in this scope
  --> C:\Users\john\.cargo\registry\src\index.crates.io-1949cf8c6b5b557f\winnow-0.7.13\src\stream\bstr.rs:76:13
   |
76 |             Some(token)
   |             ^^^^ not found in this scope
   |
help: consider importing this tuple variant
   |
1  + use core::option::Option::Some;
   |

error[E0412]: cannot find type `Option` in this scope
  --> C:\Users\john\.cargo\registry\src\index.crates.io-1949cf8c6b5b557f\winnow-0.7.13\src\stream\bstr.rs:81:29
   |
81 |     fn peek_token(&self) -> Option<Self::Token> {
   |                             ^^^^^^ not found in this scope
   |
help: consider importing this enum
   |
1  + use core::option::Option;
   |

error[E0425]: cannot find value `None` in this scope
  --> C:\Users\john\.cargo\registry\src\index.crates.io-1949cf8c6b5b557f\winnow-0.7.13\src\stream\bstr.rs:83:13
   |
83 |             None
   |             ^^^^ not found in this scope
   |
help: consider importing this unit variant
   |
1  + use core::option::Option::None;
   |

error[E0425]: cannot find function, tuple struct or tuple variant `Some` in this scope
  --> C:\Users\john\.cargo\registry\src\index.crates.io-1949cf8c6b5b557f\winnow-0.7.13\src\stream\bstr.rs:85:13
   |
85 |             Some(self[0])
   |             ^^^^ not found in this scope
   |
help: consider importing this tuple variant
   |
1  + use core::option::Option::Some;
   |

error[E0405]: cannot find trait `Fn` in this scope
  --> C:\Users\john\.cargo\registry\src\index.crates.io-1949cf8c6b5b557f\winnow-0.7.13\src\stream\bstr.rs:92:12
   |
92 |         P: Fn(Self::Token) -> bool,
   |            ^^ not found in this scope
   |
help: consider importing this trait
   |
1  + use core::ops::Fn;
   |

error[E0412]: cannot find type `Option` in this scope
  --> C:\Users\john\.cargo\registry\src\index.crates.io-1949cf8c6b5b557f\winnow-0.7.13\src\stream\bstr.rs:90:46
   |
90 |     fn offset_for<P>(&self, predicate: P) -> Option<usize>
   |                                              ^^^^^^ not found in this scope
   |
help: consider importing this enum
   |
1  + use core::option::Option;
   |

error[E0412]: cannot find type `Result` in this scope
  --> C:\Users\john\.cargo\registry\src\index.crates.io-1949cf8c6b5b557f\winnow-0.7.13\src\stream\bstr.rs:97:43
   |
97 |     fn offset_at(&self, tokens: usize) -> Result<usize, Needed> {
   |                                           ^^^^^^ not found in this scope
   |
help: consider importing one of these items
   |
1  + use crate::Result;
   |
1  + use core::fmt::Result;
   |
1  + use core::result::Result;
   |
1  + use alloc::fmt::Result;
   |

error[E0531]: cannot find tuple struct or tuple variant `Some` in this scope
  --> C:\Users\john\.cargo\registry\src\index.crates.io-1949cf8c6b5b557f\winnow-0.7.13\src\stream\bstr.rs:98:16
   |
98 |         if let Some(needed) = tokens.checked_sub(self.len()).and_then(NonZeroUsize::new) {
   |                ^^^^ not found in this scope
   |
help: consider importing this tuple variant
   |
1  + use core::option::Option::Some;
   |

error[E0425]: cannot find function, tuple struct or tuple variant `Err` in this scope
  --> C:\Users\john\.cargo\registry\src\index.crates.io-1949cf8c6b5b557f\winnow-0.7.13\src\stream\bstr.rs:99:13
   |
99 |             Err(Needed::Size(needed))
   |             ^^^ not found in this scope
   |
help: consider importing this tuple variant
   |
1  + use core::result::Result::Err;
   |

error[E0425]: cannot find function, tuple struct or tuple variant `Ok` in this scope
   --> C:\Users\john\.cargo\registry\src\index.crates.io-1949cf8c6b5b557f\winnow-0.7.13\src\stream\bstr.rs:101:13
    |
101 |             Ok(tokens)
    |             ^^ not found in this scope
    |
help: consider importing one of these tuple variants
    |
1   + use crate::stream::CompareResult::Ok;
    |
1   + use core::result::Result::Ok;
    |

error[E0412]: cannot find type `Option` in this scope
   --> C:\Users\john\.cargo\registry\src\index.crates.io-1949cf8c6b5b557f\winnow-0.7.13\src\stream\bstr.rs:225:40
    |
225 |     fn find_slice(&self, substr: S) -> Option<crate::lib::std::ops::Range<usize>> {
    |                                        ^^^^^^ not found in this scope
    |
help: consider importing this enum
    |
1   + use core::option::Option;
    |

error[E0425]: cannot find function, tuple struct or tuple variant `Ok` in this scope
   --> C:\Users\john\.cargo\registry\src\index.crates.io-1949cf8c6b5b557f\winnow-0.7.13\src\stream\bstr.rs:260:9
    |
260 |         Ok(())
    |         ^^ not found in this scope
    |
help: consider importing one of these tuple variants
    |
1   + use crate::stream::CompareResult::Ok;
    |
1   + use core::result::Result::Ok;
    |

error[E0405]: cannot find trait `AsRef` in this scope
   --> C:\Users\john\.cargo\registry\src\index.crates.io-1949cf8c6b5b557f\winnow-0.7.13\src\stream\bstr.rs:336:6
    |
336 | impl AsRef<[u8]> for BStr {
    |      ^^^^^ not found in this scope
    |
help: consider importing this trait
    |
1   + use core::convert::AsRef;
    |

error[E0405]: cannot find trait `AsRef` in this scope
   --> C:\Users\john\.cargo\registry\src\index.crates.io-1949cf8c6b5b557f\winnow-0.7.13\src\stream\bstr.rs:343:6
    |
343 | impl AsRef<BStr> for [u8] {
    |      ^^^^^ not found in this scope
    |
help: consider importing this trait
    |
1   + use core::convert::AsRef;
    |

error[E0405]: cannot find trait `AsRef` in this scope
   --> C:\Users\john\.cargo\registry\src\index.crates.io-1949cf8c6b5b557f\winnow-0.7.13\src\stream\bstr.rs:350:6
    |
350 | impl AsRef<BStr> for str {
    |      ^^^^^ not found in this scope
    |
help: consider importing this trait
    |
1   + use core::convert::AsRef;
    |

error[E0405]: cannot find trait `Default` in this scope
   --> C:\Users\john\.cargo\registry\src\index.crates.io-1949cf8c6b5b557f\winnow-0.7.13\src\stream\bstr.rs:375:10
    |
375 | impl<'a> Default for &'a BStr {
    |          ^^^^^^^ not found in this scope
    |
help: consider importing this trait
    |
1   + use core::default::Default;
    |

error[E0405]: cannot find trait `From` in this scope
   --> C:\Users\john\.cargo\registry\src\index.crates.io-1949cf8c6b5b557f\winnow-0.7.13\src\stream\bstr.rs:381:10
    |
381 | impl<'a> From<&'a [u8]> for &'a BStr {
    |          ^^^^ not found in this scope
    |
help: consider importing this trait
    |
1   + use core::convert::From;
    |

error[E0405]: cannot find trait `From` in this scope
   --> C:\Users\john\.cargo\registry\src\index.crates.io-1949cf8c6b5b557f\winnow-0.7.13\src\stream\bstr.rs:388:10
    |
388 | impl<'a> From<&'a BStr> for &'a [u8] {
    |          ^^^^ not found in this scope
    |
help: consider importing this trait
    |
1   + use core::convert::From;
    |

error[E0405]: cannot find trait `From` in this scope
   --> C:\Users\john\.cargo\registry\src\index.crates.io-1949cf8c6b5b557f\winnow-0.7.13\src\stream\bstr.rs:395:10
    |
395 | impl<'a> From<&'a str> for &'a BStr {
    |          ^^^^ not found in this scope
    |
help: consider importing this trait
    |
1   + use core::convert::From;
    |

error[E0405]: cannot find trait `Eq` in this scope
   --> C:\Users\john\.cargo\registry\src\index.crates.io-1949cf8c6b5b557f\winnow-0.7.13\src\stream\bstr.rs:402:6
    |
402 | impl Eq for BStr {}
    |      ^^ not found in this scope
    |
help: consider importing this trait
    |
1   + use core::cmp::Eq;
    |

error[E0405]: cannot find trait `PartialEq` in this scope
   --> C:\Users\john\.cargo\registry\src\index.crates.io-1949cf8c6b5b557f\winnow-0.7.13\src\stream\bstr.rs:404:6
    |
404 | impl PartialEq<BStr> for BStr {
    |      ^^^^^^^^^ not found in this scope
    |
help: consider importing this trait
    |
1   + use core::cmp::PartialEq;
    |

error[E0405]: cannot find trait `PartialEq` in this scope
   --> C:\Users\john\.cargo\registry\src\index.crates.io-1949cf8c6b5b557f\winnow-0.7.13\src\macros\mod.rs:15:18
    |
15  |         impl<'a> PartialEq<$rhs> for $lhs {
    |                  ^^^^^^^^^ not found in this scope
    |
   ::: C:\Users\john\.cargo\registry\src\index.crates.io-1949cf8c6b5b557f\winnow-0.7.13\src\stream\bstr.rs:411:1
    |
411 | impl_partial_eq!(BStr, [u8]);
    | ---------------------------- in this macro invocation
    |
    = note: this error originates in the macro `impl_partial_eq` (in Nightly builds, run with -Z macro-backtrace for more info)
help: consider importing this trait
   --> C:\Users\john\.cargo\registry\src\index.crates.io-1949cf8c6b5b557f\winnow-0.7.13\src\stream\bstr.rs:1:1
    |
1   + use core::cmp::PartialEq;
    |

error[E0433]: failed to resolve: use of undeclared type `PartialEq`
   --> C:\Users\john\.cargo\registry\src\index.crates.io-1949cf8c6b5b557f\winnow-0.7.13\src\macros\mod.rs:20:17
    |
20  |                 PartialEq::eq(l, r)
    |                 ^^^^^^^^^ use of undeclared type `PartialEq`
    |
   ::: C:\Users\john\.cargo\registry\src\index.crates.io-1949cf8c6b5b557f\winnow-0.7.13\src\stream\bstr.rs:411:1
    |
411 | impl_partial_eq!(BStr, [u8]);
    | ---------------------------- in this macro invocation
    |
    = note: this error originates in the macro `impl_partial_eq` (in Nightly builds, run with -Z macro-backtrace for more info)
help: consider importing this trait
   --> C:\Users\john\.cargo\registry\src\index.crates.io-1949cf8c6b5b557f\winnow-0.7.13\src\stream\bstr.rs:1:1
    |
1   + use core::cmp::PartialEq;
    |

error[E0405]: cannot find trait `PartialEq` in this scope
   --> C:\Users\john\.cargo\registry\src\index.crates.io-1949cf8c6b5b557f\winnow-0.7.13\src\macros\mod.rs:25:18
    |
25  |         impl<'a> PartialEq<$lhs> for $rhs {
    |                  ^^^^^^^^^ not found in this scope
    |
   ::: C:\Users\john\.cargo\registry\src\index.crates.io-1949cf8c6b5b557f\winnow-0.7.13\src\stream\bstr.rs:411:1
    |
411 | impl_partial_eq!(BStr, [u8]);
    | ---------------------------- in this macro invocation
    |
    = note: this error originates in the macro `impl_partial_eq` (in Nightly builds, run with -Z macro-backtrace for more info)
help: consider importing this trait
   --> C:\Users\john\.cargo\registry\src\index.crates.io-1949cf8c6b5b557f\winnow-0.7.13\src\stream\bstr.rs:1:1
    |
1   + use core::cmp::PartialEq;
    |

error[E0433]: failed to resolve: use of undeclared type `PartialEq`
   --> C:\Users\john\.cargo\registry\src\index.crates.io-1949cf8c6b5b557f\winnow-0.7.13\src\macros\mod.rs:28:17
    |
28  |                 PartialEq::eq(other, self)
    |                 ^^^^^^^^^ use of undeclared type `PartialEq`
    |
   ::: C:\Users\john\.cargo\registry\src\index.crates.io-1949cf8c6b5b557f\winnow-0.7.13\src\stream\bstr.rs:411:1
    |
411 | impl_partial_eq!(BStr, [u8]);
    | ---------------------------- in this macro invocation
    |
    = note: this error originates in the macro `impl_partial_eq` (in Nightly builds, run with -Z macro-backtrace for more info)
help: consider importing this trait
   --> C:\Users\john\.cargo\registry\src\index.crates.io-1949cf8c6b5b557f\winnow-0.7.13\src\stream\bstr.rs:1:1
    |
1   + use core::cmp::PartialEq;
    |

error[E0405]: cannot find trait `PartialEq` in this scope
   --> C:\Users\john\.cargo\registry\src\index.crates.io-1949cf8c6b5b557f\winnow-0.7.13\src\macros\mod.rs:15:18
    |
15  |         impl<'a> PartialEq<$rhs> for $lhs {
    |                  ^^^^^^^^^ not found in this scope
    |
   ::: C:\Users\john\.cargo\registry\src\index.crates.io-1949cf8c6b5b557f\winnow-0.7.13\src\stream\bstr.rs:412:1
    |
412 | impl_partial_eq!(BStr, &'a [u8]);
    | -------------------------------- in this macro invocation
    |
    = note: this error originates in the macro `impl_partial_eq` (in Nightly builds, run with -Z macro-backtrace for more info)
help: consider importing this trait
   --> C:\Users\john\.cargo\registry\src\index.crates.io-1949cf8c6b5b557f\winnow-0.7.13\src\stream\bstr.rs:1:1
    |
1   + use core::cmp::PartialEq;
    |

error[E0433]: failed to resolve: use of undeclared type `PartialEq`
   --> C:\Users\john\.cargo\registry\src\index.crates.io-1949cf8c6b5b557f\winnow-0.7.13\src\macros\mod.rs:20:17
    |
20  |                 PartialEq::eq(l, r)
    |                 ^^^^^^^^^ use of undeclared type `PartialEq`
    |
   ::: C:\Users\john\.cargo\registry\src\index.crates.io-1949cf8c6b5b557f\winnow-0.7.13\src\stream\bstr.rs:412:1
    |
412 | impl_partial_eq!(BStr, &'a [u8]);
    | -------------------------------- in this macro invocation
    |
    = note: this error originates in the macro `impl_partial_eq` (in Nightly builds, run with -Z macro-backtrace for more info)
help: consider importing this trait
   --> C:\Users\john\.cargo\registry\src\index.crates.io-1949cf8c6b5b557f\winnow-0.7.13\src\stream\bstr.rs:1:1
    |
1   + use core::cmp::PartialEq;
    |

error[E0405]: cannot find trait `PartialEq` in this scope
   --> C:\Users\john\.cargo\registry\src\index.crates.io-1949cf8c6b5b557f\winnow-0.7.13\src\macros\mod.rs:25:18
    |
25  |         impl<'a> PartialEq<$lhs> for $rhs {
    |                  ^^^^^^^^^ not found in this scope
    |
   ::: C:\Users\john\.cargo\registry\src\index.crates.io-1949cf8c6b5b557f\winnow-0.7.13\src\stream\bstr.rs:412:1
    |
412 | impl_partial_eq!(BStr, &'a [u8]);
    | -------------------------------- in this macro invocation
    |
    = note: this error originates in the macro `impl_partial_eq` (in Nightly builds, run with -Z macro-backtrace for more info)
help: consider importing this trait
   --> C:\Users\john\.cargo\registry\src\index.crates.io-1949cf8c6b5b557f\winnow-0.7.13\src\stream\bstr.rs:1:1
    |
1   + use core::cmp::PartialEq;
    |

error[E0433]: failed to resolve: use of undeclared type `PartialEq`
   --> C:\Users\john\.cargo\registry\src\index.crates.io-1949cf8c6b5b557f\winnow-0.7.13\src\macros\mod.rs:28:17
    |
28  |                 PartialEq::eq(other, self)
    |                 ^^^^^^^^^ use of undeclared type `PartialEq`
    |
   ::: C:\Users\john\.cargo\registry\src\index.crates.io-1949cf8c6b5b557f\winnow-0.7.13\src\stream\bstr.rs:412:1
    |
412 | impl_partial_eq!(BStr, &'a [u8]);
    | -------------------------------- in this macro invocation
    |
    = note: this error originates in the macro `impl_partial_eq` (in Nightly builds, run with -Z macro-backtrace for more info)
help: consider importing this trait
   --> C:\Users\john\.cargo\registry\src\index.crates.io-1949cf8c6b5b557f\winnow-0.7.13\src\stream\bstr.rs:1:1
    |
1   + use core::cmp::PartialEq;
    |

error[E0405]: cannot find trait `PartialEq` in this scope
   --> C:\Users\john\.cargo\registry\src\index.crates.io-1949cf8c6b5b557f\winnow-0.7.13\src\macros\mod.rs:15:18
    |
15  |         impl<'a> PartialEq<$rhs> for $lhs {
    |                  ^^^^^^^^^ not found in this scope
    |
   ::: C:\Users\john\.cargo\registry\src\index.crates.io-1949cf8c6b5b557f\winnow-0.7.13\src\stream\bstr.rs:413:1
    |
413 | impl_partial_eq!(BStr, str);
    | --------------------------- in this macro invocation
    |
    = note: this error originates in the macro `impl_partial_eq` (in Nightly builds, run with -Z macro-backtrace for more info)
help: consider importing this trait
   --> C:\Users\john\.cargo\registry\src\index.crates.io-1949cf8c6b5b557f\winnow-0.7.13\src\stream\bstr.rs:1:1
    |
1   + use core::cmp::PartialEq;
    |

error[E0433]: failed to resolve: use of undeclared type `PartialEq`
   --> C:\Users\john\.cargo\registry\src\index.crates.io-1949cf8c6b5b557f\winnow-0.7.13\src\macros\mod.rs:20:17
    |
20  |                 PartialEq::eq(l, r)
    |                 ^^^^^^^^^ use of undeclared type `PartialEq`
    |
   ::: C:\Users\john\.cargo\registry\src\index.crates.io-1949cf8c6b5b557f\winnow-0.7.13\src\stream\bstr.rs:413:1
    |
413 | impl_partial_eq!(BStr, str);
    | --------------------------- in this macro invocation
    |
    = note: this error originates in the macro `impl_partial_eq` (in Nightly builds, run with -Z macro-backtrace for more info)
help: consider importing this trait
   --> C:\Users\john\.cargo\registry\src\index.crates.io-1949cf8c6b5b557f\winnow-0.7.13\src\stream\bstr.rs:1:1
    |
1   + use core::cmp::PartialEq;
    |

error[E0405]: cannot find trait `PartialEq` in this scope
   --> C:\Users\john\.cargo\registry\src\index.crates.io-1949cf8c6b5b557f\winnow-0.7.13\src\macros\mod.rs:25:18
    |
25  |         impl<'a> PartialEq<$lhs> for $rhs {
    |                  ^^^^^^^^^ not found in this scope
    |
   ::: C:\Users\john\.cargo\registry\src\index.crates.io-1949cf8c6b5b557f\winnow-0.7.13\src\stream\bstr.rs:413:1
    |
413 | impl_partial_eq!(BStr, str);
    | --------------------------- in this macro invocation
    |
    = note: this error originates in the macro `impl_partial_eq` (in Nightly builds, run with -Z macro-backtrace for more info)
help: consider importing this trait
   --> C:\Users\john\.cargo\registry\src\index.crates.io-1949cf8c6b5b557f\winnow-0.7.13\src\stream\bstr.rs:1:1
    |
1   + use core::cmp::PartialEq;
    |

error[E0433]: failed to resolve: use of undeclared type `PartialEq`
   --> C:\Users\john\.cargo\registry\src\index.crates.io-1949cf8c6b5b557f\winnow-0.7.13\src\macros\mod.rs:28:17
    |
28  |                 PartialEq::eq(other, self)
    |                 ^^^^^^^^^ use of undeclared type `PartialEq`
    |
   ::: C:\Users\john\.cargo\registry\src\index.crates.io-1949cf8c6b5b557f\winnow-0.7.13\src\stream\bstr.rs:413:1
    |
413 | impl_partial_eq!(BStr, str);
    | --------------------------- in this macro invocation
    |
    = note: this error originates in the macro `impl_partial_eq` (in Nightly builds, run with -Z macro-backtrace for more info)
help: consider importing this trait
   --> C:\Users\john\.cargo\registry\src\index.crates.io-1949cf8c6b5b557f\winnow-0.7.13\src\stream\bstr.rs:1:1
    |
1   + use core::cmp::PartialEq;
    |

error[E0405]: cannot find trait `PartialEq` in this scope
   --> C:\Users\john\.cargo\registry\src\index.crates.io-1949cf8c6b5b557f\winnow-0.7.13\src\macros\mod.rs:15:18
    |
15  |         impl<'a> PartialEq<$rhs> for $lhs {
    |                  ^^^^^^^^^ not found in this scope
    |
   ::: C:\Users\john\.cargo\registry\src\index.crates.io-1949cf8c6b5b557f\winnow-0.7.13\src\stream\bstr.rs:414:1
    |
414 | impl_partial_eq!(BStr, &'a str);
    | ------------------------------- in this macro invocation
    |
    = note: this error originates in the macro `impl_partial_eq` (in Nightly builds, run with -Z macro-backtrace for more info)
help: consider importing this trait
   --> C:\Users\john\.cargo\registry\src\index.crates.io-1949cf8c6b5b557f\winnow-0.7.13\src\stream\bstr.rs:1:1
    |
1   + use core::cmp::PartialEq;
    |

error[E0433]: failed to resolve: use of undeclared type `PartialEq`
   --> C:\Users\john\.cargo\registry\src\index.crates.io-1949cf8c6b5b557f\winnow-0.7.13\src\macros\mod.rs:20:17
    |
20  |                 PartialEq::eq(l, r)
    |                 ^^^^^^^^^ use of undeclared type `PartialEq`
    |
   ::: C:\Users\john\.cargo\registry\src\index.crates.io-1949cf8c6b5b557f\winnow-0.7.13\src\stream\bstr.rs:414:1
    |
414 | impl_partial_eq!(BStr, &'a str);
    | ------------------------------- in this macro invocation
    |
    = note: this error originates in the macro `impl_partial_eq` (in Nightly builds, run with -Z macro-backtrace for more info)
help: consider importing this trait
   --> C:\Users\john\.cargo\registry\src\index.crates.io-1949cf8c6b5b557f\winnow-0.7.13\src\stream\bstr.rs:1:1
    |
1   + use core::cmp::PartialEq;
    |

error[E0405]: cannot find trait `PartialEq` in this scope
   --> C:\Users\john\.cargo\registry\src\index.crates.io-1949cf8c6b5b557f\winnow-0.7.13\src\macros\mod.rs:25:18
    |
25  |         impl<'a> PartialEq<$lhs> for $rhs {
    |                  ^^^^^^^^^ not found in this scope
    |
   ::: C:\Users\john\.cargo\registry\src\index.crates.io-1949cf8c6b5b557f\winnow-0.7.13\src\stream\bstr.rs:414:1
    |
414 | impl_partial_eq!(BStr, &'a str);
    | ------------------------------- in this macro invocation
    |
    = note: this error originates in the macro `impl_partial_eq` (in Nightly builds, run with -Z macro-backtrace for more info)
help: consider importing this trait
   --> C:\Users\john\.cargo\registry\src\index.crates.io-1949cf8c6b5b557f\winnow-0.7.13\src\stream\bstr.rs:1:1
    |
1   + use core::cmp::PartialEq;
    |

error[E0433]: failed to resolve: use of undeclared type `PartialEq`
   --> C:\Users\john\.cargo\registry\src\index.crates.io-1949cf8c6b5b557f\winnow-0.7.13\src\macros\mod.rs:28:17
    |
28  |                 PartialEq::eq(other, self)
    |                 ^^^^^^^^^ use of undeclared type `PartialEq`
    |
   ::: C:\Users\john\.cargo\registry\src\index.crates.io-1949cf8c6b5b557f\winnow-0.7.13\src\stream\bstr.rs:414:1
    |
414 | impl_partial_eq!(BStr, &'a str);
    | ------------------------------- in this macro invocation
    |
    = note: this error originates in the macro `impl_partial_eq` (in Nightly builds, run with -Z macro-backtrace for more info)
help: consider importing this trait
   --> C:\Users\john\.cargo\registry\src\index.crates.io-1949cf8c6b5b557f\winnow-0.7.13\src\stream\bstr.rs:1:1
    |
1   + use core::cmp::PartialEq;
    |

error[E0405]: cannot find trait `PartialOrd` in this scope
   --> C:\Users\john\.cargo\registry\src\index.crates.io-1949cf8c6b5b557f\winnow-0.7.13\src\stream\bstr.rs:416:6
    |
416 | impl PartialOrd for BStr {
    |      ^^^^^^^^^^ not found in this scope
    |
help: consider importing this trait
    |
1   + use core::cmp::PartialOrd;
    |

error[E0412]: cannot find type `Option` in this scope
   --> C:\Users\john\.cargo\registry\src\index.crates.io-1949cf8c6b5b557f\winnow-0.7.13\src\stream\bstr.rs:418:44
    |
418 |     fn partial_cmp(&self, other: &BStr) -> Option<Ordering> {
    |                                            ^^^^^^ not found in this scope
    |
help: consider importing this enum
    |
1   + use core::option::Option;
    |

error[E0425]: cannot find function, tuple struct or tuple variant `Some` in this scope
   --> C:\Users\john\.cargo\registry\src\index.crates.io-1949cf8c6b5b557f\winnow-0.7.13\src\stream\bstr.rs:419:9
    |
419 |         Some(self.cmp(other))
    |         ^^^^ not found in this scope
    |
help: consider importing this tuple variant
    |
1   + use core::option::Option::Some;
    |

error[E0405]: cannot find trait `Ord` in this scope
   --> C:\Users\john\.cargo\registry\src\index.crates.io-1949cf8c6b5b557f\winnow-0.7.13\src\stream\bstr.rs:423:6
    |
423 | impl Ord for BStr {
    |      ^^^ not found in this scope
    |
help: consider importing this trait
    |
1   + use core::cmp::Ord;
    |

error[E0433]: failed to resolve: use of undeclared type `Ord`
   --> C:\Users\john\.cargo\registry\src\index.crates.io-1949cf8c6b5b557f\winnow-0.7.13\src\stream\bstr.rs:426:9
    |
426 |         Ord::cmp(self.as_bytes(), other.as_bytes())
    |         ^^^ use of undeclared type `Ord`
    |
help: consider importing this trait
    |
1   + use core::cmp::Ord;
    |

error[E0405]: cannot find trait `PartialOrd` in this scope
   --> C:\Users\john\.cargo\registry\src\index.crates.io-1949cf8c6b5b557f\winnow-0.7.13\src\macros\mod.rs:37:18
    |
37  |         impl<'a> PartialOrd<$rhs> for $lhs {
    |                  ^^^^^^^^^^ not found in this scope
    |
   ::: C:\Users\john\.cargo\registry\src\index.crates.io-1949cf8c6b5b557f\winnow-0.7.13\src\stream\bstr.rs:430:1
    |
430 | impl_partial_ord!(BStr, [u8]);
    | ----------------------------- in this macro invocation
    |
    = note: this error originates in the macro `impl_partial_ord` (in Nightly builds, run with -Z macro-backtrace for more info)
help: consider importing this trait
   --> C:\Users\john\.cargo\registry\src\index.crates.io-1949cf8c6b5b557f\winnow-0.7.13\src\stream\bstr.rs:1:1
    |
1   + use core::cmp::PartialOrd;
    |

error[E0412]: cannot find type `Option` in this scope
   --> C:\Users\john\.cargo\registry\src\index.crates.io-1949cf8c6b5b557f\winnow-0.7.13\src\macros\mod.rs:39:52
    |
39  |             fn partial_cmp(&self, other: &$rhs) -> Option<Ordering> {
    |                                                    ^^^^^^ not found in this scope
    |
   ::: C:\Users\john\.cargo\registry\src\index.crates.io-1949cf8c6b5b557f\winnow-0.7.13\src\stream\bstr.rs:430:1
    |
430 | impl_partial_ord!(BStr, [u8]);
    | ----------------------------- in this macro invocation
    |
    = note: this error originates in the macro `impl_partial_ord` (in Nightly builds, run with -Z macro-backtrace for more info)
help: consider importing this enum
   --> C:\Users\john\.cargo\registry\src\index.crates.io-1949cf8c6b5b557f\winnow-0.7.13\src\stream\bstr.rs:1:1
    |
1   + use core::option::Option;
    |

error[E0433]: failed to resolve: use of undeclared type `PartialOrd`
   --> C:\Users\john\.cargo\registry\src\index.crates.io-1949cf8c6b5b557f\winnow-0.7.13\src\macros\mod.rs:42:17
    |
42  |                 PartialOrd::partial_cmp(l, r)
    |                 ^^^^^^^^^^ use of undeclared type `PartialOrd`
    |
   ::: C:\Users\john\.cargo\registry\src\index.crates.io-1949cf8c6b5b557f\winnow-0.7.13\src\stream\bstr.rs:430:1
    |
430 | impl_partial_ord!(BStr, [u8]);
    | ----------------------------- in this macro invocation
    |
    = note: this error originates in the macro `impl_partial_ord` (in Nightly builds, run with -Z macro-backtrace for more info)
help: consider importing this trait
   --> C:\Users\john\.cargo\registry\src\index.crates.io-1949cf8c6b5b557f\winnow-0.7.13\src\stream\bstr.rs:1:1
    |
1   + use core::cmp::PartialOrd;
    |

error[E0405]: cannot find trait `PartialOrd` in this scope
   --> C:\Users\john\.cargo\registry\src\index.crates.io-1949cf8c6b5b557f\winnow-0.7.13\src\macros\mod.rs:47:18
    |
47  |         impl<'a> PartialOrd<$lhs> for $rhs {
    |                  ^^^^^^^^^^ not found in this scope
    |
   ::: C:\Users\john\.cargo\registry\src\index.crates.io-1949cf8c6b5b557f\winnow-0.7.13\src\stream\bstr.rs:430:1
    |
430 | impl_partial_ord!(BStr, [u8]);
    | ----------------------------- in this macro invocation
    |
    = note: this error originates in the macro `impl_partial_ord` (in Nightly builds, run with -Z macro-backtrace for more info)
help: consider importing this trait
   --> C:\Users\john\.cargo\registry\src\index.crates.io-1949cf8c6b5b557f\winnow-0.7.13\src\stream\bstr.rs:1:1
    |
1   + use core::cmp::PartialOrd;
    |

error[E0412]: cannot find type `Option` in this scope
   --> C:\Users\john\.cargo\registry\src\index.crates.io-1949cf8c6b5b557f\winnow-0.7.13\src\macros\mod.rs:49:52
    |
49  |             fn partial_cmp(&self, other: &$lhs) -> Option<Ordering> {
    |                                                    ^^^^^^ not found in this scope
    |
   ::: C:\Users\john\.cargo\registry\src\index.crates.io-1949cf8c6b5b557f\winnow-0.7.13\src\stream\bstr.rs:430:1
    |
430 | impl_partial_ord!(BStr, [u8]);
    | ----------------------------- in this macro invocation
    |
    = note: this error originates in the macro `impl_partial_ord` (in Nightly builds, run with -Z macro-backtrace for more info)
help: consider importing this enum
   --> C:\Users\john\.cargo\registry\src\index.crates.io-1949cf8c6b5b557f\winnow-0.7.13\src\stream\bstr.rs:1:1
    |
1   + use core::option::Option;
    |

error[E0433]: failed to resolve: use of undeclared type `PartialOrd`
   --> C:\Users\john\.cargo\registry\src\index.crates.io-1949cf8c6b5b557f\winnow-0.7.13\src\macros\mod.rs:50:17
    |
50  |                 PartialOrd::partial_cmp(other, self)
    |                 ^^^^^^^^^^ use of undeclared type `PartialOrd`
    |
   ::: C:\Users\john\.cargo\registry\src\index.crates.io-1949cf8c6b5b557f\winnow-0.7.13\src\stream\bstr.rs:430:1
    |
430 | impl_partial_ord!(BStr, [u8]);
    | ----------------------------- in this macro invocation
    |
    = note: this error originates in the macro `impl_partial_ord` (in Nightly builds, run with -Z macro-backtrace for more info)
help: consider importing this trait
   --> C:\Users\john\.cargo\registry\src\index.crates.io-1949cf8c6b5b557f\winnow-0.7.13\src\stream\bstr.rs:1:1
    |
1   + use core::cmp::PartialOrd;
    |

error[E0405]: cannot find trait `PartialOrd` in this scope
   --> C:\Users\john\.cargo\registry\src\index.crates.io-1949cf8c6b5b557f\winnow-0.7.13\src\macros\mod.rs:37:18
    |
37  |         impl<'a> PartialOrd<$rhs> for $lhs {
    |                  ^^^^^^^^^^ not found in this scope
    |
   ::: C:\Users\john\.cargo\registry\src\index.crates.io-1949cf8c6b5b557f\winnow-0.7.13\src\stream\bstr.rs:431:1
    |
431 | impl_partial_ord!(BStr, &'a [u8]);
    | --------------------------------- in this macro invocation
    |
    = note: this error originates in the macro `impl_partial_ord` (in Nightly builds, run with -Z macro-backtrace for more info)
help: consider importing this trait
   --> C:\Users\john\.cargo\registry\src\index.crates.io-1949cf8c6b5b557f\winnow-0.7.13\src\stream\bstr.rs:1:1
    |
1   + use core::cmp::PartialOrd;
    |

error[E0412]: cannot find type `Option` in this scope
   --> C:\Users\john\.cargo\registry\src\index.crates.io-1949cf8c6b5b557f\winnow-0.7.13\src\macros\mod.rs:39:52
    |
39  |             fn partial_cmp(&self, other: &$rhs) -> Option<Ordering> {
    |                                                    ^^^^^^ not found in this scope
    |
   ::: C:\Users\john\.cargo\registry\src\index.crates.io-1949cf8c6b5b557f\winnow-0.7.13\src\stream\bstr.rs:431:1
    |
431 | impl_partial_ord!(BStr, &'a [u8]);
    | --------------------------------- in this macro invocation
    |
    = note: this error originates in the macro `impl_partial_ord` (in Nightly builds, run with -Z macro-backtrace for more info)
help: consider importing this enum
   --> C:\Users\john\.cargo\registry\src\index.crates.io-1949cf8c6b5b557f\winnow-0.7.13\src\stream\bstr.rs:1:1
    |
1   + use core::option::Option;
    |

error[E0433]: failed to resolve: use of undeclared type `PartialOrd`
   --> C:\Users\john\.cargo\registry\src\index.crates.io-1949cf8c6b5b557f\winnow-0.7.13\src\macros\mod.rs:42:17
    |
42  |                 PartialOrd::partial_cmp(l, r)
    |                 ^^^^^^^^^^ use of undeclared type `PartialOrd`
    |
   ::: C:\Users\john\.cargo\registry\src\index.crates.io-1949cf8c6b5b557f\winnow-0.7.13\src\stream\bstr.rs:431:1
    |
431 | impl_partial_ord!(BStr, &'a [u8]);
    | --------------------------------- in this macro invocation
    |
    = note: this error originates in the macro `impl_partial_ord` (in Nightly builds, run with -Z macro-backtrace for more info)
help: consider importing this trait
   --> C:\Users\john\.cargo\registry\src\index.crates.io-1949cf8c6b5b557f\winnow-0.7.13\src\stream\bstr.rs:1:1
    |
1   + use core::cmp::PartialOrd;
    |

error[E0405]: cannot find trait `PartialOrd` in this scope
   --> C:\Users\john\.cargo\registry\src\index.crates.io-1949cf8c6b5b557f\winnow-0.7.13\src\macros\mod.rs:47:18
    |
47  |         impl<'a> PartialOrd<$lhs> for $rhs {
    |                  ^^^^^^^^^^ not found in this scope
    |
   ::: C:\Users\john\.cargo\registry\src\index.crates.io-1949cf8c6b5b557f\winnow-0.7.13\src\stream\bstr.rs:431:1
    |
431 | impl_partial_ord!(BStr, &'a [u8]);
    | --------------------------------- in this macro invocation
    |
    = note: this error originates in the macro `impl_partial_ord` (in Nightly builds, run with -Z macro-backtrace for more info)
help: consider importing this trait
   --> C:\Users\john\.cargo\registry\src\index.crates.io-1949cf8c6b5b557f\winnow-0.7.13\src\stream\bstr.rs:1:1
    |
1   + use core::cmp::PartialOrd;
    |

error[E0412]: cannot find type `Option` in this scope
   --> C:\Users\john\.cargo\registry\src\index.crates.io-1949cf8c6b5b557f\winnow-0.7.13\src\macros\mod.rs:49:52
    |
49  |             fn partial_cmp(&self, other: &$lhs) -> Option<Ordering> {
    |                                                    ^^^^^^ not found in this scope
    |
   ::: C:\Users\john\.cargo\registry\src\index.crates.io-1949cf8c6b5b557f\winnow-0.7.13\src\stream\bstr.rs:431:1
    |
431 | impl_partial_ord!(BStr, &'a [u8]);
    | --------------------------------- in this macro invocation
    |
    = note: this error originates in the macro `impl_partial_ord` (in Nightly builds, run with -Z macro-backtrace for more info)
help: consider importing this enum
   --> C:\Users\john\.cargo\registry\src\index.crates.io-1949cf8c6b5b557f\winnow-0.7.13\src\stream\bstr.rs:1:1
    |
1   + use core::option::Option;
    |

error[E0433]: failed to resolve: use of undeclared type `PartialOrd`
   --> C:\Users\john\.cargo\registry\src\index.crates.io-1949cf8c6b5b557f\winnow-0.7.13\src\macros\mod.rs:50:17
    |
50  |                 PartialOrd::partial_cmp(other, self)
    |                 ^^^^^^^^^^ use of undeclared type `PartialOrd`
    |
   ::: C:\Users\john\.cargo\registry\src\index.crates.io-1949cf8c6b5b557f\winnow-0.7.13\src\stream\bstr.rs:431:1
    |
431 | impl_partial_ord!(BStr, &'a [u8]);
    | --------------------------------- in this macro invocation
    |
    = note: this error originates in the macro `impl_partial_ord` (in Nightly builds, run with -Z macro-backtrace for more info)
help: consider importing this trait
   --> C:\Users\john\.cargo\registry\src\index.crates.io-1949cf8c6b5b557f\winnow-0.7.13\src\stream\bstr.rs:1:1
    |
1   + use core::cmp::PartialOrd;
    |

error[E0405]: cannot find trait `PartialOrd` in this scope
   --> C:\Users\john\.cargo\registry\src\index.crates.io-1949cf8c6b5b557f\winnow-0.7.13\src\macros\mod.rs:37:18
    |
37  |         impl<'a> PartialOrd<$rhs> for $lhs {
    |                  ^^^^^^^^^^ not found in this scope
    |
   ::: C:\Users\john\.cargo\registry\src\index.crates.io-1949cf8c6b5b557f\winnow-0.7.13\src\stream\bstr.rs:432:1
    |
432 | impl_partial_ord!(BStr, str);
    | ---------------------------- in this macro invocation
    |
    = note: this error originates in the macro `impl_partial_ord` (in Nightly builds, run with -Z macro-backtrace for more info)
help: consider importing this trait
   --> C:\Users\john\.cargo\registry\src\index.crates.io-1949cf8c6b5b557f\winnow-0.7.13\src\stream\bstr.rs:1:1
    |
1   + use core::cmp::PartialOrd;
    |

error[E0412]: cannot find type `Option` in this scope
   --> C:\Users\john\.cargo\registry\src\index.crates.io-1949cf8c6b5b557f\winnow-0.7.13\src\macros\mod.rs:39:52
    |
39  |             fn partial_cmp(&self, other: &$rhs) -> Option<Ordering> {
    |                                                    ^^^^^^ not found in this scope
    |
   ::: C:\Users\john\.cargo\registry\src\index.crates.io-1949cf8c6b5b557f\winnow-0.7.13\src\stream\bstr.rs:432:1
    |
432 | impl_partial_ord!(BStr, str);
    | ---------------------------- in this macro invocation
    |
    = note: this error originates in the macro `impl_partial_ord` (in Nightly builds, run with -Z macro-backtrace for more info)
help: consider importing this enum
   --> C:\Users\john\.cargo\registry\src\index.crates.io-1949cf8c6b5b557f\winnow-0.7.13\src\stream\bstr.rs:1:1
    |
1   + use core::option::Option;
    |

error[E0433]: failed to resolve: use of undeclared type `PartialOrd`
   --> C:\Users\john\.cargo\registry\src\index.crates.io-1949cf8c6b5b557f\winnow-0.7.13\src\macros\mod.rs:42:17
    |
42  |                 PartialOrd::partial_cmp(l, r)
    |                 ^^^^^^^^^^ use of undeclared type `PartialOrd`
    |
   ::: C:\Users\john\.cargo\registry\src\index.crates.io-1949cf8c6b5b557f\winnow-0.7.13\src\stream\bstr.rs:432:1
    |
432 | impl_partial_ord!(BStr, str);
    | ---------------------------- in this macro invocation
    |
    = note: this error originates in the macro `impl_partial_ord` (in Nightly builds, run with -Z macro-backtrace for more info)
help: consider importing this trait
   --> C:\Users\john\.cargo\registry\src\index.crates.io-1949cf8c6b5b557f\winnow-0.7.13\src\stream\bstr.rs:1:1
    |
1   + use core::cmp::PartialOrd;
    |

error[E0405]: cannot find trait `PartialOrd` in this scope
   --> C:\Users\john\.cargo\registry\src\index.crates.io-1949cf8c6b5b557f\winnow-0.7.13\src\macros\mod.rs:47:18
    |
47  |         impl<'a> PartialOrd<$lhs> for $rhs {
    |                  ^^^^^^^^^^ not found in this scope
    |
   ::: C:\Users\john\.cargo\registry\src\index.crates.io-1949cf8c6b5b557f\winnow-0.7.13\src\stream\bstr.rs:432:1
    |
432 | impl_partial_ord!(BStr, str);
    | ---------------------------- in this macro invocation
    |
    = note: this error originates in the macro `impl_partial_ord` (in Nightly builds, run with -Z macro-backtrace for more info)
help: consider importing this trait
   --> C:\Users\john\.cargo\registry\src\index.crates.io-1949cf8c6b5b557f\winnow-0.7.13\src\stream\bstr.rs:1:1
    |
1   + use core::cmp::PartialOrd;
    |

error[E0412]: cannot find type `Option` in this scope
   --> C:\Users\john\.cargo\registry\src\index.crates.io-1949cf8c6b5b557f\winnow-0.7.13\src\macros\mod.rs:49:52
    |
49  |             fn partial_cmp(&self, other: &$lhs) -> Option<Ordering> {
    |                                                    ^^^^^^ not found in this scope
    |
   ::: C:\Users\john\.cargo\registry\src\index.crates.io-1949cf8c6b5b557f\winnow-0.7.13\src\stream\bstr.rs:432:1
    |
432 | impl_partial_ord!(BStr, str);
    | ---------------------------- in this macro invocation
    |
    = note: this error originates in the macro `impl_partial_ord` (in Nightly builds, run with -Z macro-backtrace for more info)
help: consider importing this enum
   --> C:\Users\john\.cargo\registry\src\index.crates.io-1949cf8c6b5b557f\winnow-0.7.13\src\stream\bstr.rs:1:1
    |
1   + use core::option::Option;
    |

error[E0433]: failed to resolve: use of undeclared type `PartialOrd`
   --> C:\Users\john\.cargo\registry\src\index.crates.io-1949cf8c6b5b557f\winnow-0.7.13\src\macros\mod.rs:50:17
    |
50  |                 PartialOrd::partial_cmp(other, self)
    |                 ^^^^^^^^^^ use of undeclared type `PartialOrd`
    |
   ::: C:\Users\john\.cargo\registry\src\index.crates.io-1949cf8c6b5b557f\winnow-0.7.13\src\stream\bstr.rs:432:1
    |
432 | impl_partial_ord!(BStr, str);
    | ---------------------------- in this macro invocation
    |
    = note: this error originates in the macro `impl_partial_ord` (in Nightly builds, run with -Z macro-backtrace for more info)
help: consider importing this trait
   --> C:\Users\john\.cargo\registry\src\index.crates.io-1949cf8c6b5b557f\winnow-0.7.13\src\stream\bstr.rs:1:1
    |
1   + use core::cmp::PartialOrd;
    |

error[E0405]: cannot find trait `PartialOrd` in this scope
   --> C:\Users\john\.cargo\registry\src\index.crates.io-1949cf8c6b5b557f\winnow-0.7.13\src\macros\mod.rs:37:18
    |
37  |         impl<'a> PartialOrd<$rhs> for $lhs {
    |                  ^^^^^^^^^^ not found in this scope
    |
   ::: C:\Users\john\.cargo\registry\src\index.crates.io-1949cf8c6b5b557f\winnow-0.7.13\src\stream\bstr.rs:433:1
    |
433 | impl_partial_ord!(BStr, &'a str);
    | -------------------------------- in this macro invocation
    |
    = note: this error originates in the macro `impl_partial_ord` (in Nightly builds, run with -Z macro-backtrace for more info)
help: consider importing this trait
   --> C:\Users\john\.cargo\registry\src\index.crates.io-1949cf8c6b5b557f\winnow-0.7.13\src\stream\bstr.rs:1:1
    |
1   + use core::cmp::PartialOrd;
    |

error[E0412]: cannot find type `Option` in this scope
   --> C:\Users\john\.cargo\registry\src\index.crates.io-1949cf8c6b5b557f\winnow-0.7.13\src\macros\mod.rs:39:52
    |
39  |             fn partial_cmp(&self, other: &$rhs) -> Option<Ordering> {
    |                                                    ^^^^^^ not found in this scope
    |
   ::: C:\Users\john\.cargo\registry\src\index.crates.io-1949cf8c6b5b557f\winnow-0.7.13\src\stream\bstr.rs:433:1
    |
433 | impl_partial_ord!(BStr, &'a str);
    | -------------------------------- in this macro invocation
    |
    = note: this error originates in the macro `impl_partial_ord` (in Nightly builds, run with -Z macro-backtrace for more info)
help: consider importing this enum
   --> C:\Users\john\.cargo\registry\src\index.crates.io-1949cf8c6b5b557f\winnow-0.7.13\src\stream\bstr.rs:1:1
    |
1   + use core::option::Option;
    |

error[E0433]: failed to resolve: use of undeclared type `PartialOrd`
   --> C:\Users\john\.cargo\registry\src\index.crates.io-1949cf8c6b5b557f\winnow-0.7.13\src\macros\mod.rs:42:17
    |
42  |                 PartialOrd::partial_cmp(l, r)
    |                 ^^^^^^^^^^ use of undeclared type `PartialOrd`
    |
   ::: C:\Users\john\.cargo\registry\src\index.crates.io-1949cf8c6b5b557f\winnow-0.7.13\src\stream\bstr.rs:433:1
    |
433 | impl_partial_ord!(BStr, &'a str);
    | -------------------------------- in this macro invocation
    |
    = note: this error originates in the macro `impl_partial_ord` (in Nightly builds, run with -Z macro-backtrace for more info)
help: consider importing this trait
   --> C:\Users\john\.cargo\registry\src\index.crates.io-1949cf8c6b5b557f\winnow-0.7.13\src\stream\bstr.rs:1:1
    |
1   + use core::cmp::PartialOrd;
    |

error[E0405]: cannot find trait `PartialOrd` in this scope
   --> C:\Users\john\.cargo\registry\src\index.crates.io-1949cf8c6b5b557f\winnow-0.7.13\src\macros\mod.rs:47:18
    |
47  |         impl<'a> PartialOrd<$lhs> for $rhs {
    |                  ^^^^^^^^^^ not found in this scope
    |
   ::: C:\Users\john\.cargo\registry\src\index.crates.io-1949cf8c6b5b557f\winnow-0.7.13\src\stream\bstr.rs:433:1
    |
433 | impl_partial_ord!(BStr, &'a str);
    | -------------------------------- in this macro invocation
    |
    = note: this error originates in the macro `impl_partial_ord` (in Nightly builds, run with -Z macro-backtrace for more info)
help: consider importing this trait
   --> C:\Users\john\.cargo\registry\src\index.crates.io-1949cf8c6b5b557f\winnow-0.7.13\src\stream\bstr.rs:1:1
    |
1   + use core::cmp::PartialOrd;
    |

error[E0412]: cannot find type `Option` in this scope
   --> C:\Users\john\.cargo\registry\src\index.crates.io-1949cf8c6b5b557f\winnow-0.7.13\src\macros\mod.rs:49:52
    |
49  |             fn partial_cmp(&self, other: &$lhs) -> Option<Ordering> {
    |                                                    ^^^^^^ not found in this scope
    |
   ::: C:\Users\john\.cargo\registry\src\index.crates.io-1949cf8c6b5b557f\winnow-0.7.13\src\stream\bstr.rs:433:1
    |
433 | impl_partial_ord!(BStr, &'a str);
    | -------------------------------- in this macro invocation
    |
    = note: this error originates in the macro `impl_partial_ord` (in Nightly builds, run with -Z macro-backtrace for more info)
help: consider importing this enum
   --> C:\Users\john\.cargo\registry\src\index.crates.io-1949cf8c6b5b557f\winnow-0.7.13\src\stream\bstr.rs:1:1
    |
1   + use core::option::Option;
    |

error[E0433]: failed to resolve: use of undeclared type `PartialOrd`
   --> C:\Users\john\.cargo\registry\src\index.crates.io-1949cf8c6b5b557f\winnow-0.7.13\src\macros\mod.rs:50:17
    |
50  |                 PartialOrd::partial_cmp(other, self)
    |                 ^^^^^^^^^^ use of undeclared type `PartialOrd`
    |
   ::: C:\Users\john\.cargo\registry\src\index.crates.io-1949cf8c6b5b557f\winnow-0.7.13\src\stream\bstr.rs:433:1
    |
433 | impl_partial_ord!(BStr, &'a str);
    | -------------------------------- in this macro invocation
    |
    = note: this error originates in the macro `impl_partial_ord` (in Nightly builds, run with -Z macro-backtrace for more info)
help: consider importing this trait
   --> C:\Users\john\.cargo\registry\src\index.crates.io-1949cf8c6b5b557f\winnow-0.7.13\src\stream\bstr.rs:1:1
    |
1   + use core::cmp::PartialOrd;
    |

error[E0405]: cannot find trait `Sized` in this scope
  --> C:\Users\john\.cargo\registry\src\index.crates.io-1949cf8c6b5b557f\winnow-0.7.13\src\stream\bytes.rs:30:20
   |
30 |     pub fn new<B: ?Sized + AsRef<[u8]>>(bytes: &B) -> &Self {
   |                    ^^^^^ not found in this scope
   |
help: consider importing this trait
   |
1  + use core::marker::Sized;
   |

error[E0405]: cannot find trait `AsRef` in this scope
  --> C:\Users\john\.cargo\registry\src\index.crates.io-1949cf8c6b5b557f\winnow-0.7.13\src\stream\bytes.rs:30:28
   |
30 |     pub fn new<B: ?Sized + AsRef<[u8]>>(bytes: &B) -> &Self {
   |                            ^^^^^ not found in this scope
   |
help: consider importing this trait
   |
1  + use core::convert::AsRef;
   |

error[E0412]: cannot find type `Option` in this scope
  --> C:\Users\john\.cargo\registry\src\index.crates.io-1949cf8c6b5b557f\winnow-0.7.13\src\stream\bytes.rs:70:33
   |
70 |     fn next_token(&mut self) -> Option<Self::Token> {
   |                                 ^^^^^^ not found in this scope
   |
help: consider importing this enum
   |
1  + use core::option::Option;
   |

error[E0425]: cannot find value `None` in this scope
  --> C:\Users\john\.cargo\registry\src\index.crates.io-1949cf8c6b5b557f\winnow-0.7.13\src\stream\bytes.rs:72:13
   |
72 |             None
   |             ^^^^ not found in this scope
   |
help: consider importing this unit variant
   |
1  + use core::option::Option::None;
   |

error[E0425]: cannot find function, tuple struct or tuple variant `Some` in this scope
  --> C:\Users\john\.cargo\registry\src\index.crates.io-1949cf8c6b5b557f\winnow-0.7.13\src\stream\bytes.rs:76:13
   |
76 |             Some(token)
   |             ^^^^ not found in this scope
   |
help: consider importing this tuple variant
   |
1  + use core::option::Option::Some;
   |

error[E0412]: cannot find type `Option` in this scope
  --> C:\Users\john\.cargo\registry\src\index.crates.io-1949cf8c6b5b557f\winnow-0.7.13\src\stream\bytes.rs:81:29
   |
81 |     fn peek_token(&self) -> Option<Self::Token> {
   |                             ^^^^^^ not found in this scope
   |
help: consider importing this enum
   |
1  + use core::option::Option;
   |

error[E0425]: cannot find value `None` in this scope
  --> C:\Users\john\.cargo\registry\src\index.crates.io-1949cf8c6b5b557f\winnow-0.7.13\src\stream\bytes.rs:83:13
   |
83 |             None
   |             ^^^^ not found in this scope
   |
help: consider importing this unit variant
   |
1  + use core::option::Option::None;
   |

error[E0425]: cannot find function, tuple struct or tuple variant `Some` in this scope
  --> C:\Users\john\.cargo\registry\src\index.crates.io-1949cf8c6b5b557f\winnow-0.7.13\src\stream\bytes.rs:85:13
   |
85 |             Some(self[0])
   |             ^^^^ not found in this scope
   |
help: consider importing this tuple variant
   |
1  + use core::option::Option::Some;
   |

error[E0405]: cannot find trait `Fn` in this scope
  --> C:\Users\john\.cargo\registry\src\index.crates.io-1949cf8c6b5b557f\winnow-0.7.13\src\stream\bytes.rs:92:12
   |
92 |         P: Fn(Self::Token) -> bool,
   |            ^^ not found in this scope
   |
help: consider importing this trait
   |
1  + use core::ops::Fn;
   |

error[E0412]: cannot find type `Option` in this scope
  --> C:\Users\john\.cargo\registry\src\index.crates.io-1949cf8c6b5b557f\winnow-0.7.13\src\stream\bytes.rs:90:46
   |
90 |     fn offset_for<P>(&self, predicate: P) -> Option<usize>
   |                                              ^^^^^^ not found in this scope
   |
help: consider importing this enum
   |
1  + use core::option::Option;
   |

error[E0412]: cannot find type `Result` in this scope
  --> C:\Users\john\.cargo\registry\src\index.crates.io-1949cf8c6b5b557f\winnow-0.7.13\src\stream\bytes.rs:97:43
   |
97 |     fn offset_at(&self, tokens: usize) -> Result<usize, Needed> {
   |                                           ^^^^^^ not found in this scope
   |
help: consider importing one of these items
   |
1  + use crate::Result;
   |
1  + use core::fmt::Result;
   |
1  + use core::result::Result;
   |
1  + use alloc::fmt::Result;
   |

error[E0531]: cannot find tuple struct or tuple variant `Some` in this scope
  --> C:\Users\john\.cargo\registry\src\index.crates.io-1949cf8c6b5b557f\winnow-0.7.13\src\stream\bytes.rs:98:16
   |
98 |         if let Some(needed) = tokens.checked_sub(self.len()).and_then(NonZeroUsize::new) {
   |                ^^^^ not found in this scope
   |
help: consider importing this tuple variant
   |
1  + use core::option::Option::Some;
   |

error[E0425]: cannot find function, tuple struct or tuple variant `Err` in this scope
  --> C:\Users\john\.cargo\registry\src\index.crates.io-1949cf8c6b5b557f\winnow-0.7.13\src\stream\bytes.rs:99:13
   |
99 |             Err(Needed::Size(needed))
   |             ^^^ not found in this scope
   |
help: consider importing this tuple variant
   |
1  + use core::result::Result::Err;
   |

error[E0425]: cannot find function, tuple struct or tuple variant `Ok` in this scope
   --> C:\Users\john\.cargo\registry\src\index.crates.io-1949cf8c6b5b557f\winnow-0.7.13\src\stream\bytes.rs:101:13
    |
101 |             Ok(tokens)
    |             ^^ not found in this scope
    |
help: consider importing one of these tuple variants
    |
1   + use crate::stream::CompareResult::Ok;
    |
1   + use core::result::Result::Ok;
    |

error[E0412]: cannot find type `Option` in this scope
   --> C:\Users\john\.cargo\registry\src\index.crates.io-1949cf8c6b5b557f\winnow-0.7.13\src\stream\bytes.rs:225:40
    |
225 |     fn find_slice(&self, substr: S) -> Option<crate::lib::std::ops::Range<usize>> {
    |                                        ^^^^^^ not found in this scope
    |
help: consider importing this enum
    |
1   + use core::option::Option;
    |

error[E0425]: cannot find function, tuple struct or tuple variant `Ok` in this scope
   --> C:\Users\john\.cargo\registry\src\index.crates.io-1949cf8c6b5b557f\winnow-0.7.13\src\stream\bytes.rs:259:9
    |
259 |         Ok(())
    |         ^^ not found in this scope
    |
help: consider importing one of these tuple variants
    |
1   + use crate::stream::CompareResult::Ok;
    |
1   + use core::result::Result::Ok;
    |

error[E0425]: cannot find function, tuple struct or tuple variant `Ok` in this scope
   --> C:\Users\john\.cargo\registry\src\index.crates.io-1949cf8c6b5b557f\winnow-0.7.13\src\stream\bytes.rs:275:9
    |
275 |         Ok(())
    |         ^^ not found in this scope
    |
help: consider importing one of these tuple variants
    |
1   + use crate::stream::CompareResult::Ok;
    |
1   + use core::result::Result::Ok;
    |

error[E0405]: cannot find trait `AsRef` in this scope
   --> C:\Users\john\.cargo\registry\src\index.crates.io-1949cf8c6b5b557f\winnow-0.7.13\src\stream\bytes.rs:351:6
    |
351 | impl AsRef<[u8]> for Bytes {
    |      ^^^^^ not found in this scope
    |
help: consider importing this trait
    |
1   + use core::convert::AsRef;
    |

error[E0405]: cannot find trait `AsRef` in this scope
   --> C:\Users\john\.cargo\registry\src\index.crates.io-1949cf8c6b5b557f\winnow-0.7.13\src\stream\bytes.rs:358:6
    |
358 | impl AsRef<Bytes> for [u8] {
    |      ^^^^^ not found in this scope
    |
help: consider importing this trait
    |
1   + use core::convert::AsRef;
    |

error[E0405]: cannot find trait `AsRef` in this scope
   --> C:\Users\john\.cargo\registry\src\index.crates.io-1949cf8c6b5b557f\winnow-0.7.13\src\stream\bytes.rs:365:6
    |
365 | impl AsRef<Bytes> for str {
    |      ^^^^^ not found in this scope
    |
help: consider importing this trait
    |
1   + use core::convert::AsRef;
    |

error[E0405]: cannot find trait `Default` in this scope
   --> C:\Users\john\.cargo\registry\src\index.crates.io-1949cf8c6b5b557f\winnow-0.7.13\src\stream\bytes.rs:390:10
    |
390 | impl<'a> Default for &'a Bytes {
    |          ^^^^^^^ not found in this scope
    |
help: consider importing this trait
    |
1   + use core::default::Default;
    |

error[E0405]: cannot find trait `From` in this scope
   --> C:\Users\john\.cargo\registry\src\index.crates.io-1949cf8c6b5b557f\winnow-0.7.13\src\stream\bytes.rs:396:10
    |
396 | impl<'a> From<&'a [u8]> for &'a Bytes {
    |          ^^^^ not found in this scope
    |
help: consider importing this trait
    |
1   + use core::convert::From;
    |

error[E0405]: cannot find trait `From` in this scope
   --> C:\Users\john\.cargo\registry\src\index.crates.io-1949cf8c6b5b557f\winnow-0.7.13\src\stream\bytes.rs:403:10
    |
403 | impl<'a> From<&'a Bytes> for &'a [u8] {
    |          ^^^^ not found in this scope
    |
help: consider importing this trait
    |
1   + use core::convert::From;
    |

error[E0405]: cannot find trait `From` in this scope
   --> C:\Users\john\.cargo\registry\src\index.crates.io-1949cf8c6b5b557f\winnow-0.7.13\src\stream\bytes.rs:410:10
    |
410 | impl<'a> From<&'a str> for &'a Bytes {
    |          ^^^^ not found in this scope
    |
help: consider importing this trait
    |
1   + use core::convert::From;
    |

error[E0405]: cannot find trait `Eq` in this scope
   --> C:\Users\john\.cargo\registry\src\index.crates.io-1949cf8c6b5b557f\winnow-0.7.13\src\stream\bytes.rs:417:6
    |
417 | impl Eq for Bytes {}
    |      ^^ not found in this scope
    |
help: consider importing this trait
    |
1   + use core::cmp::Eq;
    |

error[E0405]: cannot find trait `PartialEq` in this scope
   --> C:\Users\john\.cargo\registry\src\index.crates.io-1949cf8c6b5b557f\winnow-0.7.13\src\stream\bytes.rs:419:6
    |
419 | impl PartialEq<Bytes> for Bytes {
    |      ^^^^^^^^^ not found in this scope
    |
help: consider importing this trait
    |
1   + use core::cmp::PartialEq;
    |

error[E0405]: cannot find trait `PartialEq` in this scope
   --> C:\Users\john\.cargo\registry\src\index.crates.io-1949cf8c6b5b557f\winnow-0.7.13\src\macros\mod.rs:15:18
    |
15  |         impl<'a> PartialEq<$rhs> for $lhs {
    |                  ^^^^^^^^^ not found in this scope
    |
   ::: C:\Users\john\.cargo\registry\src\index.crates.io-1949cf8c6b5b557f\winnow-0.7.13\src\stream\bytes.rs:426:1
    |
426 | impl_partial_eq!(Bytes, [u8]);
    | ----------------------------- in this macro invocation
    |
    = note: this error originates in the macro `impl_partial_eq` (in Nightly builds, run with -Z macro-backtrace for more info)
help: consider importing this trait
   --> C:\Users\john\.cargo\registry\src\index.crates.io-1949cf8c6b5b557f\winnow-0.7.13\src\stream\bytes.rs:1:1
    |
1   + use core::cmp::PartialEq;
    |

error[E0433]: failed to resolve: use of undeclared type `PartialEq`
   --> C:\Users\john\.cargo\registry\src\index.crates.io-1949cf8c6b5b557f\winnow-0.7.13\src\macros\mod.rs:20:17
    |
20  |                 PartialEq::eq(l, r)
    |                 ^^^^^^^^^ use of undeclared type `PartialEq`
    |
   ::: C:\Users\john\.cargo\registry\src\index.crates.io-1949cf8c6b5b557f\winnow-0.7.13\src\stream\bytes.rs:426:1
    |
426 | impl_partial_eq!(Bytes, [u8]);
    | ----------------------------- in this macro invocation
    |
    = note: this error originates in the macro `impl_partial_eq` (in Nightly builds, run with -Z macro-backtrace for more info)
help: consider importing this trait
   --> C:\Users\john\.cargo\registry\src\index.crates.io-1949cf8c6b5b557f\winnow-0.7.13\src\stream\bytes.rs:1:1
    |
1   + use core::cmp::PartialEq;
    |

error[E0405]: cannot find trait `PartialEq` in this scope
   --> C:\Users\john\.cargo\registry\src\index.crates.io-1949cf8c6b5b557f\winnow-0.7.13\src\macros\mod.rs:25:18
    |
25  |         impl<'a> PartialEq<$lhs> for $rhs {
    |                  ^^^^^^^^^ not found in this scope
    |
   ::: C:\Users\john\.cargo\registry\src\index.crates.io-1949cf8c6b5b557f\winnow-0.7.13\src\stream\bytes.rs:426:1
    |
426 | impl_partial_eq!(Bytes, [u8]);
    | ----------------------------- in this macro invocation
    |
    = note: this error originates in the macro `impl_partial_eq` (in Nightly builds, run with -Z macro-backtrace for more info)
help: consider importing this trait
   --> C:\Users\john\.cargo\registry\src\index.crates.io-1949cf8c6b5b557f\winnow-0.7.13\src\stream\bytes.rs:1:1
    |
1   + use core::cmp::PartialEq;
    |

error[E0433]: failed to resolve: use of undeclared type `PartialEq`
   --> C:\Users\john\.cargo\registry\src\index.crates.io-1949cf8c6b5b557f\winnow-0.7.13\src\macros\mod.rs:28:17
    |
28  |                 PartialEq::eq(other, self)
    |                 ^^^^^^^^^ use of undeclared type `PartialEq`
    |
   ::: C:\Users\john\.cargo\registry\src\index.crates.io-1949cf8c6b5b557f\winnow-0.7.13\src\stream\bytes.rs:426:1
    |
426 | impl_partial_eq!(Bytes, [u8]);
    | ----------------------------- in this macro invocation
    |
    = note: this error originates in the macro `impl_partial_eq` (in Nightly builds, run with -Z macro-backtrace for more info)
help: consider importing this trait
   --> C:\Users\john\.cargo\registry\src\index.crates.io-1949cf8c6b5b557f\winnow-0.7.13\src\stream\bytes.rs:1:1
    |
1   + use core::cmp::PartialEq;
    |

error[E0405]: cannot find trait `PartialEq` in this scope
   --> C:\Users\john\.cargo\registry\src\index.crates.io-1949cf8c6b5b557f\winnow-0.7.13\src\macros\mod.rs:15:18
    |
15  |         impl<'a> PartialEq<$rhs> for $lhs {
    |                  ^^^^^^^^^ not found in this scope
    |
   ::: C:\Users\john\.cargo\registry\src\index.crates.io-1949cf8c6b5b557f\winnow-0.7.13\src\stream\bytes.rs:427:1
    |
427 | impl_partial_eq!(Bytes, &'a [u8]);
    | --------------------------------- in this macro invocation
    |
    = note: this error originates in the macro `impl_partial_eq` (in Nightly builds, run with -Z macro-backtrace for more info)
help: consider importing this trait
   --> C:\Users\john\.cargo\registry\src\index.crates.io-1949cf8c6b5b557f\winnow-0.7.13\src\stream\bytes.rs:1:1
    |
1   + use core::cmp::PartialEq;
    |

error[E0433]: failed to resolve: use of undeclared type `PartialEq`
   --> C:\Users\john\.cargo\registry\src\index.crates.io-1949cf8c6b5b557f\winnow-0.7.13\src\macros\mod.rs:20:17
    |
20  |                 PartialEq::eq(l, r)
    |                 ^^^^^^^^^ use of undeclared type `PartialEq`
    |
   ::: C:\Users\john\.cargo\registry\src\index.crates.io-1949cf8c6b5b557f\winnow-0.7.13\src\stream\bytes.rs:427:1
    |
427 | impl_partial_eq!(Bytes, &'a [u8]);
    | --------------------------------- in this macro invocation
    |
    = note: this error originates in the macro `impl_partial_eq` (in Nightly builds, run with -Z macro-backtrace for more info)
help: consider importing this trait
   --> C:\Users\john\.cargo\registry\src\index.crates.io-1949cf8c6b5b557f\winnow-0.7.13\src\stream\bytes.rs:1:1
    |
1   + use core::cmp::PartialEq;
    |

error[E0405]: cannot find trait `PartialEq` in this scope
   --> C:\Users\john\.cargo\registry\src\index.crates.io-1949cf8c6b5b557f\winnow-0.7.13\src\macros\mod.rs:25:18
    |
25  |         impl<'a> PartialEq<$lhs> for $rhs {
    |                  ^^^^^^^^^ not found in this scope
    |
   ::: C:\Users\john\.cargo\registry\src\index.crates.io-1949cf8c6b5b557f\winnow-0.7.13\src\stream\bytes.rs:427:1
    |
427 | impl_partial_eq!(Bytes, &'a [u8]);
    | --------------------------------- in this macro invocation
    |
    = note: this error originates in the macro `impl_partial_eq` (in Nightly builds, run with -Z macro-backtrace for more info)
help: consider importing this trait
   --> C:\Users\john\.cargo\registry\src\index.crates.io-1949cf8c6b5b557f\winnow-0.7.13\src\stream\bytes.rs:1:1
    |
1   + use core::cmp::PartialEq;
    |

error[E0433]: failed to resolve: use of undeclared type `PartialEq`
   --> C:\Users\john\.cargo\registry\src\index.crates.io-1949cf8c6b5b557f\winnow-0.7.13\src\macros\mod.rs:28:17
    |
28  |                 PartialEq::eq(other, self)
    |                 ^^^^^^^^^ use of undeclared type `PartialEq`
    |
   ::: C:\Users\john\.cargo\registry\src\index.crates.io-1949cf8c6b5b557f\winnow-0.7.13\src\stream\bytes.rs:427:1
    |
427 | impl_partial_eq!(Bytes, &'a [u8]);
    | --------------------------------- in this macro invocation
    |
    = note: this error originates in the macro `impl_partial_eq` (in Nightly builds, run with -Z macro-backtrace for more info)
help: consider importing this trait
   --> C:\Users\john\.cargo\registry\src\index.crates.io-1949cf8c6b5b557f\winnow-0.7.13\src\stream\bytes.rs:1:1
    |
1   + use core::cmp::PartialEq;
    |

error[E0405]: cannot find trait `PartialEq` in this scope
   --> C:\Users\john\.cargo\registry\src\index.crates.io-1949cf8c6b5b557f\winnow-0.7.13\src\macros\mod.rs:15:18
    |
15  |         impl<'a> PartialEq<$rhs> for $lhs {
    |                  ^^^^^^^^^ not found in this scope
    |
   ::: C:\Users\john\.cargo\registry\src\index.crates.io-1949cf8c6b5b557f\winnow-0.7.13\src\stream\bytes.rs:428:1
    |
428 | impl_partial_eq!(Bytes, str);
    | ---------------------------- in this macro invocation
    |
    = note: this error originates in the macro `impl_partial_eq` (in Nightly builds, run with -Z macro-backtrace for more info)
help: consider importing this trait
   --> C:\Users\john\.cargo\registry\src\index.crates.io-1949cf8c6b5b557f\winnow-0.7.13\src\stream\bytes.rs:1:1
    |
1   + use core::cmp::PartialEq;
    |

error[E0433]: failed to resolve: use of undeclared type `PartialEq`
   --> C:\Users\john\.cargo\registry\src\index.crates.io-1949cf8c6b5b557f\winnow-0.7.13\src\macros\mod.rs:20:17
    |
20  |                 PartialEq::eq(l, r)
    |                 ^^^^^^^^^ use of undeclared type `PartialEq`
    |
   ::: C:\Users\john\.cargo\registry\src\index.crates.io-1949cf8c6b5b557f\winnow-0.7.13\src\stream\bytes.rs:428:1
    |
428 | impl_partial_eq!(Bytes, str);
    | ---------------------------- in this macro invocation
    |
    = note: this error originates in the macro `impl_partial_eq` (in Nightly builds, run with -Z macro-backtrace for more info)
help: consider importing this trait
   --> C:\Users\john\.cargo\registry\src\index.crates.io-1949cf8c6b5b557f\winnow-0.7.13\src\stream\bytes.rs:1:1
    |
1   + use core::cmp::PartialEq;
    |

error[E0405]: cannot find trait `PartialEq` in this scope
   --> C:\Users\john\.cargo\registry\src\index.crates.io-1949cf8c6b5b557f\winnow-0.7.13\src\macros\mod.rs:25:18
    |
25  |         impl<'a> PartialEq<$lhs> for $rhs {
    |                  ^^^^^^^^^ not found in this scope
    |
   ::: C:\Users\john\.cargo\registry\src\index.crates.io-1949cf8c6b5b557f\winnow-0.7.13\src\stream\bytes.rs:428:1
    |
428 | impl_partial_eq!(Bytes, str);
    | ---------------------------- in this macro invocation
    |
    = note: this error originates in the macro `impl_partial_eq` (in Nightly builds, run with -Z macro-backtrace for more info)
help: consider importing this trait
   --> C:\Users\john\.cargo\registry\src\index.crates.io-1949cf8c6b5b557f\winnow-0.7.13\src\stream\bytes.rs:1:1
    |
1   + use core::cmp::PartialEq;
    |

error[E0433]: failed to resolve: use of undeclared type `PartialEq`
   --> C:\Users\john\.cargo\registry\src\index.crates.io-1949cf8c6b5b557f\winnow-0.7.13\src\macros\mod.rs:28:17
    |
28  |                 PartialEq::eq(other, self)
    |                 ^^^^^^^^^ use of undeclared type `PartialEq`
    |
   ::: C:\Users\john\.cargo\registry\src\index.crates.io-1949cf8c6b5b557f\winnow-0.7.13\src\stream\bytes.rs:428:1
    |
428 | impl_partial_eq!(Bytes, str);
    | ---------------------------- in this macro invocation
    |
    = note: this error originates in the macro `impl_partial_eq` (in Nightly builds, run with -Z macro-backtrace for more info)
help: consider importing this trait
   --> C:\Users\john\.cargo\registry\src\index.crates.io-1949cf8c6b5b557f\winnow-0.7.13\src\stream\bytes.rs:1:1
    |
1   + use core::cmp::PartialEq;
    |

error[E0405]: cannot find trait `PartialEq` in this scope
   --> C:\Users\john\.cargo\registry\src\index.crates.io-1949cf8c6b5b557f\winnow-0.7.13\src\macros\mod.rs:15:18
    |
15  |         impl<'a> PartialEq<$rhs> for $lhs {
    |                  ^^^^^^^^^ not found in this scope
    |
   ::: C:\Users\john\.cargo\registry\src\index.crates.io-1949cf8c6b5b557f\winnow-0.7.13\src\stream\bytes.rs:429:1
    |
429 | impl_partial_eq!(Bytes, &'a str);
    | -------------------------------- in this macro invocation
    |
    = note: this error originates in the macro `impl_partial_eq` (in Nightly builds, run with -Z macro-backtrace for more info)
help: consider importing this trait
   --> C:\Users\john\.cargo\registry\src\index.crates.io-1949cf8c6b5b557f\winnow-0.7.13\src\stream\bytes.rs:1:1
    |
1   + use core::cmp::PartialEq;
    |

error[E0433]: failed to resolve: use of undeclared type `PartialEq`
   --> C:\Users\john\.cargo\registry\src\index.crates.io-1949cf8c6b5b557f\winnow-0.7.13\src\macros\mod.rs:20:17
    |
20  |                 PartialEq::eq(l, r)
    |                 ^^^^^^^^^ use of undeclared type `PartialEq`
    |
   ::: C:\Users\john\.cargo\registry\src\index.crates.io-1949cf8c6b5b557f\winnow-0.7.13\src\stream\bytes.rs:429:1
    |
429 | impl_partial_eq!(Bytes, &'a str);
    | -------------------------------- in this macro invocation
    |
    = note: this error originates in the macro `impl_partial_eq` (in Nightly builds, run with -Z macro-backtrace for more info)
help: consider importing this trait
   --> C:\Users\john\.cargo\registry\src\index.crates.io-1949cf8c6b5b557f\winnow-0.7.13\src\stream\bytes.rs:1:1
    |
1   + use core::cmp::PartialEq;
    |

error[E0405]: cannot find trait `PartialEq` in this scope
   --> C:\Users\john\.cargo\registry\src\index.crates.io-1949cf8c6b5b557f\winnow-0.7.13\src\macros\mod.rs:25:18
    |
25  |         impl<'a> PartialEq<$lhs> for $rhs {
    |                  ^^^^^^^^^ not found in this scope
    |
   ::: C:\Users\john\.cargo\registry\src\index.crates.io-1949cf8c6b5b557f\winnow-0.7.13\src\stream\bytes.rs:429:1
    |
429 | impl_partial_eq!(Bytes, &'a str);
    | -------------------------------- in this macro invocation
    |
    = note: this error originates in the macro `impl_partial_eq` (in Nightly builds, run with -Z macro-backtrace for more info)
help: consider importing this trait
   --> C:\Users\john\.cargo\registry\src\index.crates.io-1949cf8c6b5b557f\winnow-0.7.13\src\stream\bytes.rs:1:1
    |
1   + use core::cmp::PartialEq;
    |

error[E0433]: failed to resolve: use of undeclared type `PartialEq`
   --> C:\Users\john\.cargo\registry\src\index.crates.io-1949cf8c6b5b557f\winnow-0.7.13\src\macros\mod.rs:28:17
    |
28  |                 PartialEq::eq(other, self)
    |                 ^^^^^^^^^ use of undeclared type `PartialEq`
    |
   ::: C:\Users\john\.cargo\registry\src\index.crates.io-1949cf8c6b5b557f\winnow-0.7.13\src\stream\bytes.rs:429:1
    |
429 | impl_partial_eq!(Bytes, &'a str);
    | -------------------------------- in this macro invocation
    |
    = note: this error originates in the macro `impl_partial_eq` (in Nightly builds, run with -Z macro-backtrace for more info)
help: consider importing this trait
   --> C:\Users\john\.cargo\registry\src\index.crates.io-1949cf8c6b5b557f\winnow-0.7.13\src\stream\bytes.rs:1:1
    |
1   + use core::cmp::PartialEq;
    |

error[E0405]: cannot find trait `PartialOrd` in this scope
   --> C:\Users\john\.cargo\registry\src\index.crates.io-1949cf8c6b5b557f\winnow-0.7.13\src\stream\bytes.rs:431:6
    |
431 | impl PartialOrd for Bytes {
    |      ^^^^^^^^^^ not found in this scope
    |
help: consider importing this trait
    |
1   + use core::cmp::PartialOrd;
    |

error[E0412]: cannot find type `Option` in this scope
   --> C:\Users\john\.cargo\registry\src\index.crates.io-1949cf8c6b5b557f\winnow-0.7.13\src\stream\bytes.rs:433:45
    |
433 |     fn partial_cmp(&self, other: &Bytes) -> Option<Ordering> {
    |                                             ^^^^^^ not found in this scope
    |
help: consider importing this enum
    |
1   + use core::option::Option;
    |

error[E0425]: cannot find function, tuple struct or tuple variant `Some` in this scope
   --> C:\Users\john\.cargo\registry\src\index.crates.io-1949cf8c6b5b557f\winnow-0.7.13\src\stream\bytes.rs:434:9
    |
434 |         Some(self.cmp(other))
    |         ^^^^ not found in this scope
    |
help: consider importing this tuple variant
    |
1   + use core::option::Option::Some;
    |

error[E0405]: cannot find trait `Ord` in this scope
   --> C:\Users\john\.cargo\registry\src\index.crates.io-1949cf8c6b5b557f\winnow-0.7.13\src\stream\bytes.rs:438:6
    |
438 | impl Ord for Bytes {
    |      ^^^ not found in this scope
    |
help: consider importing this trait
    |
1   + use core::cmp::Ord;
    |

error[E0433]: failed to resolve: use of undeclared type `Ord`
   --> C:\Users\john\.cargo\registry\src\index.crates.io-1949cf8c6b5b557f\winnow-0.7.13\src\stream\bytes.rs:441:9
    |
441 |         Ord::cmp(self.as_bytes(), other.as_bytes())
    |         ^^^ use of undeclared type `Ord`
    |
help: consider importing this trait
    |
1   + use core::cmp::Ord;
    |

error[E0405]: cannot find trait `PartialOrd` in this scope
   --> C:\Users\john\.cargo\registry\src\index.crates.io-1949cf8c6b5b557f\winnow-0.7.13\src\macros\mod.rs:37:18
    |
37  |         impl<'a> PartialOrd<$rhs> for $lhs {
    |                  ^^^^^^^^^^ not found in this scope
    |
   ::: C:\Users\john\.cargo\registry\src\index.crates.io-1949cf8c6b5b557f\winnow-0.7.13\src\stream\bytes.rs:445:1
    |
445 | impl_partial_ord!(Bytes, [u8]);
    | ------------------------------ in this macro invocation
    |
    = note: this error originates in the macro `impl_partial_ord` (in Nightly builds, run with -Z macro-backtrace for more info)
help: consider importing this trait
   --> C:\Users\john\.cargo\registry\src\index.crates.io-1949cf8c6b5b557f\winnow-0.7.13\src\stream\bytes.rs:1:1
    |
1   + use core::cmp::PartialOrd;
    |

error[E0412]: cannot find type `Option` in this scope
   --> C:\Users\john\.cargo\registry\src\index.crates.io-1949cf8c6b5b557f\winnow-0.7.13\src\macros\mod.rs:39:52
    |
39  |             fn partial_cmp(&self, other: &$rhs) -> Option<Ordering> {
    |                                                    ^^^^^^ not found in this scope
    |
   ::: C:\Users\john\.cargo\registry\src\index.crates.io-1949cf8c6b5b557f\winnow-0.7.13\src\stream\bytes.rs:445:1
    |
445 | impl_partial_ord!(Bytes, [u8]);
    | ------------------------------ in this macro invocation
    |
    = note: this error originates in the macro `impl_partial_ord` (in Nightly builds, run with -Z macro-backtrace for more info)
help: consider importing this enum
   --> C:\Users\john\.cargo\registry\src\index.crates.io-1949cf8c6b5b557f\winnow-0.7.13\src\stream\bytes.rs:1:1
    |
1   + use core::option::Option;
    |

error[E0433]: failed to resolve: use of undeclared type `PartialOrd`
   --> C:\Users\john\.cargo\registry\src\index.crates.io-1949cf8c6b5b557f\winnow-0.7.13\src\macros\mod.rs:42:17
    |
42  |                 PartialOrd::partial_cmp(l, r)
    |                 ^^^^^^^^^^ use of undeclared type `PartialOrd`
    |
   ::: C:\Users\john\.cargo\registry\src\index.crates.io-1949cf8c6b5b557f\winnow-0.7.13\src\stream\bytes.rs:445:1
    |
445 | impl_partial_ord!(Bytes, [u8]);
    | ------------------------------ in this macro invocation
    |
    = note: this error originates in the macro `impl_partial_ord` (in Nightly builds, run with -Z macro-backtrace for more info)
help: consider importing this trait
   --> C:\Users\john\.cargo\registry\src\index.crates.io-1949cf8c6b5b557f\winnow-0.7.13\src\stream\bytes.rs:1:1
    |
1   + use core::cmp::PartialOrd;
    |

error[E0405]: cannot find trait `PartialOrd` in this scope
   --> C:\Users\john\.cargo\registry\src\index.crates.io-1949cf8c6b5b557f\winnow-0.7.13\src\macros\mod.rs:47:18
    |
47  |         impl<'a> PartialOrd<$lhs> for $rhs {
    |                  ^^^^^^^^^^ not found in this scope
    |
   ::: C:\Users\john\.cargo\registry\src\index.crates.io-1949cf8c6b5b557f\winnow-0.7.13\src\stream\bytes.rs:445:1
    |
445 | impl_partial_ord!(Bytes, [u8]);
    | ------------------------------ in this macro invocation
    |
    = note: this error originates in the macro `impl_partial_ord` (in Nightly builds, run with -Z macro-backtrace for more info)
help: consider importing this trait
   --> C:\Users\john\.cargo\registry\src\index.crates.io-1949cf8c6b5b557f\winnow-0.7.13\src\stream\bytes.rs:1:1
    |
1   + use core::cmp::PartialOrd;
    |

error[E0412]: cannot find type `Option` in this scope
   --> C:\Users\john\.cargo\registry\src\index.crates.io-1949cf8c6b5b557f\winnow-0.7.13\src\macros\mod.rs:49:52
    |
49  |             fn partial_cmp(&self, other: &$lhs) -> Option<Ordering> {
    |                                                    ^^^^^^ not found in this scope
    |
   ::: C:\Users\john\.cargo\registry\src\index.crates.io-1949cf8c6b5b557f\winnow-0.7.13\src\stream\bytes.rs:445:1
    |
445 | impl_partial_ord!(Bytes, [u8]);
    | ------------------------------ in this macro invocation
    |
    = note: this error originates in the macro `impl_partial_ord` (in Nightly builds, run with -Z macro-backtrace for more info)
help: consider importing this enum
   --> C:\Users\john\.cargo\registry\src\index.crates.io-1949cf8c6b5b557f\winnow-0.7.13\src\stream\bytes.rs:1:1
    |
1   + use core::option::Option;
    |

error[E0433]: failed to resolve: use of undeclared type `PartialOrd`
   --> C:\Users\john\.cargo\registry\src\index.crates.io-1949cf8c6b5b557f\winnow-0.7.13\src\macros\mod.rs:50:17
    |
50  |                 PartialOrd::partial_cmp(other, self)
    |                 ^^^^^^^^^^ use of undeclared type `PartialOrd`
    |
   ::: C:\Users\john\.cargo\registry\src\index.crates.io-1949cf8c6b5b557f\winnow-0.7.13\src\stream\bytes.rs:445:1
    |
445 | impl_partial_ord!(Bytes, [u8]);
    | ------------------------------ in this macro invocation
    |
    = note: this error originates in the macro `impl_partial_ord` (in Nightly builds, run with -Z macro-backtrace for more info)
help: consider importing this trait
   --> C:\Users\john\.cargo\registry\src\index.crates.io-1949cf8c6b5b557f\winnow-0.7.13\src\stream\bytes.rs:1:1
    |
1   + use core::cmp::PartialOrd;
    |

error[E0405]: cannot find trait `PartialOrd` in this scope
   --> C:\Users\john\.cargo\registry\src\index.crates.io-1949cf8c6b5b557f\winnow-0.7.13\src\macros\mod.rs:37:18
    |
37  |         impl<'a> PartialOrd<$rhs> for $lhs {
    |                  ^^^^^^^^^^ not found in this scope
    |
   ::: C:\Users\john\.cargo\registry\src\index.crates.io-1949cf8c6b5b557f\winnow-0.7.13\src\stream\bytes.rs:446:1
    |
446 | impl_partial_ord!(Bytes, &'a [u8]);
    | ---------------------------------- in this macro invocation
    |
    = note: this error originates in the macro `impl_partial_ord` (in Nightly builds, run with -Z macro-backtrace for more info)
help: consider importing this trait
   --> C:\Users\john\.cargo\registry\src\index.crates.io-1949cf8c6b5b557f\winnow-0.7.13\src\stream\bytes.rs:1:1
    |
1   + use core::cmp::PartialOrd;
    |

error[E0412]: cannot find type `Option` in this scope
   --> C:\Users\john\.cargo\registry\src\index.crates.io-1949cf8c6b5b557f\winnow-0.7.13\src\macros\mod.rs:39:52
    |
39  |             fn partial_cmp(&self, other: &$rhs) -> Option<Ordering> {
    |                                                    ^^^^^^ not found in this scope
    |
   ::: C:\Users\john\.cargo\registry\src\index.crates.io-1949cf8c6b5b557f\winnow-0.7.13\src\stream\bytes.rs:446:1
    |
446 | impl_partial_ord!(Bytes, &'a [u8]);
    | ---------------------------------- in this macro invocation
    |
    = note: this error originates in the macro `impl_partial_ord` (in Nightly builds, run with -Z macro-backtrace for more info)
help: consider importing this enum
   --> C:\Users\john\.cargo\registry\src\index.crates.io-1949cf8c6b5b557f\winnow-0.7.13\src\stream\bytes.rs:1:1
    |
1   + use core::option::Option;
    |

error[E0433]: failed to resolve: use of undeclared type `PartialOrd`
   --> C:\Users\john\.cargo\registry\src\index.crates.io-1949cf8c6b5b557f\winnow-0.7.13\src\macros\mod.rs:42:17
    |
42  |                 PartialOrd::partial_cmp(l, r)
    |                 ^^^^^^^^^^ use of undeclared type `PartialOrd`
    |
   ::: C:\Users\john\.cargo\registry\src\index.crates.io-1949cf8c6b5b557f\winnow-0.7.13\src\stream\bytes.rs:446:1
    |
446 | impl_partial_ord!(Bytes, &'a [u8]);
    | ---------------------------------- in this macro invocation
    |
    = note: this error originates in the macro `impl_partial_ord` (in Nightly builds, run with -Z macro-backtrace for more info)
help: consider importing this trait
   --> C:\Users\john\.cargo\registry\src\index.crates.io-1949cf8c6b5b557f\winnow-0.7.13\src\stream\bytes.rs:1:1
    |
1   + use core::cmp::PartialOrd;
    |

error[E0405]: cannot find trait `PartialOrd` in this scope
   --> C:\Users\john\.cargo\registry\src\index.crates.io-1949cf8c6b5b557f\winnow-0.7.13\src\macros\mod.rs:47:18
    |
47  |         impl<'a> PartialOrd<$lhs> for $rhs {
    |                  ^^^^^^^^^^ not found in this scope
    |
   ::: C:\Users\john\.cargo\registry\src\index.crates.io-1949cf8c6b5b557f\winnow-0.7.13\src\stream\bytes.rs:446:1
    |
446 | impl_partial_ord!(Bytes, &'a [u8]);
    | ---------------------------------- in this macro invocation
    |
    = note: this error originates in the macro `impl_partial_ord` (in Nightly builds, run with -Z macro-backtrace for more info)
help: consider importing this trait
   --> C:\Users\john\.cargo\registry\src\index.crates.io-1949cf8c6b5b557f\winnow-0.7.13\src\stream\bytes.rs:1:1
    |
1   + use core::cmp::PartialOrd;
    |

error[E0412]: cannot find type `Option` in this scope
   --> C:\Users\john\.cargo\registry\src\index.crates.io-1949cf8c6b5b557f\winnow-0.7.13\src\macros\mod.rs:49:52
    |
49  |             fn partial_cmp(&self, other: &$lhs) -> Option<Ordering> {
    |                                                    ^^^^^^ not found in this scope
    |
   ::: C:\Users\john\.cargo\registry\src\index.crates.io-1949cf8c6b5b557f\winnow-0.7.13\src\stream\bytes.rs:446:1
    |
446 | impl_partial_ord!(Bytes, &'a [u8]);
    | ---------------------------------- in this macro invocation
    |
    = note: this error originates in the macro `impl_partial_ord` (in Nightly builds, run with -Z macro-backtrace for more info)
help: consider importing this enum
   --> C:\Users\john\.cargo\registry\src\index.crates.io-1949cf8c6b5b557f\winnow-0.7.13\src\stream\bytes.rs:1:1
    |
1   + use core::option::Option;
    |

error[E0433]: failed to resolve: use of undeclared type `PartialOrd`
   --> C:\Users\john\.cargo\registry\src\index.crates.io-1949cf8c6b5b557f\winnow-0.7.13\src\macros\mod.rs:50:17
    |
50  |                 PartialOrd::partial_cmp(other, self)
    |                 ^^^^^^^^^^ use of undeclared type `PartialOrd`
    |
   ::: C:\Users\john\.cargo\registry\src\index.crates.io-1949cf8c6b5b557f\winnow-0.7.13\src\stream\bytes.rs:446:1
    |
446 | impl_partial_ord!(Bytes, &'a [u8]);
    | ---------------------------------- in this macro invocation
    |
    = note: this error originates in the macro `impl_partial_ord` (in Nightly builds, run with -Z macro-backtrace for more info)
help: consider importing this trait
   --> C:\Users\john\.cargo\registry\src\index.crates.io-1949cf8c6b5b557f\winnow-0.7.13\src\stream\bytes.rs:1:1
    |
1   + use core::cmp::PartialOrd;
    |

error[E0405]: cannot find trait `PartialOrd` in this scope
   --> C:\Users\john\.cargo\registry\src\index.crates.io-1949cf8c6b5b557f\winnow-0.7.13\src\macros\mod.rs:37:18
    |
37  |         impl<'a> PartialOrd<$rhs> for $lhs {
    |                  ^^^^^^^^^^ not found in this scope
    |
   ::: C:\Users\john\.cargo\registry\src\index.crates.io-1949cf8c6b5b557f\winnow-0.7.13\src\stream\bytes.rs:447:1
    |
447 | impl_partial_ord!(Bytes, str);
    | ----------------------------- in this macro invocation
    |
    = note: this error originates in the macro `impl_partial_ord` (in Nightly builds, run with -Z macro-backtrace for more info)
help: consider importing this trait
   --> C:\Users\john\.cargo\registry\src\index.crates.io-1949cf8c6b5b557f\winnow-0.7.13\src\stream\bytes.rs:1:1
    |
1   + use core::cmp::PartialOrd;
    |

error[E0412]: cannot find type `Option` in this scope
   --> C:\Users\john\.cargo\registry\src\index.crates.io-1949cf8c6b5b557f\winnow-0.7.13\src\macros\mod.rs:39:52
    |
39  |             fn partial_cmp(&self, other: &$rhs) -> Option<Ordering> {
    |                                                    ^^^^^^ not found in this scope
    |
   ::: C:\Users\john\.cargo\registry\src\index.crates.io-1949cf8c6b5b557f\winnow-0.7.13\src\stream\bytes.rs:447:1
    |
447 | impl_partial_ord!(Bytes, str);
    | ----------------------------- in this macro invocation
    |
    = note: this error originates in the macro `impl_partial_ord` (in Nightly builds, run with -Z macro-backtrace for more info)
help: consider importing this enum
   --> C:\Users\john\.cargo\registry\src\index.crates.io-1949cf8c6b5b557f\winnow-0.7.13\src\stream\bytes.rs:1:1
    |
1   + use core::option::Option;
    |

error[E0433]: failed to resolve: use of undeclared type `PartialOrd`
   --> C:\Users\john\.cargo\registry\src\index.crates.io-1949cf8c6b5b557f\winnow-0.7.13\src\macros\mod.rs:42:17
    |
42  |                 PartialOrd::partial_cmp(l, r)
    |                 ^^^^^^^^^^ use of undeclared type `PartialOrd`
    |
   ::: C:\Users\john\.cargo\registry\src\index.crates.io-1949cf8c6b5b557f\winnow-0.7.13\src\stream\bytes.rs:447:1
    |
447 | impl_partial_ord!(Bytes, str);
    | ----------------------------- in this macro invocation
    |
    = note: this error originates in the macro `impl_partial_ord` (in Nightly builds, run with -Z macro-backtrace for more info)
help: consider importing this trait
   --> C:\Users\john\.cargo\registry\src\index.crates.io-1949cf8c6b5b557f\winnow-0.7.13\src\stream\bytes.rs:1:1
    |
1   + use core::cmp::PartialOrd;
    |

error[E0405]: cannot find trait `PartialOrd` in this scope
   --> C:\Users\john\.cargo\registry\src\index.crates.io-1949cf8c6b5b557f\winnow-0.7.13\src\macros\mod.rs:47:18
    |
47  |         impl<'a> PartialOrd<$lhs> for $rhs {
    |                  ^^^^^^^^^^ not found in this scope
    |
   ::: C:\Users\john\.cargo\registry\src\index.crates.io-1949cf8c6b5b557f\winnow-0.7.13\src\stream\bytes.rs:447:1
    |
447 | impl_partial_ord!(Bytes, str);
    | ----------------------------- in this macro invocation
    |
    = note: this error originates in the macro `impl_partial_ord` (in Nightly builds, run with -Z macro-backtrace for more info)
help: consider importing this trait
   --> C:\Users\john\.cargo\registry\src\index.crates.io-1949cf8c6b5b557f\winnow-0.7.13\src\stream\bytes.rs:1:1
    |
1   + use core::cmp::PartialOrd;
    |

error[E0412]: cannot find type `Option` in this scope
   --> C:\Users\john\.cargo\registry\src\index.crates.io-1949cf8c6b5b557f\winnow-0.7.13\src\macros\mod.rs:49:52
    |
49  |             fn partial_cmp(&self, other: &$lhs) -> Option<Ordering> {
    |                                                    ^^^^^^ not found in this scope
    |
   ::: C:\Users\john\.cargo\registry\src\index.crates.io-1949cf8c6b5b557f\winnow-0.7.13\src\stream\bytes.rs:447:1
    |
447 | impl_partial_ord!(Bytes, str);
    | ----------------------------- in this macro invocation
    |
    = note: this error originates in the macro `impl_partial_ord` (in Nightly builds, run with -Z macro-backtrace for more info)
help: consider importing this enum
   --> C:\Users\john\.cargo\registry\src\index.crates.io-1949cf8c6b5b557f\winnow-0.7.13\src\stream\bytes.rs:1:1
    |
1   + use core::option::Option;
    |

error[E0433]: failed to resolve: use of undeclared type `PartialOrd`
   --> C:\Users\john\.cargo\registry\src\index.crates.io-1949cf8c6b5b557f\winnow-0.7.13\src\macros\mod.rs:50:17
    |
50  |                 PartialOrd::partial_cmp(other, self)
    |                 ^^^^^^^^^^ use of undeclared type `PartialOrd`
    |
   ::: C:\Users\john\.cargo\registry\src\index.crates.io-1949cf8c6b5b557f\winnow-0.7.13\src\stream\bytes.rs:447:1
    |
447 | impl_partial_ord!(Bytes, str);
    | ----------------------------- in this macro invocation
    |
    = note: this error originates in the macro `impl_partial_ord` (in Nightly builds, run with -Z macro-backtrace for more info)
help: consider importing this trait
   --> C:\Users\john\.cargo\registry\src\index.crates.io-1949cf8c6b5b557f\winnow-0.7.13\src\stream\bytes.rs:1:1
    |
1   + use core::cmp::PartialOrd;
    |

error[E0405]: cannot find trait `PartialOrd` in this scope
   --> C:\Users\john\.cargo\registry\src\index.crates.io-1949cf8c6b5b557f\winnow-0.7.13\src\macros\mod.rs:37:18
    |
37  |         impl<'a> PartialOrd<$rhs> for $lhs {
    |                  ^^^^^^^^^^ not found in this scope
    |
   ::: C:\Users\john\.cargo\registry\src\index.crates.io-1949cf8c6b5b557f\winnow-0.7.13\src\stream\bytes.rs:448:1
    |
448 | impl_partial_ord!(Bytes, &'a str);
    | --------------------------------- in this macro invocation
    |
    = note: this error originates in the macro `impl_partial_ord` (in Nightly builds, run with -Z macro-backtrace for more info)
help: consider importing this trait
   --> C:\Users\john\.cargo\registry\src\index.crates.io-1949cf8c6b5b557f\winnow-0.7.13\src\stream\bytes.rs:1:1
    |
1   + use core::cmp::PartialOrd;
    |

error[E0412]: cannot find type `Option` in this scope
   --> C:\Users\john\.cargo\registry\src\index.crates.io-1949cf8c6b5b557f\winnow-0.7.13\src\macros\mod.rs:39:52
    |
39  |             fn partial_cmp(&self, other: &$rhs) -> Option<Ordering> {
    |                                                    ^^^^^^ not found in this scope
    |
   ::: C:\Users\john\.cargo\registry\src\index.crates.io-1949cf8c6b5b557f\winnow-0.7.13\src\stream\bytes.rs:448:1
    |
448 | impl_partial_ord!(Bytes, &'a str);
    | --------------------------------- in this macro invocation
    |
    = note: this error originates in the macro `impl_partial_ord` (in Nightly builds, run with -Z macro-backtrace for more info)
help: consider importing this enum
   --> C:\Users\john\.cargo\registry\src\index.crates.io-1949cf8c6b5b557f\winnow-0.7.13\src\stream\bytes.rs:1:1
    |
1   + use core::option::Option;
    |

error[E0433]: failed to resolve: use of undeclared type `PartialOrd`
   --> C:\Users\john\.cargo\registry\src\index.crates.io-1949cf8c6b5b557f\winnow-0.7.13\src\macros\mod.rs:42:17
    |
42  |                 PartialOrd::partial_cmp(l, r)
    |                 ^^^^^^^^^^ use of undeclared type `PartialOrd`
    |
   ::: C:\Users\john\.cargo\registry\src\index.crates.io-1949cf8c6b5b557f\winnow-0.7.13\src\stream\bytes.rs:448:1
    |
448 | impl_partial_ord!(Bytes, &'a str);
    | --------------------------------- in this macro invocation
    |
    = note: this error originates in the macro `impl_partial_ord` (in Nightly builds, run with -Z macro-backtrace for more info)
help: consider importing this trait
   --> C:\Users\john\.cargo\registry\src\index.crates.io-1949cf8c6b5b557f\winnow-0.7.13\src\stream\bytes.rs:1:1
    |
1   + use core::cmp::PartialOrd;
    |

error[E0405]: cannot find trait `PartialOrd` in this scope
   --> C:\Users\john\.cargo\registry\src\index.crates.io-1949cf8c6b5b557f\winnow-0.7.13\src\macros\mod.rs:47:18
    |
47  |         impl<'a> PartialOrd<$lhs> for $rhs {
    |                  ^^^^^^^^^^ not found in this scope
    |
   ::: C:\Users\john\.cargo\registry\src\index.crates.io-1949cf8c6b5b557f\winnow-0.7.13\src\stream\bytes.rs:448:1
    |
448 | impl_partial_ord!(Bytes, &'a str);
    | --------------------------------- in this macro invocation
    |
    = note: this error originates in the macro `impl_partial_ord` (in Nightly builds, run with -Z macro-backtrace for more info)
help: consider importing this trait
   --> C:\Users\john\.cargo\registry\src\index.crates.io-1949cf8c6b5b557f\winnow-0.7.13\src\stream\bytes.rs:1:1
    |
1   + use core::cmp::PartialOrd;
    |

error[E0412]: cannot find type `Option` in this scope
   --> C:\Users\john\.cargo\registry\src\index.crates.io-1949cf8c6b5b557f\winnow-0.7.13\src\macros\mod.rs:49:52
    |
49  |             fn partial_cmp(&self, other: &$lhs) -> Option<Ordering> {
    |                                                    ^^^^^^ not found in this scope
    |
   ::: C:\Users\john\.cargo\registry\src\index.crates.io-1949cf8c6b5b557f\winnow-0.7.13\src\stream\bytes.rs:448:1
    |
448 | impl_partial_ord!(Bytes, &'a str);
    | --------------------------------- in this macro invocation
    |
    = note: this error originates in the macro `impl_partial_ord` (in Nightly builds, run with -Z macro-backtrace for more info)
help: consider importing this enum
   --> C:\Users\john\.cargo\registry\src\index.crates.io-1949cf8c6b5b557f\winnow-0.7.13\src\stream\bytes.rs:1:1
    |
1   + use core::option::Option;
    |

error[E0433]: failed to resolve: use of undeclared type `PartialOrd`
   --> C:\Users\john\.cargo\registry\src\index.crates.io-1949cf8c6b5b557f\winnow-0.7.13\src\macros\mod.rs:50:17
    |
50  |                 PartialOrd::partial_cmp(other, self)
    |                 ^^^^^^^^^^ use of undeclared type `PartialOrd`
    |
   ::: C:\Users\john\.cargo\registry\src\index.crates.io-1949cf8c6b5b557f\winnow-0.7.13\src\stream\bytes.rs:448:1
    |
448 | impl_partial_ord!(Bytes, &'a str);
    | --------------------------------- in this macro invocation
    |
    = note: this error originates in the macro `impl_partial_ord` (in Nightly builds, run with -Z macro-backtrace for more info)
help: consider importing this trait
   --> C:\Users\john\.cargo\registry\src\index.crates.io-1949cf8c6b5b557f\winnow-0.7.13\src\stream\bytes.rs:1:1
    |
1   + use core::cmp::PartialOrd;
    |

error[E0405]: cannot find trait `Clone` in this scope
  --> C:\Users\john\.cargo\registry\src\index.crates.io-1949cf8c6b5b557f\winnow-0.7.13\src\stream\locating.rs:38:8
   |
38 |     I: Clone + Offset,
   |        ^^^^^ not found in this scope
   |
help: consider importing this trait
   |
1  + use core::clone::Clone;
   |

error[E0405]: cannot find trait `Clone` in this scope
  --> C:\Users\john\.cargo\registry\src\index.crates.io-1949cf8c6b5b557f\winnow-0.7.13\src\stream\locating.rs:63:8
   |
63 |     I: Clone + Stream + Offset,
   |        ^^^^^ not found in this scope
   |
help: consider importing this trait
   |
1  + use core::clone::Clone;
   |

error[E0405]: cannot find trait `AsRef` in this scope
  --> C:\Users\john\.cargo\registry\src\index.crates.io-1949cf8c6b5b557f\winnow-0.7.13\src\stream\locating.rs:77:9
   |
77 | impl<I> AsRef<I> for LocatingSlice<I> {
   |         ^^^^^ not found in this scope
   |
help: consider importing this trait
   |
1  + use core::convert::AsRef;
   |

error[E0412]: cannot find type `Option` in this scope
   --> C:\Users\john\.cargo\registry\src\index.crates.io-1949cf8c6b5b557f\winnow-0.7.13\src\stream\locating.rs:133:33
    |
133 |     fn next_token(&mut self) -> Option<Self::Token> {
    |                                 ^^^^^^ not found in this scope
    |
help: consider importing this enum
    |
1   + use core::option::Option;
    |

error[E0412]: cannot find type `Option` in this scope
   --> C:\Users\john\.cargo\registry\src\index.crates.io-1949cf8c6b5b557f\winnow-0.7.13\src\stream\locating.rs:138:29
    |
138 |     fn peek_token(&self) -> Option<Self::Token> {
    |                             ^^^^^^ not found in this scope
    |
help: consider importing this enum
    |
1   + use core::option::Option;
    |

error[E0405]: cannot find trait `Fn` in this scope
   --> C:\Users\john\.cargo\registry\src\index.crates.io-1949cf8c6b5b557f\winnow-0.7.13\src\stream\locating.rs:145:12
    |
145 |         P: Fn(Self::Token) -> bool,
    |            ^^ not found in this scope
    |
help: consider importing this trait
    |
1   + use core::ops::Fn;
    |

error[E0412]: cannot find type `Option` in this scope
   --> C:\Users\john\.cargo\registry\src\index.crates.io-1949cf8c6b5b557f\winnow-0.7.13\src\stream\locating.rs:143:46
    |
143 |     fn offset_for<P>(&self, predicate: P) -> Option<usize>
    |                                              ^^^^^^ not found in this scope
    |
help: consider importing this enum
    |
1   + use core::option::Option;
    |

error[E0412]: cannot find type `Result` in this scope
   --> C:\Users\john\.cargo\registry\src\index.crates.io-1949cf8c6b5b557f\winnow-0.7.13\src\stream\locating.rs:150:43
    |
150 |     fn offset_at(&self, tokens: usize) -> Result<usize, Needed> {
    |                                           ^^^^^^ not found in this scope
    |
help: consider importing one of these items
    |
1   + use crate::Result;
    |
1   + use core::fmt::Result;
    |
1   + use core::result::Result;
    |
1   + use alloc::fmt::Result;
    |

error[E0405]: cannot find trait `Clone` in this scope
   --> C:\Users\john\.cargo\registry\src\index.crates.io-1949cf8c6b5b557f\winnow-0.7.13\src\stream\locating.rs:194:8
    |
194 |     I: Clone + Offset,
    |        ^^^^^ not found in this scope
    |
help: consider importing this trait
    |
1   + use core::clone::Clone;
    |

error[E0412]: cannot find type `Option` in this scope
   --> C:\Users\john\.cargo\registry\src\index.crates.io-1949cf8c6b5b557f\winnow-0.7.13\src\stream\locating.rs:312:40
    |
312 |     fn find_slice(&self, substr: T) -> Option<crate::lib::std::ops::Range<usize>> {
    |                                        ^^^^^^ not found in this scope
    |
help: consider importing this enum
    |
1   + use core::option::Option;
    |

error[E0405]: cannot find trait `Default` in this scope
   --> C:\Users\john\.cargo\registry\src\index.crates.io-1949cf8c6b5b557f\winnow-0.7.13\src\stream\partial.rs:111:9
    |
111 | impl<I> Default for Partial<I>
    |         ^^^^^^^ not found in this scope
    |
help: consider importing this trait
    |
1   + use core::default::Default;
    |

error[E0405]: cannot find trait `Default` in this scope
   --> C:\Users\john\.cargo\registry\src\index.crates.io-1949cf8c6b5b557f\winnow-0.7.13\src\stream\partial.rs:113:8
    |
113 |     I: Default + StreamIsPartial,
    |        ^^^^^^^ not found in this scope
    |
help: consider importing this trait
    |
1   + use core::default::Default;
    |

error[E0412]: cannot find type `Option` in this scope
   --> C:\Users\john\.cargo\registry\src\index.crates.io-1949cf8c6b5b557f\winnow-0.7.13\src\stream\partial.rs:164:33
    |
164 |     fn next_token(&mut self) -> Option<Self::Token> {
    |                                 ^^^^^^ not found in this scope
    |
help: consider importing this enum
    |
1   + use core::option::Option;
    |

error[E0412]: cannot find type `Option` in this scope
   --> C:\Users\john\.cargo\registry\src\index.crates.io-1949cf8c6b5b557f\winnow-0.7.13\src\stream\partial.rs:169:29
    |
169 |     fn peek_token(&self) -> Option<Self::Token> {
    |                             ^^^^^^ not found in this scope
    |
help: consider importing this enum
    |
1   + use core::option::Option;
    |

error[E0405]: cannot find trait `Fn` in this scope
   --> C:\Users\john\.cargo\registry\src\index.crates.io-1949cf8c6b5b557f\winnow-0.7.13\src\stream\partial.rs:176:12
    |
176 |         P: Fn(Self::Token) -> bool,
    |            ^^ not found in this scope
    |
help: consider importing this trait
    |
1   + use core::ops::Fn;
    |

error[E0412]: cannot find type `Option` in this scope
   --> C:\Users\john\.cargo\registry\src\index.crates.io-1949cf8c6b5b557f\winnow-0.7.13\src\stream\partial.rs:174:46
    |
174 |     fn offset_for<P>(&self, predicate: P) -> Option<usize>
    |                                              ^^^^^^ not found in this scope
    |
help: consider importing this enum
    |
1   + use core::option::Option;
    |

error[E0412]: cannot find type `Result` in this scope
   --> C:\Users\john\.cargo\registry\src\index.crates.io-1949cf8c6b5b557f\winnow-0.7.13\src\stream\partial.rs:181:43
    |
181 |     fn offset_at(&self, tokens: usize) -> Result<usize, Needed> {
    |                                           ^^^^^^ not found in this scope
    |
help: consider importing one of these items
    |
1   + use crate::Result;
    |
1   + use core::fmt::Result;
    |
1   + use core::result::Result;
    |
1   + use alloc::fmt::Result;
    |

error[E0412]: cannot find type `Option` in this scope
   --> C:\Users\john\.cargo\registry\src\index.crates.io-1949cf8c6b5b557f\winnow-0.7.13\src\stream\partial.rs:338:40
    |
338 |     fn find_slice(&self, substr: T) -> Option<crate::lib::std::ops::Range<usize>> {
    |                                        ^^^^^^ not found in this scope
    |
help: consider importing this enum
    |
1   + use core::option::Option;
    |

error[E0412]: cannot find type `Option` in this scope
  --> C:\Users\john\.cargo\registry\src\index.crates.io-1949cf8c6b5b557f\winnow-0.7.13\src\stream\range.rs:32:31
   |
32 |     pub(crate) end_inclusive: Option<usize>,
   |                               ^^^^^^ not found in this scope
   |
help: consider importing this enum
   |
1  + use core::option::Option;
   |

error[E0412]: cannot find type `Option` in this scope
  --> C:\Users\john\.cargo\registry\src\index.crates.io-1949cf8c6b5b557f\winnow-0.7.13\src\stream\range.rs:37:51
   |
37 |     fn raw(start_inclusive: usize, end_inclusive: Option<usize>) -> Self {
   |                                                   ^^^^^^ not found in this scope
   |
help: consider importing this enum
   |
1  + use core::option::Option;
   |

error[E0531]: cannot find tuple struct or tuple variant `Some` in this scope
  --> C:\Users\john\.cargo\registry\src\index.crates.io-1949cf8c6b5b557f\winnow-0.7.13\src\stream\range.rs:53:16
   |
53 |         if let Some(end_inclusive) = &self.end_inclusive {
   |                ^^^^ not found in this scope
   |
help: consider importing this tuple variant
   |
1  + use core::option::Option::Some;
   |

error[E0405]: cannot find trait `From` in this scope
  --> C:\Users\john\.cargo\registry\src\index.crates.io-1949cf8c6b5b557f\winnow-0.7.13\src\stream\range.rs:61:6
   |
61 | impl From<usize> for Range {
   |      ^^^^ not found in this scope
   |
help: consider importing this trait
   |
1  + use core::convert::From;
   |

error[E0405]: cannot find trait `From` in this scope
  --> C:\Users\john\.cargo\registry\src\index.crates.io-1949cf8c6b5b557f\winnow-0.7.13\src\stream\range.rs:68:6
   |
68 | impl From<crate::lib::std::ops::Range<usize>> for Range {
   |      ^^^^ not found in this scope
   |
help: consider importing this trait
   |
1  + use core::convert::From;
   |

error[E0425]: cannot find function, tuple struct or tuple variant `Some` in this scope
  --> C:\Users\john\.cargo\registry\src\index.crates.io-1949cf8c6b5b557f\winnow-0.7.13\src\stream\range.rs:72:29
   |
72 |         let end_inclusive = Some(range.end.saturating_sub(1));
   |                             ^^^^ not found in this scope
   |
help: consider importing this tuple variant
   |
1  + use core::option::Option::Some;
   |

error[E0405]: cannot find trait `From` in this scope
  --> C:\Users\john\.cargo\registry\src\index.crates.io-1949cf8c6b5b557f\winnow-0.7.13\src\stream\range.rs:77:6
   |
77 | impl From<crate::lib::std::ops::RangeFull> for Range {
   |      ^^^^ not found in this scope
   |
help: consider importing this trait
   |
1  + use core::convert::From;
   |

error[E0425]: cannot find value `None` in this scope
  --> C:\Users\john\.cargo\registry\src\index.crates.io-1949cf8c6b5b557f\winnow-0.7.13\src\stream\range.rs:81:29
   |
81 |         let end_inclusive = None;
   |                             ^^^^ not found in this scope
   |
help: consider importing this unit variant
   |
1  + use core::option::Option::None;
   |

error[E0405]: cannot find trait `From` in this scope
  --> C:\Users\john\.cargo\registry\src\index.crates.io-1949cf8c6b5b557f\winnow-0.7.13\src\stream\range.rs:86:6
   |
86 | impl From<crate::lib::std::ops::RangeFrom<usize>> for Range {
   |      ^^^^ not found in this scope
   |
help: consider importing this trait
   |
1  + use core::convert::From;
   |

error[E0425]: cannot find value `None` in this scope
  --> C:\Users\john\.cargo\registry\src\index.crates.io-1949cf8c6b5b557f\winnow-0.7.13\src\stream\range.rs:90:29
   |
90 |         let end_inclusive = None;
   |                             ^^^^ not found in this scope
   |
help: consider importing this unit variant
   |
1  + use core::option::Option::None;
   |

error[E0405]: cannot find trait `From` in this scope
  --> C:\Users\john\.cargo\registry\src\index.crates.io-1949cf8c6b5b557f\winnow-0.7.13\src\stream\range.rs:95:6
   |
95 | impl From<crate::lib::std::ops::RangeTo<usize>> for Range {
   |      ^^^^ not found in this scope
   |
help: consider importing this trait
   |
1  + use core::convert::From;
   |

error[E0425]: cannot find function, tuple struct or tuple variant `Some` in this scope
  --> C:\Users\john\.cargo\registry\src\index.crates.io-1949cf8c6b5b557f\winnow-0.7.13\src\stream\range.rs:99:29
   |
99 |         let end_inclusive = Some(range.end.saturating_sub(1));
   |                             ^^^^ not found in this scope
   |
help: consider importing this tuple variant
   |
1  + use core::option::Option::Some;
   |

error[E0405]: cannot find trait `From` in this scope
   --> C:\Users\john\.cargo\registry\src\index.crates.io-1949cf8c6b5b557f\winnow-0.7.13\src\stream\range.rs:104:6
    |
104 | impl From<crate::lib::std::ops::RangeInclusive<usize>> for Range {
    |      ^^^^ not found in this scope
    |
help: consider importing this trait
    |
1   + use core::convert::From;
    |

error[E0425]: cannot find function, tuple struct or tuple variant `Some` in this scope
   --> C:\Users\john\.cargo\registry\src\index.crates.io-1949cf8c6b5b557f\winnow-0.7.13\src\stream\range.rs:108:29
    |
108 |         let end_inclusive = Some(*range.end());
    |                             ^^^^ not found in this scope
    |
help: consider importing this tuple variant
    |
1   + use core::option::Option::Some;
    |

error[E0405]: cannot find trait `From` in this scope
   --> C:\Users\john\.cargo\registry\src\index.crates.io-1949cf8c6b5b557f\winnow-0.7.13\src\stream\range.rs:113:6
    |
113 | impl From<crate::lib::std::ops::RangeToInclusive<usize>> for Range {
    |      ^^^^ not found in this scope
    |
help: consider importing this trait
    |
1   + use core::convert::From;
    |

error[E0425]: cannot find function, tuple struct or tuple variant `Some` in this scope
   --> C:\Users\john\.cargo\registry\src\index.crates.io-1949cf8c6b5b557f\winnow-0.7.13\src\stream\range.rs:117:29
    |
117 |         let end_inclusive = Some(range.end);
    |                             ^^^^ not found in this scope
    |
help: consider importing this tuple variant
    |
1   + use core::option::Option::Some;
    |

error[E0531]: cannot find tuple struct or tuple variant `Some` in this scope
   --> C:\Users\john\.cargo\registry\src\index.crates.io-1949cf8c6b5b557f\winnow-0.7.13\src\stream\range.rs:126:13
    |
126 |             Some(e) if e == self.start_inclusive => {}
    |             ^^^^ not found in this scope
    |
help: consider importing this tuple variant
    |
1   + use core::option::Option::Some;
    |

error[E0531]: cannot find tuple struct or tuple variant `Some` in this scope
   --> C:\Users\john\.cargo\registry\src\index.crates.io-1949cf8c6b5b557f\winnow-0.7.13\src\stream\range.rs:127:13
    |
127 |             Some(e) => {
    |             ^^^^ not found in this scope
    |
help: consider importing this tuple variant
    |
1   + use core::option::Option::Some;
    |

error[E0425]: cannot find function, tuple struct or tuple variant `Ok` in this scope
   --> C:\Users\john\.cargo\registry\src\index.crates.io-1949cf8c6b5b557f\winnow-0.7.13\src\stream\range.rs:135:9
    |
135 |         Ok(())
    |         ^^ not found in this scope
    |
help: consider importing one of these tuple variants
    |
1   + use crate::stream::CompareResult::Ok;
    |
1   + use core::result::Result::Ok;
    |

error[E0405]: cannot find trait `AsRef` in this scope
  --> C:\Users\john\.cargo\registry\src\index.crates.io-1949cf8c6b5b557f\winnow-0.7.13\src\stream\stateful.rs:65:12
   |
65 | impl<I, S> AsRef<I> for Stateful<I, S> {
   |            ^^^^^ not found in this scope
   |
help: consider importing this trait
   |
1  + use core::convert::AsRef;
   |

error[E0412]: cannot find type `Option` in this scope
   --> C:\Users\john\.cargo\registry\src\index.crates.io-1949cf8c6b5b557f\winnow-0.7.13\src\stream\stateful.rs:115:33
    |
115 |     fn next_token(&mut self) -> Option<Self::Token> {
    |                                 ^^^^^^ not found in this scope
    |
help: consider importing this enum
    |
1   + use core::option::Option;
    |

error[E0412]: cannot find type `Option` in this scope
   --> C:\Users\john\.cargo\registry\src\index.crates.io-1949cf8c6b5b557f\winnow-0.7.13\src\stream\stateful.rs:120:29
    |
120 |     fn peek_token(&self) -> Option<Self::Token> {
    |                             ^^^^^^ not found in this scope
    |
help: consider importing this enum
    |
1   + use core::option::Option;
    |

error[E0405]: cannot find trait `Fn` in this scope
   --> C:\Users\john\.cargo\registry\src\index.crates.io-1949cf8c6b5b557f\winnow-0.7.13\src\stream\stateful.rs:127:12
    |
127 |         P: Fn(Self::Token) -> bool,
    |            ^^ not found in this scope
    |
help: consider importing this trait
    |
1   + use core::ops::Fn;
    |

error[E0412]: cannot find type `Option` in this scope
   --> C:\Users\john\.cargo\registry\src\index.crates.io-1949cf8c6b5b557f\winnow-0.7.13\src\stream\stateful.rs:125:46
    |
125 |     fn offset_for<P>(&self, predicate: P) -> Option<usize>
    |                                              ^^^^^^ not found in this scope
    |
help: consider importing this enum
    |
1   + use core::option::Option;
    |

error[E0412]: cannot find type `Result` in this scope
   --> C:\Users\john\.cargo\registry\src\index.crates.io-1949cf8c6b5b557f\winnow-0.7.13\src\stream\stateful.rs:132:43
    |
132 |     fn offset_at(&self, tokens: usize) -> Result<usize, Needed> {
    |                                           ^^^^^^ not found in this scope
    |
help: consider importing one of these items
    |
1   + use crate::Result;
    |
1   + use core::fmt::Result;
    |
1   + use core::result::Result;
    |
1   + use alloc::fmt::Result;
    |

error[E0405]: cannot find trait `Clone` in this scope
   --> C:\Users\john\.cargo\registry\src\index.crates.io-1949cf8c6b5b557f\winnow-0.7.13\src\stream\stateful.rs:243:8
    |
243 |     S: Clone + crate::lib::std::fmt::Debug,
    |        ^^^^^ not found in this scope
    |
help: consider importing this trait
    |
1   + use core::clone::Clone;
    |

error[E0412]: cannot find type `Option` in this scope
   --> C:\Users\john\.cargo\registry\src\index.crates.io-1949cf8c6b5b557f\winnow-0.7.13\src\stream\stateful.rs:297:40
    |
297 |     fn find_slice(&self, substr: T) -> Option<crate::lib::std::ops::Range<usize>> {
    |                                        ^^^^^^ not found in this scope
    |
help: consider importing this enum
    |
1   + use core::option::Option;
    |

error[E0405]: cannot find trait `Clone` in this scope
   --> C:\Users\john\.cargo\registry\src\index.crates.io-1949cf8c6b5b557f\winnow-0.7.13\src\stream\stateful.rs:305:8
    |
305 |     S: Clone + crate::lib::std::fmt::Debug,
    |        ^^^^^ not found in this scope
    |
help: consider importing this trait
    |
1   + use core::clone::Clone;
    |

error[E0405]: cannot find trait `Clone` in this scope
  --> C:\Users\john\.cargo\registry\src\index.crates.io-1949cf8c6b5b557f\winnow-0.7.13\src\stream\token.rs:35:38
   |
35 |     T: crate::lib::std::fmt::Debug + Clone,
   |                                      ^^^^^ not found in this scope
   |
help: consider importing this trait
   |
1  + use core::clone::Clone;
   |

error[E0405]: cannot find trait `Iterator` in this scope
  --> C:\Users\john\.cargo\registry\src\index.crates.io-1949cf8c6b5b557f\winnow-0.7.13\src\stream\token.rs:61:43
   |
61 |     pub fn previous_tokens(&self) -> impl Iterator<Item = &'t T> {
   |                                           ^^^^^^^^ not found in this scope
   |
help: consider importing this trait
   |
1  + use core::iter::Iterator;
   |

error[E0412]: cannot find type `Option` in this scope
  --> C:\Users\john\.cargo\registry\src\index.crates.io-1949cf8c6b5b557f\winnow-0.7.13\src\stream\token.rs:73:37
   |
73 |     fn previous_token_end(&self) -> Option<usize> {
   |                                     ^^^^^^ not found in this scope
   |
help: consider importing this enum
   |
1  + use core::option::Option;
   |

error[E0412]: cannot find type `Option` in this scope
  --> C:\Users\john\.cargo\registry\src\index.crates.io-1949cf8c6b5b557f\winnow-0.7.13\src\stream\token.rs:81:38
   |
81 |     fn current_token_start(&self) -> Option<usize> {
   |                                      ^^^^^^ not found in this scope
   |
help: consider importing this enum
   |
1  + use core::option::Option;
   |

error[E0405]: cannot find trait `Default` in this scope
  --> C:\Users\john\.cargo\registry\src\index.crates.io-1949cf8c6b5b557f\winnow-0.7.13\src\stream\token.rs:86:9
   |
86 | impl<T> Default for TokenSlice<'_, T>
   |         ^^^^^^^ not found in this scope
   |
help: consider importing this trait
   |
1  + use core::default::Default;
   |

error[E0405]: cannot find trait `Clone` in this scope
  --> C:\Users\john\.cargo\registry\src\index.crates.io-1949cf8c6b5b557f\winnow-0.7.13\src\stream\token.rs:88:38
   |
88 |     T: crate::lib::std::fmt::Debug + Clone,
   |                                      ^^^^^ not found in this scope
   |
help: consider importing this trait
   |
1  + use core::clone::Clone;
   |

error[E0405]: cannot find trait `Clone` in this scope
   --> C:\Users\john\.cargo\registry\src\index.crates.io-1949cf8c6b5b557f\winnow-0.7.13\src\stream\token.rs:118:38
    |
118 |     T: crate::lib::std::fmt::Debug + Clone,
    |                                      ^^^^^ not found in this scope
    |
help: consider importing this trait
    |
1   + use core::clone::Clone;
    |

error[E0412]: cannot find type `Option` in this scope
   --> C:\Users\john\.cargo\registry\src\index.crates.io-1949cf8c6b5b557f\winnow-0.7.13\src\stream\token.rs:137:33
    |
137 |     fn next_token(&mut self) -> Option<Self::Token> {
    |                                 ^^^^^^ not found in this scope
    |
help: consider importing this enum
    |
1   + use core::option::Option;
    |

error[E0425]: cannot find function, tuple struct or tuple variant `Some` in this scope
   --> C:\Users\john\.cargo\registry\src\index.crates.io-1949cf8c6b5b557f\winnow-0.7.13\src\stream\token.rs:140:9
    |
140 |         Some(token)
    |         ^^^^ not found in this scope
    |
help: consider importing this tuple variant
    |
1   + use core::option::Option::Some;
    |

error[E0412]: cannot find type `Option` in this scope
   --> C:\Users\john\.cargo\registry\src\index.crates.io-1949cf8c6b5b557f\winnow-0.7.13\src\stream\token.rs:144:29
    |
144 |     fn peek_token(&self) -> Option<Self::Token> {
    |                             ^^^^^^ not found in this scope
    |
help: consider importing this enum
    |
1   + use core::option::Option;
    |

error[E0405]: cannot find trait `Fn` in this scope
   --> C:\Users\john\.cargo\registry\src\index.crates.io-1949cf8c6b5b557f\winnow-0.7.13\src\stream\token.rs:151:12
    |
151 |         P: Fn(Self::Token) -> bool,
    |            ^^ not found in this scope
    |
help: consider importing this trait
    |
1   + use core::ops::Fn;
    |

error[E0412]: cannot find type `Option` in this scope
   --> C:\Users\john\.cargo\registry\src\index.crates.io-1949cf8c6b5b557f\winnow-0.7.13\src\stream\token.rs:149:46
    |
149 |     fn offset_for<P>(&self, predicate: P) -> Option<usize>
    |                                              ^^^^^^ not found in this scope
    |
help: consider importing this enum
    |
1   + use core::option::Option;
    |

error[E0412]: cannot find type `Result` in this scope
   --> C:\Users\john\.cargo\registry\src\index.crates.io-1949cf8c6b5b557f\winnow-0.7.13\src\stream\token.rs:156:43
    |
156 |     fn offset_at(&self, tokens: usize) -> Result<usize, Needed> {
    |                                           ^^^^^^ not found in this scope
    |
help: consider importing one of these items
    |
1   + use crate::Result;
    |
1   + use core::fmt::Result;
    |
1   + use core::result::Result;
    |
1   + use alloc::fmt::Result;
    |

error[E0405]: cannot find trait `Clone` in this scope
   --> C:\Users\john\.cargo\registry\src\index.crates.io-1949cf8c6b5b557f\winnow-0.7.13\src\stream\token.rs:241:38
    |
241 |     T: crate::lib::std::fmt::Debug + Clone,
    |                                      ^^^^^ not found in this scope
    |
help: consider importing this trait
    |
1   + use core::clone::Clone;
    |

error[E0405]: cannot find trait `Clone` in this scope
   --> C:\Users\john\.cargo\registry\src\index.crates.io-1949cf8c6b5b557f\winnow-0.7.13\src\stream\token.rs:269:38
    |
269 |     T: crate::lib::std::fmt::Debug + Clone,
    |                                      ^^^^^ not found in this scope
    |
help: consider importing this trait
    |
1   + use core::clone::Clone;
    |

error[E0405]: cannot find trait `Clone` in this scope
   --> C:\Users\john\.cargo\registry\src\index.crates.io-1949cf8c6b5b557f\winnow-0.7.13\src\stream\token.rs:279:38
    |
279 |     T: crate::lib::std::fmt::Debug + Clone,
    |                                      ^^^^^ not found in this scope
    |
help: consider importing this trait
    |
1   + use core::clone::Clone;
    |

error[E0405]: cannot find trait `PartialEq` in this scope
   --> C:\Users\john\.cargo\registry\src\index.crates.io-1949cf8c6b5b557f\winnow-0.7.13\src\stream\token.rs:289:8
    |
289 |     T: PartialEq<O> + Eq,
    |        ^^^^^^^^^ not found in this scope
    |
help: consider importing this trait
    |
1   + use core::cmp::PartialEq;
    |

error[E0405]: cannot find trait `Eq` in this scope
   --> C:\Users\john\.cargo\registry\src\index.crates.io-1949cf8c6b5b557f\winnow-0.7.13\src\stream\token.rs:289:23
    |
289 |     T: PartialEq<O> + Eq,
    |                       ^^ not found in this scope
    |
help: consider importing this trait
    |
1   + use core::cmp::Eq;
    |

error[E0531]: cannot find tuple struct or tuple variant `Some` in this scope
   --> C:\Users\john\.cargo\registry\src\index.crates.io-1949cf8c6b5b557f\winnow-0.7.13\src\stream\token.rs:293:16
    |
293 |         if let Some(token) = self.first() {
    |                ^^^^ not found in this scope
    |
help: consider importing this tuple variant
    |
1   + use core::option::Option::Some;
    |

error[E0405]: cannot find trait `Clone` in this scope
   --> C:\Users\john\.cargo\registry\src\index.crates.io-1949cf8c6b5b557f\winnow-0.7.13\src\stream\token.rs:307:38
    |
307 |     T: crate::lib::std::fmt::Debug + Clone,
    |                                      ^^^^^ not found in this scope
    |
help: consider importing this trait
    |
1   + use core::clone::Clone;
    |

error[E0405]: cannot find trait `Iterator` in this scope
   --> C:\Users\john\.cargo\registry\src\index.crates.io-1949cf8c6b5b557f\winnow-0.7.13\src\stream\mod.rs:149:23
    |
149 |     type IterOffsets: Iterator<Item = (usize, Self::Token)>;
    |                       ^^^^^^^^ not found in this scope
    |
help: consider importing this trait
    |
12  + use core::iter::Iterator;
    |

error[E0405]: cannot find trait `Clone` in this scope
   --> C:\Users\john\.cargo\registry\src\index.crates.io-1949cf8c6b5b557f\winnow-0.7.13\src\stream\mod.rs:152:31
    |
152 |     type Checkpoint: Offset + Clone + crate::lib::std::fmt::Debug;
    |                               ^^^^^ not found in this scope
    |
help: consider importing this trait
    |
12  + use core::clone::Clone;
    |

error[E0412]: cannot find type `Option` in this scope
   --> C:\Users\john\.cargo\registry\src\index.crates.io-1949cf8c6b5b557f\winnow-0.7.13\src\stream\mod.rs:161:33
    |
161 |     fn next_token(&mut self) -> Option<Self::Token>;
    |                                 ^^^^^^ not found in this scope
    |
help: consider importing this enum
    |
12  + use core::option::Option;
    |

error[E0412]: cannot find type `Option` in this scope
   --> C:\Users\john\.cargo\registry\src\index.crates.io-1949cf8c6b5b557f\winnow-0.7.13\src\stream\mod.rs:163:29
    |
163 |     fn peek_token(&self) -> Option<Self::Token>;
    |                             ^^^^^^ not found in this scope
    |
help: consider importing this enum
    |
12  + use core::option::Option;
    |

error[E0405]: cannot find trait `Fn` in this scope
   --> C:\Users\john\.cargo\registry\src\index.crates.io-1949cf8c6b5b557f\winnow-0.7.13\src\stream\mod.rs:168:12
    |
168 |         P: Fn(Self::Token) -> bool;
    |            ^^ not found in this scope
    |
help: consider importing this trait
    |
12  + use core::ops::Fn;
    |

error[E0412]: cannot find type `Option` in this scope
   --> C:\Users\john\.cargo\registry\src\index.crates.io-1949cf8c6b5b557f\winnow-0.7.13\src\stream\mod.rs:166:46
    |
166 |     fn offset_for<P>(&self, predicate: P) -> Option<usize>
    |                                              ^^^^^^ not found in this scope
    |
help: consider importing this enum
    |
12  + use core::option::Option;
    |

error[E0412]: cannot find type `Result` in this scope
   --> C:\Users\john\.cargo\registry\src\index.crates.io-1949cf8c6b5b557f\winnow-0.7.13\src\stream\mod.rs:172:43
    |
172 |     fn offset_at(&self, tokens: usize) -> Result<usize, Needed>;
    |                                           ^^^^^^ not found in this scope
    |
help: consider importing one of these items
    |
12  + use crate::Result;
    |
12  + use core::fmt::Result;
    |
12  + use core::result::Result;
    |
12  + use alloc::fmt::Result;
    |

error[E0405]: cannot find trait `Clone` in this scope
   --> C:\Users\john\.cargo\registry\src\index.crates.io-1949cf8c6b5b557f\winnow-0.7.13\src\stream\mod.rs:245:15
    |
245 |         Self: Clone,
    |               ^^^^^ not found in this scope
    |
help: consider importing this trait
    |
12  + use core::clone::Clone;
    |

error[E0405]: cannot find trait `Clone` in this scope
   --> C:\Users\john\.cargo\registry\src\index.crates.io-1949cf8c6b5b557f\winnow-0.7.13\src\stream\mod.rs:272:8
    |
272 |     T: Clone + crate::lib::std::fmt::Debug,
    |        ^^^^^ not found in this scope
    |
help: consider importing this trait
    |
12  + use core::clone::Clone;
    |

error[E0412]: cannot find type `Option` in this scope
   --> C:\Users\john\.cargo\registry\src\index.crates.io-1949cf8c6b5b557f\winnow-0.7.13\src\stream\mod.rs:291:33
    |
291 |     fn next_token(&mut self) -> Option<Self::Token> {
    |                                 ^^^^^^ not found in this scope
    |
help: consider importing this enum
    |
12  + use core::option::Option;
    |

error[E0425]: cannot find function, tuple struct or tuple variant `Some` in this scope
   --> C:\Users\john\.cargo\registry\src\index.crates.io-1949cf8c6b5b557f\winnow-0.7.13\src\stream\mod.rs:294:9
    |
294 |         Some(token.clone())
    |         ^^^^ not found in this scope
    |
help: consider importing this tuple variant
    |
12  + use core::option::Option::Some;
    |

error[E0412]: cannot find type `Option` in this scope
   --> C:\Users\john\.cargo\registry\src\index.crates.io-1949cf8c6b5b557f\winnow-0.7.13\src\stream\mod.rs:298:29
    |
298 |     fn peek_token(&self) -> Option<Self::Token> {
    |                             ^^^^^^ not found in this scope
    |
help: consider importing this enum
    |
12  + use core::option::Option;
    |

error[E0425]: cannot find value `None` in this scope
   --> C:\Users\john\.cargo\registry\src\index.crates.io-1949cf8c6b5b557f\winnow-0.7.13\src\stream\mod.rs:300:13
    |
300 |             None
    |             ^^^^ not found in this scope
    |
help: consider importing this unit variant
    |
12  + use core::option::Option::None;
    |

error[E0425]: cannot find function, tuple struct or tuple variant `Some` in this scope
   --> C:\Users\john\.cargo\registry\src\index.crates.io-1949cf8c6b5b557f\winnow-0.7.13\src\stream\mod.rs:302:13
    |
302 |             Some(self[0].clone())
    |             ^^^^ not found in this scope
    |
help: consider importing this tuple variant
    |
12  + use core::option::Option::Some;
    |

error[E0405]: cannot find trait `Fn` in this scope
   --> C:\Users\john\.cargo\registry\src\index.crates.io-1949cf8c6b5b557f\winnow-0.7.13\src\stream\mod.rs:309:12
    |
309 |         P: Fn(Self::Token) -> bool,
    |            ^^ not found in this scope
    |
help: consider importing this trait
    |
12  + use core::ops::Fn;
    |

error[E0412]: cannot find type `Option` in this scope
   --> C:\Users\john\.cargo\registry\src\index.crates.io-1949cf8c6b5b557f\winnow-0.7.13\src\stream\mod.rs:307:46
    |
307 |     fn offset_for<P>(&self, predicate: P) -> Option<usize>
    |                                              ^^^^^^ not found in this scope
    |
help: consider importing this enum
    |
12  + use core::option::Option;
    |

error[E0412]: cannot find type `Result` in this scope
   --> C:\Users\john\.cargo\registry\src\index.crates.io-1949cf8c6b5b557f\winnow-0.7.13\src\stream\mod.rs:314:43
    |
314 |     fn offset_at(&self, tokens: usize) -> Result<usize, Needed> {
    |                                           ^^^^^^ not found in this scope
    |
help: consider importing one of these items
    |
12  + use crate::Result;
    |
12  + use core::fmt::Result;
    |
12  + use core::result::Result;
    |
12  + use alloc::fmt::Result;
    |

error[E0531]: cannot find tuple struct or tuple variant `Some` in this scope
   --> C:\Users\john\.cargo\registry\src\index.crates.io-1949cf8c6b5b557f\winnow-0.7.13\src\stream\mod.rs:315:16
    |
315 |         if let Some(needed) = tokens.checked_sub(self.len()).and_then(NonZeroUsize::new) {
    |                ^^^^ not found in this scope
    |
help: consider importing this tuple variant
    |
12  + use core::option::Option::Some;
    |

error[E0425]: cannot find function, tuple struct or tuple variant `Err` in this scope
   --> C:\Users\john\.cargo\registry\src\index.crates.io-1949cf8c6b5b557f\winnow-0.7.13\src\stream\mod.rs:316:13
    |
316 |             Err(Needed::Size(needed))
    |             ^^^ not found in this scope
    |
help: consider importing this tuple variant
    |
12  + use core::result::Result::Err;
    |

error[E0425]: cannot find function, tuple struct or tuple variant `Ok` in this scope
   --> C:\Users\john\.cargo\registry\src\index.crates.io-1949cf8c6b5b557f\winnow-0.7.13\src\stream\mod.rs:318:13
    |
318 |             Ok(tokens)
    |             ^^ not found in this scope
    |
help: consider importing one of these tuple variants
    |
12  + use crate::stream::CompareResult::Ok;
    |
12  + use core::result::Result::Ok;
    |

error[E0412]: cannot find type `Option` in this scope
   --> C:\Users\john\.cargo\registry\src\index.crates.io-1949cf8c6b5b557f\winnow-0.7.13\src\stream\mod.rs:390:33
    |
390 |     fn next_token(&mut self) -> Option<Self::Token> {
    |                                 ^^^^^^ not found in this scope
    |
help: consider importing this enum
    |
12  + use core::option::Option;
    |

error[E0425]: cannot find function, tuple struct or tuple variant `Some` in this scope
   --> C:\Users\john\.cargo\registry\src\index.crates.io-1949cf8c6b5b557f\winnow-0.7.13\src\stream\mod.rs:394:9
    |
394 |         Some(c)
    |         ^^^^ not found in this scope
    |
help: consider importing this tuple variant
    |
12  + use core::option::Option::Some;
    |

error[E0412]: cannot find type `Option` in this scope
   --> C:\Users\john\.cargo\registry\src\index.crates.io-1949cf8c6b5b557f\winnow-0.7.13\src\stream\mod.rs:398:29
    |
398 |     fn peek_token(&self) -> Option<Self::Token> {
    |                             ^^^^^^ not found in this scope
    |
help: consider importing this enum
    |
12  + use core::option::Option;
    |

error[E0405]: cannot find trait `Fn` in this scope
   --> C:\Users\john\.cargo\registry\src\index.crates.io-1949cf8c6b5b557f\winnow-0.7.13\src\stream\mod.rs:405:12
    |
405 |         P: Fn(Self::Token) -> bool,
    |            ^^ not found in this scope
    |
help: consider importing this trait
    |
12  + use core::ops::Fn;
    |

error[E0412]: cannot find type `Option` in this scope
   --> C:\Users\john\.cargo\registry\src\index.crates.io-1949cf8c6b5b557f\winnow-0.7.13\src\stream\mod.rs:403:46
    |
403 |     fn offset_for<P>(&self, predicate: P) -> Option<usize>
    |                                              ^^^^^^ not found in this scope
    |
help: consider importing this enum
    |
12  + use core::option::Option;
    |

error[E0425]: cannot find function, tuple struct or tuple variant `Some` in this scope
   --> C:\Users\john\.cargo\registry\src\index.crates.io-1949cf8c6b5b557f\winnow-0.7.13\src\stream\mod.rs:409:24
    |
409 |                 return Some(o);
    |                        ^^^^ not found in this scope
    |
help: consider importing this tuple variant
    |
12  + use core::option::Option::Some;
    |

error[E0425]: cannot find value `None` in this scope
   --> C:\Users\john\.cargo\registry\src\index.crates.io-1949cf8c6b5b557f\winnow-0.7.13\src\stream\mod.rs:412:9
    |
412 |         None
    |         ^^^^ not found in this scope
    |
help: consider importing this unit variant
    |
12  + use core::option::Option::None;
    |

error[E0412]: cannot find type `Result` in this scope
   --> C:\Users\john\.cargo\registry\src\index.crates.io-1949cf8c6b5b557f\winnow-0.7.13\src\stream\mod.rs:415:43
    |
415 |     fn offset_at(&self, tokens: usize) -> Result<usize, Needed> {
    |                                           ^^^^^^ not found in this scope
    |
help: consider importing one of these items
    |
12  + use crate::Result;
    |
12  + use core::fmt::Result;
    |
12  + use core::result::Result;
    |
12  + use alloc::fmt::Result;
    |

error[E0425]: cannot find function, tuple struct or tuple variant `Ok` in this scope
   --> C:\Users\john\.cargo\registry\src\index.crates.io-1949cf8c6b5b557f\winnow-0.7.13\src\stream\mod.rs:419:24
    |
419 |                 return Ok(offset);
    |                        ^^ not found in this scope
    |
help: consider importing one of these tuple variants
    |
12  + use crate::stream::CompareResult::Ok;
    |
12  + use core::result::Result::Ok;
    |

error[E0425]: cannot find function, tuple struct or tuple variant `Ok` in this scope
   --> C:\Users\john\.cargo\registry\src\index.crates.io-1949cf8c6b5b557f\winnow-0.7.13\src\stream\mod.rs:425:13
    |
425 |             Ok(self.eof_offset())
    |             ^^ not found in this scope
    |
help: consider importing one of these tuple variants
    |
12  + use crate::stream::CompareResult::Ok;
    |
12  + use core::result::Result::Ok;
    |

error[E0425]: cannot find function, tuple struct or tuple variant `Err` in this scope
   --> C:\Users\john\.cargo\registry\src\index.crates.io-1949cf8c6b5b557f\winnow-0.7.13\src\stream\mod.rs:427:13
    |
427 |             Err(Needed::Unknown)
    |             ^^^ not found in this scope
    |
help: consider importing this tuple variant
    |
12  + use core::result::Result::Err;
    |

error[E0405]: cannot find trait `Clone` in this scope
   --> C:\Users\john\.cargo\registry\src\index.crates.io-1949cf8c6b5b557f\winnow-0.7.13\src\stream\mod.rs:481:29
    |
481 |     I: Stream<Token = u8> + Clone,
    |                             ^^^^^ not found in this scope
    |
help: consider importing this trait
    |
12  + use core::clone::Clone;
    |

error[E0412]: cannot find type `Option` in this scope
   --> C:\Users\john\.cargo\registry\src\index.crates.io-1949cf8c6b5b557f\winnow-0.7.13\src\stream\mod.rs:508:33
    |
508 |     fn next_token(&mut self) -> Option<Self::Token> {
    |                                 ^^^^^^ not found in this scope
    |
help: consider importing this enum
    |
12  + use core::option::Option;
    |

error[E0412]: cannot find type `Option` in this scope
   --> C:\Users\john\.cargo\registry\src\index.crates.io-1949cf8c6b5b557f\winnow-0.7.13\src\stream\mod.rs:513:29
    |
513 |     fn peek_token(&self) -> Option<Self::Token> {
    |                             ^^^^^^ not found in this scope
    |
help: consider importing this enum
    |
12  + use core::option::Option;
    |

error[E0405]: cannot find trait `Fn` in this scope
   --> C:\Users\john\.cargo\registry\src\index.crates.io-1949cf8c6b5b557f\winnow-0.7.13\src\stream\mod.rs:520:12
    |
520 |         P: Fn(Self::Token) -> bool,
    |            ^^ not found in this scope
    |
help: consider importing this trait
    |
12  + use core::ops::Fn;
    |

error[E0412]: cannot find type `Option` in this scope
   --> C:\Users\john\.cargo\registry\src\index.crates.io-1949cf8c6b5b557f\winnow-0.7.13\src\stream\mod.rs:518:46
    |
518 |     fn offset_for<P>(&self, predicate: P) -> Option<usize>
    |                                              ^^^^^^ not found in this scope
    |
help: consider importing this enum
    |
12  + use core::option::Option;
    |

error[E0412]: cannot find type `Result` in this scope
   --> C:\Users\john\.cargo\registry\src\index.crates.io-1949cf8c6b5b557f\winnow-0.7.13\src\stream\mod.rs:526:43
    |
526 |     fn offset_at(&self, tokens: usize) -> Result<usize, Needed> {
    |                                           ^^^^^^ not found in this scope
    |
help: consider importing one of these items
    |
12  + use crate::Result;
    |
12  + use core::fmt::Result;
    |
12  + use core::result::Result;
    |
12  + use alloc::fmt::Result;
    |

error[E0531]: cannot find tuple struct or tuple variant `Some` in this scope
   --> C:\Users\john\.cargo\registry\src\index.crates.io-1949cf8c6b5b557f\winnow-0.7.13\src\stream\mod.rs:527:16
    |
527 |         if let Some(needed) = tokens
    |                ^^^^ not found in this scope
    |
help: consider importing this tuple variant
    |
12  + use core::option::Option::Some;
    |

error[E0425]: cannot find function, tuple struct or tuple variant `Err` in this scope
   --> C:\Users\john\.cargo\registry\src\index.crates.io-1949cf8c6b5b557f\winnow-0.7.13\src\stream\mod.rs:531:13
    |
531 |             Err(Needed::Size(needed))
    |             ^^^ not found in this scope
    |
help: consider importing this tuple variant
    |
12  + use core::result::Result::Err;
    |

error[E0425]: cannot find function, tuple struct or tuple variant `Ok` in this scope
   --> C:\Users\john\.cargo\registry\src\index.crates.io-1949cf8c6b5b557f\winnow-0.7.13\src\stream\mod.rs:533:13
    |
533 |             Ok(tokens)
    |             ^^ not found in this scope
    |
help: consider importing one of these tuple variants
    |
12  + use crate::stream::CompareResult::Ok;
    |
12  + use core::result::Result::Ok;
    |

error[E0405]: cannot find trait `Iterator` in this scope
   --> C:\Users\john\.cargo\registry\src\index.crates.io-1949cf8c6b5b557f\winnow-0.7.13\src\stream\mod.rs:576:9
    |
576 | impl<I> Iterator for BitOffsets<I>
    |         ^^^^^^^^ not found in this scope
    |
help: consider importing this trait
    |
12  + use core::iter::Iterator;
    |

error[E0405]: cannot find trait `Clone` in this scope
   --> C:\Users\john\.cargo\registry\src\index.crates.io-1949cf8c6b5b557f\winnow-0.7.13\src\stream\mod.rs:578:29
    |
578 |     I: Stream<Token = u8> + Clone,
    |                             ^^^^^ not found in this scope
    |
help: consider importing this trait
    |
12  + use core::clone::Clone;
    |

error[E0412]: cannot find type `Option` in this scope
   --> C:\Users\john\.cargo\registry\src\index.crates.io-1949cf8c6b5b557f\winnow-0.7.13\src\stream\mod.rs:581:27
    |
581 |     fn next(&mut self) -> Option<Self::Item> {
    |                           ^^^^^^ not found in this scope
    |
help: consider importing this enum
    |
12  + use core::option::Option;
    |

error[E0425]: cannot find function, tuple struct or tuple variant `Some` in this scope
   --> C:\Users\john\.cargo\registry\src\index.crates.io-1949cf8c6b5b557f\winnow-0.7.13\src\stream\mod.rs:587:9
    |
587 |         Some((o, b))
    |         ^^^^ not found in this scope
    |
help: consider importing this tuple variant
    |
12  + use core::option::Option::Some;
    |

error[E0405]: cannot find trait `Clone` in this scope
   --> C:\Users\john\.cargo\registry\src\index.crates.io-1949cf8c6b5b557f\winnow-0.7.13\src\stream\mod.rs:593:29
    |
593 |     I: Stream<Token = u8> + Clone,
    |                             ^^^^^ not found in this scope
    |
help: consider importing this trait
    |
12  + use core::clone::Clone;
    |

error[E0412]: cannot find type `Option` in this scope
   --> C:\Users\john\.cargo\registry\src\index.crates.io-1949cf8c6b5b557f\winnow-0.7.13\src\stream\mod.rs:591:39
    |
591 | fn next_bit<I>(i: &mut (I, usize)) -> Option<bool>
    |                                       ^^^^^^ not found in this scope
    |
help: consider importing this enum
    |
12  + use core::option::Option;
    |

error[E0425]: cannot find value `None` in this scope
   --> C:\Users\john\.cargo\registry\src\index.crates.io-1949cf8c6b5b557f\winnow-0.7.13\src\stream\mod.rs:596:16
    |
596 |         return None;
    |                ^^^^ not found in this scope
    |
help: consider importing this unit variant
    |
12  + use core::option::Option::None;
    |

error[E0425]: cannot find function, tuple struct or tuple variant `Some` in this scope
   --> C:\Users\john\.cargo\registry\src\index.crates.io-1949cf8c6b5b557f\winnow-0.7.13\src\stream\mod.rs:608:9
    |
608 |         Some(bit)
    |         ^^^^ not found in this scope
    |
help: consider importing this tuple variant
    |
12  + use core::option::Option::Some;
    |

error[E0425]: cannot find function, tuple struct or tuple variant `Some` in this scope
   --> C:\Users\john\.cargo\registry\src\index.crates.io-1949cf8c6b5b557f\winnow-0.7.13\src\stream\mod.rs:611:9
    |
611 |         Some(bit)
    |         ^^^^ not found in this scope
    |
help: consider importing this tuple variant
    |
12  + use core::option::Option::Some;
    |

error[E0405]: cannot find trait `Clone` in this scope
   --> C:\Users\john\.cargo\registry\src\index.crates.io-1949cf8c6b5b557f\winnow-0.7.13\src\stream\mod.rs:617:29
    |
617 |     I: Stream<Token = u8> + Clone,
    |                             ^^^^^ not found in this scope
    |
help: consider importing this trait
    |
12  + use core::clone::Clone;
    |

error[E0412]: cannot find type `Option` in this scope
   --> C:\Users\john\.cargo\registry\src\index.crates.io-1949cf8c6b5b557f\winnow-0.7.13\src\stream\mod.rs:615:35
    |
615 | fn peek_bit<I>(i: &(I, usize)) -> Option<bool>
    |                                   ^^^^^^ not found in this scope
    |
help: consider importing this enum
    |
12  + use core::option::Option;
    |

error[E0425]: cannot find value `None` in this scope
   --> C:\Users\john\.cargo\registry\src\index.crates.io-1949cf8c6b5b557f\winnow-0.7.13\src\stream\mod.rs:620:16
    |
620 |         return None;
    |                ^^^^ not found in this scope
    |
help: consider importing this unit variant
    |
12  + use core::option::Option::None;
    |

error[E0425]: cannot find function, tuple struct or tuple variant `Some` in this scope
   --> C:\Users\john\.cargo\registry\src\index.crates.io-1949cf8c6b5b557f\winnow-0.7.13\src\stream\mod.rs:630:9
    |
630 |         Some(bit)
    |         ^^^^ not found in this scope
    |
help: consider importing this tuple variant
    |
12  + use core::option::Option::Some;
    |

error[E0425]: cannot find function, tuple struct or tuple variant `Some` in this scope
   --> C:\Users\john\.cargo\registry\src\index.crates.io-1949cf8c6b5b557f\winnow-0.7.13\src\stream\mod.rs:632:9
    |
632 |         Some(bit)
    |         ^^^^ not found in this scope
    |
help: consider importing this tuple variant
    |
12  + use core::option::Option::Some;
    |

error[E0405]: cannot find trait `Sized` in this scope
   --> C:\Users\john\.cargo\registry\src\index.crates.io-1949cf8c6b5b557f\winnow-0.7.13\src\stream\mod.rs:737:28
    |
737 | pub trait StreamIsPartial: Sized {
    |                            ^^^^^ not found in this scope
    |
help: consider importing this trait
    |
12  + use core::marker::Sized;
    |

error[E0405]: cannot find trait `Clone` in this scope
   --> C:\Users\john\.cargo\registry\src\index.crates.io-1949cf8c6b5b557f\winnow-0.7.13\src\stream\mod.rs:846:8
    |
846 |     T: Clone + crate::lib::std::fmt::Debug,
    |        ^^^^^ not found in this scope
    |
help: consider importing this trait
    |
12  + use core::clone::Clone;
    |

error[E0405]: cannot find trait `Clone` in this scope
   --> C:\Users\john\.cargo\registry\src\index.crates.io-1949cf8c6b5b557f\winnow-0.7.13\src\stream\mod.rs:880:29
    |
880 |     I: Stream<Token = u8> + Clone,
    |                             ^^^^^ not found in this scope
    |
help: consider importing this trait
    |
12  + use core::clone::Clone;
    |

error[E0531]: cannot find tuple struct or tuple variant `Some` in this scope
    --> C:\Users\john\.cargo\registry\src\index.crates.io-1949cf8c6b5b557f\winnow-0.7.13\src\stream\mod.rs:1028:13
     |
1028 |             Some(c) if t == c => CompareResult::Ok(t.slice_len()),
     |             ^^^^ not found in this scope
     |
help: consider importing this tuple variant
     |
12   + use core::option::Option::Some;
     |

error[E0531]: cannot find tuple struct or tuple variant `Some` in this scope
    --> C:\Users\john\.cargo\registry\src\index.crates.io-1949cf8c6b5b557f\winnow-0.7.13\src\stream\mod.rs:1029:13
     |
1029 |             Some(_) => CompareResult::Error,
     |             ^^^^ not found in this scope
     |
help: consider importing this tuple variant
     |
12   + use core::option::Option::Some;
     |

error[E0531]: cannot find tuple struct or tuple variant `Some` in this scope
    --> C:\Users\john\.cargo\registry\src\index.crates.io-1949cf8c6b5b557f\winnow-0.7.13\src\stream\mod.rs:1039:13
     |
1039 |             Some(c) if t.0.eq_ignore_ascii_case(c) => CompareResult::Ok(t.slice_len()),
     |             ^^^^ not found in this scope
     |
help: consider importing this tuple variant
     |
12   + use core::option::Option::Some;
     |

error[E0531]: cannot find tuple struct or tuple variant `Some` in this scope
    --> C:\Users\john\.cargo\registry\src\index.crates.io-1949cf8c6b5b557f\winnow-0.7.13\src\stream\mod.rs:1040:13
     |
1040 |             Some(_) => CompareResult::Error,
     |             ^^^^ not found in this scope
     |
help: consider importing this tuple variant
     |
12   + use core::option::Option::Some;
     |

error[E0412]: cannot find type `Option` in this scope
    --> C:\Users\john\.cargo\registry\src\index.crates.io-1949cf8c6b5b557f\winnow-0.7.13\src\stream\mod.rs:1091:40
     |
1091 |     fn find_slice(&self, substr: T) -> Option<crate::lib::std::ops::Range<usize>>;
     |                                        ^^^^^^ not found in this scope
     |
help: consider importing this enum
     |
12   + use core::option::Option;
     |

error[E0412]: cannot find type `Option` in this scope
    --> C:\Users\john\.cargo\registry\src\index.crates.io-1949cf8c6b5b557f\winnow-0.7.13\src\stream\mod.rs:1096:47
     |
1096 |     fn find_slice(&self, substr: &'s [u8]) -> Option<crate::lib::std::ops::Range<usize>> {
     |                                               ^^^^^^ not found in this scope
     |
help: consider importing this enum
     |
12   + use core::option::Option;
     |

error[E0412]: cannot find type `Option` in this scope
    --> C:\Users\john\.cargo\registry\src\index.crates.io-1949cf8c6b5b557f\winnow-0.7.13\src\stream\mod.rs:1103:50
     |
1103 |     fn find_slice(&self, substr: (&'s [u8],)) -> Option<crate::lib::std::ops::Range<usize>> {
     |                                                  ^^^^^^ not found in this scope
     |
help: consider importing this enum
     |
12   + use core::option::Option;
     |

error[E0412]: cannot find type `Option` in this scope
    --> C:\Users\john\.cargo\registry\src\index.crates.io-1949cf8c6b5b557f\winnow-0.7.13\src\stream\mod.rs:1113:10
     |
1113 |     ) -> Option<crate::lib::std::ops::Range<usize>> {
     |          ^^^^^^ not found in this scope
     |
help: consider importing this enum
     |
12   + use core::option::Option;
     |

error[E0412]: cannot find type `Option` in this scope
    --> C:\Users\john\.cargo\registry\src\index.crates.io-1949cf8c6b5b557f\winnow-0.7.13\src\stream\mod.rs:1123:10
     |
1123 |     ) -> Option<crate::lib::std::ops::Range<usize>> {
     |          ^^^^^^ not found in this scope
     |
help: consider importing this enum
     |
12   + use core::option::Option;
     |

error[E0412]: cannot find type `Option` in this scope
    --> C:\Users\john\.cargo\registry\src\index.crates.io-1949cf8c6b5b557f\winnow-0.7.13\src\stream\mod.rs:1130:43
     |
1130 |     fn find_slice(&self, substr: char) -> Option<crate::lib::std::ops::Range<usize>> {
     |                                           ^^^^^^ not found in this scope
     |
help: consider importing this enum
     |
12   + use core::option::Option;
     |

error[E0412]: cannot find type `Option` in this scope
    --> C:\Users\john\.cargo\registry\src\index.crates.io-1949cf8c6b5b557f\winnow-0.7.13\src\stream\mod.rs:1139:46
     |
1139 |     fn find_slice(&self, substr: (char,)) -> Option<crate::lib::std::ops::Range<usize>> {
     |                                              ^^^^^^ not found in this scope
     |
help: consider importing this enum
     |
12   + use core::option::Option;
     |

error[E0412]: cannot find type `Option` in this scope
    --> C:\Users\john\.cargo\registry\src\index.crates.io-1949cf8c6b5b557f\winnow-0.7.13\src\stream\mod.rs:1148:51
     |
1148 |     fn find_slice(&self, substr: (char, char)) -> Option<crate::lib::std::ops::Range<usize>> {
     |                                                   ^^^^^^ not found in this scope
     |
help: consider importing this enum
     |
12   + use core::option::Option;
     |

error[E0412]: cannot find type `Option` in this scope
    --> C:\Users\john\.cargo\registry\src\index.crates.io-1949cf8c6b5b557f\winnow-0.7.13\src\stream\mod.rs:1159:57
     |
1159 |     fn find_slice(&self, substr: (char, char, char)) -> Option<crate::lib::std::ops::Range<usize>> {
     |                                                         ^^^^^^ not found in this scope
     |
help: consider importing this enum
     |
12   + use core::option::Option;
     |

error[E0412]: cannot find type `Option` in this scope
    --> C:\Users\john\.cargo\registry\src\index.crates.io-1949cf8c6b5b557f\winnow-0.7.13\src\stream\mod.rs:1172:41
     |
1172 |     fn find_slice(&self, substr: u8) -> Option<crate::lib::std::ops::Range<usize>> {
     |                                         ^^^^^^ not found in this scope
     |
help: consider importing this enum
     |
12   + use core::option::Option;
     |

error[E0412]: cannot find type `Option` in this scope
    --> C:\Users\john\.cargo\registry\src\index.crates.io-1949cf8c6b5b557f\winnow-0.7.13\src\stream\mod.rs:1179:44
     |
1179 |     fn find_slice(&self, substr: (u8,)) -> Option<crate::lib::std::ops::Range<usize>> {
     |                                            ^^^^^^ not found in this scope
     |
help: consider importing this enum
     |
12   + use core::option::Option;
     |

error[E0412]: cannot find type `Option` in this scope
    --> C:\Users\john\.cargo\registry\src\index.crates.io-1949cf8c6b5b557f\winnow-0.7.13\src\stream\mod.rs:1186:47
     |
1186 |     fn find_slice(&self, substr: (u8, u8)) -> Option<crate::lib::std::ops::Range<usize>> {
     |                                               ^^^^^^ not found in this scope
     |
help: consider importing this enum
     |
12   + use core::option::Option;
     |

error[E0412]: cannot find type `Option` in this scope
    --> C:\Users\john\.cargo\registry\src\index.crates.io-1949cf8c6b5b557f\winnow-0.7.13\src\stream\mod.rs:1193:51
     |
1193 |     fn find_slice(&self, substr: (u8, u8, u8)) -> Option<crate::lib::std::ops::Range<usize>> {
     |                                                   ^^^^^^ not found in this scope
     |
help: consider importing this enum
     |
12   + use core::option::Option;
     |

error[E0412]: cannot find type `Option` in this scope
    --> C:\Users\john\.cargo\registry\src\index.crates.io-1949cf8c6b5b557f\winnow-0.7.13\src\stream\mod.rs:1200:46
     |
1200 |     fn find_slice(&self, substr: &'s str) -> Option<crate::lib::std::ops::Range<usize>> {
     |                                              ^^^^^^ not found in this scope
     |
help: consider importing this enum
     |
12   + use core::option::Option;
     |

error[E0412]: cannot find type `Option` in this scope
    --> C:\Users\john\.cargo\registry\src\index.crates.io-1949cf8c6b5b557f\winnow-0.7.13\src\stream\mod.rs:1207:49
     |
1207 |     fn find_slice(&self, substr: (&'s str,)) -> Option<crate::lib::std::ops::Range<usize>> {
     |                                                 ^^^^^^ not found in this scope
     |
help: consider importing this enum
     |
12   + use core::option::Option;
     |

error[E0412]: cannot find type `Option` in this scope
    --> C:\Users\john\.cargo\registry\src\index.crates.io-1949cf8c6b5b557f\winnow-0.7.13\src\stream\mod.rs:1214:57
     |
1214 |     fn find_slice(&self, substr: (&'s str, &'s str)) -> Option<crate::lib::std::ops::Range<usize>> {
     |                                                         ^^^^^^ not found in this scope
     |
help: consider importing this enum
     |
12   + use core::option::Option;
     |

error[E0412]: cannot find type `Option` in this scope
    --> C:\Users\john\.cargo\registry\src\index.crates.io-1949cf8c6b5b557f\winnow-0.7.13\src\stream\mod.rs:1224:10
     |
1224 |     ) -> Option<crate::lib::std::ops::Range<usize>> {
     |          ^^^^^^ not found in this scope
     |
help: consider importing this enum
     |
12   + use core::option::Option;
     |

error[E0412]: cannot find type `Option` in this scope
    --> C:\Users\john\.cargo\registry\src\index.crates.io-1949cf8c6b5b557f\winnow-0.7.13\src\stream\mod.rs:1238:46
     |
1238 |     fn find_slice(&self, substr: &'s str) -> Option<crate::lib::std::ops::Range<usize>> {
     |                                              ^^^^^^ not found in this scope
     |
help: consider importing this enum
     |
12   + use core::option::Option;
     |

error[E0412]: cannot find type `Option` in this scope
    --> C:\Users\john\.cargo\registry\src\index.crates.io-1949cf8c6b5b557f\winnow-0.7.13\src\stream\mod.rs:1245:49
     |
1245 |     fn find_slice(&self, substr: (&'s str,)) -> Option<crate::lib::std::ops::Range<usize>> {
     |                                                 ^^^^^^ not found in this scope
     |
help: consider importing this enum
     |
12   + use core::option::Option;
     |

error[E0412]: cannot find type `Option` in this scope
    --> C:\Users\john\.cargo\registry\src\index.crates.io-1949cf8c6b5b557f\winnow-0.7.13\src\stream\mod.rs:1252:57
     |
1252 |     fn find_slice(&self, substr: (&'s str, &'s str)) -> Option<crate::lib::std::ops::Range<usize>> {
     |                                                         ^^^^^^ not found in this scope
     |
help: consider importing this enum
     |
12   + use core::option::Option;
     |

error[E0412]: cannot find type `Option` in this scope
    --> C:\Users\john\.cargo\registry\src\index.crates.io-1949cf8c6b5b557f\winnow-0.7.13\src\stream\mod.rs:1262:10
     |
1262 |     ) -> Option<crate::lib::std::ops::Range<usize>> {
     |          ^^^^^^ not found in this scope
     |
help: consider importing this enum
     |
12   + use core::option::Option;
     |

error[E0412]: cannot find type `Option` in this scope
    --> C:\Users\john\.cargo\registry\src\index.crates.io-1949cf8c6b5b557f\winnow-0.7.13\src\stream\mod.rs:1269:43
     |
1269 |     fn find_slice(&self, substr: char) -> Option<crate::lib::std::ops::Range<usize>> {
     |                                           ^^^^^^ not found in this scope
     |
help: consider importing this enum
     |
12   + use core::option::Option;
     |

error[E0412]: cannot find type `Option` in this scope
    --> C:\Users\john\.cargo\registry\src\index.crates.io-1949cf8c6b5b557f\winnow-0.7.13\src\stream\mod.rs:1276:46
     |
1276 |     fn find_slice(&self, substr: (char,)) -> Option<crate::lib::std::ops::Range<usize>> {
     |                                              ^^^^^^ not found in this scope
     |
help: consider importing this enum
     |
12   + use core::option::Option;
     |

error[E0412]: cannot find type `Option` in this scope
    --> C:\Users\john\.cargo\registry\src\index.crates.io-1949cf8c6b5b557f\winnow-0.7.13\src\stream\mod.rs:1283:51
     |
1283 |     fn find_slice(&self, substr: (char, char)) -> Option<crate::lib::std::ops::Range<usize>> {
     |                                                   ^^^^^^ not found in this scope
     |
help: consider importing this enum
     |
12   + use core::option::Option;
     |

error[E0412]: cannot find type `Option` in this scope
    --> C:\Users\john\.cargo\registry\src\index.crates.io-1949cf8c6b5b557f\winnow-0.7.13\src\stream\mod.rs:1290:57
     |
1290 |     fn find_slice(&self, substr: (char, char, char)) -> Option<crate::lib::std::ops::Range<usize>> {
     |                                                         ^^^^^^ not found in this scope
     |
help: consider importing this enum
     |
12   + use core::option::Option;
     |

error[E0412]: cannot find type `Option` in this scope
    --> C:\Users\john\.cargo\registry\src\index.crates.io-1949cf8c6b5b557f\winnow-0.7.13\src\stream\mod.rs:1301:30
     |
1301 |     fn parse_slice(&self) -> Option<R>;
     |                              ^^^^^^ not found in this scope
     |
help: consider importing this enum
     |
12   + use core::option::Option;
     |

error[E0412]: cannot find type `Option` in this scope
    --> C:\Users\john\.cargo\registry\src\index.crates.io-1949cf8c6b5b557f\winnow-0.7.13\src\stream\mod.rs:1306:30
     |
1306 |     fn parse_slice(&self) -> Option<R> {
     |                              ^^^^^^ not found in this scope
     |
help: consider importing this enum
     |
12   + use core::option::Option;
     |

error[E0412]: cannot find type `Option` in this scope
    --> C:\Users\john\.cargo\registry\src\index.crates.io-1949cf8c6b5b557f\winnow-0.7.13\src\stream\mod.rs:1313:30
     |
1313 |     fn parse_slice(&self) -> Option<R> {
     |                              ^^^^^^ not found in this scope
     |
help: consider importing this enum
     |
12   + use core::option::Option;
     |

error[E0405]: cannot find trait `Clone` in this scope
    --> C:\Users\john\.cargo\registry\src\index.crates.io-1949cf8c6b5b557f\winnow-0.7.13\src\stream\mod.rs:1326:8
     |
1326 |     T: Clone + crate::lib::std::fmt::Debug,
     |        ^^^^^ not found in this scope
     |
help: consider importing this trait
     |
12   + use core::clone::Clone;
     |

error[E0433]: failed to resolve: use of undeclared type `Default`
    --> C:\Users\john\.cargo\registry\src\index.crates.io-1949cf8c6b5b557f\winnow-0.7.13\src\stream\mod.rs:1351:21
     |
1351 |             stream: Default::default(),
     |                     ^^^^^^^ use of undeclared type `Default`
     |
help: consider importing this trait
     |
12   + use core::default::Default;
     |

error[E0405]: cannot find trait `Copy` in this scope
    --> C:\Users\john\.cargo\registry\src\index.crates.io-1949cf8c6b5b557f\winnow-0.7.13\src\stream\mod.rs:1356:18
     |
1356 | impl<T: Copy, S> Copy for Checkpoint<T, S> {}
     |                  ^^^^ not found in this scope
     |
help: consider importing this trait
     |
12   + use core::marker::Copy;
     |

error[E0405]: cannot find trait `Copy` in this scope
    --> C:\Users\john\.cargo\registry\src\index.crates.io-1949cf8c6b5b557f\winnow-0.7.13\src\stream\mod.rs:1356:9
     |
1356 | impl<T: Copy, S> Copy for Checkpoint<T, S> {}
     |         ^^^^ not found in this scope
     |
help: consider importing this trait
     |
12   + use core::marker::Copy;
     |

error[E0405]: cannot find trait `Clone` in this scope
    --> C:\Users\john\.cargo\registry\src\index.crates.io-1949cf8c6b5b557f\winnow-0.7.13\src\stream\mod.rs:1358:19
     |
1358 | impl<T: Clone, S> Clone for Checkpoint<T, S> {
     |                   ^^^^^ not found in this scope
     |
help: consider importing this trait
     |
12   + use core::clone::Clone;
     |

error[E0405]: cannot find trait `Clone` in this scope
    --> C:\Users\john\.cargo\registry\src\index.crates.io-1949cf8c6b5b557f\winnow-0.7.13\src\stream\mod.rs:1358:9
     |
1358 | impl<T: Clone, S> Clone for Checkpoint<T, S> {
     |         ^^^^^ not found in this scope
     |
help: consider importing this trait
     |
12   + use core::clone::Clone;
     |

error[E0433]: failed to resolve: use of undeclared type `Default`
    --> C:\Users\john\.cargo\registry\src\index.crates.io-1949cf8c6b5b557f\winnow-0.7.13\src\stream\mod.rs:1363:21
     |
1363 |             stream: Default::default(),
     |                     ^^^^^^^ use of undeclared type `Default`
     |
help: consider importing this trait
     |
12   + use core::default::Default;
     |

error[E0405]: cannot find trait `PartialOrd` in this scope
    --> C:\Users\john\.cargo\registry\src\index.crates.io-1949cf8c6b5b557f\winnow-0.7.13\src\stream\mod.rs:1368:24
     |
1368 | impl<T: PartialOrd, S> PartialOrd for Checkpoint<T, S> {
     |                        ^^^^^^^^^^ not found in this scope
     |
help: consider importing this trait
     |
12   + use core::cmp::PartialOrd;
     |

error[E0405]: cannot find trait `PartialOrd` in this scope
    --> C:\Users\john\.cargo\registry\src\index.crates.io-1949cf8c6b5b557f\winnow-0.7.13\src\stream\mod.rs:1368:9
     |
1368 | impl<T: PartialOrd, S> PartialOrd for Checkpoint<T, S> {
     |         ^^^^^^^^^^ not found in this scope
     |
help: consider importing this trait
     |
12   + use core::cmp::PartialOrd;
     |

error[E0412]: cannot find type `Option` in this scope
    --> C:\Users\john\.cargo\registry\src\index.crates.io-1949cf8c6b5b557f\winnow-0.7.13\src\stream\mod.rs:1370:44
     |
1370 |     fn partial_cmp(&self, other: &Self) -> Option<core::cmp::Ordering> {
     |                                            ^^^^^^ not found in this scope
     |
help: consider importing this enum
     |
12   + use core::option::Option;
     |

error[E0405]: cannot find trait `Ord` in this scope
    --> C:\Users\john\.cargo\registry\src\index.crates.io-1949cf8c6b5b557f\winnow-0.7.13\src\stream\mod.rs:1375:17
     |
1375 | impl<T: Ord, S> Ord for Checkpoint<T, S> {
     |                 ^^^ not found in this scope
     |
help: consider importing this trait
     |
12   + use core::cmp::Ord;
     |

error[E0405]: cannot find trait `Ord` in this scope
    --> C:\Users\john\.cargo\registry\src\index.crates.io-1949cf8c6b5b557f\winnow-0.7.13\src\stream\mod.rs:1375:9
     |
1375 | impl<T: Ord, S> Ord for Checkpoint<T, S> {
     |         ^^^ not found in this scope
     |
help: consider importing this trait
     |
12   + use core::cmp::Ord;
     |

error[E0405]: cannot find trait `PartialEq` in this scope
    --> C:\Users\john\.cargo\registry\src\index.crates.io-1949cf8c6b5b557f\winnow-0.7.13\src\stream\mod.rs:1382:23
     |
1382 | impl<T: PartialEq, S> PartialEq for Checkpoint<T, S> {
     |                       ^^^^^^^^^ not found in this scope
     |
help: consider importing this trait
     |
12   + use core::cmp::PartialEq;
     |

error[E0405]: cannot find trait `PartialEq` in this scope
    --> C:\Users\john\.cargo\registry\src\index.crates.io-1949cf8c6b5b557f\winnow-0.7.13\src\stream\mod.rs:1382:9
     |
1382 | impl<T: PartialEq, S> PartialEq for Checkpoint<T, S> {
     |         ^^^^^^^^^ not found in this scope
     |
help: consider importing this trait
     |
12   + use core::cmp::PartialEq;
     |

error[E0405]: cannot find trait `Eq` in this scope
    --> C:\Users\john\.cargo\registry\src\index.crates.io-1949cf8c6b5b557f\winnow-0.7.13\src\stream\mod.rs:1389:16
     |
1389 | impl<T: Eq, S> Eq for Checkpoint<T, S> {}
     |                ^^ not found in this scope
     |
help: consider importing this trait
     |
12   + use core::cmp::Eq;
     |

error[E0405]: cannot find trait `Eq` in this scope
    --> C:\Users\john\.cargo\registry\src\index.crates.io-1949cf8c6b5b557f\winnow-0.7.13\src\stream\mod.rs:1389:9
     |
1389 | impl<T: Eq, S> Eq for Checkpoint<T, S> {}
     |         ^^ not found in this scope
     |
help: consider importing this trait
     |
12   + use core::cmp::Eq;
     |

error[E0405]: cannot find trait `Sized` in this scope
    --> C:\Users\john\.cargo\registry\src\index.crates.io-1949cf8c6b5b557f\winnow-0.7.13\src\stream\mod.rs:1399:26
     |
1399 | pub trait Accumulate<T>: Sized {
     |                          ^^^^^ not found in this scope
     |
help: consider importing this trait
     |
12   + use core::marker::Sized;
     |

error[E0412]: cannot find type `Option` in this scope
    --> C:\Users\john\.cargo\registry\src\index.crates.io-1949cf8c6b5b557f\winnow-0.7.13\src\stream\mod.rs:1401:26
     |
1401 |     fn initial(capacity: Option<usize>) -> Self;
     |                          ^^^^^^ not found in this scope
     |
help: consider importing this enum
     |
12   + use core::option::Option;
     |

error[E0412]: cannot find type `Option` in this scope
    --> C:\Users\john\.cargo\registry\src\index.crates.io-1949cf8c6b5b557f\winnow-0.7.13\src\stream\mod.rs:1408:27
     |
1408 |     fn initial(_capacity: Option<usize>) -> Self {}
     |                           ^^^^^^ not found in this scope
     |
help: consider importing this enum
     |
12   + use core::option::Option;
     |

error[E0412]: cannot find type `Option` in this scope
    --> C:\Users\john\.cargo\registry\src\index.crates.io-1949cf8c6b5b557f\winnow-0.7.13\src\stream\mod.rs:1415:27
     |
1415 |     fn initial(_capacity: Option<usize>) -> Self {
     |                           ^^^^^^ not found in this scope
     |
help: consider importing this enum
     |
12   + use core::option::Option;
     |

error[E0412]: cannot find type `Option` in this scope
    --> C:\Users\john\.cargo\registry\src\index.crates.io-1949cf8c6b5b557f\winnow-0.7.13\src\stream\mod.rs:1427:26
     |
1427 |     fn initial(capacity: Option<usize>) -> Self {
     |                          ^^^^^^ not found in this scope
     |
help: consider importing this enum
     |
12   + use core::option::Option;
     |

error[E0531]: cannot find tuple struct or tuple variant `Some` in this scope
    --> C:\Users\john\.cargo\registry\src\index.crates.io-1949cf8c6b5b557f\winnow-0.7.13\src\stream\mod.rs:1429:13
     |
1429 |             Some(capacity) => Vec::with_capacity(clamp_capacity::<T>(capacity)),
     |             ^^^^ not found in this scope
     |
help: consider importing this tuple variant
     |
12   + use core::option::Option::Some;
     |

error[E0405]: cannot find trait `Clone` in this scope
    --> C:\Users\john\.cargo\registry\src\index.crates.io-1949cf8c6b5b557f\winnow-0.7.13\src\stream\mod.rs:1440:13
     |
1440 | impl<'i, T: Clone> Accumulate<&'i [T]> for Vec<T> {
     |             ^^^^^ not found in this scope
     |
help: consider importing this trait
     |
12   + use core::clone::Clone;
     |

error[E0412]: cannot find type `Option` in this scope
    --> C:\Users\john\.cargo\registry\src\index.crates.io-1949cf8c6b5b557f\winnow-0.7.13\src\stream\mod.rs:1442:26
     |
1442 |     fn initial(capacity: Option<usize>) -> Self {
     |                          ^^^^^^ not found in this scope
     |
help: consider importing this enum
     |
12   + use core::option::Option;
     |

error[E0531]: cannot find tuple struct or tuple variant `Some` in this scope
    --> C:\Users\john\.cargo\registry\src\index.crates.io-1949cf8c6b5b557f\winnow-0.7.13\src\stream\mod.rs:1444:13
     |
1444 |             Some(capacity) => Vec::with_capacity(clamp_capacity::<T>(capacity)),
     |             ^^^^ not found in this scope
     |
help: consider importing this tuple variant
     |
12   + use core::option::Option::Some;
     |

error[E0412]: cannot find type `Option` in this scope
    --> C:\Users\john\.cargo\registry\src\index.crates.io-1949cf8c6b5b557f\winnow-0.7.13\src\stream\mod.rs:1457:26
     |
1457 |     fn initial(capacity: Option<usize>) -> Self {
     |                          ^^^^^^ not found in this scope
     |
help: consider importing this enum
     |
12   + use core::option::Option;
     |

error[E0531]: cannot find tuple struct or tuple variant `Some` in this scope
    --> C:\Users\john\.cargo\registry\src\index.crates.io-1949cf8c6b5b557f\winnow-0.7.13\src\stream\mod.rs:1459:13
     |
1459 |             Some(capacity) => String::with_capacity(clamp_capacity::<char>(capacity)),
     |             ^^^^ not found in this scope
     |
help: consider importing this tuple variant
     |
12   + use core::option::Option::Some;
     |

error[E0412]: cannot find type `Option` in this scope
    --> C:\Users\john\.cargo\registry\src\index.crates.io-1949cf8c6b5b557f\winnow-0.7.13\src\stream\mod.rs:1472:26
     |
1472 |     fn initial(capacity: Option<usize>) -> Self {
     |                          ^^^^^^ not found in this scope
     |
help: consider importing this enum
     |
12   + use core::option::Option;
     |

error[E0531]: cannot find tuple struct or tuple variant `Some` in this scope
    --> C:\Users\john\.cargo\registry\src\index.crates.io-1949cf8c6b5b557f\winnow-0.7.13\src\stream\mod.rs:1474:13
     |
1474 |             Some(capacity) => String::with_capacity(clamp_capacity::<char>(capacity)),
     |             ^^^^ not found in this scope
     |
help: consider importing this tuple variant
     |
12   + use core::option::Option::Some;
     |

error[E0412]: cannot find type `Option` in this scope
    --> C:\Users\john\.cargo\registry\src\index.crates.io-1949cf8c6b5b557f\winnow-0.7.13\src\stream\mod.rs:1487:26
     |
1487 |     fn initial(capacity: Option<usize>) -> Self {
     |                          ^^^^^^ not found in this scope
     |
help: consider importing this enum
     |
12   + use core::option::Option;
     |

error[E0531]: cannot find tuple struct or tuple variant `Some` in this scope
    --> C:\Users\john\.cargo\registry\src\index.crates.io-1949cf8c6b5b557f\winnow-0.7.13\src\stream\mod.rs:1489:13
     |
1489 |             Some(capacity) => String::with_capacity(clamp_capacity::<char>(capacity)),
     |             ^^^^ not found in this scope
     |
help: consider importing this tuple variant
     |
12   + use core::option::Option::Some;
     |

error[E0412]: cannot find type `Option` in this scope
    --> C:\Users\john\.cargo\registry\src\index.crates.io-1949cf8c6b5b557f\winnow-0.7.13\src\stream\mod.rs:1502:26
     |
1502 |     fn initial(capacity: Option<usize>) -> Self {
     |                          ^^^^^^ not found in this scope
     |
help: consider importing this enum
     |
12   + use core::option::Option;
     |

error[E0531]: cannot find tuple struct or tuple variant `Some` in this scope
    --> C:\Users\john\.cargo\registry\src\index.crates.io-1949cf8c6b5b557f\winnow-0.7.13\src\stream\mod.rs:1504:13
     |
1504 |             Some(capacity) => String::with_capacity(clamp_capacity::<char>(capacity)),
     |             ^^^^ not found in this scope
     |
help: consider importing this tuple variant
     |
12   + use core::option::Option::Some;
     |

error[E0412]: cannot find type `Option` in this scope
    --> C:\Users\john\.cargo\registry\src\index.crates.io-1949cf8c6b5b557f\winnow-0.7.13\src\stream\mod.rs:1520:27
     |
1520 |     fn initial(_capacity: Option<usize>) -> Self {
     |                           ^^^^^^ not found in this scope
     |
help: consider importing this enum
     |
12   + use core::option::Option;
     |

error[E0405]: cannot find trait `Default` in this scope
    --> C:\Users\john\.cargo\registry\src\index.crates.io-1949cf8c6b5b557f\winnow-0.7.13\src\stream\mod.rs:1533:22
     |
1533 |     S: BuildHasher + Default,
     |                      ^^^^^^^ not found in this scope
     |
help: consider importing this trait
     |
12   + use core::default::Default;
     |

error[E0412]: cannot find type `Option` in this scope
    --> C:\Users\john\.cargo\registry\src\index.crates.io-1949cf8c6b5b557f\winnow-0.7.13\src\stream\mod.rs:1536:26
     |
1536 |     fn initial(capacity: Option<usize>) -> Self {
     |                          ^^^^^^ not found in this scope
     |
help: consider importing this enum
     |
12   + use core::option::Option;
     |

error[E0531]: cannot find tuple struct or tuple variant `Some` in this scope
    --> C:\Users\john\.cargo\registry\src\index.crates.io-1949cf8c6b5b557f\winnow-0.7.13\src\stream\mod.rs:1539:13
     |
1539 |             Some(capacity) => {
     |             ^^^^ not found in this scope
     |
help: consider importing this tuple variant
     |
12   + use core::option::Option::Some;
     |

error[E0412]: cannot find type `Option` in this scope
    --> C:\Users\john\.cargo\registry\src\index.crates.io-1949cf8c6b5b557f\winnow-0.7.13\src\stream\mod.rs:1557:27
     |
1557 |     fn initial(_capacity: Option<usize>) -> Self {
     |                           ^^^^^^ not found in this scope
     |
help: consider importing this enum
     |
12   + use core::option::Option;
     |

error[E0405]: cannot find trait `Default` in this scope
    --> C:\Users\john\.cargo\registry\src\index.crates.io-1949cf8c6b5b557f\winnow-0.7.13\src\stream\mod.rs:1570:22
     |
1570 |     S: BuildHasher + Default,
     |                      ^^^^^^^ not found in this scope
     |
help: consider importing this trait
     |
12   + use core::default::Default;
     |

error[E0412]: cannot find type `Option` in this scope
    --> C:\Users\john\.cargo\registry\src\index.crates.io-1949cf8c6b5b557f\winnow-0.7.13\src\stream\mod.rs:1573:26
     |
1573 |     fn initial(capacity: Option<usize>) -> Self {
     |                          ^^^^^^ not found in this scope
     |
help: consider importing this enum
     |
12   + use core::option::Option;
     |

error[E0531]: cannot find tuple struct or tuple variant `Some` in this scope
    --> C:\Users\john\.cargo\registry\src\index.crates.io-1949cf8c6b5b557f\winnow-0.7.13\src\stream\mod.rs:1576:13
     |
1576 |             Some(capacity) => HashSet::with_capacity_and_hasher(clamp_capacity::<K>(capacity), h),
     |             ^^^^ not found in this scope
     |
help: consider importing this tuple variant
     |
12   + use core::option::Option::Some;
     |

error[E0405]: cannot find trait `Clone` in this scope
    --> C:\Users\john\.cargo\registry\src\index.crates.io-1949cf8c6b5b557f\winnow-0.7.13\src\stream\mod.rs:1587:13
     |
1587 | impl<'i, T: Clone> Accumulate<&'i [T]> for VecDeque<T> {
     |             ^^^^^ not found in this scope
     |
help: consider importing this trait
     |
12   + use core::clone::Clone;
     |

error[E0412]: cannot find type `Option` in this scope
    --> C:\Users\john\.cargo\registry\src\index.crates.io-1949cf8c6b5b557f\winnow-0.7.13\src\stream\mod.rs:1589:26
     |
1589 |     fn initial(capacity: Option<usize>) -> Self {
     |                          ^^^^^^ not found in this scope
     |
help: consider importing this enum
     |
12   + use core::option::Option;
     |

error[E0531]: cannot find tuple struct or tuple variant `Some` in this scope
    --> C:\Users\john\.cargo\registry\src\index.crates.io-1949cf8c6b5b557f\winnow-0.7.13\src\stream\mod.rs:1591:13
     |
1591 |             Some(capacity) => VecDeque::with_capacity(clamp_capacity::<T>(capacity)),
     |             ^^^^ not found in this scope
     |
help: consider importing this tuple variant
     |
12   + use core::option::Option::Some;
     |

error[E0405]: cannot find trait `Fn` in this scope
    --> C:\Users\john\.cargo\registry\src\index.crates.io-1949cf8c6b5b557f\winnow-0.7.13\src\stream\mod.rs:1931:12
     |
1931 | impl<C, F: Fn(C) -> bool> ContainsToken<C> for F {
     |            ^^ not found in this scope
     |
help: consider importing this trait
     |
12   + use core::ops::Fn;
     |

error[E0405]: cannot find trait `Clone` in this scope
    --> C:\Users\john\.cargo\registry\src\index.crates.io-1949cf8c6b5b557f\winnow-0.7.13\src\stream\mod.rs:1938:31
     |
1938 | impl<C1: AsChar, C2: AsChar + Clone> ContainsToken<C1> for crate::lib::std::ops::Range<C2> {
     |                               ^^^^^ not found in this scope
     |
help: consider importing this trait
     |
12   + use core::clone::Clone;
     |

error[E0405]: cannot find trait `Clone` in this scope
    --> C:\Users\john\.cargo\registry\src\index.crates.io-1949cf8c6b5b557f\winnow-0.7.13\src\stream\mod.rs:1947:31
     |
1947 | impl<C1: AsChar, C2: AsChar + Clone> ContainsToken<C1>
     |                               ^^^^^ not found in this scope
     |
help: consider importing this trait
     |
12   + use core::clone::Clone;
     |

error[E0405]: cannot find trait `Clone` in this scope
    --> C:\Users\john\.cargo\registry\src\index.crates.io-1949cf8c6b5b557f\winnow-0.7.13\src\stream\mod.rs:1958:31
     |
1958 | impl<C1: AsChar, C2: AsChar + Clone> ContainsToken<C1> for crate::lib::std::ops::RangeFrom<C2> {
     |                               ^^^^^ not found in this scope
     |
help: consider importing this trait
     |
12   + use core::clone::Clone;
     |

error[E0405]: cannot find trait `Clone` in this scope
    --> C:\Users\john\.cargo\registry\src\index.crates.io-1949cf8c6b5b557f\winnow-0.7.13\src\stream\mod.rs:1966:31
     |
1966 | impl<C1: AsChar, C2: AsChar + Clone> ContainsToken<C1> for crate::lib::std::ops::RangeTo<C2> {
     |                               ^^^^^ not found in this scope
     |
help: consider importing this trait
     |
12   + use core::clone::Clone;
     |

error[E0405]: cannot find trait `Clone` in this scope
    --> C:\Users\john\.cargo\registry\src\index.crates.io-1949cf8c6b5b557f\winnow-0.7.13\src\stream\mod.rs:1974:31
     |
1974 | impl<C1: AsChar, C2: AsChar + Clone> ContainsToken<C1>
     |                               ^^^^^ not found in this scope
     |
help: consider importing this trait
     |
12   + use core::clone::Clone;
     |

error[E0405]: cannot find trait `Clone` in this scope
    --> C:\Users\john\.cargo\registry\src\index.crates.io-1949cf8c6b5b557f\winnow-0.7.13\src\stream\mod.rs:2051:8
     |
2051 |       T: Clone,
     |          ^^^^^ not found in this scope
...
2076 | / impl_contains_token_for_tuples!(
2077 | |     F1, F2, F3, F4, F5, F6, F7, F8, F9, F10, F11, F12, F13, F14, F15, F16, F17, F18, F19, F20, F21
2078 | | );
     | |_- in this macro invocation
     |
     = note: this error originates in the macro `impl_contains_token_for_tuple` which comes from the expansion of the macro `impl_contains_token_for_tuples` (in Nightly builds, run with -Z macro-backtrace for more info)
help: consider importing this trait
     |
12   + use core::clone::Clone;
     |

error[E0412]: cannot find type `Option` in this scope
    --> C:\Users\john\.cargo\registry\src\index.crates.io-1949cf8c6b5b557f\winnow-0.7.13\src\stream\mod.rs:2100:39
     |
2100 | fn memchr(token: u8, slice: &[u8]) -> Option<usize> {
     |                                       ^^^^^^ not found in this scope
     |
help: consider importing this enum
     |
12   + use core::option::Option;
     |

error[E0412]: cannot find type `Option` in this scope
    --> C:\Users\john\.cargo\registry\src\index.crates.io-1949cf8c6b5b557f\winnow-0.7.13\src\stream\mod.rs:2106:46
     |
2106 | fn memchr2(token: (u8, u8), slice: &[u8]) -> Option<usize> {
     |                                              ^^^^^^ not found in this scope
     |
help: consider importing this enum
     |
12   + use core::option::Option;
     |

error[E0412]: cannot find type `Option` in this scope
    --> C:\Users\john\.cargo\registry\src\index.crates.io-1949cf8c6b5b557f\winnow-0.7.13\src\stream\mod.rs:2112:50
     |
2112 | fn memchr3(token: (u8, u8, u8), slice: &[u8]) -> Option<usize> {
     |                                                  ^^^^^^ not found in this scope
     |
help: consider importing this enum
     |
12   + use core::option::Option;
     |

error[E0412]: cannot find type `Option` in this scope
    --> C:\Users\john\.cargo\registry\src\index.crates.io-1949cf8c6b5b557f\winnow-0.7.13\src\stream\mod.rs:2119:44
     |
2119 | fn memmem(slice: &[u8], literal: &[u8]) -> Option<crate::lib::std::ops::Range<usize>> {
     |                                            ^^^^^^ not found in this scope
     |
help: consider importing this enum
     |
12   + use core::option::Option;
     |

error[E0425]: cannot find function, tuple struct or tuple variant `Some` in this scope
    --> C:\Users\john\.cargo\registry\src\index.crates.io-1949cf8c6b5b557f\winnow-0.7.13\src\stream\mod.rs:2121:14
     |
2121 |         0 => Some(0..0),
     |              ^^^^ not found in this scope
     |
help: consider importing this tuple variant
     |
12   + use core::option::Option::Some;
     |

error[E0412]: cannot find type `Option` in this scope
    --> C:\Users\john\.cargo\registry\src\index.crates.io-1949cf8c6b5b557f\winnow-0.7.13\src\stream\mod.rs:2128:54
     |
2128 | fn memmem2(slice: &[u8], literal: (&[u8], &[u8])) -> Option<crate::lib::std::ops::Range<usize>> {
     |                                                      ^^^^^^ not found in this scope
     |
help: consider importing this enum
     |
12   + use core::option::Option;
     |

error[E0425]: cannot find function, tuple struct or tuple variant `Some` in this scope
    --> C:\Users\john\.cargo\registry\src\index.crates.io-1949cf8c6b5b557f\winnow-0.7.13\src\stream\mod.rs:2130:28
     |
2130 |         (0, _) | (_, 0) => Some(0..0),
     |                            ^^^^ not found in this scope
     |
help: consider importing this tuple variant
     |
12   + use core::option::Option::Some;
     |

error[E0412]: cannot find type `Option` in this scope
    --> C:\Users\john\.cargo\registry\src\index.crates.io-1949cf8c6b5b557f\winnow-0.7.13\src\stream\mod.rs:2140:6
     |
2140 | ) -> Option<crate::lib::std::ops::Range<usize>> {
     |      ^^^^^^ not found in this scope
     |
help: consider importing this enum
     |
12   + use core::option::Option;
     |

error[E0425]: cannot find function, tuple struct or tuple variant `Some` in this scope
    --> C:\Users\john\.cargo\registry\src\index.crates.io-1949cf8c6b5b557f\winnow-0.7.13\src\stream\mod.rs:2142:46
     |
2142 |         (0, _, _) | (_, 0, _) | (_, _, 0) => Some(0..0),
     |                                              ^^^^ not found in this scope
     |
help: consider importing this tuple variant
     |
12   + use core::option::Option::Some;
     |

error[E0412]: cannot find type `Option` in this scope
    --> C:\Users\john\.cargo\registry\src\index.crates.io-1949cf8c6b5b557f\winnow-0.7.13\src\stream\mod.rs:2215:45
     |
2215 | fn memmem_(slice: &[u8], literal: &[u8]) -> Option<crate::lib::std::ops::Range<usize>> {
     |                                             ^^^^^^ not found in this scope
     |
help: consider importing this enum
     |
12   + use core::option::Option;
     |

error[E0425]: cannot find function, tuple struct or tuple variant `Some` in this scope
    --> C:\Users\john\.cargo\registry\src\index.crates.io-1949cf8c6b5b557f\winnow-0.7.13\src\stream\mod.rs:2220:20
     |
2220 |             return Some(i..i_end);
     |                    ^^^^ not found in this scope
     |
help: consider importing this tuple variant
     |
12   + use core::option::Option::Some;
     |

error[E0425]: cannot find value `None` in this scope
    --> C:\Users\john\.cargo\registry\src\index.crates.io-1949cf8c6b5b557f\winnow-0.7.13\src\stream\mod.rs:2223:5
     |
2223 |     None
     |     ^^^^ not found in this scope
     |
help: consider importing this unit variant
     |
12   + use core::option::Option::None;
     |

error[E0412]: cannot find type `Option` in this scope
    --> C:\Users\john\.cargo\registry\src\index.crates.io-1949cf8c6b5b557f\winnow-0.7.13\src\stream\mod.rs:2227:55
     |
2227 | fn memmem2_(slice: &[u8], literal: (&[u8], &[u8])) -> Option<crate::lib::std::ops::Range<usize>> {
     |                                                       ^^^^^^ not found in this scope
     |
help: consider importing this enum
     |
12   + use core::option::Option;
     |

error[E0425]: cannot find function, tuple struct or tuple variant `Some` in this scope
    --> C:\Users\john\.cargo\registry\src\index.crates.io-1949cf8c6b5b557f\winnow-0.7.13\src\stream\mod.rs:2232:20
     |
2232 |             return Some(i..i_end);
     |                    ^^^^ not found in this scope
     |
help: consider importing this tuple variant
     |
12   + use core::option::Option::Some;
     |

error[E0425]: cannot find function, tuple struct or tuple variant `Some` in this scope
    --> C:\Users\john\.cargo\registry\src\index.crates.io-1949cf8c6b5b557f\winnow-0.7.13\src\stream\mod.rs:2236:20
     |
2236 |             return Some(i..i_end);
     |                    ^^^^ not found in this scope
     |
help: consider importing this tuple variant
     |
12   + use core::option::Option::Some;
     |

error[E0425]: cannot find value `None` in this scope
    --> C:\Users\john\.cargo\registry\src\index.crates.io-1949cf8c6b5b557f\winnow-0.7.13\src\stream\mod.rs:2239:5
     |
2239 |     None
     |     ^^^^ not found in this scope
     |
help: consider importing this unit variant
     |
12   + use core::option::Option::None;
     |

error[E0412]: cannot find type `Option` in this scope
    --> C:\Users\john\.cargo\registry\src\index.crates.io-1949cf8c6b5b557f\winnow-0.7.13\src\stream\mod.rs:2246:6
     |
2246 | ) -> Option<crate::lib::std::ops::Range<usize>> {
     |      ^^^^^^ not found in this scope
     |
help: consider importing this enum
     |
12   + use core::option::Option;
     |

error[E0425]: cannot find function, tuple struct or tuple variant `Some` in this scope
    --> C:\Users\john\.cargo\registry\src\index.crates.io-1949cf8c6b5b557f\winnow-0.7.13\src\stream\mod.rs:2251:20
     |
2251 |             return Some(i..i_end);
     |                    ^^^^ not found in this scope
     |
help: consider importing this tuple variant
     |
12   + use core::option::Option::Some;
     |

error[E0425]: cannot find function, tuple struct or tuple variant `Some` in this scope
    --> C:\Users\john\.cargo\registry\src\index.crates.io-1949cf8c6b5b557f\winnow-0.7.13\src\stream\mod.rs:2255:20
     |
2255 |             return Some(i..i_end);
     |                    ^^^^ not found in this scope
     |
help: consider importing this tuple variant
     |
12   + use core::option::Option::Some;
     |

error[E0425]: cannot find function, tuple struct or tuple variant `Some` in this scope
    --> C:\Users\john\.cargo\registry\src\index.crates.io-1949cf8c6b5b557f\winnow-0.7.13\src\stream\mod.rs:2259:20
     |
2259 |             return Some(i..i_end);
     |                    ^^^^ not found in this scope
     |
help: consider importing this tuple variant
     |
12   + use core::option::Option::Some;
     |

error[E0425]: cannot find value `None` in this scope
    --> C:\Users\john\.cargo\registry\src\index.crates.io-1949cf8c6b5b557f\winnow-0.7.13\src\stream\mod.rs:2262:5
     |
2262 |     None
     |     ^^^^ not found in this scope
     |
help: consider importing this unit variant
     |
12   + use core::option::Option::None;
     |

error[E0405]: cannot find trait `Clone` in this scope
   --> C:\Users\john\.cargo\registry\src\index.crates.io-1949cf8c6b5b557f\winnow-0.7.13\src\ascii\mod.rs:155:40
    |
155 |     <Input as Stream>::Token: AsChar + Clone,
    |                                        ^^^^^ not found in this scope
    |
help: consider importing this trait
    |
8   + use core::clone::Clone;
    |

error[E0405]: cannot find trait `Clone` in this scope
   --> C:\Users\john\.cargo\registry\src\index.crates.io-1949cf8c6b5b557f\winnow-0.7.13\src\ascii\mod.rs:176:36
    |
176 |     <I as Stream>::Token: AsChar + Clone,
    |                                    ^^^^^ not found in this scope
    |
help: consider importing this trait
    |
8   + use core::clone::Clone;
    |

error[E0531]: cannot find tuple struct or tuple variant `Ok` in this scope
   --> C:\Users\john\.cargo\registry\src\index.crates.io-1949cf8c6b5b557f\winnow-0.7.13\src\ascii\mod.rs:182:9
    |
182 |         Ok(slice) => slice,
    |         ^^ not found in this scope
    |
help: consider importing one of these tuple variants
    |
8   + use crate::ascii::CompareResult::Ok;
    |
8   + use core::result::Result::Ok;
    |

error[E0531]: cannot find tuple struct or tuple variant `Err` in this scope
   --> C:\Users\john\.cargo\registry\src\index.crates.io-1949cf8c6b5b557f\winnow-0.7.13\src\ascii\mod.rs:183:9
    |
183 |         Err(err) if err.is_backtrack() => input.finish(),
    |         ^^^ not found in this scope
    |
help: consider importing this tuple variant
    |
8   + use core::result::Result::Err;
    |

error[E0531]: cannot find tuple struct or tuple variant `Err` in this scope
   --> C:\Users\john\.cargo\registry\src\index.crates.io-1949cf8c6b5b557f\winnow-0.7.13\src\ascii\mod.rs:184:9
    |
184 |         Err(err) => {
    |         ^^^ not found in this scope
    |
help: consider importing this tuple variant
    |
8   + use core::result::Result::Err;
    |

error[E0425]: cannot find function, tuple struct or tuple variant `Err` in this scope
   --> C:\Users\john\.cargo\registry\src\index.crates.io-1949cf8c6b5b557f\winnow-0.7.13\src\ascii\mod.rs:185:20
    |
185 |             return Err(err);
    |                    ^^^
    |
help: a local variable with a similar name exists
    |
185 -             return Err(err);
185 +             return err(err);
    |
help: consider importing this tuple variant
    |
8   + use core::result::Result::Err;
    |

error[E0425]: cannot find function, tuple struct or tuple variant `Err` in this scope
   --> C:\Users\john\.cargo\registry\src\index.crates.io-1949cf8c6b5b557f\winnow-0.7.13\src\ascii\mod.rs:193:24
    |
193 |                 return Err(ParserError::incomplete(input, Needed::Unknown));
    |                        ^^^ not found in this scope
    |
help: consider importing this tuple variant
    |
8   + use core::result::Result::Err;
    |

error[E0425]: cannot find function, tuple struct or tuple variant `Err` in this scope
   --> C:\Users\john\.cargo\registry\src\index.crates.io-1949cf8c6b5b557f\winnow-0.7.13\src\ascii\mod.rs:196:24
    |
196 |                 return Err(ParserError::from_input(input));
    |                        ^^^ not found in this scope
    |
help: consider importing this tuple variant
    |
8   + use core::result::Result::Err;
    |

error[E0425]: cannot find function, tuple struct or tuple variant `Ok` in this scope
   --> C:\Users\john\.cargo\registry\src\index.crates.io-1949cf8c6b5b557f\winnow-0.7.13\src\ascii\mod.rs:200:5
    |
200 |     Ok(res)
    |     ^^ not found in this scope
    |
help: consider importing one of these tuple variants
    |
8   + use crate::ascii::CompareResult::Ok;
    |
8   + use core::result::Result::Ok;
    |

error[E0405]: cannot find trait `Clone` in this scope
    --> C:\Users\john\.cargo\registry\src\index.crates.io-1949cf8c6b5b557f\winnow-0.7.13\src\ascii\mod.rs:1028:40
     |
1028 |     <Input as Stream>::Token: AsChar + Clone,
     |                                        ^^^^^ not found in this scope
     |
help: consider importing this trait
     |
8    + use core::clone::Clone;
     |

error[E0405]: cannot find trait `Clone` in this scope
    --> C:\Users\john\.cargo\registry\src\index.crates.io-1949cf8c6b5b557f\winnow-0.7.13\src\ascii\mod.rs:1080:40
     |
1080 |     <Input as Stream>::Token: AsChar + Clone,
     |                                        ^^^^^ not found in this scope
     |
help: consider importing this trait
     |
8    + use core::clone::Clone;
     |

error[E0405]: cannot find trait `Clone` in this scope
    --> C:\Users\john\.cargo\registry\src\index.crates.io-1949cf8c6b5b557f\winnow-0.7.13\src\ascii\mod.rs:1111:40
     |
1111 |     <Input as Stream>::Token: AsChar + Clone,
     |                                        ^^^^^ not found in this scope
     |
help: consider importing this trait
     |
8    + use core::clone::Clone;
     |

error[E0405]: cannot find trait `Sized` in this scope
    --> C:\Users\john\.cargo\registry\src\index.crates.io-1949cf8c6b5b557f\winnow-0.7.13\src\ascii\mod.rs:1130:17
     |
1130 | pub trait Uint: Sized {
     |                 ^^^^^ not found in this scope
     |
help: consider importing this trait
     |
8    + use core::marker::Sized;
     |

error[E0412]: cannot find type `Option` in this scope
    --> C:\Users\john\.cargo\registry\src\index.crates.io-1949cf8c6b5b557f\winnow-0.7.13\src\ascii\mod.rs:1132:42
     |
1132 |     fn try_from_dec_uint(slice: &str) -> Option<Self>;
     |                                          ^^^^^^ not found in this scope
     |
help: consider importing this enum
     |
8    + use core::option::Option;
     |

error[E0412]: cannot find type `Option` in this scope
    --> C:\Users\john\.cargo\registry\src\index.crates.io-1949cf8c6b5b557f\winnow-0.7.13\src\ascii\mod.rs:1136:42
     |
1136 |     fn try_from_dec_uint(slice: &str) -> Option<Self> {
     |                                          ^^^^^^ not found in this scope
     |
help: consider importing this enum
     |
8    + use core::option::Option;
     |

error[E0412]: cannot find type `Option` in this scope
    --> C:\Users\john\.cargo\registry\src\index.crates.io-1949cf8c6b5b557f\winnow-0.7.13\src\ascii\mod.rs:1142:42
     |
1142 |     fn try_from_dec_uint(slice: &str) -> Option<Self> {
     |                                          ^^^^^^ not found in this scope
     |
help: consider importing this enum
     |
8    + use core::option::Option;
     |

error[E0412]: cannot find type `Option` in this scope
    --> C:\Users\john\.cargo\registry\src\index.crates.io-1949cf8c6b5b557f\winnow-0.7.13\src\ascii\mod.rs:1148:42
     |
1148 |     fn try_from_dec_uint(slice: &str) -> Option<Self> {
     |                                          ^^^^^^ not found in this scope
     |
help: consider importing this enum
     |
8    + use core::option::Option;
     |

error[E0412]: cannot find type `Option` in this scope
    --> C:\Users\john\.cargo\registry\src\index.crates.io-1949cf8c6b5b557f\winnow-0.7.13\src\ascii\mod.rs:1154:42
     |
1154 |     fn try_from_dec_uint(slice: &str) -> Option<Self> {
     |                                          ^^^^^^ not found in this scope
     |
help: consider importing this enum
     |
8    + use core::option::Option;
     |

error[E0412]: cannot find type `Option` in this scope
    --> C:\Users\john\.cargo\registry\src\index.crates.io-1949cf8c6b5b557f\winnow-0.7.13\src\ascii\mod.rs:1160:42
     |
1160 |     fn try_from_dec_uint(slice: &str) -> Option<Self> {
     |                                          ^^^^^^ not found in this scope
     |
help: consider importing this enum
     |
8    + use core::option::Option;
     |

error[E0412]: cannot find type `Option` in this scope
    --> C:\Users\john\.cargo\registry\src\index.crates.io-1949cf8c6b5b557f\winnow-0.7.13\src\ascii\mod.rs:1166:42
     |
1166 |     fn try_from_dec_uint(slice: &str) -> Option<Self> {
     |                                          ^^^^^^ not found in this scope
     |
help: consider importing this enum
     |
8    + use core::option::Option;
     |

error[E0405]: cannot find trait `Clone` in this scope
    --> C:\Users\john\.cargo\registry\src\index.crates.io-1949cf8c6b5b557f\winnow-0.7.13\src\ascii\mod.rs:1196:40
     |
1196 |     <Input as Stream>::Token: AsChar + Clone,
     |                                        ^^^^^ not found in this scope
     |
help: consider importing this trait
     |
8    + use core::clone::Clone;
     |

error[E0405]: cannot find trait `Sized` in this scope
    --> C:\Users\john\.cargo\registry\src\index.crates.io-1949cf8c6b5b557f\winnow-0.7.13\src\ascii\mod.rs:1220:16
     |
1220 | pub trait Int: Sized {
     |                ^^^^^ not found in this scope
     |
help: consider importing this trait
     |
8    + use core::marker::Sized;
     |

error[E0412]: cannot find type `Option` in this scope
    --> C:\Users\john\.cargo\registry\src\index.crates.io-1949cf8c6b5b557f\winnow-0.7.13\src\ascii\mod.rs:1222:41
     |
1222 |     fn try_from_dec_int(slice: &str) -> Option<Self>;
     |                                         ^^^^^^ not found in this scope
     |
help: consider importing this enum
     |
8    + use core::option::Option;
     |

error[E0412]: cannot find type `Option` in this scope
    --> C:\Users\john\.cargo\registry\src\index.crates.io-1949cf8c6b5b557f\winnow-0.7.13\src\ascii\mod.rs:1226:41
     |
1226 |     fn try_from_dec_int(slice: &str) -> Option<Self> {
     |                                         ^^^^^^ not found in this scope
     |
help: consider importing this enum
     |
8    + use core::option::Option;
     |

error[E0412]: cannot find type `Option` in this scope
    --> C:\Users\john\.cargo\registry\src\index.crates.io-1949cf8c6b5b557f\winnow-0.7.13\src\ascii\mod.rs:1232:41
     |
1232 |     fn try_from_dec_int(slice: &str) -> Option<Self> {
     |                                         ^^^^^^ not found in this scope
     |
help: consider importing this enum
     |
8    + use core::option::Option;
     |

error[E0412]: cannot find type `Option` in this scope
    --> C:\Users\john\.cargo\registry\src\index.crates.io-1949cf8c6b5b557f\winnow-0.7.13\src\ascii\mod.rs:1238:41
     |
1238 |     fn try_from_dec_int(slice: &str) -> Option<Self> {
     |                                         ^^^^^^ not found in this scope
     |
help: consider importing this enum
     |
8    + use core::option::Option;
     |

error[E0412]: cannot find type `Option` in this scope
    --> C:\Users\john\.cargo\registry\src\index.crates.io-1949cf8c6b5b557f\winnow-0.7.13\src\ascii\mod.rs:1244:41
     |
1244 |     fn try_from_dec_int(slice: &str) -> Option<Self> {
     |                                         ^^^^^^ not found in this scope
     |
help: consider importing this enum
     |
8    + use core::option::Option;
     |

error[E0412]: cannot find type `Option` in this scope
    --> C:\Users\john\.cargo\registry\src\index.crates.io-1949cf8c6b5b557f\winnow-0.7.13\src\ascii\mod.rs:1250:41
     |
1250 |     fn try_from_dec_int(slice: &str) -> Option<Self> {
     |                                         ^^^^^^ not found in this scope
     |
help: consider importing this enum
     |
8    + use core::option::Option;
     |

error[E0412]: cannot find type `Option` in this scope
    --> C:\Users\john\.cargo\registry\src\index.crates.io-1949cf8c6b5b557f\winnow-0.7.13\src\ascii\mod.rs:1256:41
     |
1256 |     fn try_from_dec_int(slice: &str) -> Option<Self> {
     |                                         ^^^^^^ not found in this scope
     |
help: consider importing this enum
     |
8    + use core::option::Option;
     |

error[E0531]: cannot find tuple struct or tuple variant `Ok` in this scope
    --> C:\Users\john\.cargo\registry\src\index.crates.io-1949cf8c6b5b557f\winnow-0.7.13\src\ascii\mod.rs:1328:13
     |
1328 |             Ok(max_offset) => {
     |             ^^ not found in this scope
     |
help: consider importing one of these tuple variants
     |
8    + use crate::ascii::CompareResult::Ok;
     |
8    + use core::result::Result::Ok;
     |

error[E0425]: cannot find function, tuple struct or tuple variant `Err` in this scope
    --> C:\Users\john\.cargo\registry\src\index.crates.io-1949cf8c6b5b557f\winnow-0.7.13\src\ascii\mod.rs:1331:28
     |
1331 |                     return Err(ParserError::from_input(input));
     |                            ^^^ not found in this scope
     |
help: consider importing this tuple variant
     |
8    + use core::result::Result::Err;
     |

error[E0531]: cannot find tuple struct or tuple variant `Err` in this scope
    --> C:\Users\john\.cargo\registry\src\index.crates.io-1949cf8c6b5b557f\winnow-0.7.13\src\ascii\mod.rs:1336:13
     |
1336 |             Err(_) => {
     |             ^^^ not found in this scope
     |
help: consider importing this tuple variant
     |
8    + use core::result::Result::Err;
     |

error[E0425]: cannot find function, tuple struct or tuple variant `Err` in this scope
    --> C:\Users\john\.cargo\registry\src\index.crates.io-1949cf8c6b5b557f\winnow-0.7.13\src\ascii\mod.rs:1342:28
     |
1342 |                     return Err(ParserError::incomplete(input, Needed::new(1)));
     |                            ^^^ not found in this scope
     |
help: consider importing this tuple variant
     |
8    + use core::result::Result::Err;
     |

error[E0425]: cannot find function, tuple struct or tuple variant `Err` in this scope
    --> C:\Users\john\.cargo\registry\src\index.crates.io-1949cf8c6b5b557f\winnow-0.7.13\src\ascii\mod.rs:1350:20
     |
1350 |             return Err(ParserError::from_input(input));
     |                    ^^^ not found in this scope
     |
help: consider importing this tuple variant
     |
8    + use core::result::Result::Err;
     |

error[E0425]: cannot find function, tuple struct or tuple variant `Ok` in this scope
    --> C:\Users\john\.cargo\registry\src\index.crates.io-1949cf8c6b5b557f\winnow-0.7.13\src\ascii\mod.rs:1362:9
     |
1362 |         Ok(res)
     |         ^^ not found in this scope
     |
help: consider importing one of these tuple variants
     |
8    + use crate::ascii::CompareResult::Ok;
     |
8    + use core::result::Result::Ok;
     |

error[E0405]: cannot find trait `Default` in this scope
    --> C:\Users\john\.cargo\registry\src\index.crates.io-1949cf8c6b5b557f\winnow-0.7.13\src\ascii\mod.rs:1369:5
     |
1369 |     Default + Shl<Self, Output = Self> + Add<Self, Output = Self> + From<u8>
     |     ^^^^^^^ not found in this scope
     |
help: consider importing this trait
     |
8    + use core::default::Default;
     |

error[E0405]: cannot find trait `From` in this scope
    --> C:\Users\john\.cargo\registry\src\index.crates.io-1949cf8c6b5b557f\winnow-0.7.13\src\ascii\mod.rs:1369:69
     |
1369 |     Default + Shl<Self, Output = Self> + Add<Self, Output = Self> + From<u8>
     |                                                                     ^^^^ not found in this scope
     |
help: consider importing this trait
     |
8    + use core::convert::From;
     |

error[E0405]: cannot find trait `Clone` in this scope
    --> C:\Users\john\.cargo\registry\src\index.crates.io-1949cf8c6b5b557f\winnow-0.7.13\src\ascii\mod.rs:1469:40
     |
1469 |     <Input as Stream>::Token: AsChar + Clone,
     |                                        ^^^^^ not found in this scope
     |
help: consider importing this trait
     |
8    + use core::clone::Clone;
     |

error[E0405]: cannot find trait `Clone` in this scope
    --> C:\Users\john\.cargo\registry\src\index.crates.io-1949cf8c6b5b557f\winnow-0.7.13\src\ascii\mod.rs:1470:37
     |
1470 |     <Input as Stream>::IterOffsets: Clone,
     |                                     ^^^^^ not found in this scope
     |
help: constrain the associated type to `Clone`
     |
1470 -     <Input as Stream>::IterOffsets: Clone,
1470 +     Input: Stream<IterOffsets = Clone>,
     |
help: consider importing this trait
     |
8    + use core::clone::Clone;
     |

error[E0405]: cannot find trait `Clone` in this scope
    --> C:\Users\john\.cargo\registry\src\index.crates.io-1949cf8c6b5b557f\winnow-0.7.13\src\ascii\mod.rs:1488:36
     |
1488 |     <I as Stream>::Token: AsChar + Clone,
     |                                    ^^^^^ not found in this scope
     |
help: consider importing this trait
     |
8    + use core::clone::Clone;
     |

error[E0405]: cannot find trait `Clone` in this scope
    --> C:\Users\john\.cargo\registry\src\index.crates.io-1949cf8c6b5b557f\winnow-0.7.13\src\ascii\mod.rs:1489:33
     |
1489 |     <I as Stream>::IterOffsets: Clone,
     |                                 ^^^^^ not found in this scope
     |
help: constrain the associated type to `Clone`
     |
1489 -     <I as Stream>::IterOffsets: Clone,
1489 +     I: Stream<IterOffsets = Clone>,
     |
help: consider importing this trait
     |
8    + use core::clone::Clone;
     |

error[E0531]: cannot find tuple struct or tuple variant `Some` in this scope
    --> C:\Users\john\.cargo\registry\src\index.crates.io-1949cf8c6b5b557f\winnow-0.7.13\src\ascii\mod.rs:1493:9
     |
1493 |         Some('N') | Some('n') => Caseless("nan").void(),
     |         ^^^^ not found in this scope
     |
help: consider importing this tuple variant
     |
8    + use core::option::Option::Some;
     |

error[E0531]: cannot find tuple struct or tuple variant `Some` in this scope
    --> C:\Users\john\.cargo\registry\src\index.crates.io-1949cf8c6b5b557f\winnow-0.7.13\src\ascii\mod.rs:1493:21
     |
1493 |         Some('N') | Some('n') => Caseless("nan").void(),
     |                     ^^^^ not found in this scope
     |
help: consider importing this tuple variant
     |
8    + use core::option::Option::Some;
     |

error[E0531]: cannot find tuple struct or tuple variant `Some` in this scope
    --> C:\Users\john\.cargo\registry\src\index.crates.io-1949cf8c6b5b557f\winnow-0.7.13\src\ascii\mod.rs:1494:9
     |
1494 |         Some('+') | Some('-') => (any, take_unsigned_float_or_exceptions).void(),
     |         ^^^^ not found in this scope
     |
help: consider importing this tuple variant
     |
8    + use core::option::Option::Some;
     |

error[E0531]: cannot find tuple struct or tuple variant `Some` in this scope
    --> C:\Users\john\.cargo\registry\src\index.crates.io-1949cf8c6b5b557f\winnow-0.7.13\src\ascii\mod.rs:1494:21
     |
1494 |         Some('+') | Some('-') => (any, take_unsigned_float_or_exceptions).void(),
     |                     ^^^^ not found in this scope
     |
help: consider importing this tuple variant
     |
8    + use core::option::Option::Some;
     |

error[E0405]: cannot find trait `Clone` in this scope
    --> C:\Users\john\.cargo\registry\src\index.crates.io-1949cf8c6b5b557f\winnow-0.7.13\src\ascii\mod.rs:1508:36
     |
1508 |     <I as Stream>::Token: AsChar + Clone,
     |                                    ^^^^^ not found in this scope
     |
help: consider importing this trait
     |
8    + use core::clone::Clone;
     |

error[E0405]: cannot find trait `Clone` in this scope
    --> C:\Users\john\.cargo\registry\src\index.crates.io-1949cf8c6b5b557f\winnow-0.7.13\src\ascii\mod.rs:1509:33
     |
1509 |     <I as Stream>::IterOffsets: Clone,
     |                                 ^^^^^ not found in this scope
     |
help: constrain the associated type to `Clone`
     |
1509 -     <I as Stream>::IterOffsets: Clone,
1509 +     I: Stream<IterOffsets = Clone>,
     |
help: consider importing this trait
     |
8    + use core::clone::Clone;
     |

error[E0531]: cannot find tuple struct or tuple variant `Some` in this scope
    --> C:\Users\john\.cargo\registry\src\index.crates.io-1949cf8c6b5b557f\winnow-0.7.13\src\ascii\mod.rs:1513:9
     |
1513 |         Some('I') | Some('i') => (Caseless("inf"), opt(Caseless("inity"))).void(),
     |         ^^^^ not found in this scope
     |
help: consider importing this tuple variant
     |
8    + use core::option::Option::Some;
     |

error[E0531]: cannot find tuple struct or tuple variant `Some` in this scope
    --> C:\Users\john\.cargo\registry\src\index.crates.io-1949cf8c6b5b557f\winnow-0.7.13\src\ascii\mod.rs:1513:21
     |
1513 |         Some('I') | Some('i') => (Caseless("inf"), opt(Caseless("inity"))).void(),
     |                     ^^^^ not found in this scope
     |
help: consider importing this tuple variant
     |
8    + use core::option::Option::Some;
     |

error[E0531]: cannot find tuple struct or tuple variant `Some` in this scope
    --> C:\Users\john\.cargo\registry\src\index.crates.io-1949cf8c6b5b557f\winnow-0.7.13\src\ascii\mod.rs:1514:9
     |
1514 |         Some('.') => ('.', digit1, take_exp).void(),
     |         ^^^^ not found in this scope
     |
help: consider importing this tuple variant
     |
8    + use core::option::Option::Some;
     |

error[E0405]: cannot find trait `Clone` in this scope
    --> C:\Users\john\.cargo\registry\src\index.crates.io-1949cf8c6b5b557f\winnow-0.7.13\src\ascii\mod.rs:1526:36
     |
1526 |     <I as Stream>::Token: AsChar + Clone,
     |                                    ^^^^^ not found in this scope
     |
help: consider importing this trait
     |
8    + use core::clone::Clone;
     |

error[E0405]: cannot find trait `Clone` in this scope
    --> C:\Users\john\.cargo\registry\src\index.crates.io-1949cf8c6b5b557f\winnow-0.7.13\src\ascii\mod.rs:1527:33
     |
1527 |     <I as Stream>::IterOffsets: Clone,
     |                                 ^^^^^ not found in this scope
     |
help: constrain the associated type to `Clone`
     |
1527 -     <I as Stream>::IterOffsets: Clone,
1527 +     I: Stream<IterOffsets = Clone>,
     |
help: consider importing this trait
     |
8    + use core::clone::Clone;
     |

error[E0531]: cannot find tuple struct or tuple variant `Some` in this scope
    --> C:\Users\john\.cargo\registry\src\index.crates.io-1949cf8c6b5b557f\winnow-0.7.13\src\ascii\mod.rs:1531:9
     |
1531 |         Some('E') | Some('e') => (one_of(['e', 'E']), opt(one_of(['+', '-'])), digit1).void(),
     |         ^^^^ not found in this scope
     |
help: consider importing this tuple variant
     |
8    + use core::option::Option::Some;
     |

error[E0531]: cannot find tuple struct or tuple variant `Some` in this scope
    --> C:\Users\john\.cargo\registry\src\index.crates.io-1949cf8c6b5b557f\winnow-0.7.13\src\ascii\mod.rs:1531:21
     |
1531 |         Some('E') | Some('e') => (one_of(['e', 'E']), opt(one_of(['+', '-'])), digit1).void(),
     |                     ^^^^ not found in this scope
     |
help: consider importing this tuple variant
     |
8    + use core::option::Option::Some;
     |

error[E0531]: cannot find tuple struct or tuple variant `Some` in this scope
    --> C:\Users\john\.cargo\registry\src\index.crates.io-1949cf8c6b5b557f\winnow-0.7.13\src\ascii\mod.rs:1645:13
     |
1645 |             Some(_) => {
     |             ^^^^ not found in this scope
     |
help: consider importing this tuple variant
     |
8    + use core::option::Option::Some;
     |

error[E0425]: cannot find function, tuple struct or tuple variant `Err` in this scope
    --> C:\Users\john\.cargo\registry\src\index.crates.io-1949cf8c6b5b557f\winnow-0.7.13\src\ascii\mod.rs:1648:28
     |
1648 |                     return Err(ParserError::assert(
     |                            ^^^ not found in this scope
     |
help: consider importing this tuple variant
     |
8    + use core::result::Result::Err;
     |

error[E0425]: cannot find function, tuple struct or tuple variant `Ok` in this scope
    --> C:\Users\john\.cargo\registry\src\index.crates.io-1949cf8c6b5b557f\winnow-0.7.13\src\ascii\mod.rs:1660:28
     |
1660 |                     return Ok(input.next_slice(offset));
     |                            ^^ not found in this scope
     |
help: consider importing one of these tuple variants
     |
8    + use crate::ascii::CompareResult::Ok;
     |
8    + use core::result::Result::Ok;
     |

error[E0425]: cannot find function, tuple struct or tuple variant `Err` in this scope
    --> C:\Users\john\.cargo\registry\src\index.crates.io-1949cf8c6b5b557f\winnow-0.7.13\src\ascii\mod.rs:1667:9
     |
1667 |         Err(ParserError::incomplete(input, Needed::Unknown))
     |         ^^^ not found in this scope
     |
help: consider importing this tuple variant
     |
8    + use core::result::Result::Err;
     |

error[E0425]: cannot find function, tuple struct or tuple variant `Ok` in this scope
    --> C:\Users\john\.cargo\registry\src\index.crates.io-1949cf8c6b5b557f\winnow-0.7.13\src\ascii\mod.rs:1670:9
     |
1670 |         Ok(input.finish())
     |         ^^ not found in this scope
     |
help: consider importing one of these tuple variants
     |
8    + use crate::ascii::CompareResult::Ok;
     |
8    + use core::result::Result::Ok;
     |

error[E0425]: cannot find function, tuple struct or tuple variant `Some` in this scope
    --> C:\Users\john\.cargo\registry\src\index.crates.io-1949cf8c6b5b557f\winnow-0.7.13\src\ascii\mod.rs:1827:70
     |
1827 |         <Output as crate::stream::Accumulate<NormalOutput>>::initial(Some(input.eof_offset()));
     |                                                                      ^^^^ not found in this scope
     |
help: consider importing this tuple variant
     |
8    + use core::option::Option::Some;
     |

error[E0531]: cannot find tuple struct or tuple variant `Some` in this scope
    --> C:\Users\john\.cargo\registry\src\index.crates.io-1949cf8c6b5b557f\winnow-0.7.13\src\ascii\mod.rs:1833:13
     |
1833 |             Some(o) => {
     |             ^^^^ not found in this scope
     |
help: consider importing this tuple variant
     |
8    + use core::option::Option::Some;
     |

error[E0425]: cannot find function, tuple struct or tuple variant `Err` in this scope
    --> C:\Users\john\.cargo\registry\src\index.crates.io-1949cf8c6b5b557f\winnow-0.7.13\src\ascii\mod.rs:1837:28
     |
1837 |                     return Err(ParserError::assert(
     |                            ^^^ not found in this scope
     |
help: consider importing this tuple variant
     |
8    + use core::result::Result::Err;
     |

error[E0425]: cannot find function, tuple struct or tuple variant `Ok` in this scope
    --> C:\Users\john\.cargo\registry\src\index.crates.io-1949cf8c6b5b557f\winnow-0.7.13\src\ascii\mod.rs:1848:28
     |
1848 |                     return Ok(res);
     |                            ^^ not found in this scope
     |
help: consider importing one of these tuple variants
     |
8    + use crate::ascii::CompareResult::Ok;
     |
8    + use core::result::Result::Ok;
     |

error[E0425]: cannot find function, tuple struct or tuple variant `Err` in this scope
    --> C:\Users\john\.cargo\registry\src\index.crates.io-1949cf8c6b5b557f\winnow-0.7.13\src\ascii\mod.rs:1855:9
     |
1855 |         Err(ParserError::incomplete(input, Needed::Unknown))
     |         ^^^ not found in this scope
     |
help: consider importing this tuple variant
     |
8    + use core::result::Result::Err;
     |

error[E0425]: cannot find function, tuple struct or tuple variant `Ok` in this scope
    --> C:\Users\john\.cargo\registry\src\index.crates.io-1949cf8c6b5b557f\winnow-0.7.13\src\ascii\mod.rs:1857:9
     |
1857 |         Ok(res)
     |         ^^ not found in this scope
     |
help: consider importing one of these tuple variants
     |
8    + use crate::ascii::CompareResult::Ok;
     |
8    + use core::result::Result::Ok;
     |

error[E0405]: cannot find trait `Clone` in this scope
  --> C:\Users\john\.cargo\registry\src\index.crates.io-1949cf8c6b5b557f\winnow-0.7.13\src\binary\bits\mod.rs:56:21
   |
56 |     Input: Stream + Clone,
   |                     ^^^^^ not found in this scope
   |
help: consider importing this trait
   |
7  + use core::clone::Clone;
   |

error[E0531]: cannot find tuple struct or tuple variant `Ok` in this scope
  --> C:\Users\john\.cargo\registry\src\index.crates.io-1949cf8c6b5b557f\winnow-0.7.13\src\binary\bits\mod.rs:62:13
   |
62 |             Ok(result) => {
   |             ^^ not found in this scope
   |
help: consider importing one of these tuple variants
   |
7  + use crate::stream::CompareResult::Ok;
   |
7  + use core::result::Result::Ok;
   |

error[E0425]: cannot find function, tuple struct or tuple variant `Ok` in this scope
  --> C:\Users\john\.cargo\registry\src\index.crates.io-1949cf8c6b5b557f\winnow-0.7.13\src\binary\bits\mod.rs:70:17
   |
70 |                 Ok(result)
   |                 ^^ not found in this scope
   |
help: consider importing one of these tuple variants
   |
7  + use crate::stream::CompareResult::Ok;
   |
7  + use core::result::Result::Ok;
   |

error[E0531]: cannot find tuple struct or tuple variant `Err` in this scope
  --> C:\Users\john\.cargo\registry\src\index.crates.io-1949cf8c6b5b557f\winnow-0.7.13\src\binary\bits\mod.rs:72:13
   |
72 |             Err(e) => match e.needed() {
   |             ^^^ not found in this scope
   |
help: consider importing this tuple variant
   |
7  + use core::result::Result::Err;
   |

error[E0531]: cannot find tuple struct or tuple variant `Some` in this scope
  --> C:\Users\john\.cargo\registry\src\index.crates.io-1949cf8c6b5b557f\winnow-0.7.13\src\binary\bits\mod.rs:73:17
   |
73 |                 Some(n) => Err(ParserError::incomplete(
   |                 ^^^^ not found in this scope
   |
help: consider importing this tuple variant
   |
7  + use core::option::Option::Some;
   |

error[E0425]: cannot find function, tuple struct or tuple variant `Err` in this scope
  --> C:\Users\john\.cargo\registry\src\index.crates.io-1949cf8c6b5b557f\winnow-0.7.13\src\binary\bits\mod.rs:73:28
   |
73 |                 Some(n) => Err(ParserError::incomplete(
   |                            ^^^ not found in this scope
   |
help: consider importing this tuple variant
   |
7  + use core::result::Result::Err;
   |

error[E0425]: cannot find function, tuple struct or tuple variant `Err` in this scope
  --> C:\Users\john\.cargo\registry\src\index.crates.io-1949cf8c6b5b557f\winnow-0.7.13\src\binary\bits\mod.rs:77:25
   |
77 |                 None => Err(ErrorConvert::convert(e)),
   |                         ^^^ not found in this scope
   |
help: consider importing this tuple variant
   |
7  + use core::result::Result::Err;
   |

error[E0405]: cannot find trait `Clone` in this scope
   --> C:\Users\john\.cargo\registry\src\index.crates.io-1949cf8c6b5b557f\winnow-0.7.13\src\binary\bits\mod.rs:126:33
    |
126 |     Input: Stream<Token = u8> + Clone,
    |                                 ^^^^^ not found in this scope
    |
help: consider importing this trait
    |
7   + use core::clone::Clone;
    |

error[E0531]: cannot find tuple struct or tuple variant `Ok` in this scope
   --> C:\Users\john\.cargo\registry\src\index.crates.io-1949cf8c6b5b557f\winnow-0.7.13\src\binary\bits\mod.rs:137:13
    |
137 |             Ok(res) => {
    |             ^^ not found in this scope
    |
help: consider importing one of these tuple variants
    |
7   + use crate::stream::CompareResult::Ok;
    |
7   + use core::result::Result::Ok;
    |

error[E0425]: cannot find function, tuple struct or tuple variant `Ok` in this scope
   --> C:\Users\john\.cargo\registry\src\index.crates.io-1949cf8c6b5b557f\winnow-0.7.13\src\binary\bits\mod.rs:139:17
    |
139 |                 Ok(res)
    |                 ^^ not found in this scope
    |
help: consider importing one of these tuple variants
    |
7   + use crate::stream::CompareResult::Ok;
    |
7   + use core::result::Result::Ok;
    |

error[E0531]: cannot find tuple struct or tuple variant `Err` in this scope
   --> C:\Users\john\.cargo\registry\src\index.crates.io-1949cf8c6b5b557f\winnow-0.7.13\src\binary\bits\mod.rs:141:13
    |
141 |             Err(e) => match e.needed() {
    |             ^^^ not found in this scope
    |
help: consider importing this tuple variant
    |
7   + use core::result::Result::Err;
    |

error[E0531]: cannot find tuple struct or tuple variant `Some` in this scope
   --> C:\Users\john\.cargo\registry\src\index.crates.io-1949cf8c6b5b557f\winnow-0.7.13\src\binary\bits\mod.rs:142:17
    |
142 |                 Some(Needed::Unknown) => Err(ParserError::incomplete(bit_input, Needed::Unknown)),
    |                 ^^^^ not found in this scope
    |
help: consider importing this tuple variant
    |
7   + use core::option::Option::Some;
    |

error[E0425]: cannot find function, tuple struct or tuple variant `Err` in this scope
   --> C:\Users\john\.cargo\registry\src\index.crates.io-1949cf8c6b5b557f\winnow-0.7.13\src\binary\bits\mod.rs:142:42
    |
142 |                 Some(Needed::Unknown) => Err(ParserError::incomplete(bit_input, Needed::Unknown)),
    |                                          ^^^ not found in this scope
    |
help: consider importing this tuple variant
    |
7   + use core::result::Result::Err;
    |

error[E0531]: cannot find tuple struct or tuple variant `Some` in this scope
   --> C:\Users\john\.cargo\registry\src\index.crates.io-1949cf8c6b5b557f\winnow-0.7.13\src\binary\bits\mod.rs:143:17
    |
143 |                 Some(Needed::Size(sz)) => Err(match sz.get().checked_mul(BYTE) {
    |                 ^^^^ not found in this scope
    |
help: consider importing this tuple variant
    |
7   + use core::option::Option::Some;
    |

error[E0425]: cannot find function, tuple struct or tuple variant `Err` in this scope
   --> C:\Users\john\.cargo\registry\src\index.crates.io-1949cf8c6b5b557f\winnow-0.7.13\src\binary\bits\mod.rs:143:43
    |
143 |                 Some(Needed::Size(sz)) => Err(match sz.get().checked_mul(BYTE) {
    |                                           ^^^ not found in this scope
    |
help: consider importing this tuple variant
    |
7   + use core::result::Result::Err;
    |

error[E0531]: cannot find tuple struct or tuple variant `Some` in this scope
   --> C:\Users\john\.cargo\registry\src\index.crates.io-1949cf8c6b5b557f\winnow-0.7.13\src\binary\bits\mod.rs:144:21
    |
144 |                     Some(v) => ParserError::incomplete(bit_input, Needed::new(v)),
    |                     ^^^^ not found in this scope
    |
help: consider importing this tuple variant
    |
7   + use core::option::Option::Some;
    |

error[E0425]: cannot find function, tuple struct or tuple variant `Err` in this scope
   --> C:\Users\john\.cargo\registry\src\index.crates.io-1949cf8c6b5b557f\winnow-0.7.13\src\binary\bits\mod.rs:150:25
    |
150 |                 None => Err(ErrorConvert::convert(e)),
    |                         ^^^ not found in this scope
    |
help: consider importing this tuple variant
    |
7   + use core::result::Result::Err;
    |

error[E0405]: cannot find trait `Clone` in this scope
   --> C:\Users\john\.cargo\registry\src\index.crates.io-1949cf8c6b5b557f\winnow-0.7.13\src\binary\bits\mod.rs:198:51
    |
198 |     Input: Stream<Token = u8> + StreamIsPartial + Clone,
    |                                                   ^^^^^ not found in this scope
    |
help: consider importing this trait
    |
7   + use core::clone::Clone;
    |

error[E0405]: cannot find trait `From` in this scope
   --> C:\Users\john\.cargo\registry\src\index.crates.io-1949cf8c6b5b557f\winnow-0.7.13\src\binary\bits\mod.rs:199:13
    |
199 |     Output: From<u8> + AddAssign + Shl<usize, Output = Output> + Shr<usize, Output = Output>,
    |             ^^^^ not found in this scope
    |
help: consider importing this trait
    |
7   + use core::convert::From;
    |

error[E0405]: cannot find trait `Clone` in this scope
   --> C:\Users\john\.cargo\registry\src\index.crates.io-1949cf8c6b5b557f\winnow-0.7.13\src\binary\bits\mod.rs:219:29
    |
219 |     I: Stream<Token = u8> + Clone,
    |                             ^^^^^ not found in this scope
    |
help: consider importing this trait
    |
7   + use core::clone::Clone;
    |

error[E0405]: cannot find trait `From` in this scope
   --> C:\Users\john\.cargo\registry\src\index.crates.io-1949cf8c6b5b557f\winnow-0.7.13\src\binary\bits\mod.rs:220:8
    |
220 |     O: From<u8> + AddAssign + Shl<usize, Output = O> + Shr<usize, Output = O>,
    |        ^^^^ not found in this scope
    |
help: consider importing this trait
    |
7   + use core::convert::From;
    |

error[E0425]: cannot find function, tuple struct or tuple variant `Ok` in this scope
   --> C:\Users\john\.cargo\registry\src\index.crates.io-1949cf8c6b5b557f\winnow-0.7.13\src\binary\bits\mod.rs:223:9
    |
223 |         Ok(0u8.into())
    |         ^^ not found in this scope
    |
help: consider importing one of these tuple variants
    |
7   + use crate::stream::CompareResult::Ok;
    |
7   + use core::result::Result::Ok;
    |

error[E0425]: cannot find function, tuple struct or tuple variant `Err` in this scope
   --> C:\Users\john\.cargo\registry\src\index.crates.io-1949cf8c6b5b557f\winnow-0.7.13\src\binary\bits\mod.rs:228:17
    |
228 |                 Err(ParserError::incomplete(bit_input, Needed::new(count)))
    |                 ^^^ not found in this scope
    |
help: consider importing this tuple variant
    |
7   + use core::result::Result::Err;
    |

error[E0425]: cannot find function, tuple struct or tuple variant `Err` in this scope
   --> C:\Users\john\.cargo\registry\src\index.crates.io-1949cf8c6b5b557f\winnow-0.7.13\src\binary\bits\mod.rs:230:17
    |
230 |                 Err(ParserError::from_input(&(input, bit_offset)))
    |                 ^^^ not found in this scope
    |
help: consider importing this tuple variant
    |
7   + use core::result::Result::Err;
    |

error[E0425]: cannot find function, tuple struct or tuple variant `Ok` in this scope
   --> C:\Users\john\.cargo\registry\src\index.crates.io-1949cf8c6b5b557f\winnow-0.7.13\src\binary\bits\mod.rs:261:13
    |
261 |             Ok(acc)
    |             ^^ not found in this scope
    |
help: consider importing one of these tuple variants
    |
7   + use crate::stream::CompareResult::Ok;
    |
7   + use core::result::Result::Ok;
    |

error[E0405]: cannot find trait `Clone` in this scope
   --> C:\Users\john\.cargo\registry\src\index.crates.io-1949cf8c6b5b557f\winnow-0.7.13\src\binary\bits\mod.rs:328:51
    |
328 |     Input: Stream<Token = u8> + StreamIsPartial + Clone,
    |                                                   ^^^^^ not found in this scope
    |
help: consider importing this trait
    |
7   + use core::clone::Clone;
    |

error[E0405]: cannot find trait `From` in this scope
   --> C:\Users\john\.cargo\registry\src\index.crates.io-1949cf8c6b5b557f\winnow-0.7.13\src\binary\bits\mod.rs:330:13
    |
330 |     Output: From<u8>
    |             ^^^^ not found in this scope
    |
help: consider importing this trait
    |
7   + use core::convert::From;
    |

error[E0405]: cannot find trait `PartialEq` in this scope
   --> C:\Users\john\.cargo\registry\src\index.crates.io-1949cf8c6b5b557f\winnow-0.7.13\src\binary\bits\mod.rs:334:11
    |
334 |         + PartialEq,
    |           ^^^^^^^^^ not found in this scope
    |
help: consider importing this trait
    |
7   + use core::cmp::PartialEq;
    |

error[E0425]: cannot find function, tuple struct or tuple variant `Ok` in this scope
   --> C:\Users\john\.cargo\registry\src\index.crates.io-1949cf8c6b5b557f\winnow-0.7.13\src\binary\bits\mod.rs:342:17
    |
342 |                 Ok(o)
    |                 ^^ not found in this scope
    |
help: consider importing one of these tuple variants
    |
7   + use crate::stream::CompareResult::Ok;
    |
7   + use core::result::Result::Ok;
    |

error[E0425]: cannot find function, tuple struct or tuple variant `Err` in this scope
   --> C:\Users\john\.cargo\registry\src\index.crates.io-1949cf8c6b5b557f\winnow-0.7.13\src\binary\bits\mod.rs:345:17
    |
345 |                 Err(ParserError::from_input(input))
    |                 ^^^ not found in this scope
    |
help: consider importing this tuple variant
    |
7   + use core::result::Result::Err;
    |

error[E0405]: cannot find trait `Clone` in this scope
   --> C:\Users\john\.cargo\registry\src\index.crates.io-1949cf8c6b5b557f\winnow-0.7.13\src\binary\bits\mod.rs:391:51
    |
391 |     Input: Stream<Token = u8> + StreamIsPartial + Clone,
    |                                                   ^^^^^ not found in this scope
    |
help: consider importing this trait
    |
7   + use core::clone::Clone;
    |

error[E0425]: cannot find function, tuple struct or tuple variant `Ok` in this scope
   --> C:\Users\john\.cargo\registry\src\index.crates.io-1949cf8c6b5b557f\winnow-0.7.13\src\binary\bits\mod.rs:395:9
    |
395 |         Ok(bit != 0)
    |         ^^ not found in this scope
    |
help: consider importing one of these tuple variants
    |
7   + use crate::stream::CompareResult::Ok;
    |
7   + use core::result::Result::Ok;
    |

error[E0405]: cannot find trait `Default` in this scope
   --> C:\Users\john\.cargo\registry\src\index.crates.io-1949cf8c6b5b557f\winnow-0.7.13\src\binary\mod.rs:300:11
    |
300 |     Uint: Default + Shl<u8, Output = Uint> + Add<Uint, Output = Uint> + From<u8>,
    |           ^^^^^^^ not found in this scope
    |
help: consider importing this trait
    |
10  + use core::default::Default;
    |

error[E0405]: cannot find trait `From` in this scope
   --> C:\Users\john\.cargo\registry\src\index.crates.io-1949cf8c6b5b557f\winnow-0.7.13\src\binary\mod.rs:300:73
    |
300 |     Uint: Default + Shl<u8, Output = Uint> + Add<Uint, Output = Uint> + From<u8>,
    |                                                                         ^^^^ not found in this scope
    |
help: consider importing this trait
    |
10  + use core::convert::From;
    |

error[E0531]: cannot find tuple struct or tuple variant `Ok` in this scope
   --> C:\Users\john\.cargo\registry\src\index.crates.io-1949cf8c6b5b557f\winnow-0.7.13\src\binary\mod.rs:305:9
    |
305 |         Ok(offset) => {
    |         ^^ not found in this scope
    |
help: consider importing one of these tuple variants
    |
10  + use crate::stream::CompareResult::Ok;
    |
10  + use core::result::Result::Ok;
    |

error[E0425]: cannot find function, tuple struct or tuple variant `Ok` in this scope
   --> C:\Users\john\.cargo\registry\src\index.crates.io-1949cf8c6b5b557f\winnow-0.7.13\src\binary\mod.rs:308:13
    |
308 |             Ok(res)
    |             ^^ not found in this scope
    |
help: consider importing one of these tuple variants
    |
10  + use crate::stream::CompareResult::Ok;
    |
10  + use core::result::Result::Ok;
    |

error[E0531]: cannot find tuple struct or tuple variant `Err` in this scope
   --> C:\Users\john\.cargo\registry\src\index.crates.io-1949cf8c6b5b557f\winnow-0.7.13\src\binary\mod.rs:310:9
    |
310 |         Err(e) if <Input as StreamIsPartial>::is_partial_supported() && input.is_partial() => {
    |         ^^^ not found in this scope
    |
help: consider importing this tuple variant
    |
10  + use core::result::Result::Err;
    |

error[E0425]: cannot find function, tuple struct or tuple variant `Err` in this scope
   --> C:\Users\john\.cargo\registry\src\index.crates.io-1949cf8c6b5b557f\winnow-0.7.13\src\binary\mod.rs:311:13
    |
311 |             Err(ParserError::incomplete(input, e))
    |             ^^^ not found in this scope
    |
help: consider importing this tuple variant
    |
10  + use core::result::Result::Err;
    |

error[E0531]: cannot find tuple struct or tuple variant `Err` in this scope
   --> C:\Users\john\.cargo\registry\src\index.crates.io-1949cf8c6b5b557f\winnow-0.7.13\src\binary\mod.rs:313:9
    |
313 |         Err(_needed) => Err(ParserError::from_input(input)),
    |         ^^^ not found in this scope
    |
help: consider importing this tuple variant
    |
10  + use core::result::Result::Err;
    |

error[E0425]: cannot find function, tuple struct or tuple variant `Err` in this scope
   --> C:\Users\john\.cargo\registry\src\index.crates.io-1949cf8c6b5b557f\winnow-0.7.13\src\binary\mod.rs:313:25
    |
313 |         Err(_needed) => Err(ParserError::from_input(input)),
    |                         ^^^ not found in this scope
    |
help: consider importing this tuple variant
    |
10  + use core::result::Result::Err;
    |

error[E0405]: cannot find trait `Default` in this scope
   --> C:\Users\john\.cargo\registry\src\index.crates.io-1949cf8c6b5b557f\winnow-0.7.13\src\binary\mod.rs:321:11
    |
321 |     Uint: Default
    |           ^^^^^^^ not found in this scope
    |
help: consider importing this trait
    |
10  + use core::default::Default;
    |

error[E0405]: cannot find trait `From` in this scope
   --> C:\Users\john\.cargo\registry\src\index.crates.io-1949cf8c6b5b557f\winnow-0.7.13\src\binary\mod.rs:324:11
    |
324 |         + From<<Input as Stream>::Token>,
    |           ^^^^ not found in this scope
    |
help: consider importing this trait
    |
10  + use core::convert::From;
    |

error[E0405]: cannot find trait `Default` in this scope
   --> C:\Users\john\.cargo\registry\src\index.crates.io-1949cf8c6b5b557f\winnow-0.7.13\src\binary\mod.rs:889:11
    |
889 |     Uint: Default + Shl<u8, Output = Uint> + Add<Uint, Output = Uint> + From<u8>,
    |           ^^^^^^^ not found in this scope
    |
help: consider importing this trait
    |
10  + use core::default::Default;
    |

error[E0405]: cannot find trait `From` in this scope
   --> C:\Users\john\.cargo\registry\src\index.crates.io-1949cf8c6b5b557f\winnow-0.7.13\src\binary\mod.rs:889:73
    |
889 |     Uint: Default + Shl<u8, Output = Uint> + Add<Uint, Output = Uint> + From<u8>,
    |                                                                         ^^^^ not found in this scope
    |
help: consider importing this trait
    |
10  + use core::convert::From;
    |

error[E0531]: cannot find tuple struct or tuple variant `Ok` in this scope
   --> C:\Users\john\.cargo\registry\src\index.crates.io-1949cf8c6b5b557f\winnow-0.7.13\src\binary\mod.rs:893:9
    |
893 |         Ok(offset) => {
    |         ^^ not found in this scope
    |
help: consider importing one of these tuple variants
    |
10  + use crate::stream::CompareResult::Ok;
    |
10  + use core::result::Result::Ok;
    |

error[E0425]: cannot find function, tuple struct or tuple variant `Ok` in this scope
   --> C:\Users\john\.cargo\registry\src\index.crates.io-1949cf8c6b5b557f\winnow-0.7.13\src\binary\mod.rs:896:13
    |
896 |             Ok(res)
    |             ^^ not found in this scope
    |
help: consider importing one of these tuple variants
    |
10  + use crate::stream::CompareResult::Ok;
    |
10  + use core::result::Result::Ok;
    |

error[E0531]: cannot find tuple struct or tuple variant `Err` in this scope
   --> C:\Users\john\.cargo\registry\src\index.crates.io-1949cf8c6b5b557f\winnow-0.7.13\src\binary\mod.rs:898:9
    |
898 |         Err(e) if <Input as StreamIsPartial>::is_partial_supported() && input.is_partial() => {
    |         ^^^ not found in this scope
    |
help: consider importing this tuple variant
    |
10  + use core::result::Result::Err;
    |

error[E0425]: cannot find function, tuple struct or tuple variant `Err` in this scope
   --> C:\Users\john\.cargo\registry\src\index.crates.io-1949cf8c6b5b557f\winnow-0.7.13\src\binary\mod.rs:899:13
    |
899 |             Err(ParserError::incomplete(input, e))
    |             ^^^ not found in this scope
    |
help: consider importing this tuple variant
    |
10  + use core::result::Result::Err;
    |

error[E0531]: cannot find tuple struct or tuple variant `Err` in this scope
   --> C:\Users\john\.cargo\registry\src\index.crates.io-1949cf8c6b5b557f\winnow-0.7.13\src\binary\mod.rs:901:9
    |
901 |         Err(_needed) => Err(ParserError::from_input(input)),
    |         ^^^ not found in this scope
    |
help: consider importing this tuple variant
    |
10  + use core::result::Result::Err;
    |

error[E0425]: cannot find function, tuple struct or tuple variant `Err` in this scope
   --> C:\Users\john\.cargo\registry\src\index.crates.io-1949cf8c6b5b557f\winnow-0.7.13\src\binary\mod.rs:901:25
    |
901 |         Err(_needed) => Err(ParserError::from_input(input)),
    |                         ^^^ not found in this scope
    |
help: consider importing this tuple variant
    |
10  + use core::result::Result::Err;
    |

error[E0405]: cannot find trait `Default` in this scope
   --> C:\Users\john\.cargo\registry\src\index.crates.io-1949cf8c6b5b557f\winnow-0.7.13\src\binary\mod.rs:909:11
    |
909 |     Uint: Default
    |           ^^^^^^^ not found in this scope
    |
help: consider importing this trait
    |
10  + use core::default::Default;
    |

error[E0405]: cannot find trait `From` in this scope
   --> C:\Users\john\.cargo\registry\src\index.crates.io-1949cf8c6b5b557f\winnow-0.7.13\src\binary\mod.rs:912:11
    |
912 |         + From<<Input as Stream>::Token>,
    |           ^^^^ not found in this scope
    |
help: consider importing this trait
    |
10  + use core::convert::From;
    |

error[E0405]: cannot find trait `Clone` in this scope
    --> C:\Users\john\.cargo\registry\src\index.crates.io-1949cf8c6b5b557f\winnow-0.7.13\src\binary\mod.rs:2469:53
     |
2469 |     Input: StreamIsPartial + Stream + UpdateSlice + Clone,
     |                                                     ^^^^^ not found in this scope
     |
help: consider importing this trait
     |
10   + use core::clone::Clone;
     |

error[E0425]: cannot find function, tuple struct or tuple variant `Ok` in this scope
    --> C:\Users\john\.cargo\registry\src\index.crates.io-1949cf8c6b5b557f\winnow-0.7.13\src\binary\mod.rs:2480:9
     |
2480 |         Ok(o)
     |         ^^ not found in this scope
     |
help: consider importing one of these tuple variants
     |
10   + use crate::stream::CompareResult::Ok;
     |
10   + use core::result::Result::Ok;
     |

error[E0412]: cannot find type `Option` in this scope
   --> C:\Users\john\.cargo\registry\src\index.crates.io-1949cf8c6b5b557f\winnow-0.7.13\src\combinator\branch.rs:131:24
    |
131 |         let mut error: Option<E> = None;
    |                        ^^^^^^ not found in this scope
    |
help: consider importing this enum
    |
1   + use core::option::Option;
    |

error[E0425]: cannot find value `None` in this scope
   --> C:\Users\john\.cargo\registry\src\index.crates.io-1949cf8c6b5b557f\winnow-0.7.13\src\combinator\branch.rs:131:36
    |
131 |         let mut error: Option<E> = None;
    |                                    ^^^^ not found in this scope
    |
help: consider importing this unit variant
    |
1   + use core::option::Option::None;
    |

error[E0531]: cannot find tuple struct or tuple variant `Err` in this scope
   --> C:\Users\john\.cargo\registry\src\index.crates.io-1949cf8c6b5b557f\winnow-0.7.13\src\combinator\branch.rs:137:17
    |
137 |                 Err(e) if e.is_backtrack() => {
    |                 ^^^ not found in this scope
    |
help: consider importing this tuple variant
    |
1   + use core::result::Result::Err;
    |

error[E0531]: cannot find tuple struct or tuple variant `Some` in this scope
   --> C:\Users\john\.cargo\registry\src\index.crates.io-1949cf8c6b5b557f\winnow-0.7.13\src\combinator\branch.rs:139:25
    |
139 |                         Some(error) => Some(error.or(e)),
    |                         ^^^^ not found in this scope
    |
help: consider importing this tuple variant
    |
1   + use core::option::Option::Some;
    |

error[E0425]: cannot find function, tuple struct or tuple variant `Some` in this scope
   --> C:\Users\john\.cargo\registry\src\index.crates.io-1949cf8c6b5b557f\winnow-0.7.13\src\combinator\branch.rs:139:40
    |
139 |                         Some(error) => Some(error.or(e)),
    |                                        ^^^^ not found in this scope
    |
help: consider importing this tuple variant
    |
1   + use core::option::Option::Some;
    |

error[E0425]: cannot find function, tuple struct or tuple variant `Some` in this scope
   --> C:\Users\john\.cargo\registry\src\index.crates.io-1949cf8c6b5b557f\winnow-0.7.13\src\combinator\branch.rs:140:33
    |
140 |                         None => Some(e),
    |                                 ^^^^ not found in this scope
    |
help: consider importing this tuple variant
    |
1   + use core::option::Option::Some;
    |

error[E0531]: cannot find tuple struct or tuple variant `Some` in this scope
   --> C:\Users\john\.cargo\registry\src\index.crates.io-1949cf8c6b5b557f\winnow-0.7.13\src\combinator\branch.rs:148:13
    |
148 |             Some(e) => Err(e.append(input, &start)),
    |             ^^^^ not found in this scope
    |
help: consider importing this tuple variant
    |
1   + use core::option::Option::Some;
    |

error[E0425]: cannot find function, tuple struct or tuple variant `Err` in this scope
   --> C:\Users\john\.cargo\registry\src\index.crates.io-1949cf8c6b5b557f\winnow-0.7.13\src\combinator\branch.rs:148:24
    |
148 |             Some(e) => Err(e.append(input, &start)),
    |                        ^^^ not found in this scope
    |
help: consider importing this tuple variant
    |
1   + use core::result::Result::Err;
    |

error[E0425]: cannot find function, tuple struct or tuple variant `Err` in this scope
   --> C:\Users\john\.cargo\registry\src\index.crates.io-1949cf8c6b5b557f\winnow-0.7.13\src\combinator\branch.rs:149:21
    |
149 |             None => Err(ParserError::assert(
    |                     ^^^ not found in this scope
    |
help: consider importing this tuple variant
    |
1   + use core::result::Result::Err;
    |

error[E0412]: cannot find type `Option` in this scope
   --> C:\Users\john\.cargo\registry\src\index.crates.io-1949cf8c6b5b557f\winnow-0.7.13\src\combinator\branch.rs:159:24
    |
159 |         let mut error: Option<E> = None;
    |                        ^^^^^^ not found in this scope
    |
help: consider importing this enum
    |
1   + use core::option::Option;
    |

error[E0425]: cannot find value `None` in this scope
   --> C:\Users\john\.cargo\registry\src\index.crates.io-1949cf8c6b5b557f\winnow-0.7.13\src\combinator\branch.rs:159:36
    |
159 |         let mut error: Option<E> = None;
    |                                    ^^^^ not found in this scope
    |
help: consider importing this unit variant
    |
1   + use core::option::Option::None;
    |

error[E0531]: cannot find tuple struct or tuple variant `Err` in this scope
   --> C:\Users\john\.cargo\registry\src\index.crates.io-1949cf8c6b5b557f\winnow-0.7.13\src\combinator\branch.rs:165:17
    |
165 |                 Err(e) if e.is_backtrack() => {
    |                 ^^^ not found in this scope
    |
help: consider importing this tuple variant
    |
1   + use core::result::Result::Err;
    |

error[E0531]: cannot find tuple struct or tuple variant `Some` in this scope
   --> C:\Users\john\.cargo\registry\src\index.crates.io-1949cf8c6b5b557f\winnow-0.7.13\src\combinator\branch.rs:167:25
    |
167 |                         Some(error) => Some(error.or(e)),
    |                         ^^^^ not found in this scope
    |
help: consider importing this tuple variant
    |
1   + use core::option::Option::Some;
    |

error[E0425]: cannot find function, tuple struct or tuple variant `Some` in this scope
   --> C:\Users\john\.cargo\registry\src\index.crates.io-1949cf8c6b5b557f\winnow-0.7.13\src\combinator\branch.rs:167:40
    |
167 |                         Some(error) => Some(error.or(e)),
    |                                        ^^^^ not found in this scope
    |
help: consider importing this tuple variant
    |
1   + use core::option::Option::Some;
    |

error[E0425]: cannot find function, tuple struct or tuple variant `Some` in this scope
   --> C:\Users\john\.cargo\registry\src\index.crates.io-1949cf8c6b5b557f\winnow-0.7.13\src\combinator\branch.rs:168:33
    |
168 |                         None => Some(e),
    |                                 ^^^^ not found in this scope
    |
help: consider importing this tuple variant
    |
1   + use core::option::Option::Some;
    |

error[E0531]: cannot find tuple struct or tuple variant `Some` in this scope
   --> C:\Users\john\.cargo\registry\src\index.crates.io-1949cf8c6b5b557f\winnow-0.7.13\src\combinator\branch.rs:176:13
    |
176 |             Some(e) => Err(e.append(input, &start)),
    |             ^^^^ not found in this scope
    |
help: consider importing this tuple variant
    |
1   + use core::option::Option::Some;
    |

error[E0425]: cannot find function, tuple struct or tuple variant `Err` in this scope
   --> C:\Users\john\.cargo\registry\src\index.crates.io-1949cf8c6b5b557f\winnow-0.7.13\src\combinator\branch.rs:176:24
    |
176 |             Some(e) => Err(e.append(input, &start)),
    |                        ^^^ not found in this scope
    |
help: consider importing this tuple variant
    |
1   + use core::result::Result::Err;
    |

error[E0425]: cannot find function, tuple struct or tuple variant `Err` in this scope
   --> C:\Users\john\.cargo\registry\src\index.crates.io-1949cf8c6b5b557f\winnow-0.7.13\src\combinator\branch.rs:177:21
    |
177 |             None => Err(ParserError::assert(
    |                     ^^^ not found in this scope
    |
help: consider importing this tuple variant
    |
1   + use core::result::Result::Err;
    |

error[E0531]: cannot find tuple struct or tuple variant `Err` in this scope
   --> C:\Users\john\.cargo\registry\src\index.crates.io-1949cf8c6b5b557f\winnow-0.7.13\src\combinator\branch.rs:210:11
    |
210 |           Err(e) if e.is_backtrack() => alt_trait_inner!(1, self, input, start, e, $($id)+),
    |           ^^^ not found in this scope
...
258 | alt_trait!(Alt2 Alt3 Alt4 Alt5 Alt6 Alt7 Alt8 Alt9 Alt10 Alt11 Alt12 Alt13 Alt14 Alt15 Alt16 Alt17 Alt18 Alt19 Alt20 Alt21 Alt22);
    | --------------------------------------------------------------------------------------------------------------------------------- in this macro invocation
    |
    = note: this error originates in the macro `alt_trait_impl` which comes from the expansion of the macro `alt_trait` (in Nightly builds, run with -Z macro-backtrace for more info)
help: consider importing this tuple variant
    |
1   + use core::result::Result::Err;
    |

error[E0531]: cannot find tuple struct or tuple variant `Err` in this scope
   --> C:\Users\john\.cargo\registry\src\index.crates.io-1949cf8c6b5b557f\winnow-0.7.13\src\combinator\branch.rs:246:7
    |
246 |       Err(e) if e.is_backtrack() => {
    |       ^^^ not found in this scope
...
258 | alt_trait!(Alt2 Alt3 Alt4 Alt5 Alt6 Alt7 Alt8 Alt9 Alt10 Alt11 Alt12 Alt13 Alt14 Alt15 Alt16 Alt17 Alt18 Alt19 Alt20 Alt21 Alt22);
    | --------------------------------------------------------------------------------------------------------------------------------- in this macro invocation
    |
    = note: this error originates in the macro `alt_trait_inner` which comes from the expansion of the macro `alt_trait` (in Nightly builds, run with -Z macro-backtrace for more info)
help: consider importing this tuple variant
    |
1   + use core::result::Result::Err;
    |

error[E0425]: cannot find function, tuple struct or tuple variant `Err` in this scope
   --> C:\Users\john\.cargo\registry\src\index.crates.io-1949cf8c6b5b557f\winnow-0.7.13\src\combinator\branch.rs:254:5
    |
254 |     Err($err.append($input, &$start))
    |     ^^^ not found in this scope
...
258 | alt_trait!(Alt2 Alt3 Alt4 Alt5 Alt6 Alt7 Alt8 Alt9 Alt10 Alt11 Alt12 Alt13 Alt14 Alt15 Alt16 Alt17 Alt18 Alt19 Alt20 Alt21 Alt22);
    | --------------------------------------------------------------------------------------------------------------------------------- in this macro invocation
    |
    = note: this error originates in the macro `alt_trait_inner` which comes from the expansion of the macro `alt_trait` (in Nightly builds, run with -Z macro-backtrace for more info)
help: consider importing this tuple variant
    |
1   + use core::result::Result::Err;
    |

error[E0433]: failed to resolve: use of undeclared type `Option`
   --> C:\Users\john\.cargo\registry\src\index.crates.io-1949cf8c6b5b557f\winnow-0.7.13\src\combinator\branch.rs:295:26
    |
295 |           let mut res = ($(Option::<$ty>::None),+);
    |                            ^^^^^^ use of undeclared type `Option`
...
344 | / permutation_trait!(
345 | |   P1 O1 o1
346 | |   P2 O2 o2
347 | |   P3 O3 o3
...   |
365 | |   P21 O21 o21
366 | | );
    | |_- in this macro invocation
    |
    = note: this error originates in the macro `permutation_trait_impl` which comes from the expansion of the macro `permutation_trait` (in Nightly builds, run with -Z macro-backtrace for more info)
help: consider importing this enum
    |
1   + use core::option::Option;
    |

error[E0412]: cannot find type `Option` in this scope
   --> C:\Users\john\.cargo\registry\src\index.crates.io-1949cf8c6b5b557f\winnow-0.7.13\src\combinator\branch.rs:298:24
    |
298 |             let mut err: Option<Error> = None;
    |                          ^^^^^^ not found in this scope
...
344 | / permutation_trait!(
345 | |   P1 O1 o1
346 | |   P2 O2 o2
347 | |   P3 O3 o3
...   |
365 | |   P21 O21 o21
366 | | );
    | |_- in this macro invocation
    |
    = note: this error originates in the macro `permutation_trait_impl` which comes from the expansion of the macro `permutation_trait` (in Nightly builds, run with -Z macro-backtrace for more info)
help: consider importing this enum
    |
1   + use core::option::Option;
    |

error[E0425]: cannot find value `None` in this scope
   --> C:\Users\john\.cargo\registry\src\index.crates.io-1949cf8c6b5b557f\winnow-0.7.13\src\combinator\branch.rs:298:40
    |
298 |             let mut err: Option<Error> = None;
    |                                          ^^^^ not found in this scope
...
344 | / permutation_trait!(
345 | |   P1 O1 o1
346 | |   P2 O2 o2
347 | |   P3 O3 o3
...   |
365 | |   P21 O21 o21
366 | | );
    | |_- in this macro invocation
    |
    = note: this error originates in the macro `permutation_trait_impl` which comes from the expansion of the macro `permutation_trait` (in Nightly builds, run with -Z macro-backtrace for more info)
help: consider importing this unit variant
    |
1   + use core::option::Option::None;
    |

error[E0531]: cannot find tuple struct or tuple variant `Ok` in this scope
   --> C:\Users\john\.cargo\registry\src\index.crates.io-1949cf8c6b5b557f\winnow-0.7.13\src\combinator\branch.rs:326:9
    |
326 |           Ok(o) => {
    |           ^^ not found in this scope
...
344 | / permutation_trait!(
345 | |   P1 O1 o1
346 | |   P2 O2 o2
347 | |   P3 O3 o3
...   |
365 | |   P21 O21 o21
366 | | );
    | |_- in this macro invocation
    |
    = note: this error originates in the macro `permutation_trait_inner` which comes from the expansion of the macro `permutation_trait` (in Nightly builds, run with -Z macro-backtrace for more info)
help: consider importing one of these tuple variants
    |
1   + use crate::stream::CompareResult::Ok;
    |
1   + use core::result::Result::Ok;
    |

error[E0425]: cannot find function, tuple struct or tuple variant `Some` in this scope
   --> C:\Users\john\.cargo\registry\src\index.crates.io-1949cf8c6b5b557f\winnow-0.7.13\src\combinator\branch.rs:327:22
    |
327 |             $res.$it = Some(o);
    |                        ^^^^ not found in this scope
...
344 | / permutation_trait!(
345 | |   P1 O1 o1
346 | |   P2 O2 o2
347 | |   P3 O3 o3
...   |
365 | |   P21 O21 o21
366 | | );
    | |_- in this macro invocation
    |
    = note: this error originates in the macro `permutation_trait_inner` which comes from the expansion of the macro `permutation_trait` (in Nightly builds, run with -Z macro-backtrace for more info)
help: consider importing this tuple variant
    |
1   + use core::option::Option::Some;
    |

error[E0531]: cannot find tuple struct or tuple variant `Err` in this scope
   --> C:\Users\john\.cargo\registry\src\index.crates.io-1949cf8c6b5b557f\winnow-0.7.13\src\combinator\branch.rs:330:9
    |
330 |           Err(e) if e.is_backtrack() => {
    |           ^^^ not found in this scope
...
344 | / permutation_trait!(
345 | |   P1 O1 o1
346 | |   P2 O2 o2
347 | |   P3 O3 o3
...   |
365 | |   P21 O21 o21
366 | | );
    | |_- in this macro invocation
    |
    = note: this error originates in the macro `permutation_trait_inner` which comes from the expansion of the macro `permutation_trait` (in Nightly builds, run with -Z macro-backtrace for more info)
help: consider importing this tuple variant
    |
1   + use core::result::Result::Err;
    |

error[E0425]: cannot find function, tuple struct or tuple variant `Some` in this scope
   --> C:\Users\john\.cargo\registry\src\index.crates.io-1949cf8c6b5b557f\winnow-0.7.13\src\combinator\branch.rs:331:18
    |
331 |             $err = Some(match $err {
    |                    ^^^^ not found in this scope
...
344 | / permutation_trait!(
345 | |   P1 O1 o1
346 | |   P2 O2 o2
347 | |   P3 O3 o3
...   |
365 | |   P21 O21 o21
366 | | );
    | |_- in this macro invocation
    |
    = note: this error originates in the macro `permutation_trait_inner` which comes from the expansion of the macro `permutation_trait` (in Nightly builds, run with -Z macro-backtrace for more info)
help: consider importing this tuple variant
    |
1   + use core::option::Option::Some;
    |

error[E0531]: cannot find tuple struct or tuple variant `Some` in this scope
   --> C:\Users\john\.cargo\registry\src\index.crates.io-1949cf8c6b5b557f\winnow-0.7.13\src\combinator\branch.rs:332:13
    |
332 |               Some(err) => err.or(e),
    |               ^^^^ not found in this scope
...
344 | / permutation_trait!(
345 | |   P1 O1 o1
346 | |   P2 O2 o2
347 | |   P3 O3 o3
...   |
365 | |   P21 O21 o21
366 | | );
    | |_- in this macro invocation
    |
    = note: this error originates in the macro `permutation_trait_inner` which comes from the expansion of the macro `permutation_trait` (in Nightly builds, run with -Z macro-backtrace for more info)
help: consider importing this tuple variant
    |
1   + use core::option::Option::Some;
    |

error[E0531]: cannot find tuple struct or tuple variant `Err` in this scope
   --> C:\Users\john\.cargo\registry\src\index.crates.io-1949cf8c6b5b557f\winnow-0.7.13\src\combinator\branch.rs:336:9
    |
336 |           Err(e) => return Err(e),
    |           ^^^ not found in this scope
...
344 | / permutation_trait!(
345 | |   P1 O1 o1
346 | |   P2 O2 o2
347 | |   P3 O3 o3
...   |
365 | |   P21 O21 o21
366 | | );
    | |_- in this macro invocation
    |
    = note: this error originates in the macro `permutation_trait_inner` which comes from the expansion of the macro `permutation_trait` (in Nightly builds, run with -Z macro-backtrace for more info)
help: consider importing this tuple variant
    |
1   + use core::result::Result::Err;
    |

error[E0425]: cannot find function, tuple struct or tuple variant `Err` in this scope
   --> C:\Users\john\.cargo\registry\src\index.crates.io-1949cf8c6b5b557f\winnow-0.7.13\src\combinator\branch.rs:336:26
    |
336 |           Err(e) => return Err(e),
    |                            ^^^ not found in this scope
...
344 | / permutation_trait!(
345 | |   P1 O1 o1
346 | |   P2 O2 o2
347 | |   P3 O3 o3
...   |
365 | |   P21 O21 o21
366 | | );
    | |_- in this macro invocation
    |
    = note: this error originates in the macro `permutation_trait_inner` which comes from the expansion of the macro `permutation_trait` (in Nightly builds, run with -Z macro-backtrace for more info)
help: consider importing this tuple variant
    |
1   + use core::result::Result::Err;
    |

error[E0531]: cannot find tuple struct or tuple variant `Some` in this scope
   --> C:\Users\john\.cargo\registry\src\index.crates.io-1949cf8c6b5b557f\winnow-0.7.13\src\combinator\branch.rs:304:18
    |
304 |             if let Some(err) = err {
    |                    ^^^^ not found in this scope
...
344 | / permutation_trait!(
345 | |   P1 O1 o1
346 | |   P2 O2 o2
347 | |   P3 O3 o3
...   |
365 | |   P21 O21 o21
366 | | );
    | |_- in this macro invocation
    |
    = note: this error originates in the macro `permutation_trait_impl` which comes from the expansion of the macro `permutation_trait` (in Nightly builds, run with -Z macro-backtrace for more info)
help: consider importing this tuple variant
    |
1   + use core::option::Option::Some;
    |

error[E0425]: cannot find function, tuple struct or tuple variant `Err` in this scope
   --> C:\Users\john\.cargo\registry\src\index.crates.io-1949cf8c6b5b557f\winnow-0.7.13\src\combinator\branch.rs:307:20
    |
307 |               return Err(err.append(input, &start));
    |                      ^^^
...
344 | / permutation_trait!(
345 | |   P1 O1 o1
346 | |   P2 O2 o2
347 | |   P3 O3 o3
...   |
365 | |   P21 O21 o21
366 | | );
    | |_- in this macro invocation
    |
    = note: this error originates in the macro `permutation_trait_impl` which comes from the expansion of the macro `permutation_trait` (in Nightly builds, run with -Z macro-backtrace for more info)
help: a local variable with a similar name exists
    |
307 -             return Err(err.append(input, &start));
307 +             return err(err.append(input, &start));
    |
help: consider importing this tuple variant
    |
1   + use core::result::Result::Err;
    |

error[E0531]: cannot find tuple struct or tuple variant `Some` in this scope
   --> C:\Users\john\.cargo\registry\src\index.crates.io-1949cf8c6b5b557f\winnow-0.7.13\src\combinator\branch.rs:312:16
    |
312 |               ($(Some($item)),+) => return Ok(($($item),+)),
    |                  ^^^^ not found in this scope
...
344 | / permutation_trait!(
345 | |   P1 O1 o1
346 | |   P2 O2 o2
347 | |   P3 O3 o3
...   |
365 | |   P21 O21 o21
366 | | );
    | |_- in this macro invocation
    |
    = note: this error originates in the macro `permutation_trait_impl` which comes from the expansion of the macro `permutation_trait` (in Nightly builds, run with -Z macro-backtrace for more info)
help: consider importing this tuple variant
    |
1   + use core::option::Option::Some;
    |

error[E0425]: cannot find function, tuple struct or tuple variant `Ok` in this scope
   --> C:\Users\john\.cargo\registry\src\index.crates.io-1949cf8c6b5b557f\winnow-0.7.13\src\combinator\branch.rs:312:42
    |
312 |               ($(Some($item)),+) => return Ok(($($item),+)),
    |                                            ^^ not found in this scope
...
344 | / permutation_trait!(
345 | |   P1 O1 o1
346 | |   P2 O2 o2
347 | |   P3 O3 o3
...   |
365 | |   P21 O21 o21
366 | | );
    | |_- in this macro invocation
    |
    = note: this error originates in the macro `permutation_trait_impl` which comes from the expansion of the macro `permutation_trait` (in Nightly builds, run with -Z macro-backtrace for more info)
help: consider importing one of these tuple variants
    |
1   + use crate::stream::CompareResult::Ok;
    |
1   + use core::result::Result::Ok;
    |

error[E0412]: cannot find type `Option` in this scope
  --> C:\Users\john\.cargo\registry\src\index.crates.io-1949cf8c6b5b557f\winnow-0.7.13\src\combinator\core.rs:28:25
   |
28 | ) -> impl Parser<Input, Option<Output>, Error>
   |                         ^^^^^^ not found in this scope
   |
help: consider importing this enum
   |
1  + use core::option::Option;
   |

error[E0531]: cannot find tuple struct or tuple variant `Ok` in this scope
  --> C:\Users\john\.cargo\registry\src\index.crates.io-1949cf8c6b5b557f\winnow-0.7.13\src\combinator\core.rs:36:13
   |
36 |             Ok(o) => Ok(Some(o)),
   |             ^^ not found in this scope
   |
help: consider importing one of these tuple variants
   |
1  + use crate::stream::CompareResult::Ok;
   |
1  + use core::result::Result::Ok;
   |

error[E0425]: cannot find function, tuple struct or tuple variant `Ok` in this scope
  --> C:\Users\john\.cargo\registry\src\index.crates.io-1949cf8c6b5b557f\winnow-0.7.13\src\combinator\core.rs:36:22
   |
36 |             Ok(o) => Ok(Some(o)),
   |                      ^^ not found in this scope
   |
help: consider importing one of these tuple variants
   |
1  + use crate::stream::CompareResult::Ok;
   |
1  + use core::result::Result::Ok;
   |

error[E0425]: cannot find function, tuple struct or tuple variant `Some` in this scope
  --> C:\Users\john\.cargo\registry\src\index.crates.io-1949cf8c6b5b557f\winnow-0.7.13\src\combinator\core.rs:36:25
   |
36 |             Ok(o) => Ok(Some(o)),
   |                         ^^^^ not found in this scope
   |
help: consider importing this tuple variant
   |
1  + use core::option::Option::Some;
   |

error[E0531]: cannot find tuple struct or tuple variant `Err` in this scope
  --> C:\Users\john\.cargo\registry\src\index.crates.io-1949cf8c6b5b557f\winnow-0.7.13\src\combinator\core.rs:37:13
   |
37 |             Err(e) if e.is_backtrack() => {
   |             ^^^ not found in this scope
   |
help: consider importing this tuple variant
   |
1  + use core::result::Result::Err;
   |

error[E0425]: cannot find function, tuple struct or tuple variant `Ok` in this scope
  --> C:\Users\john\.cargo\registry\src\index.crates.io-1949cf8c6b5b557f\winnow-0.7.13\src\combinator\core.rs:39:17
   |
39 |                 Ok(None)
   |                 ^^ not found in this scope
   |
help: consider importing one of these tuple variants
   |
1  + use crate::stream::CompareResult::Ok;
   |
1  + use core::result::Result::Ok;
   |

error[E0425]: cannot find value `None` in this scope
  --> C:\Users\john\.cargo\registry\src\index.crates.io-1949cf8c6b5b557f\winnow-0.7.13\src\combinator\core.rs:39:20
   |
39 |                 Ok(None)
   |                    ^^^^ not found in this scope
   |
help: consider importing this unit variant
   |
1  + use core::option::Option::None;
   |

error[E0531]: cannot find tuple struct or tuple variant `Err` in this scope
  --> C:\Users\john\.cargo\registry\src\index.crates.io-1949cf8c6b5b557f\winnow-0.7.13\src\combinator\core.rs:41:13
   |
41 |             Err(e) => Err(e),
   |             ^^^ not found in this scope
   |
help: consider importing this tuple variant
   |
1  + use core::result::Result::Err;
   |

error[E0425]: cannot find function, tuple struct or tuple variant `Err` in this scope
  --> C:\Users\john\.cargo\registry\src\index.crates.io-1949cf8c6b5b557f\winnow-0.7.13\src\combinator\core.rs:41:23
   |
41 |             Err(e) => Err(e),
   |                       ^^^ not found in this scope
   |
help: consider importing this tuple variant
   |
1  + use core::result::Result::Err;
   |

error[E0412]: cannot find type `Option` in this scope
  --> C:\Users\john\.cargo\registry\src\index.crates.io-1949cf8c6b5b557f\winnow-0.7.13\src\combinator\core.rs:72:25
   |
72 | ) -> impl Parser<Input, Option<Output>, Error>
   |                         ^^^^^^ not found in this scope
   |
help: consider importing this enum
   |
1  + use core::option::Option;
   |

error[E0425]: cannot find value `Some` in this scope
  --> C:\Users\john\.cargo\registry\src\index.crates.io-1949cf8c6b5b557f\winnow-0.7.13\src\combinator\core.rs:80:42
   |
80 |             parser.parse_next(input).map(Some)
   |                                          ^^^^ not found in this scope
   |
help: consider importing this tuple variant
   |
1  + use core::option::Option::Some;
   |

error[E0425]: cannot find function, tuple struct or tuple variant `Ok` in this scope
  --> C:\Users\john\.cargo\registry\src\index.crates.io-1949cf8c6b5b557f\winnow-0.7.13\src\combinator\core.rs:82:13
   |
82 |             Ok(None)
   |             ^^ not found in this scope
   |
help: consider importing one of these tuple variants
   |
1  + use crate::stream::CompareResult::Ok;
   |
1  + use core::result::Result::Ok;
   |

error[E0425]: cannot find value `None` in this scope
  --> C:\Users\john\.cargo\registry\src\index.crates.io-1949cf8c6b5b557f\winnow-0.7.13\src\combinator\core.rs:82:16
   |
82 |             Ok(None)
   |                ^^^^ not found in this scope
   |
help: consider importing this unit variant
   |
1  + use core::option::Option::None;
   |

error[E0425]: cannot find function, tuple struct or tuple variant `Ok` in this scope
   --> C:\Users\john\.cargo\registry\src\index.crates.io-1949cf8c6b5b557f\winnow-0.7.13\src\combinator\core.rs:162:13
    |
162 |             Ok(input.next_slice(0))
    |             ^^ not found in this scope
    |
help: consider importing one of these tuple variants
    |
1   + use crate::stream::CompareResult::Ok;
    |
1   + use core::result::Result::Ok;
    |

error[E0425]: cannot find function, tuple struct or tuple variant `Err` in this scope
   --> C:\Users\john\.cargo\registry\src\index.crates.io-1949cf8c6b5b557f\winnow-0.7.13\src\combinator\core.rs:164:13
    |
164 |             Err(ParserError::from_input(input))
    |             ^^^ not found in this scope
    |
help: consider importing this tuple variant
    |
1   + use core::result::Result::Err;
    |

error[E0531]: cannot find tuple struct or tuple variant `Ok` in this scope
   --> C:\Users\john\.cargo\registry\src\index.crates.io-1949cf8c6b5b557f\winnow-0.7.13\src\combinator\core.rs:205:13
    |
205 |             Ok(_) => Err(ParserError::from_input(input)),
    |             ^^ not found in this scope
    |
help: consider importing one of these tuple variants
    |
1   + use crate::stream::CompareResult::Ok;
    |
1   + use core::result::Result::Ok;
    |

error[E0425]: cannot find function, tuple struct or tuple variant `Err` in this scope
   --> C:\Users\john\.cargo\registry\src\index.crates.io-1949cf8c6b5b557f\winnow-0.7.13\src\combinator\core.rs:205:22
    |
205 |             Ok(_) => Err(ParserError::from_input(input)),
    |                      ^^^ not found in this scope
    |
help: consider importing this tuple variant
    |
1   + use core::result::Result::Err;
    |

error[E0531]: cannot find tuple struct or tuple variant `Err` in this scope
   --> C:\Users\john\.cargo\registry\src\index.crates.io-1949cf8c6b5b557f\winnow-0.7.13\src\combinator\core.rs:206:13
    |
206 |             Err(e) if e.is_backtrack() => Ok(()),
    |             ^^^ not found in this scope
    |
help: consider importing this tuple variant
    |
1   + use core::result::Result::Err;
    |

error[E0425]: cannot find function, tuple struct or tuple variant `Ok` in this scope
   --> C:\Users\john\.cargo\registry\src\index.crates.io-1949cf8c6b5b557f\winnow-0.7.13\src\combinator\core.rs:206:43
    |
206 |             Err(e) if e.is_backtrack() => Ok(()),
    |                                           ^^ not found in this scope
    |
help: consider importing one of these tuple variants
    |
1   + use crate::stream::CompareResult::Ok;
    |
1   + use core::result::Result::Ok;
    |

error[E0531]: cannot find tuple struct or tuple variant `Err` in this scope
   --> C:\Users\john\.cargo\registry\src\index.crates.io-1949cf8c6b5b557f\winnow-0.7.13\src\combinator\core.rs:207:13
    |
207 |             Err(e) => Err(e),
    |             ^^^ not found in this scope
    |
help: consider importing this tuple variant
    |
1   + use core::result::Result::Err;
    |

error[E0425]: cannot find function, tuple struct or tuple variant `Err` in this scope
   --> C:\Users\john\.cargo\registry\src\index.crates.io-1949cf8c6b5b557f\winnow-0.7.13\src\combinator\core.rs:207:23
    |
207 |             Err(e) => Err(e),
    |                       ^^^ not found in this scope
    |
help: consider importing this tuple variant
    |
1   + use core::result::Result::Err;
    |

error[E0433]: failed to resolve: use of undeclared type `Default`
   --> C:\Users\john\.cargo\registry\src\index.crates.io-1949cf8c6b5b557f\winnow-0.7.13\src\combinator\core.rs:365:12
    |
365 |         o: Default::default(),
    |            ^^^^^^^ use of undeclared type `Default`
    |
help: consider importing this trait
    |
1   + use core::default::Default;
    |

error[E0425]: cannot find function, tuple struct or tuple variant `Ok` in this scope
   --> C:\Users\john\.cargo\registry\src\index.crates.io-1949cf8c6b5b557f\winnow-0.7.13\src\combinator\core.rs:390:45
    |
390 |             State::Running | State::Done => Ok((self.input, ())),
    |                                             ^^ not found in this scope
    |
help: consider importing one of these tuple variants
    |
1   + use crate::stream::CompareResult::Ok;
    |
1   + use core::result::Result::Ok;
    |

error[E0425]: cannot find function, tuple struct or tuple variant `Err` in this scope
   --> C:\Users\john\.cargo\registry\src\index.crates.io-1949cf8c6b5b557f\winnow-0.7.13\src\combinator\core.rs:391:30
    |
391 |             State::Cut(e) => Err(e),
    |                              ^^^ not found in this scope
    |
help: consider importing this tuple variant
    |
1   + use core::result::Result::Err;
    |

error[E0412]: cannot find type `Option` in this scope
   --> C:\Users\john\.cargo\registry\src\index.crates.io-1949cf8c6b5b557f\winnow-0.7.13\src\combinator\core.rs:404:27
    |
404 |     fn next(&mut self) -> Option<Self::Item> {
    |                           ^^^^^^ not found in this scope
    |
help: consider importing this enum
    |
1   + use core::option::Option;
    |

error[E0531]: cannot find tuple struct or tuple variant `Ok` in this scope
   --> C:\Users\john\.cargo\registry\src\index.crates.io-1949cf8c6b5b557f\winnow-0.7.13\src\combinator\core.rs:409:17
    |
409 |                 Ok(o) => {
    |                 ^^ not found in this scope
    |
help: consider importing one of these tuple variants
    |
1   + use crate::stream::CompareResult::Ok;
    |
1   + use core::result::Result::Ok;
    |

error[E0425]: cannot find function, tuple struct or tuple variant `Some` in this scope
   --> C:\Users\john\.cargo\registry\src\index.crates.io-1949cf8c6b5b557f\winnow-0.7.13\src\combinator\core.rs:411:21
    |
411 |                     Some(o)
    |                     ^^^^ not found in this scope
    |
help: consider importing this tuple variant
    |
1   + use core::option::Option::Some;
    |

error[E0531]: cannot find tuple struct or tuple variant `Err` in this scope
   --> C:\Users\john\.cargo\registry\src\index.crates.io-1949cf8c6b5b557f\winnow-0.7.13\src\combinator\core.rs:413:17
    |
413 |                 Err(e) if e.is_backtrack() => {
    |                 ^^^ not found in this scope
    |
help: consider importing this tuple variant
    |
1   + use core::result::Result::Err;
    |

error[E0425]: cannot find value `None` in this scope
   --> C:\Users\john\.cargo\registry\src\index.crates.io-1949cf8c6b5b557f\winnow-0.7.13\src\combinator\core.rs:416:21
    |
416 |                     None
    |                     ^^^^ not found in this scope
    |
help: consider importing this unit variant
    |
1   + use core::option::Option::None;
    |

error[E0531]: cannot find tuple struct or tuple variant `Err` in this scope
   --> C:\Users\john\.cargo\registry\src\index.crates.io-1949cf8c6b5b557f\winnow-0.7.13\src\combinator\core.rs:418:17
    |
418 |                 Err(e) => {
    |                 ^^^ not found in this scope
    |
help: consider importing this tuple variant
    |
1   + use core::result::Result::Err;
    |

error[E0425]: cannot find value `None` in this scope
   --> C:\Users\john\.cargo\registry\src\index.crates.io-1949cf8c6b5b557f\winnow-0.7.13\src\combinator\core.rs:420:21
    |
420 |                     None
    |                     ^^^^ not found in this scope
    |
help: consider importing this unit variant
    |
1   + use core::option::Option::None;
    |

error[E0425]: cannot find value `None` in this scope
   --> C:\Users\john\.cargo\registry\src\index.crates.io-1949cf8c6b5b557f\winnow-0.7.13\src\combinator\core.rs:424:13
    |
424 |             None
    |             ^^^^ not found in this scope
    |
help: consider importing this unit variant
    |
1   + use core::option::Option::None;
    |

error[E0425]: cannot find function, tuple struct or tuple variant `Ok` in this scope
   --> C:\Users\john\.cargo\registry\src\index.crates.io-1949cf8c6b5b557f\winnow-0.7.13\src\combinator\core.rs:477:5
    |
477 |     Ok(())
    |     ^^ not found in this scope
    |
help: consider importing one of these tuple variants
    |
1   + use crate::stream::CompareResult::Ok;
    |
1   + use core::result::Result::Ok;
    |

error[E0425]: cannot find function, tuple struct or tuple variant `Err` in this scope
   --> C:\Users\john\.cargo\registry\src\index.crates.io-1949cf8c6b5b557f\winnow-0.7.13\src\combinator\core.rs:505:35
    |
505 |     trace("fail", |i: &mut Input| Err(ParserError::from_input(i))).parse_next(i)
    |                                   ^^^ not found in this scope
    |
help: consider importing this tuple variant
    |
1   + use core::result::Result::Err;
    |

error[E0412]: cannot find type `Result` in this scope
  --> C:\Users\john\.cargo\registry\src\index.crates.io-1949cf8c6b5b557f\winnow-0.7.13\src\combinator\debug\mod.rs:57:11
   |
57 |     res: &Result<T, E>,
   |           ^^^^^^ not found in this scope
   |
help: consider importing one of these items
   |
6  + use crate::Result;
   |
6  + use core::fmt::Result;
   |
6  + use core::result::Result;
   |
6  + use alloc::fmt::Result;
   |

error[E0405]: cannot find trait `Into` in this scope
   --> C:\Users\john\.cargo\registry\src\index.crates.io-1949cf8c6b5b557f\winnow-0.7.13\src\combinator\multi.rs:115:23
    |
115 |     occurrences: impl Into<Range>,
    |                       ^^^^ not found in this scope
    |
help: consider importing this trait
    |
3   + use core::convert::Into;
    |

error[E0433]: failed to resolve: use of undeclared type `Default`
   --> C:\Users\john\.cargo\registry\src\index.crates.io-1949cf8c6b5b557f\winnow-0.7.13\src\combinator\multi.rs:127:12
    |
127 |         i: Default::default(),
    |            ^^^^^^^ use of undeclared type `Default`
    |
help: consider importing this trait
    |
3   + use core::default::Default;
    |

error[E0433]: failed to resolve: use of undeclared type `Default`
   --> C:\Users\john\.cargo\registry\src\index.crates.io-1949cf8c6b5b557f\winnow-0.7.13\src\combinator\multi.rs:128:12
    |
128 |         o: Default::default(),
    |            ^^^^^^^ use of undeclared type `Default`
    |
help: consider importing this trait
    |
3   + use core::default::Default;
    |

error[E0433]: failed to resolve: use of undeclared type `Default`
   --> C:\Users\john\.cargo\registry\src\index.crates.io-1949cf8c6b5b557f\winnow-0.7.13\src\combinator\multi.rs:129:12
    |
129 |         c: Default::default(),
    |            ^^^^^^^ use of undeclared type `Default`
    |
help: consider importing this trait
    |
3   + use core::default::Default;
    |

error[E0433]: failed to resolve: use of undeclared type `Default`
   --> C:\Users\john\.cargo\registry\src\index.crates.io-1949cf8c6b5b557f\winnow-0.7.13\src\combinator\multi.rs:130:12
    |
130 |         e: Default::default(),
    |            ^^^^^^^ use of undeclared type `Default`
    |
help: consider importing this trait
    |
3   + use core::default::Default;
    |

error[E0405]: cannot find trait `FnMut` in this scope
   --> C:\Users\john\.cargo\registry\src\index.crates.io-1949cf8c6b5b557f\winnow-0.7.13\src\combinator\multi.rs:262:15
    |
262 |         Init: FnMut() -> Result,
    |               ^^^^^ not found in this scope
    |
help: consider importing this trait
    |
3   + use core::ops::FnMut;
    |

error[E0405]: cannot find trait `FnMut` in this scope
   --> C:\Users\john\.cargo\registry\src\index.crates.io-1949cf8c6b5b557f\winnow-0.7.13\src\combinator\multi.rs:263:13
    |
263 |         Op: FnMut(Result, Output) -> Result,
    |             ^^^^^ not found in this scope
    |
help: consider importing this trait
    |
3   + use core::ops::FnMut;
    |

error[E0425]: cannot find function, tuple struct or tuple variant `Some` in this scope
   --> C:\Users\john\.cargo\registry\src\index.crates.io-1949cf8c6b5b557f\winnow-0.7.13\src\combinator\multi.rs:273:33
    |
273 |                 (start, end) if Some(start) == end => {
    |                                 ^^^^ not found in this scope
    |
help: consider importing this tuple variant
    |
3   + use core::option::Option::Some;
    |

error[E0405]: cannot find trait `FnMut` in this scope
   --> C:\Users\john\.cargo\registry\src\index.crates.io-1949cf8c6b5b557f\winnow-0.7.13\src\combinator\multi.rs:345:15
    |
345 |         Init: FnMut() -> Result,
    |               ^^^^^ not found in this scope
    |
help: consider importing this trait
    |
3   + use core::ops::FnMut;
    |

error[E0405]: cannot find trait `FnMut` in this scope
   --> C:\Users\john\.cargo\registry\src\index.crates.io-1949cf8c6b5b557f\winnow-0.7.13\src\combinator\multi.rs:346:13
    |
346 |         Op: FnMut(Result, Output) -> Option<Result>,
    |             ^^^^^ not found in this scope
    |
help: consider importing this trait
    |
3   + use core::ops::FnMut;
    |

error[E0412]: cannot find type `Option` in this scope
   --> C:\Users\john\.cargo\registry\src\index.crates.io-1949cf8c6b5b557f\winnow-0.7.13\src\combinator\multi.rs:346:38
    |
346 |         Op: FnMut(Result, Output) -> Option<Result>,
    |                                      ^^^^^^ not found in this scope
    |
help: consider importing this enum
    |
3   + use core::option::Option;
    |

error[E0405]: cannot find trait `FnMut` in this scope
   --> C:\Users\john\.cargo\registry\src\index.crates.io-1949cf8c6b5b557f\winnow-0.7.13\src\combinator\multi.rs:417:15
    |
417 |         Init: FnMut() -> Result,
    |               ^^^^^ not found in this scope
    |
help: consider importing this trait
    |
3   + use core::ops::FnMut;
    |

error[E0405]: cannot find trait `FnMut` in this scope
   --> C:\Users\john\.cargo\registry\src\index.crates.io-1949cf8c6b5b557f\winnow-0.7.13\src\combinator\multi.rs:418:13
    |
418 |         Op: FnMut(Result, Output) -> core::result::Result<Result, OpError>,
    |             ^^^^^ not found in this scope
    |
help: consider importing this trait
    |
3   + use core::ops::FnMut;
    |

error[E0425]: cannot find function, tuple struct or tuple variant `Some` in this scope
   --> C:\Users\john\.cargo\registry\src\index.crates.io-1949cf8c6b5b557f\winnow-0.7.13\src\combinator\multi.rs:471:31
    |
471 |                 (min, end) if Some(min) == end => fold_repeat_n_(
    |                               ^^^^ not found in this scope
    |
help: consider importing this tuple variant
    |
3   + use core::option::Option::Some;
    |

error[E0425]: cannot find function, tuple struct or tuple variant `Some` in this scope
   --> C:\Users\john\.cargo\registry\src\index.crates.io-1949cf8c6b5b557f\winnow-0.7.13\src\combinator\multi.rs:474:40
    |
474 |                     &mut || C::initial(Some(min)),
    |                                        ^^^^ not found in this scope
    |
help: consider importing this tuple variant
    |
3   + use core::option::Option::Some;
    |

error[E0425]: cannot find function, tuple struct or tuple variant `Some` in this scope
   --> C:\Users\john\.cargo\registry\src\index.crates.io-1949cf8c6b5b557f\winnow-0.7.13\src\combinator\multi.rs:485:40
    |
485 |                     &mut || C::initial(Some(min)),
    |                                        ^^^^ not found in this scope
    |
help: consider importing this tuple variant
    |
3   + use core::option::Option::Some;
    |

error[E0405]: cannot find trait `FnMut` in this scope
   --> C:\Users\john\.cargo\registry\src\index.crates.io-1949cf8c6b5b557f\winnow-0.7.13\src\combinator\multi.rs:507:8
    |
507 |     N: FnMut() -> R,
    |        ^^^^^ not found in this scope
    |
help: consider importing this trait
    |
3   + use core::ops::FnMut;
    |

error[E0405]: cannot find trait `FnMut` in this scope
   --> C:\Users\john\.cargo\registry\src\index.crates.io-1949cf8c6b5b557f\winnow-0.7.13\src\combinator\multi.rs:508:8
    |
508 |     F: FnMut(R, O) -> R,
    |        ^^^^^ not found in this scope
    |
help: consider importing this trait
    |
3   + use core::ops::FnMut;
    |

error[E0531]: cannot find tuple struct or tuple variant `Ok` in this scope
   --> C:\Users\john\.cargo\registry\src\index.crates.io-1949cf8c6b5b557f\winnow-0.7.13\src\combinator\multi.rs:517:13
    |
517 |             Ok(output) => {
    |             ^^ not found in this scope
    |
help: consider importing one of these tuple variants
    |
3   + use crate::stream::CompareResult::Ok;
    |
3   + use core::result::Result::Ok;
    |

error[E0425]: cannot find function, tuple struct or tuple variant `Err` in this scope
   --> C:\Users\john\.cargo\registry\src\index.crates.io-1949cf8c6b5b557f\winnow-0.7.13\src\combinator\multi.rs:520:28
    |
520 |                     return Err(ParserError::assert(
    |                            ^^^ not found in this scope
    |
help: consider importing this tuple variant
    |
3   + use core::result::Result::Err;
    |

error[E0531]: cannot find tuple struct or tuple variant `Err` in this scope
   --> C:\Users\john\.cargo\registry\src\index.crates.io-1949cf8c6b5b557f\winnow-0.7.13\src\combinator\multi.rs:528:13
    |
528 |             Err(err) if err.is_backtrack() => {
    |             ^^^ not found in this scope
    |
help: consider importing this tuple variant
    |
3   + use core::result::Result::Err;
    |

error[E0425]: cannot find function, tuple struct or tuple variant `Ok` in this scope
   --> C:\Users\john\.cargo\registry\src\index.crates.io-1949cf8c6b5b557f\winnow-0.7.13\src\combinator\multi.rs:530:24
    |
530 |                 return Ok(res);
    |                        ^^ not found in this scope
    |
help: consider importing one of these tuple variants
    |
3   + use crate::stream::CompareResult::Ok;
    |
3   + use core::result::Result::Ok;
    |

error[E0531]: cannot find tuple struct or tuple variant `Err` in this scope
   --> C:\Users\john\.cargo\registry\src\index.crates.io-1949cf8c6b5b557f\winnow-0.7.13\src\combinator\multi.rs:532:13
    |
532 |             Err(err) => {
    |             ^^^ not found in this scope
    |
help: consider importing this tuple variant
    |
3   + use core::result::Result::Err;
    |

error[E0425]: cannot find function, tuple struct or tuple variant `Err` in this scope
   --> C:\Users\john\.cargo\registry\src\index.crates.io-1949cf8c6b5b557f\winnow-0.7.13\src\combinator\multi.rs:533:24
    |
533 |                 return Err(err);
    |                        ^^^
    |
help: a local variable with a similar name exists
    |
533 -                 return Err(err);
533 +                 return err(err);
    |
help: consider importing this tuple variant
    |
3   + use core::result::Result::Err;
    |

error[E0405]: cannot find trait `FnMut` in this scope
   --> C:\Users\john\.cargo\registry\src\index.crates.io-1949cf8c6b5b557f\winnow-0.7.13\src\combinator\multi.rs:548:8
    |
548 |     N: FnMut() -> R,
    |        ^^^^^ not found in this scope
    |
help: consider importing this trait
    |
3   + use core::ops::FnMut;
    |

error[E0405]: cannot find trait `FnMut` in this scope
   --> C:\Users\john\.cargo\registry\src\index.crates.io-1949cf8c6b5b557f\winnow-0.7.13\src\combinator\multi.rs:549:8
    |
549 |     F: FnMut(R, O) -> R,
    |        ^^^^^ not found in this scope
    |
help: consider importing this trait
    |
3   + use core::ops::FnMut;
    |

error[E0531]: cannot find tuple struct or tuple variant `Err` in this scope
   --> C:\Users\john\.cargo\registry\src\index.crates.io-1949cf8c6b5b557f\winnow-0.7.13\src\combinator\multi.rs:554:9
    |
554 |         Err(err) => Err(err.append(input, &start)),
    |         ^^^ not found in this scope
    |
help: consider importing this tuple variant
    |
3   + use core::result::Result::Err;
    |

error[E0425]: cannot find function, tuple struct or tuple variant `Err` in this scope
   --> C:\Users\john\.cargo\registry\src\index.crates.io-1949cf8c6b5b557f\winnow-0.7.13\src\combinator\multi.rs:554:21
    |
554 |         Err(err) => Err(err.append(input, &start)),
    |                     ^^^
    |
help: a local variable with a similar name exists
    |
554 -         Err(err) => Err(err.append(input, &start)),
554 +         Err(err) => err(err.append(input, &start)),
    |
help: consider importing this tuple variant
    |
3   + use core::result::Result::Err;
    |

error[E0531]: cannot find tuple struct or tuple variant `Ok` in this scope
   --> C:\Users\john\.cargo\registry\src\index.crates.io-1949cf8c6b5b557f\winnow-0.7.13\src\combinator\multi.rs:555:9
    |
555 |         Ok(output) => {
    |         ^^ not found in this scope
    |
help: consider importing one of these tuple variants
    |
3   + use crate::stream::CompareResult::Ok;
    |
3   + use core::result::Result::Ok;
    |

error[E0531]: cannot find tuple struct or tuple variant `Err` in this scope
   --> C:\Users\john\.cargo\registry\src\index.crates.io-1949cf8c6b5b557f\winnow-0.7.13\src\combinator\multi.rs:563:21
    |
563 |                     Err(err) if err.is_backtrack() => {
    |                     ^^^ not found in this scope
    |
help: consider importing this tuple variant
    |
3   + use core::result::Result::Err;
    |

error[E0531]: cannot find tuple struct or tuple variant `Err` in this scope
   --> C:\Users\john\.cargo\registry\src\index.crates.io-1949cf8c6b5b557f\winnow-0.7.13\src\combinator\multi.rs:567:21
    |
567 |                     Err(err) => return Err(err),
    |                     ^^^ not found in this scope
    |
help: consider importing this tuple variant
    |
3   + use core::result::Result::Err;
    |

error[E0425]: cannot find function, tuple struct or tuple variant `Err` in this scope
   --> C:\Users\john\.cargo\registry\src\index.crates.io-1949cf8c6b5b557f\winnow-0.7.13\src\combinator\multi.rs:567:40
    |
567 |                     Err(err) => return Err(err),
    |                                        ^^^
    |
help: a local variable with a similar name exists
    |
567 -                     Err(err) => return Err(err),
567 +                     Err(err) => return err(err),
    |
help: consider importing this tuple variant
    |
3   + use core::result::Result::Err;
    |

error[E0531]: cannot find tuple struct or tuple variant `Ok` in this scope
   --> C:\Users\john\.cargo\registry\src\index.crates.io-1949cf8c6b5b557f\winnow-0.7.13\src\combinator\multi.rs:568:21
    |
568 |                     Ok(output) => {
    |                     ^^ not found in this scope
    |
help: consider importing one of these tuple variants
    |
3   + use crate::stream::CompareResult::Ok;
    |
3   + use core::result::Result::Ok;
    |

error[E0425]: cannot find function, tuple struct or tuple variant `Err` in this scope
   --> C:\Users\john\.cargo\registry\src\index.crates.io-1949cf8c6b5b557f\winnow-0.7.13\src\combinator\multi.rs:571:36
    |
571 | ...                   return Err(ParserError::assert(
    |                              ^^^ not found in this scope
    |
help: consider importing this tuple variant
    |
3   + use core::result::Result::Err;
    |

error[E0425]: cannot find function, tuple struct or tuple variant `Ok` in this scope
   --> C:\Users\john\.cargo\registry\src\index.crates.io-1949cf8c6b5b557f\winnow-0.7.13\src\combinator\multi.rs:582:13
    |
582 |             Ok(res)
    |             ^^ not found in this scope
    |
help: consider importing one of these tuple variants
    |
3   + use crate::stream::CompareResult::Ok;
    |
3   + use core::result::Result::Ok;
    |

error[E0405]: cannot find trait `FnMut` in this scope
   --> C:\Users\john\.cargo\registry\src\index.crates.io-1949cf8c6b5b557f\winnow-0.7.13\src\combinator\multi.rs:597:8
    |
597 |     N: FnMut() -> R,
    |        ^^^^^ not found in this scope
    |
help: consider importing this trait
    |
3   + use core::ops::FnMut;
    |

error[E0405]: cannot find trait `FnMut` in this scope
   --> C:\Users\john\.cargo\registry\src\index.crates.io-1949cf8c6b5b557f\winnow-0.7.13\src\combinator\multi.rs:598:8
    |
598 |     F: FnMut(R, O) -> R,
    |        ^^^^^ not found in this scope
    |
help: consider importing this trait
    |
3   + use core::ops::FnMut;
    |

error[E0531]: cannot find tuple struct or tuple variant `Ok` in this scope
   --> C:\Users\john\.cargo\registry\src\index.crates.io-1949cf8c6b5b557f\winnow-0.7.13\src\combinator\multi.rs:607:13
    |
607 |             Ok(output) => {
    |             ^^ not found in this scope
    |
help: consider importing one of these tuple variants
    |
3   + use crate::stream::CompareResult::Ok;
    |
3   + use core::result::Result::Ok;
    |

error[E0425]: cannot find function, tuple struct or tuple variant `Err` in this scope
   --> C:\Users\john\.cargo\registry\src\index.crates.io-1949cf8c6b5b557f\winnow-0.7.13\src\combinator\multi.rs:610:28
    |
610 |                     return Err(ParserError::assert(
    |                            ^^^ not found in this scope
    |
help: consider importing this tuple variant
    |
3   + use core::result::Result::Err;
    |

error[E0531]: cannot find tuple struct or tuple variant `Err` in this scope
   --> C:\Users\john\.cargo\registry\src\index.crates.io-1949cf8c6b5b557f\winnow-0.7.13\src\combinator\multi.rs:618:13
    |
618 |             Err(err) => {
    |             ^^^ not found in this scope
    |
help: consider importing this tuple variant
    |
3   + use core::result::Result::Err;
    |

error[E0425]: cannot find function, tuple struct or tuple variant `Err` in this scope
   --> C:\Users\john\.cargo\registry\src\index.crates.io-1949cf8c6b5b557f\winnow-0.7.13\src\combinator\multi.rs:619:24
    |
619 |                 return Err(err.append(input, &start));
    |                        ^^^
    |
help: a local variable with a similar name exists
    |
619 -                 return Err(err.append(input, &start));
619 +                 return err(err.append(input, &start));
    |
help: consider importing this tuple variant
    |
3   + use core::result::Result::Err;
    |

error[E0425]: cannot find function, tuple struct or tuple variant `Ok` in this scope
   --> C:\Users\john\.cargo\registry\src\index.crates.io-1949cf8c6b5b557f\winnow-0.7.13\src\combinator\multi.rs:624:5
    |
624 |     Ok(res)
    |     ^^ not found in this scope
    |
help: consider importing one of these tuple variants
    |
3   + use crate::stream::CompareResult::Ok;
    |
3   + use core::result::Result::Ok;
    |

error[E0405]: cannot find trait `FnMut` in this scope
   --> C:\Users\john\.cargo\registry\src\index.crates.io-1949cf8c6b5b557f\winnow-0.7.13\src\combinator\multi.rs:638:8
    |
638 |     N: FnMut() -> R,
    |        ^^^^^ not found in this scope
    |
help: consider importing this trait
    |
3   + use core::ops::FnMut;
    |

error[E0405]: cannot find trait `FnMut` in this scope
   --> C:\Users\john\.cargo\registry\src\index.crates.io-1949cf8c6b5b557f\winnow-0.7.13\src\combinator\multi.rs:639:8
    |
639 |     F: FnMut(R, O) -> R,
    |        ^^^^^ not found in this scope
    |
help: consider importing this trait
    |
3   + use core::ops::FnMut;
    |

error[E0425]: cannot find function, tuple struct or tuple variant `Err` in this scope
   --> C:\Users\john\.cargo\registry\src\index.crates.io-1949cf8c6b5b557f\winnow-0.7.13\src\combinator\multi.rs:643:16
    |
643 |         return Err(ParserError::assert(
    |                ^^^ not found in this scope
    |
help: consider importing this tuple variant
    |
3   + use core::result::Result::Err;
    |

error[E0531]: cannot find tuple struct or tuple variant `Ok` in this scope
   --> C:\Users\john\.cargo\registry\src\index.crates.io-1949cf8c6b5b557f\winnow-0.7.13\src\combinator\multi.rs:654:13
    |
654 |             Ok(output) => {
    |             ^^ not found in this scope
    |
help: consider importing one of these tuple variants
    |
3   + use crate::stream::CompareResult::Ok;
    |
3   + use core::result::Result::Ok;
    |

error[E0425]: cannot find function, tuple struct or tuple variant `Err` in this scope
   --> C:\Users\john\.cargo\registry\src\index.crates.io-1949cf8c6b5b557f\winnow-0.7.13\src\combinator\multi.rs:657:28
    |
657 |                     return Err(ParserError::assert(
    |                            ^^^ not found in this scope
    |
help: consider importing this tuple variant
    |
3   + use core::result::Result::Err;
    |

error[E0531]: cannot find tuple struct or tuple variant `Err` in this scope
   --> C:\Users\john\.cargo\registry\src\index.crates.io-1949cf8c6b5b557f\winnow-0.7.13\src\combinator\multi.rs:666:13
    |
666 |             Err(err) if err.is_backtrack() => {
    |             ^^^ not found in this scope
    |
help: consider importing this tuple variant
    |
3   + use core::result::Result::Err;
    |

error[E0425]: cannot find function, tuple struct or tuple variant `Err` in this scope
   --> C:\Users\john\.cargo\registry\src\index.crates.io-1949cf8c6b5b557f\winnow-0.7.13\src\combinator\multi.rs:668:28
    |
668 |                     return Err(err.append(input, &start));
    |                            ^^^
    |
help: a local variable with a similar name exists
    |
668 -                     return Err(err.append(input, &start));
668 +                     return err(err.append(input, &start));
    |
help: consider importing this tuple variant
    |
3   + use core::result::Result::Err;
    |

error[E0531]: cannot find tuple struct or tuple variant `Err` in this scope
   --> C:\Users\john\.cargo\registry\src\index.crates.io-1949cf8c6b5b557f\winnow-0.7.13\src\combinator\multi.rs:674:13
    |
674 |             Err(err) => return Err(err),
    |             ^^^ not found in this scope
    |
help: consider importing this tuple variant
    |
3   + use core::result::Result::Err;
    |

error[E0425]: cannot find function, tuple struct or tuple variant `Err` in this scope
   --> C:\Users\john\.cargo\registry\src\index.crates.io-1949cf8c6b5b557f\winnow-0.7.13\src\combinator\multi.rs:674:32
    |
674 |             Err(err) => return Err(err),
    |                                ^^^
    |
help: a local variable with a similar name exists
    |
674 -             Err(err) => return Err(err),
674 +             Err(err) => return err(err),
    |
help: consider importing this tuple variant
    |
3   + use core::result::Result::Err;
    |

error[E0425]: cannot find function, tuple struct or tuple variant `Ok` in this scope
   --> C:\Users\john\.cargo\registry\src\index.crates.io-1949cf8c6b5b557f\winnow-0.7.13\src\combinator\multi.rs:678:5
    |
678 |     Ok(res)
    |     ^^ not found in this scope
    |
help: consider importing one of these tuple variants
    |
3   + use crate::stream::CompareResult::Ok;
    |
3   + use core::result::Result::Ok;
    |

error[E0405]: cannot find trait `FnMut` in this scope
   --> C:\Users\john\.cargo\registry\src\index.crates.io-1949cf8c6b5b557f\winnow-0.7.13\src\combinator\multi.rs:692:8
    |
692 |     N: FnMut() -> R,
    |        ^^^^^ not found in this scope
    |
help: consider importing this trait
    |
3   + use core::ops::FnMut;
    |

error[E0405]: cannot find trait `FnMut` in this scope
   --> C:\Users\john\.cargo\registry\src\index.crates.io-1949cf8c6b5b557f\winnow-0.7.13\src\combinator\multi.rs:693:8
    |
693 |     F: FnMut(R, O) -> Option<R>,
    |        ^^^^^ not found in this scope
    |
help: consider importing this trait
    |
3   + use core::ops::FnMut;
    |

error[E0412]: cannot find type `Option` in this scope
   --> C:\Users\john\.cargo\registry\src\index.crates.io-1949cf8c6b5b557f\winnow-0.7.13\src\combinator\multi.rs:693:23
    |
693 |     F: FnMut(R, O) -> Option<R>,
    |                       ^^^^^^ not found in this scope
    |
help: consider importing this enum
    |
3   + use core::option::Option;
    |

error[E0425]: cannot find function, tuple struct or tuple variant `Err` in this scope
   --> C:\Users\john\.cargo\registry\src\index.crates.io-1949cf8c6b5b557f\winnow-0.7.13\src\combinator\multi.rs:697:16
    |
697 |         return Err(ParserError::assert(
    |                ^^^ not found in this scope
    |
help: consider importing this tuple variant
    |
3   + use core::result::Result::Err;
    |

error[E0531]: cannot find tuple struct or tuple variant `Ok` in this scope
   --> C:\Users\john\.cargo\registry\src\index.crates.io-1949cf8c6b5b557f\winnow-0.7.13\src\combinator\multi.rs:708:13
    |
708 |             Ok(output) => {
    |             ^^ not found in this scope
    |
help: consider importing one of these tuple variants
    |
3   + use crate::stream::CompareResult::Ok;
    |
3   + use core::result::Result::Ok;
    |

error[E0425]: cannot find function, tuple struct or tuple variant `Err` in this scope
   --> C:\Users\john\.cargo\registry\src\index.crates.io-1949cf8c6b5b557f\winnow-0.7.13\src\combinator\multi.rs:711:28
    |
711 |                     return Err(ParserError::assert(
    |                            ^^^ not found in this scope
    |
help: consider importing this tuple variant
    |
3   + use core::result::Result::Err;
    |

error[E0425]: cannot find function, tuple struct or tuple variant `Err` in this scope
   --> C:\Users\john\.cargo\registry\src\index.crates.io-1949cf8c6b5b557f\winnow-0.7.13\src\combinator\multi.rs:719:31
    |
719 |                     let res = Err(ParserError::from_input(input));
    |                               ^^^ not found in this scope
    |
help: consider importing this tuple variant
    |
3   + use core::result::Result::Err;
    |

error[E0531]: cannot find tuple struct or tuple variant `Some` in this scope
   --> C:\Users\john\.cargo\registry\src\index.crates.io-1949cf8c6b5b557f\winnow-0.7.13\src\combinator\multi.rs:717:21
    |
717 |                 let Some(res_) = fold(res, output) else {
    |                     ^^^^ not found in this scope
    |
help: consider importing this tuple variant
    |
3   + use core::option::Option::Some;
    |

error[E0531]: cannot find tuple struct or tuple variant `Err` in this scope
   --> C:\Users\john\.cargo\registry\src\index.crates.io-1949cf8c6b5b557f\winnow-0.7.13\src\combinator\multi.rs:726:13
    |
726 |             Err(err) if err.is_backtrack() => {
    |             ^^^ not found in this scope
    |
help: consider importing this tuple variant
    |
3   + use core::result::Result::Err;
    |

error[E0425]: cannot find function, tuple struct or tuple variant `Err` in this scope
   --> C:\Users\john\.cargo\registry\src\index.crates.io-1949cf8c6b5b557f\winnow-0.7.13\src\combinator\multi.rs:728:28
    |
728 |                     return Err(err.append(input, &start));
    |                            ^^^
    |
help: a local variable with a similar name exists
    |
728 -                     return Err(err.append(input, &start));
728 +                     return err(err.append(input, &start));
    |
help: consider importing this tuple variant
    |
3   + use core::result::Result::Err;
    |

error[E0531]: cannot find tuple struct or tuple variant `Err` in this scope
   --> C:\Users\john\.cargo\registry\src\index.crates.io-1949cf8c6b5b557f\winnow-0.7.13\src\combinator\multi.rs:734:13
    |
734 |             Err(err) => return Err(err),
    |             ^^^ not found in this scope
    |
help: consider importing this tuple variant
    |
3   + use core::result::Result::Err;
    |

error[E0425]: cannot find function, tuple struct or tuple variant `Err` in this scope
   --> C:\Users\john\.cargo\registry\src\index.crates.io-1949cf8c6b5b557f\winnow-0.7.13\src\combinator\multi.rs:734:32
    |
734 |             Err(err) => return Err(err),
    |                                ^^^
    |
help: a local variable with a similar name exists
    |
734 -             Err(err) => return Err(err),
734 +             Err(err) => return err(err),
    |
help: consider importing this tuple variant
    |
3   + use core::result::Result::Err;
    |

error[E0425]: cannot find function, tuple struct or tuple variant `Ok` in this scope
   --> C:\Users\john\.cargo\registry\src\index.crates.io-1949cf8c6b5b557f\winnow-0.7.13\src\combinator\multi.rs:738:5
    |
738 |     Ok(res)
    |     ^^ not found in this scope
    |
help: consider importing one of these tuple variants
    |
3   + use crate::stream::CompareResult::Ok;
    |
3   + use core::result::Result::Ok;
    |

error[E0405]: cannot find trait `FnMut` in this scope
   --> C:\Users\john\.cargo\registry\src\index.crates.io-1949cf8c6b5b557f\winnow-0.7.13\src\combinator\multi.rs:752:8
    |
752 |     N: FnMut() -> R,
    |        ^^^^^ not found in this scope
    |
help: consider importing this trait
    |
3   + use core::ops::FnMut;
    |

error[E0405]: cannot find trait `FnMut` in this scope
   --> C:\Users\john\.cargo\registry\src\index.crates.io-1949cf8c6b5b557f\winnow-0.7.13\src\combinator\multi.rs:753:8
    |
753 |     F: FnMut(R, O) -> Result<R, RE>,
    |        ^^^^^ not found in this scope
    |
help: consider importing this trait
    |
3   + use core::ops::FnMut;
    |

error[E0425]: cannot find function, tuple struct or tuple variant `Err` in this scope
   --> C:\Users\john\.cargo\registry\src\index.crates.io-1949cf8c6b5b557f\winnow-0.7.13\src\combinator\multi.rs:757:16
    |
757 |         return Err(ParserError::assert(
    |                ^^^ not found in this scope
    |
help: consider importing this tuple variant
    |
3   + use core::result::Result::Err;
    |

error[E0531]: cannot find tuple struct or tuple variant `Ok` in this scope
   --> C:\Users\john\.cargo\registry\src\index.crates.io-1949cf8c6b5b557f\winnow-0.7.13\src\combinator\multi.rs:768:13
    |
768 |             Ok(output) => {
    |             ^^ not found in this scope
    |
help: consider importing one of these tuple variants
    |
3   + use crate::stream::CompareResult::Ok;
    |
3   + use core::result::Result::Ok;
    |

error[E0425]: cannot find function, tuple struct or tuple variant `Err` in this scope
   --> C:\Users\john\.cargo\registry\src\index.crates.io-1949cf8c6b5b557f\winnow-0.7.13\src\combinator\multi.rs:771:28
    |
771 |                     return Err(ParserError::assert(
    |                            ^^^ not found in this scope
    |
help: consider importing this tuple variant
    |
3   + use core::result::Result::Err;
    |

error[E0531]: cannot find tuple struct or tuple variant `Ok` in this scope
   --> C:\Users\john\.cargo\registry\src\index.crates.io-1949cf8c6b5b557f\winnow-0.7.13\src\combinator\multi.rs:778:21
    |
778 |                     Ok(res_) => res = res_,
    |                     ^^ not found in this scope
    |
help: consider importing one of these tuple variants
    |
3   + use crate::stream::CompareResult::Ok;
    |
3   + use core::result::Result::Ok;
    |

error[E0531]: cannot find tuple struct or tuple variant `Err` in this scope
   --> C:\Users\john\.cargo\registry\src\index.crates.io-1949cf8c6b5b557f\winnow-0.7.13\src\combinator\multi.rs:779:21
    |
779 |                     Err(err) => {
    |                     ^^^ not found in this scope
    |
help: consider importing this tuple variant
    |
3   + use core::result::Result::Err;
    |

error[E0425]: cannot find function, tuple struct or tuple variant `Err` in this scope
   --> C:\Users\john\.cargo\registry\src\index.crates.io-1949cf8c6b5b557f\winnow-0.7.13\src\combinator\multi.rs:781:35
    |
781 |                         let res = Err(E::from_external_error(input, err));
    |                                   ^^^
    |
help: a local variable with a similar name exists
    |
781 -                         let res = Err(E::from_external_error(input, err));
781 +                         let res = err(E::from_external_error(input, err));
    |
help: consider importing this tuple variant
    |
3   + use core::result::Result::Err;
    |

error[E0531]: cannot find tuple struct or tuple variant `Err` in this scope
   --> C:\Users\john\.cargo\registry\src\index.crates.io-1949cf8c6b5b557f\winnow-0.7.13\src\combinator\multi.rs:788:13
    |
788 |             Err(err) if err.is_backtrack() => {
    |             ^^^ not found in this scope
    |
help: consider importing this tuple variant
    |
3   + use core::result::Result::Err;
    |

error[E0425]: cannot find function, tuple struct or tuple variant `Err` in this scope
   --> C:\Users\john\.cargo\registry\src\index.crates.io-1949cf8c6b5b557f\winnow-0.7.13\src\combinator\multi.rs:790:28
    |
790 |                     return Err(err.append(input, &start));
    |                            ^^^
    |
help: a local variable with a similar name exists
    |
790 -                     return Err(err.append(input, &start));
790 +                     return err(err.append(input, &start));
    |
help: consider importing this tuple variant
    |
3   + use core::result::Result::Err;
    |

error[E0531]: cannot find tuple struct or tuple variant `Err` in this scope
   --> C:\Users\john\.cargo\registry\src\index.crates.io-1949cf8c6b5b557f\winnow-0.7.13\src\combinator\multi.rs:796:13
    |
796 |             Err(err) => return Err(err),
    |             ^^^ not found in this scope
    |
help: consider importing this tuple variant
    |
3   + use core::result::Result::Err;
    |

error[E0425]: cannot find function, tuple struct or tuple variant `Err` in this scope
   --> C:\Users\john\.cargo\registry\src\index.crates.io-1949cf8c6b5b557f\winnow-0.7.13\src\combinator\multi.rs:796:32
    |
796 |             Err(err) => return Err(err),
    |                                ^^^
    |
help: a local variable with a similar name exists
    |
796 -             Err(err) => return Err(err),
796 +             Err(err) => return err(err),
    |
help: consider importing this tuple variant
    |
3   + use core::result::Result::Err;
    |

error[E0425]: cannot find function, tuple struct or tuple variant `Ok` in this scope
   --> C:\Users\john\.cargo\registry\src\index.crates.io-1949cf8c6b5b557f\winnow-0.7.13\src\combinator\multi.rs:800:5
    |
800 |     Ok(res)
    |     ^^ not found in this scope
    |
help: consider importing one of these tuple variants
    |
3   + use crate::stream::CompareResult::Ok;
    |
3   + use core::result::Result::Ok;
    |

error[E0405]: cannot find trait `Into` in this scope
   --> C:\Users\john\.cargo\registry\src\index.crates.io-1949cf8c6b5b557f\winnow-0.7.13\src\combinator\multi.rs:839:23
    |
839 |     occurrences: impl Into<Range>,
    |                       ^^^^ not found in this scope
    |
help: consider importing this trait
    |
3   + use core::convert::Into;
    |

error[E0425]: cannot find value `None` in this scope
   --> C:\Users\john\.cargo\registry\src\index.crates.io-1949cf8c6b5b557f\winnow-0.7.13\src\combinator\multi.rs:876:30
    |
876 |     let mut res = C::initial(None);
    |                              ^^^^ not found in this scope
    |
help: consider importing this unit variant
    |
3   + use core::option::Option::None;
    |

error[E0531]: cannot find tuple struct or tuple variant `Ok` in this scope
   --> C:\Users\john\.cargo\registry\src\index.crates.io-1949cf8c6b5b557f\winnow-0.7.13\src\combinator\multi.rs:881:13
    |
881 |             Ok(o) => return Ok((res, o)),
    |             ^^ not found in this scope
    |
help: consider importing one of these tuple variants
    |
3   + use crate::stream::CompareResult::Ok;
    |
3   + use core::result::Result::Ok;
    |

error[E0425]: cannot find function, tuple struct or tuple variant `Ok` in this scope
   --> C:\Users\john\.cargo\registry\src\index.crates.io-1949cf8c6b5b557f\winnow-0.7.13\src\combinator\multi.rs:881:29
    |
881 |             Ok(o) => return Ok((res, o)),
    |                             ^^ not found in this scope
    |
help: consider importing one of these tuple variants
    |
3   + use crate::stream::CompareResult::Ok;
    |
3   + use core::result::Result::Ok;
    |

error[E0531]: cannot find tuple struct or tuple variant `Err` in this scope
   --> C:\Users\john\.cargo\registry\src\index.crates.io-1949cf8c6b5b557f\winnow-0.7.13\src\combinator\multi.rs:882:13
    |
882 |             Err(e) if e.is_backtrack() => {
    |             ^^^ not found in this scope
    |
help: consider importing this tuple variant
    |
3   + use core::result::Result::Err;
    |

error[E0531]: cannot find tuple struct or tuple variant `Err` in this scope
   --> C:\Users\john\.cargo\registry\src\index.crates.io-1949cf8c6b5b557f\winnow-0.7.13\src\combinator\multi.rs:885:21
    |
885 |                     Err(e) => return Err(e.append(i, &start)),
    |                     ^^^ not found in this scope
    |
help: consider importing this tuple variant
    |
3   + use core::result::Result::Err;
    |

error[E0425]: cannot find function, tuple struct or tuple variant `Err` in this scope
   --> C:\Users\john\.cargo\registry\src\index.crates.io-1949cf8c6b5b557f\winnow-0.7.13\src\combinator\multi.rs:885:38
    |
885 |                     Err(e) => return Err(e.append(i, &start)),
    |                                      ^^^ not found in this scope
    |
help: consider importing this tuple variant
    |
3   + use core::result::Result::Err;
    |

error[E0531]: cannot find tuple struct or tuple variant `Ok` in this scope
   --> C:\Users\john\.cargo\registry\src\index.crates.io-1949cf8c6b5b557f\winnow-0.7.13\src\combinator\multi.rs:886:21
    |
886 |                     Ok(o) => {
    |                     ^^ not found in this scope
    |
help: consider importing one of these tuple variants
    |
3   + use crate::stream::CompareResult::Ok;
    |
3   + use core::result::Result::Ok;
    |

error[E0425]: cannot find function, tuple struct or tuple variant `Err` in this scope
   --> C:\Users\john\.cargo\registry\src\index.crates.io-1949cf8c6b5b557f\winnow-0.7.13\src\combinator\multi.rs:889:36
    |
889 | ...                   return Err(ParserError::assert(
    |                              ^^^ not found in this scope
    |
help: consider importing this tuple variant
    |
3   + use core::result::Result::Err;
    |

error[E0531]: cannot find tuple struct or tuple variant `Err` in this scope
   --> C:\Users\john\.cargo\registry\src\index.crates.io-1949cf8c6b5b557f\winnow-0.7.13\src\combinator\multi.rs:899:13
    |
899 |             Err(e) => return Err(e),
    |             ^^^ not found in this scope
    |
help: consider importing this tuple variant
    |
3   + use core::result::Result::Err;
    |

error[E0425]: cannot find function, tuple struct or tuple variant `Err` in this scope
   --> C:\Users\john\.cargo\registry\src\index.crates.io-1949cf8c6b5b557f\winnow-0.7.13\src\combinator\multi.rs:899:30
    |
899 |             Err(e) => return Err(e),
    |                              ^^^ not found in this scope
    |
help: consider importing this tuple variant
    |
3   + use core::result::Result::Err;
    |

error[E0425]: cannot find function, tuple struct or tuple variant `Err` in this scope
   --> C:\Users\john\.cargo\registry\src\index.crates.io-1949cf8c6b5b557f\winnow-0.7.13\src\combinator\multi.rs:919:16
    |
919 |         return Err(ParserError::assert(
    |                ^^^ not found in this scope
    |
help: consider importing this tuple variant
    |
3   + use core::result::Result::Err;
    |

error[E0425]: cannot find function, tuple struct or tuple variant `Some` in this scope
   --> C:\Users\john\.cargo\registry\src\index.crates.io-1949cf8c6b5b557f\winnow-0.7.13\src\combinator\multi.rs:925:30
    |
925 |     let mut res = C::initial(Some(min));
    |                              ^^^^ not found in this scope
    |
help: consider importing this tuple variant
    |
3   + use core::option::Option::Some;
    |

error[E0531]: cannot find tuple struct or tuple variant `Ok` in this scope
   --> C:\Users\john\.cargo\registry\src\index.crates.io-1949cf8c6b5b557f\winnow-0.7.13\src\combinator\multi.rs:930:13
    |
930 |             Ok(o) => {
    |             ^^ not found in this scope
    |
help: consider importing one of these tuple variants
    |
3   + use crate::stream::CompareResult::Ok;
    |
3   + use core::result::Result::Ok;
    |

error[E0531]: cannot find tuple struct or tuple variant `Err` in this scope
   --> C:\Users\john\.cargo\registry\src\index.crates.io-1949cf8c6b5b557f\winnow-0.7.13\src\combinator\multi.rs:933:13
    |
933 |             Err(e) => {
    |             ^^^ not found in this scope
    |
help: consider importing this tuple variant
    |
3   + use core::result::Result::Err;
    |

error[E0425]: cannot find function, tuple struct or tuple variant `Err` in this scope
   --> C:\Users\john\.cargo\registry\src\index.crates.io-1949cf8c6b5b557f\winnow-0.7.13\src\combinator\multi.rs:934:24
    |
934 |                 return Err(e.append(i, &start));
    |                        ^^^ not found in this scope
    |
help: consider importing this tuple variant
    |
3   + use core::result::Result::Err;
    |

error[E0531]: cannot find tuple struct or tuple variant `Ok` in this scope
   --> C:\Users\john\.cargo\registry\src\index.crates.io-1949cf8c6b5b557f\winnow-0.7.13\src\combinator\multi.rs:942:13
    |
942 |             Ok(o) => return Ok((res, o)),
    |             ^^ not found in this scope
    |
help: consider importing one of these tuple variants
    |
3   + use crate::stream::CompareResult::Ok;
    |
3   + use core::result::Result::Ok;
    |

error[E0425]: cannot find function, tuple struct or tuple variant `Ok` in this scope
   --> C:\Users\john\.cargo\registry\src\index.crates.io-1949cf8c6b5b557f\winnow-0.7.13\src\combinator\multi.rs:942:29
    |
942 |             Ok(o) => return Ok((res, o)),
    |                             ^^ not found in this scope
    |
help: consider importing one of these tuple variants
    |
3   + use crate::stream::CompareResult::Ok;
    |
3   + use core::result::Result::Ok;
    |

error[E0531]: cannot find tuple struct or tuple variant `Err` in this scope
   --> C:\Users\john\.cargo\registry\src\index.crates.io-1949cf8c6b5b557f\winnow-0.7.13\src\combinator\multi.rs:943:13
    |
943 |             Err(err) if err.is_backtrack() => {
    |             ^^^ not found in this scope
    |
help: consider importing this tuple variant
    |
3   + use core::result::Result::Err;
    |

error[E0425]: cannot find function, tuple struct or tuple variant `Err` in this scope
   --> C:\Users\john\.cargo\registry\src\index.crates.io-1949cf8c6b5b557f\winnow-0.7.13\src\combinator\multi.rs:945:28
    |
945 |                     return Err(err);
    |                            ^^^
    |
help: a local variable with a similar name exists
    |
945 -                     return Err(err);
945 +                     return err(err);
    |
help: consider importing this tuple variant
    |
3   + use core::result::Result::Err;
    |

error[E0531]: cannot find tuple struct or tuple variant `Err` in this scope
   --> C:\Users\john\.cargo\registry\src\index.crates.io-1949cf8c6b5b557f\winnow-0.7.13\src\combinator\multi.rs:949:21
    |
949 |                     Err(e) => {
    |                     ^^^ not found in this scope
    |
help: consider importing this tuple variant
    |
3   + use core::result::Result::Err;
    |

error[E0425]: cannot find function, tuple struct or tuple variant `Err` in this scope
   --> C:\Users\john\.cargo\registry\src\index.crates.io-1949cf8c6b5b557f\winnow-0.7.13\src\combinator\multi.rs:950:32
    |
950 |                         return Err(e.append(i, &start));
    |                                ^^^
    |
help: a local variable with a similar name exists
    |
950 -                         return Err(e.append(i, &start));
950 +                         return err(e.append(i, &start));
    |
help: consider importing this tuple variant
    |
3   + use core::result::Result::Err;
    |

error[E0531]: cannot find tuple struct or tuple variant `Ok` in this scope
   --> C:\Users\john\.cargo\registry\src\index.crates.io-1949cf8c6b5b557f\winnow-0.7.13\src\combinator\multi.rs:952:21
    |
952 |                     Ok(o) => {
    |                     ^^ not found in this scope
    |
help: consider importing one of these tuple variants
    |
3   + use crate::stream::CompareResult::Ok;
    |
3   + use core::result::Result::Ok;
    |

error[E0425]: cannot find function, tuple struct or tuple variant `Err` in this scope
   --> C:\Users\john\.cargo\registry\src\index.crates.io-1949cf8c6b5b557f\winnow-0.7.13\src\combinator\multi.rs:955:36
    |
955 | ...                   return Err(ParserError::assert(
    |                              ^^^
    |
help: a local variable with a similar name exists
    |
955 -                             return Err(ParserError::assert(
955 +                             return err(ParserError::assert(
    |
help: consider importing this tuple variant
    |
3   + use core::result::Result::Err;
    |

error[E0531]: cannot find tuple struct or tuple variant `Err` in this scope
   --> C:\Users\john\.cargo\registry\src\index.crates.io-1949cf8c6b5b557f\winnow-0.7.13\src\combinator\multi.rs:965:13
    |
965 |             Err(e) => return Err(e),
    |             ^^^ not found in this scope
    |
help: consider importing this tuple variant
    |
3   + use core::result::Result::Err;
    |

error[E0425]: cannot find function, tuple struct or tuple variant `Err` in this scope
   --> C:\Users\john\.cargo\registry\src\index.crates.io-1949cf8c6b5b557f\winnow-0.7.13\src\combinator\multi.rs:965:30
    |
965 |             Err(e) => return Err(e),
    |                              ^^^ not found in this scope
    |
help: consider importing this tuple variant
    |
3   + use core::result::Result::Err;
    |

error[E0405]: cannot find trait `Into` in this scope
    --> C:\Users\john\.cargo\registry\src\index.crates.io-1949cf8c6b5b557f\winnow-0.7.13\src\combinator\multi.rs:1072:23
     |
1072 |     occurrences: impl Into<Range>,
     |                       ^^^^ not found in this scope
     |
help: consider importing this trait
     |
3    + use core::convert::Into;
     |

error[E0425]: cannot find function, tuple struct or tuple variant `Some` in this scope
    --> C:\Users\john\.cargo\registry\src\index.crates.io-1949cf8c6b5b557f\winnow-0.7.13\src\combinator\multi.rs:1091:29
     |
1091 |             (start, end) if Some(start) == end => {
     |                             ^^^^ not found in this scope
     |
help: consider importing this tuple variant
     |
3    + use core::option::Option::Some;
     |

error[E0425]: cannot find value `None` in this scope
    --> C:\Users\john\.cargo\registry\src\index.crates.io-1949cf8c6b5b557f\winnow-0.7.13\src\combinator\multi.rs:1117:30
     |
1117 |     let mut acc = C::initial(None);
     |                              ^^^^ not found in this scope
     |
help: consider importing this unit variant
     |
3    + use core::option::Option::None;
     |

error[E0531]: cannot find tuple struct or tuple variant `Err` in this scope
    --> C:\Users\john\.cargo\registry\src\index.crates.io-1949cf8c6b5b557f\winnow-0.7.13\src\combinator\multi.rs:1121:9
     |
1121 |         Err(e) if e.is_backtrack() => {
     |         ^^^ not found in this scope
     |
help: consider importing this tuple variant
     |
3    + use core::result::Result::Err;
     |

error[E0425]: cannot find function, tuple struct or tuple variant `Ok` in this scope
    --> C:\Users\john\.cargo\registry\src\index.crates.io-1949cf8c6b5b557f\winnow-0.7.13\src\combinator\multi.rs:1123:20
     |
1123 |             return Ok(acc);
     |                    ^^ not found in this scope
     |
help: consider importing one of these tuple variants
     |
3    + use crate::stream::CompareResult::Ok;
     |
3    + use core::result::Result::Ok;
     |

error[E0531]: cannot find tuple struct or tuple variant `Err` in this scope
    --> C:\Users\john\.cargo\registry\src\index.crates.io-1949cf8c6b5b557f\winnow-0.7.13\src\combinator\multi.rs:1125:9
     |
1125 |         Err(e) => return Err(e),
     |         ^^^ not found in this scope
     |
help: consider importing this tuple variant
     |
3    + use core::result::Result::Err;
     |

error[E0425]: cannot find function, tuple struct or tuple variant `Err` in this scope
    --> C:\Users\john\.cargo\registry\src\index.crates.io-1949cf8c6b5b557f\winnow-0.7.13\src\combinator\multi.rs:1125:26
     |
1125 |         Err(e) => return Err(e),
     |                          ^^^ not found in this scope
     |
help: consider importing this tuple variant
     |
3    + use core::result::Result::Err;
     |

error[E0531]: cannot find tuple struct or tuple variant `Ok` in this scope
    --> C:\Users\john\.cargo\registry\src\index.crates.io-1949cf8c6b5b557f\winnow-0.7.13\src\combinator\multi.rs:1126:9
     |
1126 |         Ok(o) => {
     |         ^^ not found in this scope
     |
help: consider importing one of these tuple variants
     |
3    + use crate::stream::CompareResult::Ok;
     |
3    + use core::result::Result::Ok;
     |

error[E0531]: cannot find tuple struct or tuple variant `Err` in this scope
    --> C:\Users\john\.cargo\registry\src\index.crates.io-1949cf8c6b5b557f\winnow-0.7.13\src\combinator\multi.rs:1135:13
     |
1135 |             Err(e) if e.is_backtrack() => {
     |             ^^^ not found in this scope
     |
help: consider importing this tuple variant
     |
3    + use core::result::Result::Err;
     |

error[E0425]: cannot find function, tuple struct or tuple variant `Ok` in this scope
    --> C:\Users\john\.cargo\registry\src\index.crates.io-1949cf8c6b5b557f\winnow-0.7.13\src\combinator\multi.rs:1137:24
     |
1137 |                 return Ok(acc);
     |                        ^^ not found in this scope
     |
help: consider importing one of these tuple variants
     |
3    + use crate::stream::CompareResult::Ok;
     |
3    + use core::result::Result::Ok;
     |

error[E0531]: cannot find tuple struct or tuple variant `Err` in this scope
    --> C:\Users\john\.cargo\registry\src\index.crates.io-1949cf8c6b5b557f\winnow-0.7.13\src\combinator\multi.rs:1139:13
     |
1139 |             Err(e) => return Err(e),
     |             ^^^ not found in this scope
     |
help: consider importing this tuple variant
     |
3    + use core::result::Result::Err;
     |

error[E0425]: cannot find function, tuple struct or tuple variant `Err` in this scope
    --> C:\Users\john\.cargo\registry\src\index.crates.io-1949cf8c6b5b557f\winnow-0.7.13\src\combinator\multi.rs:1139:30
     |
1139 |             Err(e) => return Err(e),
     |                              ^^^ not found in this scope
     |
help: consider importing this tuple variant
     |
3    + use core::result::Result::Err;
     |

error[E0531]: cannot find tuple struct or tuple variant `Ok` in this scope
    --> C:\Users\john\.cargo\registry\src\index.crates.io-1949cf8c6b5b557f\winnow-0.7.13\src\combinator\multi.rs:1140:13
     |
1140 |             Ok(_) => {
     |             ^^ not found in this scope
     |
help: consider importing one of these tuple variants
     |
3    + use crate::stream::CompareResult::Ok;
     |
3    + use core::result::Result::Ok;
     |

error[E0425]: cannot find function, tuple struct or tuple variant `Err` in this scope
    --> C:\Users\john\.cargo\registry\src\index.crates.io-1949cf8c6b5b557f\winnow-0.7.13\src\combinator\multi.rs:1143:28
     |
1143 |                     return Err(ParserError::assert(
     |                            ^^^ not found in this scope
     |
help: consider importing this tuple variant
     |
3    + use core::result::Result::Err;
     |

error[E0531]: cannot find tuple struct or tuple variant `Err` in this scope
    --> C:\Users\john\.cargo\registry\src\index.crates.io-1949cf8c6b5b557f\winnow-0.7.13\src\combinator\multi.rs:1150:21
     |
1150 |                     Err(e) if e.is_backtrack() => {
     |                     ^^^ not found in this scope
     |
help: consider importing this tuple variant
     |
3    + use core::result::Result::Err;
     |

error[E0425]: cannot find function, tuple struct or tuple variant `Ok` in this scope
    --> C:\Users\john\.cargo\registry\src\index.crates.io-1949cf8c6b5b557f\winnow-0.7.13\src\combinator\multi.rs:1152:32
     |
1152 |                         return Ok(acc);
     |                                ^^ not found in this scope
     |
help: consider importing one of these tuple variants
     |
3    + use crate::stream::CompareResult::Ok;
     |
3    + use core::result::Result::Ok;
     |

error[E0531]: cannot find tuple struct or tuple variant `Err` in this scope
    --> C:\Users\john\.cargo\registry\src\index.crates.io-1949cf8c6b5b557f\winnow-0.7.13\src\combinator\multi.rs:1154:21
     |
1154 |                     Err(e) => return Err(e),
     |                     ^^^ not found in this scope
     |
help: consider importing this tuple variant
     |
3    + use core::result::Result::Err;
     |

error[E0425]: cannot find function, tuple struct or tuple variant `Err` in this scope
    --> C:\Users\john\.cargo\registry\src\index.crates.io-1949cf8c6b5b557f\winnow-0.7.13\src\combinator\multi.rs:1154:38
     |
1154 |                     Err(e) => return Err(e),
     |                                      ^^^ not found in this scope
     |
help: consider importing this tuple variant
     |
3    + use core::result::Result::Err;
     |

error[E0531]: cannot find tuple struct or tuple variant `Ok` in this scope
    --> C:\Users\john\.cargo\registry\src\index.crates.io-1949cf8c6b5b557f\winnow-0.7.13\src\combinator\multi.rs:1155:21
     |
1155 |                     Ok(o) => {
     |                     ^^ not found in this scope
     |
help: consider importing one of these tuple variants
     |
3    + use crate::stream::CompareResult::Ok;
     |
3    + use core::result::Result::Ok;
     |

error[E0425]: cannot find value `None` in this scope
    --> C:\Users\john\.cargo\registry\src\index.crates.io-1949cf8c6b5b557f\winnow-0.7.13\src\combinator\multi.rs:1176:30
     |
1176 |     let mut acc = C::initial(None);
     |                              ^^^^ not found in this scope
     |
help: consider importing this unit variant
     |
3    + use core::option::Option::None;
     |

error[E0531]: cannot find tuple struct or tuple variant `Err` in this scope
    --> C:\Users\john\.cargo\registry\src\index.crates.io-1949cf8c6b5b557f\winnow-0.7.13\src\combinator\multi.rs:1180:9
     |
1180 |         Err(e) => return Err(e),
     |         ^^^ not found in this scope
     |
help: consider importing this tuple variant
     |
3    + use core::result::Result::Err;
     |

error[E0425]: cannot find function, tuple struct or tuple variant `Err` in this scope
    --> C:\Users\john\.cargo\registry\src\index.crates.io-1949cf8c6b5b557f\winnow-0.7.13\src\combinator\multi.rs:1180:26
     |
1180 |         Err(e) => return Err(e),
     |                          ^^^ not found in this scope
     |
help: consider importing this tuple variant
     |
3    + use core::result::Result::Err;
     |

error[E0531]: cannot find tuple struct or tuple variant `Ok` in this scope
    --> C:\Users\john\.cargo\registry\src\index.crates.io-1949cf8c6b5b557f\winnow-0.7.13\src\combinator\multi.rs:1181:9
     |
1181 |         Ok(o) => {
     |         ^^ not found in this scope
     |
help: consider importing one of these tuple variants
     |
3    + use crate::stream::CompareResult::Ok;
     |
3    + use core::result::Result::Ok;
     |

error[E0531]: cannot find tuple struct or tuple variant `Err` in this scope
    --> C:\Users\john\.cargo\registry\src\index.crates.io-1949cf8c6b5b557f\winnow-0.7.13\src\combinator\multi.rs:1190:13
     |
1190 |             Err(e) if e.is_backtrack() => {
     |             ^^^ not found in this scope
     |
help: consider importing this tuple variant
     |
3    + use core::result::Result::Err;
     |

error[E0425]: cannot find function, tuple struct or tuple variant `Ok` in this scope
    --> C:\Users\john\.cargo\registry\src\index.crates.io-1949cf8c6b5b557f\winnow-0.7.13\src\combinator\multi.rs:1192:24
     |
1192 |                 return Ok(acc);
     |                        ^^ not found in this scope
     |
help: consider importing one of these tuple variants
     |
3    + use crate::stream::CompareResult::Ok;
     |
3    + use core::result::Result::Ok;
     |

error[E0531]: cannot find tuple struct or tuple variant `Err` in this scope
    --> C:\Users\john\.cargo\registry\src\index.crates.io-1949cf8c6b5b557f\winnow-0.7.13\src\combinator\multi.rs:1194:13
     |
1194 |             Err(e) => return Err(e),
     |             ^^^ not found in this scope
     |
help: consider importing this tuple variant
     |
3    + use core::result::Result::Err;
     |

error[E0425]: cannot find function, tuple struct or tuple variant `Err` in this scope
    --> C:\Users\john\.cargo\registry\src\index.crates.io-1949cf8c6b5b557f\winnow-0.7.13\src\combinator\multi.rs:1194:30
     |
1194 |             Err(e) => return Err(e),
     |                              ^^^ not found in this scope
     |
help: consider importing this tuple variant
     |
3    + use core::result::Result::Err;
     |

error[E0531]: cannot find tuple struct or tuple variant `Ok` in this scope
    --> C:\Users\john\.cargo\registry\src\index.crates.io-1949cf8c6b5b557f\winnow-0.7.13\src\combinator\multi.rs:1195:13
     |
1195 |             Ok(_) => {
     |             ^^ not found in this scope
     |
help: consider importing one of these tuple variants
     |
3    + use crate::stream::CompareResult::Ok;
     |
3    + use core::result::Result::Ok;
     |

error[E0425]: cannot find function, tuple struct or tuple variant `Err` in this scope
    --> C:\Users\john\.cargo\registry\src\index.crates.io-1949cf8c6b5b557f\winnow-0.7.13\src\combinator\multi.rs:1198:28
     |
1198 |                     return Err(ParserError::assert(
     |                            ^^^ not found in this scope
     |
help: consider importing this tuple variant
     |
3    + use core::result::Result::Err;
     |

error[E0531]: cannot find tuple struct or tuple variant `Err` in this scope
    --> C:\Users\john\.cargo\registry\src\index.crates.io-1949cf8c6b5b557f\winnow-0.7.13\src\combinator\multi.rs:1205:21
     |
1205 |                     Err(e) if e.is_backtrack() => {
     |                     ^^^ not found in this scope
     |
help: consider importing this tuple variant
     |
3    + use core::result::Result::Err;
     |

error[E0425]: cannot find function, tuple struct or tuple variant `Ok` in this scope
    --> C:\Users\john\.cargo\registry\src\index.crates.io-1949cf8c6b5b557f\winnow-0.7.13\src\combinator\multi.rs:1207:32
     |
1207 |                         return Ok(acc);
     |                                ^^ not found in this scope
     |
help: consider importing one of these tuple variants
     |
3    + use crate::stream::CompareResult::Ok;
     |
3    + use core::result::Result::Ok;
     |

error[E0531]: cannot find tuple struct or tuple variant `Err` in this scope
    --> C:\Users\john\.cargo\registry\src\index.crates.io-1949cf8c6b5b557f\winnow-0.7.13\src\combinator\multi.rs:1209:21
     |
1209 |                     Err(e) => return Err(e),
     |                     ^^^ not found in this scope
     |
help: consider importing this tuple variant
     |
3    + use core::result::Result::Err;
     |

error[E0425]: cannot find function, tuple struct or tuple variant `Err` in this scope
    --> C:\Users\john\.cargo\registry\src\index.crates.io-1949cf8c6b5b557f\winnow-0.7.13\src\combinator\multi.rs:1209:38
     |
1209 |                     Err(e) => return Err(e),
     |                                      ^^^ not found in this scope
     |
help: consider importing this tuple variant
     |
3    + use core::result::Result::Err;
     |

error[E0531]: cannot find tuple struct or tuple variant `Ok` in this scope
    --> C:\Users\john\.cargo\registry\src\index.crates.io-1949cf8c6b5b557f\winnow-0.7.13\src\combinator\multi.rs:1210:21
     |
1210 |                     Ok(o) => {
     |                     ^^ not found in this scope
     |
help: consider importing one of these tuple variants
     |
3    + use crate::stream::CompareResult::Ok;
     |
3    + use core::result::Result::Ok;
     |

error[E0425]: cannot find function, tuple struct or tuple variant `Some` in this scope
    --> C:\Users\john\.cargo\registry\src\index.crates.io-1949cf8c6b5b557f\winnow-0.7.13\src\combinator\multi.rs:1232:30
     |
1232 |     let mut acc = C::initial(Some(count));
     |                              ^^^^ not found in this scope
     |
help: consider importing this tuple variant
     |
3    + use core::option::Option::Some;
     |

error[E0425]: cannot find function, tuple struct or tuple variant `Ok` in this scope
    --> C:\Users\john\.cargo\registry\src\index.crates.io-1949cf8c6b5b557f\winnow-0.7.13\src\combinator\multi.rs:1235:16
     |
1235 |         return Ok(acc);
     |                ^^ not found in this scope
     |
help: consider importing one of these tuple variants
     |
3    + use crate::stream::CompareResult::Ok;
     |
3    + use core::result::Result::Ok;
     |

error[E0531]: cannot find tuple struct or tuple variant `Err` in this scope
    --> C:\Users\john\.cargo\registry\src\index.crates.io-1949cf8c6b5b557f\winnow-0.7.13\src\combinator\multi.rs:1240:9
     |
1240 |         Err(e) => {
     |         ^^^ not found in this scope
     |
help: consider importing this tuple variant
     |
3    + use core::result::Result::Err;
     |

error[E0425]: cannot find function, tuple struct or tuple variant `Err` in this scope
    --> C:\Users\john\.cargo\registry\src\index.crates.io-1949cf8c6b5b557f\winnow-0.7.13\src\combinator\multi.rs:1241:20
     |
1241 |             return Err(e.append(input, &start));
     |                    ^^^ not found in this scope
     |
help: consider importing this tuple variant
     |
3    + use core::result::Result::Err;
     |

error[E0531]: cannot find tuple struct or tuple variant `Ok` in this scope
    --> C:\Users\john\.cargo\registry\src\index.crates.io-1949cf8c6b5b557f\winnow-0.7.13\src\combinator\multi.rs:1243:9
     |
1243 |         Ok(o) => {
     |         ^^ not found in this scope
     |
help: consider importing one of these tuple variants
     |
3    + use crate::stream::CompareResult::Ok;
     |
3    + use core::result::Result::Ok;
     |

error[E0531]: cannot find tuple struct or tuple variant `Err` in this scope
    --> C:\Users\john\.cargo\registry\src\index.crates.io-1949cf8c6b5b557f\winnow-0.7.13\src\combinator\multi.rs:1252:13
     |
1252 |             Err(e) => {
     |             ^^^ not found in this scope
     |
help: consider importing this tuple variant
     |
3    + use core::result::Result::Err;
     |

error[E0425]: cannot find function, tuple struct or tuple variant `Err` in this scope
    --> C:\Users\john\.cargo\registry\src\index.crates.io-1949cf8c6b5b557f\winnow-0.7.13\src\combinator\multi.rs:1253:24
     |
1253 |                 return Err(e.append(input, &start));
     |                        ^^^ not found in this scope
     |
help: consider importing this tuple variant
     |
3    + use core::result::Result::Err;
     |

error[E0531]: cannot find tuple struct or tuple variant `Ok` in this scope
    --> C:\Users\john\.cargo\registry\src\index.crates.io-1949cf8c6b5b557f\winnow-0.7.13\src\combinator\multi.rs:1255:13
     |
1255 |             Ok(_) => {
     |             ^^ not found in this scope
     |
help: consider importing one of these tuple variants
     |
3    + use crate::stream::CompareResult::Ok;
     |
3    + use core::result::Result::Ok;
     |

error[E0425]: cannot find function, tuple struct or tuple variant `Err` in this scope
    --> C:\Users\john\.cargo\registry\src\index.crates.io-1949cf8c6b5b557f\winnow-0.7.13\src\combinator\multi.rs:1258:28
     |
1258 |                     return Err(ParserError::assert(
     |                            ^^^ not found in this scope
     |
help: consider importing this tuple variant
     |
3    + use core::result::Result::Err;
     |

error[E0531]: cannot find tuple struct or tuple variant `Err` in this scope
    --> C:\Users\john\.cargo\registry\src\index.crates.io-1949cf8c6b5b557f\winnow-0.7.13\src\combinator\multi.rs:1265:21
     |
1265 |                     Err(e) => {
     |                     ^^^ not found in this scope
     |
help: consider importing this tuple variant
     |
3    + use core::result::Result::Err;
     |

error[E0425]: cannot find function, tuple struct or tuple variant `Err` in this scope
    --> C:\Users\john\.cargo\registry\src\index.crates.io-1949cf8c6b5b557f\winnow-0.7.13\src\combinator\multi.rs:1266:32
     |
1266 |                         return Err(e.append(input, &start));
     |                                ^^^ not found in this scope
     |
help: consider importing this tuple variant
     |
3    + use core::result::Result::Err;
     |

error[E0531]: cannot find tuple struct or tuple variant `Ok` in this scope
    --> C:\Users\john\.cargo\registry\src\index.crates.io-1949cf8c6b5b557f\winnow-0.7.13\src\combinator\multi.rs:1268:21
     |
1268 |                     Ok(o) => {
     |                     ^^ not found in this scope
     |
help: consider importing one of these tuple variants
     |
3    + use crate::stream::CompareResult::Ok;
     |
3    + use core::result::Result::Ok;
     |

error[E0425]: cannot find function, tuple struct or tuple variant `Ok` in this scope
    --> C:\Users\john\.cargo\registry\src\index.crates.io-1949cf8c6b5b557f\winnow-0.7.13\src\combinator\multi.rs:1276:5
     |
1276 |     Ok(acc)
     |     ^^ not found in this scope
     |
help: consider importing one of these tuple variants
     |
3    + use crate::stream::CompareResult::Ok;
     |
3    + use core::result::Result::Ok;
     |

error[E0425]: cannot find function, tuple struct or tuple variant `Err` in this scope
    --> C:\Users\john\.cargo\registry\src\index.crates.io-1949cf8c6b5b557f\winnow-0.7.13\src\combinator\multi.rs:1294:16
     |
1294 |         return Err(ParserError::assert(
     |                ^^^ not found in this scope
     |
help: consider importing this tuple variant
     |
3    + use core::result::Result::Err;
     |

error[E0425]: cannot find function, tuple struct or tuple variant `Some` in this scope
    --> C:\Users\john\.cargo\registry\src\index.crates.io-1949cf8c6b5b557f\winnow-0.7.13\src\combinator\multi.rs:1300:30
     |
1300 |     let mut acc = C::initial(Some(min));
     |                              ^^^^ not found in this scope
     |
help: consider importing this tuple variant
     |
3    + use core::option::Option::Some;
     |

error[E0531]: cannot find tuple struct or tuple variant `Err` in this scope
    --> C:\Users\john\.cargo\registry\src\index.crates.io-1949cf8c6b5b557f\winnow-0.7.13\src\combinator\multi.rs:1304:9
     |
1304 |         Err(e) if e.is_backtrack() => {
     |         ^^^ not found in this scope
     |
help: consider importing this tuple variant
     |
3    + use core::result::Result::Err;
     |

error[E0425]: cannot find function, tuple struct or tuple variant `Ok` in this scope
    --> C:\Users\john\.cargo\registry\src\index.crates.io-1949cf8c6b5b557f\winnow-0.7.13\src\combinator\multi.rs:1307:24
     |
1307 |                 return Ok(acc);
     |                        ^^ not found in this scope
     |
help: consider importing one of these tuple variants
     |
3    + use crate::stream::CompareResult::Ok;
     |
3    + use core::result::Result::Ok;
     |

error[E0425]: cannot find function, tuple struct or tuple variant `Err` in this scope
    --> C:\Users\john\.cargo\registry\src\index.crates.io-1949cf8c6b5b557f\winnow-0.7.13\src\combinator\multi.rs:1309:24
     |
1309 |                 return Err(e.append(input, &start));
     |                        ^^^ not found in this scope
     |
help: consider importing this tuple variant
     |
3    + use core::result::Result::Err;
     |

error[E0531]: cannot find tuple struct or tuple variant `Err` in this scope
    --> C:\Users\john\.cargo\registry\src\index.crates.io-1949cf8c6b5b557f\winnow-0.7.13\src\combinator\multi.rs:1312:9
     |
1312 |         Err(e) => return Err(e),
     |         ^^^ not found in this scope
     |
help: consider importing this tuple variant
     |
3    + use core::result::Result::Err;
     |

error[E0425]: cannot find function, tuple struct or tuple variant `Err` in this scope
    --> C:\Users\john\.cargo\registry\src\index.crates.io-1949cf8c6b5b557f\winnow-0.7.13\src\combinator\multi.rs:1312:26
     |
1312 |         Err(e) => return Err(e),
     |                          ^^^ not found in this scope
     |
help: consider importing this tuple variant
     |
3    + use core::result::Result::Err;
     |

error[E0531]: cannot find tuple struct or tuple variant `Ok` in this scope
    --> C:\Users\john\.cargo\registry\src\index.crates.io-1949cf8c6b5b557f\winnow-0.7.13\src\combinator\multi.rs:1313:9
     |
1313 |         Ok(o) => {
     |         ^^ not found in this scope
     |
help: consider importing one of these tuple variants
     |
3    + use crate::stream::CompareResult::Ok;
     |
3    + use core::result::Result::Ok;
     |

error[E0531]: cannot find tuple struct or tuple variant `Err` in this scope
    --> C:\Users\john\.cargo\registry\src\index.crates.io-1949cf8c6b5b557f\winnow-0.7.13\src\combinator\multi.rs:1322:13
     |
1322 |             Err(e) if e.is_backtrack() => {
     |             ^^^ not found in this scope
     |
help: consider importing this tuple variant
     |
3    + use core::result::Result::Err;
     |

error[E0425]: cannot find function, tuple struct or tuple variant `Err` in this scope
    --> C:\Users\john\.cargo\registry\src\index.crates.io-1949cf8c6b5b557f\winnow-0.7.13\src\combinator\multi.rs:1324:28
     |
1324 |                     return Err(e.append(input, &start));
     |                            ^^^ not found in this scope
     |
help: consider importing this tuple variant
     |
3    + use core::result::Result::Err;
     |

error[E0425]: cannot find function, tuple struct or tuple variant `Ok` in this scope
    --> C:\Users\john\.cargo\registry\src\index.crates.io-1949cf8c6b5b557f\winnow-0.7.13\src\combinator\multi.rs:1327:28
     |
1327 |                     return Ok(acc);
     |                            ^^ not found in this scope
     |
help: consider importing one of these tuple variants
     |
3    + use crate::stream::CompareResult::Ok;
     |
3    + use core::result::Result::Ok;
     |

error[E0531]: cannot find tuple struct or tuple variant `Err` in this scope
    --> C:\Users\john\.cargo\registry\src\index.crates.io-1949cf8c6b5b557f\winnow-0.7.13\src\combinator\multi.rs:1330:13
     |
1330 |             Err(e) => {
     |             ^^^ not found in this scope
     |
help: consider importing this tuple variant
     |
3    + use core::result::Result::Err;
     |

error[E0425]: cannot find function, tuple struct or tuple variant `Err` in this scope
    --> C:\Users\john\.cargo\registry\src\index.crates.io-1949cf8c6b5b557f\winnow-0.7.13\src\combinator\multi.rs:1331:24
     |
1331 |                 return Err(e);
     |                        ^^^ not found in this scope
     |
help: consider importing this tuple variant
     |
3    + use core::result::Result::Err;
     |

error[E0531]: cannot find tuple struct or tuple variant `Ok` in this scope
    --> C:\Users\john\.cargo\registry\src\index.crates.io-1949cf8c6b5b557f\winnow-0.7.13\src\combinator\multi.rs:1333:13
     |
1333 |             Ok(_) => {
     |             ^^ not found in this scope
     |
help: consider importing one of these tuple variants
     |
3    + use crate::stream::CompareResult::Ok;
     |
3    + use core::result::Result::Ok;
     |

error[E0425]: cannot find function, tuple struct or tuple variant `Err` in this scope
    --> C:\Users\john\.cargo\registry\src\index.crates.io-1949cf8c6b5b557f\winnow-0.7.13\src\combinator\multi.rs:1336:28
     |
1336 |                     return Err(ParserError::assert(
     |                            ^^^ not found in this scope
     |
help: consider importing this tuple variant
     |
3    + use core::result::Result::Err;
     |

error[E0531]: cannot find tuple struct or tuple variant `Err` in this scope
    --> C:\Users\john\.cargo\registry\src\index.crates.io-1949cf8c6b5b557f\winnow-0.7.13\src\combinator\multi.rs:1343:21
     |
1343 |                     Err(e) if e.is_backtrack() => {
     |                     ^^^ not found in this scope
     |
help: consider importing this tuple variant
     |
3    + use core::result::Result::Err;
     |

error[E0425]: cannot find function, tuple struct or tuple variant `Err` in this scope
    --> C:\Users\john\.cargo\registry\src\index.crates.io-1949cf8c6b5b557f\winnow-0.7.13\src\combinator\multi.rs:1345:36
     |
1345 | ...                   return Err(e.append(input, &start));
     |                              ^^^ not found in this scope
     |
help: consider importing this tuple variant
     |
3    + use core::result::Result::Err;
     |

error[E0425]: cannot find function, tuple struct or tuple variant `Ok` in this scope
    --> C:\Users\john\.cargo\registry\src\index.crates.io-1949cf8c6b5b557f\winnow-0.7.13\src\combinator\multi.rs:1348:36
     |
1348 | ...                   return Ok(acc);
     |                              ^^ not found in this scope
     |
help: consider importing one of these tuple variants
     |
3    + use crate::stream::CompareResult::Ok;
     |
3    + use core::result::Result::Ok;
     |

error[E0531]: cannot find tuple struct or tuple variant `Err` in this scope
    --> C:\Users\john\.cargo\registry\src\index.crates.io-1949cf8c6b5b557f\winnow-0.7.13\src\combinator\multi.rs:1351:21
     |
1351 |                     Err(e) => {
     |                     ^^^ not found in this scope
     |
help: consider importing this tuple variant
     |
3    + use core::result::Result::Err;
     |

error[E0425]: cannot find function, tuple struct or tuple variant `Err` in this scope
    --> C:\Users\john\.cargo\registry\src\index.crates.io-1949cf8c6b5b557f\winnow-0.7.13\src\combinator\multi.rs:1352:32
     |
1352 |                         return Err(e);
     |                                ^^^ not found in this scope
     |
help: consider importing this tuple variant
     |
3    + use core::result::Result::Err;
     |

error[E0531]: cannot find tuple struct or tuple variant `Ok` in this scope
    --> C:\Users\john\.cargo\registry\src\index.crates.io-1949cf8c6b5b557f\winnow-0.7.13\src\combinator\multi.rs:1354:21
     |
1354 |                     Ok(o) => {
     |                     ^^ not found in this scope
     |
help: consider importing one of these tuple variants
     |
3    + use crate::stream::CompareResult::Ok;
     |
3    + use core::result::Result::Ok;
     |

error[E0425]: cannot find function, tuple struct or tuple variant `Ok` in this scope
    --> C:\Users\john\.cargo\registry\src\index.crates.io-1949cf8c6b5b557f\winnow-0.7.13\src\combinator\multi.rs:1362:5
     |
1362 |     Ok(acc)
     |     ^^ not found in this scope
     |
help: consider importing one of these tuple variants
     |
3    + use crate::stream::CompareResult::Ok;
     |
3    + use core::result::Result::Ok;
     |

error[E0405]: cannot find trait `FnMut` in this scope
    --> C:\Users\john\.cargo\registry\src\index.crates.io-1949cf8c6b5b557f\winnow-0.7.13\src\combinator\multi.rs:1396:9
     |
1396 |     Op: FnMut(Output, Sep, Output) -> Output,
     |         ^^^^^ not found in this scope
     |
help: consider importing this trait
     |
3    + use core::ops::FnMut;
     |

error[E0531]: cannot find tuple struct or tuple variant `Err` in this scope
    --> C:\Users\john\.cargo\registry\src\index.crates.io-1949cf8c6b5b557f\winnow-0.7.13\src\combinator\multi.rs:1405:17
     |
1405 |                 Err(e) if e.is_backtrack() => {
     |                 ^^^ not found in this scope
     |
help: consider importing this tuple variant
     |
3    + use core::result::Result::Err;
     |

error[E0425]: cannot find function, tuple struct or tuple variant `Ok` in this scope
    --> C:\Users\john\.cargo\registry\src\index.crates.io-1949cf8c6b5b557f\winnow-0.7.13\src\combinator\multi.rs:1407:28
     |
1407 |                     return Ok(ol);
     |                            ^^ not found in this scope
     |
help: consider importing one of these tuple variants
     |
3    + use crate::stream::CompareResult::Ok;
     |
3    + use core::result::Result::Ok;
     |

error[E0531]: cannot find tuple struct or tuple variant `Err` in this scope
    --> C:\Users\john\.cargo\registry\src\index.crates.io-1949cf8c6b5b557f\winnow-0.7.13\src\combinator\multi.rs:1409:17
     |
1409 |                 Err(e) => return Err(e),
     |                 ^^^ not found in this scope
     |
help: consider importing this tuple variant
     |
3    + use core::result::Result::Err;
     |

error[E0425]: cannot find function, tuple struct or tuple variant `Err` in this scope
    --> C:\Users\john\.cargo\registry\src\index.crates.io-1949cf8c6b5b557f\winnow-0.7.13\src\combinator\multi.rs:1409:34
     |
1409 |                 Err(e) => return Err(e),
     |                                  ^^^ not found in this scope
     |
help: consider importing this tuple variant
     |
3    + use core::result::Result::Err;
     |

error[E0531]: cannot find tuple struct or tuple variant `Ok` in this scope
    --> C:\Users\john\.cargo\registry\src\index.crates.io-1949cf8c6b5b557f\winnow-0.7.13\src\combinator\multi.rs:1410:17
     |
1410 |                 Ok(s) => {
     |                 ^^ not found in this scope
     |
help: consider importing one of these tuple variants
     |
3    + use crate::stream::CompareResult::Ok;
     |
3    + use core::result::Result::Ok;
     |

error[E0425]: cannot find function, tuple struct or tuple variant `Err` in this scope
    --> C:\Users\john\.cargo\registry\src\index.crates.io-1949cf8c6b5b557f\winnow-0.7.13\src\combinator\multi.rs:1413:32
     |
1413 |                         return Err(ParserError::assert(
     |                                ^^^ not found in this scope
     |
help: consider importing this tuple variant
     |
3    + use core::result::Result::Err;
     |

error[E0531]: cannot find tuple struct or tuple variant `Err` in this scope
    --> C:\Users\john\.cargo\registry\src\index.crates.io-1949cf8c6b5b557f\winnow-0.7.13\src\combinator\multi.rs:1420:25
     |
1420 |                         Err(e) if e.is_backtrack() => {
     |                         ^^^ not found in this scope
     |
help: consider importing this tuple variant
     |
3    + use core::result::Result::Err;
     |

error[E0425]: cannot find function, tuple struct or tuple variant `Ok` in this scope
    --> C:\Users\john\.cargo\registry\src\index.crates.io-1949cf8c6b5b557f\winnow-0.7.13\src\combinator\multi.rs:1422:36
     |
1422 | ...                   return Ok(ol);
     |                              ^^ not found in this scope
     |
help: consider importing one of these tuple variants
     |
3    + use crate::stream::CompareResult::Ok;
     |
3    + use core::result::Result::Ok;
     |

error[E0531]: cannot find tuple struct or tuple variant `Err` in this scope
    --> C:\Users\john\.cargo\registry\src\index.crates.io-1949cf8c6b5b557f\winnow-0.7.13\src\combinator\multi.rs:1424:25
     |
1424 |                         Err(e) => return Err(e),
     |                         ^^^ not found in this scope
     |
help: consider importing this tuple variant
     |
3    + use core::result::Result::Err;
     |

error[E0425]: cannot find function, tuple struct or tuple variant `Err` in this scope
    --> C:\Users\john\.cargo\registry\src\index.crates.io-1949cf8c6b5b557f\winnow-0.7.13\src\combinator\multi.rs:1424:42
     |
1424 |                         Err(e) => return Err(e),
     |                                          ^^^ not found in this scope
     |
help: consider importing this tuple variant
     |
3    + use core::result::Result::Err;
     |

error[E0531]: cannot find tuple struct or tuple variant `Ok` in this scope
    --> C:\Users\john\.cargo\registry\src\index.crates.io-1949cf8c6b5b557f\winnow-0.7.13\src\combinator\multi.rs:1425:25
     |
1425 |                         Ok(or) => {
     |                         ^^ not found in this scope
     |
help: consider importing one of these tuple variants
     |
3    + use crate::stream::CompareResult::Ok;
     |
3    + use core::result::Result::Ok;
     |

error[E0405]: cannot find trait `FnMut` in this scope
    --> C:\Users\john\.cargo\registry\src\index.crates.io-1949cf8c6b5b557f\winnow-0.7.13\src\combinator\multi.rs:1468:9
     |
1468 |     Op: FnMut(Output, Sep, Output) -> Output,
     |         ^^^^^ not found in this scope
     |
help: consider importing this trait
     |
3    + use core::ops::FnMut;
     |

error[E0531]: cannot find tuple struct or tuple variant `Some` in this scope
    --> C:\Users\john\.cargo\registry\src\index.crates.io-1949cf8c6b5b557f\winnow-0.7.13\src\combinator\multi.rs:1474:16
     |
1474 |         if let Some((s, or)) = all
     |                ^^^^ not found in this scope
     |
help: consider importing this tuple variant
     |
3    + use core::option::Option::Some;
     |

error[E0425]: cannot find function, tuple struct or tuple variant `Ok` in this scope
    --> C:\Users\john\.cargo\registry\src\index.crates.io-1949cf8c6b5b557f\winnow-0.7.13\src\combinator\multi.rs:1480:13
     |
1480 |             Ok(merged)
     |             ^^ not found in this scope
     |
help: consider importing one of these tuple variants
     |
3    + use crate::stream::CompareResult::Ok;
     |
3    + use core::result::Result::Ok;
     |

error[E0425]: cannot find function, tuple struct or tuple variant `Ok` in this scope
    --> C:\Users\john\.cargo\registry\src\index.crates.io-1949cf8c6b5b557f\winnow-0.7.13\src\combinator\multi.rs:1482:13
     |
1482 |             Ok(ol)
     |             ^^ not found in this scope
     |
help: consider importing one of these tuple variants
     |
3    + use crate::stream::CompareResult::Ok;
     |
3    + use core::result::Result::Ok;
     |

error[E0531]: cannot find tuple struct or tuple variant `Ok` in this scope
    --> C:\Users\john\.cargo\registry\src\index.crates.io-1949cf8c6b5b557f\winnow-0.7.13\src\combinator\multi.rs:1523:17
     |
1523 |                 Ok(o) => {
     |                 ^^ not found in this scope
     |
help: consider importing one of these tuple variants
     |
3    + use crate::stream::CompareResult::Ok;
     |
3    + use core::result::Result::Ok;
     |

error[E0531]: cannot find tuple struct or tuple variant `Err` in this scope
    --> C:\Users\john\.cargo\registry\src\index.crates.io-1949cf8c6b5b557f\winnow-0.7.13\src\combinator\multi.rs:1526:17
     |
1526 |                 Err(e) => {
     |                 ^^^ not found in this scope
     |
help: consider importing this tuple variant
     |
3    + use core::result::Result::Err;
     |

error[E0425]: cannot find function, tuple struct or tuple variant `Err` in this scope
    --> C:\Users\john\.cargo\registry\src\index.crates.io-1949cf8c6b5b557f\winnow-0.7.13\src\combinator\multi.rs:1527:28
     |
1527 |                     return Err(e.append(i, &start));
     |                            ^^^ not found in this scope
     |
help: consider importing this tuple variant
     |
3    + use core::result::Result::Err;
     |

error[E0425]: cannot find function, tuple struct or tuple variant `Ok` in this scope
    --> C:\Users\john\.cargo\registry\src\index.crates.io-1949cf8c6b5b557f\winnow-0.7.13\src\combinator\multi.rs:1532:9
     |
1532 |         Ok(())
     |         ^^ not found in this scope
     |
help: consider importing one of these tuple variants
     |
3    + use crate::stream::CompareResult::Ok;
     |
3    + use core::result::Result::Ok;
     |

error[E0405]: cannot find trait `FnMut` in this scope
  --> C:\Users\john\.cargo\registry\src\index.crates.io-1949cf8c6b5b557f\winnow-0.7.13\src\combinator\impls.rs:41:8
   |
41 |     G: FnMut(O) -> O2,
   |        ^^^^^ not found in this scope
   |
help: consider importing this trait
   |
3  + use core::ops::FnMut;
   |

error[E0405]: cannot find trait `FnMut` in this scope
  --> C:\Users\john\.cargo\registry\src\index.crates.io-1949cf8c6b5b557f\winnow-0.7.13\src\combinator\impls.rs:54:8
   |
54 |     G: FnMut(O) -> O2,
   |        ^^^^^ not found in this scope
   |
help: consider importing this trait
   |
3  + use core::ops::FnMut;
   |

error[E0531]: cannot find tuple struct or tuple variant `Err` in this scope
  --> C:\Users\john\.cargo\registry\src\index.crates.io-1949cf8c6b5b557f\winnow-0.7.13\src\combinator\impls.rs:59:13
   |
59 |             Err(e) => Err(e),
   |             ^^^ not found in this scope
   |
help: consider importing this tuple variant
   |
3  + use core::result::Result::Err;
   |

error[E0425]: cannot find function, tuple struct or tuple variant `Err` in this scope
  --> C:\Users\john\.cargo\registry\src\index.crates.io-1949cf8c6b5b557f\winnow-0.7.13\src\combinator\impls.rs:59:23
   |
59 |             Err(e) => Err(e),
   |                       ^^^ not found in this scope
   |
help: consider importing this tuple variant
   |
3  + use core::result::Result::Err;
   |

error[E0531]: cannot find tuple struct or tuple variant `Ok` in this scope
  --> C:\Users\john\.cargo\registry\src\index.crates.io-1949cf8c6b5b557f\winnow-0.7.13\src\combinator\impls.rs:60:13
   |
60 |             Ok(o) => Ok((self.map)(o)),
   |             ^^ not found in this scope
   |
help: consider importing one of these tuple variants
   |
3  + use crate::stream::CompareResult::Ok;
   |
3  + use core::result::Result::Ok;
   |

error[E0425]: cannot find function, tuple struct or tuple variant `Ok` in this scope
  --> C:\Users\john\.cargo\registry\src\index.crates.io-1949cf8c6b5b557f\winnow-0.7.13\src\combinator\impls.rs:60:22
   |
60 |             Ok(o) => Ok((self.map)(o)),
   |                      ^^ not found in this scope
   |
help: consider importing one of these tuple variants
   |
3  + use crate::stream::CompareResult::Ok;
   |
3  + use core::result::Result::Ok;
   |

error[E0405]: cannot find trait `FnMut` in this scope
  --> C:\Users\john\.cargo\registry\src\index.crates.io-1949cf8c6b5b557f\winnow-0.7.13\src\combinator\impls.rs:69:8
   |
69 |     G: FnMut(O) -> Result<O2, E2>,
   |        ^^^^^ not found in this scope
   |
help: consider importing this trait
   |
3  + use core::ops::FnMut;
   |

error[E0405]: cannot find trait `FnMut` in this scope
  --> C:\Users\john\.cargo\registry\src\index.crates.io-1949cf8c6b5b557f\winnow-0.7.13\src\combinator\impls.rs:86:8
   |
86 |     G: FnMut(O) -> Result<O2, E2>,
   |        ^^^^^ not found in this scope
   |
help: consider importing this trait
   |
3  + use core::ops::FnMut;
   |

error[E0405]: cannot find trait `FnMut` in this scope
   --> C:\Users\john\.cargo\registry\src\index.crates.io-1949cf8c6b5b557f\winnow-0.7.13\src\combinator\impls.rs:108:8
    |
108 |     G: FnMut(O) -> Option<O2>,
    |        ^^^^^ not found in this scope
    |
help: consider importing this trait
    |
3   + use core::ops::FnMut;
    |

error[E0412]: cannot find type `Option` in this scope
   --> C:\Users\john\.cargo\registry\src\index.crates.io-1949cf8c6b5b557f\winnow-0.7.13\src\combinator\impls.rs:108:20
    |
108 |     G: FnMut(O) -> Option<O2>,
    |                    ^^^^^^ not found in this scope
    |
help: consider importing this enum
    |
3   + use core::option::Option;
    |

error[E0405]: cannot find trait `FnMut` in this scope
   --> C:\Users\john\.cargo\registry\src\index.crates.io-1949cf8c6b5b557f\winnow-0.7.13\src\combinator\impls.rs:123:8
    |
123 |     G: FnMut(O) -> Option<O2>,
    |        ^^^^^ not found in this scope
    |
help: consider importing this trait
    |
3   + use core::ops::FnMut;
    |

error[E0412]: cannot find type `Option` in this scope
   --> C:\Users\john\.cargo\registry\src\index.crates.io-1949cf8c6b5b557f\winnow-0.7.13\src\combinator\impls.rs:123:20
    |
123 |     G: FnMut(O) -> Option<O2>,
    |                    ^^^^^^ not found in this scope
    |
help: consider importing this enum
    |
3   + use core::option::Option;
    |

error[E0425]: cannot find function, tuple struct or tuple variant `Ok` in this scope
   --> C:\Users\john\.cargo\registry\src\index.crates.io-1949cf8c6b5b557f\winnow-0.7.13\src\combinator\impls.rs:172:9
    |
172 |         Ok(o2)
    |         ^^ not found in this scope
    |
help: consider importing one of these tuple variants
    |
3   + use crate::stream::CompareResult::Ok;
    |
3   + use core::result::Result::Ok;
    |

error[E0405]: cannot find trait `FnMut` in this scope
   --> C:\Users\john\.cargo\registry\src\index.crates.io-1949cf8c6b5b557f\winnow-0.7.13\src\combinator\impls.rs:215:8
    |
215 |     G: FnMut(O) -> H,
    |        ^^^^^ not found in this scope
    |
help: consider importing this trait
    |
3   + use core::ops::FnMut;
    |

error[E0405]: cannot find trait `FnMut` in this scope
   --> C:\Users\john\.cargo\registry\src\index.crates.io-1949cf8c6b5b557f\winnow-0.7.13\src\combinator\impls.rs:230:8
    |
230 |     G: FnMut(O) -> H,
    |        ^^^^^ not found in this scope
    |
help: consider importing this trait
    |
3   + use core::ops::FnMut;
    |

error[E0531]: cannot find tuple struct or tuple variant `Err` in this scope
   --> C:\Users\john\.cargo\registry\src\index.crates.io-1949cf8c6b5b557f\winnow-0.7.13\src\combinator\impls.rs:258:17
    |
258 |                 Err(err) => match err.needed() {
    |                 ^^^ not found in this scope
    |
help: consider importing this tuple variant
    |
3   + use core::result::Result::Err;
    |

error[E0531]: cannot find tuple struct or tuple variant `Some` in this scope
   --> C:\Users\john\.cargo\registry\src\index.crates.io-1949cf8c6b5b557f\winnow-0.7.13\src\combinator\impls.rs:259:21
    |
259 |                     Some(_) => Err(ParserError::from_input(input)),
    |                     ^^^^ not found in this scope
    |
help: consider importing this tuple variant
    |
3   + use core::option::Option::Some;
    |

error[E0425]: cannot find function, tuple struct or tuple variant `Err` in this scope
   --> C:\Users\john\.cargo\registry\src\index.crates.io-1949cf8c6b5b557f\winnow-0.7.13\src\combinator\impls.rs:259:32
    |
259 |                     Some(_) => Err(ParserError::from_input(input)),
    |                                ^^^
    |
help: a local variable with a similar name exists
    |
259 -                     Some(_) => Err(ParserError::from_input(input)),
259 +                     Some(_) => err(ParserError::from_input(input)),
    |
help: consider importing this tuple variant
    |
3   + use core::result::Result::Err;
    |

error[E0425]: cannot find function, tuple struct or tuple variant `Err` in this scope
   --> C:\Users\john\.cargo\registry\src\index.crates.io-1949cf8c6b5b557f\winnow-0.7.13\src\combinator\impls.rs:260:29
    |
260 |                     None => Err(err),
    |                             ^^^
    |
help: a local variable with a similar name exists
    |
260 -                     None => Err(err),
260 +                     None => err(err),
    |
help: consider importing this tuple variant
    |
3   + use core::result::Result::Err;
    |

error[E0405]: cannot find trait `FnMut` in this scope
   --> C:\Users\john\.cargo\registry\src\index.crates.io-1949cf8c6b5b557f\winnow-0.7.13\src\combinator\impls.rs:273:8
    |
273 |     G: FnMut(&O2) -> bool,
    |        ^^^^^ not found in this scope
    |
help: consider importing this trait
    |
3   + use core::ops::FnMut;
    |

error[E0405]: cannot find trait `Sized` in this scope
   --> C:\Users\john\.cargo\registry\src\index.crates.io-1949cf8c6b5b557f\winnow-0.7.13\src\combinator\impls.rs:276:10
    |
276 |     O2: ?Sized,
    |          ^^^^^ not found in this scope
    |
help: consider importing this trait
    |
3   + use core::marker::Sized;
    |

error[E0405]: cannot find trait `FnMut` in this scope
   --> C:\Users\john\.cargo\registry\src\index.crates.io-1949cf8c6b5b557f\winnow-0.7.13\src\combinator\impls.rs:290:8
    |
290 |     G: FnMut(&O2) -> bool,
    |        ^^^^^ not found in this scope
    |
help: consider importing this trait
    |
3   + use core::ops::FnMut;
    |

error[E0405]: cannot find trait `Sized` in this scope
   --> C:\Users\john\.cargo\registry\src\index.crates.io-1949cf8c6b5b557f\winnow-0.7.13\src\combinator\impls.rs:293:10
    |
293 |     O2: ?Sized,
    |          ^^^^^ not found in this scope
    |
help: consider importing this trait
    |
3   + use core::marker::Sized;
    |

error[E0405]: cannot find trait `Clone` in this scope
   --> C:\Users\john\.cargo\registry\src\index.crates.io-1949cf8c6b5b557f\winnow-0.7.13\src\combinator\impls.rs:313:9
    |
313 |     O2: Clone,
    |         ^^^^^ not found in this scope
    |
help: consider importing this trait
    |
3   + use core::clone::Clone;
    |

error[E0405]: cannot find trait `Clone` in this scope
   --> C:\Users\john\.cargo\registry\src\index.crates.io-1949cf8c6b5b557f\winnow-0.7.13\src\combinator\impls.rs:325:9
    |
325 |     O2: Clone,
    |         ^^^^^ not found in this scope
    |
help: consider importing this trait
    |
3   + use core::clone::Clone;
    |

error[E0531]: cannot find tuple struct or tuple variant `Ok` in this scope
   --> C:\Users\john\.cargo\registry\src\index.crates.io-1949cf8c6b5b557f\winnow-0.7.13\src\combinator\impls.rs:399:13
    |
399 |             Ok(_) => {
    |             ^^ not found in this scope
    |
help: consider importing one of these tuple variants
    |
3   + use crate::stream::CompareResult::Ok;
    |
3   + use core::result::Result::Ok;
    |

error[E0425]: cannot find function, tuple struct or tuple variant `Ok` in this scope
   --> C:\Users\john\.cargo\registry\src\index.crates.io-1949cf8c6b5b557f\winnow-0.7.13\src\combinator\impls.rs:403:17
    |
403 |                 Ok(taken)
    |                 ^^ not found in this scope
    |
help: consider importing one of these tuple variants
    |
3   + use crate::stream::CompareResult::Ok;
    |
3   + use core::result::Result::Ok;
    |

error[E0531]: cannot find tuple struct or tuple variant `Err` in this scope
   --> C:\Users\john\.cargo\registry\src\index.crates.io-1949cf8c6b5b557f\winnow-0.7.13\src\combinator\impls.rs:405:13
    |
405 |             Err(e) => Err(e),
    |             ^^^ not found in this scope
    |
help: consider importing this tuple variant
    |
3   + use core::result::Result::Err;
    |

error[E0425]: cannot find function, tuple struct or tuple variant `Err` in this scope
   --> C:\Users\john\.cargo\registry\src\index.crates.io-1949cf8c6b5b557f\winnow-0.7.13\src\combinator\impls.rs:405:23
    |
405 |             Err(e) => Err(e),
    |                       ^^^ not found in this scope
    |
help: consider importing this tuple variant
    |
3   + use core::result::Result::Err;
    |

error[E0531]: cannot find tuple struct or tuple variant `Ok` in this scope
   --> C:\Users\john\.cargo\registry\src\index.crates.io-1949cf8c6b5b557f\winnow-0.7.13\src\combinator\impls.rs:431:13
    |
431 |             Ok(result) => {
    |             ^^ not found in this scope
    |
help: consider importing one of these tuple variants
    |
3   + use crate::stream::CompareResult::Ok;
    |
3   + use core::result::Result::Ok;
    |

error[E0425]: cannot find function, tuple struct or tuple variant `Ok` in this scope
   --> C:\Users\john\.cargo\registry\src\index.crates.io-1949cf8c6b5b557f\winnow-0.7.13\src\combinator\impls.rs:435:17
    |
435 |                 Ok((result, taken))
    |                 ^^ not found in this scope
    |
help: consider importing one of these tuple variants
    |
3   + use crate::stream::CompareResult::Ok;
    |
3   + use core::result::Result::Ok;
    |

error[E0531]: cannot find tuple struct or tuple variant `Err` in this scope
   --> C:\Users\john\.cargo\registry\src\index.crates.io-1949cf8c6b5b557f\winnow-0.7.13\src\combinator\impls.rs:437:13
    |
437 |             Err(e) => Err(e),
    |             ^^^ not found in this scope
    |
help: consider importing this tuple variant
    |
3   + use core::result::Result::Err;
    |

error[E0425]: cannot find function, tuple struct or tuple variant `Err` in this scope
   --> C:\Users\john\.cargo\registry\src\index.crates.io-1949cf8c6b5b557f\winnow-0.7.13\src\combinator\impls.rs:437:23
    |
437 |             Err(e) => Err(e),
    |                       ^^^ not found in this scope
    |
help: consider importing this tuple variant
    |
3   + use core::result::Result::Err;
    |

error[E0405]: cannot find trait `Into` in this scope
   --> C:\Users\john\.cargo\registry\src\index.crates.io-1949cf8c6b5b557f\winnow-0.7.13\src\combinator\impls.rs:500:8
    |
500 |     O: Into<O2>,
    |        ^^^^ not found in this scope
    |
help: consider importing this trait
    |
3   + use core::convert::Into;
    |

error[E0405]: cannot find trait `Into` in this scope
   --> C:\Users\john\.cargo\registry\src\index.crates.io-1949cf8c6b5b557f\winnow-0.7.13\src\combinator\impls.rs:512:8
    |
512 |     O: Into<O2>,
    |        ^^^^ not found in this scope
    |
help: consider importing this trait
    |
3   + use core::convert::Into;
    |

error[E0405]: cannot find trait `Into` in this scope
   --> C:\Users\john\.cargo\registry\src\index.crates.io-1949cf8c6b5b557f\winnow-0.7.13\src\combinator\impls.rs:524:8
    |
524 |     E: Into<E2>,
    |        ^^^^ not found in this scope
    |
help: consider importing this trait
    |
3   + use core::convert::Into;
    |

error[E0405]: cannot find trait `Into` in this scope
   --> C:\Users\john\.cargo\registry\src\index.crates.io-1949cf8c6b5b557f\winnow-0.7.13\src\combinator\impls.rs:536:8
    |
536 |     E: Into<E2>,
    |        ^^^^ not found in this scope
    |
help: consider importing this trait
    |
3   + use core::convert::Into;
    |

error[E0405]: cannot find trait `Clone` in this scope
   --> C:\Users\john\.cargo\registry\src\index.crates.io-1949cf8c6b5b557f\winnow-0.7.13\src\combinator\impls.rs:551:8
    |
551 |     C: Clone + crate::lib::std::fmt::Debug,
    |        ^^^^^ not found in this scope
    |
help: consider importing this trait
    |
3   + use core::clone::Clone;
    |

error[E0405]: cannot find trait `Clone` in this scope
   --> C:\Users\john\.cargo\registry\src\index.crates.io-1949cf8c6b5b557f\winnow-0.7.13\src\combinator\impls.rs:566:8
    |
566 |     C: Clone + crate::lib::std::fmt::Debug,
    |        ^^^^^ not found in this scope
    |
help: consider importing this trait
    |
3   + use core::clone::Clone;
    |

error[E0405]: cannot find trait `Fn` in this scope
   --> C:\Users\john\.cargo\registry\src\index.crates.io-1949cf8c6b5b557f\winnow-0.7.13\src\combinator\impls.rs:588:8
    |
588 |     F: Fn() -> FI + Clone,
    |        ^^ not found in this scope
    |
help: consider importing this trait
    |
3   + use core::ops::Fn;
    |

error[E0405]: cannot find trait `Clone` in this scope
   --> C:\Users\john\.cargo\registry\src\index.crates.io-1949cf8c6b5b557f\winnow-0.7.13\src\combinator\impls.rs:588:21
    |
588 |     F: Fn() -> FI + Clone,
    |                     ^^^^^ not found in this scope
    |
help: consider importing this trait
    |
3   + use core::clone::Clone;
    |

error[E0405]: cannot find trait `Iterator` in this scope
   --> C:\Users\john\.cargo\registry\src\index.crates.io-1949cf8c6b5b557f\winnow-0.7.13\src\combinator\impls.rs:590:9
    |
590 |     FI: Iterator<Item = C>,
    |         ^^^^^^^^ not found in this scope
    |
help: consider importing this trait
    |
3   + use core::iter::Iterator;
    |

error[E0405]: cannot find trait `Fn` in this scope
   --> C:\Users\john\.cargo\registry\src\index.crates.io-1949cf8c6b5b557f\winnow-0.7.13\src\combinator\impls.rs:607:8
    |
607 |     F: Fn() -> FI + Clone,
    |        ^^ not found in this scope
    |
help: consider importing this trait
    |
3   + use core::ops::Fn;
    |

error[E0405]: cannot find trait `Clone` in this scope
   --> C:\Users\john\.cargo\registry\src\index.crates.io-1949cf8c6b5b557f\winnow-0.7.13\src\combinator\impls.rs:607:21
    |
607 |     F: Fn() -> FI + Clone,
    |                     ^^^^^ not found in this scope
    |
help: consider importing this trait
    |
3   + use core::clone::Clone;
    |

error[E0405]: cannot find trait `Iterator` in this scope
   --> C:\Users\john\.cargo\registry\src\index.crates.io-1949cf8c6b5b557f\winnow-0.7.13\src\combinator\impls.rs:609:9
    |
609 |     FI: Iterator<Item = C>,
    |         ^^^^^^^^ not found in this scope
    |
help: consider importing this trait
    |
3   + use core::iter::Iterator;
    |

error[E0405]: cannot find trait `FnMut` in this scope
   --> C:\Users\john\.cargo\registry\src\index.crates.io-1949cf8c6b5b557f\winnow-0.7.13\src\combinator\impls.rs:628:8
    |
628 |     G: FnMut(E) -> E2,
    |        ^^^^^ not found in this scope
    |
help: consider importing this trait
    |
3   + use core::ops::FnMut;
    |

error[E0405]: cannot find trait `FnMut` in this scope
   --> C:\Users\john\.cargo\registry\src\index.crates.io-1949cf8c6b5b557f\winnow-0.7.13\src\combinator\impls.rs:641:8
    |
641 |     G: FnMut(E) -> E2,
    |        ^^^^^ not found in this scope
    |
help: consider importing this trait
    |
3   + use core::ops::FnMut;
    |

error[E0531]: cannot find tuple struct or tuple variant `Err` in this scope
   --> C:\Users\john\.cargo\registry\src\index.crates.io-1949cf8c6b5b557f\winnow-0.7.13\src\combinator\impls.rs:646:13
    |
646 |             Err(e) => Err((self.map)(e)),
    |             ^^^ not found in this scope
    |
help: consider importing this tuple variant
    |
3   + use core::result::Result::Err;
    |

error[E0425]: cannot find function, tuple struct or tuple variant `Err` in this scope
   --> C:\Users\john\.cargo\registry\src\index.crates.io-1949cf8c6b5b557f\winnow-0.7.13\src\combinator\impls.rs:646:23
    |
646 |             Err(e) => Err((self.map)(e)),
    |                       ^^^ not found in this scope
    |
help: consider importing this tuple variant
    |
3   + use core::result::Result::Err;
    |

error[E0531]: cannot find tuple struct or tuple variant `Ok` in this scope
   --> C:\Users\john\.cargo\registry\src\index.crates.io-1949cf8c6b5b557f\winnow-0.7.13\src\combinator\impls.rs:647:13
    |
647 |             Ok(o) => Ok(o),
    |             ^^ not found in this scope
    |
help: consider importing one of these tuple variants
    |
3   + use crate::stream::CompareResult::Ok;
    |
3   + use core::result::Result::Ok;
    |

error[E0425]: cannot find function, tuple struct or tuple variant `Ok` in this scope
   --> C:\Users\john\.cargo\registry\src\index.crates.io-1949cf8c6b5b557f\winnow-0.7.13\src\combinator\impls.rs:647:22
    |
647 |             Ok(o) => Ok(o),
    |                      ^^ not found in this scope
    |
help: consider importing one of these tuple variants
    |
3   + use crate::stream::CompareResult::Ok;
    |
3   + use core::result::Result::Ok;
    |

error[E0405]: cannot find trait `Clone` in this scope
   --> C:\Users\john\.cargo\registry\src\index.crates.io-1949cf8c6b5b557f\winnow-0.7.13\src\token\mod.rs:165:14
    |
165 |     Literal: Clone + crate::lib::std::fmt::Debug,
    |              ^^^^^ not found in this scope
    |
help: consider importing this trait
    |
6   + use core::clone::Clone;
    |

error[E0425]: cannot find function, tuple struct or tuple variant `Err` in this scope
   --> C:\Users\john\.cargo\registry\src\index.crates.io-1949cf8c6b5b557f\winnow-0.7.13\src\token\mod.rs:190:13
    |
190 |             Err(ParserError::incomplete(i, Needed::Unknown))
    |             ^^^ not found in this scope
    |
help: consider importing this tuple variant
    |
6   + use core::result::Result::Err;
    |

error[E0425]: cannot find function, tuple struct or tuple variant `Err` in this scope
   --> C:\Users\john\.cargo\registry\src\index.crates.io-1949cf8c6b5b557f\winnow-0.7.13\src\token\mod.rs:192:61
    |
192 |         CompareResult::Incomplete | CompareResult::Error => Err(ParserError::from_input(i)),
    |                                                             ^^^ not found in this scope
    |
help: consider importing this tuple variant
    |
6   + use core::result::Result::Err;
    |

error[E0405]: cannot find trait `Clone` in this scope
   --> C:\Users\john\.cargo\registry\src\index.crates.io-1949cf8c6b5b557f\winnow-0.7.13\src\token\mod.rs:265:31
    |
265 |     <Input as Stream>::Token: Clone,
    |                               ^^^^^ not found in this scope
    |
help: constrain the associated type to `Clone`
    |
265 -     <Input as Stream>::Token: Clone,
265 +     Input: Stream<Token = Clone>,
    |
help: consider importing this trait
    |
6   + use core::clone::Clone;
    |

error[E0405]: cannot find trait `Clone` in this scope
   --> C:\Users\john\.cargo\registry\src\index.crates.io-1949cf8c6b5b557f\winnow-0.7.13\src\token\mod.rs:318:31
    |
318 |     <Input as Stream>::Token: Clone,
    |                               ^^^^^ not found in this scope
    |
help: constrain the associated type to `Clone`
    |
318 -     <Input as Stream>::Token: Clone,
318 +     Input: Stream<Token = Clone>,
    |
help: consider importing this trait
    |
6   + use core::clone::Clone;
    |

error[E0405]: cannot find trait `Into` in this scope
   --> C:\Users\john\.cargo\registry\src\index.crates.io-1949cf8c6b5b557f\winnow-0.7.13\src\token\mod.rs:479:23
    |
479 |     occurrences: impl Into<Range>,
    |                       ^^^^ not found in this scope
    |
help: consider importing this trait
    |
6   + use core::convert::Into;
    |

error[E0405]: cannot find trait `Fn` in this scope
   --> C:\Users\john\.cargo\registry\src\index.crates.io-1949cf8c6b5b557f\winnow-0.7.13\src\token\mod.rs:524:8
    |
524 |     P: Fn(I::Token) -> bool,
    |        ^^ not found in this scope
    |
help: consider importing this trait
    |
6   + use core::ops::Fn;
    |

error[E0531]: cannot find tuple struct or tuple variant `Some` in this scope
   --> C:\Users\john\.cargo\registry\src\index.crates.io-1949cf8c6b5b557f\winnow-0.7.13\src\token\mod.rs:527:9
    |
527 |         Some(offset) => offset,
    |         ^^^^ not found in this scope
    |
help: consider importing this tuple variant
    |
6   + use core::option::Option::Some;
    |

error[E0425]: cannot find function, tuple struct or tuple variant `Err` in this scope
   --> C:\Users\john\.cargo\registry\src\index.crates.io-1949cf8c6b5b557f\winnow-0.7.13\src\token\mod.rs:529:20
    |
529 |             return Err(ParserError::incomplete(input, Needed::new(1)));
    |                    ^^^ not found in this scope
    |
help: consider importing this tuple variant
    |
6   + use core::result::Result::Err;
    |

error[E0405]: cannot find trait `Fn` in this scope
   --> C:\Users\john\.cargo\registry\src\index.crates.io-1949cf8c6b5b557f\winnow-0.7.13\src\token\mod.rs:541:8
    |
541 |     P: Fn(I::Token) -> bool,
    |        ^^ not found in this scope
    |
help: consider importing this trait
    |
6   + use core::ops::Fn;
    |

error[E0531]: cannot find tuple struct or tuple variant `Some` in this scope
   --> C:\Users\john\.cargo\registry\src\index.crates.io-1949cf8c6b5b557f\winnow-0.7.13\src\token\mod.rs:544:9
    |
544 |         Some(offset) => offset,
    |         ^^^^ not found in this scope
    |
help: consider importing this tuple variant
    |
6   + use core::option::Option::Some;
    |

error[E0425]: cannot find function, tuple struct or tuple variant `Err` in this scope
   --> C:\Users\john\.cargo\registry\src\index.crates.io-1949cf8c6b5b557f\winnow-0.7.13\src\token\mod.rs:546:20
    |
546 |             return Err(ParserError::incomplete(input, Needed::new(1)));
    |                    ^^^ not found in this scope
    |
help: consider importing this tuple variant
    |
6   + use core::result::Result::Err;
    |

error[E0425]: cannot find function, tuple struct or tuple variant `Err` in this scope
   --> C:\Users\john\.cargo\registry\src\index.crates.io-1949cf8c6b5b557f\winnow-0.7.13\src\token\mod.rs:551:9
    |
551 |         Err(ParserError::from_input(input))
    |         ^^^ not found in this scope
    |
help: consider importing this tuple variant
    |
6   + use core::result::Result::Err;
    |

error[E0405]: cannot find trait `Fn` in this scope
   --> C:\Users\john\.cargo\registry\src\index.crates.io-1949cf8c6b5b557f\winnow-0.7.13\src\token\mod.rs:566:8
    |
566 |     P: Fn(I::Token) -> bool,
    |        ^^ not found in this scope
    |
help: consider importing this trait
    |
6   + use core::ops::Fn;
    |

error[E0425]: cannot find function, tuple struct or tuple variant `Err` in this scope
   --> C:\Users\john\.cargo\registry\src\index.crates.io-1949cf8c6b5b557f\winnow-0.7.13\src\token\mod.rs:569:16
    |
569 |         return Err(ParserError::assert(
    |                ^^^ not found in this scope
    |
help: consider importing this tuple variant
    |
6   + use core::result::Result::Err;
    |

error[E0425]: cannot find function, tuple struct or tuple variant `Err` in this scope
   --> C:\Users\john\.cargo\registry\src\index.crates.io-1949cf8c6b5b557f\winnow-0.7.13\src\token\mod.rs:579:24
    |
579 |                 return Err(ParserError::from_input(input));
    |                        ^^^ not found in this scope
    |
help: consider importing this tuple variant
    |
6   + use core::result::Result::Err;
    |

error[E0425]: cannot find function, tuple struct or tuple variant `Err` in this scope
   --> C:\Users\john\.cargo\registry\src\index.crates.io-1949cf8c6b5b557f\winnow-0.7.13\src\token\mod.rs:599:13
    |
599 |             Err(ParserError::incomplete(input, Needed::new(needed)))
    |             ^^^ not found in this scope
    |
help: consider importing this tuple variant
    |
6   + use core::result::Result::Err;
    |

error[E0425]: cannot find function, tuple struct or tuple variant `Err` in this scope
   --> C:\Users\john\.cargo\registry\src\index.crates.io-1949cf8c6b5b557f\winnow-0.7.13\src\token\mod.rs:605:13
    |
605 |             Err(ParserError::from_input(input))
    |             ^^^ not found in this scope
    |
help: consider importing this tuple variant
    |
6   + use core::result::Result::Err;
    |

error[E0405]: cannot find trait `Into` in this scope
   --> C:\Users\john\.cargo\registry\src\index.crates.io-1949cf8c6b5b557f\winnow-0.7.13\src\token\mod.rs:670:23
    |
670 |     occurrences: impl Into<Range>,
    |                       ^^^^ not found in this scope
    |
help: consider importing this trait
    |
6   + use core::convert::Into;
    |

error[E0531]: cannot find tuple struct or tuple variant `Err` in this scope
   --> C:\Users\john\.cargo\registry\src\index.crates.io-1949cf8c6b5b557f\winnow-0.7.13\src\token\mod.rs:809:9
    |
809 |         Err(e) if PARTIAL && i.is_partial() => Err(ParserError::incomplete(i, e)),
    |         ^^^ not found in this scope
    |
help: consider importing this tuple variant
    |
6   + use core::result::Result::Err;
    |

error[E0425]: cannot find function, tuple struct or tuple variant `Err` in this scope
   --> C:\Users\john\.cargo\registry\src\index.crates.io-1949cf8c6b5b557f\winnow-0.7.13\src\token\mod.rs:809:48
    |
809 |         Err(e) if PARTIAL && i.is_partial() => Err(ParserError::incomplete(i, e)),
    |                                                ^^^ not found in this scope
    |
help: consider importing this tuple variant
    |
6   + use core::result::Result::Err;
    |

error[E0531]: cannot find tuple struct or tuple variant `Err` in this scope
   --> C:\Users\john\.cargo\registry\src\index.crates.io-1949cf8c6b5b557f\winnow-0.7.13\src\token\mod.rs:810:9
    |
810 |         Err(_needed) => Err(ParserError::from_input(i)),
    |         ^^^ not found in this scope
    |
help: consider importing this tuple variant
    |
6   + use core::result::Result::Err;
    |

error[E0425]: cannot find function, tuple struct or tuple variant `Err` in this scope
   --> C:\Users\john\.cargo\registry\src\index.crates.io-1949cf8c6b5b557f\winnow-0.7.13\src\token\mod.rs:810:25
    |
810 |         Err(_needed) => Err(ParserError::from_input(i)),
    |                         ^^^ not found in this scope
    |
help: consider importing this tuple variant
    |
6   + use core::result::Result::Err;
    |

error[E0405]: cannot find trait `Clone` in this scope
   --> C:\Users\john\.cargo\registry\src\index.crates.io-1949cf8c6b5b557f\winnow-0.7.13\src\token\mod.rs:915:14
    |
915 |     Literal: Clone,
    |              ^^^^^ not found in this scope
    |
help: consider importing this trait
    |
6   + use core::clone::Clone;
    |

error[E0405]: cannot find trait `Into` in this scope
   --> C:\Users\john\.cargo\registry\src\index.crates.io-1949cf8c6b5b557f\winnow-0.7.13\src\token\mod.rs:910:23
    |
910 |     occurrences: impl Into<Range>,
    |                       ^^^^ not found in this scope
    |
help: consider importing this trait
    |
6   + use core::convert::Into;
    |

error[E0531]: cannot find tuple struct or tuple variant `Some` in this scope
   --> C:\Users\john\.cargo\registry\src\index.crates.io-1949cf8c6b5b557f\winnow-0.7.13\src\token\mod.rs:959:9
    |
959 |         Some(range) => Ok(i.next_slice(range.start)),
    |         ^^^^ not found in this scope
    |
help: consider importing this tuple variant
    |
6   + use core::option::Option::Some;
    |

error[E0425]: cannot find function, tuple struct or tuple variant `Err` in this scope
   --> C:\Users\john\.cargo\registry\src\index.crates.io-1949cf8c6b5b557f\winnow-0.7.13\src\token\mod.rs:960:46
    |
960 |         None if PARTIAL && i.is_partial() => Err(ParserError::incomplete(i, Needed::Unknown)),
    |                                              ^^^ not found in this scope
    |
help: consider importing this tuple variant
    |
6   + use core::result::Result::Err;
    |

error[E0425]: cannot find function, tuple struct or tuple variant `Err` in this scope
   --> C:\Users\john\.cargo\registry\src\index.crates.io-1949cf8c6b5b557f\winnow-0.7.13\src\token\mod.rs:961:17
    |
961 |         None => Err(ParserError::from_input(i)),
    |                 ^^^ not found in this scope
    |
help: consider importing this tuple variant
    |
6   + use core::result::Result::Err;
    |

error[E0425]: cannot find function, tuple struct or tuple variant `Err` in this scope
   --> C:\Users\john\.cargo\registry\src\index.crates.io-1949cf8c6b5b557f\winnow-0.7.13\src\token\mod.rs:974:46
    |
974 |         None if PARTIAL && i.is_partial() => Err(ParserError::incomplete(i, Needed::Unknown)),
    |                                              ^^^ not found in this scope
    |
help: consider importing this tuple variant
    |
6   + use core::result::Result::Err;
    |

error[E0425]: cannot find function, tuple struct or tuple variant `Err` in this scope
   --> C:\Users\john\.cargo\registry\src\index.crates.io-1949cf8c6b5b557f\winnow-0.7.13\src\token\mod.rs:975:17
    |
975 |         None => Err(ParserError::from_input(i)),
    |                 ^^^ not found in this scope
    |
help: consider importing this tuple variant
    |
6   + use core::result::Result::Err;
    |

error[E0531]: cannot find tuple struct or tuple variant `Some` in this scope
   --> C:\Users\john\.cargo\registry\src\index.crates.io-1949cf8c6b5b557f\winnow-0.7.13\src\token\mod.rs:976:9
    |
976 |         Some(range) => {
    |         ^^^^ not found in this scope
    |
help: consider importing this tuple variant
    |
6   + use core::option::Option::Some;
    |

error[E0425]: cannot find function, tuple struct or tuple variant `Err` in this scope
   --> C:\Users\john\.cargo\registry\src\index.crates.io-1949cf8c6b5b557f\winnow-0.7.13\src\token\mod.rs:978:17
    |
978 |                 Err(ParserError::from_input(i))
    |                 ^^^ not found in this scope
    |
help: consider importing this tuple variant
    |
6   + use core::result::Result::Err;
    |

error[E0425]: cannot find function, tuple struct or tuple variant `Err` in this scope
   --> C:\Users\john\.cargo\registry\src\index.crates.io-1949cf8c6b5b557f\winnow-0.7.13\src\token\mod.rs:997:16
    |
997 |         return Err(ParserError::assert(
    |                ^^^ not found in this scope
    |
help: consider importing this tuple variant
    |
6   + use core::result::Result::Err;
    |

error[E0531]: cannot find tuple struct or tuple variant `Some` in this scope
    --> C:\Users\john\.cargo\registry\src\index.crates.io-1949cf8c6b5b557f\winnow-0.7.13\src\token\mod.rs:1004:9
     |
1004 |         Some(range) => {
     |         ^^^^ not found in this scope
     |
help: consider importing this tuple variant
     |
6    + use core::option::Option::Some;
     |

error[E0425]: cannot find function, tuple struct or tuple variant `Err` in this scope
    --> C:\Users\john\.cargo\registry\src\index.crates.io-1949cf8c6b5b557f\winnow-0.7.13\src\token\mod.rs:1009:28
     |
1009 |                     return Err(ParserError::incomplete(i, Needed::Unknown));
     |                            ^^^ not found in this scope
     |
help: consider importing this tuple variant
     |
6    + use core::result::Result::Err;
     |

error[E0425]: cannot find function, tuple struct or tuple variant `Err` in this scope
    --> C:\Users\john\.cargo\registry\src\index.crates.io-1949cf8c6b5b557f\winnow-0.7.13\src\token\mod.rs:1011:28
     |
1011 |                     return Err(ParserError::from_input(i));
     |                            ^^^ not found in this scope
     |
help: consider importing this tuple variant
     |
6    + use core::result::Result::Err;
     |

error[E0425]: cannot find function, tuple struct or tuple variant `Err` in this scope
    --> C:\Users\john\.cargo\registry\src\index.crates.io-1949cf8c6b5b557f\winnow-0.7.13\src\token\mod.rs:1015:24
     |
1015 |                 return Err(ParserError::from_input(i));
     |                        ^^^ not found in this scope
     |
help: consider importing this tuple variant
     |
6    + use core::result::Result::Err;
     |

error[E0425]: cannot find function, tuple struct or tuple variant `Err` in this scope
    --> C:\Users\john\.cargo\registry\src\index.crates.io-1949cf8c6b5b557f\winnow-0.7.13\src\token\mod.rs:1019:46
     |
1019 |         None if PARTIAL && i.is_partial() => Err(ParserError::incomplete(i, Needed::Unknown)),
     |                                              ^^^ not found in this scope
     |
help: consider importing this tuple variant
     |
6    + use core::result::Result::Err;
     |

error[E0425]: cannot find function, tuple struct or tuple variant `Err` in this scope
    --> C:\Users\john\.cargo\registry\src\index.crates.io-1949cf8c6b5b557f\winnow-0.7.13\src\token\mod.rs:1020:17
     |
1020 |         None => Err(ParserError::from_input(i)),
     |                 ^^^ not found in this scope
     |
help: consider importing this tuple variant
     |
6    + use core::result::Result::Err;
     |

error: relaxing a default bound only does something for `?Sized`; all other traits are not bound by default
   --> C:\Users\john\.cargo\registry\src\index.crates.io-1949cf8c6b5b557f\winnow-0.7.13\src\combinator\impls.rs:276:9
    |
276 |     O2: ?Sized,
    |         ^^^^^^

error: relaxing a default bound only does something for `?Sized`; all other traits are not bound by default
   --> C:\Users\john\.cargo\registry\src\index.crates.io-1949cf8c6b5b557f\winnow-0.7.13\src\combinator\impls.rs:293:9
    |
293 |     O2: ?Sized,
    |         ^^^^^^

Some errors have detailed explanations: E0405, E0412, E0425, E0432, E0433, E0463, E0531.
error: could not compile `winnow` (lib) due to 3199 previous errors
error[E0405]: cannot find trait `Copy` in this scope
   --> C:\Users\john\.cargo\registry\src\index.crates.io-1949cf8c6b5b557f\serde-1.0.219\src\de\value.rs:36:32
    |
36  |         impl<$($lifetime,)* E> Copy for $ty<$($lifetime,)* E> {}
    |                                ^^^^ not found in this scope
...
140 | impl_copy_clone!(UnitDeserializer);
    | ---------------------------------- in this macro invocation
    |
    = note: this error originates in the macro `impl_copy_clone` (in Nightly builds, run with -Z macro-backtrace for more info)
help: consider importing this trait
    |
24  + use core::marker::Copy;
    |

error[E0405]: cannot find trait `Clone` in this scope
   --> C:\Users\john\.cargo\registry\src\index.crates.io-1949cf8c6b5b557f\serde-1.0.219\src\de\value.rs:38:32
    |
38  |         impl<$($lifetime,)* E> Clone for $ty<$($lifetime,)* E> {
    |                                ^^^^^ not found in this scope
...
140 | impl_copy_clone!(UnitDeserializer);
    | ---------------------------------- in this macro invocation
    |
    = note: this error originates in the macro `impl_copy_clone` (in Nightly builds, run with -Z macro-backtrace for more info)
help: consider importing this trait
    |
24  + use core::clone::Clone;
    |

error[E0412]: cannot find type `Result` in this scope
   --> C:\Users\john\.cargo\registry\src\index.crates.io-1949cf8c6b5b557f\serde-1.0.219\src\de\value.rs:163:48
    |
163 |     fn deserialize_any<V>(self, visitor: V) -> Result<V::Value, Self::Error>
    |                                                ^^^^^^ not found in this scope
    |
help: consider importing one of these items
    |
24  + use core::fmt::Result;
    |
24  + use core::result::Result;
    |

error[E0412]: cannot find type `Result` in this scope
   --> C:\Users\john\.cargo\registry\src\index.crates.io-1949cf8c6b5b557f\serde-1.0.219\src\de\value.rs:170:51
    |
170 |     fn deserialize_option<V>(self, visitor: V) -> Result<V::Value, Self::Error>
    |                                                   ^^^^^^ not found in this scope
    |
help: consider importing one of these items
    |
24  + use core::fmt::Result;
    |
24  + use core::result::Result;
    |

error[E0405]: cannot find trait `Copy` in this scope
   --> C:\Users\john\.cargo\registry\src\index.crates.io-1949cf8c6b5b557f\serde-1.0.219\src\de\value.rs:36:32
    |
36  |         impl<$($lifetime,)* E> Copy for $ty<$($lifetime,)* E> {}
    |                                ^^^^ not found in this scope
...
327 | primitive_deserializer!(bool, "a `bool`.", BoolDeserializer, visit_bool);
    | ------------------------------------------------------------------------ in this macro invocation
    |
    = note: this error originates in the macro `impl_copy_clone` which comes from the expansion of the macro `primitive_deserializer` (in Nightly builds, run with -Z macro-backtrace for more info)
help: consider importing this trait
    |
24  + use core::marker::Copy;
    |

error[E0405]: cannot find trait `Clone` in this scope
   --> C:\Users\john\.cargo\registry\src\index.crates.io-1949cf8c6b5b557f\serde-1.0.219\src\de\value.rs:38:32
    |
38  |         impl<$($lifetime,)* E> Clone for $ty<$($lifetime,)* E> {
    |                                ^^^^^ not found in this scope
...
327 | primitive_deserializer!(bool, "a `bool`.", BoolDeserializer, visit_bool);
    | ------------------------------------------------------------------------ in this macro invocation
    |
    = note: this error originates in the macro `impl_copy_clone` which comes from the expansion of the macro `primitive_deserializer` (in Nightly builds, run with -Z macro-backtrace for more info)
help: consider importing this trait
    |
24  + use core::clone::Clone;
    |

error[E0412]: cannot find type `Result` in this scope
   --> C:\Users\john\.cargo\registry\src\index.crates.io-1949cf8c6b5b557f\serde-1.0.219\src\de\value.rs:297:56
    |
297 |             fn deserialize_any<V>(self, visitor: V) -> Result<V::Value, Self::Error>
    |                                                        ^^^^^^ not found in this scope
...
327 | primitive_deserializer!(bool, "a `bool`.", BoolDeserializer, visit_bool);
    | ------------------------------------------------------------------------ in this macro invocation
    |
    = note: this error originates in the macro `primitive_deserializer` (in Nightly builds, run with -Z macro-backtrace for more info)
help: consider importing one of these items
    |
24  + use core::fmt::Result;
    |
24  + use core::result::Result;
    |

error[E0405]: cannot find trait `Copy` in this scope
   --> C:\Users\john\.cargo\registry\src\index.crates.io-1949cf8c6b5b557f\serde-1.0.219\src\de\value.rs:36:32
    |
36  |         impl<$($lifetime,)* E> Copy for $ty<$($lifetime,)* E> {}
    |                                ^^^^ not found in this scope
...
328 | primitive_deserializer!(i8, "an `i8`.", I8Deserializer, visit_i8);
    | ----------------------------------------------------------------- in this macro invocation
    |
    = note: this error originates in the macro `impl_copy_clone` which comes from the expansion of the macro `primitive_deserializer` (in Nightly builds, run with -Z macro-backtrace for more info)
help: consider importing this trait
    |
24  + use core::marker::Copy;
    |

error[E0405]: cannot find trait `Clone` in this scope
   --> C:\Users\john\.cargo\registry\src\index.crates.io-1949cf8c6b5b557f\serde-1.0.219\src\de\value.rs:38:32
    |
38  |         impl<$($lifetime,)* E> Clone for $ty<$($lifetime,)* E> {
    |                                ^^^^^ not found in this scope
...
328 | primitive_deserializer!(i8, "an `i8`.", I8Deserializer, visit_i8);
    | ----------------------------------------------------------------- in this macro invocation
    |
    = note: this error originates in the macro `impl_copy_clone` which comes from the expansion of the macro `primitive_deserializer` (in Nightly builds, run with -Z macro-backtrace for more info)
help: consider importing this trait
    |
24  + use core::clone::Clone;
    |

error[E0412]: cannot find type `Result` in this scope
   --> C:\Users\john\.cargo\registry\src\index.crates.io-1949cf8c6b5b557f\serde-1.0.219\src\de\value.rs:297:56
    |
297 |             fn deserialize_any<V>(self, visitor: V) -> Result<V::Value, Self::Error>
    |                                                        ^^^^^^ not found in this scope
...
328 | primitive_deserializer!(i8, "an `i8`.", I8Deserializer, visit_i8);
    | ----------------------------------------------------------------- in this macro invocation
    |
    = note: this error originates in the macro `primitive_deserializer` (in Nightly builds, run with -Z macro-backtrace for more info)
help: consider importing one of these items
    |
24  + use core::fmt::Result;
    |
24  + use core::result::Result;
    |

error[E0405]: cannot find trait `Copy` in this scope
   --> C:\Users\john\.cargo\registry\src\index.crates.io-1949cf8c6b5b557f\serde-1.0.219\src\de\value.rs:36:32
    |
36  |         impl<$($lifetime,)* E> Copy for $ty<$($lifetime,)* E> {}
    |                                ^^^^ not found in this scope
...
329 | primitive_deserializer!(i16, "an `i16`.", I16Deserializer, visit_i16);
    | --------------------------------------------------------------------- in this macro invocation
    |
    = note: this error originates in the macro `impl_copy_clone` which comes from the expansion of the macro `primitive_deserializer` (in Nightly builds, run with -Z macro-backtrace for more info)
help: consider importing this trait
    |
24  + use core::marker::Copy;
    |

error[E0405]: cannot find trait `Clone` in this scope
   --> C:\Users\john\.cargo\registry\src\index.crates.io-1949cf8c6b5b557f\serde-1.0.219\src\de\value.rs:38:32
    |
38  |         impl<$($lifetime,)* E> Clone for $ty<$($lifetime,)* E> {
    |                                ^^^^^ not found in this scope
...
329 | primitive_deserializer!(i16, "an `i16`.", I16Deserializer, visit_i16);
    | --------------------------------------------------------------------- in this macro invocation
    |
    = note: this error originates in the macro `impl_copy_clone` which comes from the expansion of the macro `primitive_deserializer` (in Nightly builds, run with -Z macro-backtrace for more info)
help: consider importing this trait
    |
24  + use core::clone::Clone;
    |

error[E0412]: cannot find type `Result` in this scope
   --> C:\Users\john\.cargo\registry\src\index.crates.io-1949cf8c6b5b557f\serde-1.0.219\src\de\value.rs:297:56
    |
297 |             fn deserialize_any<V>(self, visitor: V) -> Result<V::Value, Self::Error>
    |                                                        ^^^^^^ not found in this scope
...
329 | primitive_deserializer!(i16, "an `i16`.", I16Deserializer, visit_i16);
    | --------------------------------------------------------------------- in this macro invocation
    |
    = note: this error originates in the macro `primitive_deserializer` (in Nightly builds, run with -Z macro-backtrace for more info)
help: consider importing one of these items
    |
24  + use core::fmt::Result;
    |
24  + use core::result::Result;
    |

error[E0405]: cannot find trait `Copy` in this scope
   --> C:\Users\john\.cargo\registry\src\index.crates.io-1949cf8c6b5b557f\serde-1.0.219\src\de\value.rs:36:32
    |
36  |         impl<$($lifetime,)* E> Copy for $ty<$($lifetime,)* E> {}
    |                                ^^^^ not found in this scope
...
330 | primitive_deserializer!(i32, "an `i32`.", I32Deserializer, visit_i32);
    | --------------------------------------------------------------------- in this macro invocation
    |
    = note: this error originates in the macro `impl_copy_clone` which comes from the expansion of the macro `primitive_deserializer` (in Nightly builds, run with -Z macro-backtrace for more info)
help: consider importing this trait
    |
24  + use core::marker::Copy;
    |

error[E0405]: cannot find trait `Clone` in this scope
   --> C:\Users\john\.cargo\registry\src\index.crates.io-1949cf8c6b5b557f\serde-1.0.219\src\de\value.rs:38:32
    |
38  |         impl<$($lifetime,)* E> Clone for $ty<$($lifetime,)* E> {
    |                                ^^^^^ not found in this scope
...
330 | primitive_deserializer!(i32, "an `i32`.", I32Deserializer, visit_i32);
    | --------------------------------------------------------------------- in this macro invocation
    |
    = note: this error originates in the macro `impl_copy_clone` which comes from the expansion of the macro `primitive_deserializer` (in Nightly builds, run with -Z macro-backtrace for more info)
help: consider importing this trait
    |
24  + use core::clone::Clone;
    |

error[E0412]: cannot find type `Result` in this scope
   --> C:\Users\john\.cargo\registry\src\index.crates.io-1949cf8c6b5b557f\serde-1.0.219\src\de\value.rs:297:56
    |
297 |             fn deserialize_any<V>(self, visitor: V) -> Result<V::Value, Self::Error>
    |                                                        ^^^^^^ not found in this scope
...
330 | primitive_deserializer!(i32, "an `i32`.", I32Deserializer, visit_i32);
    | --------------------------------------------------------------------- in this macro invocation
    |
    = note: this error originates in the macro `primitive_deserializer` (in Nightly builds, run with -Z macro-backtrace for more info)
help: consider importing one of these items
    |
24  + use core::fmt::Result;
    |
24  + use core::result::Result;
    |

error[E0405]: cannot find trait `Copy` in this scope
   --> C:\Users\john\.cargo\registry\src\index.crates.io-1949cf8c6b5b557f\serde-1.0.219\src\de\value.rs:36:32
    |
36  |         impl<$($lifetime,)* E> Copy for $ty<$($lifetime,)* E> {}
    |                                ^^^^ not found in this scope
...
331 | primitive_deserializer!(i64, "an `i64`.", I64Deserializer, visit_i64);
    | --------------------------------------------------------------------- in this macro invocation
    |
    = note: this error originates in the macro `impl_copy_clone` which comes from the expansion of the macro `primitive_deserializer` (in Nightly builds, run with -Z macro-backtrace for more info)
help: consider importing this trait
    |
24  + use core::marker::Copy;
    |

error[E0405]: cannot find trait `Clone` in this scope
   --> C:\Users\john\.cargo\registry\src\index.crates.io-1949cf8c6b5b557f\serde-1.0.219\src\de\value.rs:38:32
    |
38  |         impl<$($lifetime,)* E> Clone for $ty<$($lifetime,)* E> {
    |                                ^^^^^ not found in this scope
...
331 | primitive_deserializer!(i64, "an `i64`.", I64Deserializer, visit_i64);
    | --------------------------------------------------------------------- in this macro invocation
    |
    = note: this error originates in the macro `impl_copy_clone` which comes from the expansion of the macro `primitive_deserializer` (in Nightly builds, run with -Z macro-backtrace for more info)
help: consider importing this trait
    |
24  + use core::clone::Clone;
    |

error[E0412]: cannot find type `Result` in this scope
   --> C:\Users\john\.cargo\registry\src\index.crates.io-1949cf8c6b5b557f\serde-1.0.219\src\de\value.rs:297:56
    |
297 |             fn deserialize_any<V>(self, visitor: V) -> Result<V::Value, Self::Error>
    |                                                        ^^^^^^ not found in this scope
...
331 | primitive_deserializer!(i64, "an `i64`.", I64Deserializer, visit_i64);
    | --------------------------------------------------------------------- in this macro invocation
    |
    = note: this error originates in the macro `primitive_deserializer` (in Nightly builds, run with -Z macro-backtrace for more info)
help: consider importing one of these items
    |
24  + use core::fmt::Result;
    |
24  + use core::result::Result;
    |

error[E0405]: cannot find trait `Copy` in this scope
   --> C:\Users\john\.cargo\registry\src\index.crates.io-1949cf8c6b5b557f\serde-1.0.219\src\de\value.rs:36:32
    |
36  |         impl<$($lifetime,)* E> Copy for $ty<$($lifetime,)* E> {}
    |                                ^^^^ not found in this scope
...
332 | primitive_deserializer!(i128, "an `i128`.", I128Deserializer, visit_i128);
    | ------------------------------------------------------------------------- in this macro invocation
    |
    = note: this error originates in the macro `impl_copy_clone` which comes from the expansion of the macro `primitive_deserializer` (in Nightly builds, run with -Z macro-backtrace for more info)
help: consider importing this trait
    |
24  + use core::marker::Copy;
    |

error[E0405]: cannot find trait `Clone` in this scope
   --> C:\Users\john\.cargo\registry\src\index.crates.io-1949cf8c6b5b557f\serde-1.0.219\src\de\value.rs:38:32
    |
38  |         impl<$($lifetime,)* E> Clone for $ty<$($lifetime,)* E> {
    |                                ^^^^^ not found in this scope
...
332 | primitive_deserializer!(i128, "an `i128`.", I128Deserializer, visit_i128);
    | ------------------------------------------------------------------------- in this macro invocation
    |
    = note: this error originates in the macro `impl_copy_clone` which comes from the expansion of the macro `primitive_deserializer` (in Nightly builds, run with -Z macro-backtrace for more info)
help: consider importing this trait
    |
24  + use core::clone::Clone;
    |

error[E0412]: cannot find type `Result` in this scope
   --> C:\Users\john\.cargo\registry\src\index.crates.io-1949cf8c6b5b557f\serde-1.0.219\src\de\value.rs:297:56
    |
297 |             fn deserialize_any<V>(self, visitor: V) -> Result<V::Value, Self::Error>
    |                                                        ^^^^^^ not found in this scope
...
332 | primitive_deserializer!(i128, "an `i128`.", I128Deserializer, visit_i128);
    | ------------------------------------------------------------------------- in this macro invocation
    |
    = note: this error originates in the macro `primitive_deserializer` (in Nightly builds, run with -Z macro-backtrace for more info)
help: consider importing one of these items
    |
24  + use core::fmt::Result;
    |
24  + use core::result::Result;
    |

error[E0405]: cannot find trait `Copy` in this scope
   --> C:\Users\john\.cargo\registry\src\index.crates.io-1949cf8c6b5b557f\serde-1.0.219\src\de\value.rs:36:32
    |
36  |         impl<$($lifetime,)* E> Copy for $ty<$($lifetime,)* E> {}
    |                                ^^^^ not found in this scope
...
333 | primitive_deserializer!(isize, "an `isize`.", IsizeDeserializer, visit_i64 as i64);
    | ---------------------------------------------------------------------------------- in this macro invocation
    |
    = note: this error originates in the macro `impl_copy_clone` which comes from the expansion of the macro `primitive_deserializer` (in Nightly builds, run with -Z macro-backtrace for more info)
help: consider importing this trait
    |
24  + use core::marker::Copy;
    |

error[E0405]: cannot find trait `Clone` in this scope
   --> C:\Users\john\.cargo\registry\src\index.crates.io-1949cf8c6b5b557f\serde-1.0.219\src\de\value.rs:38:32
    |
38  |         impl<$($lifetime,)* E> Clone for $ty<$($lifetime,)* E> {
    |                                ^^^^^ not found in this scope
...
333 | primitive_deserializer!(isize, "an `isize`.", IsizeDeserializer, visit_i64 as i64);
    | ---------------------------------------------------------------------------------- in this macro invocation
    |
    = note: this error originates in the macro `impl_copy_clone` which comes from the expansion of the macro `primitive_deserializer` (in Nightly builds, run with -Z macro-backtrace for more info)
help: consider importing this trait
    |
24  + use core::clone::Clone;
    |

error[E0412]: cannot find type `Result` in this scope
   --> C:\Users\john\.cargo\registry\src\index.crates.io-1949cf8c6b5b557f\serde-1.0.219\src\de\value.rs:297:56
    |
297 |             fn deserialize_any<V>(self, visitor: V) -> Result<V::Value, Self::Error>
    |                                                        ^^^^^^ not found in this scope
...
333 | primitive_deserializer!(isize, "an `isize`.", IsizeDeserializer, visit_i64 as i64);
    | ---------------------------------------------------------------------------------- in this macro invocation
    |
    = note: this error originates in the macro `primitive_deserializer` (in Nightly builds, run with -Z macro-backtrace for more info)
help: consider importing one of these items
    |
24  + use core::fmt::Result;
    |
24  + use core::result::Result;
    |

error[E0405]: cannot find trait `Copy` in this scope
   --> C:\Users\john\.cargo\registry\src\index.crates.io-1949cf8c6b5b557f\serde-1.0.219\src\de\value.rs:36:32
    |
36  |         impl<$($lifetime,)* E> Copy for $ty<$($lifetime,)* E> {}
    |                                ^^^^ not found in this scope
...
334 | primitive_deserializer!(u8, "a `u8`.", U8Deserializer, visit_u8);
    | ---------------------------------------------------------------- in this macro invocation
    |
    = note: this error originates in the macro `impl_copy_clone` which comes from the expansion of the macro `primitive_deserializer` (in Nightly builds, run with -Z macro-backtrace for more info)
help: consider importing this trait
    |
24  + use core::marker::Copy;
    |

error[E0405]: cannot find trait `Clone` in this scope
   --> C:\Users\john\.cargo\registry\src\index.crates.io-1949cf8c6b5b557f\serde-1.0.219\src\de\value.rs:38:32
    |
38  |         impl<$($lifetime,)* E> Clone for $ty<$($lifetime,)* E> {
    |                                ^^^^^ not found in this scope
...
334 | primitive_deserializer!(u8, "a `u8`.", U8Deserializer, visit_u8);
    | ---------------------------------------------------------------- in this macro invocation
    |
    = note: this error originates in the macro `impl_copy_clone` which comes from the expansion of the macro `primitive_deserializer` (in Nightly builds, run with -Z macro-backtrace for more info)
help: consider importing this trait
    |
24  + use core::clone::Clone;
    |

error[E0412]: cannot find type `Result` in this scope
   --> C:\Users\john\.cargo\registry\src\index.crates.io-1949cf8c6b5b557f\serde-1.0.219\src\de\value.rs:297:56
    |
297 |             fn deserialize_any<V>(self, visitor: V) -> Result<V::Value, Self::Error>
    |                                                        ^^^^^^ not found in this scope
...
334 | primitive_deserializer!(u8, "a `u8`.", U8Deserializer, visit_u8);
    | ---------------------------------------------------------------- in this macro invocation
    |
    = note: this error originates in the macro `primitive_deserializer` (in Nightly builds, run with -Z macro-backtrace for more info)
help: consider importing one of these items
    |
24  + use core::fmt::Result;
    |
24  + use core::result::Result;
    |

error[E0405]: cannot find trait `Copy` in this scope
   --> C:\Users\john\.cargo\registry\src\index.crates.io-1949cf8c6b5b557f\serde-1.0.219\src\de\value.rs:36:32
    |
36  |         impl<$($lifetime,)* E> Copy for $ty<$($lifetime,)* E> {}
    |                                ^^^^ not found in this scope
...
335 | primitive_deserializer!(u16, "a `u16`.", U16Deserializer, visit_u16);
    | -------------------------------------------------------------------- in this macro invocation
    |
    = note: this error originates in the macro `impl_copy_clone` which comes from the expansion of the macro `primitive_deserializer` (in Nightly builds, run with -Z macro-backtrace for more info)
help: consider importing this trait
    |
24  + use core::marker::Copy;
    |

error[E0405]: cannot find trait `Clone` in this scope
   --> C:\Users\john\.cargo\registry\src\index.crates.io-1949cf8c6b5b557f\serde-1.0.219\src\de\value.rs:38:32
    |
38  |         impl<$($lifetime,)* E> Clone for $ty<$($lifetime,)* E> {
    |                                ^^^^^ not found in this scope
...
335 | primitive_deserializer!(u16, "a `u16`.", U16Deserializer, visit_u16);
    | -------------------------------------------------------------------- in this macro invocation
    |
    = note: this error originates in the macro `impl_copy_clone` which comes from the expansion of the macro `primitive_deserializer` (in Nightly builds, run with -Z macro-backtrace for more info)
help: consider importing this trait
    |
24  + use core::clone::Clone;
    |

error[E0412]: cannot find type `Result` in this scope
   --> C:\Users\john\.cargo\registry\src\index.crates.io-1949cf8c6b5b557f\serde-1.0.219\src\de\value.rs:297:56
    |
297 |             fn deserialize_any<V>(self, visitor: V) -> Result<V::Value, Self::Error>
    |                                                        ^^^^^^ not found in this scope
...
335 | primitive_deserializer!(u16, "a `u16`.", U16Deserializer, visit_u16);
    | -------------------------------------------------------------------- in this macro invocation
    |
    = note: this error originates in the macro `primitive_deserializer` (in Nightly builds, run with -Z macro-backtrace for more info)
help: consider importing one of these items
    |
24  + use core::fmt::Result;
    |
24  + use core::result::Result;
    |

error[E0405]: cannot find trait `Copy` in this scope
   --> C:\Users\john\.cargo\registry\src\index.crates.io-1949cf8c6b5b557f\serde-1.0.219\src\de\value.rs:36:32
    |
36  |         impl<$($lifetime,)* E> Copy for $ty<$($lifetime,)* E> {}
    |                                ^^^^ not found in this scope
...
336 | primitive_deserializer!(u64, "a `u64`.", U64Deserializer, visit_u64);
    | -------------------------------------------------------------------- in this macro invocation
    |
    = note: this error originates in the macro `impl_copy_clone` which comes from the expansion of the macro `primitive_deserializer` (in Nightly builds, run with -Z macro-backtrace for more info)
help: consider importing this trait
    |
24  + use core::marker::Copy;
    |

error[E0405]: cannot find trait `Clone` in this scope
   --> C:\Users\john\.cargo\registry\src\index.crates.io-1949cf8c6b5b557f\serde-1.0.219\src\de\value.rs:38:32
    |
38  |         impl<$($lifetime,)* E> Clone for $ty<$($lifetime,)* E> {
    |                                ^^^^^ not found in this scope
...
336 | primitive_deserializer!(u64, "a `u64`.", U64Deserializer, visit_u64);
    | -------------------------------------------------------------------- in this macro invocation
    |
    = note: this error originates in the macro `impl_copy_clone` which comes from the expansion of the macro `primitive_deserializer` (in Nightly builds, run with -Z macro-backtrace for more info)
help: consider importing this trait
    |
24  + use core::clone::Clone;
    |

error[E0412]: cannot find type `Result` in this scope
   --> C:\Users\john\.cargo\registry\src\index.crates.io-1949cf8c6b5b557f\serde-1.0.219\src\de\value.rs:297:56
    |
297 |             fn deserialize_any<V>(self, visitor: V) -> Result<V::Value, Self::Error>
    |                                                        ^^^^^^ not found in this scope
...
336 | primitive_deserializer!(u64, "a `u64`.", U64Deserializer, visit_u64);
    | -------------------------------------------------------------------- in this macro invocation
    |
    = note: this error originates in the macro `primitive_deserializer` (in Nightly builds, run with -Z macro-backtrace for more info)
help: consider importing one of these items
    |
24  + use core::fmt::Result;
    |
24  + use core::result::Result;
    |

error[E0405]: cannot find trait `Copy` in this scope
   --> C:\Users\john\.cargo\registry\src\index.crates.io-1949cf8c6b5b557f\serde-1.0.219\src\de\value.rs:36:32
    |
36  |         impl<$($lifetime,)* E> Copy for $ty<$($lifetime,)* E> {}
    |                                ^^^^ not found in this scope
...
337 | primitive_deserializer!(u128, "a `u128`.", U128Deserializer, visit_u128);
    | ------------------------------------------------------------------------ in this macro invocation
    |
    = note: this error originates in the macro `impl_copy_clone` which comes from the expansion of the macro `primitive_deserializer` (in Nightly builds, run with -Z macro-backtrace for more info)
help: consider importing this trait
    |
24  + use core::marker::Copy;
    |

error[E0405]: cannot find trait `Clone` in this scope
   --> C:\Users\john\.cargo\registry\src\index.crates.io-1949cf8c6b5b557f\serde-1.0.219\src\de\value.rs:38:32
    |
38  |         impl<$($lifetime,)* E> Clone for $ty<$($lifetime,)* E> {
    |                                ^^^^^ not found in this scope
...
337 | primitive_deserializer!(u128, "a `u128`.", U128Deserializer, visit_u128);
    | ------------------------------------------------------------------------ in this macro invocation
    |
    = note: this error originates in the macro `impl_copy_clone` which comes from the expansion of the macro `primitive_deserializer` (in Nightly builds, run with -Z macro-backtrace for more info)
help: consider importing this trait
    |
24  + use core::clone::Clone;
    |

error[E0412]: cannot find type `Result` in this scope
   --> C:\Users\john\.cargo\registry\src\index.crates.io-1949cf8c6b5b557f\serde-1.0.219\src\de\value.rs:297:56
    |
297 |             fn deserialize_any<V>(self, visitor: V) -> Result<V::Value, Self::Error>
    |                                                        ^^^^^^ not found in this scope
...
337 | primitive_deserializer!(u128, "a `u128`.", U128Deserializer, visit_u128);
    | ------------------------------------------------------------------------ in this macro invocation
    |
    = note: this error originates in the macro `primitive_deserializer` (in Nightly builds, run with -Z macro-backtrace for more info)
help: consider importing one of these items
    |
24  + use core::fmt::Result;
    |
24  + use core::result::Result;
    |

error[E0405]: cannot find trait `Copy` in this scope
   --> C:\Users\john\.cargo\registry\src\index.crates.io-1949cf8c6b5b557f\serde-1.0.219\src\de\value.rs:36:32
    |
36  |         impl<$($lifetime,)* E> Copy for $ty<$($lifetime,)* E> {}
    |                                ^^^^ not found in this scope
...
338 | primitive_deserializer!(usize, "a `usize`.", UsizeDeserializer, visit_u64 as u64);
    | --------------------------------------------------------------------------------- in this macro invocation
    |
    = note: this error originates in the macro `impl_copy_clone` which comes from the expansion of the macro `primitive_deserializer` (in Nightly builds, run with -Z macro-backtrace for more info)
help: consider importing this trait
    |
24  + use core::marker::Copy;
    |

error[E0405]: cannot find trait `Clone` in this scope
   --> C:\Users\john\.cargo\registry\src\index.crates.io-1949cf8c6b5b557f\serde-1.0.219\src\de\value.rs:38:32
    |
38  |         impl<$($lifetime,)* E> Clone for $ty<$($lifetime,)* E> {
    |                                ^^^^^ not found in this scope
...
338 | primitive_deserializer!(usize, "a `usize`.", UsizeDeserializer, visit_u64 as u64);
    | --------------------------------------------------------------------------------- in this macro invocation
    |
    = note: this error originates in the macro `impl_copy_clone` which comes from the expansion of the macro `primitive_deserializer` (in Nightly builds, run with -Z macro-backtrace for more info)
help: consider importing this trait
    |
24  + use core::clone::Clone;
    |

error[E0412]: cannot find type `Result` in this scope
   --> C:\Users\john\.cargo\registry\src\index.crates.io-1949cf8c6b5b557f\serde-1.0.219\src\de\value.rs:297:56
    |
297 |             fn deserialize_any<V>(self, visitor: V) -> Result<V::Value, Self::Error>
    |                                                        ^^^^^^ not found in this scope
...
338 | primitive_deserializer!(usize, "a `usize`.", UsizeDeserializer, visit_u64 as u64);
    | --------------------------------------------------------------------------------- in this macro invocation
    |
    = note: this error originates in the macro `primitive_deserializer` (in Nightly builds, run with -Z macro-backtrace for more info)
help: consider importing one of these items
    |
24  + use core::fmt::Result;
    |
24  + use core::result::Result;
    |

error[E0405]: cannot find trait `Copy` in this scope
   --> C:\Users\john\.cargo\registry\src\index.crates.io-1949cf8c6b5b557f\serde-1.0.219\src\de\value.rs:36:32
    |
36  |         impl<$($lifetime,)* E> Copy for $ty<$($lifetime,)* E> {}
    |                                ^^^^ not found in this scope
...
339 | primitive_deserializer!(f32, "an `f32`.", F32Deserializer, visit_f32);
    | --------------------------------------------------------------------- in this macro invocation
    |
    = note: this error originates in the macro `impl_copy_clone` which comes from the expansion of the macro `primitive_deserializer` (in Nightly builds, run with -Z macro-backtrace for more info)
help: consider importing this trait
    |
24  + use core::marker::Copy;
    |

error[E0405]: cannot find trait `Clone` in this scope
   --> C:\Users\john\.cargo\registry\src\index.crates.io-1949cf8c6b5b557f\serde-1.0.219\src\de\value.rs:38:32
    |
38  |         impl<$($lifetime,)* E> Clone for $ty<$($lifetime,)* E> {
    |                                ^^^^^ not found in this scope
...
339 | primitive_deserializer!(f32, "an `f32`.", F32Deserializer, visit_f32);
    | --------------------------------------------------------------------- in this macro invocation
    |
    = note: this error originates in the macro `impl_copy_clone` which comes from the expansion of the macro `primitive_deserializer` (in Nightly builds, run with -Z macro-backtrace for more info)
help: consider importing this trait
    |
24  + use core::clone::Clone;
    |

error[E0412]: cannot find type `Result` in this scope
   --> C:\Users\john\.cargo\registry\src\index.crates.io-1949cf8c6b5b557f\serde-1.0.219\src\de\value.rs:297:56
    |
297 |             fn deserialize_any<V>(self, visitor: V) -> Result<V::Value, Self::Error>
    |                                                        ^^^^^^ not found in this scope
...
339 | primitive_deserializer!(f32, "an `f32`.", F32Deserializer, visit_f32);
    | --------------------------------------------------------------------- in this macro invocation
    |
    = note: this error originates in the macro `primitive_deserializer` (in Nightly builds, run with -Z macro-backtrace for more info)
help: consider importing one of these items
    |
24  + use core::fmt::Result;
    |
24  + use core::result::Result;
    |

error[E0405]: cannot find trait `Copy` in this scope
   --> C:\Users\john\.cargo\registry\src\index.crates.io-1949cf8c6b5b557f\serde-1.0.219\src\de\value.rs:36:32
    |
36  |         impl<$($lifetime,)* E> Copy for $ty<$($lifetime,)* E> {}
    |                                ^^^^ not found in this scope
...
340 | primitive_deserializer!(f64, "an `f64`.", F64Deserializer, visit_f64);
    | --------------------------------------------------------------------- in this macro invocation
    |
    = note: this error originates in the macro `impl_copy_clone` which comes from the expansion of the macro `primitive_deserializer` (in Nightly builds, run with -Z macro-backtrace for more info)
help: consider importing this trait
    |
24  + use core::marker::Copy;
    |

error[E0405]: cannot find trait `Clone` in this scope
   --> C:\Users\john\.cargo\registry\src\index.crates.io-1949cf8c6b5b557f\serde-1.0.219\src\de\value.rs:38:32
    |
38  |         impl<$($lifetime,)* E> Clone for $ty<$($lifetime,)* E> {
    |                                ^^^^^ not found in this scope
...
340 | primitive_deserializer!(f64, "an `f64`.", F64Deserializer, visit_f64);
    | --------------------------------------------------------------------- in this macro invocation
    |
    = note: this error originates in the macro `impl_copy_clone` which comes from the expansion of the macro `primitive_deserializer` (in Nightly builds, run with -Z macro-backtrace for more info)
help: consider importing this trait
    |
24  + use core::clone::Clone;
    |

error[E0412]: cannot find type `Result` in this scope
   --> C:\Users\john\.cargo\registry\src\index.crates.io-1949cf8c6b5b557f\serde-1.0.219\src\de\value.rs:297:56
    |
297 |             fn deserialize_any<V>(self, visitor: V) -> Result<V::Value, Self::Error>
    |                                                        ^^^^^^ not found in this scope
...
340 | primitive_deserializer!(f64, "an `f64`.", F64Deserializer, visit_f64);
    | --------------------------------------------------------------------- in this macro invocation
    |
    = note: this error originates in the macro `primitive_deserializer` (in Nightly builds, run with -Z macro-backtrace for more info)
help: consider importing one of these items
    |
24  + use core::fmt::Result;
    |
24  + use core::result::Result;
    |

error[E0405]: cannot find trait `Copy` in this scope
   --> C:\Users\john\.cargo\registry\src\index.crates.io-1949cf8c6b5b557f\serde-1.0.219\src\de\value.rs:36:32
    |
36  |         impl<$($lifetime,)* E> Copy for $ty<$($lifetime,)* E> {}
    |                                ^^^^ not found in this scope
...
341 | primitive_deserializer!(char, "a `char`.", CharDeserializer, visit_char);
    | ------------------------------------------------------------------------ in this macro invocation
    |
    = note: this error originates in the macro `impl_copy_clone` which comes from the expansion of the macro `primitive_deserializer` (in Nightly builds, run with -Z macro-backtrace for more info)
help: consider importing this trait
    |
24  + use core::marker::Copy;
    |

error[E0405]: cannot find trait `Clone` in this scope
   --> C:\Users\john\.cargo\registry\src\index.crates.io-1949cf8c6b5b557f\serde-1.0.219\src\de\value.rs:38:32
    |
38  |         impl<$($lifetime,)* E> Clone for $ty<$($lifetime,)* E> {
    |                                ^^^^^ not found in this scope
...
341 | primitive_deserializer!(char, "a `char`.", CharDeserializer, visit_char);
    | ------------------------------------------------------------------------ in this macro invocation
    |
    = note: this error originates in the macro `impl_copy_clone` which comes from the expansion of the macro `primitive_deserializer` (in Nightly builds, run with -Z macro-backtrace for more info)
help: consider importing this trait
    |
24  + use core::clone::Clone;
    |

error[E0412]: cannot find type `Result` in this scope
   --> C:\Users\john\.cargo\registry\src\index.crates.io-1949cf8c6b5b557f\serde-1.0.219\src\de\value.rs:297:56
    |
297 |             fn deserialize_any<V>(self, visitor: V) -> Result<V::Value, Self::Error>
    |                                                        ^^^^^^ not found in this scope
...
341 | primitive_deserializer!(char, "a `char`.", CharDeserializer, visit_char);
    | ------------------------------------------------------------------------ in this macro invocation
    |
    = note: this error originates in the macro `primitive_deserializer` (in Nightly builds, run with -Z macro-backtrace for more info)
help: consider importing one of these items
    |
24  + use core::fmt::Result;
    |
24  + use core::result::Result;
    |

error[E0405]: cannot find trait `Copy` in this scope
   --> C:\Users\john\.cargo\registry\src\index.crates.io-1949cf8c6b5b557f\serde-1.0.219\src\de\value.rs:36:32
    |
36  |         impl<$($lifetime,)* E> Copy for $ty<$($lifetime,)* E> {}
    |                                ^^^^ not found in this scope
...
349 | impl_copy_clone!(U32Deserializer);
    | --------------------------------- in this macro invocation
    |
    = note: this error originates in the macro `impl_copy_clone` (in Nightly builds, run with -Z macro-backtrace for more info)
help: consider importing this trait
    |
24  + use core::marker::Copy;
    |

error[E0405]: cannot find trait `Clone` in this scope
   --> C:\Users\john\.cargo\registry\src\index.crates.io-1949cf8c6b5b557f\serde-1.0.219\src\de\value.rs:38:32
    |
38  |         impl<$($lifetime,)* E> Clone for $ty<$($lifetime,)* E> {
    |                                ^^^^^ not found in this scope
...
349 | impl_copy_clone!(U32Deserializer);
    | --------------------------------- in this macro invocation
    |
    = note: this error originates in the macro `impl_copy_clone` (in Nightly builds, run with -Z macro-backtrace for more info)
help: consider importing this trait
    |
24  + use core::clone::Clone;
    |

error[E0412]: cannot find type `Result` in this scope
   --> C:\Users\john\.cargo\registry\src\index.crates.io-1949cf8c6b5b557f\serde-1.0.219\src\de\value.rs:384:48
    |
384 |     fn deserialize_any<V>(self, visitor: V) -> Result<V::Value, Self::Error>
    |                                                ^^^^^^ not found in this scope
    |
help: consider importing one of these items
    |
24  + use core::fmt::Result;
    |
24  + use core::result::Result;
    |

error[E0412]: cannot find type `Result` in this scope
   --> C:\Users\john\.cargo\registry\src\index.crates.io-1949cf8c6b5b557f\serde-1.0.219\src\de\value.rs:396:10
    |
396 |     ) -> Result<V::Value, Self::Error>
    |          ^^^^^^ not found in this scope
    |
help: consider importing one of these items
    |
24  + use core::fmt::Result;
    |
24  + use core::result::Result;
    |

error[E0412]: cannot find type `Result` in this scope
   --> C:\Users\john\.cargo\registry\src\index.crates.io-1949cf8c6b5b557f\serde-1.0.219\src\de\value.rs:424:42
    |
424 |     fn variant_seed<T>(self, seed: T) -> Result<(T::Value, Self::Variant), Self::Error>
    |                                          ^^^^^^ not found in this scope
    |
help: consider importing one of these items
    |
24  + use core::fmt::Result;
    |
24  + use core::result::Result;
    |

error[E0405]: cannot find trait `Copy` in this scope
   --> C:\Users\john\.cargo\registry\src\index.crates.io-1949cf8c6b5b557f\serde-1.0.219\src\de\value.rs:36:32
    |
36  |         impl<$($lifetime,)* E> Copy for $ty<$($lifetime,)* E> {}
    |                                ^^^^ not found in this scope
...
449 | impl_copy_clone!(StrDeserializer<'de>);
    | -------------------------------------- in this macro invocation
    |
    = note: this error originates in the macro `impl_copy_clone` (in Nightly builds, run with -Z macro-backtrace for more info)
help: consider importing this trait
    |
24  + use core::marker::Copy;
    |

error[E0405]: cannot find trait `Clone` in this scope
   --> C:\Users\john\.cargo\registry\src\index.crates.io-1949cf8c6b5b557f\serde-1.0.219\src\de\value.rs:38:32
    |
38  |         impl<$($lifetime,)* E> Clone for $ty<$($lifetime,)* E> {
    |                                ^^^^^ not found in this scope
...
449 | impl_copy_clone!(StrDeserializer<'de>);
    | -------------------------------------- in this macro invocation
    |
    = note: this error originates in the macro `impl_copy_clone` (in Nightly builds, run with -Z macro-backtrace for more info)
help: consider importing this trait
    |
24  + use core::clone::Clone;
    |

error[E0412]: cannot find type `Result` in this scope
   --> C:\Users\john\.cargo\registry\src\index.crates.io-1949cf8c6b5b557f\serde-1.0.219\src\de\value.rs:478:48
    |
478 |     fn deserialize_any<V>(self, visitor: V) -> Result<V::Value, Self::Error>
    |                                                ^^^^^^ not found in this scope
    |
help: consider importing one of these items
    |
24  + use core::fmt::Result;
    |
24  + use core::result::Result;
    |

error[E0412]: cannot find type `Result` in this scope
   --> C:\Users\john\.cargo\registry\src\index.crates.io-1949cf8c6b5b557f\serde-1.0.219\src\de\value.rs:490:10
    |
490 |     ) -> Result<V::Value, Self::Error>
    |          ^^^^^^ not found in this scope
    |
help: consider importing one of these items
    |
24  + use core::fmt::Result;
    |
24  + use core::result::Result;
    |

error[E0412]: cannot find type `Result` in this scope
   --> C:\Users\john\.cargo\registry\src\index.crates.io-1949cf8c6b5b557f\serde-1.0.219\src\de\value.rs:524:42
    |
524 |     fn variant_seed<T>(self, seed: T) -> Result<(T::Value, Self::Variant), Self::Error>
    |                                          ^^^^^^ not found in this scope
    |
help: consider importing one of these items
    |
24  + use core::fmt::Result;
    |
24  + use core::result::Result;
    |

error[E0405]: cannot find trait `Copy` in this scope
   --> C:\Users\john\.cargo\registry\src\index.crates.io-1949cf8c6b5b557f\serde-1.0.219\src\de\value.rs:36:32
    |
36  |         impl<$($lifetime,)* E> Copy for $ty<$($lifetime,)* E> {}
    |                                ^^^^ not found in this scope
...
550 | impl_copy_clone!(BorrowedStrDeserializer<'de>);
    | ---------------------------------------------- in this macro invocation
    |
    = note: this error originates in the macro `impl_copy_clone` (in Nightly builds, run with -Z macro-backtrace for more info)
help: consider importing this trait
    |
24  + use core::marker::Copy;
    |

error[E0405]: cannot find trait `Clone` in this scope
   --> C:\Users\john\.cargo\registry\src\index.crates.io-1949cf8c6b5b557f\serde-1.0.219\src\de\value.rs:38:32
    |
38  |         impl<$($lifetime,)* E> Clone for $ty<$($lifetime,)* E> {
    |                                ^^^^^ not found in this scope
...
550 | impl_copy_clone!(BorrowedStrDeserializer<'de>);
    | ---------------------------------------------- in this macro invocation
    |
    = note: this error originates in the macro `impl_copy_clone` (in Nightly builds, run with -Z macro-backtrace for more info)
help: consider importing this trait
    |
24  + use core::clone::Clone;
    |

error[E0412]: cannot find type `Result` in this scope
   --> C:\Users\john\.cargo\registry\src\index.crates.io-1949cf8c6b5b557f\serde-1.0.219\src\de\value.rs:568:48
    |
568 |     fn deserialize_any<V>(self, visitor: V) -> Result<V::Value, Self::Error>
    |                                                ^^^^^^ not found in this scope
    |
help: consider importing one of these items
    |
24  + use core::fmt::Result;
    |
24  + use core::result::Result;
    |

error[E0412]: cannot find type `Result` in this scope
   --> C:\Users\john\.cargo\registry\src\index.crates.io-1949cf8c6b5b557f\serde-1.0.219\src\de\value.rs:580:10
    |
580 |     ) -> Result<V::Value, Self::Error>
    |          ^^^^^^ not found in this scope
    |
help: consider importing one of these items
    |
24  + use core::fmt::Result;
    |
24  + use core::result::Result;
    |

error[E0412]: cannot find type `Result` in this scope
   --> C:\Users\john\.cargo\registry\src\index.crates.io-1949cf8c6b5b557f\serde-1.0.219\src\de\value.rs:614:42
    |
614 |     fn variant_seed<T>(self, seed: T) -> Result<(T::Value, Self::Variant), Self::Error>
    |                                          ^^^^^^ not found in this scope
    |
help: consider importing one of these items
    |
24  + use core::fmt::Result;
    |
24  + use core::result::Result;
    |

error[E0405]: cannot find trait `Clone` in this scope
   --> C:\Users\john\.cargo\registry\src\index.crates.io-1949cf8c6b5b557f\serde-1.0.219\src\de\value.rs:642:9
    |
642 | impl<E> Clone for StringDeserializer<E> {
    |         ^^^^^ not found in this scope
    |
help: consider importing this trait
    |
24  + use core::clone::Clone;
    |

error[E0412]: cannot find type `Result` in this scope
   --> C:\Users\john\.cargo\registry\src\index.crates.io-1949cf8c6b5b557f\serde-1.0.219\src\de\value.rs:682:48
    |
682 |     fn deserialize_any<V>(self, visitor: V) -> Result<V::Value, Self::Error>
    |                                                ^^^^^^ not found in this scope
    |
help: consider importing one of these items
    |
24  + use core::fmt::Result;
    |
24  + use core::result::Result;
    |

error[E0412]: cannot find type `Result` in this scope
   --> C:\Users\john\.cargo\registry\src\index.crates.io-1949cf8c6b5b557f\serde-1.0.219\src\de\value.rs:694:10
    |
694 |     ) -> Result<V::Value, Self::Error>
    |          ^^^^^^ not found in this scope
    |
help: consider importing one of these items
    |
24  + use core::fmt::Result;
    |
24  + use core::result::Result;
    |

error[E0412]: cannot find type `Result` in this scope
   --> C:\Users\john\.cargo\registry\src\index.crates.io-1949cf8c6b5b557f\serde-1.0.219\src\de\value.rs:730:42
    |
730 |     fn variant_seed<T>(self, seed: T) -> Result<(T::Value, Self::Variant), Self::Error>
    |                                          ^^^^^^ not found in this scope
    |
help: consider importing one of these items
    |
24  + use core::fmt::Result;
    |
24  + use core::result::Result;
    |

error[E0405]: cannot find trait `Clone` in this scope
   --> C:\Users\john\.cargo\registry\src\index.crates.io-1949cf8c6b5b557f\serde-1.0.219\src\de\value.rs:759:13
    |
759 | impl<'a, E> Clone for CowStrDeserializer<'a, E> {
    |             ^^^^^ not found in this scope
    |
help: consider importing this trait
    |
24  + use core::clone::Clone;
    |

error[E0412]: cannot find type `Result` in this scope
   --> C:\Users\john\.cargo\registry\src\index.crates.io-1949cf8c6b5b557f\serde-1.0.219\src\de\value.rs:799:48
    |
799 |     fn deserialize_any<V>(self, visitor: V) -> Result<V::Value, Self::Error>
    |                                                ^^^^^^ not found in this scope
    |
help: consider importing one of these items
    |
24  + use core::fmt::Result;
    |
24  + use core::result::Result;
    |

error[E0412]: cannot find type `Result` in this scope
   --> C:\Users\john\.cargo\registry\src\index.crates.io-1949cf8c6b5b557f\serde-1.0.219\src\de\value.rs:814:10
    |
814 |     ) -> Result<V::Value, Self::Error>
    |          ^^^^^^ not found in this scope
    |
help: consider importing one of these items
    |
24  + use core::fmt::Result;
    |
24  + use core::result::Result;
    |

error[E0412]: cannot find type `Result` in this scope
   --> C:\Users\john\.cargo\registry\src\index.crates.io-1949cf8c6b5b557f\serde-1.0.219\src\de\value.rs:850:42
    |
850 |     fn variant_seed<T>(self, seed: T) -> Result<(T::Value, Self::Variant), Self::Error>
    |                                          ^^^^^^ not found in this scope
    |
help: consider importing one of these items
    |
24  + use core::fmt::Result;
    |
24  + use core::result::Result;
    |

error[E0405]: cannot find trait `Copy` in this scope
   --> C:\Users\john\.cargo\registry\src\index.crates.io-1949cf8c6b5b557f\serde-1.0.219\src\de\value.rs:36:32
    |
36  |         impl<$($lifetime,)* E> Copy for $ty<$($lifetime,)* E> {}
    |                                ^^^^ not found in this scope
...
886 | impl_copy_clone!(BytesDeserializer<'a>);
    | --------------------------------------- in this macro invocation
    |
    = note: this error originates in the macro `impl_copy_clone` (in Nightly builds, run with -Z macro-backtrace for more info)
help: consider importing this trait
    |
24  + use core::marker::Copy;
    |

error[E0405]: cannot find trait `Clone` in this scope
   --> C:\Users\john\.cargo\registry\src\index.crates.io-1949cf8c6b5b557f\serde-1.0.219\src\de\value.rs:38:32
    |
38  |         impl<$($lifetime,)* E> Clone for $ty<$($lifetime,)* E> {
    |                                ^^^^^ not found in this scope
...
886 | impl_copy_clone!(BytesDeserializer<'a>);
    | --------------------------------------- in this macro invocation
    |
    = note: this error originates in the macro `impl_copy_clone` (in Nightly builds, run with -Z macro-backtrace for more info)
help: consider importing this trait
    |
24  + use core::clone::Clone;
    |

error[E0412]: cannot find type `Result` in this scope
   --> C:\Users\john\.cargo\registry\src\index.crates.io-1949cf8c6b5b557f\serde-1.0.219\src\de\value.rs:905:48
    |
905 |     fn deserialize_any<V>(self, visitor: V) -> Result<V::Value, Self::Error>
    |                                                ^^^^^^ not found in this scope
    |
help: consider importing one of these items
    |
24  + use core::fmt::Result;
    |
24  + use core::result::Result;
    |

error[E0405]: cannot find trait `Copy` in this scope
   --> C:\Users\john\.cargo\registry\src\index.crates.io-1949cf8c6b5b557f\serde-1.0.219\src\de\value.rs:36:32
    |
36  |         impl<$($lifetime,)* E> Copy for $ty<$($lifetime,)* E> {}
    |                                ^^^^ not found in this scope
...
956 | impl_copy_clone!(BorrowedBytesDeserializer<'de>);
    | ------------------------------------------------ in this macro invocation
    |
    = note: this error originates in the macro `impl_copy_clone` (in Nightly builds, run with -Z macro-backtrace for more info)
help: consider importing this trait
    |
24  + use core::marker::Copy;
    |

error[E0405]: cannot find trait `Clone` in this scope
   --> C:\Users\john\.cargo\registry\src\index.crates.io-1949cf8c6b5b557f\serde-1.0.219\src\de\value.rs:38:32
    |
38  |         impl<$($lifetime,)* E> Clone for $ty<$($lifetime,)* E> {
    |                                ^^^^^ not found in this scope
...
956 | impl_copy_clone!(BorrowedBytesDeserializer<'de>);
    | ------------------------------------------------ in this macro invocation
    |
    = note: this error originates in the macro `impl_copy_clone` (in Nightly builds, run with -Z macro-backtrace for more info)
help: consider importing this trait
    |
24  + use core::clone::Clone;
    |

error[E0412]: cannot find type `Result` in this scope
   --> C:\Users\john\.cargo\registry\src\index.crates.io-1949cf8c6b5b557f\serde-1.0.219\src\de\value.rs:964:48
    |
964 |     fn deserialize_any<V>(self, visitor: V) -> Result<V::Value, Self::Error>
    |                                                ^^^^^^ not found in this scope
    |
help: consider importing one of these items
    |
24  + use core::fmt::Result;
    |
24  + use core::result::Result;
    |

error[E0405]: cannot find trait `Iterator` in this scope
    --> C:\Users\john\.cargo\registry\src\index.crates.io-1949cf8c6b5b557f\serde-1.0.219\src\de\value.rs:1010:8
     |
1010 |     I: Iterator,
     |        ^^^^^^^^ not found in this scope
     |
help: consider importing this trait
     |
24   + use core::iter::Iterator;
     |

error[E0405]: cannot find trait `Iterator` in this scope
    --> C:\Users\john\.cargo\registry\src\index.crates.io-1949cf8c6b5b557f\serde-1.0.219\src\de\value.rs:1024:8
     |
1024 |     I: Iterator,
     |        ^^^^^^^^ not found in this scope
     |
help: consider importing this trait
     |
24   + use core::iter::Iterator;
     |

error[E0412]: cannot find type `Result` in this scope
    --> C:\Users\john\.cargo\registry\src\index.crates.io-1949cf8c6b5b557f\serde-1.0.219\src\de\value.rs:1029:25
     |
1029 |     pub fn end(self) -> Result<(), E> {
     |                         ^^^^^^ not found in this scope
     |
help: consider importing one of these items
     |
24   + use core::fmt::Result;
     |
24   + use core::result::Result;
     |

error[E0425]: cannot find function, tuple struct or tuple variant `Ok` in this scope
    --> C:\Users\john\.cargo\registry\src\index.crates.io-1949cf8c6b5b557f\serde-1.0.219\src\de\value.rs:1032:13
     |
1032 |             Ok(())
     |             ^^ not found in this scope
     |
help: consider importing this tuple variant
     |
24   + use core::result::Result::Ok;
     |

error[E0425]: cannot find function, tuple struct or tuple variant `Err` in this scope
    --> C:\Users\john\.cargo\registry\src\index.crates.io-1949cf8c6b5b557f\serde-1.0.219\src\de\value.rs:1036:13
     |
1036 |             Err(de::Error::invalid_length(
     |             ^^^ not found in this scope
     |
help: consider importing this tuple variant
     |
24   + use core::result::Result::Err;
     |

error[E0405]: cannot find trait `Iterator` in this scope
    --> C:\Users\john\.cargo\registry\src\index.crates.io-1949cf8c6b5b557f\serde-1.0.219\src\de\value.rs:1046:8
     |
1046 |     I: Iterator<Item = T>,
     |        ^^^^^^^^ not found in this scope
     |
help: consider importing this trait
     |
24   + use core::iter::Iterator;
     |

error[E0412]: cannot find type `Result` in this scope
    --> C:\Users\john\.cargo\registry\src\index.crates.io-1949cf8c6b5b557f\serde-1.0.219\src\de\value.rs:1052:52
     |
1052 |     fn deserialize_any<V>(mut self, visitor: V) -> Result<V::Value, Self::Error>
     |                                                    ^^^^^^ not found in this scope
     |
help: consider importing one of these items
     |
24   + use core::fmt::Result;
     |
24   + use core::result::Result;
     |

error[E0531]: cannot find tuple struct or tuple variant `Ok` in this scope
    --> C:\Users\john\.cargo\registry\src\index.crates.io-1949cf8c6b5b557f\serde-1.0.219\src\lib.rs:298:13
     |
298  |             Ok(val) => val,
     |             ^^ not found in this scope
     |
    ::: C:\Users\john\.cargo\registry\src\index.crates.io-1949cf8c6b5b557f\serde-1.0.219\src\de\value.rs:1056:17
     |
1056 |         let v = tri!(visitor.visit_seq(&mut self));
     |                 ---------------------------------- in this macro invocation
     |
     = note: this error originates in the macro `tri` (in Nightly builds, run with -Z macro-backtrace for more info)
help: consider importing this tuple variant
    -->  C:\Users\john\.cargo\registry\src\index.crates.io-1949cf8c6b5b557f\serde-1.0.219\src\de\value.rs:24:1
     |
24   + use core::result::Result::Ok;
     |

error[E0531]: cannot find tuple struct or tuple variant `Err` in this scope
    --> C:\Users\john\.cargo\registry\src\index.crates.io-1949cf8c6b5b557f\serde-1.0.219\src\lib.rs:299:13
     |
299  |             Err(err) => return Err(err),
     |             ^^^ not found in this scope
     |
    ::: C:\Users\john\.cargo\registry\src\index.crates.io-1949cf8c6b5b557f\serde-1.0.219\src\de\value.rs:1056:17
     |
1056 |         let v = tri!(visitor.visit_seq(&mut self));
     |                 ---------------------------------- in this macro invocation
     |
     = note: this error originates in the macro `tri` (in Nightly builds, run with -Z macro-backtrace for more info)
help: consider importing this tuple variant
    -->  C:\Users\john\.cargo\registry\src\index.crates.io-1949cf8c6b5b557f\serde-1.0.219\src\de\value.rs:24:1
     |
24   + use core::result::Result::Err;
     |

error[E0425]: cannot find function, tuple struct or tuple variant `Err` in this scope
    --> C:\Users\john\.cargo\registry\src\index.crates.io-1949cf8c6b5b557f\serde-1.0.219\src\lib.rs:299:32
     |
299  |             Err(err) => return Err(err),
     |                                ^^^
     |
    ::: C:\Users\john\.cargo\registry\src\index.crates.io-1949cf8c6b5b557f\serde-1.0.219\src\de\value.rs:1056:17
     |
1056 |         let v = tri!(visitor.visit_seq(&mut self));
     |                 ---------------------------------- in this macro invocation
     |
     = note: this error originates in the macro `tri` (in Nightly builds, run with -Z macro-backtrace for more info)
help: a local variable with a similar name exists
     |
299  -             Err(err) => return Err(err),
299  +             Err(err) => return err(err),
     |
help: consider importing this tuple variant
    -->  C:\Users\john\.cargo\registry\src\index.crates.io-1949cf8c6b5b557f\serde-1.0.219\src\de\value.rs:24:1
     |
24   + use core::result::Result::Err;
     |

error[E0531]: cannot find tuple struct or tuple variant `Ok` in this scope
    --> C:\Users\john\.cargo\registry\src\index.crates.io-1949cf8c6b5b557f\serde-1.0.219\src\lib.rs:298:13
     |
298  |             Ok(val) => val,
     |             ^^ not found in this scope
     |
    ::: C:\Users\john\.cargo\registry\src\index.crates.io-1949cf8c6b5b557f\serde-1.0.219\src\de\value.rs:1057:9
     |
1057 |         tri!(self.end());
     |         ---------------- in this macro invocation
     |
     = note: this error originates in the macro `tri` (in Nightly builds, run with -Z macro-backtrace for more info)
help: consider importing this tuple variant
    -->  C:\Users\john\.cargo\registry\src\index.crates.io-1949cf8c6b5b557f\serde-1.0.219\src\de\value.rs:24:1
     |
24   + use core::result::Result::Ok;
     |

error[E0531]: cannot find tuple struct or tuple variant `Err` in this scope
    --> C:\Users\john\.cargo\registry\src\index.crates.io-1949cf8c6b5b557f\serde-1.0.219\src\lib.rs:299:13
     |
299  |             Err(err) => return Err(err),
     |             ^^^ not found in this scope
     |
    ::: C:\Users\john\.cargo\registry\src\index.crates.io-1949cf8c6b5b557f\serde-1.0.219\src\de\value.rs:1057:9
     |
1057 |         tri!(self.end());
     |         ---------------- in this macro invocation
     |
     = note: this error originates in the macro `tri` (in Nightly builds, run with -Z macro-backtrace for more info)
help: consider importing this tuple variant
    -->  C:\Users\john\.cargo\registry\src\index.crates.io-1949cf8c6b5b557f\serde-1.0.219\src\de\value.rs:24:1
     |
24   + use core::result::Result::Err;
     |

error[E0425]: cannot find function, tuple struct or tuple variant `Err` in this scope
    --> C:\Users\john\.cargo\registry\src\index.crates.io-1949cf8c6b5b557f\serde-1.0.219\src\lib.rs:299:32
     |
299  |             Err(err) => return Err(err),
     |                                ^^^
     |
    ::: C:\Users\john\.cargo\registry\src\index.crates.io-1949cf8c6b5b557f\serde-1.0.219\src\de\value.rs:1057:9
     |
1057 |         tri!(self.end());
     |         ---------------- in this macro invocation
     |
     = note: this error originates in the macro `tri` (in Nightly builds, run with -Z macro-backtrace for more info)
help: a local variable with a similar name exists
     |
299  -             Err(err) => return Err(err),
299  +             Err(err) => return err(err),
     |
help: consider importing this tuple variant
    -->  C:\Users\john\.cargo\registry\src\index.crates.io-1949cf8c6b5b557f\serde-1.0.219\src\de\value.rs:24:1
     |
24   + use core::result::Result::Err;
     |

error[E0425]: cannot find function, tuple struct or tuple variant `Ok` in this scope
    --> C:\Users\john\.cargo\registry\src\index.crates.io-1949cf8c6b5b557f\serde-1.0.219\src\de\value.rs:1058:9
     |
1058 |         Ok(v)
     |         ^^ not found in this scope
     |
help: consider importing this tuple variant
     |
24   + use core::result::Result::Ok;
     |

error[E0405]: cannot find trait `Iterator` in this scope
    --> C:\Users\john\.cargo\registry\src\index.crates.io-1949cf8c6b5b557f\serde-1.0.219\src\de\value.rs:1070:8
     |
1070 |     I: Iterator<Item = T>,
     |        ^^^^^^^^ not found in this scope
     |
help: consider importing this trait
     |
24   + use core::iter::Iterator;
     |

error[E0405]: cannot find trait `Iterator` in this scope
    --> C:\Users\john\.cargo\registry\src\index.crates.io-1949cf8c6b5b557f\serde-1.0.219\src\de\value.rs:1083:8
     |
1083 |     I: Iterator<Item = T>,
     |        ^^^^^^^^ not found in this scope
     |
help: consider importing this trait
     |
24   + use core::iter::Iterator;
     |

error[E0412]: cannot find type `Result` in this scope
    --> C:\Users\john\.cargo\registry\src\index.crates.io-1949cf8c6b5b557f\serde-1.0.219\src\de\value.rs:1089:52
     |
1089 |     fn next_element_seed<V>(&mut self, seed: V) -> Result<Option<V::Value>, Self::Error>
     |                                                    ^^^^^^ not found in this scope
     |
help: consider importing one of these items
     |
24   + use core::fmt::Result;
     |
24   + use core::result::Result;
     |

error[E0412]: cannot find type `Option` in this scope
    --> C:\Users\john\.cargo\registry\src\index.crates.io-1949cf8c6b5b557f\serde-1.0.219\src\de\value.rs:1089:59
     |
1089 |     fn next_element_seed<V>(&mut self, seed: V) -> Result<Option<V::Value>, Self::Error>
     |                                                           ^^^^^^ not found in this scope
     |
help: consider importing this enum
     |
24   + use core::option::Option;
     |

error[E0531]: cannot find tuple struct or tuple variant `Some` in this scope
    --> C:\Users\john\.cargo\registry\src\index.crates.io-1949cf8c6b5b557f\serde-1.0.219\src\de\value.rs:1094:13
     |
1094 |             Some(value) => {
     |             ^^^^ not found in this scope
     |
note: tuple variant `crate::__private::ser::content::Content::Some` exists but is inaccessible
    --> C:\Users\john\.cargo\registry\src\index.crates.io-1949cf8c6b5b557f\serde-1.0.219\src\private\ser.rs:443:9
     |
443  |         Some(Box<Content>),
     |         ^^^^^^^^^^^^^^^^^^ not accessible
help: consider importing one of these tuple variants
     |
24   + use crate::__private::de::Content::Some;
     |
24   + use core::option::Option::Some;
     |

error[E0425]: cannot find value `Some` in this scope
    --> C:\Users\john\.cargo\registry\src\index.crates.io-1949cf8c6b5b557f\serde-1.0.219\src\de\value.rs:1096:65
     |
1096 |                 seed.deserialize(value.into_deserializer()).map(Some)
     |                                                                 ^^^^ not found in this scope
     |
note: tuple variant `crate::__private::ser::content::Content::Some` exists but is inaccessible
    --> C:\Users\john\.cargo\registry\src\index.crates.io-1949cf8c6b5b557f\serde-1.0.219\src\private\ser.rs:443:9
     |
443  |         Some(Box<Content>),
     |         ^^^^^^^^^^^^^^^^^^ not accessible
help: consider importing one of these tuple variants
     |
24   + use crate::__private::de::Content::Some;
     |
24   + use core::option::Option::Some;
     |

error[E0425]: cannot find function, tuple struct or tuple variant `Ok` in this scope
    --> C:\Users\john\.cargo\registry\src\index.crates.io-1949cf8c6b5b557f\serde-1.0.219\src\de\value.rs:1098:21
     |
1098 |             None => Ok(None),
     |                     ^^ not found in this scope
     |
help: consider importing this tuple variant
     |
24   + use core::result::Result::Ok;
     |

error[E0412]: cannot find type `Option` in this scope
    --> C:\Users\john\.cargo\registry\src\index.crates.io-1949cf8c6b5b557f\serde-1.0.219\src\de\value.rs:1102:28
     |
1102 |     fn size_hint(&self) -> Option<usize> {
     |                            ^^^^^^ not found in this scope
     |
help: consider importing this enum
     |
24   + use core::option::Option;
     |

error[E0405]: cannot find trait `IntoIterator` in this scope
    --> C:\Users\john\.cargo\registry\src\index.crates.io-1949cf8c6b5b557f\serde-1.0.219\src\de\value.rs:1141:50
     |
1141 |     type Deserializer = SeqDeserializer<<Self as IntoIterator>::IntoIter, E>;
     |                                                  ^^^^^^^^^^^^ not found in this scope
     |
help: consider importing this trait
     |
24   + use core::iter::IntoIterator;
     |

error[E0405]: cannot find trait `Eq` in this scope
    --> C:\Users\john\.cargo\registry\src\index.crates.io-1949cf8c6b5b557f\serde-1.0.219\src\de\value.rs:1152:35
     |
1152 |     T: IntoDeserializer<'de, E> + Eq + Ord,
     |                                   ^^ not found in this scope
     |
help: consider importing this trait
     |
24   + use core::cmp::Eq;
     |

error[E0405]: cannot find trait `Ord` in this scope
    --> C:\Users\john\.cargo\registry\src\index.crates.io-1949cf8c6b5b557f\serde-1.0.219\src\de\value.rs:1152:40
     |
1152 |     T: IntoDeserializer<'de, E> + Eq + Ord,
     |                                        ^^^ not found in this scope
     |
help: consider importing this trait
     |
24   + use core::cmp::Ord;
     |

error[E0405]: cannot find trait `IntoIterator` in this scope
    --> C:\Users\john\.cargo\registry\src\index.crates.io-1949cf8c6b5b557f\serde-1.0.219\src\de\value.rs:1155:50
     |
1155 |     type Deserializer = SeqDeserializer<<Self as IntoIterator>::IntoIter, E>;
     |                                                  ^^^^^^^^^^^^ not found in this scope
     |
help: consider importing this trait
     |
24   + use core::iter::IntoIterator;
     |

error[E0405]: cannot find trait `Eq` in this scope
    --> C:\Users\john\.cargo\registry\src\index.crates.io-1949cf8c6b5b557f\serde-1.0.219\src\de\value.rs:1166:35
     |
1166 |     T: IntoDeserializer<'de, E> + Eq + Hash,
     |                                   ^^ not found in this scope
     |
help: consider importing this trait
     |
24   + use core::cmp::Eq;
     |

error[E0405]: cannot find trait `IntoIterator` in this scope
    --> C:\Users\john\.cargo\registry\src\index.crates.io-1949cf8c6b5b557f\serde-1.0.219\src\de\value.rs:1170:50
     |
1170 |     type Deserializer = SeqDeserializer<<Self as IntoIterator>::IntoIter, E>;
     |                                                  ^^^^^^^^^^^^ not found in this scope
     |
help: consider importing this trait
     |
24   + use core::iter::IntoIterator;
     |

error[E0412]: cannot find type `Result` in this scope
    --> C:\Users\john\.cargo\registry\src\index.crates.io-1949cf8c6b5b557f\serde-1.0.219\src\de\value.rs:1198:48
     |
1198 |     fn deserialize_any<V>(self, visitor: V) -> Result<V::Value, Self::Error>
     |                                                ^^^^^^ not found in this scope
     |
help: consider importing one of these items
     |
24   + use core::fmt::Result;
     |
24   + use core::result::Result;
     |

error[E0405]: cannot find trait `Iterator` in this scope
    --> C:\Users\john\.cargo\registry\src\index.crates.io-1949cf8c6b5b557f\serde-1.0.219\src\de\value.rs:1228:8
     |
1228 |     I: Iterator,
     |        ^^^^^^^^ not found in this scope
     |
help: consider importing this trait
     |
24   + use core::iter::Iterator;
     |

error[E0412]: cannot find type `Option` in this scope
    --> C:\Users\john\.cargo\registry\src\index.crates.io-1949cf8c6b5b557f\serde-1.0.219\src\de\value.rs:1232:12
     |
1232 |     value: Option<Second<I::Item>>,
     |            ^^^^^^ not found in this scope
     |
help: consider importing this enum
     |
24   + use core::option::Option;
     |

error[E0405]: cannot find trait `Iterator` in this scope
    --> C:\Users\john\.cargo\registry\src\index.crates.io-1949cf8c6b5b557f\serde-1.0.219\src\de\value.rs:1240:8
     |
1240 |     I: Iterator,
     |        ^^^^^^^^ not found in this scope
     |
help: consider importing this trait
     |
24   + use core::iter::Iterator;
     |

error[E0425]: cannot find value `None` in this scope
    --> C:\Users\john\.cargo\registry\src\index.crates.io-1949cf8c6b5b557f\serde-1.0.219\src\de\value.rs:1247:20
     |
1247 |             value: None,
     |                    ^^^^ not found in this scope
     |
note: unit variant `crate::__private::ser::content::Content::None` exists but is inaccessible
    --> C:\Users\john\.cargo\registry\src\index.crates.io-1949cf8c6b5b557f\serde-1.0.219\src\private\ser.rs:442:9
     |
442  |         None,
     |         ^^^^ not accessible
help: consider importing one of these unit variants
     |
24   + use crate::__private::de::Content::None;
     |
24   + use core::option::Option::None;
     |

error[E0405]: cannot find trait `Iterator` in this scope
    --> C:\Users\john\.cargo\registry\src\index.crates.io-1949cf8c6b5b557f\serde-1.0.219\src\de\value.rs:1257:8
     |
1257 |     I: Iterator,
     |        ^^^^^^^^ not found in this scope
     |
help: consider importing this trait
     |
24   + use core::iter::Iterator;
     |

error[E0412]: cannot find type `Result` in this scope
    --> C:\Users\john\.cargo\registry\src\index.crates.io-1949cf8c6b5b557f\serde-1.0.219\src\de\value.rs:1263:25
     |
1263 |     pub fn end(self) -> Result<(), E> {
     |                         ^^^^^^ not found in this scope
     |
help: consider importing one of these items
     |
24   + use core::fmt::Result;
     |
24   + use core::result::Result;
     |

error[E0425]: cannot find function, tuple struct or tuple variant `Ok` in this scope
    --> C:\Users\john\.cargo\registry\src\index.crates.io-1949cf8c6b5b557f\serde-1.0.219\src\de\value.rs:1266:13
     |
1266 |             Ok(())
     |             ^^ not found in this scope
     |
help: consider importing this tuple variant
     |
24   + use core::result::Result::Ok;
     |

error[E0425]: cannot find function, tuple struct or tuple variant `Err` in this scope
    --> C:\Users\john\.cargo\registry\src\index.crates.io-1949cf8c6b5b557f\serde-1.0.219\src\de\value.rs:1270:13
     |
1270 |             Err(de::Error::invalid_length(
     |             ^^^ not found in this scope
     |
help: consider importing this tuple variant
     |
24   + use core::result::Result::Err;
     |

error[E0405]: cannot find trait `Iterator` in this scope
    --> C:\Users\john\.cargo\registry\src\index.crates.io-1949cf8c6b5b557f\serde-1.0.219\src\de\value.rs:1280:8
     |
1280 |     I: Iterator,
     |        ^^^^^^^^ not found in this scope
     |
help: consider importing this trait
     |
24   + use core::iter::Iterator;
     |

error[E0412]: cannot find type `Option` in this scope
    --> C:\Users\john\.cargo\registry\src\index.crates.io-1949cf8c6b5b557f\serde-1.0.219\src\de\value.rs:1283:32
     |
1283 |     fn next_pair(&mut self) -> Option<(First<I::Item>, Second<I::Item>)> {
     |                                ^^^^^^ not found in this scope
     |
help: consider importing this enum
     |
24   + use core::option::Option;
     |

error[E0531]: cannot find tuple struct or tuple variant `Some` in this scope
    --> C:\Users\john\.cargo\registry\src\index.crates.io-1949cf8c6b5b557f\serde-1.0.219\src\de\value.rs:1285:13
     |
1285 |             Some(kv) => {
     |             ^^^^ not found in this scope
     |
note: tuple variant `crate::__private::ser::content::Content::Some` exists but is inaccessible
    --> C:\Users\john\.cargo\registry\src\index.crates.io-1949cf8c6b5b557f\serde-1.0.219\src\private\ser.rs:443:9
     |
443  |         Some(Box<Content>),
     |         ^^^^^^^^^^^^^^^^^^ not accessible
help: consider importing one of these tuple variants
     |
24   + use crate::__private::de::Content::Some;
     |
24   + use core::option::Option::Some;
     |

error[E0425]: cannot find function, tuple struct or tuple variant `Some` in this scope
    --> C:\Users\john\.cargo\registry\src\index.crates.io-1949cf8c6b5b557f\serde-1.0.219\src\de\value.rs:1287:17
     |
1287 |                 Some(private::Pair::split(kv))
     |                 ^^^^ not found in this scope
     |
note: tuple variant `crate::__private::ser::content::Content::Some` exists but is inaccessible
    --> C:\Users\john\.cargo\registry\src\index.crates.io-1949cf8c6b5b557f\serde-1.0.219\src\private\ser.rs:443:9
     |
443  |         Some(Box<Content>),
     |         ^^^^^^^^^^^^^^^^^^ not accessible
help: consider importing one of these tuple variants
     |
24   + use crate::__private::de::Content::Some;
     |
24   + use core::option::Option::Some;
     |

error[E0405]: cannot find trait `Iterator` in this scope
    --> C:\Users\john\.cargo\registry\src\index.crates.io-1949cf8c6b5b557f\serde-1.0.219\src\de\value.rs:1296:8
     |
1296 |     I: Iterator,
     |        ^^^^^^^^ not found in this scope
     |
help: consider importing this trait
     |
24   + use core::iter::Iterator;
     |

error[E0412]: cannot find type `Result` in this scope
    --> C:\Users\john\.cargo\registry\src\index.crates.io-1949cf8c6b5b557f\serde-1.0.219\src\de\value.rs:1304:52
     |
1304 |     fn deserialize_any<V>(mut self, visitor: V) -> Result<V::Value, Self::Error>
     |                                                    ^^^^^^ not found in this scope
     |
help: consider importing one of these items
     |
24   + use core::fmt::Result;
     |
24   + use core::result::Result;
     |

error[E0531]: cannot find tuple struct or tuple variant `Ok` in this scope
    --> C:\Users\john\.cargo\registry\src\index.crates.io-1949cf8c6b5b557f\serde-1.0.219\src\lib.rs:298:13
     |
298  |             Ok(val) => val,
     |             ^^ not found in this scope
     |
    ::: C:\Users\john\.cargo\registry\src\index.crates.io-1949cf8c6b5b557f\serde-1.0.219\src\de\value.rs:1308:21
     |
1308 |         let value = tri!(visitor.visit_map(&mut self));
     |                     ---------------------------------- in this macro invocation
     |
     = note: this error originates in the macro `tri` (in Nightly builds, run with -Z macro-backtrace for more info)
help: consider importing this tuple variant
    -->  C:\Users\john\.cargo\registry\src\index.crates.io-1949cf8c6b5b557f\serde-1.0.219\src\de\value.rs:24:1
     |
24   + use core::result::Result::Ok;
     |

error[E0531]: cannot find tuple struct or tuple variant `Err` in this scope
    --> C:\Users\john\.cargo\registry\src\index.crates.io-1949cf8c6b5b557f\serde-1.0.219\src\lib.rs:299:13
     |
299  |             Err(err) => return Err(err),
     |             ^^^ not found in this scope
     |
    ::: C:\Users\john\.cargo\registry\src\index.crates.io-1949cf8c6b5b557f\serde-1.0.219\src\de\value.rs:1308:21
     |
1308 |         let value = tri!(visitor.visit_map(&mut self));
     |                     ---------------------------------- in this macro invocation
     |
     = note: this error originates in the macro `tri` (in Nightly builds, run with -Z macro-backtrace for more info)
help: consider importing this tuple variant
    -->  C:\Users\john\.cargo\registry\src\index.crates.io-1949cf8c6b5b557f\serde-1.0.219\src\de\value.rs:24:1
     |
24   + use core::result::Result::Err;
     |

error[E0425]: cannot find function, tuple struct or tuple variant `Err` in this scope
    --> C:\Users\john\.cargo\registry\src\index.crates.io-1949cf8c6b5b557f\serde-1.0.219\src\lib.rs:299:32
     |
299  |             Err(err) => return Err(err),
     |                                ^^^
     |
    ::: C:\Users\john\.cargo\registry\src\index.crates.io-1949cf8c6b5b557f\serde-1.0.219\src\de\value.rs:1308:21
     |
1308 |         let value = tri!(visitor.visit_map(&mut self));
     |                     ---------------------------------- in this macro invocation
     |
     = note: this error originates in the macro `tri` (in Nightly builds, run with -Z macro-backtrace for more info)
help: a local variable with a similar name exists
     |
299  -             Err(err) => return Err(err),
299  +             Err(err) => return err(err),
     |
help: consider importing this tuple variant
    -->  C:\Users\john\.cargo\registry\src\index.crates.io-1949cf8c6b5b557f\serde-1.0.219\src\de\value.rs:24:1
     |
24   + use core::result::Result::Err;
     |

error[E0531]: cannot find tuple struct or tuple variant `Ok` in this scope
    --> C:\Users\john\.cargo\registry\src\index.crates.io-1949cf8c6b5b557f\serde-1.0.219\src\lib.rs:298:13
     |
298  |             Ok(val) => val,
     |             ^^ not found in this scope
     |
    ::: C:\Users\john\.cargo\registry\src\index.crates.io-1949cf8c6b5b557f\serde-1.0.219\src\de\value.rs:1309:9
     |
1309 |         tri!(self.end());
     |         ---------------- in this macro invocation
     |
     = note: this error originates in the macro `tri` (in Nightly builds, run with -Z macro-backtrace for more info)
help: consider importing this tuple variant
    -->  C:\Users\john\.cargo\registry\src\index.crates.io-1949cf8c6b5b557f\serde-1.0.219\src\de\value.rs:24:1
     |
24   + use core::result::Result::Ok;
     |

error[E0531]: cannot find tuple struct or tuple variant `Err` in this scope
    --> C:\Users\john\.cargo\registry\src\index.crates.io-1949cf8c6b5b557f\serde-1.0.219\src\lib.rs:299:13
     |
299  |             Err(err) => return Err(err),
     |             ^^^ not found in this scope
     |
    ::: C:\Users\john\.cargo\registry\src\index.crates.io-1949cf8c6b5b557f\serde-1.0.219\src\de\value.rs:1309:9
     |
1309 |         tri!(self.end());
     |         ---------------- in this macro invocation
     |
     = note: this error originates in the macro `tri` (in Nightly builds, run with -Z macro-backtrace for more info)
help: consider importing this tuple variant
    -->  C:\Users\john\.cargo\registry\src\index.crates.io-1949cf8c6b5b557f\serde-1.0.219\src\de\value.rs:24:1
     |
24   + use core::result::Result::Err;
     |

error[E0425]: cannot find function, tuple struct or tuple variant `Err` in this scope
    --> C:\Users\john\.cargo\registry\src\index.crates.io-1949cf8c6b5b557f\serde-1.0.219\src\lib.rs:299:32
     |
299  |             Err(err) => return Err(err),
     |                                ^^^
     |
    ::: C:\Users\john\.cargo\registry\src\index.crates.io-1949cf8c6b5b557f\serde-1.0.219\src\de\value.rs:1309:9
     |
1309 |         tri!(self.end());
     |         ---------------- in this macro invocation
     |
     = note: this error originates in the macro `tri` (in Nightly builds, run with -Z macro-backtrace for more info)
help: a local variable with a similar name exists
     |
299  -             Err(err) => return Err(err),
299  +             Err(err) => return err(err),
     |
help: consider importing this tuple variant
    -->  C:\Users\john\.cargo\registry\src\index.crates.io-1949cf8c6b5b557f\serde-1.0.219\src\de\value.rs:24:1
     |
24   + use core::result::Result::Err;
     |

error[E0425]: cannot find function, tuple struct or tuple variant `Ok` in this scope
    --> C:\Users\john\.cargo\registry\src\index.crates.io-1949cf8c6b5b557f\serde-1.0.219\src\de\value.rs:1310:9
     |
1310 |         Ok(value)
     |         ^^ not found in this scope
     |
help: consider importing this tuple variant
     |
24   + use core::result::Result::Ok;
     |

error[E0412]: cannot find type `Result` in this scope
    --> C:\Users\john\.cargo\registry\src\index.crates.io-1949cf8c6b5b557f\serde-1.0.219\src\de\value.rs:1313:52
     |
1313 |     fn deserialize_seq<V>(mut self, visitor: V) -> Result<V::Value, Self::Error>
     |                                                    ^^^^^^ not found in this scope
     |
help: consider importing one of these items
     |
24   + use core::fmt::Result;
     |
24   + use core::result::Result;
     |

error[E0531]: cannot find tuple struct or tuple variant `Ok` in this scope
    --> C:\Users\john\.cargo\registry\src\index.crates.io-1949cf8c6b5b557f\serde-1.0.219\src\lib.rs:298:13
     |
298  |             Ok(val) => val,
     |             ^^ not found in this scope
     |
    ::: C:\Users\john\.cargo\registry\src\index.crates.io-1949cf8c6b5b557f\serde-1.0.219\src\de\value.rs:1317:21
     |
1317 |         let value = tri!(visitor.visit_seq(&mut self));
     |                     ---------------------------------- in this macro invocation
     |
     = note: this error originates in the macro `tri` (in Nightly builds, run with -Z macro-backtrace for more info)
help: consider importing this tuple variant
    -->  C:\Users\john\.cargo\registry\src\index.crates.io-1949cf8c6b5b557f\serde-1.0.219\src\de\value.rs:24:1
     |
24   + use core::result::Result::Ok;
     |

error[E0531]: cannot find tuple struct or tuple variant `Err` in this scope
    --> C:\Users\john\.cargo\registry\src\index.crates.io-1949cf8c6b5b557f\serde-1.0.219\src\lib.rs:299:13
     |
299  |             Err(err) => return Err(err),
     |             ^^^ not found in this scope
     |
    ::: C:\Users\john\.cargo\registry\src\index.crates.io-1949cf8c6b5b557f\serde-1.0.219\src\de\value.rs:1317:21
     |
1317 |         let value = tri!(visitor.visit_seq(&mut self));
     |                     ---------------------------------- in this macro invocation
     |
     = note: this error originates in the macro `tri` (in Nightly builds, run with -Z macro-backtrace for more info)
help: consider importing this tuple variant
    -->  C:\Users\john\.cargo\registry\src\index.crates.io-1949cf8c6b5b557f\serde-1.0.219\src\de\value.rs:24:1
     |
24   + use core::result::Result::Err;
     |

error[E0425]: cannot find function, tuple struct or tuple variant `Err` in this scope
    --> C:\Users\john\.cargo\registry\src\index.crates.io-1949cf8c6b5b557f\serde-1.0.219\src\lib.rs:299:32
     |
299  |             Err(err) => return Err(err),
     |                                ^^^
     |
    ::: C:\Users\john\.cargo\registry\src\index.crates.io-1949cf8c6b5b557f\serde-1.0.219\src\de\value.rs:1317:21
     |
1317 |         let value = tri!(visitor.visit_seq(&mut self));
     |                     ---------------------------------- in this macro invocation
     |
     = note: this error originates in the macro `tri` (in Nightly builds, run with -Z macro-backtrace for more info)
help: a local variable with a similar name exists
     |
299  -             Err(err) => return Err(err),
299  +             Err(err) => return err(err),
     |
help: consider importing this tuple variant
    -->  C:\Users\john\.cargo\registry\src\index.crates.io-1949cf8c6b5b557f\serde-1.0.219\src\de\value.rs:24:1
     |
24   + use core::result::Result::Err;
     |

error[E0531]: cannot find tuple struct or tuple variant `Ok` in this scope
    --> C:\Users\john\.cargo\registry\src\index.crates.io-1949cf8c6b5b557f\serde-1.0.219\src\lib.rs:298:13
     |
298  |             Ok(val) => val,
     |             ^^ not found in this scope
     |
    ::: C:\Users\john\.cargo\registry\src\index.crates.io-1949cf8c6b5b557f\serde-1.0.219\src\de\value.rs:1318:9
     |
1318 |         tri!(self.end());
     |         ---------------- in this macro invocation
     |
     = note: this error originates in the macro `tri` (in Nightly builds, run with -Z macro-backtrace for more info)
help: consider importing this tuple variant
    -->  C:\Users\john\.cargo\registry\src\index.crates.io-1949cf8c6b5b557f\serde-1.0.219\src\de\value.rs:24:1
     |
24   + use core::result::Result::Ok;
     |

error[E0531]: cannot find tuple struct or tuple variant `Err` in this scope
    --> C:\Users\john\.cargo\registry\src\index.crates.io-1949cf8c6b5b557f\serde-1.0.219\src\lib.rs:299:13
     |
299  |             Err(err) => return Err(err),
     |             ^^^ not found in this scope
     |
    ::: C:\Users\john\.cargo\registry\src\index.crates.io-1949cf8c6b5b557f\serde-1.0.219\src\de\value.rs:1318:9
     |
1318 |         tri!(self.end());
     |         ---------------- in this macro invocation
     |
     = note: this error originates in the macro `tri` (in Nightly builds, run with -Z macro-backtrace for more info)
help: consider importing this tuple variant
    -->  C:\Users\john\.cargo\registry\src\index.crates.io-1949cf8c6b5b557f\serde-1.0.219\src\de\value.rs:24:1
     |
24   + use core::result::Result::Err;
     |

error[E0425]: cannot find function, tuple struct or tuple variant `Err` in this scope
    --> C:\Users\john\.cargo\registry\src\index.crates.io-1949cf8c6b5b557f\serde-1.0.219\src\lib.rs:299:32
     |
299  |             Err(err) => return Err(err),
     |                                ^^^
     |
    ::: C:\Users\john\.cargo\registry\src\index.crates.io-1949cf8c6b5b557f\serde-1.0.219\src\de\value.rs:1318:9
     |
1318 |         tri!(self.end());
     |         ---------------- in this macro invocation
     |
     = note: this error originates in the macro `tri` (in Nightly builds, run with -Z macro-backtrace for more info)
help: a local variable with a similar name exists
     |
299  -             Err(err) => return Err(err),
299  +             Err(err) => return err(err),
     |
help: consider importing this tuple variant
    -->  C:\Users\john\.cargo\registry\src\index.crates.io-1949cf8c6b5b557f\serde-1.0.219\src\de\value.rs:24:1
     |
24   + use core::result::Result::Err;
     |

error[E0425]: cannot find function, tuple struct or tuple variant `Ok` in this scope
    --> C:\Users\john\.cargo\registry\src\index.crates.io-1949cf8c6b5b557f\serde-1.0.219\src\de\value.rs:1319:9
     |
1319 |         Ok(value)
     |         ^^ not found in this scope
     |
help: consider importing this tuple variant
     |
24   + use core::result::Result::Ok;
     |

error[E0412]: cannot find type `Result` in this scope
    --> C:\Users\john\.cargo\registry\src\index.crates.io-1949cf8c6b5b557f\serde-1.0.219\src\de\value.rs:1322:62
     |
1322 |     fn deserialize_tuple<V>(self, len: usize, visitor: V) -> Result<V::Value, Self::Error>
     |                                                              ^^^^^^ not found in this scope
     |
help: consider importing one of these items
     |
24   + use core::fmt::Result;
     |
24   + use core::result::Result;
     |

error[E0405]: cannot find trait `Iterator` in this scope
    --> C:\Users\john\.cargo\registry\src\index.crates.io-1949cf8c6b5b557f\serde-1.0.219\src\de\value.rs:1339:8
     |
1339 |     I: Iterator,
     |        ^^^^^^^^ not found in this scope
     |
help: consider importing this trait
     |
24   + use core::iter::Iterator;
     |

error[E0405]: cannot find trait `Iterator` in this scope
    --> C:\Users\john\.cargo\registry\src\index.crates.io-1949cf8c6b5b557f\serde-1.0.219\src\de\value.rs:1354:8
     |
1354 |     I: Iterator,
     |        ^^^^^^^^ not found in this scope
     |
help: consider importing this trait
     |
24   + use core::iter::Iterator;
     |

error[E0412]: cannot find type `Result` in this scope
    --> C:\Users\john\.cargo\registry\src\index.crates.io-1949cf8c6b5b557f\serde-1.0.219\src\de\value.rs:1362:48
     |
1362 |     fn next_key_seed<T>(&mut self, seed: T) -> Result<Option<T::Value>, Self::Error>
     |                                                ^^^^^^ not found in this scope
     |
help: consider importing one of these items
     |
24   + use core::fmt::Result;
     |
24   + use core::result::Result;
     |

error[E0412]: cannot find type `Option` in this scope
    --> C:\Users\john\.cargo\registry\src\index.crates.io-1949cf8c6b5b557f\serde-1.0.219\src\de\value.rs:1362:55
     |
1362 |     fn next_key_seed<T>(&mut self, seed: T) -> Result<Option<T::Value>, Self::Error>
     |                                                       ^^^^^^ not found in this scope
     |
help: consider importing this enum
     |
24   + use core::option::Option;
     |

error[E0531]: cannot find tuple struct or tuple variant `Some` in this scope
    --> C:\Users\john\.cargo\registry\src\index.crates.io-1949cf8c6b5b557f\serde-1.0.219\src\de\value.rs:1367:13
     |
1367 |             Some((key, value)) => {
     |             ^^^^ not found in this scope
     |
note: tuple variant `crate::__private::ser::content::Content::Some` exists but is inaccessible
    --> C:\Users\john\.cargo\registry\src\index.crates.io-1949cf8c6b5b557f\serde-1.0.219\src\private\ser.rs:443:9
     |
443  |         Some(Box<Content>),
     |         ^^^^^^^^^^^^^^^^^^ not accessible
help: consider importing one of these tuple variants
     |
24   + use crate::__private::de::Content::Some;
     |
24   + use core::option::Option::Some;
     |

error[E0425]: cannot find function, tuple struct or tuple variant `Some` in this scope
    --> C:\Users\john\.cargo\registry\src\index.crates.io-1949cf8c6b5b557f\serde-1.0.219\src\de\value.rs:1368:30
     |
1368 |                 self.value = Some(value);
     |                              ^^^^ not found in this scope
     |
note: tuple variant `crate::__private::ser::content::Content::Some` exists but is inaccessible
    --> C:\Users\john\.cargo\registry\src\index.crates.io-1949cf8c6b5b557f\serde-1.0.219\src\private\ser.rs:443:9
     |
443  |         Some(Box<Content>),
     |         ^^^^^^^^^^^^^^^^^^ not accessible
help: consider importing one of these tuple variants
     |
24   + use crate::__private::de::Content::Some;
     |
24   + use core::option::Option::Some;
     |

error[E0425]: cannot find value `Some` in this scope
    --> C:\Users\john\.cargo\registry\src\index.crates.io-1949cf8c6b5b557f\serde-1.0.219\src\de\value.rs:1369:63
     |
1369 |                 seed.deserialize(key.into_deserializer()).map(Some)
     |                                                               ^^^^ not found in this scope
     |
note: tuple variant `crate::__private::ser::content::Content::Some` exists but is inaccessible
    --> C:\Users\john\.cargo\registry\src\index.crates.io-1949cf8c6b5b557f\serde-1.0.219\src\private\ser.rs:443:9
     |
443  |         Some(Box<Content>),
     |         ^^^^^^^^^^^^^^^^^^ not accessible
help: consider importing one of these tuple variants
     |
24   + use crate::__private::de::Content::Some;
     |
24   + use core::option::Option::Some;
     |

error[E0425]: cannot find function, tuple struct or tuple variant `Ok` in this scope
    --> C:\Users\john\.cargo\registry\src\index.crates.io-1949cf8c6b5b557f\serde-1.0.219\src\de\value.rs:1371:21
     |
1371 |             None => Ok(None),
     |                     ^^ not found in this scope
     |
help: consider importing this tuple variant
     |
24   + use core::result::Result::Ok;
     |

error[E0412]: cannot find type `Result` in this scope
    --> C:\Users\john\.cargo\registry\src\index.crates.io-1949cf8c6b5b557f\serde-1.0.219\src\de\value.rs:1375:50
     |
1375 |     fn next_value_seed<T>(&mut self, seed: T) -> Result<T::Value, Self::Error>
     |                                                  ^^^^^^ not found in this scope
     |
help: consider importing one of these items
     |
24   + use core::fmt::Result;
     |
24   + use core::result::Result;
     |

error[E0412]: cannot find type `Result` in this scope
    --> C:\Users\john\.cargo\registry\src\index.crates.io-1949cf8c6b5b557f\serde-1.0.219\src\de\value.rs:1390:10
     |
1390 |     ) -> Result<Option<(TK::Value, TV::Value)>, Self::Error>
     |          ^^^^^^ not found in this scope
     |
help: consider importing one of these items
     |
24   + use core::fmt::Result;
     |
24   + use core::result::Result;
     |

error[E0412]: cannot find type `Option` in this scope
    --> C:\Users\john\.cargo\registry\src\index.crates.io-1949cf8c6b5b557f\serde-1.0.219\src\de\value.rs:1390:17
     |
1390 |     ) -> Result<Option<(TK::Value, TV::Value)>, Self::Error>
     |                 ^^^^^^ not found in this scope
     |
help: consider importing this enum
     |
24   + use core::option::Option;
     |

error[E0531]: cannot find tuple struct or tuple variant `Some` in this scope
    --> C:\Users\john\.cargo\registry\src\index.crates.io-1949cf8c6b5b557f\serde-1.0.219\src\de\value.rs:1396:13
     |
1396 |             Some((key, value)) => {
     |             ^^^^ not found in this scope
     |
note: tuple variant `crate::__private::ser::content::Content::Some` exists but is inaccessible
    --> C:\Users\john\.cargo\registry\src\index.crates.io-1949cf8c6b5b557f\serde-1.0.219\src\private\ser.rs:443:9
     |
443  |         Some(Box<Content>),
     |         ^^^^^^^^^^^^^^^^^^ not accessible
help: consider importing one of these tuple variants
     |
24   + use crate::__private::de::Content::Some;
     |
24   + use core::option::Option::Some;
     |

error[E0531]: cannot find tuple struct or tuple variant `Ok` in this scope
    --> C:\Users\john\.cargo\registry\src\index.crates.io-1949cf8c6b5b557f\serde-1.0.219\src\lib.rs:298:13
     |
298  |             Ok(val) => val,
     |             ^^ not found in this scope
     |
    ::: C:\Users\john\.cargo\registry\src\index.crates.io-1949cf8c6b5b557f\serde-1.0.219\src\de\value.rs:1397:27
     |
1397 |                 let key = tri!(kseed.deserialize(key.into_deserializer()));
     |                           ------------------------------------------------ in this macro invocation
     |
     = note: this error originates in the macro `tri` (in Nightly builds, run with -Z macro-backtrace for more info)
help: consider importing this tuple variant
    -->  C:\Users\john\.cargo\registry\src\index.crates.io-1949cf8c6b5b557f\serde-1.0.219\src\de\value.rs:24:1
     |
24   + use core::result::Result::Ok;
     |

error[E0531]: cannot find tuple struct or tuple variant `Err` in this scope
    --> C:\Users\john\.cargo\registry\src\index.crates.io-1949cf8c6b5b557f\serde-1.0.219\src\lib.rs:299:13
     |
299  |             Err(err) => return Err(err),
     |             ^^^ not found in this scope
     |
    ::: C:\Users\john\.cargo\registry\src\index.crates.io-1949cf8c6b5b557f\serde-1.0.219\src\de\value.rs:1397:27
     |
1397 |                 let key = tri!(kseed.deserialize(key.into_deserializer()));
     |                           ------------------------------------------------ in this macro invocation
     |
     = note: this error originates in the macro `tri` (in Nightly builds, run with -Z macro-backtrace for more info)
help: consider importing this tuple variant
    -->  C:\Users\john\.cargo\registry\src\index.crates.io-1949cf8c6b5b557f\serde-1.0.219\src\de\value.rs:24:1
     |
24   + use core::result::Result::Err;
     |

error[E0425]: cannot find function, tuple struct or tuple variant `Err` in this scope
    --> C:\Users\john\.cargo\registry\src\index.crates.io-1949cf8c6b5b557f\serde-1.0.219\src\lib.rs:299:32
     |
299  |             Err(err) => return Err(err),
     |                                ^^^
     |
    ::: C:\Users\john\.cargo\registry\src\index.crates.io-1949cf8c6b5b557f\serde-1.0.219\src\de\value.rs:1397:27
     |
1397 |                 let key = tri!(kseed.deserialize(key.into_deserializer()));
     |                           ------------------------------------------------ in this macro invocation
     |
     = note: this error originates in the macro `tri` (in Nightly builds, run with -Z macro-backtrace for more info)
help: a local variable with a similar name exists
     |
299  -             Err(err) => return Err(err),
299  +             Err(err) => return err(err),
     |
help: consider importing this tuple variant
    -->  C:\Users\john\.cargo\registry\src\index.crates.io-1949cf8c6b5b557f\serde-1.0.219\src\de\value.rs:24:1
     |
24   + use core::result::Result::Err;
     |

error[E0531]: cannot find tuple struct or tuple variant `Ok` in this scope
    --> C:\Users\john\.cargo\registry\src\index.crates.io-1949cf8c6b5b557f\serde-1.0.219\src\lib.rs:298:13
     |
298  |             Ok(val) => val,
     |             ^^ not found in this scope
     |
    ::: C:\Users\john\.cargo\registry\src\index.crates.io-1949cf8c6b5b557f\serde-1.0.219\src\de\value.rs:1398:29
     |
1398 |                 let value = tri!(vseed.deserialize(value.into_deserializer()));
     |                             -------------------------------------------------- in this macro invocation
     |
     = note: this error originates in the macro `tri` (in Nightly builds, run with -Z macro-backtrace for more info)
help: consider importing this tuple variant
    -->  C:\Users\john\.cargo\registry\src\index.crates.io-1949cf8c6b5b557f\serde-1.0.219\src\de\value.rs:24:1
     |
24   + use core::result::Result::Ok;
     |

error[E0531]: cannot find tuple struct or tuple variant `Err` in this scope
    --> C:\Users\john\.cargo\registry\src\index.crates.io-1949cf8c6b5b557f\serde-1.0.219\src\lib.rs:299:13
     |
299  |             Err(err) => return Err(err),
     |             ^^^ not found in this scope
     |
    ::: C:\Users\john\.cargo\registry\src\index.crates.io-1949cf8c6b5b557f\serde-1.0.219\src\de\value.rs:1398:29
     |
1398 |                 let value = tri!(vseed.deserialize(value.into_deserializer()));
     |                             -------------------------------------------------- in this macro invocation
     |
     = note: this error originates in the macro `tri` (in Nightly builds, run with -Z macro-backtrace for more info)
help: consider importing this tuple variant
    -->  C:\Users\john\.cargo\registry\src\index.crates.io-1949cf8c6b5b557f\serde-1.0.219\src\de\value.rs:24:1
     |
24   + use core::result::Result::Err;
     |

error[E0425]: cannot find function, tuple struct or tuple variant `Err` in this scope
    --> C:\Users\john\.cargo\registry\src\index.crates.io-1949cf8c6b5b557f\serde-1.0.219\src\lib.rs:299:32
     |
299  |             Err(err) => return Err(err),
     |                                ^^^
     |
    ::: C:\Users\john\.cargo\registry\src\index.crates.io-1949cf8c6b5b557f\serde-1.0.219\src\de\value.rs:1398:29
     |
1398 |                 let value = tri!(vseed.deserialize(value.into_deserializer()));
     |                             -------------------------------------------------- in this macro invocation
     |
     = note: this error originates in the macro `tri` (in Nightly builds, run with -Z macro-backtrace for more info)
help: a local variable with a similar name exists
     |
299  -             Err(err) => return Err(err),
299  +             Err(err) => return err(err),
     |
help: consider importing this tuple variant
    -->  C:\Users\john\.cargo\registry\src\index.crates.io-1949cf8c6b5b557f\serde-1.0.219\src\de\value.rs:24:1
     |
24   + use core::result::Result::Err;
     |

error[E0425]: cannot find function, tuple struct or tuple variant `Ok` in this scope
    --> C:\Users\john\.cargo\registry\src\index.crates.io-1949cf8c6b5b557f\serde-1.0.219\src\de\value.rs:1399:17
     |
1399 |                 Ok(Some((key, value)))
     |                 ^^ not found in this scope
     |
help: consider importing this tuple variant
     |
24   + use core::result::Result::Ok;
     |

error[E0425]: cannot find function, tuple struct or tuple variant `Some` in this scope
    --> C:\Users\john\.cargo\registry\src\index.crates.io-1949cf8c6b5b557f\serde-1.0.219\src\de\value.rs:1399:20
     |
1399 |                 Ok(Some((key, value)))
     |                    ^^^^ not found in this scope
     |
note: tuple variant `crate::__private::ser::content::Content::Some` exists but is inaccessible
    --> C:\Users\john\.cargo\registry\src\index.crates.io-1949cf8c6b5b557f\serde-1.0.219\src\private\ser.rs:443:9
     |
443  |         Some(Box<Content>),
     |         ^^^^^^^^^^^^^^^^^^ not accessible
help: consider importing one of these tuple variants
     |
24   + use crate::__private::de::Content::Some;
     |
24   + use core::option::Option::Some;
     |

error[E0425]: cannot find function, tuple struct or tuple variant `Ok` in this scope
    --> C:\Users\john\.cargo\registry\src\index.crates.io-1949cf8c6b5b557f\serde-1.0.219\src\de\value.rs:1401:21
     |
1401 |             None => Ok(None),
     |                     ^^ not found in this scope
     |
help: consider importing this tuple variant
     |
24   + use core::result::Result::Ok;
     |

error[E0412]: cannot find type `Option` in this scope
    --> C:\Users\john\.cargo\registry\src\index.crates.io-1949cf8c6b5b557f\serde-1.0.219\src\de\value.rs:1405:28
     |
1405 |     fn size_hint(&self) -> Option<usize> {
     |                            ^^^^^^ not found in this scope
     |
help: consider importing this enum
     |
24   + use core::option::Option;
     |

error[E0405]: cannot find trait `Iterator` in this scope
    --> C:\Users\john\.cargo\registry\src\index.crates.io-1949cf8c6b5b557f\serde-1.0.219\src\de\value.rs:1412:8
     |
1412 |     I: Iterator,
     |        ^^^^^^^^ not found in this scope
     |
help: consider importing this trait
     |
24   + use core::iter::Iterator;
     |

error[E0412]: cannot find type `Result` in this scope
    --> C:\Users\john\.cargo\registry\src\index.crates.io-1949cf8c6b5b557f\serde-1.0.219\src\de\value.rs:1420:52
     |
1420 |     fn next_element_seed<T>(&mut self, seed: T) -> Result<Option<T::Value>, Self::Error>
     |                                                    ^^^^^^ not found in this scope
     |
help: consider importing one of these items
     |
24   + use core::fmt::Result;
     |
24   + use core::result::Result;
     |

error[E0412]: cannot find type `Option` in this scope
    --> C:\Users\john\.cargo\registry\src\index.crates.io-1949cf8c6b5b557f\serde-1.0.219\src\de\value.rs:1420:59
     |
1420 |     fn next_element_seed<T>(&mut self, seed: T) -> Result<Option<T::Value>, Self::Error>
     |                                                           ^^^^^^ not found in this scope
     |
help: consider importing this enum
     |
24   + use core::option::Option;
     |

error[E0531]: cannot find tuple struct or tuple variant `Some` in this scope
    --> C:\Users\john\.cargo\registry\src\index.crates.io-1949cf8c6b5b557f\serde-1.0.219\src\de\value.rs:1425:13
     |
1425 |             Some((k, v)) => {
     |             ^^^^ not found in this scope
     |
note: tuple variant `crate::__private::ser::content::Content::Some` exists but is inaccessible
    --> C:\Users\john\.cargo\registry\src\index.crates.io-1949cf8c6b5b557f\serde-1.0.219\src\private\ser.rs:443:9
     |
443  |         Some(Box<Content>),
     |         ^^^^^^^^^^^^^^^^^^ not accessible
help: consider importing one of these tuple variants
     |
24   + use crate::__private::de::Content::Some;
     |
24   + use core::option::Option::Some;
     |

error[E0425]: cannot find value `Some` in this scope
    --> C:\Users\john\.cargo\registry\src\index.crates.io-1949cf8c6b5b557f\serde-1.0.219\src\de\value.rs:1427:42
     |
1427 |                 seed.deserialize(de).map(Some)
     |                                          ^^^^ not found in this scope
     |
note: tuple variant `crate::__private::ser::content::Content::Some` exists but is inaccessible
    --> C:\Users\john\.cargo\registry\src\index.crates.io-1949cf8c6b5b557f\serde-1.0.219\src\private\ser.rs:443:9
     |
443  |         Some(Box<Content>),
     |         ^^^^^^^^^^^^^^^^^^ not accessible
help: consider importing one of these tuple variants
     |
24   + use crate::__private::de::Content::Some;
     |
24   + use core::option::Option::Some;
     |

error[E0425]: cannot find function, tuple struct or tuple variant `Ok` in this scope
    --> C:\Users\john\.cargo\registry\src\index.crates.io-1949cf8c6b5b557f\serde-1.0.219\src\de\value.rs:1429:21
     |
1429 |             None => Ok(None),
     |                     ^^ not found in this scope
     |
help: consider importing this tuple variant
     |
24   + use core::result::Result::Ok;
     |

error[E0412]: cannot find type `Option` in this scope
    --> C:\Users\john\.cargo\registry\src\index.crates.io-1949cf8c6b5b557f\serde-1.0.219\src\de\value.rs:1433:28
     |
1433 |     fn size_hint(&self) -> Option<usize> {
     |                            ^^^^^^ not found in this scope
     |
help: consider importing this enum
     |
24   + use core::option::Option;
     |

error[E0405]: cannot find trait `Clone` in this scope
    --> C:\Users\john\.cargo\registry\src\index.crates.io-1949cf8c6b5b557f\serde-1.0.219\src\de\value.rs:1439:17
     |
1439 | impl<'de, I, E> Clone for MapDeserializer<'de, I, E>
     |                 ^^^^^ not found in this scope
     |
help: consider importing this trait
     |
24   + use core::clone::Clone;
     |

error[E0405]: cannot find trait `Iterator` in this scope
    --> C:\Users\john\.cargo\registry\src\index.crates.io-1949cf8c6b5b557f\serde-1.0.219\src\de\value.rs:1441:8
     |
1441 |     I: Iterator + Clone,
     |        ^^^^^^^^ not found in this scope
     |
help: consider importing this trait
     |
24   + use core::iter::Iterator;
     |

error[E0405]: cannot find trait `Clone` in this scope
    --> C:\Users\john\.cargo\registry\src\index.crates.io-1949cf8c6b5b557f\serde-1.0.219\src\de\value.rs:1441:19
     |
1441 |     I: Iterator + Clone,
     |                   ^^^^^ not found in this scope
     |
help: consider importing this trait
     |
24   + use core::clone::Clone;
     |

error[E0405]: cannot find trait `Clone` in this scope
    --> C:\Users\john\.cargo\registry\src\index.crates.io-1949cf8c6b5b557f\serde-1.0.219\src\de\value.rs:1443:22
     |
1443 |     Second<I::Item>: Clone,
     |                      ^^^^^ not found in this scope
     |
help: consider importing this trait
     |
24   + use core::clone::Clone;
     |

error[E0405]: cannot find trait `Iterator` in this scope
    --> C:\Users\john\.cargo\registry\src\index.crates.io-1949cf8c6b5b557f\serde-1.0.219\src\de\value.rs:1458:8
     |
1458 |     I: Iterator + Debug,
     |        ^^^^^^^^ not found in this scope
     |
help: consider importing this trait
     |
24   + use core::iter::Iterator;
     |

error[E0412]: cannot find type `Result` in this scope
    --> C:\Users\john\.cargo\registry\src\index.crates.io-1949cf8c6b5b557f\serde-1.0.219\src\de\value.rs:1490:48
     |
1490 |     fn deserialize_any<V>(self, visitor: V) -> Result<V::Value, Self::Error>
     |                                                ^^^^^^ not found in this scope
     |
help: consider importing one of these items
     |
24   + use core::fmt::Result;
     |
24   + use core::result::Result;
     |

error[E0412]: cannot find type `Result` in this scope
    --> C:\Users\john\.cargo\registry\src\index.crates.io-1949cf8c6b5b557f\serde-1.0.219\src\de\value.rs:1497:48
     |
1497 |     fn deserialize_seq<V>(self, visitor: V) -> Result<V::Value, Self::Error>
     |                                                ^^^^^^ not found in this scope
     |
help: consider importing one of these items
     |
24   + use core::fmt::Result;
     |
24   + use core::result::Result;
     |

error[E0425]: cannot find function, tuple struct or tuple variant `Some` in this scope
    --> C:\Users\john\.cargo\registry\src\index.crates.io-1949cf8c6b5b557f\serde-1.0.219\src\de\value.rs:1501:44
     |
1501 |         let mut pair_visitor = PairVisitor(Some(self.0), Some(self.1), PhantomData);
     |                                            ^^^^ not found in this scope
     |
note: tuple variant `crate::__private::ser::content::Content::Some` exists but is inaccessible
    --> C:\Users\john\.cargo\registry\src\index.crates.io-1949cf8c6b5b557f\serde-1.0.219\src\private\ser.rs:443:9
     |
443  |         Some(Box<Content>),
     |         ^^^^^^^^^^^^^^^^^^ not accessible
help: consider importing one of these tuple variants
     |
24   + use crate::__private::de::Content::Some;
     |
24   + use core::option::Option::Some;
     |

error[E0425]: cannot find function, tuple struct or tuple variant `Some` in this scope
    --> C:\Users\john\.cargo\registry\src\index.crates.io-1949cf8c6b5b557f\serde-1.0.219\src\de\value.rs:1501:58
     |
1501 |         let mut pair_visitor = PairVisitor(Some(self.0), Some(self.1), PhantomData);
     |                                                          ^^^^ not found in this scope
     |
note: tuple variant `crate::__private::ser::content::Content::Some` exists but is inaccessible
    --> C:\Users\john\.cargo\registry\src\index.crates.io-1949cf8c6b5b557f\serde-1.0.219\src\private\ser.rs:443:9
     |
443  |         Some(Box<Content>),
     |         ^^^^^^^^^^^^^^^^^^ not accessible
help: consider importing one of these tuple variants
     |
24   + use crate::__private::de::Content::Some;
     |
24   + use core::option::Option::Some;
     |

error[E0531]: cannot find tuple struct or tuple variant `Ok` in this scope
    --> C:\Users\john\.cargo\registry\src\index.crates.io-1949cf8c6b5b557f\serde-1.0.219\src\lib.rs:298:13
     |
298  |             Ok(val) => val,
     |             ^^ not found in this scope
     |
    ::: C:\Users\john\.cargo\registry\src\index.crates.io-1949cf8c6b5b557f\serde-1.0.219\src\de\value.rs:1502:20
     |
1502 |         let pair = tri!(visitor.visit_seq(&mut pair_visitor));
     |                    ------------------------------------------ in this macro invocation
     |
     = note: this error originates in the macro `tri` (in Nightly builds, run with -Z macro-backtrace for more info)
help: consider importing this tuple variant
    -->  C:\Users\john\.cargo\registry\src\index.crates.io-1949cf8c6b5b557f\serde-1.0.219\src\de\value.rs:24:1
     |
24   + use core::result::Result::Ok;
     |

error[E0531]: cannot find tuple struct or tuple variant `Err` in this scope
    --> C:\Users\john\.cargo\registry\src\index.crates.io-1949cf8c6b5b557f\serde-1.0.219\src\lib.rs:299:13
     |
299  |             Err(err) => return Err(err),
     |             ^^^ not found in this scope
     |
    ::: C:\Users\john\.cargo\registry\src\index.crates.io-1949cf8c6b5b557f\serde-1.0.219\src\de\value.rs:1502:20
     |
1502 |         let pair = tri!(visitor.visit_seq(&mut pair_visitor));
     |                    ------------------------------------------ in this macro invocation
     |
     = note: this error originates in the macro `tri` (in Nightly builds, run with -Z macro-backtrace for more info)
help: consider importing this tuple variant
    -->  C:\Users\john\.cargo\registry\src\index.crates.io-1949cf8c6b5b557f\serde-1.0.219\src\de\value.rs:24:1
     |
24   + use core::result::Result::Err;
     |

error[E0425]: cannot find function, tuple struct or tuple variant `Err` in this scope
    --> C:\Users\john\.cargo\registry\src\index.crates.io-1949cf8c6b5b557f\serde-1.0.219\src\lib.rs:299:32
     |
299  |             Err(err) => return Err(err),
     |                                ^^^
     |
    ::: C:\Users\john\.cargo\registry\src\index.crates.io-1949cf8c6b5b557f\serde-1.0.219\src\de\value.rs:1502:20
     |
1502 |         let pair = tri!(visitor.visit_seq(&mut pair_visitor));
     |                    ------------------------------------------ in this macro invocation
     |
     = note: this error originates in the macro `tri` (in Nightly builds, run with -Z macro-backtrace for more info)
help: a local variable with a similar name exists
     |
299  -             Err(err) => return Err(err),
299  +             Err(err) => return err(err),
     |
help: consider importing this tuple variant
    -->  C:\Users\john\.cargo\registry\src\index.crates.io-1949cf8c6b5b557f\serde-1.0.219\src\de\value.rs:24:1
     |
24   + use core::result::Result::Err;
     |

error[E0425]: cannot find function, tuple struct or tuple variant `Ok` in this scope
    --> C:\Users\john\.cargo\registry\src\index.crates.io-1949cf8c6b5b557f\serde-1.0.219\src\de\value.rs:1504:13
     |
1504 |             Ok(pair)
     |             ^^ not found in this scope
     |
help: consider importing this tuple variant
     |
24   + use core::result::Result::Ok;
     |

error[E0425]: cannot find function, tuple struct or tuple variant `Err` in this scope
    --> C:\Users\john\.cargo\registry\src\index.crates.io-1949cf8c6b5b557f\serde-1.0.219\src\de\value.rs:1509:13
     |
1509 |             Err(de::Error::invalid_length(2, &ExpectedInSeq(2 - remaining)))
     |             ^^^ not found in this scope
     |
help: consider importing this tuple variant
     |
24   + use core::result::Result::Err;
     |

error[E0412]: cannot find type `Result` in this scope
    --> C:\Users\john\.cargo\registry\src\index.crates.io-1949cf8c6b5b557f\serde-1.0.219\src\de\value.rs:1513:62
     |
1513 |     fn deserialize_tuple<V>(self, len: usize, visitor: V) -> Result<V::Value, Self::Error>
     |                                                              ^^^^^^ not found in this scope
     |
help: consider importing one of these items
     |
24   + use core::fmt::Result;
     |
24   + use core::result::Result;
     |

error[E0425]: cannot find function, tuple struct or tuple variant `Err` in this scope
    --> C:\Users\john\.cargo\registry\src\index.crates.io-1949cf8c6b5b557f\serde-1.0.219\src\de\value.rs:1522:13
     |
1522 |             Err(de::Error::invalid_length(2, &ExpectedInSeq(len)))
     |             ^^^ not found in this scope
     |
help: consider importing this tuple variant
     |
24   + use core::result::Result::Err;
     |

error[E0412]: cannot find type `Option` in this scope
    --> C:\Users\john\.cargo\registry\src\index.crates.io-1949cf8c6b5b557f\serde-1.0.219\src\de\value.rs:1527:29
     |
1527 | struct PairVisitor<A, B, E>(Option<A>, Option<B>, PhantomData<E>);
     |                             ^^^^^^ not found in this scope
     |
help: consider importing this enum
     |
24   + use core::option::Option;
     |

error[E0412]: cannot find type `Option` in this scope
    --> C:\Users\john\.cargo\registry\src\index.crates.io-1949cf8c6b5b557f\serde-1.0.219\src\de\value.rs:1527:40
     |
1527 | struct PairVisitor<A, B, E>(Option<A>, Option<B>, PhantomData<E>);
     |                                        ^^^^^^ not found in this scope
     |
help: consider importing this enum
     |
24   + use core::option::Option;
     |

error[E0412]: cannot find type `Result` in this scope
    --> C:\Users\john\.cargo\registry\src\index.crates.io-1949cf8c6b5b557f\serde-1.0.219\src\de\value.rs:1537:52
     |
1537 |     fn next_element_seed<T>(&mut self, seed: T) -> Result<Option<T::Value>, Self::Error>
     |                                                    ^^^^^^ not found in this scope
     |
help: consider importing one of these items
     |
24   + use core::fmt::Result;
     |
24   + use core::result::Result;
     |

error[E0412]: cannot find type `Option` in this scope
    --> C:\Users\john\.cargo\registry\src\index.crates.io-1949cf8c6b5b557f\serde-1.0.219\src\de\value.rs:1537:59
     |
1537 |     fn next_element_seed<T>(&mut self, seed: T) -> Result<Option<T::Value>, Self::Error>
     |                                                           ^^^^^^ not found in this scope
     |
help: consider importing this enum
     |
24   + use core::option::Option;
     |

error[E0531]: cannot find tuple struct or tuple variant `Some` in this scope
    --> C:\Users\john\.cargo\registry\src\index.crates.io-1949cf8c6b5b557f\serde-1.0.219\src\de\value.rs:1541:16
     |
1541 |         if let Some(k) = self.0.take() {
     |                ^^^^ not found in this scope
     |
note: tuple variant `crate::__private::ser::content::Content::Some` exists but is inaccessible
    --> C:\Users\john\.cargo\registry\src\index.crates.io-1949cf8c6b5b557f\serde-1.0.219\src\private\ser.rs:443:9
     |
443  |         Some(Box<Content>),
     |         ^^^^^^^^^^^^^^^^^^ not accessible
help: consider importing one of these tuple variants
     |
24   + use crate::__private::de::Content::Some;
     |
24   + use core::option::Option::Some;
     |

error[E0425]: cannot find value `Some` in this scope
    --> C:\Users\john\.cargo\registry\src\index.crates.io-1949cf8c6b5b557f\serde-1.0.219\src\de\value.rs:1542:57
     |
1542 |             seed.deserialize(k.into_deserializer()).map(Some)
     |                                                         ^^^^ not found in this scope
     |
note: tuple variant `crate::__private::ser::content::Content::Some` exists but is inaccessible
    --> C:\Users\john\.cargo\registry\src\index.crates.io-1949cf8c6b5b557f\serde-1.0.219\src\private\ser.rs:443:9
     |
443  |         Some(Box<Content>),
     |         ^^^^^^^^^^^^^^^^^^ not accessible
help: consider importing one of these tuple variants
     |
24   + use crate::__private::de::Content::Some;
     |
24   + use core::option::Option::Some;
     |

error[E0531]: cannot find tuple struct or tuple variant `Some` in this scope
    --> C:\Users\john\.cargo\registry\src\index.crates.io-1949cf8c6b5b557f\serde-1.0.219\src\de\value.rs:1543:23
     |
1543 |         } else if let Some(v) = self.1.take() {
     |                       ^^^^ not found in this scope
     |
note: tuple variant `crate::__private::ser::content::Content::Some` exists but is inaccessible
    --> C:\Users\john\.cargo\registry\src\index.crates.io-1949cf8c6b5b557f\serde-1.0.219\src\private\ser.rs:443:9
     |
443  |         Some(Box<Content>),
     |         ^^^^^^^^^^^^^^^^^^ not accessible
help: consider importing one of these tuple variants
     |
24   + use crate::__private::de::Content::Some;
     |
24   + use core::option::Option::Some;
     |

error[E0425]: cannot find value `Some` in this scope
    --> C:\Users\john\.cargo\registry\src\index.crates.io-1949cf8c6b5b557f\serde-1.0.219\src\de\value.rs:1544:57
     |
1544 |             seed.deserialize(v.into_deserializer()).map(Some)
     |                                                         ^^^^ not found in this scope
     |
note: tuple variant `crate::__private::ser::content::Content::Some` exists but is inaccessible
    --> C:\Users\john\.cargo\registry\src\index.crates.io-1949cf8c6b5b557f\serde-1.0.219\src\private\ser.rs:443:9
     |
443  |         Some(Box<Content>),
     |         ^^^^^^^^^^^^^^^^^^ not accessible
help: consider importing one of these tuple variants
     |
24   + use crate::__private::de::Content::Some;
     |
24   + use core::option::Option::Some;
     |

error[E0425]: cannot find function, tuple struct or tuple variant `Ok` in this scope
    --> C:\Users\john\.cargo\registry\src\index.crates.io-1949cf8c6b5b557f\serde-1.0.219\src\de\value.rs:1546:13
     |
1546 |             Ok(None)
     |             ^^ not found in this scope
     |
help: consider importing this tuple variant
     |
24   + use core::result::Result::Ok;
     |

error[E0425]: cannot find value `None` in this scope
    --> C:\Users\john\.cargo\registry\src\index.crates.io-1949cf8c6b5b557f\serde-1.0.219\src\de\value.rs:1546:16
     |
1546 |             Ok(None)
     |                ^^^^ not found in this scope
     |
note: unit variant `crate::__private::ser::content::Content::None` exists but is inaccessible
    --> C:\Users\john\.cargo\registry\src\index.crates.io-1949cf8c6b5b557f\serde-1.0.219\src\private\ser.rs:442:9
     |
442  |         None,
     |         ^^^^ not accessible
help: consider importing one of these unit variants
     |
24   + use crate::__private::de::Content::None;
     |
24   + use core::option::Option::None;
     |

error[E0412]: cannot find type `Option` in this scope
    --> C:\Users\john\.cargo\registry\src\index.crates.io-1949cf8c6b5b557f\serde-1.0.219\src\de\value.rs:1550:28
     |
1550 |     fn size_hint(&self) -> Option<usize> {
     |                            ^^^^^^ not found in this scope
     |
help: consider importing this enum
     |
24   + use core::option::Option;
     |

error[E0425]: cannot find function, tuple struct or tuple variant `Some` in this scope
    --> C:\Users\john\.cargo\registry\src\index.crates.io-1949cf8c6b5b557f\serde-1.0.219\src\de\value.rs:1552:13
     |
1552 |             Some(2)
     |             ^^^^ not found in this scope
     |
note: tuple variant `crate::__private::ser::content::Content::Some` exists but is inaccessible
    --> C:\Users\john\.cargo\registry\src\index.crates.io-1949cf8c6b5b557f\serde-1.0.219\src\private\ser.rs:443:9
     |
443  |         Some(Box<Content>),
     |         ^^^^^^^^^^^^^^^^^^ not accessible
help: consider importing one of these tuple variants
     |
24   + use crate::__private::de::Content::Some;
     |
24   + use core::option::Option::Some;
     |

error[E0425]: cannot find function, tuple struct or tuple variant `Some` in this scope
    --> C:\Users\john\.cargo\registry\src\index.crates.io-1949cf8c6b5b557f\serde-1.0.219\src\de\value.rs:1554:13
     |
1554 |             Some(1)
     |             ^^^^ not found in this scope
     |
note: tuple variant `crate::__private::ser::content::Content::Some` exists but is inaccessible
    --> C:\Users\john\.cargo\registry\src\index.crates.io-1949cf8c6b5b557f\serde-1.0.219\src\private\ser.rs:443:9
     |
443  |         Some(Box<Content>),
     |         ^^^^^^^^^^^^^^^^^^ not accessible
help: consider importing one of these tuple variants
     |
24   + use crate::__private::de::Content::Some;
     |
24   + use core::option::Option::Some;
     |

error[E0425]: cannot find function, tuple struct or tuple variant `Some` in this scope
    --> C:\Users\john\.cargo\registry\src\index.crates.io-1949cf8c6b5b557f\serde-1.0.219\src\de\value.rs:1556:13
     |
1556 |             Some(0)
     |             ^^^^ not found in this scope
     |
note: tuple variant `crate::__private::ser::content::Content::Some` exists but is inaccessible
    --> C:\Users\john\.cargo\registry\src\index.crates.io-1949cf8c6b5b557f\serde-1.0.219\src\private\ser.rs:443:9
     |
443  |         Some(Box<Content>),
     |         ^^^^^^^^^^^^^^^^^^ not accessible
help: consider importing one of these tuple variants
     |
24   + use crate::__private::de::Content::Some;
     |
24   + use core::option::Option::Some;
     |

error[E0405]: cannot find trait `Eq` in this scope
    --> C:\Users\john\.cargo\registry\src\index.crates.io-1949cf8c6b5b557f\serde-1.0.219\src\de\value.rs:1579:35
     |
1579 |     K: IntoDeserializer<'de, E> + Eq + Ord,
     |                                   ^^ not found in this scope
     |
help: consider importing this trait
     |
24   + use core::cmp::Eq;
     |

error[E0405]: cannot find trait `Ord` in this scope
    --> C:\Users\john\.cargo\registry\src\index.crates.io-1949cf8c6b5b557f\serde-1.0.219\src\de\value.rs:1579:40
     |
1579 |     K: IntoDeserializer<'de, E> + Eq + Ord,
     |                                        ^^^ not found in this scope
     |
help: consider importing this trait
     |
24   + use core::cmp::Ord;
     |

error[E0405]: cannot find trait `IntoIterator` in this scope
    --> C:\Users\john\.cargo\registry\src\index.crates.io-1949cf8c6b5b557f\serde-1.0.219\src\de\value.rs:1583:55
     |
1583 |     type Deserializer = MapDeserializer<'de, <Self as IntoIterator>::IntoIter, E>;
     |                                                       ^^^^^^^^^^^^ not found in this scope
     |
help: consider importing this trait
     |
24   + use core::iter::IntoIterator;
     |

error[E0405]: cannot find trait `Eq` in this scope
    --> C:\Users\john\.cargo\registry\src\index.crates.io-1949cf8c6b5b557f\serde-1.0.219\src\de\value.rs:1594:35
     |
1594 |     K: IntoDeserializer<'de, E> + Eq + Hash,
     |                                   ^^ not found in this scope
     |
help: consider importing this trait
     |
24   + use core::cmp::Eq;
     |

error[E0405]: cannot find trait `IntoIterator` in this scope
    --> C:\Users\john\.cargo\registry\src\index.crates.io-1949cf8c6b5b557f\serde-1.0.219\src\de\value.rs:1599:55
     |
1599 |     type Deserializer = MapDeserializer<'de, <Self as IntoIterator>::IntoIter, E>;
     |                                                       ^^^^^^^^^^^^ not found in this scope
     |
help: consider importing this trait
     |
24   + use core::iter::IntoIterator;
     |

error[E0412]: cannot find type `Result` in this scope
    --> C:\Users\john\.cargo\registry\src\index.crates.io-1949cf8c6b5b557f\serde-1.0.219\src\de\value.rs:1627:48
     |
1627 |     fn deserialize_any<V>(self, visitor: V) -> Result<V::Value, Self::Error>
     |                                                ^^^^^^ not found in this scope
     |
help: consider importing one of these items
     |
24   + use core::fmt::Result;
     |
24   + use core::result::Result;
     |

error[E0412]: cannot find type `Result` in this scope
    --> C:\Users\john\.cargo\registry\src\index.crates.io-1949cf8c6b5b557f\serde-1.0.219\src\de\value.rs:1639:10
     |
1639 |     ) -> Result<V::Value, Self::Error>
     |          ^^^^^^ not found in this scope
     |
help: consider importing one of these items
     |
24   + use core::fmt::Result;
     |
24   + use core::result::Result;
     |

error[E0412]: cannot find type `Result` in this scope
    --> C:\Users\john\.cargo\registry\src\index.crates.io-1949cf8c6b5b557f\serde-1.0.219\src\de\value.rs:1671:46
     |
1671 |     fn variant_seed<T>(mut self, seed: T) -> Result<(T::Value, Self::Variant), Self::Error>
     |                                              ^^^^^^ not found in this scope
     |
help: consider importing one of these items
     |
24   + use core::fmt::Result;
     |
24   + use core::result::Result;
     |

error[E0531]: cannot find tuple struct or tuple variant `Ok` in this scope
    --> C:\Users\john\.cargo\registry\src\index.crates.io-1949cf8c6b5b557f\serde-1.0.219\src\lib.rs:298:13
     |
298  |             Ok(val) => val,
     |             ^^ not found in this scope
     |
    ::: C:\Users\john\.cargo\registry\src\index.crates.io-1949cf8c6b5b557f\serde-1.0.219\src\de\value.rs:1675:15
     |
1675 |         match tri!(self.map.next_key_seed(seed)) {
     |               ---------------------------------- in this macro invocation
     |
     = note: this error originates in the macro `tri` (in Nightly builds, run with -Z macro-backtrace for more info)
help: consider importing this tuple variant
    -->  C:\Users\john\.cargo\registry\src\index.crates.io-1949cf8c6b5b557f\serde-1.0.219\src\de\value.rs:24:1
     |
24   + use core::result::Result::Ok;
     |

error[E0531]: cannot find tuple struct or tuple variant `Err` in this scope
    --> C:\Users\john\.cargo\registry\src\index.crates.io-1949cf8c6b5b557f\serde-1.0.219\src\lib.rs:299:13
     |
299  |             Err(err) => return Err(err),
     |             ^^^ not found in this scope
     |
    ::: C:\Users\john\.cargo\registry\src\index.crates.io-1949cf8c6b5b557f\serde-1.0.219\src\de\value.rs:1675:15
     |
1675 |         match tri!(self.map.next_key_seed(seed)) {
     |               ---------------------------------- in this macro invocation
     |
     = note: this error originates in the macro `tri` (in Nightly builds, run with -Z macro-backtrace for more info)
help: consider importing this tuple variant
    -->  C:\Users\john\.cargo\registry\src\index.crates.io-1949cf8c6b5b557f\serde-1.0.219\src\de\value.rs:24:1
     |
24   + use core::result::Result::Err;
     |

error[E0425]: cannot find function, tuple struct or tuple variant `Err` in this scope
    --> C:\Users\john\.cargo\registry\src\index.crates.io-1949cf8c6b5b557f\serde-1.0.219\src\lib.rs:299:32
     |
299  |             Err(err) => return Err(err),
     |                                ^^^
     |
    ::: C:\Users\john\.cargo\registry\src\index.crates.io-1949cf8c6b5b557f\serde-1.0.219\src\de\value.rs:1675:15
     |
1675 |         match tri!(self.map.next_key_seed(seed)) {
     |               ---------------------------------- in this macro invocation
     |
     = note: this error originates in the macro `tri` (in Nightly builds, run with -Z macro-backtrace for more info)
help: a local variable with a similar name exists
     |
299  -             Err(err) => return Err(err),
299  +             Err(err) => return err(err),
     |
help: consider importing this tuple variant
    -->  C:\Users\john\.cargo\registry\src\index.crates.io-1949cf8c6b5b557f\serde-1.0.219\src\de\value.rs:24:1
     |
24   + use core::result::Result::Err;
     |

error[E0531]: cannot find tuple struct or tuple variant `Some` in this scope
    --> C:\Users\john\.cargo\registry\src\index.crates.io-1949cf8c6b5b557f\serde-1.0.219\src\de\value.rs:1676:13
     |
1676 |             Some(key) => Ok((key, private::map_as_enum(self.map))),
     |             ^^^^ not found in this scope
     |
note: tuple variant `crate::__private::ser::content::Content::Some` exists but is inaccessible
    --> C:\Users\john\.cargo\registry\src\index.crates.io-1949cf8c6b5b557f\serde-1.0.219\src\private\ser.rs:443:9
     |
443  |         Some(Box<Content>),
     |         ^^^^^^^^^^^^^^^^^^ not accessible
help: consider importing one of these tuple variants
     |
24   + use crate::__private::de::Content::Some;
     |
24   + use core::option::Option::Some;
     |

error[E0425]: cannot find function, tuple struct or tuple variant `Ok` in this scope
    --> C:\Users\john\.cargo\registry\src\index.crates.io-1949cf8c6b5b557f\serde-1.0.219\src\de\value.rs:1676:26
     |
1676 |             Some(key) => Ok((key, private::map_as_enum(self.map))),
     |                          ^^ not found in this scope
     |
help: consider importing this tuple variant
     |
24   + use core::result::Result::Ok;
     |

error[E0425]: cannot find function, tuple struct or tuple variant `Err` in this scope
    --> C:\Users\john\.cargo\registry\src\index.crates.io-1949cf8c6b5b557f\serde-1.0.219\src\de\value.rs:1677:21
     |
1677 |             None => Err(de::Error::invalid_type(de::Unexpected::Map, &"enum")),
     |                     ^^^ not found in this scope
     |
help: consider importing this tuple variant
     |
24   + use core::result::Result::Err;
     |

error[E0412]: cannot find type `Result` in this scope
    --> C:\Users\john\.cargo\registry\src\index.crates.io-1949cf8c6b5b557f\serde-1.0.219\src\de\value.rs:1703:48
     |
1703 |     fn deserialize_any<V>(self, visitor: V) -> Result<V::Value, Self::Error>
     |                                                ^^^^^^ not found in this scope
     |
help: consider importing one of these items
     |
24   + use core::fmt::Result;
     |
24   + use core::result::Result;
     |

error[E0412]: cannot find type `Result` in this scope
    --> C:\Users\john\.cargo\registry\src\index.crates.io-1949cf8c6b5b557f\serde-1.0.219\src\de\value.rs:1756:34
     |
1756 |         fn unit_variant(self) -> Result<(), Self::Error> {
     |                                  ^^^^^^ not found in this scope
     |
help: consider importing one of these items
     |
1731 +     use core::fmt::Result;
     |
1731 +     use core::result::Result;
     |

error[E0425]: cannot find function, tuple struct or tuple variant `Ok` in this scope
    --> C:\Users\john\.cargo\registry\src\index.crates.io-1949cf8c6b5b557f\serde-1.0.219\src\de\value.rs:1757:13
     |
1757 |             Ok(())
     |             ^^ not found in this scope
     |
help: consider importing this tuple variant
     |
1731 +     use core::result::Result::Ok;
     |

error[E0412]: cannot find type `Result` in this scope
    --> C:\Users\john\.cargo\registry\src\index.crates.io-1949cf8c6b5b557f\serde-1.0.219\src\de\value.rs:1760:55
     |
1760 |         fn newtype_variant_seed<T>(self, _seed: T) -> Result<T::Value, Self::Error>
     |                                                       ^^^^^^ not found in this scope
     |
help: consider importing one of these items
     |
1731 +     use core::fmt::Result;
     |
1731 +     use core::result::Result;
     |

error[E0425]: cannot find function, tuple struct or tuple variant `Err` in this scope
    --> C:\Users\john\.cargo\registry\src\index.crates.io-1949cf8c6b5b557f\serde-1.0.219\src\de\value.rs:1764:13
     |
1764 |             Err(de::Error::invalid_type(
     |             ^^^ not found in this scope
     |
help: consider importing this tuple variant
     |
1731 +     use core::result::Result::Err;
     |

error[E0412]: cannot find type `Result` in this scope
    --> C:\Users\john\.cargo\registry\src\index.crates.io-1949cf8c6b5b557f\serde-1.0.219\src\de\value.rs:1770:64
     |
1770 |         fn tuple_variant<V>(self, _len: usize, _visitor: V) -> Result<V::Value, Self::Error>
     |                                                                ^^^^^^ not found in this scope
     |
help: consider importing one of these items
     |
1731 +     use core::fmt::Result;
     |
1731 +     use core::result::Result;
     |

error[E0425]: cannot find function, tuple struct or tuple variant `Err` in this scope
    --> C:\Users\john\.cargo\registry\src\index.crates.io-1949cf8c6b5b557f\serde-1.0.219\src\de\value.rs:1774:13
     |
1774 |             Err(de::Error::invalid_type(
     |             ^^^ not found in this scope
     |
help: consider importing this tuple variant
     |
1731 +     use core::result::Result::Err;
     |

error[E0412]: cannot find type `Result` in this scope
    --> C:\Users\john\.cargo\registry\src\index.crates.io-1949cf8c6b5b557f\serde-1.0.219\src\de\value.rs:1784:14
     |
1784 |         ) -> Result<V::Value, Self::Error>
     |              ^^^^^^ not found in this scope
     |
help: consider importing one of these items
     |
1731 +     use core::fmt::Result;
     |
1731 +     use core::result::Result;
     |

error[E0425]: cannot find function, tuple struct or tuple variant `Err` in this scope
    --> C:\Users\john\.cargo\registry\src\index.crates.io-1949cf8c6b5b557f\serde-1.0.219\src\de\value.rs:1788:13
     |
1788 |             Err(de::Error::invalid_type(
     |             ^^^ not found in this scope
     |
help: consider importing this tuple variant
     |
1731 +     use core::result::Result::Err;
     |

error[E0412]: cannot find type `Result` in this scope
    --> C:\Users\john\.cargo\registry\src\index.crates.io-1949cf8c6b5b557f\serde-1.0.219\src\de\value.rs:1809:38
     |
1809 |         fn unit_variant(mut self) -> Result<(), Self::Error> {
     |                                      ^^^^^^ not found in this scope
     |
help: consider importing one of these items
     |
1731 +     use core::fmt::Result;
     |
1731 +     use core::result::Result;
     |

error[E0412]: cannot find type `Result` in this scope
    --> C:\Users\john\.cargo\registry\src\index.crates.io-1949cf8c6b5b557f\serde-1.0.219\src\de\value.rs:1813:58
     |
1813 |         fn newtype_variant_seed<T>(mut self, seed: T) -> Result<T::Value, Self::Error>
     |                                                          ^^^^^^ not found in this scope
     |
help: consider importing one of these items
     |
1731 +     use core::fmt::Result;
     |
1731 +     use core::result::Result;
     |

error[E0412]: cannot find type `Result` in this scope
    --> C:\Users\john\.cargo\registry\src\index.crates.io-1949cf8c6b5b557f\serde-1.0.219\src\de\value.rs:1820:66
     |
1820 |         fn tuple_variant<V>(mut self, len: usize, visitor: V) -> Result<V::Value, Self::Error>
     |                                                                  ^^^^^^ not found in this scope
     |
help: consider importing one of these items
     |
1731 +     use core::fmt::Result;
     |
1731 +     use core::result::Result;
     |

error[E0412]: cannot find type `Result` in this scope
    --> C:\Users\john\.cargo\registry\src\index.crates.io-1949cf8c6b5b557f\serde-1.0.219\src\de\value.rs:1831:14
     |
1831 |         ) -> Result<V::Value, Self::Error>
     |              ^^^^^^ not found in this scope
     |
help: consider importing one of these items
     |
1731 +     use core::fmt::Result;
     |
1731 +     use core::result::Result;
     |

error[E0412]: cannot find type `Result` in this scope
    --> C:\Users\john\.cargo\registry\src\index.crates.io-1949cf8c6b5b557f\serde-1.0.219\src\de\value.rs:1850:53
     |
1850 |         fn deserialize<D>(self, deserializer: D) -> Result<Self::Value, D::Error>
     |                                                     ^^^^^^ not found in this scope
     |
help: consider importing one of these items
     |
1731 +     use core::fmt::Result;
     |
1731 +     use core::result::Result;
     |

error[E0412]: cannot find type `Result` in this scope
    --> C:\Users\john\.cargo\registry\src\index.crates.io-1949cf8c6b5b557f\serde-1.0.219\src\de\value.rs:1868:53
     |
1868 |         fn deserialize<D>(self, deserializer: D) -> Result<Self::Value, D::Error>
     |                                                     ^^^^^^ not found in this scope
     |
help: consider importing one of these items
     |
1731 +     use core::fmt::Result;
     |
1731 +     use core::result::Result;
     |

error[E0412]: cannot find type `Result` in this scope
   --> C:\Users\john\.cargo\registry\src\index.crates.io-1949cf8c6b5b557f\serde-1.0.219\src\de\ignored_any.rs:121:40
    |
121 |     fn visit_bool<E>(self, x: bool) -> Result<Self::Value, E> {
    |                                        ^^^^^^ not found in this scope
    |
help: consider importing one of these items
    |
1   + use core::fmt::Result;
    |
1   + use core::result::Result;
    |

error[E0425]: cannot find function, tuple struct or tuple variant `Ok` in this scope
   --> C:\Users\john\.cargo\registry\src\index.crates.io-1949cf8c6b5b557f\serde-1.0.219\src\de\ignored_any.rs:123:9
    |
123 |         Ok(IgnoredAny)
    |         ^^ not found in this scope
    |
help: consider importing this tuple variant
    |
1   + use core::result::Result::Ok;
    |

error[E0412]: cannot find type `Result` in this scope
   --> C:\Users\john\.cargo\registry\src\index.crates.io-1949cf8c6b5b557f\serde-1.0.219\src\de\ignored_any.rs:127:38
    |
127 |     fn visit_i64<E>(self, x: i64) -> Result<Self::Value, E> {
    |                                      ^^^^^^ not found in this scope
    |
help: consider importing one of these items
    |
1   + use core::fmt::Result;
    |
1   + use core::result::Result;
    |

error[E0425]: cannot find function, tuple struct or tuple variant `Ok` in this scope
   --> C:\Users\john\.cargo\registry\src\index.crates.io-1949cf8c6b5b557f\serde-1.0.219\src\de\ignored_any.rs:129:9
    |
129 |         Ok(IgnoredAny)
    |         ^^ not found in this scope
    |
help: consider importing this tuple variant
    |
1   + use core::result::Result::Ok;
    |

error[E0412]: cannot find type `Result` in this scope
   --> C:\Users\john\.cargo\registry\src\index.crates.io-1949cf8c6b5b557f\serde-1.0.219\src\de\ignored_any.rs:133:40
    |
133 |     fn visit_i128<E>(self, x: i128) -> Result<Self::Value, E> {
    |                                        ^^^^^^ not found in this scope
    |
help: consider importing one of these items
    |
1   + use core::fmt::Result;
    |
1   + use core::result::Result;
    |

error[E0425]: cannot find function, tuple struct or tuple variant `Ok` in this scope
   --> C:\Users\john\.cargo\registry\src\index.crates.io-1949cf8c6b5b557f\serde-1.0.219\src\de\ignored_any.rs:135:9
    |
135 |         Ok(IgnoredAny)
    |         ^^ not found in this scope
    |
help: consider importing this tuple variant
    |
1   + use core::result::Result::Ok;
    |

error[E0412]: cannot find type `Result` in this scope
   --> C:\Users\john\.cargo\registry\src\index.crates.io-1949cf8c6b5b557f\serde-1.0.219\src\de\ignored_any.rs:139:38
    |
139 |     fn visit_u64<E>(self, x: u64) -> Result<Self::Value, E> {
    |                                      ^^^^^^ not found in this scope
    |
help: consider importing one of these items
    |
1   + use core::fmt::Result;
    |
1   + use core::result::Result;
    |

error[E0425]: cannot find function, tuple struct or tuple variant `Ok` in this scope
   --> C:\Users\john\.cargo\registry\src\index.crates.io-1949cf8c6b5b557f\serde-1.0.219\src\de\ignored_any.rs:141:9
    |
141 |         Ok(IgnoredAny)
    |         ^^ not found in this scope
    |
help: consider importing this tuple variant
    |
1   + use core::result::Result::Ok;
    |

error[E0412]: cannot find type `Result` in this scope
   --> C:\Users\john\.cargo\registry\src\index.crates.io-1949cf8c6b5b557f\serde-1.0.219\src\de\ignored_any.rs:145:40
    |
145 |     fn visit_u128<E>(self, x: u128) -> Result<Self::Value, E> {
    |                                        ^^^^^^ not found in this scope
    |
help: consider importing one of these items
    |
1   + use core::fmt::Result;
    |
1   + use core::result::Result;
    |

error[E0425]: cannot find function, tuple struct or tuple variant `Ok` in this scope
   --> C:\Users\john\.cargo\registry\src\index.crates.io-1949cf8c6b5b557f\serde-1.0.219\src\de\ignored_any.rs:147:9
    |
147 |         Ok(IgnoredAny)
    |         ^^ not found in this scope
    |
help: consider importing this tuple variant
    |
1   + use core::result::Result::Ok;
    |

error[E0412]: cannot find type `Result` in this scope
   --> C:\Users\john\.cargo\registry\src\index.crates.io-1949cf8c6b5b557f\serde-1.0.219\src\de\ignored_any.rs:151:38
    |
151 |     fn visit_f64<E>(self, x: f64) -> Result<Self::Value, E> {
    |                                      ^^^^^^ not found in this scope
    |
help: consider importing one of these items
    |
1   + use core::fmt::Result;
    |
1   + use core::result::Result;
    |

error[E0425]: cannot find function, tuple struct or tuple variant `Ok` in this scope
   --> C:\Users\john\.cargo\registry\src\index.crates.io-1949cf8c6b5b557f\serde-1.0.219\src\de\ignored_any.rs:153:9
    |
153 |         Ok(IgnoredAny)
    |         ^^ not found in this scope
    |
help: consider importing this tuple variant
    |
1   + use core::result::Result::Ok;
    |

error[E0412]: cannot find type `Result` in this scope
   --> C:\Users\john\.cargo\registry\src\index.crates.io-1949cf8c6b5b557f\serde-1.0.219\src\de\ignored_any.rs:157:39
    |
157 |     fn visit_str<E>(self, s: &str) -> Result<Self::Value, E>
    |                                       ^^^^^^ not found in this scope
    |
help: consider importing one of these items
    |
1   + use core::fmt::Result;
    |
1   + use core::result::Result;
    |

error[E0425]: cannot find function, tuple struct or tuple variant `Ok` in this scope
   --> C:\Users\john\.cargo\registry\src\index.crates.io-1949cf8c6b5b557f\serde-1.0.219\src\de\ignored_any.rs:162:9
    |
162 |         Ok(IgnoredAny)
    |         ^^ not found in this scope
    |
help: consider importing this tuple variant
    |
1   + use core::result::Result::Ok;
    |

error[E0412]: cannot find type `Result` in this scope
   --> C:\Users\john\.cargo\registry\src\index.crates.io-1949cf8c6b5b557f\serde-1.0.219\src\de\ignored_any.rs:166:31
    |
166 |     fn visit_none<E>(self) -> Result<Self::Value, E> {
    |                               ^^^^^^ not found in this scope
    |
help: consider importing one of these items
    |
1   + use core::fmt::Result;
    |
1   + use core::result::Result;
    |

error[E0425]: cannot find function, tuple struct or tuple variant `Ok` in this scope
   --> C:\Users\john\.cargo\registry\src\index.crates.io-1949cf8c6b5b557f\serde-1.0.219\src\de\ignored_any.rs:167:9
    |
167 |         Ok(IgnoredAny)
    |         ^^ not found in this scope
    |
help: consider importing this tuple variant
    |
1   + use core::result::Result::Ok;
    |

error[E0412]: cannot find type `Result` in this scope
   --> C:\Users\john\.cargo\registry\src\index.crates.io-1949cf8c6b5b557f\serde-1.0.219\src\de\ignored_any.rs:171:48
    |
171 |     fn visit_some<D>(self, deserializer: D) -> Result<Self::Value, D::Error>
    |                                                ^^^^^^ not found in this scope
    |
help: consider importing one of these items
    |
1   + use core::fmt::Result;
    |
1   + use core::result::Result;
    |

error[E0412]: cannot find type `Result` in this scope
   --> C:\Users\john\.cargo\registry\src\index.crates.io-1949cf8c6b5b557f\serde-1.0.219\src\de\ignored_any.rs:179:58
    |
179 |     fn visit_newtype_struct<D>(self, deserializer: D) -> Result<Self::Value, D::Error>
    |                                                          ^^^^^^ not found in this scope
    |
help: consider importing one of these items
    |
1   + use core::fmt::Result;
    |
1   + use core::result::Result;
    |

error[E0412]: cannot find type `Result` in this scope
   --> C:\Users\john\.cargo\registry\src\index.crates.io-1949cf8c6b5b557f\serde-1.0.219\src\de\ignored_any.rs:187:31
    |
187 |     fn visit_unit<E>(self) -> Result<Self::Value, E> {
    |                               ^^^^^^ not found in this scope
    |
help: consider importing one of these items
    |
1   + use core::fmt::Result;
    |
1   + use core::result::Result;
    |

error[E0425]: cannot find function, tuple struct or tuple variant `Ok` in this scope
   --> C:\Users\john\.cargo\registry\src\index.crates.io-1949cf8c6b5b557f\serde-1.0.219\src\de\ignored_any.rs:188:9
    |
188 |         Ok(IgnoredAny)
    |         ^^ not found in this scope
    |
help: consider importing this tuple variant
    |
1   + use core::result::Result::Ok;
    |

error[E0412]: cannot find type `Result` in this scope
   --> C:\Users\john\.cargo\registry\src\index.crates.io-1949cf8c6b5b557f\serde-1.0.219\src\de\ignored_any.rs:192:42
    |
192 |     fn visit_seq<A>(self, mut seq: A) -> Result<Self::Value, A::Error>
    |                                          ^^^^^^ not found in this scope
    |
help: consider importing one of these items
    |
1   + use core::fmt::Result;
    |
1   + use core::result::Result;
    |

error[E0531]: cannot find tuple struct or tuple variant `Ok` in this scope
   --> C:\Users\john\.cargo\registry\src\index.crates.io-1949cf8c6b5b557f\serde-1.0.219\src\lib.rs:298:13
    |
298 |             Ok(val) => val,
    |             ^^ not found in this scope
    |
   ::: C:\Users\john\.cargo\registry\src\index.crates.io-1949cf8c6b5b557f\serde-1.0.219\src\de\ignored_any.rs:196:38
    |
196 |         while let Some(IgnoredAny) = tri!(seq.next_element()) {
    |                                      ------------------------ in this macro invocation
    |
    = note: this error originates in the macro `tri` (in Nightly builds, run with -Z macro-backtrace for more info)
help: consider importing this tuple variant
   --> C:\Users\john\.cargo\registry\src\index.crates.io-1949cf8c6b5b557f\serde-1.0.219\src\de\ignored_any.rs:1:1
    |
1   + use core::result::Result::Ok;
    |

error[E0531]: cannot find tuple struct or tuple variant `Err` in this scope
   --> C:\Users\john\.cargo\registry\src\index.crates.io-1949cf8c6b5b557f\serde-1.0.219\src\lib.rs:299:13
    |
299 |             Err(err) => return Err(err),
    |             ^^^ not found in this scope
    |
   ::: C:\Users\john\.cargo\registry\src\index.crates.io-1949cf8c6b5b557f\serde-1.0.219\src\de\ignored_any.rs:196:38
    |
196 |         while let Some(IgnoredAny) = tri!(seq.next_element()) {
    |                                      ------------------------ in this macro invocation
    |
    = note: this error originates in the macro `tri` (in Nightly builds, run with -Z macro-backtrace for more info)
help: consider importing this tuple variant
   --> C:\Users\john\.cargo\registry\src\index.crates.io-1949cf8c6b5b557f\serde-1.0.219\src\de\ignored_any.rs:1:1
    |
1   + use core::result::Result::Err;
    |

error[E0425]: cannot find function, tuple struct or tuple variant `Err` in this scope
   --> C:\Users\john\.cargo\registry\src\index.crates.io-1949cf8c6b5b557f\serde-1.0.219\src\lib.rs:299:32
    |
299 |             Err(err) => return Err(err),
    |                                ^^^
    |
   ::: C:\Users\john\.cargo\registry\src\index.crates.io-1949cf8c6b5b557f\serde-1.0.219\src\de\ignored_any.rs:196:38
    |
196 |         while let Some(IgnoredAny) = tri!(seq.next_element()) {
    |                                      ------------------------ in this macro invocation
    |
    = note: this error originates in the macro `tri` (in Nightly builds, run with -Z macro-backtrace for more info)
help: a local variable with a similar name exists
    |
299 -             Err(err) => return Err(err),
299 +             Err(err) => return err(err),
    |
help: consider importing this tuple variant
   --> C:\Users\john\.cargo\registry\src\index.crates.io-1949cf8c6b5b557f\serde-1.0.219\src\de\ignored_any.rs:1:1
    |
1   + use core::result::Result::Err;
    |

error[E0531]: cannot find tuple struct or tuple variant `Some` in this scope
   --> C:\Users\john\.cargo\registry\src\index.crates.io-1949cf8c6b5b557f\serde-1.0.219\src\de\ignored_any.rs:196:19
    |
196 |         while let Some(IgnoredAny) = tri!(seq.next_element()) {
    |                   ^^^^ not found in this scope
    |
note: tuple variant `crate::__private::ser::content::Content::Some` exists but is inaccessible
   --> C:\Users\john\.cargo\registry\src\index.crates.io-1949cf8c6b5b557f\serde-1.0.219\src\private\ser.rs:443:9
    |
443 |         Some(Box<Content>),
    |         ^^^^^^^^^^^^^^^^^^ not accessible
help: consider importing one of these tuple variants
    |
1   + use crate::__private::de::Content::Some;
    |
1   + use core::option::Option::Some;
    |

error[E0425]: cannot find function, tuple struct or tuple variant `Ok` in this scope
   --> C:\Users\john\.cargo\registry\src\index.crates.io-1949cf8c6b5b557f\serde-1.0.219\src\de\ignored_any.rs:199:9
    |
199 |         Ok(IgnoredAny)
    |         ^^ not found in this scope
    |
help: consider importing this tuple variant
    |
1   + use core::result::Result::Ok;
    |

error[E0412]: cannot find type `Result` in this scope
   --> C:\Users\john\.cargo\registry\src\index.crates.io-1949cf8c6b5b557f\serde-1.0.219\src\de\ignored_any.rs:203:42
    |
203 |     fn visit_map<A>(self, mut map: A) -> Result<Self::Value, A::Error>
    |                                          ^^^^^^ not found in this scope
    |
help: consider importing one of these items
    |
1   + use core::fmt::Result;
    |
1   + use core::result::Result;
    |

error[E0531]: cannot find tuple struct or tuple variant `Ok` in this scope
   --> C:\Users\john\.cargo\registry\src\index.crates.io-1949cf8c6b5b557f\serde-1.0.219\src\lib.rs:298:13
    |
298 |             Ok(val) => val,
    |             ^^ not found in this scope
    |
   ::: C:\Users\john\.cargo\registry\src\index.crates.io-1949cf8c6b5b557f\serde-1.0.219\src\de\ignored_any.rs:207:52
    |
207 |         while let Some((IgnoredAny, IgnoredAny)) = tri!(map.next_entry()) {
    |                                                    ---------------------- in this macro invocation
    |
    = note: this error originates in the macro `tri` (in Nightly builds, run with -Z macro-backtrace for more info)
help: consider importing this tuple variant
   --> C:\Users\john\.cargo\registry\src\index.crates.io-1949cf8c6b5b557f\serde-1.0.219\src\de\ignored_any.rs:1:1
    |
1   + use core::result::Result::Ok;
    |

error[E0531]: cannot find tuple struct or tuple variant `Err` in this scope
   --> C:\Users\john\.cargo\registry\src\index.crates.io-1949cf8c6b5b557f\serde-1.0.219\src\lib.rs:299:13
    |
299 |             Err(err) => return Err(err),
    |             ^^^ not found in this scope
    |
   ::: C:\Users\john\.cargo\registry\src\index.crates.io-1949cf8c6b5b557f\serde-1.0.219\src\de\ignored_any.rs:207:52
    |
207 |         while let Some((IgnoredAny, IgnoredAny)) = tri!(map.next_entry()) {
    |                                                    ---------------------- in this macro invocation
    |
    = note: this error originates in the macro `tri` (in Nightly builds, run with -Z macro-backtrace for more info)
help: consider importing this tuple variant
   --> C:\Users\john\.cargo\registry\src\index.crates.io-1949cf8c6b5b557f\serde-1.0.219\src\de\ignored_any.rs:1:1
    |
1   + use core::result::Result::Err;
    |

error[E0425]: cannot find function, tuple struct or tuple variant `Err` in this scope
   --> C:\Users\john\.cargo\registry\src\index.crates.io-1949cf8c6b5b557f\serde-1.0.219\src\lib.rs:299:32
    |
299 |             Err(err) => return Err(err),
    |                                ^^^
    |
   ::: C:\Users\john\.cargo\registry\src\index.crates.io-1949cf8c6b5b557f\serde-1.0.219\src\de\ignored_any.rs:207:52
    |
207 |         while let Some((IgnoredAny, IgnoredAny)) = tri!(map.next_entry()) {
    |                                                    ---------------------- in this macro invocation
    |
    = note: this error originates in the macro `tri` (in Nightly builds, run with -Z macro-backtrace for more info)
help: a local variable with a similar name exists
    |
299 -             Err(err) => return Err(err),
299 +             Err(err) => return err(err),
    |
help: consider importing this tuple variant
   --> C:\Users\john\.cargo\registry\src\index.crates.io-1949cf8c6b5b557f\serde-1.0.219\src\de\ignored_any.rs:1:1
    |
1   + use core::result::Result::Err;
    |

error[E0531]: cannot find tuple struct or tuple variant `Some` in this scope
   --> C:\Users\john\.cargo\registry\src\index.crates.io-1949cf8c6b5b557f\serde-1.0.219\src\de\ignored_any.rs:207:19
    |
207 |         while let Some((IgnoredAny, IgnoredAny)) = tri!(map.next_entry()) {
    |                   ^^^^ not found in this scope
    |
note: tuple variant `crate::__private::ser::content::Content::Some` exists but is inaccessible
   --> C:\Users\john\.cargo\registry\src\index.crates.io-1949cf8c6b5b557f\serde-1.0.219\src\private\ser.rs:443:9
    |
443 |         Some(Box<Content>),
    |         ^^^^^^^^^^^^^^^^^^ not accessible
help: consider importing one of these tuple variants
    |
1   + use crate::__private::de::Content::Some;
    |
1   + use core::option::Option::Some;
    |

error[E0425]: cannot find function, tuple struct or tuple variant `Ok` in this scope
   --> C:\Users\john\.cargo\registry\src\index.crates.io-1949cf8c6b5b557f\serde-1.0.219\src\de\ignored_any.rs:210:9
    |
210 |         Ok(IgnoredAny)
    |         ^^ not found in this scope
    |
help: consider importing this tuple variant
    |
1   + use core::result::Result::Ok;
    |

error[E0412]: cannot find type `Result` in this scope
   --> C:\Users\john\.cargo\registry\src\index.crates.io-1949cf8c6b5b557f\serde-1.0.219\src\de\ignored_any.rs:214:46
    |
214 |     fn visit_bytes<E>(self, bytes: &[u8]) -> Result<Self::Value, E>
    |                                              ^^^^^^ not found in this scope
    |
help: consider importing one of these items
    |
1   + use core::fmt::Result;
    |
1   + use core::result::Result;
    |

error[E0425]: cannot find function, tuple struct or tuple variant `Ok` in this scope
   --> C:\Users\john\.cargo\registry\src\index.crates.io-1949cf8c6b5b557f\serde-1.0.219\src\de\ignored_any.rs:219:9
    |
219 |         Ok(IgnoredAny)
    |         ^^ not found in this scope
    |
help: consider importing this tuple variant
    |
1   + use core::result::Result::Ok;
    |

error[E0412]: cannot find type `Result` in this scope
   --> C:\Users\john\.cargo\registry\src\index.crates.io-1949cf8c6b5b557f\serde-1.0.219\src\de\ignored_any.rs:222:40
    |
222 |     fn visit_enum<A>(self, data: A) -> Result<Self::Value, A::Error>
    |                                        ^^^^^^ not found in this scope
    |
help: consider importing one of these items
    |
1   + use core::fmt::Result;
    |
1   + use core::result::Result;
    |

error[E0531]: cannot find tuple struct or tuple variant `Ok` in this scope
   --> C:\Users\john\.cargo\registry\src\index.crates.io-1949cf8c6b5b557f\serde-1.0.219\src\lib.rs:298:13
    |
298 |             Ok(val) => val,
    |             ^^ not found in this scope
    |
   ::: C:\Users\john\.cargo\registry\src\index.crates.io-1949cf8c6b5b557f\serde-1.0.219\src\de\ignored_any.rs:226:9
    |
226 |         tri!(data.variant::<IgnoredAny>()).1.newtype_variant()
    |         ---------------------------------- in this macro invocation
    |
    = note: this error originates in the macro `tri` (in Nightly builds, run with -Z macro-backtrace for more info)
help: consider importing this tuple variant
   --> C:\Users\john\.cargo\registry\src\index.crates.io-1949cf8c6b5b557f\serde-1.0.219\src\de\ignored_any.rs:1:1
    |
1   + use core::result::Result::Ok;
    |

error[E0531]: cannot find tuple struct or tuple variant `Err` in this scope
   --> C:\Users\john\.cargo\registry\src\index.crates.io-1949cf8c6b5b557f\serde-1.0.219\src\lib.rs:299:13
    |
299 |             Err(err) => return Err(err),
    |             ^^^ not found in this scope
    |
   ::: C:\Users\john\.cargo\registry\src\index.crates.io-1949cf8c6b5b557f\serde-1.0.219\src\de\ignored_any.rs:226:9
    |
226 |         tri!(data.variant::<IgnoredAny>()).1.newtype_variant()
    |         ---------------------------------- in this macro invocation
    |
    = note: this error originates in the macro `tri` (in Nightly builds, run with -Z macro-backtrace for more info)
help: consider importing this tuple variant
   --> C:\Users\john\.cargo\registry\src\index.crates.io-1949cf8c6b5b557f\serde-1.0.219\src\de\ignored_any.rs:1:1
    |
1   + use core::result::Result::Err;
    |

error[E0425]: cannot find function, tuple struct or tuple variant `Err` in this scope
   --> C:\Users\john\.cargo\registry\src\index.crates.io-1949cf8c6b5b557f\serde-1.0.219\src\lib.rs:299:32
    |
299 |             Err(err) => return Err(err),
    |                                ^^^
    |
   ::: C:\Users\john\.cargo\registry\src\index.crates.io-1949cf8c6b5b557f\serde-1.0.219\src\de\ignored_any.rs:226:9
    |
226 |         tri!(data.variant::<IgnoredAny>()).1.newtype_variant()
    |         ---------------------------------- in this macro invocation
    |
    = note: this error originates in the macro `tri` (in Nightly builds, run with -Z macro-backtrace for more info)
help: a local variable with a similar name exists
    |
299 -             Err(err) => return Err(err),
299 +             Err(err) => return err(err),
    |
help: consider importing this tuple variant
   --> C:\Users\john\.cargo\registry\src\index.crates.io-1949cf8c6b5b557f\serde-1.0.219\src\de\ignored_any.rs:1:1
    |
1   + use core::result::Result::Err;
    |

error[E0412]: cannot find type `Result` in this scope
   --> C:\Users\john\.cargo\registry\src\index.crates.io-1949cf8c6b5b557f\serde-1.0.219\src\de\ignored_any.rs:232:43
    |
232 |     fn deserialize<D>(deserializer: D) -> Result<IgnoredAny, D::Error>
    |                                           ^^^^^^ not found in this scope
    |
help: consider importing one of these items
    |
1   + use core::fmt::Result;
    |
1   + use core::result::Result;
    |

error[E0412]: cannot find type `Result` in this scope
  --> C:\Users\john\.cargo\registry\src\index.crates.io-1949cf8c6b5b557f\serde-1.0.219\src\de\impls.rs:24:31
   |
24 |     fn visit_unit<E>(self) -> Result<Self::Value, E>
   |                               ^^^^^^ not found in this scope
   |
help: consider importing one of these items
   |
1  + use core::fmt::Result;
   |
1  + use core::result::Result;
   |

error[E0425]: cannot find function, tuple struct or tuple variant `Ok` in this scope
  --> C:\Users\john\.cargo\registry\src\index.crates.io-1949cf8c6b5b557f\serde-1.0.219\src\de\impls.rs:28:9
   |
28 |         Ok(())
   |         ^^ not found in this scope
   |
help: consider importing this tuple variant
   |
1  + use core::result::Result::Ok;
   |

error[E0412]: cannot find type `Result` in this scope
  --> C:\Users\john\.cargo\registry\src\index.crates.io-1949cf8c6b5b557f\serde-1.0.219\src\de\impls.rs:33:43
   |
33 |     fn deserialize<D>(deserializer: D) -> Result<Self, D::Error>
   |                                           ^^^^^^ not found in this scope
   |
help: consider importing one of these items
   |
1  + use core::fmt::Result;
   |
1  + use core::result::Result;
   |

error[E0412]: cannot find type `Result` in this scope
  --> C:\Users\john\.cargo\registry\src\index.crates.io-1949cf8c6b5b557f\serde-1.0.219\src\de\impls.rs:63:40
   |
63 |     fn visit_bool<E>(self, v: bool) -> Result<Self::Value, E>
   |                                        ^^^^^^ not found in this scope
   |
help: consider importing one of these items
   |
1  + use core::fmt::Result;
   |
1  + use core::result::Result;
   |

error[E0425]: cannot find function, tuple struct or tuple variant `Ok` in this scope
  --> C:\Users\john\.cargo\registry\src\index.crates.io-1949cf8c6b5b557f\serde-1.0.219\src\de\impls.rs:67:9
   |
67 |         Ok(v)
   |         ^^ not found in this scope
   |
help: consider importing this tuple variant
   |
1  + use core::result::Result::Ok;
   |

error[E0412]: cannot find type `Result` in this scope
  --> C:\Users\john\.cargo\registry\src\index.crates.io-1949cf8c6b5b557f\serde-1.0.219\src\de\impls.rs:72:43
   |
72 |     fn deserialize<D>(deserializer: D) -> Result<Self, D::Error>
   |                                           ^^^^^^ not found in this scope
   |
help: consider importing one of these items
   |
1  + use core::fmt::Result;
   |
1  + use core::result::Result;
   |

error[E0412]: cannot find type `Result` in this scope
   --> C:\Users\john\.cargo\registry\src\index.crates.io-1949cf8c6b5b557f\serde-1.0.219\src\de\impls.rs:134:51
    |
134 |               fn deserialize<D>(deserializer: D) -> Result<Self, D::Error>
    |                                                     ^^^^^^ not found in this scope
...
383 | / impl_deserialize_num! {
384 | |     i8, NonZeroI8 cfg(not(no_num_nonzero_signed)), deserialize_i8
385 | |     num_self!(i8:visit_i8);
386 | |     int_to_int!(i16:visit_i16 i32:visit_i32 i64:visit_i64);
387 | |     uint_to_self!(u8:visit_u8 u16:visit_u16 u32:visit_u32 u64:visit_u64);
388 | | }
    | |_- in this macro invocation
    |
    = note: this error originates in the macro `impl_deserialize_num` (in Nightly builds, run with -Z macro-backtrace for more info)
help: consider importing one of these items
    |
1   + use core::fmt::Result;
    |
1   + use core::result::Result;
    |

error[E0412]: cannot find type `Result` in this scope
   --> C:\Users\john\.cargo\registry\src\index.crates.io-1949cf8c6b5b557f\serde-1.0.219\src\de\impls.rs:159:39
    |
159 |           fn $visit<E>(self, v: $ty) -> Result<Self::Value, E>
    |                                         ^^^^^^ not found in this scope
...
383 | / impl_deserialize_num! {
384 | |     i8, NonZeroI8 cfg(not(no_num_nonzero_signed)), deserialize_i8
385 | |     num_self!(i8:visit_i8);
386 | |     int_to_int!(i16:visit_i16 i32:visit_i32 i64:visit_i64);
387 | |     uint_to_self!(u8:visit_u8 u16:visit_u16 u32:visit_u32 u64:visit_u64);
388 | | }
    | |_- in this macro invocation
    |
    = note: this error originates in the macro `num_self` which comes from the expansion of the macro `impl_deserialize_num` (in Nightly builds, run with -Z macro-backtrace for more info)
help: consider importing one of these items
    |
1   + use core::fmt::Result;
    |
1   + use core::result::Result;
    |

error[E0425]: cannot find function, tuple struct or tuple variant `Ok` in this scope
   --> C:\Users\john\.cargo\registry\src\index.crates.io-1949cf8c6b5b557f\serde-1.0.219\src\de\impls.rs:163:13
    |
163 |               Ok(v)
    |               ^^ not found in this scope
...
383 | / impl_deserialize_num! {
384 | |     i8, NonZeroI8 cfg(not(no_num_nonzero_signed)), deserialize_i8
385 | |     num_self!(i8:visit_i8);
386 | |     int_to_int!(i16:visit_i16 i32:visit_i32 i64:visit_i64);
387 | |     uint_to_self!(u8:visit_u8 u16:visit_u16 u32:visit_u32 u64:visit_u64);
388 | | }
    | |_- in this macro invocation
    |
    = note: this error originates in the macro `num_self` which comes from the expansion of the macro `impl_deserialize_num` (in Nightly builds, run with -Z macro-backtrace for more info)
help: consider importing this tuple variant
    |
1   + use core::result::Result::Ok;
    |

error[E0412]: cannot find type `Result` in this scope
   --> C:\Users\john\.cargo\registry\src\index.crates.io-1949cf8c6b5b557f\serde-1.0.219\src\de\impls.rs:249:39
    |
249 |           fn $visit<E>(self, v: $ty) -> Result<Self::Value, E>
    |                                         ^^^^^^ not found in this scope
...
383 | / impl_deserialize_num! {
384 | |     i8, NonZeroI8 cfg(not(no_num_nonzero_signed)), deserialize_i8
385 | |     num_self!(i8:visit_i8);
386 | |     int_to_int!(i16:visit_i16 i32:visit_i32 i64:visit_i64);
387 | |     uint_to_self!(u8:visit_u8 u16:visit_u16 u32:visit_u32 u64:visit_u64);
388 | | }
    | |_- in this macro invocation
    |
    = note: this error originates in the macro `int_to_int` which comes from the expansion of the macro `impl_deserialize_num` (in Nightly builds, run with -Z macro-backtrace for more info)
help: consider importing one of these items
    |
1   + use core::fmt::Result;
    |
1   + use core::result::Result;
    |

error[E0425]: cannot find function, tuple struct or tuple variant `Ok` in this scope
   --> C:\Users\john\.cargo\registry\src\index.crates.io-1949cf8c6b5b557f\serde-1.0.219\src\de\impls.rs:256:17
    |
256 |                   Ok(v as Self::Value)
    |                   ^^ not found in this scope
...
383 | / impl_deserialize_num! {
384 | |     i8, NonZeroI8 cfg(not(no_num_nonzero_signed)), deserialize_i8
385 | |     num_self!(i8:visit_i8);
386 | |     int_to_int!(i16:visit_i16 i32:visit_i32 i64:visit_i64);
387 | |     uint_to_self!(u8:visit_u8 u16:visit_u16 u32:visit_u32 u64:visit_u64);
388 | | }
    | |_- in this macro invocation
    |
    = note: this error originates in the macro `int_to_int` which comes from the expansion of the macro `impl_deserialize_num` (in Nightly builds, run with -Z macro-backtrace for more info)
help: consider importing this tuple variant
    |
1   + use core::result::Result::Ok;
    |

error[E0425]: cannot find function, tuple struct or tuple variant `Err` in this scope
   --> C:\Users\john\.cargo\registry\src\index.crates.io-1949cf8c6b5b557f\serde-1.0.219\src\de\impls.rs:258:17
    |
258 |                   Err(Error::invalid_value(Unexpected::Signed(v as i64), &self))
    |                   ^^^ not found in this scope
...
383 | / impl_deserialize_num! {
384 | |     i8, NonZeroI8 cfg(not(no_num_nonzero_signed)), deserialize_i8
385 | |     num_self!(i8:visit_i8);
386 | |     int_to_int!(i16:visit_i16 i32:visit_i32 i64:visit_i64);
387 | |     uint_to_self!(u8:visit_u8 u16:visit_u16 u32:visit_u32 u64:visit_u64);
388 | | }
    | |_- in this macro invocation
    |
    = note: this error originates in the macro `int_to_int` which comes from the expansion of the macro `impl_deserialize_num` (in Nightly builds, run with -Z macro-backtrace for more info)
help: consider importing this tuple variant
    |
1   + use core::result::Result::Err;
    |

error[E0412]: cannot find type `Result` in this scope
   --> C:\Users\john\.cargo\registry\src\index.crates.io-1949cf8c6b5b557f\serde-1.0.219\src\de\impls.rs:343:39
    |
343 |           fn $visit<E>(self, v: $ty) -> Result<Self::Value, E>
    |                                         ^^^^^^ not found in this scope
...
383 | / impl_deserialize_num! {
384 | |     i8, NonZeroI8 cfg(not(no_num_nonzero_signed)), deserialize_i8
385 | |     num_self!(i8:visit_i8);
386 | |     int_to_int!(i16:visit_i16 i32:visit_i32 i64:visit_i64);
387 | |     uint_to_self!(u8:visit_u8 u16:visit_u16 u32:visit_u32 u64:visit_u64);
388 | | }
    | |_- in this macro invocation
    |
    = note: this error originates in the macro `uint_to_self` which comes from the expansion of the macro `impl_deserialize_num` (in Nightly builds, run with -Z macro-backtrace for more info)
help: consider importing one of these items
    |
1   + use core::fmt::Result;
    |
1   + use core::result::Result;
    |

error[E0425]: cannot find function, tuple struct or tuple variant `Ok` in this scope
   --> C:\Users\john\.cargo\registry\src\index.crates.io-1949cf8c6b5b557f\serde-1.0.219\src\de\impls.rs:348:17
    |
348 |                   Ok(v as Self::Value)
    |                   ^^ not found in this scope
...
383 | / impl_deserialize_num! {
384 | |     i8, NonZeroI8 cfg(not(no_num_nonzero_signed)), deserialize_i8
385 | |     num_self!(i8:visit_i8);
386 | |     int_to_int!(i16:visit_i16 i32:visit_i32 i64:visit_i64);
387 | |     uint_to_self!(u8:visit_u8 u16:visit_u16 u32:visit_u32 u64:visit_u64);
388 | | }
    | |_- in this macro invocation
    |
    = note: this error originates in the macro `uint_to_self` which comes from the expansion of the macro `impl_deserialize_num` (in Nightly builds, run with -Z macro-backtrace for more info)
help: consider importing this tuple variant
    |
1   + use core::result::Result::Ok;
    |

error[E0425]: cannot find function, tuple struct or tuple variant `Err` in this scope
   --> C:\Users\john\.cargo\registry\src\index.crates.io-1949cf8c6b5b557f\serde-1.0.219\src\de\impls.rs:350:17
    |
350 |                   Err(Error::invalid_value(Unexpected::Unsigned(v as u64), &self))
    |                   ^^^ not found in this scope
...
383 | / impl_deserialize_num! {
384 | |     i8, NonZeroI8 cfg(not(no_num_nonzero_signed)), deserialize_i8
385 | |     num_self!(i8:visit_i8);
386 | |     int_to_int!(i16:visit_i16 i32:visit_i32 i64:visit_i64);
387 | |     uint_to_self!(u8:visit_u8 u16:visit_u16 u32:visit_u32 u64:visit_u64);
388 | | }
    | |_- in this macro invocation
    |
    = note: this error originates in the macro `uint_to_self` which comes from the expansion of the macro `impl_deserialize_num` (in Nightly builds, run with -Z macro-backtrace for more info)
help: consider importing this tuple variant
    |
1   + use core::result::Result::Err;
    |

error[E0412]: cannot find type `Result` in this scope
   --> C:\Users\john\.cargo\registry\src\index.crates.io-1949cf8c6b5b557f\serde-1.0.219\src\de\impls.rs:88:51
    |
88  |               fn deserialize<D>(deserializer: D) -> Result<Self, D::Error>
    |                                                     ^^^^^^ not found in this scope
...
383 | / impl_deserialize_num! {
384 | |     i8, NonZeroI8 cfg(not(no_num_nonzero_signed)), deserialize_i8
385 | |     num_self!(i8:visit_i8);
386 | |     int_to_int!(i16:visit_i16 i32:visit_i32 i64:visit_i64);
387 | |     uint_to_self!(u8:visit_u8 u16:visit_u16 u32:visit_u32 u64:visit_u64);
388 | | }
    | |_- in this macro invocation
    |
    = note: this error originates in the macro `impl_deserialize_num` (in Nightly builds, run with -Z macro-backtrace for more info)
help: consider importing one of these items
    |
1   + use core::fmt::Result;
    |
1   + use core::result::Result;
    |

error[E0412]: cannot find type `Result` in this scope
   --> C:\Users\john\.cargo\registry\src\index.crates.io-1949cf8c6b5b557f\serde-1.0.219\src\de\impls.rs:168:39
    |
168 |           fn $visit<E>(self, v: $ty) -> Result<Self::Value, E>
    |                                         ^^^^^^ not found in this scope
...
383 | / impl_deserialize_num! {
384 | |     i8, NonZeroI8 cfg(not(no_num_nonzero_signed)), deserialize_i8
385 | |     num_self!(i8:visit_i8);
386 | |     int_to_int!(i16:visit_i16 i32:visit_i32 i64:visit_i64);
387 | |     uint_to_self!(u8:visit_u8 u16:visit_u16 u32:visit_u32 u64:visit_u64);
388 | | }
    | |_- in this macro invocation
    |
    = note: this error originates in the macro `num_self` which comes from the expansion of the macro `impl_deserialize_num` (in Nightly builds, run with -Z macro-backtrace for more info)
help: consider importing one of these items
    |
1   + use core::fmt::Result;
    |
1   + use core::result::Result;
    |

error[E0531]: cannot find tuple struct or tuple variant `Some` in this scope
   --> C:\Users\john\.cargo\registry\src\index.crates.io-1949cf8c6b5b557f\serde-1.0.219\src\de\impls.rs:172:20
    |
172 |               if let Some(nonzero) = Self::Value::new(v) {
    |                      ^^^^ not found in this scope
...
383 | / impl_deserialize_num! {
384 | |     i8, NonZeroI8 cfg(not(no_num_nonzero_signed)), deserialize_i8
385 | |     num_self!(i8:visit_i8);
386 | |     int_to_int!(i16:visit_i16 i32:visit_i32 i64:visit_i64);
387 | |     uint_to_self!(u8:visit_u8 u16:visit_u16 u32:visit_u32 u64:visit_u64);
388 | | }
    | |_- in this macro invocation
    |
note: tuple variant `crate::__private::ser::content::Content::Some` exists but is inaccessible
   --> C:\Users\john\.cargo\registry\src\index.crates.io-1949cf8c6b5b557f\serde-1.0.219\src\private\ser.rs:443:9
    |
443 |         Some(Box<Content>),
    |         ^^^^^^^^^^^^^^^^^^ not accessible
    = note: this error originates in the macro `num_self` which comes from the expansion of the macro `impl_deserialize_num` (in Nightly builds, run with -Z macro-backtrace for more info)
help: consider importing one of these tuple variants
    |
1   + use crate::__private::de::Content::Some;
    |
1   + use core::option::Option::Some;
    |

error[E0425]: cannot find function, tuple struct or tuple variant `Ok` in this scope
   --> C:\Users\john\.cargo\registry\src\index.crates.io-1949cf8c6b5b557f\serde-1.0.219\src\de\impls.rs:173:17
    |
173 |                   Ok(nonzero)
    |                   ^^ not found in this scope
...
383 | / impl_deserialize_num! {
384 | |     i8, NonZeroI8 cfg(not(no_num_nonzero_signed)), deserialize_i8
385 | |     num_self!(i8:visit_i8);
386 | |     int_to_int!(i16:visit_i16 i32:visit_i32 i64:visit_i64);
387 | |     uint_to_self!(u8:visit_u8 u16:visit_u16 u32:visit_u32 u64:visit_u64);
388 | | }
    | |_- in this macro invocation
    |
    = note: this error originates in the macro `num_self` which comes from the expansion of the macro `impl_deserialize_num` (in Nightly builds, run with -Z macro-backtrace for more info)
help: consider importing this tuple variant
    |
1   + use core::result::Result::Ok;
    |

error[E0425]: cannot find function, tuple struct or tuple variant `Err` in this scope
   --> C:\Users\john\.cargo\registry\src\index.crates.io-1949cf8c6b5b557f\serde-1.0.219\src\de\impls.rs:175:17
    |
175 |                   Err(Error::invalid_value(Unexpected::Unsigned(0), &self))
    |                   ^^^ not found in this scope
...
383 | / impl_deserialize_num! {
384 | |     i8, NonZeroI8 cfg(not(no_num_nonzero_signed)), deserialize_i8
385 | |     num_self!(i8:visit_i8);
386 | |     int_to_int!(i16:visit_i16 i32:visit_i32 i64:visit_i64);
387 | |     uint_to_self!(u8:visit_u8 u16:visit_u16 u32:visit_u32 u64:visit_u64);
388 | | }
    | |_- in this macro invocation
    |
    = note: this error originates in the macro `num_self` which comes from the expansion of the macro `impl_deserialize_num` (in Nightly builds, run with -Z macro-backtrace for more info)
help: consider importing this tuple variant
    |
1   + use core::result::Result::Err;
    |

error[E0412]: cannot find type `Result` in this scope
   --> C:\Users\john\.cargo\registry\src\index.crates.io-1949cf8c6b5b557f\serde-1.0.219\src\de\impls.rs:264:39
    |
264 |           fn $visit<E>(self, v: $ty) -> Result<Self::Value, E>
    |                                         ^^^^^^ not found in this scope
...
383 | / impl_deserialize_num! {
384 | |     i8, NonZeroI8 cfg(not(no_num_nonzero_signed)), deserialize_i8
385 | |     num_self!(i8:visit_i8);
386 | |     int_to_int!(i16:visit_i16 i32:visit_i32 i64:visit_i64);
387 | |     uint_to_self!(u8:visit_u8 u16:visit_u16 u32:visit_u32 u64:visit_u64);
388 | | }
    | |_- in this macro invocation
    |
    = note: this error originates in the macro `int_to_int` which comes from the expansion of the macro `impl_deserialize_num` (in Nightly builds, run with -Z macro-backtrace for more info)
help: consider importing one of these items
    |
1   + use core::fmt::Result;
    |
1   + use core::result::Result;
    |

error[E0531]: cannot find tuple struct or tuple variant `Some` in this scope
   --> C:\Users\john\.cargo\registry\src\index.crates.io-1949cf8c6b5b557f\serde-1.0.219\src\de\impls.rs:271:24
    |
271 |                   if let Some(nonzero) = Self::Value::new(v as $primitive) {
    |                          ^^^^ not found in this scope
...
383 | / impl_deserialize_num! {
384 | |     i8, NonZeroI8 cfg(not(no_num_nonzero_signed)), deserialize_i8
385 | |     num_self!(i8:visit_i8);
386 | |     int_to_int!(i16:visit_i16 i32:visit_i32 i64:visit_i64);
387 | |     uint_to_self!(u8:visit_u8 u16:visit_u16 u32:visit_u32 u64:visit_u64);
388 | | }
    | |_- in this macro invocation
    |
note: tuple variant `crate::__private::ser::content::Content::Some` exists but is inaccessible
   --> C:\Users\john\.cargo\registry\src\index.crates.io-1949cf8c6b5b557f\serde-1.0.219\src\private\ser.rs:443:9
    |
443 |         Some(Box<Content>),
    |         ^^^^^^^^^^^^^^^^^^ not accessible
    = note: this error originates in the macro `int_to_int` which comes from the expansion of the macro `impl_deserialize_num` (in Nightly builds, run with -Z macro-backtrace for more info)
help: consider importing one of these tuple variants
    |
1   + use crate::__private::de::Content::Some;
    |
1   + use core::option::Option::Some;
    |

error[E0425]: cannot find function, tuple struct or tuple variant `Ok` in this scope
   --> C:\Users\john\.cargo\registry\src\index.crates.io-1949cf8c6b5b557f\serde-1.0.219\src\de\impls.rs:272:28
    |
272 |                       return Ok(nonzero);
    |                              ^^ not found in this scope
...
383 | / impl_deserialize_num! {
384 | |     i8, NonZeroI8 cfg(not(no_num_nonzero_signed)), deserialize_i8
385 | |     num_self!(i8:visit_i8);
386 | |     int_to_int!(i16:visit_i16 i32:visit_i32 i64:visit_i64);
387 | |     uint_to_self!(u8:visit_u8 u16:visit_u16 u32:visit_u32 u64:visit_u64);
388 | | }
    | |_- in this macro invocation
    |
    = note: this error originates in the macro `int_to_int` which comes from the expansion of the macro `impl_deserialize_num` (in Nightly builds, run with -Z macro-backtrace for more info)
help: consider importing this tuple variant
    |
1   + use core::result::Result::Ok;
    |

error[E0425]: cannot find function, tuple struct or tuple variant `Err` in this scope
   --> C:\Users\john\.cargo\registry\src\index.crates.io-1949cf8c6b5b557f\serde-1.0.219\src\de\impls.rs:275:13
    |
275 |               Err(Error::invalid_value(Unexpected::Signed(v as i64), &self))
    |               ^^^ not found in this scope
...
383 | / impl_deserialize_num! {
384 | |     i8, NonZeroI8 cfg(not(no_num_nonzero_signed)), deserialize_i8
385 | |     num_self!(i8:visit_i8);
386 | |     int_to_int!(i16:visit_i16 i32:visit_i32 i64:visit_i64);
387 | |     uint_to_self!(u8:visit_u8 u16:visit_u16 u32:visit_u32 u64:visit_u64);
388 | | }
    | |_- in this macro invocation
    |
    = note: this error originates in the macro `int_to_int` which comes from the expansion of the macro `impl_deserialize_num` (in Nightly builds, run with -Z macro-backtrace for more info)
help: consider importing this tuple variant
    |
1   + use core::result::Result::Err;
    |

error[E0412]: cannot find type `Result` in this scope
   --> C:\Users\john\.cargo\registry\src\index.crates.io-1949cf8c6b5b557f\serde-1.0.219\src\de\impls.rs:356:39
    |
356 |           fn $visit<E>(self, v: $ty) -> Result<Self::Value, E>
    |                                         ^^^^^^ not found in this scope
...
383 | / impl_deserialize_num! {
384 | |     i8, NonZeroI8 cfg(not(no_num_nonzero_signed)), deserialize_i8
385 | |     num_self!(i8:visit_i8);
386 | |     int_to_int!(i16:visit_i16 i32:visit_i32 i64:visit_i64);
387 | |     uint_to_self!(u8:visit_u8 u16:visit_u16 u32:visit_u32 u64:visit_u64);
388 | | }
    | |_- in this macro invocation
    |
    = note: this error originates in the macro `uint_to_self` which comes from the expansion of the macro `impl_deserialize_num` (in Nightly builds, run with -Z macro-backtrace for more info)
help: consider importing one of these items
    |
1   + use core::fmt::Result;
    |
1   + use core::result::Result;
    |

error[E0531]: cannot find tuple struct or tuple variant `Some` in this scope
   --> C:\Users\john\.cargo\registry\src\index.crates.io-1949cf8c6b5b557f\serde-1.0.219\src\de\impls.rs:361:24
    |
361 |                   if let Some(nonzero) = Self::Value::new(v as $primitive) {
    |                          ^^^^ not found in this scope
...
383 | / impl_deserialize_num! {
384 | |     i8, NonZeroI8 cfg(not(no_num_nonzero_signed)), deserialize_i8
385 | |     num_self!(i8:visit_i8);
386 | |     int_to_int!(i16:visit_i16 i32:visit_i32 i64:visit_i64);
387 | |     uint_to_self!(u8:visit_u8 u16:visit_u16 u32:visit_u32 u64:visit_u64);
388 | | }
    | |_- in this macro invocation
    |
note: tuple variant `crate::__private::ser::content::Content::Some` exists but is inaccessible
   --> C:\Users\john\.cargo\registry\src\index.crates.io-1949cf8c6b5b557f\serde-1.0.219\src\private\ser.rs:443:9
    |
443 |         Some(Box<Content>),
    |         ^^^^^^^^^^^^^^^^^^ not accessible
    = note: this error originates in the macro `uint_to_self` which comes from the expansion of the macro `impl_deserialize_num` (in Nightly builds, run with -Z macro-backtrace for more info)
help: consider importing one of these tuple variants
    |
1   + use crate::__private::de::Content::Some;
    |
1   + use core::option::Option::Some;
    |

error[E0425]: cannot find function, tuple struct or tuple variant `Ok` in this scope
   --> C:\Users\john\.cargo\registry\src\index.crates.io-1949cf8c6b5b557f\serde-1.0.219\src\de\impls.rs:362:28
    |
362 |                       return Ok(nonzero);
    |                              ^^ not found in this scope
...
383 | / impl_deserialize_num! {
384 | |     i8, NonZeroI8 cfg(not(no_num_nonzero_signed)), deserialize_i8
385 | |     num_self!(i8:visit_i8);
386 | |     int_to_int!(i16:visit_i16 i32:visit_i32 i64:visit_i64);
387 | |     uint_to_self!(u8:visit_u8 u16:visit_u16 u32:visit_u32 u64:visit_u64);
388 | | }
    | |_- in this macro invocation
    |
    = note: this error originates in the macro `uint_to_self` which comes from the expansion of the macro `impl_deserialize_num` (in Nightly builds, run with -Z macro-backtrace for more info)
help: consider importing this tuple variant
    |
1   + use core::result::Result::Ok;
    |

error[E0425]: cannot find function, tuple struct or tuple variant `Err` in this scope
   --> C:\Users\john\.cargo\registry\src\index.crates.io-1949cf8c6b5b557f\serde-1.0.219\src\de\impls.rs:365:13
    |
365 |               Err(Error::invalid_value(Unexpected::Unsigned(v as u64), &self))
    |               ^^^ not found in this scope
...
383 | / impl_deserialize_num! {
384 | |     i8, NonZeroI8 cfg(not(no_num_nonzero_signed)), deserialize_i8
385 | |     num_self!(i8:visit_i8);
386 | |     int_to_int!(i16:visit_i16 i32:visit_i32 i64:visit_i64);
387 | |     uint_to_self!(u8:visit_u8 u16:visit_u16 u32:visit_u32 u64:visit_u64);
388 | | }
    | |_- in this macro invocation
    |
    = note: this error originates in the macro `uint_to_self` which comes from the expansion of the macro `impl_deserialize_num` (in Nightly builds, run with -Z macro-backtrace for more info)
help: consider importing this tuple variant
    |
1   + use core::result::Result::Err;
    |

error[E0412]: cannot find type `Result` in this scope
   --> C:\Users\john\.cargo\registry\src\index.crates.io-1949cf8c6b5b557f\serde-1.0.219\src\de\impls.rs:110:51
    |
110 |               fn deserialize<D>(deserializer: D) -> Result<Self, D::Error>
    |                                                     ^^^^^^ not found in this scope
...
383 | / impl_deserialize_num! {
384 | |     i8, NonZeroI8 cfg(not(no_num_nonzero_signed)), deserialize_i8
385 | |     num_self!(i8:visit_i8);
386 | |     int_to_int!(i16:visit_i16 i32:visit_i32 i64:visit_i64);
387 | |     uint_to_self!(u8:visit_u8 u16:visit_u16 u32:visit_u32 u64:visit_u64);
388 | | }
    | |_- in this macro invocation
    |
    = note: this error originates in the macro `impl_deserialize_num` (in Nightly builds, run with -Z macro-backtrace for more info)
help: consider importing one of these items
    |
1   + use core::fmt::Result;
    |
1   + use core::result::Result;
    |

error[E0412]: cannot find type `Result` in this scope
   --> C:\Users\john\.cargo\registry\src\index.crates.io-1949cf8c6b5b557f\serde-1.0.219\src\de\impls.rs:181:39
    |
181 |           fn $visit<E>(self, v: $ty) -> Result<Self::Value, E>
    |                                         ^^^^^^ not found in this scope
...
383 | / impl_deserialize_num! {
384 | |     i8, NonZeroI8 cfg(not(no_num_nonzero_signed)), deserialize_i8
385 | |     num_self!(i8:visit_i8);
386 | |     int_to_int!(i16:visit_i16 i32:visit_i32 i64:visit_i64);
387 | |     uint_to_self!(u8:visit_u8 u16:visit_u16 u32:visit_u32 u64:visit_u64);
388 | | }
    | |_- in this macro invocation
    |
    = note: this error originates in the macro `num_self` which comes from the expansion of the macro `impl_deserialize_num` (in Nightly builds, run with -Z macro-backtrace for more info)
help: consider importing one of these items
    |
1   + use core::fmt::Result;
    |
1   + use core::result::Result;
    |

error[E0425]: cannot find function, tuple struct or tuple variant `Ok` in this scope
   --> C:\Users\john\.cargo\registry\src\index.crates.io-1949cf8c6b5b557f\serde-1.0.219\src\de\impls.rs:185:13
    |
185 |               Ok(Saturating(v))
    |               ^^ not found in this scope
...
383 | / impl_deserialize_num! {
384 | |     i8, NonZeroI8 cfg(not(no_num_nonzero_signed)), deserialize_i8
385 | |     num_self!(i8:visit_i8);
386 | |     int_to_int!(i16:visit_i16 i32:visit_i32 i64:visit_i64);
387 | |     uint_to_self!(u8:visit_u8 u16:visit_u16 u32:visit_u32 u64:visit_u64);
388 | | }
    | |_- in this macro invocation
    |
    = note: this error originates in the macro `num_self` which comes from the expansion of the macro `impl_deserialize_num` (in Nightly builds, run with -Z macro-backtrace for more info)
help: consider importing this tuple variant
    |
1   + use core::result::Result::Ok;
    |

error[E0412]: cannot find type `Result` in this scope
   --> C:\Users\john\.cargo\registry\src\index.crates.io-1949cf8c6b5b557f\serde-1.0.219\src\de\impls.rs:280:39
    |
280 |           fn $visit<E>(self, v: $ty) -> Result<Self::Value, E>
    |                                         ^^^^^^ not found in this scope
...
383 | / impl_deserialize_num! {
384 | |     i8, NonZeroI8 cfg(not(no_num_nonzero_signed)), deserialize_i8
385 | |     num_self!(i8:visit_i8);
386 | |     int_to_int!(i16:visit_i16 i32:visit_i32 i64:visit_i64);
387 | |     uint_to_self!(u8:visit_u8 u16:visit_u16 u32:visit_u32 u64:visit_u64);
388 | | }
    | |_- in this macro invocation
    |
    = note: this error originates in the macro `int_to_int` which comes from the expansion of the macro `impl_deserialize_num` (in Nightly builds, run with -Z macro-backtrace for more info)
help: consider importing one of these items
    |
1   + use core::fmt::Result;
    |
1   + use core::result::Result;
    |

error[E0425]: cannot find function, tuple struct or tuple variant `Ok` in this scope
   --> C:\Users\john\.cargo\registry\src\index.crates.io-1949cf8c6b5b557f\serde-1.0.219\src\de\impls.rs:285:17
    |
285 |                   Ok(Saturating($primitive::MIN))
    |                   ^^ not found in this scope
...
383 | / impl_deserialize_num! {
384 | |     i8, NonZeroI8 cfg(not(no_num_nonzero_signed)), deserialize_i8
385 | |     num_self!(i8:visit_i8);
386 | |     int_to_int!(i16:visit_i16 i32:visit_i32 i64:visit_i64);
387 | |     uint_to_self!(u8:visit_u8 u16:visit_u16 u32:visit_u32 u64:visit_u64);
388 | | }
    | |_- in this macro invocation
    |
    = note: this error originates in the macro `int_to_int` which comes from the expansion of the macro `impl_deserialize_num` (in Nightly builds, run with -Z macro-backtrace for more info)
help: consider importing this tuple variant
    |
1   + use core::result::Result::Ok;
    |

error[E0425]: cannot find function, tuple struct or tuple variant `Ok` in this scope
   --> C:\Users\john\.cargo\registry\src\index.crates.io-1949cf8c6b5b557f\serde-1.0.219\src\de\impls.rs:287:17
    |
287 |                   Ok(Saturating($primitive::MAX))
    |                   ^^ not found in this scope
...
383 | / impl_deserialize_num! {
384 | |     i8, NonZeroI8 cfg(not(no_num_nonzero_signed)), deserialize_i8
385 | |     num_self!(i8:visit_i8);
386 | |     int_to_int!(i16:visit_i16 i32:visit_i32 i64:visit_i64);
387 | |     uint_to_self!(u8:visit_u8 u16:visit_u16 u32:visit_u32 u64:visit_u64);
388 | | }
    | |_- in this macro invocation
    |
    = note: this error originates in the macro `int_to_int` which comes from the expansion of the macro `impl_deserialize_num` (in Nightly builds, run with -Z macro-backtrace for more info)
help: consider importing this tuple variant
    |
1   + use core::result::Result::Ok;
    |

error[E0425]: cannot find function, tuple struct or tuple variant `Ok` in this scope
   --> C:\Users\john\.cargo\registry\src\index.crates.io-1949cf8c6b5b557f\serde-1.0.219\src\de\impls.rs:289:17
    |
289 |                   Ok(Saturating(v as $primitive))
    |                   ^^ not found in this scope
...
383 | / impl_deserialize_num! {
384 | |     i8, NonZeroI8 cfg(not(no_num_nonzero_signed)), deserialize_i8
385 | |     num_self!(i8:visit_i8);
386 | |     int_to_int!(i16:visit_i16 i32:visit_i32 i64:visit_i64);
387 | |     uint_to_self!(u8:visit_u8 u16:visit_u16 u32:visit_u32 u64:visit_u64);
388 | | }
    | |_- in this macro invocation
    |
    = note: this error originates in the macro `int_to_int` which comes from the expansion of the macro `impl_deserialize_num` (in Nightly builds, run with -Z macro-backtrace for more info)
help: consider importing this tuple variant
    |
1   + use core::result::Result::Ok;
    |

error[E0412]: cannot find type `Result` in this scope
   --> C:\Users\john\.cargo\registry\src\index.crates.io-1949cf8c6b5b557f\serde-1.0.219\src\de\impls.rs:370:39
    |
370 |           fn $visit<E>(self, v: $ty) -> Result<Self::Value, E>
    |                                         ^^^^^^ not found in this scope
...
383 | / impl_deserialize_num! {
384 | |     i8, NonZeroI8 cfg(not(no_num_nonzero_signed)), deserialize_i8
385 | |     num_self!(i8:visit_i8);
386 | |     int_to_int!(i16:visit_i16 i32:visit_i32 i64:visit_i64);
387 | |     uint_to_self!(u8:visit_u8 u16:visit_u16 u32:visit_u32 u64:visit_u64);
388 | | }
    | |_- in this macro invocation
    |
    = note: this error originates in the macro `uint_to_self` which comes from the expansion of the macro `impl_deserialize_num` (in Nightly builds, run with -Z macro-backtrace for more info)
help: consider importing one of these items
    |
1   + use core::fmt::Result;
    |
1   + use core::result::Result;
    |

error[E0425]: cannot find function, tuple struct or tuple variant `Ok` in this scope
   --> C:\Users\john\.cargo\registry\src\index.crates.io-1949cf8c6b5b557f\serde-1.0.219\src\de\impls.rs:375:17
    |
375 |                   Ok(Saturating(v as $primitive))
    |                   ^^ not found in this scope
...
383 | / impl_deserialize_num! {
384 | |     i8, NonZeroI8 cfg(not(no_num_nonzero_signed)), deserialize_i8
385 | |     num_self!(i8:visit_i8);
386 | |     int_to_int!(i16:visit_i16 i32:visit_i32 i64:visit_i64);
387 | |     uint_to_self!(u8:visit_u8 u16:visit_u16 u32:visit_u32 u64:visit_u64);
388 | | }
    | |_- in this macro invocation
    |
    = note: this error originates in the macro `uint_to_self` which comes from the expansion of the macro `impl_deserialize_num` (in Nightly builds, run with -Z macro-backtrace for more info)
help: consider importing this tuple variant
    |
1   + use core::result::Result::Ok;
    |

error[E0425]: cannot find function, tuple struct or tuple variant `Ok` in this scope
   --> C:\Users\john\.cargo\registry\src\index.crates.io-1949cf8c6b5b557f\serde-1.0.219\src\de\impls.rs:377:17
    |
377 |                   Ok(Saturating($primitive::MAX))
    |                   ^^ not found in this scope
...
383 | / impl_deserialize_num! {
384 | |     i8, NonZeroI8 cfg(not(no_num_nonzero_signed)), deserialize_i8
385 | |     num_self!(i8:visit_i8);
386 | |     int_to_int!(i16:visit_i16 i32:visit_i32 i64:visit_i64);
387 | |     uint_to_self!(u8:visit_u8 u16:visit_u16 u32:visit_u32 u64:visit_u64);
388 | | }
    | |_- in this macro invocation
    |
    = note: this error originates in the macro `uint_to_self` which comes from the expansion of the macro `impl_deserialize_num` (in Nightly builds, run with -Z macro-backtrace for more info)
help: consider importing this tuple variant
    |
1   + use core::result::Result::Ok;
    |

error[E0412]: cannot find type `Result` in this scope
   --> C:\Users\john\.cargo\registry\src\index.crates.io-1949cf8c6b5b557f\serde-1.0.219\src\de\impls.rs:134:51
    |
134 |               fn deserialize<D>(deserializer: D) -> Result<Self, D::Error>
    |                                                     ^^^^^^ not found in this scope
...
390 | / impl_deserialize_num! {
391 | |     i16, NonZeroI16 cfg(not(no_num_nonzero_signed)), deserialize_i16
392 | |     num_self!(i16:visit_i16);
393 | |     num_as_self!(i8:visit_i8);
394 | |     int_to_int!(i32:visit_i32 i64:visit_i64);
395 | |     uint_to_self!(u8:visit_u8 u16:visit_u16 u32:visit_u32 u64:visit_u64);
396 | | }
    | |_- in this macro invocation
    |
    = note: this error originates in the macro `impl_deserialize_num` (in Nightly builds, run with -Z macro-backtrace for more info)
help: consider importing one of these items
    |
1   + use core::fmt::Result;
    |
1   + use core::result::Result;
    |

error[E0412]: cannot find type `Result` in this scope
   --> C:\Users\john\.cargo\registry\src\index.crates.io-1949cf8c6b5b557f\serde-1.0.219\src\de\impls.rs:159:39
    |
159 |           fn $visit<E>(self, v: $ty) -> Result<Self::Value, E>
    |                                         ^^^^^^ not found in this scope
...
390 | / impl_deserialize_num! {
391 | |     i16, NonZeroI16 cfg(not(no_num_nonzero_signed)), deserialize_i16
392 | |     num_self!(i16:visit_i16);
393 | |     num_as_self!(i8:visit_i8);
394 | |     int_to_int!(i32:visit_i32 i64:visit_i64);
395 | |     uint_to_self!(u8:visit_u8 u16:visit_u16 u32:visit_u32 u64:visit_u64);
396 | | }
    | |_- in this macro invocation
    |
    = note: this error originates in the macro `num_self` which comes from the expansion of the macro `impl_deserialize_num` (in Nightly builds, run with -Z macro-backtrace for more info)
help: consider importing one of these items
    |
1   + use core::fmt::Result;
    |
1   + use core::result::Result;
    |

error[E0425]: cannot find function, tuple struct or tuple variant `Ok` in this scope
   --> C:\Users\john\.cargo\registry\src\index.crates.io-1949cf8c6b5b557f\serde-1.0.219\src\de\impls.rs:163:13
    |
163 |               Ok(v)
    |               ^^ not found in this scope
...
390 | / impl_deserialize_num! {
391 | |     i16, NonZeroI16 cfg(not(no_num_nonzero_signed)), deserialize_i16
392 | |     num_self!(i16:visit_i16);
393 | |     num_as_self!(i8:visit_i8);
394 | |     int_to_int!(i32:visit_i32 i64:visit_i64);
395 | |     uint_to_self!(u8:visit_u8 u16:visit_u16 u32:visit_u32 u64:visit_u64);
396 | | }
    | |_- in this macro invocation
    |
    = note: this error originates in the macro `num_self` which comes from the expansion of the macro `impl_deserialize_num` (in Nightly builds, run with -Z macro-backtrace for more info)
help: consider importing this tuple variant
    |
1   + use core::result::Result::Ok;
    |

error[E0412]: cannot find type `Result` in this scope
   --> C:\Users\john\.cargo\registry\src\index.crates.io-1949cf8c6b5b557f\serde-1.0.219\src\de\impls.rs:193:39
    |
193 |           fn $visit<E>(self, v: $ty) -> Result<Self::Value, E>
    |                                         ^^^^^^ not found in this scope
...
390 | / impl_deserialize_num! {
391 | |     i16, NonZeroI16 cfg(not(no_num_nonzero_signed)), deserialize_i16
392 | |     num_self!(i16:visit_i16);
393 | |     num_as_self!(i8:visit_i8);
394 | |     int_to_int!(i32:visit_i32 i64:visit_i64);
395 | |     uint_to_self!(u8:visit_u8 u16:visit_u16 u32:visit_u32 u64:visit_u64);
396 | | }
    | |_- in this macro invocation
    |
    = note: this error originates in the macro `num_as_self` which comes from the expansion of the macro `impl_deserialize_num` (in Nightly builds, run with -Z macro-backtrace for more info)
help: consider importing one of these items
    |
1   + use core::fmt::Result;
    |
1   + use core::result::Result;
    |

error[E0425]: cannot find function, tuple struct or tuple variant `Ok` in this scope
   --> C:\Users\john\.cargo\registry\src\index.crates.io-1949cf8c6b5b557f\serde-1.0.219\src\de\impls.rs:197:13
    |
197 |               Ok(v as Self::Value)
    |               ^^ not found in this scope
...
390 | / impl_deserialize_num! {
391 | |     i16, NonZeroI16 cfg(not(no_num_nonzero_signed)), deserialize_i16
392 | |     num_self!(i16:visit_i16);
393 | |     num_as_self!(i8:visit_i8);
394 | |     int_to_int!(i32:visit_i32 i64:visit_i64);
395 | |     uint_to_self!(u8:visit_u8 u16:visit_u16 u32:visit_u32 u64:visit_u64);
396 | | }
    | |_- in this macro invocation
    |
    = note: this error originates in the macro `num_as_self` which comes from the expansion of the macro `impl_deserialize_num` (in Nightly builds, run with -Z macro-backtrace for more info)
help: consider importing this tuple variant
    |
1   + use core::result::Result::Ok;
    |

error[E0412]: cannot find type `Result` in this scope
   --> C:\Users\john\.cargo\registry\src\index.crates.io-1949cf8c6b5b557f\serde-1.0.219\src\de\impls.rs:249:39
    |
249 |           fn $visit<E>(self, v: $ty) -> Result<Self::Value, E>
    |                                         ^^^^^^ not found in this scope
...
390 | / impl_deserialize_num! {
391 | |     i16, NonZeroI16 cfg(not(no_num_nonzero_signed)), deserialize_i16
392 | |     num_self!(i16:visit_i16);
393 | |     num_as_self!(i8:visit_i8);
394 | |     int_to_int!(i32:visit_i32 i64:visit_i64);
395 | |     uint_to_self!(u8:visit_u8 u16:visit_u16 u32:visit_u32 u64:visit_u64);
396 | | }
    | |_- in this macro invocation
    |
    = note: this error originates in the macro `int_to_int` which comes from the expansion of the macro `impl_deserialize_num` (in Nightly builds, run with -Z macro-backtrace for more info)
help: consider importing one of these items
    |
1   + use core::fmt::Result;
    |
1   + use core::result::Result;
    |

error[E0425]: cannot find function, tuple struct or tuple variant `Ok` in this scope
   --> C:\Users\john\.cargo\registry\src\index.crates.io-1949cf8c6b5b557f\serde-1.0.219\src\de\impls.rs:256:17
    |
256 |                   Ok(v as Self::Value)
    |                   ^^ not found in this scope
...
390 | / impl_deserialize_num! {
391 | |     i16, NonZeroI16 cfg(not(no_num_nonzero_signed)), deserialize_i16
392 | |     num_self!(i16:visit_i16);
393 | |     num_as_self!(i8:visit_i8);
394 | |     int_to_int!(i32:visit_i32 i64:visit_i64);
395 | |     uint_to_self!(u8:visit_u8 u16:visit_u16 u32:visit_u32 u64:visit_u64);
396 | | }
    | |_- in this macro invocation
    |
    = note: this error originates in the macro `int_to_int` which comes from the expansion of the macro `impl_deserialize_num` (in Nightly builds, run with -Z macro-backtrace for more info)
help: consider importing this tuple variant
    |
1   + use core::result::Result::Ok;
    |

error[E0425]: cannot find function, tuple struct or tuple variant `Err` in this scope
   --> C:\Users\john\.cargo\registry\src\index.crates.io-1949cf8c6b5b557f\serde-1.0.219\src\de\impls.rs:258:17
    |
258 |                   Err(Error::invalid_value(Unexpected::Signed(v as i64), &self))
    |                   ^^^ not found in this scope
...
390 | / impl_deserialize_num! {
391 | |     i16, NonZeroI16 cfg(not(no_num_nonzero_signed)), deserialize_i16
392 | |     num_self!(i16:visit_i16);
393 | |     num_as_self!(i8:visit_i8);
394 | |     int_to_int!(i32:visit_i32 i64:visit_i64);
395 | |     uint_to_self!(u8:visit_u8 u16:visit_u16 u32:visit_u32 u64:visit_u64);
396 | | }
    | |_- in this macro invocation
    |
    = note: this error originates in the macro `int_to_int` which comes from the expansion of the macro `impl_deserialize_num` (in Nightly builds, run with -Z macro-backtrace for more info)
help: consider importing this tuple variant
    |
1   + use core::result::Result::Err;
    |

error[E0412]: cannot find type `Result` in this scope
   --> C:\Users\john\.cargo\registry\src\index.crates.io-1949cf8c6b5b557f\serde-1.0.219\src\de\impls.rs:343:39
    |
343 |           fn $visit<E>(self, v: $ty) -> Result<Self::Value, E>
    |                                         ^^^^^^ not found in this scope
...
390 | / impl_deserialize_num! {
391 | |     i16, NonZeroI16 cfg(not(no_num_nonzero_signed)), deserialize_i16
392 | |     num_self!(i16:visit_i16);
393 | |     num_as_self!(i8:visit_i8);
394 | |     int_to_int!(i32:visit_i32 i64:visit_i64);
395 | |     uint_to_self!(u8:visit_u8 u16:visit_u16 u32:visit_u32 u64:visit_u64);
396 | | }
    | |_- in this macro invocation
    |
    = note: this error originates in the macro `uint_to_self` which comes from the expansion of the macro `impl_deserialize_num` (in Nightly builds, run with -Z macro-backtrace for more info)
help: consider importing one of these items
    |
1   + use core::fmt::Result;
    |
1   + use core::result::Result;
    |

error[E0425]: cannot find function, tuple struct or tuple variant `Ok` in this scope
   --> C:\Users\john\.cargo\registry\src\index.crates.io-1949cf8c6b5b557f\serde-1.0.219\src\de\impls.rs:348:17
    |
348 |                   Ok(v as Self::Value)
    |                   ^^ not found in this scope
...
390 | / impl_deserialize_num! {
391 | |     i16, NonZeroI16 cfg(not(no_num_nonzero_signed)), deserialize_i16
392 | |     num_self!(i16:visit_i16);
393 | |     num_as_self!(i8:visit_i8);
394 | |     int_to_int!(i32:visit_i32 i64:visit_i64);
395 | |     uint_to_self!(u8:visit_u8 u16:visit_u16 u32:visit_u32 u64:visit_u64);
396 | | }
    | |_- in this macro invocation
    |
    = note: this error originates in the macro `uint_to_self` which comes from the expansion of the macro `impl_deserialize_num` (in Nightly builds, run with -Z macro-backtrace for more info)
help: consider importing this tuple variant
    |
1   + use core::result::Result::Ok;
    |

error[E0425]: cannot find function, tuple struct or tuple variant `Err` in this scope
   --> C:\Users\john\.cargo\registry\src\index.crates.io-1949cf8c6b5b557f\serde-1.0.219\src\de\impls.rs:350:17
    |
350 |                   Err(Error::invalid_value(Unexpected::Unsigned(v as u64), &self))
    |                   ^^^ not found in this scope
...
390 | / impl_deserialize_num! {
391 | |     i16, NonZeroI16 cfg(not(no_num_nonzero_signed)), deserialize_i16
392 | |     num_self!(i16:visit_i16);
393 | |     num_as_self!(i8:visit_i8);
394 | |     int_to_int!(i32:visit_i32 i64:visit_i64);
395 | |     uint_to_self!(u8:visit_u8 u16:visit_u16 u32:visit_u32 u64:visit_u64);
396 | | }
    | |_- in this macro invocation
    |
    = note: this error originates in the macro `uint_to_self` which comes from the expansion of the macro `impl_deserialize_num` (in Nightly builds, run with -Z macro-backtrace for more info)
help: consider importing this tuple variant
    |
1   + use core::result::Result::Err;
    |

error[E0412]: cannot find type `Result` in this scope
   --> C:\Users\john\.cargo\registry\src\index.crates.io-1949cf8c6b5b557f\serde-1.0.219\src\de\impls.rs:88:51
    |
88  |               fn deserialize<D>(deserializer: D) -> Result<Self, D::Error>
    |                                                     ^^^^^^ not found in this scope
...
390 | / impl_deserialize_num! {
391 | |     i16, NonZeroI16 cfg(not(no_num_nonzero_signed)), deserialize_i16
392 | |     num_self!(i16:visit_i16);
393 | |     num_as_self!(i8:visit_i8);
394 | |     int_to_int!(i32:visit_i32 i64:visit_i64);
395 | |     uint_to_self!(u8:visit_u8 u16:visit_u16 u32:visit_u32 u64:visit_u64);
396 | | }
    | |_- in this macro invocation
    |
    = note: this error originates in the macro `impl_deserialize_num` (in Nightly builds, run with -Z macro-backtrace for more info)
help: consider importing one of these items
    |
1   + use core::fmt::Result;
    |
1   + use core::result::Result;
    |

error[E0412]: cannot find type `Result` in this scope
   --> C:\Users\john\.cargo\registry\src\index.crates.io-1949cf8c6b5b557f\serde-1.0.219\src\de\impls.rs:168:39
    |
168 |           fn $visit<E>(self, v: $ty) -> Result<Self::Value, E>
    |                                         ^^^^^^ not found in this scope
...
390 | / impl_deserialize_num! {
391 | |     i16, NonZeroI16 cfg(not(no_num_nonzero_signed)), deserialize_i16
392 | |     num_self!(i16:visit_i16);
393 | |     num_as_self!(i8:visit_i8);
394 | |     int_to_int!(i32:visit_i32 i64:visit_i64);
395 | |     uint_to_self!(u8:visit_u8 u16:visit_u16 u32:visit_u32 u64:visit_u64);
396 | | }
    | |_- in this macro invocation
    |
    = note: this error originates in the macro `num_self` which comes from the expansion of the macro `impl_deserialize_num` (in Nightly builds, run with -Z macro-backtrace for more info)
help: consider importing one of these items
    |
1   + use core::fmt::Result;
    |
1   + use core::result::Result;
    |

error[E0531]: cannot find tuple struct or tuple variant `Some` in this scope
   --> C:\Users\john\.cargo\registry\src\index.crates.io-1949cf8c6b5b557f\serde-1.0.219\src\de\impls.rs:172:20
    |
172 |               if let Some(nonzero) = Self::Value::new(v) {
    |                      ^^^^ not found in this scope
...
390 | / impl_deserialize_num! {
391 | |     i16, NonZeroI16 cfg(not(no_num_nonzero_signed)), deserialize_i16
392 | |     num_self!(i16:visit_i16);
393 | |     num_as_self!(i8:visit_i8);
394 | |     int_to_int!(i32:visit_i32 i64:visit_i64);
395 | |     uint_to_self!(u8:visit_u8 u16:visit_u16 u32:visit_u32 u64:visit_u64);
396 | | }
    | |_- in this macro invocation
    |
note: tuple variant `crate::__private::ser::content::Content::Some` exists but is inaccessible
   --> C:\Users\john\.cargo\registry\src\index.crates.io-1949cf8c6b5b557f\serde-1.0.219\src\private\ser.rs:443:9
    |
443 |         Some(Box<Content>),
    |         ^^^^^^^^^^^^^^^^^^ not accessible
    = note: this error originates in the macro `num_self` which comes from the expansion of the macro `impl_deserialize_num` (in Nightly builds, run with -Z macro-backtrace for more info)
help: consider importing one of these tuple variants
    |
1   + use crate::__private::de::Content::Some;
    |
1   + use core::option::Option::Some;
    |

error[E0425]: cannot find function, tuple struct or tuple variant `Ok` in this scope
   --> C:\Users\john\.cargo\registry\src\index.crates.io-1949cf8c6b5b557f\serde-1.0.219\src\de\impls.rs:173:17
    |
173 |                   Ok(nonzero)
    |                   ^^ not found in this scope
...
390 | / impl_deserialize_num! {
391 | |     i16, NonZeroI16 cfg(not(no_num_nonzero_signed)), deserialize_i16
392 | |     num_self!(i16:visit_i16);
393 | |     num_as_self!(i8:visit_i8);
394 | |     int_to_int!(i32:visit_i32 i64:visit_i64);
395 | |     uint_to_self!(u8:visit_u8 u16:visit_u16 u32:visit_u32 u64:visit_u64);
396 | | }
    | |_- in this macro invocation
    |
    = note: this error originates in the macro `num_self` which comes from the expansion of the macro `impl_deserialize_num` (in Nightly builds, run with -Z macro-backtrace for more info)
help: consider importing this tuple variant
    |
1   + use core::result::Result::Ok;
    |

error[E0425]: cannot find function, tuple struct or tuple variant `Err` in this scope
   --> C:\Users\john\.cargo\registry\src\index.crates.io-1949cf8c6b5b557f\serde-1.0.219\src\de\impls.rs:175:17
    |
175 |                   Err(Error::invalid_value(Unexpected::Unsigned(0), &self))
    |                   ^^^ not found in this scope
...
390 | / impl_deserialize_num! {
391 | |     i16, NonZeroI16 cfg(not(no_num_nonzero_signed)), deserialize_i16
392 | |     num_self!(i16:visit_i16);
393 | |     num_as_self!(i8:visit_i8);
394 | |     int_to_int!(i32:visit_i32 i64:visit_i64);
395 | |     uint_to_self!(u8:visit_u8 u16:visit_u16 u32:visit_u32 u64:visit_u64);
396 | | }
    | |_- in this macro invocation
    |
    = note: this error originates in the macro `num_self` which comes from the expansion of the macro `impl_deserialize_num` (in Nightly builds, run with -Z macro-backtrace for more info)
help: consider importing this tuple variant
    |
1   + use core::result::Result::Err;
    |

error[E0412]: cannot find type `Result` in this scope
   --> C:\Users\john\.cargo\registry\src\index.crates.io-1949cf8c6b5b557f\serde-1.0.219\src\de\impls.rs:202:39
    |
202 |           fn $visit<E>(self, v: $ty) -> Result<Self::Value, E>
    |                                         ^^^^^^ not found in this scope
...
390 | / impl_deserialize_num! {
391 | |     i16, NonZeroI16 cfg(not(no_num_nonzero_signed)), deserialize_i16
392 | |     num_self!(i16:visit_i16);
393 | |     num_as_self!(i8:visit_i8);
394 | |     int_to_int!(i32:visit_i32 i64:visit_i64);
395 | |     uint_to_self!(u8:visit_u8 u16:visit_u16 u32:visit_u32 u64:visit_u64);
396 | | }
    | |_- in this macro invocation
    |
    = note: this error originates in the macro `num_as_self` which comes from the expansion of the macro `impl_deserialize_num` (in Nightly builds, run with -Z macro-backtrace for more info)
help: consider importing one of these items
    |
1   + use core::fmt::Result;
    |
1   + use core::result::Result;
    |

error[E0531]: cannot find tuple struct or tuple variant `Some` in this scope
   --> C:\Users\john\.cargo\registry\src\index.crates.io-1949cf8c6b5b557f\serde-1.0.219\src\de\impls.rs:206:20
    |
206 |               if let Some(nonzero) = Self::Value::new(v as $primitive) {
    |                      ^^^^ not found in this scope
...
390 | / impl_deserialize_num! {
391 | |     i16, NonZeroI16 cfg(not(no_num_nonzero_signed)), deserialize_i16
392 | |     num_self!(i16:visit_i16);
393 | |     num_as_self!(i8:visit_i8);
394 | |     int_to_int!(i32:visit_i32 i64:visit_i64);
395 | |     uint_to_self!(u8:visit_u8 u16:visit_u16 u32:visit_u32 u64:visit_u64);
396 | | }
    | |_- in this macro invocation
    |
note: tuple variant `crate::__private::ser::content::Content::Some` exists but is inaccessible
   --> C:\Users\john\.cargo\registry\src\index.crates.io-1949cf8c6b5b557f\serde-1.0.219\src\private\ser.rs:443:9
    |
443 |         Some(Box<Content>),
    |         ^^^^^^^^^^^^^^^^^^ not accessible
    = note: this error originates in the macro `num_as_self` which comes from the expansion of the macro `impl_deserialize_num` (in Nightly builds, run with -Z macro-backtrace for more info)
help: consider importing one of these tuple variants
    |
1   + use crate::__private::de::Content::Some;
    |
1   + use core::option::Option::Some;
    |

error[E0425]: cannot find function, tuple struct or tuple variant `Ok` in this scope
   --> C:\Users\john\.cargo\registry\src\index.crates.io-1949cf8c6b5b557f\serde-1.0.219\src\de\impls.rs:207:17
    |
207 |                   Ok(nonzero)
    |                   ^^ not found in this scope
...
390 | / impl_deserialize_num! {
391 | |     i16, NonZeroI16 cfg(not(no_num_nonzero_signed)), deserialize_i16
392 | |     num_self!(i16:visit_i16);
393 | |     num_as_self!(i8:visit_i8);
394 | |     int_to_int!(i32:visit_i32 i64:visit_i64);
395 | |     uint_to_self!(u8:visit_u8 u16:visit_u16 u32:visit_u32 u64:visit_u64);
396 | | }
    | |_- in this macro invocation
    |
    = note: this error originates in the macro `num_as_self` which comes from the expansion of the macro `impl_deserialize_num` (in Nightly builds, run with -Z macro-backtrace for more info)
help: consider importing this tuple variant
    |
1   + use core::result::Result::Ok;
    |

error[E0425]: cannot find function, tuple struct or tuple variant `Err` in this scope
   --> C:\Users\john\.cargo\registry\src\index.crates.io-1949cf8c6b5b557f\serde-1.0.219\src\de\impls.rs:209:17
    |
209 |                   Err(Error::invalid_value(Unexpected::Unsigned(0), &self))
    |                   ^^^ not found in this scope
...
390 | / impl_deserialize_num! {
391 | |     i16, NonZeroI16 cfg(not(no_num_nonzero_signed)), deserialize_i16
392 | |     num_self!(i16:visit_i16);
393 | |     num_as_self!(i8:visit_i8);
394 | |     int_to_int!(i32:visit_i32 i64:visit_i64);
395 | |     uint_to_self!(u8:visit_u8 u16:visit_u16 u32:visit_u32 u64:visit_u64);
396 | | }
    | |_- in this macro invocation
    |
    = note: this error originates in the macro `num_as_self` which comes from the expansion of the macro `impl_deserialize_num` (in Nightly builds, run with -Z macro-backtrace for more info)
help: consider importing this tuple variant
    |
1   + use core::result::Result::Err;
    |

error[E0412]: cannot find type `Result` in this scope
   --> C:\Users\john\.cargo\registry\src\index.crates.io-1949cf8c6b5b557f\serde-1.0.219\src\de\impls.rs:264:39
    |
264 |           fn $visit<E>(self, v: $ty) -> Result<Self::Value, E>
    |                                         ^^^^^^ not found in this scope
...
390 | / impl_deserialize_num! {
391 | |     i16, NonZeroI16 cfg(not(no_num_nonzero_signed)), deserialize_i16
392 | |     num_self!(i16:visit_i16);
393 | |     num_as_self!(i8:visit_i8);
394 | |     int_to_int!(i32:visit_i32 i64:visit_i64);
395 | |     uint_to_self!(u8:visit_u8 u16:visit_u16 u32:visit_u32 u64:visit_u64);
396 | | }
    | |_- in this macro invocation
    |
    = note: this error originates in the macro `int_to_int` which comes from the expansion of the macro `impl_deserialize_num` (in Nightly builds, run with -Z macro-backtrace for more info)
help: consider importing one of these items
    |
1   + use core::fmt::Result;
    |
1   + use core::result::Result;
    |

error[E0531]: cannot find tuple struct or tuple variant `Some` in this scope
   --> C:\Users\john\.cargo\registry\src\index.crates.io-1949cf8c6b5b557f\serde-1.0.219\src\de\impls.rs:271:24
    |
271 |                   if let Some(nonzero) = Self::Value::new(v as $primitive) {
    |                          ^^^^ not found in this scope
...
390 | / impl_deserialize_num! {
391 | |     i16, NonZeroI16 cfg(not(no_num_nonzero_signed)), deserialize_i16
392 | |     num_self!(i16:visit_i16);
393 | |     num_as_self!(i8:visit_i8);
394 | |     int_to_int!(i32:visit_i32 i64:visit_i64);
395 | |     uint_to_self!(u8:visit_u8 u16:visit_u16 u32:visit_u32 u64:visit_u64);
396 | | }
    | |_- in this macro invocation
    |
note: tuple variant `crate::__private::ser::content::Content::Some` exists but is inaccessible
   --> C:\Users\john\.cargo\registry\src\index.crates.io-1949cf8c6b5b557f\serde-1.0.219\src\private\ser.rs:443:9
    |
443 |         Some(Box<Content>),
    |         ^^^^^^^^^^^^^^^^^^ not accessible
    = note: this error originates in the macro `int_to_int` which comes from the expansion of the macro `impl_deserialize_num` (in Nightly builds, run with -Z macro-backtrace for more info)
help: consider importing one of these tuple variants
    |
1   + use crate::__private::de::Content::Some;
    |
1   + use core::option::Option::Some;
    |

error[E0425]: cannot find function, tuple struct or tuple variant `Ok` in this scope
   --> C:\Users\john\.cargo\registry\src\index.crates.io-1949cf8c6b5b557f\serde-1.0.219\src\de\impls.rs:272:28
    |
272 |                       return Ok(nonzero);
    |                              ^^ not found in this scope
...
390 | / impl_deserialize_num! {
391 | |     i16, NonZeroI16 cfg(not(no_num_nonzero_signed)), deserialize_i16
392 | |     num_self!(i16:visit_i16);
393 | |     num_as_self!(i8:visit_i8);
394 | |     int_to_int!(i32:visit_i32 i64:visit_i64);
395 | |     uint_to_self!(u8:visit_u8 u16:visit_u16 u32:visit_u32 u64:visit_u64);
396 | | }
    | |_- in this macro invocation
    |
    = note: this error originates in the macro `int_to_int` which comes from the expansion of the macro `impl_deserialize_num` (in Nightly builds, run with -Z macro-backtrace for more info)
help: consider importing this tuple variant
    |
1   + use core::result::Result::Ok;
    |

error[E0425]: cannot find function, tuple struct or tuple variant `Err` in this scope
   --> C:\Users\john\.cargo\registry\src\index.crates.io-1949cf8c6b5b557f\serde-1.0.219\src\de\impls.rs:275:13
    |
275 |               Err(Error::invalid_value(Unexpected::Signed(v as i64), &self))
    |               ^^^ not found in this scope
...
390 | / impl_deserialize_num! {
391 | |     i16, NonZeroI16 cfg(not(no_num_nonzero_signed)), deserialize_i16
392 | |     num_self!(i16:visit_i16);
393 | |     num_as_self!(i8:visit_i8);
394 | |     int_to_int!(i32:visit_i32 i64:visit_i64);
395 | |     uint_to_self!(u8:visit_u8 u16:visit_u16 u32:visit_u32 u64:visit_u64);
396 | | }
    | |_- in this macro invocation
    |
    = note: this error originates in the macro `int_to_int` which comes from the expansion of the macro `impl_deserialize_num` (in Nightly builds, run with -Z macro-backtrace for more info)
help: consider importing this tuple variant
    |
1   + use core::result::Result::Err;
    |

error[E0412]: cannot find type `Result` in this scope
   --> C:\Users\john\.cargo\registry\src\index.crates.io-1949cf8c6b5b557f\serde-1.0.219\src\de\impls.rs:356:39
    |
356 |           fn $visit<E>(self, v: $ty) -> Result<Self::Value, E>
    |                                         ^^^^^^ not found in this scope
...
390 | / impl_deserialize_num! {
391 | |     i16, NonZeroI16 cfg(not(no_num_nonzero_signed)), deserialize_i16
392 | |     num_self!(i16:visit_i16);
393 | |     num_as_self!(i8:visit_i8);
394 | |     int_to_int!(i32:visit_i32 i64:visit_i64);
395 | |     uint_to_self!(u8:visit_u8 u16:visit_u16 u32:visit_u32 u64:visit_u64);
396 | | }
    | |_- in this macro invocation
    |
    = note: this error originates in the macro `uint_to_self` which comes from the expansion of the macro `impl_deserialize_num` (in Nightly builds, run with -Z macro-backtrace for more info)
help: consider importing one of these items
    |
1   + use core::fmt::Result;
    |
1   + use core::result::Result;
    |

error[E0531]: cannot find tuple struct or tuple variant `Some` in this scope
   --> C:\Users\john\.cargo\registry\src\index.crates.io-1949cf8c6b5b557f\serde-1.0.219\src\de\impls.rs:361:24
    |
361 |                   if let Some(nonzero) = Self::Value::new(v as $primitive) {
    |                          ^^^^ not found in this scope
...
390 | / impl_deserialize_num! {
391 | |     i16, NonZeroI16 cfg(not(no_num_nonzero_signed)), deserialize_i16
392 | |     num_self!(i16:visit_i16);
393 | |     num_as_self!(i8:visit_i8);
394 | |     int_to_int!(i32:visit_i32 i64:visit_i64);
395 | |     uint_to_self!(u8:visit_u8 u16:visit_u16 u32:visit_u32 u64:visit_u64);
396 | | }
    | |_- in this macro invocation
    |
note: tuple variant `crate::__private::ser::content::Content::Some` exists but is inaccessible
   --> C:\Users\john\.cargo\registry\src\index.crates.io-1949cf8c6b5b557f\serde-1.0.219\src\private\ser.rs:443:9
    |
443 |         Some(Box<Content>),
    |         ^^^^^^^^^^^^^^^^^^ not accessible
    = note: this error originates in the macro `uint_to_self` which comes from the expansion of the macro `impl_deserialize_num` (in Nightly builds, run with -Z macro-backtrace for more info)
help: consider importing one of these tuple variants
    |
1   + use crate::__private::de::Content::Some;
    |
1   + use core::option::Option::Some;
    |

error[E0425]: cannot find function, tuple struct or tuple variant `Ok` in this scope
   --> C:\Users\john\.cargo\registry\src\index.crates.io-1949cf8c6b5b557f\serde-1.0.219\src\de\impls.rs:362:28
    |
362 |                       return Ok(nonzero);
    |                              ^^ not found in this scope
...
390 | / impl_deserialize_num! {
391 | |     i16, NonZeroI16 cfg(not(no_num_nonzero_signed)), deserialize_i16
392 | |     num_self!(i16:visit_i16);
393 | |     num_as_self!(i8:visit_i8);
394 | |     int_to_int!(i32:visit_i32 i64:visit_i64);
395 | |     uint_to_self!(u8:visit_u8 u16:visit_u16 u32:visit_u32 u64:visit_u64);
396 | | }
    | |_- in this macro invocation
    |
    = note: this error originates in the macro `uint_to_self` which comes from the expansion of the macro `impl_deserialize_num` (in Nightly builds, run with -Z macro-backtrace for more info)
help: consider importing this tuple variant
    |
1   + use core::result::Result::Ok;
    |

error[E0425]: cannot find function, tuple struct or tuple variant `Err` in this scope
   --> C:\Users\john\.cargo\registry\src\index.crates.io-1949cf8c6b5b557f\serde-1.0.219\src\de\impls.rs:365:13
    |
365 |               Err(Error::invalid_value(Unexpected::Unsigned(v as u64), &self))
    |               ^^^ not found in this scope
...
390 | / impl_deserialize_num! {
391 | |     i16, NonZeroI16 cfg(not(no_num_nonzero_signed)), deserialize_i16
392 | |     num_self!(i16:visit_i16);
393 | |     num_as_self!(i8:visit_i8);
394 | |     int_to_int!(i32:visit_i32 i64:visit_i64);
395 | |     uint_to_self!(u8:visit_u8 u16:visit_u16 u32:visit_u32 u64:visit_u64);
396 | | }
    | |_- in this macro invocation
    |
    = note: this error originates in the macro `uint_to_self` which comes from the expansion of the macro `impl_deserialize_num` (in Nightly builds, run with -Z macro-backtrace for more info)
help: consider importing this tuple variant
    |
1   + use core::result::Result::Err;
    |

error[E0412]: cannot find type `Result` in this scope
   --> C:\Users\john\.cargo\registry\src\index.crates.io-1949cf8c6b5b557f\serde-1.0.219\src\de\impls.rs:110:51
    |
110 |               fn deserialize<D>(deserializer: D) -> Result<Self, D::Error>
    |                                                     ^^^^^^ not found in this scope
...
390 | / impl_deserialize_num! {
391 | |     i16, NonZeroI16 cfg(not(no_num_nonzero_signed)), deserialize_i16
392 | |     num_self!(i16:visit_i16);
393 | |     num_as_self!(i8:visit_i8);
394 | |     int_to_int!(i32:visit_i32 i64:visit_i64);
395 | |     uint_to_self!(u8:visit_u8 u16:visit_u16 u32:visit_u32 u64:visit_u64);
396 | | }
    | |_- in this macro invocation
    |
    = note: this error originates in the macro `impl_deserialize_num` (in Nightly builds, run with -Z macro-backtrace for more info)
help: consider importing one of these items
    |
1   + use core::fmt::Result;
    |
1   + use core::result::Result;
    |

error[E0412]: cannot find type `Result` in this scope
   --> C:\Users\john\.cargo\registry\src\index.crates.io-1949cf8c6b5b557f\serde-1.0.219\src\de\impls.rs:181:39
    |
181 |           fn $visit<E>(self, v: $ty) -> Result<Self::Value, E>
    |                                         ^^^^^^ not found in this scope
...
390 | / impl_deserialize_num! {
391 | |     i16, NonZeroI16 cfg(not(no_num_nonzero_signed)), deserialize_i16
392 | |     num_self!(i16:visit_i16);
393 | |     num_as_self!(i8:visit_i8);
394 | |     int_to_int!(i32:visit_i32 i64:visit_i64);
395 | |     uint_to_self!(u8:visit_u8 u16:visit_u16 u32:visit_u32 u64:visit_u64);
396 | | }
    | |_- in this macro invocation
    |
    = note: this error originates in the macro `num_self` which comes from the expansion of the macro `impl_deserialize_num` (in Nightly builds, run with -Z macro-backtrace for more info)
help: consider importing one of these items
    |
1   + use core::fmt::Result;
    |
1   + use core::result::Result;
    |

error[E0425]: cannot find function, tuple struct or tuple variant `Ok` in this scope
   --> C:\Users\john\.cargo\registry\src\index.crates.io-1949cf8c6b5b557f\serde-1.0.219\src\de\impls.rs:185:13
    |
185 |               Ok(Saturating(v))
    |               ^^ not found in this scope
...
390 | / impl_deserialize_num! {
391 | |     i16, NonZeroI16 cfg(not(no_num_nonzero_signed)), deserialize_i16
392 | |     num_self!(i16:visit_i16);
393 | |     num_as_self!(i8:visit_i8);
394 | |     int_to_int!(i32:visit_i32 i64:visit_i64);
395 | |     uint_to_self!(u8:visit_u8 u16:visit_u16 u32:visit_u32 u64:visit_u64);
396 | | }
    | |_- in this macro invocation
    |
    = note: this error originates in the macro `num_self` which comes from the expansion of the macro `impl_deserialize_num` (in Nightly builds, run with -Z macro-backtrace for more info)
help: consider importing this tuple variant
    |
1   + use core::result::Result::Ok;
    |

error[E0412]: cannot find type `Result` in this scope
   --> C:\Users\john\.cargo\registry\src\index.crates.io-1949cf8c6b5b557f\serde-1.0.219\src\de\impls.rs:215:39
    |
215 |           fn $visit<E>(self, v: $ty) -> Result<Self::Value, E>
    |                                         ^^^^^^ not found in this scope
...
390 | / impl_deserialize_num! {
391 | |     i16, NonZeroI16 cfg(not(no_num_nonzero_signed)), deserialize_i16
392 | |     num_self!(i16:visit_i16);
393 | |     num_as_self!(i8:visit_i8);
394 | |     int_to_int!(i32:visit_i32 i64:visit_i64);
395 | |     uint_to_self!(u8:visit_u8 u16:visit_u16 u32:visit_u32 u64:visit_u64);
396 | | }
    | |_- in this macro invocation
    |
    = note: this error originates in the macro `num_as_self` which comes from the expansion of the macro `impl_deserialize_num` (in Nightly builds, run with -Z macro-backtrace for more info)
help: consider importing one of these items
    |
1   + use core::fmt::Result;
    |
1   + use core::result::Result;
    |

error[E0425]: cannot find function, tuple struct or tuple variant `Ok` in this scope
   --> C:\Users\john\.cargo\registry\src\index.crates.io-1949cf8c6b5b557f\serde-1.0.219\src\de\impls.rs:219:13
    |
219 |               Ok(Saturating(v as $primitive))
    |               ^^ not found in this scope
...
390 | / impl_deserialize_num! {
391 | |     i16, NonZeroI16 cfg(not(no_num_nonzero_signed)), deserialize_i16
392 | |     num_self!(i16:visit_i16);
393 | |     num_as_self!(i8:visit_i8);
394 | |     int_to_int!(i32:visit_i32 i64:visit_i64);
395 | |     uint_to_self!(u8:visit_u8 u16:visit_u16 u32:visit_u32 u64:visit_u64);
396 | | }
    | |_- in this macro invocation
    |
    = note: this error originates in the macro `num_as_self` which comes from the expansion of the macro `impl_deserialize_num` (in Nightly builds, run with -Z macro-backtrace for more info)
help: consider importing this tuple variant
    |
1   + use core::result::Result::Ok;
    |

error[E0412]: cannot find type `Result` in this scope
   --> C:\Users\john\.cargo\registry\src\index.crates.io-1949cf8c6b5b557f\serde-1.0.219\src\de\impls.rs:280:39
    |
280 |           fn $visit<E>(self, v: $ty) -> Result<Self::Value, E>
    |                                         ^^^^^^ not found in this scope
...
390 | / impl_deserialize_num! {
391 | |     i16, NonZeroI16 cfg(not(no_num_nonzero_signed)), deserialize_i16
392 | |     num_self!(i16:visit_i16);
393 | |     num_as_self!(i8:visit_i8);
394 | |     int_to_int!(i32:visit_i32 i64:visit_i64);
395 | |     uint_to_self!(u8:visit_u8 u16:visit_u16 u32:visit_u32 u64:visit_u64);
396 | | }
    | |_- in this macro invocation
    |
    = note: this error originates in the macro `int_to_int` which comes from the expansion of the macro `impl_deserialize_num` (in Nightly builds, run with -Z macro-backtrace for more info)
help: consider importing one of these items
    |
1   + use core::fmt::Result;
    |
1   + use core::result::Result;
    |

error[E0425]: cannot find function, tuple struct or tuple variant `Ok` in this scope
   --> C:\Users\john\.cargo\registry\src\index.crates.io-1949cf8c6b5b557f\serde-1.0.219\src\de\impls.rs:285:17
    |
285 |                   Ok(Saturating($primitive::MIN))
    |                   ^^ not found in this scope
...
390 | / impl_deserialize_num! {
391 | |     i16, NonZeroI16 cfg(not(no_num_nonzero_signed)), deserialize_i16
392 | |     num_self!(i16:visit_i16);
393 | |     num_as_self!(i8:visit_i8);
394 | |     int_to_int!(i32:visit_i32 i64:visit_i64);
395 | |     uint_to_self!(u8:visit_u8 u16:visit_u16 u32:visit_u32 u64:visit_u64);
396 | | }
    | |_- in this macro invocation
    |
    = note: this error originates in the macro `int_to_int` which comes from the expansion of the macro `impl_deserialize_num` (in Nightly builds, run with -Z macro-backtrace for more info)
help: consider importing this tuple variant
    |
1   + use core::result::Result::Ok;
    |

error[E0425]: cannot find function, tuple struct or tuple variant `Ok` in this scope
   --> C:\Users\john\.cargo\registry\src\index.crates.io-1949cf8c6b5b557f\serde-1.0.219\src\de\impls.rs:287:17
    |
287 |                   Ok(Saturating($primitive::MAX))
    |                   ^^ not found in this scope
...
390 | / impl_deserialize_num! {
391 | |     i16, NonZeroI16 cfg(not(no_num_nonzero_signed)), deserialize_i16
392 | |     num_self!(i16:visit_i16);
393 | |     num_as_self!(i8:visit_i8);
394 | |     int_to_int!(i32:visit_i32 i64:visit_i64);
395 | |     uint_to_self!(u8:visit_u8 u16:visit_u16 u32:visit_u32 u64:visit_u64);
396 | | }
    | |_- in this macro invocation
    |
    = note: this error originates in the macro `int_to_int` which comes from the expansion of the macro `impl_deserialize_num` (in Nightly builds, run with -Z macro-backtrace for more info)
help: consider importing this tuple variant
    |
1   + use core::result::Result::Ok;
    |

error[E0425]: cannot find function, tuple struct or tuple variant `Ok` in this scope
   --> C:\Users\john\.cargo\registry\src\index.crates.io-1949cf8c6b5b557f\serde-1.0.219\src\de\impls.rs:289:17
    |
289 |                   Ok(Saturating(v as $primitive))
    |                   ^^ not found in this scope
...
390 | / impl_deserialize_num! {
391 | |     i16, NonZeroI16 cfg(not(no_num_nonzero_signed)), deserialize_i16
392 | |     num_self!(i16:visit_i16);
393 | |     num_as_self!(i8:visit_i8);
394 | |     int_to_int!(i32:visit_i32 i64:visit_i64);
395 | |     uint_to_self!(u8:visit_u8 u16:visit_u16 u32:visit_u32 u64:visit_u64);
396 | | }
    | |_- in this macro invocation
    |
    = note: this error originates in the macro `int_to_int` which comes from the expansion of the macro `impl_deserialize_num` (in Nightly builds, run with -Z macro-backtrace for more info)
help: consider importing this tuple variant
    |
1   + use core::result::Result::Ok;
    |

error[E0412]: cannot find type `Result` in this scope
   --> C:\Users\john\.cargo\registry\src\index.crates.io-1949cf8c6b5b557f\serde-1.0.219\src\de\impls.rs:370:39
    |
370 |           fn $visit<E>(self, v: $ty) -> Result<Self::Value, E>
    |                                         ^^^^^^ not found in this scope
...
390 | / impl_deserialize_num! {
391 | |     i16, NonZeroI16 cfg(not(no_num_nonzero_signed)), deserialize_i16
392 | |     num_self!(i16:visit_i16);
393 | |     num_as_self!(i8:visit_i8);
394 | |     int_to_int!(i32:visit_i32 i64:visit_i64);
395 | |     uint_to_self!(u8:visit_u8 u16:visit_u16 u32:visit_u32 u64:visit_u64);
396 | | }
    | |_- in this macro invocation
    |
    = note: this error originates in the macro `uint_to_self` which comes from the expansion of the macro `impl_deserialize_num` (in Nightly builds, run with -Z macro-backtrace for more info)
help: consider importing one of these items
    |
1   + use core::fmt::Result;
    |
1   + use core::result::Result;
    |

error[E0425]: cannot find function, tuple struct or tuple variant `Ok` in this scope
   --> C:\Users\john\.cargo\registry\src\index.crates.io-1949cf8c6b5b557f\serde-1.0.219\src\de\impls.rs:375:17
    |
375 |                   Ok(Saturating(v as $primitive))
    |                   ^^ not found in this scope
...
390 | / impl_deserialize_num! {
391 | |     i16, NonZeroI16 cfg(not(no_num_nonzero_signed)), deserialize_i16
392 | |     num_self!(i16:visit_i16);
393 | |     num_as_self!(i8:visit_i8);
394 | |     int_to_int!(i32:visit_i32 i64:visit_i64);
395 | |     uint_to_self!(u8:visit_u8 u16:visit_u16 u32:visit_u32 u64:visit_u64);
396 | | }
    | |_- in this macro invocation
    |
    = note: this error originates in the macro `uint_to_self` which comes from the expansion of the macro `impl_deserialize_num` (in Nightly builds, run with -Z macro-backtrace for more info)
help: consider importing this tuple variant
    |
1   + use core::result::Result::Ok;
    |

error[E0425]: cannot find function, tuple struct or tuple variant `Ok` in this scope
   --> C:\Users\john\.cargo\registry\src\index.crates.io-1949cf8c6b5b557f\serde-1.0.219\src\de\impls.rs:377:17
    |
377 |                   Ok(Saturating($primitive::MAX))
    |                   ^^ not found in this scope
...
390 | / impl_deserialize_num! {
391 | |     i16, NonZeroI16 cfg(not(no_num_nonzero_signed)), deserialize_i16
392 | |     num_self!(i16:visit_i16);
393 | |     num_as_self!(i8:visit_i8);
394 | |     int_to_int!(i32:visit_i32 i64:visit_i64);
395 | |     uint_to_self!(u8:visit_u8 u16:visit_u16 u32:visit_u32 u64:visit_u64);
396 | | }
    | |_- in this macro invocation
    |
    = note: this error originates in the macro `uint_to_self` which comes from the expansion of the macro `impl_deserialize_num` (in Nightly builds, run with -Z macro-backtrace for more info)
help: consider importing this tuple variant
    |
1   + use core::result::Result::Ok;
    |

error[E0412]: cannot find type `Result` in this scope
   --> C:\Users\john\.cargo\registry\src\index.crates.io-1949cf8c6b5b557f\serde-1.0.219\src\de\impls.rs:134:51
    |
134 |               fn deserialize<D>(deserializer: D) -> Result<Self, D::Error>
    |                                                     ^^^^^^ not found in this scope
...
398 | / impl_deserialize_num! {
399 | |     i32, NonZeroI32 cfg(not(no_num_nonzero_signed)), deserialize_i32
400 | |     num_self!(i32:visit_i32);
401 | |     num_as_self!(i8:visit_i8 i16:visit_i16);
402 | |     int_to_int!(i64:visit_i64);
403 | |     uint_to_self!(u8:visit_u8 u16:visit_u16 u32:visit_u32 u64:visit_u64);
404 | | }
    | |_- in this macro invocation
    |
    = note: this error originates in the macro `impl_deserialize_num` (in Nightly builds, run with -Z macro-backtrace for more info)
help: consider importing one of these items
    |
1   + use core::fmt::Result;
    |
1   + use core::result::Result;
    |

error[E0412]: cannot find type `Result` in this scope
   --> C:\Users\john\.cargo\registry\src\index.crates.io-1949cf8c6b5b557f\serde-1.0.219\src\de\impls.rs:159:39
    |
159 |           fn $visit<E>(self, v: $ty) -> Result<Self::Value, E>
    |                                         ^^^^^^ not found in this scope
...
398 | / impl_deserialize_num! {
399 | |     i32, NonZeroI32 cfg(not(no_num_nonzero_signed)), deserialize_i32
400 | |     num_self!(i32:visit_i32);
401 | |     num_as_self!(i8:visit_i8 i16:visit_i16);
402 | |     int_to_int!(i64:visit_i64);
403 | |     uint_to_self!(u8:visit_u8 u16:visit_u16 u32:visit_u32 u64:visit_u64);
404 | | }
    | |_- in this macro invocation
    |
    = note: this error originates in the macro `num_self` which comes from the expansion of the macro `impl_deserialize_num` (in Nightly builds, run with -Z macro-backtrace for more info)
help: consider importing one of these items
    |
1   + use core::fmt::Result;
    |
1   + use core::result::Result;
    |

error[E0425]: cannot find function, tuple struct or tuple variant `Ok` in this scope
   --> C:\Users\john\.cargo\registry\src\index.crates.io-1949cf8c6b5b557f\serde-1.0.219\src\de\impls.rs:163:13
    |
163 |               Ok(v)
    |               ^^ not found in this scope
...
398 | / impl_deserialize_num! {
399 | |     i32, NonZeroI32 cfg(not(no_num_nonzero_signed)), deserialize_i32
400 | |     num_self!(i32:visit_i32);
401 | |     num_as_self!(i8:visit_i8 i16:visit_i16);
402 | |     int_to_int!(i64:visit_i64);
403 | |     uint_to_self!(u8:visit_u8 u16:visit_u16 u32:visit_u32 u64:visit_u64);
404 | | }
    | |_- in this macro invocation
    |
    = note: this error originates in the macro `num_self` which comes from the expansion of the macro `impl_deserialize_num` (in Nightly builds, run with -Z macro-backtrace for more info)
help: consider importing this tuple variant
    |
1   + use core::result::Result::Ok;
    |

error[E0412]: cannot find type `Result` in this scope
   --> C:\Users\john\.cargo\registry\src\index.crates.io-1949cf8c6b5b557f\serde-1.0.219\src\de\impls.rs:193:39
    |
193 |           fn $visit<E>(self, v: $ty) -> Result<Self::Value, E>
    |                                         ^^^^^^ not found in this scope
...
398 | / impl_deserialize_num! {
399 | |     i32, NonZeroI32 cfg(not(no_num_nonzero_signed)), deserialize_i32
400 | |     num_self!(i32:visit_i32);
401 | |     num_as_self!(i8:visit_i8 i16:visit_i16);
402 | |     int_to_int!(i64:visit_i64);
403 | |     uint_to_self!(u8:visit_u8 u16:visit_u16 u32:visit_u32 u64:visit_u64);
404 | | }
    | |_- in this macro invocation
    |
    = note: this error originates in the macro `num_as_self` which comes from the expansion of the macro `impl_deserialize_num` (in Nightly builds, run with -Z macro-backtrace for more info)
help: consider importing one of these items
    |
1   + use core::fmt::Result;
    |
1   + use core::result::Result;
    |

error[E0425]: cannot find function, tuple struct or tuple variant `Ok` in this scope
   --> C:\Users\john\.cargo\registry\src\index.crates.io-1949cf8c6b5b557f\serde-1.0.219\src\de\impls.rs:197:13
    |
197 |               Ok(v as Self::Value)
    |               ^^ not found in this scope
...
398 | / impl_deserialize_num! {
399 | |     i32, NonZeroI32 cfg(not(no_num_nonzero_signed)), deserialize_i32
400 | |     num_self!(i32:visit_i32);
401 | |     num_as_self!(i8:visit_i8 i16:visit_i16);
402 | |     int_to_int!(i64:visit_i64);
403 | |     uint_to_self!(u8:visit_u8 u16:visit_u16 u32:visit_u32 u64:visit_u64);
404 | | }
    | |_- in this macro invocation
    |
    = note: this error originates in the macro `num_as_self` which comes from the expansion of the macro `impl_deserialize_num` (in Nightly builds, run with -Z macro-backtrace for more info)
help: consider importing this tuple variant
    |
1   + use core::result::Result::Ok;
    |

error[E0412]: cannot find type `Result` in this scope
   --> C:\Users\john\.cargo\registry\src\index.crates.io-1949cf8c6b5b557f\serde-1.0.219\src\de\impls.rs:249:39
    |
249 |           fn $visit<E>(self, v: $ty) -> Result<Self::Value, E>
    |                                         ^^^^^^ not found in this scope
...
398 | / impl_deserialize_num! {
399 | |     i32, NonZeroI32 cfg(not(no_num_nonzero_signed)), deserialize_i32
400 | |     num_self!(i32:visit_i32);
401 | |     num_as_self!(i8:visit_i8 i16:visit_i16);
402 | |     int_to_int!(i64:visit_i64);
403 | |     uint_to_self!(u8:visit_u8 u16:visit_u16 u32:visit_u32 u64:visit_u64);
404 | | }
    | |_- in this macro invocation
    |
    = note: this error originates in the macro `int_to_int` which comes from the expansion of the macro `impl_deserialize_num` (in Nightly builds, run with -Z macro-backtrace for more info)
help: consider importing one of these items
    |
1   + use core::fmt::Result;
    |
1   + use core::result::Result;
    |

error[E0425]: cannot find function, tuple struct or tuple variant `Ok` in this scope
   --> C:\Users\john\.cargo\registry\src\index.crates.io-1949cf8c6b5b557f\serde-1.0.219\src\de\impls.rs:256:17
    |
256 |                   Ok(v as Self::Value)
    |                   ^^ not found in this scope
...
398 | / impl_deserialize_num! {
399 | |     i32, NonZeroI32 cfg(not(no_num_nonzero_signed)), deserialize_i32
400 | |     num_self!(i32:visit_i32);
401 | |     num_as_self!(i8:visit_i8 i16:visit_i16);
402 | |     int_to_int!(i64:visit_i64);
403 | |     uint_to_self!(u8:visit_u8 u16:visit_u16 u32:visit_u32 u64:visit_u64);
404 | | }
    | |_- in this macro invocation
    |
    = note: this error originates in the macro `int_to_int` which comes from the expansion of the macro `impl_deserialize_num` (in Nightly builds, run with -Z macro-backtrace for more info)
help: consider importing this tuple variant
    |
1   + use core::result::Result::Ok;
    |

error[E0425]: cannot find function, tuple struct or tuple variant `Err` in this scope
   --> C:\Users\john\.cargo\registry\src\index.crates.io-1949cf8c6b5b557f\serde-1.0.219\src\de\impls.rs:258:17
    |
258 |                   Err(Error::invalid_value(Unexpected::Signed(v as i64), &self))
    |                   ^^^ not found in this scope
...
398 | / impl_deserialize_num! {
399 | |     i32, NonZeroI32 cfg(not(no_num_nonzero_signed)), deserialize_i32
400 | |     num_self!(i32:visit_i32);
401 | |     num_as_self!(i8:visit_i8 i16:visit_i16);
402 | |     int_to_int!(i64:visit_i64);
403 | |     uint_to_self!(u8:visit_u8 u16:visit_u16 u32:visit_u32 u64:visit_u64);
404 | | }
    | |_- in this macro invocation
    |
    = note: this error originates in the macro `int_to_int` which comes from the expansion of the macro `impl_deserialize_num` (in Nightly builds, run with -Z macro-backtrace for more info)
help: consider importing this tuple variant
    |
1   + use core::result::Result::Err;
    |

error[E0412]: cannot find type `Result` in this scope
   --> C:\Users\john\.cargo\registry\src\index.crates.io-1949cf8c6b5b557f\serde-1.0.219\src\de\impls.rs:343:39
    |
343 |           fn $visit<E>(self, v: $ty) -> Result<Self::Value, E>
    |                                         ^^^^^^ not found in this scope
...
398 | / impl_deserialize_num! {
399 | |     i32, NonZeroI32 cfg(not(no_num_nonzero_signed)), deserialize_i32
400 | |     num_self!(i32:visit_i32);
401 | |     num_as_self!(i8:visit_i8 i16:visit_i16);
402 | |     int_to_int!(i64:visit_i64);
403 | |     uint_to_self!(u8:visit_u8 u16:visit_u16 u32:visit_u32 u64:visit_u64);
404 | | }
    | |_- in this macro invocation
    |
    = note: this error originates in the macro `uint_to_self` which comes from the expansion of the macro `impl_deserialize_num` (in Nightly builds, run with -Z macro-backtrace for more info)
help: consider importing one of these items
    |
1   + use core::fmt::Result;
    |
1   + use core::result::Result;
    |

error[E0425]: cannot find function, tuple struct or tuple variant `Ok` in this scope
   --> C:\Users\john\.cargo\registry\src\index.crates.io-1949cf8c6b5b557f\serde-1.0.219\src\de\impls.rs:348:17
    |
348 |                   Ok(v as Self::Value)
    |                   ^^ not found in this scope
...
398 | / impl_deserialize_num! {
399 | |     i32, NonZeroI32 cfg(not(no_num_nonzero_signed)), deserialize_i32
400 | |     num_self!(i32:visit_i32);
401 | |     num_as_self!(i8:visit_i8 i16:visit_i16);
402 | |     int_to_int!(i64:visit_i64);
403 | |     uint_to_self!(u8:visit_u8 u16:visit_u16 u32:visit_u32 u64:visit_u64);
404 | | }
    | |_- in this macro invocation
    |
    = note: this error originates in the macro `uint_to_self` which comes from the expansion of the macro `impl_deserialize_num` (in Nightly builds, run with -Z macro-backtrace for more info)
help: consider importing this tuple variant
    |
1   + use core::result::Result::Ok;
    |

error[E0425]: cannot find function, tuple struct or tuple variant `Err` in this scope
   --> C:\Users\john\.cargo\registry\src\index.crates.io-1949cf8c6b5b557f\serde-1.0.219\src\de\impls.rs:350:17
    |
350 |                   Err(Error::invalid_value(Unexpected::Unsigned(v as u64), &self))
    |                   ^^^ not found in this scope
...
398 | / impl_deserialize_num! {
399 | |     i32, NonZeroI32 cfg(not(no_num_nonzero_signed)), deserialize_i32
400 | |     num_self!(i32:visit_i32);
401 | |     num_as_self!(i8:visit_i8 i16:visit_i16);
402 | |     int_to_int!(i64:visit_i64);
403 | |     uint_to_self!(u8:visit_u8 u16:visit_u16 u32:visit_u32 u64:visit_u64);
404 | | }
    | |_- in this macro invocation
    |
    = note: this error originates in the macro `uint_to_self` which comes from the expansion of the macro `impl_deserialize_num` (in Nightly builds, run with -Z macro-backtrace for more info)
help: consider importing this tuple variant
    |
1   + use core::result::Result::Err;
    |

error[E0412]: cannot find type `Result` in this scope
   --> C:\Users\john\.cargo\registry\src\index.crates.io-1949cf8c6b5b557f\serde-1.0.219\src\de\impls.rs:88:51
    |
88  |               fn deserialize<D>(deserializer: D) -> Result<Self, D::Error>
    |                                                     ^^^^^^ not found in this scope
...
398 | / impl_deserialize_num! {
399 | |     i32, NonZeroI32 cfg(not(no_num_nonzero_signed)), deserialize_i32
400 | |     num_self!(i32:visit_i32);
401 | |     num_as_self!(i8:visit_i8 i16:visit_i16);
402 | |     int_to_int!(i64:visit_i64);
403 | |     uint_to_self!(u8:visit_u8 u16:visit_u16 u32:visit_u32 u64:visit_u64);
404 | | }
    | |_- in this macro invocation
    |
    = note: this error originates in the macro `impl_deserialize_num` (in Nightly builds, run with -Z macro-backtrace for more info)
help: consider importing one of these items
    |
1   + use core::fmt::Result;
    |
1   + use core::result::Result;
    |

error[E0412]: cannot find type `Result` in this scope
   --> C:\Users\john\.cargo\registry\src\index.crates.io-1949cf8c6b5b557f\serde-1.0.219\src\de\impls.rs:168:39
    |
168 |           fn $visit<E>(self, v: $ty) -> Result<Self::Value, E>
    |                                         ^^^^^^ not found in this scope
...
398 | / impl_deserialize_num! {
399 | |     i32, NonZeroI32 cfg(not(no_num_nonzero_signed)), deserialize_i32
400 | |     num_self!(i32:visit_i32);
401 | |     num_as_self!(i8:visit_i8 i16:visit_i16);
402 | |     int_to_int!(i64:visit_i64);
403 | |     uint_to_self!(u8:visit_u8 u16:visit_u16 u32:visit_u32 u64:visit_u64);
404 | | }
    | |_- in this macro invocation
    |
    = note: this error originates in the macro `num_self` which comes from the expansion of the macro `impl_deserialize_num` (in Nightly builds, run with -Z macro-backtrace for more info)
help: consider importing one of these items
    |
1   + use core::fmt::Result;
    |
1   + use core::result::Result;
    |

error[E0531]: cannot find tuple struct or tuple variant `Some` in this scope
   --> C:\Users\john\.cargo\registry\src\index.crates.io-1949cf8c6b5b557f\serde-1.0.219\src\de\impls.rs:172:20
    |
172 |               if let Some(nonzero) = Self::Value::new(v) {
    |                      ^^^^ not found in this scope
...
398 | / impl_deserialize_num! {
399 | |     i32, NonZeroI32 cfg(not(no_num_nonzero_signed)), deserialize_i32
400 | |     num_self!(i32:visit_i32);
401 | |     num_as_self!(i8:visit_i8 i16:visit_i16);
402 | |     int_to_int!(i64:visit_i64);
403 | |     uint_to_self!(u8:visit_u8 u16:visit_u16 u32:visit_u32 u64:visit_u64);
404 | | }
    | |_- in this macro invocation
    |
note: tuple variant `crate::__private::ser::content::Content::Some` exists but is inaccessible
   --> C:\Users\john\.cargo\registry\src\index.crates.io-1949cf8c6b5b557f\serde-1.0.219\src\private\ser.rs:443:9
    |
443 |         Some(Box<Content>),
    |         ^^^^^^^^^^^^^^^^^^ not accessible
    = note: this error originates in the macro `num_self` which comes from the expansion of the macro `impl_deserialize_num` (in Nightly builds, run with -Z macro-backtrace for more info)
help: consider importing one of these tuple variants
    |
1   + use crate::__private::de::Content::Some;
    |
1   + use core::option::Option::Some;
    |

error[E0425]: cannot find function, tuple struct or tuple variant `Ok` in this scope
   --> C:\Users\john\.cargo\registry\src\index.crates.io-1949cf8c6b5b557f\serde-1.0.219\src\de\impls.rs:173:17
    |
173 |                   Ok(nonzero)
    |                   ^^ not found in this scope
...
398 | / impl_deserialize_num! {
399 | |     i32, NonZeroI32 cfg(not(no_num_nonzero_signed)), deserialize_i32
400 | |     num_self!(i32:visit_i32);
401 | |     num_as_self!(i8:visit_i8 i16:visit_i16);
402 | |     int_to_int!(i64:visit_i64);
403 | |     uint_to_self!(u8:visit_u8 u16:visit_u16 u32:visit_u32 u64:visit_u64);
404 | | }
    | |_- in this macro invocation
    |
    = note: this error originates in the macro `num_self` which comes from the expansion of the macro `impl_deserialize_num` (in Nightly builds, run with -Z macro-backtrace for more info)
help: consider importing this tuple variant
    |
1   + use core::result::Result::Ok;
    |

error[E0425]: cannot find function, tuple struct or tuple variant `Err` in this scope
   --> C:\Users\john\.cargo\registry\src\index.crates.io-1949cf8c6b5b557f\serde-1.0.219\src\de\impls.rs:175:17
    |
175 |                   Err(Error::invalid_value(Unexpected::Unsigned(0), &self))
    |                   ^^^ not found in this scope
...
398 | / impl_deserialize_num! {
399 | |     i32, NonZeroI32 cfg(not(no_num_nonzero_signed)), deserialize_i32
400 | |     num_self!(i32:visit_i32);
401 | |     num_as_self!(i8:visit_i8 i16:visit_i16);
402 | |     int_to_int!(i64:visit_i64);
403 | |     uint_to_self!(u8:visit_u8 u16:visit_u16 u32:visit_u32 u64:visit_u64);
404 | | }
    | |_- in this macro invocation
    |
    = note: this error originates in the macro `num_self` which comes from the expansion of the macro `impl_deserialize_num` (in Nightly builds, run with -Z macro-backtrace for more info)
help: consider importing this tuple variant
    |
1   + use core::result::Result::Err;
    |

error[E0412]: cannot find type `Result` in this scope
   --> C:\Users\john\.cargo\registry\src\index.crates.io-1949cf8c6b5b557f\serde-1.0.219\src\de\impls.rs:202:39
    |
202 |           fn $visit<E>(self, v: $ty) -> Result<Self::Value, E>
    |                                         ^^^^^^ not found in this scope
...
398 | / impl_deserialize_num! {
399 | |     i32, NonZeroI32 cfg(not(no_num_nonzero_signed)), deserialize_i32
400 | |     num_self!(i32:visit_i32);
401 | |     num_as_self!(i8:visit_i8 i16:visit_i16);
402 | |     int_to_int!(i64:visit_i64);
403 | |     uint_to_self!(u8:visit_u8 u16:visit_u16 u32:visit_u32 u64:visit_u64);
404 | | }
    | |_- in this macro invocation
    |
    = note: this error originates in the macro `num_as_self` which comes from the expansion of the macro `impl_deserialize_num` (in Nightly builds, run with -Z macro-backtrace for more info)
help: consider importing one of these items
    |
1   + use core::fmt::Result;
    |
1   + use core::result::Result;
    |

error[E0531]: cannot find tuple struct or tuple variant `Some` in this scope
   --> C:\Users\john\.cargo\registry\src\index.crates.io-1949cf8c6b5b557f\serde-1.0.219\src\de\impls.rs:206:20
    |
206 |               if let Some(nonzero) = Self::Value::new(v as $primitive) {
    |                      ^^^^ not found in this scope
...
398 | / impl_deserialize_num! {
399 | |     i32, NonZeroI32 cfg(not(no_num_nonzero_signed)), deserialize_i32
400 | |     num_self!(i32:visit_i32);
401 | |     num_as_self!(i8:visit_i8 i16:visit_i16);
402 | |     int_to_int!(i64:visit_i64);
403 | |     uint_to_self!(u8:visit_u8 u16:visit_u16 u32:visit_u32 u64:visit_u64);
404 | | }
    | |_- in this macro invocation
    |
note: tuple variant `crate::__private::ser::content::Content::Some` exists but is inaccessible
   --> C:\Users\john\.cargo\registry\src\index.crates.io-1949cf8c6b5b557f\serde-1.0.219\src\private\ser.rs:443:9
    |
443 |         Some(Box<Content>),
    |         ^^^^^^^^^^^^^^^^^^ not accessible
    = note: this error originates in the macro `num_as_self` which comes from the expansion of the macro `impl_deserialize_num` (in Nightly builds, run with -Z macro-backtrace for more info)
help: consider importing one of these tuple variants
    |
1   + use crate::__private::de::Content::Some;
    |
1   + use core::option::Option::Some;
    |

error[E0425]: cannot find function, tuple struct or tuple variant `Ok` in this scope
   --> C:\Users\john\.cargo\registry\src\index.crates.io-1949cf8c6b5b557f\serde-1.0.219\src\de\impls.rs:207:17
    |
207 |                   Ok(nonzero)
    |                   ^^ not found in this scope
...
398 | / impl_deserialize_num! {
399 | |     i32, NonZeroI32 cfg(not(no_num_nonzero_signed)), deserialize_i32
400 | |     num_self!(i32:visit_i32);
401 | |     num_as_self!(i8:visit_i8 i16:visit_i16);
402 | |     int_to_int!(i64:visit_i64);
403 | |     uint_to_self!(u8:visit_u8 u16:visit_u16 u32:visit_u32 u64:visit_u64);
404 | | }
    | |_- in this macro invocation
    |
    = note: this error originates in the macro `num_as_self` which comes from the expansion of the macro `impl_deserialize_num` (in Nightly builds, run with -Z macro-backtrace for more info)
help: consider importing this tuple variant
    |
1   + use core::result::Result::Ok;
    |

error[E0425]: cannot find function, tuple struct or tuple variant `Err` in this scope
   --> C:\Users\john\.cargo\registry\src\index.crates.io-1949cf8c6b5b557f\serde-1.0.219\src\de\impls.rs:209:17
    |
209 |                   Err(Error::invalid_value(Unexpected::Unsigned(0), &self))
    |                   ^^^ not found in this scope
...
398 | / impl_deserialize_num! {
399 | |     i32, NonZeroI32 cfg(not(no_num_nonzero_signed)), deserialize_i32
400 | |     num_self!(i32:visit_i32);
401 | |     num_as_self!(i8:visit_i8 i16:visit_i16);
402 | |     int_to_int!(i64:visit_i64);
403 | |     uint_to_self!(u8:visit_u8 u16:visit_u16 u32:visit_u32 u64:visit_u64);
404 | | }
    | |_- in this macro invocation
    |
    = note: this error originates in the macro `num_as_self` which comes from the expansion of the macro `impl_deserialize_num` (in Nightly builds, run with -Z macro-backtrace for more info)
help: consider importing this tuple variant
    |
1   + use core::result::Result::Err;
    |

error[E0412]: cannot find type `Result` in this scope
   --> C:\Users\john\.cargo\registry\src\index.crates.io-1949cf8c6b5b557f\serde-1.0.219\src\de\impls.rs:264:39
    |
264 |           fn $visit<E>(self, v: $ty) -> Result<Self::Value, E>
    |                                         ^^^^^^ not found in this scope
...
398 | / impl_deserialize_num! {
399 | |     i32, NonZeroI32 cfg(not(no_num_nonzero_signed)), deserialize_i32
400 | |     num_self!(i32:visit_i32);
401 | |     num_as_self!(i8:visit_i8 i16:visit_i16);
402 | |     int_to_int!(i64:visit_i64);
403 | |     uint_to_self!(u8:visit_u8 u16:visit_u16 u32:visit_u32 u64:visit_u64);
404 | | }
    | |_- in this macro invocation
    |
    = note: this error originates in the macro `int_to_int` which comes from the expansion of the macro `impl_deserialize_num` (in Nightly builds, run with -Z macro-backtrace for more info)
help: consider importing one of these items
    |
1   + use core::fmt::Result;
    |
1   + use core::result::Result;
    |

error[E0531]: cannot find tuple struct or tuple variant `Some` in this scope
   --> C:\Users\john\.cargo\registry\src\index.crates.io-1949cf8c6b5b557f\serde-1.0.219\src\de\impls.rs:271:24
    |
271 |                   if let Some(nonzero) = Self::Value::new(v as $primitive) {
    |                          ^^^^ not found in this scope
...
398 | / impl_deserialize_num! {
399 | |     i32, NonZeroI32 cfg(not(no_num_nonzero_signed)), deserialize_i32
400 | |     num_self!(i32:visit_i32);
401 | |     num_as_self!(i8:visit_i8 i16:visit_i16);
402 | |     int_to_int!(i64:visit_i64);
403 | |     uint_to_self!(u8:visit_u8 u16:visit_u16 u32:visit_u32 u64:visit_u64);
404 | | }
    | |_- in this macro invocation
    |
note: tuple variant `crate::__private::ser::content::Content::Some` exists but is inaccessible
   --> C:\Users\john\.cargo\registry\src\index.crates.io-1949cf8c6b5b557f\serde-1.0.219\src\private\ser.rs:443:9
    |
443 |         Some(Box<Content>),
    |         ^^^^^^^^^^^^^^^^^^ not accessible
    = note: this error originates in the macro `int_to_int` which comes from the expansion of the macro `impl_deserialize_num` (in Nightly builds, run with -Z macro-backtrace for more info)
help: consider importing one of these tuple variants
    |
1   + use crate::__private::de::Content::Some;
    |
1   + use core::option::Option::Some;
    |

error[E0425]: cannot find function, tuple struct or tuple variant `Ok` in this scope
   --> C:\Users\john\.cargo\registry\src\index.crates.io-1949cf8c6b5b557f\serde-1.0.219\src\de\impls.rs:272:28
    |
272 |                       return Ok(nonzero);
    |                              ^^ not found in this scope
...
398 | / impl_deserialize_num! {
399 | |     i32, NonZeroI32 cfg(not(no_num_nonzero_signed)), deserialize_i32
400 | |     num_self!(i32:visit_i32);
401 | |     num_as_self!(i8:visit_i8 i16:visit_i16);
402 | |     int_to_int!(i64:visit_i64);
403 | |     uint_to_self!(u8:visit_u8 u16:visit_u16 u32:visit_u32 u64:visit_u64);
404 | | }
    | |_- in this macro invocation
    |
    = note: this error originates in the macro `int_to_int` which comes from the expansion of the macro `impl_deserialize_num` (in Nightly builds, run with -Z macro-backtrace for more info)
help: consider importing this tuple variant
    |
1   + use core::result::Result::Ok;
    |

error[E0425]: cannot find function, tuple struct or tuple variant `Err` in this scope
   --> C:\Users\john\.cargo\registry\src\index.crates.io-1949cf8c6b5b557f\serde-1.0.219\src\de\impls.rs:275:13
    |
275 |               Err(Error::invalid_value(Unexpected::Signed(v as i64), &self))
    |               ^^^ not found in this scope
...
398 | / impl_deserialize_num! {
399 | |     i32, NonZeroI32 cfg(not(no_num_nonzero_signed)), deserialize_i32
400 | |     num_self!(i32:visit_i32);
401 | |     num_as_self!(i8:visit_i8 i16:visit_i16);
402 | |     int_to_int!(i64:visit_i64);
403 | |     uint_to_self!(u8:visit_u8 u16:visit_u16 u32:visit_u32 u64:visit_u64);
404 | | }
    | |_- in this macro invocation
    |
    = note: this error originates in the macro `int_to_int` which comes from the expansion of the macro `impl_deserialize_num` (in Nightly builds, run with -Z macro-backtrace for more info)
help: consider importing this tuple variant
    |
1   + use core::result::Result::Err;
    |

error[E0412]: cannot find type `Result` in this scope
   --> C:\Users\john\.cargo\registry\src\index.crates.io-1949cf8c6b5b557f\serde-1.0.219\src\de\impls.rs:356:39
    |
356 |           fn $visit<E>(self, v: $ty) -> Result<Self::Value, E>
    |                                         ^^^^^^ not found in this scope
...
398 | / impl_deserialize_num! {
399 | |     i32, NonZeroI32 cfg(not(no_num_nonzero_signed)), deserialize_i32
400 | |     num_self!(i32:visit_i32);
401 | |     num_as_self!(i8:visit_i8 i16:visit_i16);
402 | |     int_to_int!(i64:visit_i64);
403 | |     uint_to_self!(u8:visit_u8 u16:visit_u16 u32:visit_u32 u64:visit_u64);
404 | | }
    | |_- in this macro invocation
    |
    = note: this error originates in the macro `uint_to_self` which comes from the expansion of the macro `impl_deserialize_num` (in Nightly builds, run with -Z macro-backtrace for more info)
help: consider importing one of these items
    |
1   + use core::fmt::Result;
    |
1   + use core::result::Result;
    |

error[E0531]: cannot find tuple struct or tuple variant `Some` in this scope
   --> C:\Users\john\.cargo\registry\src\index.crates.io-1949cf8c6b5b557f\serde-1.0.219\src\de\impls.rs:361:24
    |
361 |                   if let Some(nonzero) = Self::Value::new(v as $primitive) {
    |                          ^^^^ not found in this scope
...
398 | / impl_deserialize_num! {
399 | |     i32, NonZeroI32 cfg(not(no_num_nonzero_signed)), deserialize_i32
400 | |     num_self!(i32:visit_i32);
401 | |     num_as_self!(i8:visit_i8 i16:visit_i16);
402 | |     int_to_int!(i64:visit_i64);
403 | |     uint_to_self!(u8:visit_u8 u16:visit_u16 u32:visit_u32 u64:visit_u64);
404 | | }
    | |_- in this macro invocation
    |
note: tuple variant `crate::__private::ser::content::Content::Some` exists but is inaccessible
   --> C:\Users\john\.cargo\registry\src\index.crates.io-1949cf8c6b5b557f\serde-1.0.219\src\private\ser.rs:443:9
    |
443 |         Some(Box<Content>),
    |         ^^^^^^^^^^^^^^^^^^ not accessible
    = note: this error originates in the macro `uint_to_self` which comes from the expansion of the macro `impl_deserialize_num` (in Nightly builds, run with -Z macro-backtrace for more info)
help: consider importing one of these tuple variants
    |
1   + use crate::__private::de::Content::Some;
    |
1   + use core::option::Option::Some;
    |

error[E0425]: cannot find function, tuple struct or tuple variant `Ok` in this scope
   --> C:\Users\john\.cargo\registry\src\index.crates.io-1949cf8c6b5b557f\serde-1.0.219\src\de\impls.rs:362:28
    |
362 |                       return Ok(nonzero);
    |                              ^^ not found in this scope
...
398 | / impl_deserialize_num! {
399 | |     i32, NonZeroI32 cfg(not(no_num_nonzero_signed)), deserialize_i32
400 | |     num_self!(i32:visit_i32);
401 | |     num_as_self!(i8:visit_i8 i16:visit_i16);
402 | |     int_to_int!(i64:visit_i64);
403 | |     uint_to_self!(u8:visit_u8 u16:visit_u16 u32:visit_u32 u64:visit_u64);
404 | | }
    | |_- in this macro invocation
    |
    = note: this error originates in the macro `uint_to_self` which comes from the expansion of the macro `impl_deserialize_num` (in Nightly builds, run with -Z macro-backtrace for more info)
help: consider importing this tuple variant
    |
1   + use core::result::Result::Ok;
    |

error[E0425]: cannot find function, tuple struct or tuple variant `Err` in this scope
   --> C:\Users\john\.cargo\registry\src\index.crates.io-1949cf8c6b5b557f\serde-1.0.219\src\de\impls.rs:365:13
    |
365 |               Err(Error::invalid_value(Unexpected::Unsigned(v as u64), &self))
    |               ^^^ not found in this scope
...
398 | / impl_deserialize_num! {
399 | |     i32, NonZeroI32 cfg(not(no_num_nonzero_signed)), deserialize_i32
400 | |     num_self!(i32:visit_i32);
401 | |     num_as_self!(i8:visit_i8 i16:visit_i16);
402 | |     int_to_int!(i64:visit_i64);
403 | |     uint_to_self!(u8:visit_u8 u16:visit_u16 u32:visit_u32 u64:visit_u64);
404 | | }
    | |_- in this macro invocation
    |
    = note: this error originates in the macro `uint_to_self` which comes from the expansion of the macro `impl_deserialize_num` (in Nightly builds, run with -Z macro-backtrace for more info)
help: consider importing this tuple variant
    |
1   + use core::result::Result::Err;
    |

error[E0412]: cannot find type `Result` in this scope
   --> C:\Users\john\.cargo\registry\src\index.crates.io-1949cf8c6b5b557f\serde-1.0.219\src\de\impls.rs:110:51
    |
110 |               fn deserialize<D>(deserializer: D) -> Result<Self, D::Error>
    |                                                     ^^^^^^ not found in this scope
...
398 | / impl_deserialize_num! {
399 | |     i32, NonZeroI32 cfg(not(no_num_nonzero_signed)), deserialize_i32
400 | |     num_self!(i32:visit_i32);
401 | |     num_as_self!(i8:visit_i8 i16:visit_i16);
402 | |     int_to_int!(i64:visit_i64);
403 | |     uint_to_self!(u8:visit_u8 u16:visit_u16 u32:visit_u32 u64:visit_u64);
404 | | }
    | |_- in this macro invocation
    |
    = note: this error originates in the macro `impl_deserialize_num` (in Nightly builds, run with -Z macro-backtrace for more info)
help: consider importing one of these items
    |
1   + use core::fmt::Result;
    |
1   + use core::result::Result;
    |

error[E0412]: cannot find type `Result` in this scope
   --> C:\Users\john\.cargo\registry\src\index.crates.io-1949cf8c6b5b557f\serde-1.0.219\src\de\impls.rs:181:39
    |
181 |           fn $visit<E>(self, v: $ty) -> Result<Self::Value, E>
    |                                         ^^^^^^ not found in this scope
...
398 | / impl_deserialize_num! {
399 | |     i32, NonZeroI32 cfg(not(no_num_nonzero_signed)), deserialize_i32
400 | |     num_self!(i32:visit_i32);
401 | |     num_as_self!(i8:visit_i8 i16:visit_i16);
402 | |     int_to_int!(i64:visit_i64);
403 | |     uint_to_self!(u8:visit_u8 u16:visit_u16 u32:visit_u32 u64:visit_u64);
404 | | }
    | |_- in this macro invocation
    |
    = note: this error originates in the macro `num_self` which comes from the expansion of the macro `impl_deserialize_num` (in Nightly builds, run with -Z macro-backtrace for more info)
help: consider importing one of these items
    |
1   + use core::fmt::Result;
    |
1   + use core::result::Result;
    |

error[E0425]: cannot find function, tuple struct or tuple variant `Ok` in this scope
   --> C:\Users\john\.cargo\registry\src\index.crates.io-1949cf8c6b5b557f\serde-1.0.219\src\de\impls.rs:185:13
    |
185 |               Ok(Saturating(v))
    |               ^^ not found in this scope
...
398 | / impl_deserialize_num! {
399 | |     i32, NonZeroI32 cfg(not(no_num_nonzero_signed)), deserialize_i32
400 | |     num_self!(i32:visit_i32);
401 | |     num_as_self!(i8:visit_i8 i16:visit_i16);
402 | |     int_to_int!(i64:visit_i64);
403 | |     uint_to_self!(u8:visit_u8 u16:visit_u16 u32:visit_u32 u64:visit_u64);
404 | | }
    | |_- in this macro invocation
    |
    = note: this error originates in the macro `num_self` which comes from the expansion of the macro `impl_deserialize_num` (in Nightly builds, run with -Z macro-backtrace for more info)
help: consider importing this tuple variant
    |
1   + use core::result::Result::Ok;
    |

error[E0412]: cannot find type `Result` in this scope
   --> C:\Users\john\.cargo\registry\src\index.crates.io-1949cf8c6b5b557f\serde-1.0.219\src\de\impls.rs:215:39
    |
215 |           fn $visit<E>(self, v: $ty) -> Result<Self::Value, E>
    |                                         ^^^^^^ not found in this scope
...
398 | / impl_deserialize_num! {
399 | |     i32, NonZeroI32 cfg(not(no_num_nonzero_signed)), deserialize_i32
400 | |     num_self!(i32:visit_i32);
401 | |     num_as_self!(i8:visit_i8 i16:visit_i16);
402 | |     int_to_int!(i64:visit_i64);
403 | |     uint_to_self!(u8:visit_u8 u16:visit_u16 u32:visit_u32 u64:visit_u64);
404 | | }
    | |_- in this macro invocation
    |
    = note: this error originates in the macro `num_as_self` which comes from the expansion of the macro `impl_deserialize_num` (in Nightly builds, run with -Z macro-backtrace for more info)
help: consider importing one of these items
    |
1   + use core::fmt::Result;
    |
1   + use core::result::Result;
    |

error[E0425]: cannot find function, tuple struct or tuple variant `Ok` in this scope
   --> C:\Users\john\.cargo\registry\src\index.crates.io-1949cf8c6b5b557f\serde-1.0.219\src\de\impls.rs:219:13
    |
219 |               Ok(Saturating(v as $primitive))
    |               ^^ not found in this scope
...
398 | / impl_deserialize_num! {
399 | |     i32, NonZeroI32 cfg(not(no_num_nonzero_signed)), deserialize_i32
400 | |     num_self!(i32:visit_i32);
401 | |     num_as_self!(i8:visit_i8 i16:visit_i16);
402 | |     int_to_int!(i64:visit_i64);
403 | |     uint_to_self!(u8:visit_u8 u16:visit_u16 u32:visit_u32 u64:visit_u64);
404 | | }
    | |_- in this macro invocation
    |
    = note: this error originates in the macro `num_as_self` which comes from the expansion of the macro `impl_deserialize_num` (in Nightly builds, run with -Z macro-backtrace for more info)
help: consider importing this tuple variant
    |
1   + use core::result::Result::Ok;
    |

error[E0412]: cannot find type `Result` in this scope
   --> C:\Users\john\.cargo\registry\src\index.crates.io-1949cf8c6b5b557f\serde-1.0.219\src\de\impls.rs:280:39
    |
280 |           fn $visit<E>(self, v: $ty) -> Result<Self::Value, E>
    |                                         ^^^^^^ not found in this scope
...
398 | / impl_deserialize_num! {
399 | |     i32, NonZeroI32 cfg(not(no_num_nonzero_signed)), deserialize_i32
400 | |     num_self!(i32:visit_i32);
401 | |     num_as_self!(i8:visit_i8 i16:visit_i16);
402 | |     int_to_int!(i64:visit_i64);
403 | |     uint_to_self!(u8:visit_u8 u16:visit_u16 u32:visit_u32 u64:visit_u64);
404 | | }
    | |_- in this macro invocation
    |
    = note: this error originates in the macro `int_to_int` which comes from the expansion of the macro `impl_deserialize_num` (in Nightly builds, run with -Z macro-backtrace for more info)
help: consider importing one of these items
    |
1   + use core::fmt::Result;
    |
1   + use core::result::Result;
    |

error[E0425]: cannot find function, tuple struct or tuple variant `Ok` in this scope
   --> C:\Users\john\.cargo\registry\src\index.crates.io-1949cf8c6b5b557f\serde-1.0.219\src\de\impls.rs:285:17
    |
285 |                   Ok(Saturating($primitive::MIN))
    |                   ^^ not found in this scope
...
398 | / impl_deserialize_num! {
399 | |     i32, NonZeroI32 cfg(not(no_num_nonzero_signed)), deserialize_i32
400 | |     num_self!(i32:visit_i32);
401 | |     num_as_self!(i8:visit_i8 i16:visit_i16);
402 | |     int_to_int!(i64:visit_i64);
403 | |     uint_to_self!(u8:visit_u8 u16:visit_u16 u32:visit_u32 u64:visit_u64);
404 | | }
    | |_- in this macro invocation
    |
    = note: this error originates in the macro `int_to_int` which comes from the expansion of the macro `impl_deserialize_num` (in Nightly builds, run with -Z macro-backtrace for more info)
help: consider importing this tuple variant
    |
1   + use core::result::Result::Ok;
    |

error[E0425]: cannot find function, tuple struct or tuple variant `Ok` in this scope
   --> C:\Users\john\.cargo\registry\src\index.crates.io-1949cf8c6b5b557f\serde-1.0.219\src\de\impls.rs:287:17
    |
287 |                   Ok(Saturating($primitive::MAX))
    |                   ^^ not found in this scope
...
398 | / impl_deserialize_num! {
399 | |     i32, NonZeroI32 cfg(not(no_num_nonzero_signed)), deserialize_i32
400 | |     num_self!(i32:visit_i32);
401 | |     num_as_self!(i8:visit_i8 i16:visit_i16);
402 | |     int_to_int!(i64:visit_i64);
403 | |     uint_to_self!(u8:visit_u8 u16:visit_u16 u32:visit_u32 u64:visit_u64);
404 | | }
    | |_- in this macro invocation
    |
    = note: this error originates in the macro `int_to_int` which comes from the expansion of the macro `impl_deserialize_num` (in Nightly builds, run with -Z macro-backtrace for more info)
help: consider importing this tuple variant
    |
1   + use core::result::Result::Ok;
    |

error[E0425]: cannot find function, tuple struct or tuple variant `Ok` in this scope
   --> C:\Users\john\.cargo\registry\src\index.crates.io-1949cf8c6b5b557f\serde-1.0.219\src\de\impls.rs:289:17
    |
289 |                   Ok(Saturating(v as $primitive))
    |                   ^^ not found in this scope
...
398 | / impl_deserialize_num! {
399 | |     i32, NonZeroI32 cfg(not(no_num_nonzero_signed)), deserialize_i32
400 | |     num_self!(i32:visit_i32);
401 | |     num_as_self!(i8:visit_i8 i16:visit_i16);
402 | |     int_to_int!(i64:visit_i64);
403 | |     uint_to_self!(u8:visit_u8 u16:visit_u16 u32:visit_u32 u64:visit_u64);
404 | | }
    | |_- in this macro invocation
    |
    = note: this error originates in the macro `int_to_int` which comes from the expansion of the macro `impl_deserialize_num` (in Nightly builds, run with -Z macro-backtrace for more info)
help: consider importing this tuple variant
    |
1   + use core::result::Result::Ok;
    |

error[E0412]: cannot find type `Result` in this scope
   --> C:\Users\john\.cargo\registry\src\index.crates.io-1949cf8c6b5b557f\serde-1.0.219\src\de\impls.rs:370:39
    |
370 |           fn $visit<E>(self, v: $ty) -> Result<Self::Value, E>
    |                                         ^^^^^^ not found in this scope
...
398 | / impl_deserialize_num! {
399 | |     i32, NonZeroI32 cfg(not(no_num_nonzero_signed)), deserialize_i32
400 | |     num_self!(i32:visit_i32);
401 | |     num_as_self!(i8:visit_i8 i16:visit_i16);
402 | |     int_to_int!(i64:visit_i64);
403 | |     uint_to_self!(u8:visit_u8 u16:visit_u16 u32:visit_u32 u64:visit_u64);
404 | | }
    | |_- in this macro invocation
    |
    = note: this error originates in the macro `uint_to_self` which comes from the expansion of the macro `impl_deserialize_num` (in Nightly builds, run with -Z macro-backtrace for more info)
help: consider importing one of these items
    |
1   + use core::fmt::Result;
    |
1   + use core::result::Result;
    |

error[E0425]: cannot find function, tuple struct or tuple variant `Ok` in this scope
   --> C:\Users\john\.cargo\registry\src\index.crates.io-1949cf8c6b5b557f\serde-1.0.219\src\de\impls.rs:375:17
    |
375 |                   Ok(Saturating(v as $primitive))
    |                   ^^ not found in this scope
...
398 | / impl_deserialize_num! {
399 | |     i32, NonZeroI32 cfg(not(no_num_nonzero_signed)), deserialize_i32
400 | |     num_self!(i32:visit_i32);
401 | |     num_as_self!(i8:visit_i8 i16:visit_i16);
402 | |     int_to_int!(i64:visit_i64);
403 | |     uint_to_self!(u8:visit_u8 u16:visit_u16 u32:visit_u32 u64:visit_u64);
404 | | }
    | |_- in this macro invocation
    |
    = note: this error originates in the macro `uint_to_self` which comes from the expansion of the macro `impl_deserialize_num` (in Nightly builds, run with -Z macro-backtrace for more info)
help: consider importing this tuple variant
    |
1   + use core::result::Result::Ok;
    |

error[E0425]: cannot find function, tuple struct or tuple variant `Ok` in this scope
   --> C:\Users\john\.cargo\registry\src\index.crates.io-1949cf8c6b5b557f\serde-1.0.219\src\de\impls.rs:377:17
    |
377 |                   Ok(Saturating($primitive::MAX))
    |                   ^^ not found in this scope
...
398 | / impl_deserialize_num! {
399 | |     i32, NonZeroI32 cfg(not(no_num_nonzero_signed)), deserialize_i32
400 | |     num_self!(i32:visit_i32);
401 | |     num_as_self!(i8:visit_i8 i16:visit_i16);
402 | |     int_to_int!(i64:visit_i64);
403 | |     uint_to_self!(u8:visit_u8 u16:visit_u16 u32:visit_u32 u64:visit_u64);
404 | | }
    | |_- in this macro invocation
    |
    = note: this error originates in the macro `uint_to_self` which comes from the expansion of the macro `impl_deserialize_num` (in Nightly builds, run with -Z macro-backtrace for more info)
help: consider importing this tuple variant
    |
1   + use core::result::Result::Ok;
    |

error[E0412]: cannot find type `Result` in this scope
   --> C:\Users\john\.cargo\registry\src\index.crates.io-1949cf8c6b5b557f\serde-1.0.219\src\de\impls.rs:134:51
    |
134 |               fn deserialize<D>(deserializer: D) -> Result<Self, D::Error>
    |                                                     ^^^^^^ not found in this scope
...
406 | / impl_deserialize_num! {
407 | |     i64, NonZeroI64 cfg(not(no_num_nonzero_signed)), deserialize_i64
408 | |     num_self!(i64:visit_i64);
409 | |     num_as_self!(i8:visit_i8 i16:visit_i16 i32:visit_i32);
410 | |     uint_to_self!(u8:visit_u8 u16:visit_u16 u32:visit_u32 u64:visit_u64);
411 | | }
    | |_- in this macro invocation
    |
    = note: this error originates in the macro `impl_deserialize_num` (in Nightly builds, run with -Z macro-backtrace for more info)
help: consider importing one of these items
    |
1   + use core::fmt::Result;
    |
1   + use core::result::Result;
    |

error[E0412]: cannot find type `Result` in this scope
   --> C:\Users\john\.cargo\registry\src\index.crates.io-1949cf8c6b5b557f\serde-1.0.219\src\de\impls.rs:159:39
    |
159 |           fn $visit<E>(self, v: $ty) -> Result<Self::Value, E>
    |                                         ^^^^^^ not found in this scope
...
406 | / impl_deserialize_num! {
407 | |     i64, NonZeroI64 cfg(not(no_num_nonzero_signed)), deserialize_i64
408 | |     num_self!(i64:visit_i64);
409 | |     num_as_self!(i8:visit_i8 i16:visit_i16 i32:visit_i32);
410 | |     uint_to_self!(u8:visit_u8 u16:visit_u16 u32:visit_u32 u64:visit_u64);
411 | | }
    | |_- in this macro invocation
    |
    = note: this error originates in the macro `num_self` which comes from the expansion of the macro `impl_deserialize_num` (in Nightly builds, run with -Z macro-backtrace for more info)
help: consider importing one of these items
    |
1   + use core::fmt::Result;
    |
1   + use core::result::Result;
    |

error[E0425]: cannot find function, tuple struct or tuple variant `Ok` in this scope
   --> C:\Users\john\.cargo\registry\src\index.crates.io-1949cf8c6b5b557f\serde-1.0.219\src\de\impls.rs:163:13
    |
163 |               Ok(v)
    |               ^^ not found in this scope
...
406 | / impl_deserialize_num! {
407 | |     i64, NonZeroI64 cfg(not(no_num_nonzero_signed)), deserialize_i64
408 | |     num_self!(i64:visit_i64);
409 | |     num_as_self!(i8:visit_i8 i16:visit_i16 i32:visit_i32);
410 | |     uint_to_self!(u8:visit_u8 u16:visit_u16 u32:visit_u32 u64:visit_u64);
411 | | }
    | |_- in this macro invocation
    |
    = note: this error originates in the macro `num_self` which comes from the expansion of the macro `impl_deserialize_num` (in Nightly builds, run with -Z macro-backtrace for more info)
help: consider importing this tuple variant
    |
1   + use core::result::Result::Ok;
    |

error[E0412]: cannot find type `Result` in this scope
   --> C:\Users\john\.cargo\registry\src\index.crates.io-1949cf8c6b5b557f\serde-1.0.219\src\de\impls.rs:193:39
    |
193 |           fn $visit<E>(self, v: $ty) -> Result<Self::Value, E>
    |                                         ^^^^^^ not found in this scope
...
406 | / impl_deserialize_num! {
407 | |     i64, NonZeroI64 cfg(not(no_num_nonzero_signed)), deserialize_i64
408 | |     num_self!(i64:visit_i64);
409 | |     num_as_self!(i8:visit_i8 i16:visit_i16 i32:visit_i32);
410 | |     uint_to_self!(u8:visit_u8 u16:visit_u16 u32:visit_u32 u64:visit_u64);
411 | | }
    | |_- in this macro invocation
    |
    = note: this error originates in the macro `num_as_self` which comes from the expansion of the macro `impl_deserialize_num` (in Nightly builds, run with -Z macro-backtrace for more info)
help: consider importing one of these items
    |
1   + use core::fmt::Result;
    |
1   + use core::result::Result;
    |

error[E0425]: cannot find function, tuple struct or tuple variant `Ok` in this scope
   --> C:\Users\john\.cargo\registry\src\index.crates.io-1949cf8c6b5b557f\serde-1.0.219\src\de\impls.rs:197:13
    |
197 |               Ok(v as Self::Value)
    |               ^^ not found in this scope
...
406 | / impl_deserialize_num! {
407 | |     i64, NonZeroI64 cfg(not(no_num_nonzero_signed)), deserialize_i64
408 | |     num_self!(i64:visit_i64);
409 | |     num_as_self!(i8:visit_i8 i16:visit_i16 i32:visit_i32);
410 | |     uint_to_self!(u8:visit_u8 u16:visit_u16 u32:visit_u32 u64:visit_u64);
411 | | }
    | |_- in this macro invocation
    |
    = note: this error originates in the macro `num_as_self` which comes from the expansion of the macro `impl_deserialize_num` (in Nightly builds, run with -Z macro-backtrace for more info)
help: consider importing this tuple variant
    |
1   + use core::result::Result::Ok;
    |

error[E0412]: cannot find type `Result` in this scope
   --> C:\Users\john\.cargo\registry\src\index.crates.io-1949cf8c6b5b557f\serde-1.0.219\src\de\impls.rs:343:39
    |
343 |           fn $visit<E>(self, v: $ty) -> Result<Self::Value, E>
    |                                         ^^^^^^ not found in this scope
...
406 | / impl_deserialize_num! {
407 | |     i64, NonZeroI64 cfg(not(no_num_nonzero_signed)), deserialize_i64
408 | |     num_self!(i64:visit_i64);
409 | |     num_as_self!(i8:visit_i8 i16:visit_i16 i32:visit_i32);
410 | |     uint_to_self!(u8:visit_u8 u16:visit_u16 u32:visit_u32 u64:visit_u64);
411 | | }
    | |_- in this macro invocation
    |
    = note: this error originates in the macro `uint_to_self` which comes from the expansion of the macro `impl_deserialize_num` (in Nightly builds, run with -Z macro-backtrace for more info)
help: consider importing one of these items
    |
1   + use core::fmt::Result;
    |
1   + use core::result::Result;
    |

error[E0425]: cannot find function, tuple struct or tuple variant `Ok` in this scope
   --> C:\Users\john\.cargo\registry\src\index.crates.io-1949cf8c6b5b557f\serde-1.0.219\src\de\impls.rs:348:17
    |
348 |                   Ok(v as Self::Value)
    |                   ^^ not found in this scope
...
406 | / impl_deserialize_num! {
407 | |     i64, NonZeroI64 cfg(not(no_num_nonzero_signed)), deserialize_i64
408 | |     num_self!(i64:visit_i64);
409 | |     num_as_self!(i8:visit_i8 i16:visit_i16 i32:visit_i32);
410 | |     uint_to_self!(u8:visit_u8 u16:visit_u16 u32:visit_u32 u64:visit_u64);
411 | | }
    | |_- in this macro invocation
    |
    = note: this error originates in the macro `uint_to_self` which comes from the expansion of the macro `impl_deserialize_num` (in Nightly builds, run with -Z macro-backtrace for more info)
help: consider importing this tuple variant
    |
1   + use core::result::Result::Ok;
    |

error[E0425]: cannot find function, tuple struct or tuple variant `Err` in this scope
   --> C:\Users\john\.cargo\registry\src\index.crates.io-1949cf8c6b5b557f\serde-1.0.219\src\de\impls.rs:350:17
    |
350 |                   Err(Error::invalid_value(Unexpected::Unsigned(v as u64), &self))
    |                   ^^^ not found in this scope
...
406 | / impl_deserialize_num! {
407 | |     i64, NonZeroI64 cfg(not(no_num_nonzero_signed)), deserialize_i64
408 | |     num_self!(i64:visit_i64);
409 | |     num_as_self!(i8:visit_i8 i16:visit_i16 i32:visit_i32);
410 | |     uint_to_self!(u8:visit_u8 u16:visit_u16 u32:visit_u32 u64:visit_u64);
411 | | }
    | |_- in this macro invocation
    |
    = note: this error originates in the macro `uint_to_self` which comes from the expansion of the macro `impl_deserialize_num` (in Nightly builds, run with -Z macro-backtrace for more info)
help: consider importing this tuple variant
    |
1   + use core::result::Result::Err;
    |

error[E0412]: cannot find type `Result` in this scope
   --> C:\Users\john\.cargo\registry\src\index.crates.io-1949cf8c6b5b557f\serde-1.0.219\src\de\impls.rs:88:51
    |
88  |               fn deserialize<D>(deserializer: D) -> Result<Self, D::Error>
    |                                                     ^^^^^^ not found in this scope
...
406 | / impl_deserialize_num! {
407 | |     i64, NonZeroI64 cfg(not(no_num_nonzero_signed)), deserialize_i64
408 | |     num_self!(i64:visit_i64);
409 | |     num_as_self!(i8:visit_i8 i16:visit_i16 i32:visit_i32);
410 | |     uint_to_self!(u8:visit_u8 u16:visit_u16 u32:visit_u32 u64:visit_u64);
411 | | }
    | |_- in this macro invocation
    |
    = note: this error originates in the macro `impl_deserialize_num` (in Nightly builds, run with -Z macro-backtrace for more info)
help: consider importing one of these items
    |
1   + use core::fmt::Result;
    |
1   + use core::result::Result;
    |

error[E0412]: cannot find type `Result` in this scope
   --> C:\Users\john\.cargo\registry\src\index.crates.io-1949cf8c6b5b557f\serde-1.0.219\src\de\impls.rs:168:39
    |
168 |           fn $visit<E>(self, v: $ty) -> Result<Self::Value, E>
    |                                         ^^^^^^ not found in this scope
...
406 | / impl_deserialize_num! {
407 | |     i64, NonZeroI64 cfg(not(no_num_nonzero_signed)), deserialize_i64
408 | |     num_self!(i64:visit_i64);
409 | |     num_as_self!(i8:visit_i8 i16:visit_i16 i32:visit_i32);
410 | |     uint_to_self!(u8:visit_u8 u16:visit_u16 u32:visit_u32 u64:visit_u64);
411 | | }
    | |_- in this macro invocation
    |
    = note: this error originates in the macro `num_self` which comes from the expansion of the macro `impl_deserialize_num` (in Nightly builds, run with -Z macro-backtrace for more info)
help: consider importing one of these items
    |
1   + use core::fmt::Result;
    |
1   + use core::result::Result;
    |

error[E0531]: cannot find tuple struct or tuple variant `Some` in this scope
   --> C:\Users\john\.cargo\registry\src\index.crates.io-1949cf8c6b5b557f\serde-1.0.219\src\de\impls.rs:172:20
    |
172 |               if let Some(nonzero) = Self::Value::new(v) {
    |                      ^^^^ not found in this scope
...
406 | / impl_deserialize_num! {
407 | |     i64, NonZeroI64 cfg(not(no_num_nonzero_signed)), deserialize_i64
408 | |     num_self!(i64:visit_i64);
409 | |     num_as_self!(i8:visit_i8 i16:visit_i16 i32:visit_i32);
410 | |     uint_to_self!(u8:visit_u8 u16:visit_u16 u32:visit_u32 u64:visit_u64);
411 | | }
    | |_- in this macro invocation
    |
note: tuple variant `crate::__private::ser::content::Content::Some` exists but is inaccessible
   --> C:\Users\john\.cargo\registry\src\index.crates.io-1949cf8c6b5b557f\serde-1.0.219\src\private\ser.rs:443:9
    |
443 |         Some(Box<Content>),
    |         ^^^^^^^^^^^^^^^^^^ not accessible
    = note: this error originates in the macro `num_self` which comes from the expansion of the macro `impl_deserialize_num` (in Nightly builds, run with -Z macro-backtrace for more info)
help: consider importing one of these tuple variants
    |
1   + use crate::__private::de::Content::Some;
    |
1   + use core::option::Option::Some;
    |

error[E0425]: cannot find function, tuple struct or tuple variant `Ok` in this scope
   --> C:\Users\john\.cargo\registry\src\index.crates.io-1949cf8c6b5b557f\serde-1.0.219\src\de\impls.rs:173:17
    |
173 |                   Ok(nonzero)
    |                   ^^ not found in this scope
...
406 | / impl_deserialize_num! {
407 | |     i64, NonZeroI64 cfg(not(no_num_nonzero_signed)), deserialize_i64
408 | |     num_self!(i64:visit_i64);
409 | |     num_as_self!(i8:visit_i8 i16:visit_i16 i32:visit_i32);
410 | |     uint_to_self!(u8:visit_u8 u16:visit_u16 u32:visit_u32 u64:visit_u64);
411 | | }
    | |_- in this macro invocation
    |
    = note: this error originates in the macro `num_self` which comes from the expansion of the macro `impl_deserialize_num` (in Nightly builds, run with -Z macro-backtrace for more info)
help: consider importing this tuple variant
    |
1   + use core::result::Result::Ok;
    |

error[E0425]: cannot find function, tuple struct or tuple variant `Err` in this scope
   --> C:\Users\john\.cargo\registry\src\index.crates.io-1949cf8c6b5b557f\serde-1.0.219\src\de\impls.rs:175:17
    |
175 |                   Err(Error::invalid_value(Unexpected::Unsigned(0), &self))
    |                   ^^^ not found in this scope
...
406 | / impl_deserialize_num! {
407 | |     i64, NonZeroI64 cfg(not(no_num_nonzero_signed)), deserialize_i64
408 | |     num_self!(i64:visit_i64);
409 | |     num_as_self!(i8:visit_i8 i16:visit_i16 i32:visit_i32);
410 | |     uint_to_self!(u8:visit_u8 u16:visit_u16 u32:visit_u32 u64:visit_u64);
411 | | }
    | |_- in this macro invocation
    |
    = note: this error originates in the macro `num_self` which comes from the expansion of the macro `impl_deserialize_num` (in Nightly builds, run with -Z macro-backtrace for more info)
help: consider importing this tuple variant
    |
1   + use core::result::Result::Err;
    |

error[E0412]: cannot find type `Result` in this scope
   --> C:\Users\john\.cargo\registry\src\index.crates.io-1949cf8c6b5b557f\serde-1.0.219\src\de\impls.rs:202:39
    |
202 |           fn $visit<E>(self, v: $ty) -> Result<Self::Value, E>
    |                                         ^^^^^^ not found in this scope
...
406 | / impl_deserialize_num! {
407 | |     i64, NonZeroI64 cfg(not(no_num_nonzero_signed)), deserialize_i64
408 | |     num_self!(i64:visit_i64);
409 | |     num_as_self!(i8:visit_i8 i16:visit_i16 i32:visit_i32);
410 | |     uint_to_self!(u8:visit_u8 u16:visit_u16 u32:visit_u32 u64:visit_u64);
411 | | }
    | |_- in this macro invocation
    |
    = note: this error originates in the macro `num_as_self` which comes from the expansion of the macro `impl_deserialize_num` (in Nightly builds, run with -Z macro-backtrace for more info)
help: consider importing one of these items
    |
1   + use core::fmt::Result;
    |
1   + use core::result::Result;
    |

error[E0531]: cannot find tuple struct or tuple variant `Some` in this scope
   --> C:\Users\john\.cargo\registry\src\index.crates.io-1949cf8c6b5b557f\serde-1.0.219\src\de\impls.rs:206:20
    |
206 |               if let Some(nonzero) = Self::Value::new(v as $primitive) {
    |                      ^^^^ not found in this scope
...
406 | / impl_deserialize_num! {
407 | |     i64, NonZeroI64 cfg(not(no_num_nonzero_signed)), deserialize_i64
408 | |     num_self!(i64:visit_i64);
409 | |     num_as_self!(i8:visit_i8 i16:visit_i16 i32:visit_i32);
410 | |     uint_to_self!(u8:visit_u8 u16:visit_u16 u32:visit_u32 u64:visit_u64);
411 | | }
    | |_- in this macro invocation
    |
note: tuple variant `crate::__private::ser::content::Content::Some` exists but is inaccessible
   --> C:\Users\john\.cargo\registry\src\index.crates.io-1949cf8c6b5b557f\serde-1.0.219\src\private\ser.rs:443:9
    |
443 |         Some(Box<Content>),
    |         ^^^^^^^^^^^^^^^^^^ not accessible
    = note: this error originates in the macro `num_as_self` which comes from the expansion of the macro `impl_deserialize_num` (in Nightly builds, run with -Z macro-backtrace for more info)
help: consider importing one of these tuple variants
    |
1   + use crate::__private::de::Content::Some;
    |
1   + use core::option::Option::Some;
    |

error[E0425]: cannot find function, tuple struct or tuple variant `Ok` in this scope
   --> C:\Users\john\.cargo\registry\src\index.crates.io-1949cf8c6b5b557f\serde-1.0.219\src\de\impls.rs:207:17
    |
207 |                   Ok(nonzero)
    |                   ^^ not found in this scope
...
406 | / impl_deserialize_num! {
407 | |     i64, NonZeroI64 cfg(not(no_num_nonzero_signed)), deserialize_i64
408 | |     num_self!(i64:visit_i64);
409 | |     num_as_self!(i8:visit_i8 i16:visit_i16 i32:visit_i32);
410 | |     uint_to_self!(u8:visit_u8 u16:visit_u16 u32:visit_u32 u64:visit_u64);
411 | | }
    | |_- in this macro invocation
    |
    = note: this error originates in the macro `num_as_self` which comes from the expansion of the macro `impl_deserialize_num` (in Nightly builds, run with -Z macro-backtrace for more info)
help: consider importing this tuple variant
    |
1   + use core::result::Result::Ok;
    |

error[E0425]: cannot find function, tuple struct or tuple variant `Err` in this scope
   --> C:\Users\john\.cargo\registry\src\index.crates.io-1949cf8c6b5b557f\serde-1.0.219\src\de\impls.rs:209:17
    |
209 |                   Err(Error::invalid_value(Unexpected::Unsigned(0), &self))
    |                   ^^^ not found in this scope
...
406 | / impl_deserialize_num! {
407 | |     i64, NonZeroI64 cfg(not(no_num_nonzero_signed)), deserialize_i64
408 | |     num_self!(i64:visit_i64);
409 | |     num_as_self!(i8:visit_i8 i16:visit_i16 i32:visit_i32);
410 | |     uint_to_self!(u8:visit_u8 u16:visit_u16 u32:visit_u32 u64:visit_u64);
411 | | }
    | |_- in this macro invocation
    |
    = note: this error originates in the macro `num_as_self` which comes from the expansion of the macro `impl_deserialize_num` (in Nightly builds, run with -Z macro-backtrace for more info)
help: consider importing this tuple variant
    |
1   + use core::result::Result::Err;
    |

error[E0412]: cannot find type `Result` in this scope
   --> C:\Users\john\.cargo\registry\src\index.crates.io-1949cf8c6b5b557f\serde-1.0.219\src\de\impls.rs:356:39
    |
356 |           fn $visit<E>(self, v: $ty) -> Result<Self::Value, E>
    |                                         ^^^^^^ not found in this scope
...
406 | / impl_deserialize_num! {
407 | |     i64, NonZeroI64 cfg(not(no_num_nonzero_signed)), deserialize_i64
408 | |     num_self!(i64:visit_i64);
409 | |     num_as_self!(i8:visit_i8 i16:visit_i16 i32:visit_i32);
410 | |     uint_to_self!(u8:visit_u8 u16:visit_u16 u32:visit_u32 u64:visit_u64);
411 | | }
    | |_- in this macro invocation
    |
    = note: this error originates in the macro `uint_to_self` which comes from the expansion of the macro `impl_deserialize_num` (in Nightly builds, run with -Z macro-backtrace for more info)
help: consider importing one of these items
    |
1   + use core::fmt::Result;
    |
1   + use core::result::Result;
    |

error[E0531]: cannot find tuple struct or tuple variant `Some` in this scope
   --> C:\Users\john\.cargo\registry\src\index.crates.io-1949cf8c6b5b557f\serde-1.0.219\src\de\impls.rs:361:24
    |
361 |                   if let Some(nonzero) = Self::Value::new(v as $primitive) {
    |                          ^^^^ not found in this scope
...
406 | / impl_deserialize_num! {
407 | |     i64, NonZeroI64 cfg(not(no_num_nonzero_signed)), deserialize_i64
408 | |     num_self!(i64:visit_i64);
409 | |     num_as_self!(i8:visit_i8 i16:visit_i16 i32:visit_i32);
410 | |     uint_to_self!(u8:visit_u8 u16:visit_u16 u32:visit_u32 u64:visit_u64);
411 | | }
    | |_- in this macro invocation
    |
note: tuple variant `crate::__private::ser::content::Content::Some` exists but is inaccessible
   --> C:\Users\john\.cargo\registry\src\index.crates.io-1949cf8c6b5b557f\serde-1.0.219\src\private\ser.rs:443:9
    |
443 |         Some(Box<Content>),
    |         ^^^^^^^^^^^^^^^^^^ not accessible
    = note: this error originates in the macro `uint_to_self` which comes from the expansion of the macro `impl_deserialize_num` (in Nightly builds, run with -Z macro-backtrace for more info)
help: consider importing one of these tuple variants
    |
1   + use crate::__private::de::Content::Some;
    |
1   + use core::option::Option::Some;
    |

error[E0425]: cannot find function, tuple struct or tuple variant `Ok` in this scope
   --> C:\Users\john\.cargo\registry\src\index.crates.io-1949cf8c6b5b557f\serde-1.0.219\src\de\impls.rs:362:28
    |
362 |                       return Ok(nonzero);
    |                              ^^ not found in this scope
...
406 | / impl_deserialize_num! {
407 | |     i64, NonZeroI64 cfg(not(no_num_nonzero_signed)), deserialize_i64
408 | |     num_self!(i64:visit_i64);
409 | |     num_as_self!(i8:visit_i8 i16:visit_i16 i32:visit_i32);
410 | |     uint_to_self!(u8:visit_u8 u16:visit_u16 u32:visit_u32 u64:visit_u64);
411 | | }
    | |_- in this macro invocation
    |
    = note: this error originates in the macro `uint_to_self` which comes from the expansion of the macro `impl_deserialize_num` (in Nightly builds, run with -Z macro-backtrace for more info)
help: consider importing this tuple variant
    |
1   + use core::result::Result::Ok;
    |

error[E0425]: cannot find function, tuple struct or tuple variant `Err` in this scope
   --> C:\Users\john\.cargo\registry\src\index.crates.io-1949cf8c6b5b557f\serde-1.0.219\src\de\impls.rs:365:13
    |
365 |               Err(Error::invalid_value(Unexpected::Unsigned(v as u64), &self))
    |               ^^^ not found in this scope
...
406 | / impl_deserialize_num! {
407 | |     i64, NonZeroI64 cfg(not(no_num_nonzero_signed)), deserialize_i64
408 | |     num_self!(i64:visit_i64);
409 | |     num_as_self!(i8:visit_i8 i16:visit_i16 i32:visit_i32);
410 | |     uint_to_self!(u8:visit_u8 u16:visit_u16 u32:visit_u32 u64:visit_u64);
411 | | }
    | |_- in this macro invocation
    |
    = note: this error originates in the macro `uint_to_self` which comes from the expansion of the macro `impl_deserialize_num` (in Nightly builds, run with -Z macro-backtrace for more info)
help: consider importing this tuple variant
    |
1   + use core::result::Result::Err;
    |

error[E0412]: cannot find type `Result` in this scope
   --> C:\Users\john\.cargo\registry\src\index.crates.io-1949cf8c6b5b557f\serde-1.0.219\src\de\impls.rs:110:51
    |
110 |               fn deserialize<D>(deserializer: D) -> Result<Self, D::Error>
    |                                                     ^^^^^^ not found in this scope
...
406 | / impl_deserialize_num! {
407 | |     i64, NonZeroI64 cfg(not(no_num_nonzero_signed)), deserialize_i64
408 | |     num_self!(i64:visit_i64);
409 | |     num_as_self!(i8:visit_i8 i16:visit_i16 i32:visit_i32);
410 | |     uint_to_self!(u8:visit_u8 u16:visit_u16 u32:visit_u32 u64:visit_u64);
411 | | }
    | |_- in this macro invocation
    |
    = note: this error originates in the macro `impl_deserialize_num` (in Nightly builds, run with -Z macro-backtrace for more info)
help: consider importing one of these items
    |
1   + use core::fmt::Result;
    |
1   + use core::result::Result;
    |

error[E0412]: cannot find type `Result` in this scope
   --> C:\Users\john\.cargo\registry\src\index.crates.io-1949cf8c6b5b557f\serde-1.0.219\src\de\impls.rs:181:39
    |
181 |           fn $visit<E>(self, v: $ty) -> Result<Self::Value, E>
    |                                         ^^^^^^ not found in this scope
...
406 | / impl_deserialize_num! {
407 | |     i64, NonZeroI64 cfg(not(no_num_nonzero_signed)), deserialize_i64
408 | |     num_self!(i64:visit_i64);
409 | |     num_as_self!(i8:visit_i8 i16:visit_i16 i32:visit_i32);
410 | |     uint_to_self!(u8:visit_u8 u16:visit_u16 u32:visit_u32 u64:visit_u64);
411 | | }
    | |_- in this macro invocation
    |
    = note: this error originates in the macro `num_self` which comes from the expansion of the macro `impl_deserialize_num` (in Nightly builds, run with -Z macro-backtrace for more info)
help: consider importing one of these items
    |
1   + use core::fmt::Result;
    |
1   + use core::result::Result;
    |

error[E0425]: cannot find function, tuple struct or tuple variant `Ok` in this scope
   --> C:\Users\john\.cargo\registry\src\index.crates.io-1949cf8c6b5b557f\serde-1.0.219\src\de\impls.rs:185:13
    |
185 |               Ok(Saturating(v))
    |               ^^ not found in this scope
...
406 | / impl_deserialize_num! {
407 | |     i64, NonZeroI64 cfg(not(no_num_nonzero_signed)), deserialize_i64
408 | |     num_self!(i64:visit_i64);
409 | |     num_as_self!(i8:visit_i8 i16:visit_i16 i32:visit_i32);
410 | |     uint_to_self!(u8:visit_u8 u16:visit_u16 u32:visit_u32 u64:visit_u64);
411 | | }
    | |_- in this macro invocation
    |
    = note: this error originates in the macro `num_self` which comes from the expansion of the macro `impl_deserialize_num` (in Nightly builds, run with -Z macro-backtrace for more info)
help: consider importing this tuple variant
    |
1   + use core::result::Result::Ok;
    |

error[E0412]: cannot find type `Result` in this scope
   --> C:\Users\john\.cargo\registry\src\index.crates.io-1949cf8c6b5b557f\serde-1.0.219\src\de\impls.rs:215:39
    |
215 |           fn $visit<E>(self, v: $ty) -> Result<Self::Value, E>
    |                                         ^^^^^^ not found in this scope
...
406 | / impl_deserialize_num! {
407 | |     i64, NonZeroI64 cfg(not(no_num_nonzero_signed)), deserialize_i64
408 | |     num_self!(i64:visit_i64);
409 | |     num_as_self!(i8:visit_i8 i16:visit_i16 i32:visit_i32);
410 | |     uint_to_self!(u8:visit_u8 u16:visit_u16 u32:visit_u32 u64:visit_u64);
411 | | }
    | |_- in this macro invocation
    |
    = note: this error originates in the macro `num_as_self` which comes from the expansion of the macro `impl_deserialize_num` (in Nightly builds, run with -Z macro-backtrace for more info)
help: consider importing one of these items
    |
1   + use core::fmt::Result;
    |
1   + use core::result::Result;
    |

error[E0425]: cannot find function, tuple struct or tuple variant `Ok` in this scope
   --> C:\Users\john\.cargo\registry\src\index.crates.io-1949cf8c6b5b557f\serde-1.0.219\src\de\impls.rs:219:13
    |
219 |               Ok(Saturating(v as $primitive))
    |               ^^ not found in this scope
...
406 | / impl_deserialize_num! {
407 | |     i64, NonZeroI64 cfg(not(no_num_nonzero_signed)), deserialize_i64
408 | |     num_self!(i64:visit_i64);
409 | |     num_as_self!(i8:visit_i8 i16:visit_i16 i32:visit_i32);
410 | |     uint_to_self!(u8:visit_u8 u16:visit_u16 u32:visit_u32 u64:visit_u64);
411 | | }
    | |_- in this macro invocation
    |
    = note: this error originates in the macro `num_as_self` which comes from the expansion of the macro `impl_deserialize_num` (in Nightly builds, run with -Z macro-backtrace for more info)
help: consider importing this tuple variant
    |
1   + use core::result::Result::Ok;
    |

error[E0412]: cannot find type `Result` in this scope
   --> C:\Users\john\.cargo\registry\src\index.crates.io-1949cf8c6b5b557f\serde-1.0.219\src\de\impls.rs:370:39
    |
370 |           fn $visit<E>(self, v: $ty) -> Result<Self::Value, E>
    |                                         ^^^^^^ not found in this scope
...
406 | / impl_deserialize_num! {
407 | |     i64, NonZeroI64 cfg(not(no_num_nonzero_signed)), deserialize_i64
408 | |     num_self!(i64:visit_i64);
409 | |     num_as_self!(i8:visit_i8 i16:visit_i16 i32:visit_i32);
410 | |     uint_to_self!(u8:visit_u8 u16:visit_u16 u32:visit_u32 u64:visit_u64);
411 | | }
    | |_- in this macro invocation
    |
    = note: this error originates in the macro `uint_to_self` which comes from the expansion of the macro `impl_deserialize_num` (in Nightly builds, run with -Z macro-backtrace for more info)
help: consider importing one of these items
    |
1   + use core::fmt::Result;
    |
1   + use core::result::Result;
    |

error[E0425]: cannot find function, tuple struct or tuple variant `Ok` in this scope
   --> C:\Users\john\.cargo\registry\src\index.crates.io-1949cf8c6b5b557f\serde-1.0.219\src\de\impls.rs:375:17
    |
375 |                   Ok(Saturating(v as $primitive))
    |                   ^^ not found in this scope
...
406 | / impl_deserialize_num! {
407 | |     i64, NonZeroI64 cfg(not(no_num_nonzero_signed)), deserialize_i64
408 | |     num_self!(i64:visit_i64);
409 | |     num_as_self!(i8:visit_i8 i16:visit_i16 i32:visit_i32);
410 | |     uint_to_self!(u8:visit_u8 u16:visit_u16 u32:visit_u32 u64:visit_u64);
411 | | }
    | |_- in this macro invocation
    |
    = note: this error originates in the macro `uint_to_self` which comes from the expansion of the macro `impl_deserialize_num` (in Nightly builds, run with -Z macro-backtrace for more info)
help: consider importing this tuple variant
    |
1   + use core::result::Result::Ok;
    |

error[E0425]: cannot find function, tuple struct or tuple variant `Ok` in this scope
   --> C:\Users\john\.cargo\registry\src\index.crates.io-1949cf8c6b5b557f\serde-1.0.219\src\de\impls.rs:377:17
    |
377 |                   Ok(Saturating($primitive::MAX))
    |                   ^^ not found in this scope
...
406 | / impl_deserialize_num! {
407 | |     i64, NonZeroI64 cfg(not(no_num_nonzero_signed)), deserialize_i64
408 | |     num_self!(i64:visit_i64);
409 | |     num_as_self!(i8:visit_i8 i16:visit_i16 i32:visit_i32);
410 | |     uint_to_self!(u8:visit_u8 u16:visit_u16 u32:visit_u32 u64:visit_u64);
411 | | }
    | |_- in this macro invocation
    |
    = note: this error originates in the macro `uint_to_self` which comes from the expansion of the macro `impl_deserialize_num` (in Nightly builds, run with -Z macro-backtrace for more info)
help: consider importing this tuple variant
    |
1   + use core::result::Result::Ok;
    |

error[E0412]: cannot find type `Result` in this scope
   --> C:\Users\john\.cargo\registry\src\index.crates.io-1949cf8c6b5b557f\serde-1.0.219\src\de\impls.rs:134:51
    |
134 |               fn deserialize<D>(deserializer: D) -> Result<Self, D::Error>
    |                                                     ^^^^^^ not found in this scope
...
413 | / impl_deserialize_num! {
414 | |     isize, NonZeroIsize cfg(not(no_num_nonzero_signed)), deserialize_i64
415 | |     num_as_self!(i8:visit_i8 i16:visit_i16);
416 | |     int_to_int!(i32:visit_i32 i64:visit_i64);
417 | |     uint_to_self!(u8:visit_u8 u16:visit_u16 u32:visit_u32 u64:visit_u64);
418 | | }
    | |_- in this macro invocation
    |
    = note: this error originates in the macro `impl_deserialize_num` (in Nightly builds, run with -Z macro-backtrace for more info)
help: consider importing one of these items
    |
1   + use core::fmt::Result;
    |
1   + use core::result::Result;
    |

error[E0412]: cannot find type `Result` in this scope
   --> C:\Users\john\.cargo\registry\src\index.crates.io-1949cf8c6b5b557f\serde-1.0.219\src\de\impls.rs:193:39
    |
193 |           fn $visit<E>(self, v: $ty) -> Result<Self::Value, E>
    |                                         ^^^^^^ not found in this scope
...
413 | / impl_deserialize_num! {
414 | |     isize, NonZeroIsize cfg(not(no_num_nonzero_signed)), deserialize_i64
415 | |     num_as_self!(i8:visit_i8 i16:visit_i16);
416 | |     int_to_int!(i32:visit_i32 i64:visit_i64);
417 | |     uint_to_self!(u8:visit_u8 u16:visit_u16 u32:visit_u32 u64:visit_u64);
418 | | }
    | |_- in this macro invocation
    |
    = note: this error originates in the macro `num_as_self` which comes from the expansion of the macro `impl_deserialize_num` (in Nightly builds, run with -Z macro-backtrace for more info)
help: consider importing one of these items
    |
1   + use core::fmt::Result;
    |
1   + use core::result::Result;
    |

error[E0425]: cannot find function, tuple struct or tuple variant `Ok` in this scope
   --> C:\Users\john\.cargo\registry\src\index.crates.io-1949cf8c6b5b557f\serde-1.0.219\src\de\impls.rs:197:13
    |
197 |               Ok(v as Self::Value)
    |               ^^ not found in this scope
...
413 | / impl_deserialize_num! {
414 | |     isize, NonZeroIsize cfg(not(no_num_nonzero_signed)), deserialize_i64
415 | |     num_as_self!(i8:visit_i8 i16:visit_i16);
416 | |     int_to_int!(i32:visit_i32 i64:visit_i64);
417 | |     uint_to_self!(u8:visit_u8 u16:visit_u16 u32:visit_u32 u64:visit_u64);
418 | | }
    | |_- in this macro invocation
    |
    = note: this error originates in the macro `num_as_self` which comes from the expansion of the macro `impl_deserialize_num` (in Nightly builds, run with -Z macro-backtrace for more info)
help: consider importing this tuple variant
    |
1   + use core::result::Result::Ok;
    |

error[E0412]: cannot find type `Result` in this scope
   --> C:\Users\john\.cargo\registry\src\index.crates.io-1949cf8c6b5b557f\serde-1.0.219\src\de\impls.rs:249:39
    |
249 |           fn $visit<E>(self, v: $ty) -> Result<Self::Value, E>
    |                                         ^^^^^^ not found in this scope
...
413 | / impl_deserialize_num! {
414 | |     isize, NonZeroIsize cfg(not(no_num_nonzero_signed)), deserialize_i64
415 | |     num_as_self!(i8:visit_i8 i16:visit_i16);
416 | |     int_to_int!(i32:visit_i32 i64:visit_i64);
417 | |     uint_to_self!(u8:visit_u8 u16:visit_u16 u32:visit_u32 u64:visit_u64);
418 | | }
    | |_- in this macro invocation
    |
    = note: this error originates in the macro `int_to_int` which comes from the expansion of the macro `impl_deserialize_num` (in Nightly builds, run with -Z macro-backtrace for more info)
help: consider importing one of these items
    |
1   + use core::fmt::Result;
    |
1   + use core::result::Result;
    |

error[E0425]: cannot find function, tuple struct or tuple variant `Ok` in this scope
   --> C:\Users\john\.cargo\registry\src\index.crates.io-1949cf8c6b5b557f\serde-1.0.219\src\de\impls.rs:256:17
    |
256 |                   Ok(v as Self::Value)
    |                   ^^ not found in this scope
...
413 | / impl_deserialize_num! {
414 | |     isize, NonZeroIsize cfg(not(no_num_nonzero_signed)), deserialize_i64
415 | |     num_as_self!(i8:visit_i8 i16:visit_i16);
416 | |     int_to_int!(i32:visit_i32 i64:visit_i64);
417 | |     uint_to_self!(u8:visit_u8 u16:visit_u16 u32:visit_u32 u64:visit_u64);
418 | | }
    | |_- in this macro invocation
    |
    = note: this error originates in the macro `int_to_int` which comes from the expansion of the macro `impl_deserialize_num` (in Nightly builds, run with -Z macro-backtrace for more info)
help: consider importing this tuple variant
    |
1   + use core::result::Result::Ok;
    |

error[E0425]: cannot find function, tuple struct or tuple variant `Err` in this scope
   --> C:\Users\john\.cargo\registry\src\index.crates.io-1949cf8c6b5b557f\serde-1.0.219\src\de\impls.rs:258:17
    |
258 |                   Err(Error::invalid_value(Unexpected::Signed(v as i64), &self))
    |                   ^^^ not found in this scope
...
413 | / impl_deserialize_num! {
414 | |     isize, NonZeroIsize cfg(not(no_num_nonzero_signed)), deserialize_i64
415 | |     num_as_self!(i8:visit_i8 i16:visit_i16);
416 | |     int_to_int!(i32:visit_i32 i64:visit_i64);
417 | |     uint_to_self!(u8:visit_u8 u16:visit_u16 u32:visit_u32 u64:visit_u64);
418 | | }
    | |_- in this macro invocation
    |
    = note: this error originates in the macro `int_to_int` which comes from the expansion of the macro `impl_deserialize_num` (in Nightly builds, run with -Z macro-backtrace for more info)
help: consider importing this tuple variant
    |
1   + use core::result::Result::Err;
    |

error[E0412]: cannot find type `Result` in this scope
   --> C:\Users\john\.cargo\registry\src\index.crates.io-1949cf8c6b5b557f\serde-1.0.219\src\de\impls.rs:343:39
    |
343 |           fn $visit<E>(self, v: $ty) -> Result<Self::Value, E>
    |                                         ^^^^^^ not found in this scope
...
413 | / impl_deserialize_num! {
414 | |     isize, NonZeroIsize cfg(not(no_num_nonzero_signed)), deserialize_i64
415 | |     num_as_self!(i8:visit_i8 i16:visit_i16);
416 | |     int_to_int!(i32:visit_i32 i64:visit_i64);
417 | |     uint_to_self!(u8:visit_u8 u16:visit_u16 u32:visit_u32 u64:visit_u64);
418 | | }
    | |_- in this macro invocation
    |
    = note: this error originates in the macro `uint_to_self` which comes from the expansion of the macro `impl_deserialize_num` (in Nightly builds, run with -Z macro-backtrace for more info)
help: consider importing one of these items
    |
1   + use core::fmt::Result;
    |
1   + use core::result::Result;
    |

error[E0425]: cannot find function, tuple struct or tuple variant `Ok` in this scope
   --> C:\Users\john\.cargo\registry\src\index.crates.io-1949cf8c6b5b557f\serde-1.0.219\src\de\impls.rs:348:17
    |
348 |                   Ok(v as Self::Value)
    |                   ^^ not found in this scope
...
413 | / impl_deserialize_num! {
414 | |     isize, NonZeroIsize cfg(not(no_num_nonzero_signed)), deserialize_i64
415 | |     num_as_self!(i8:visit_i8 i16:visit_i16);
416 | |     int_to_int!(i32:visit_i32 i64:visit_i64);
417 | |     uint_to_self!(u8:visit_u8 u16:visit_u16 u32:visit_u32 u64:visit_u64);
418 | | }
    | |_- in this macro invocation
    |
    = note: this error originates in the macro `uint_to_self` which comes from the expansion of the macro `impl_deserialize_num` (in Nightly builds, run with -Z macro-backtrace for more info)
help: consider importing this tuple variant
    |
1   + use core::result::Result::Ok;
    |

error[E0425]: cannot find function, tuple struct or tuple variant `Err` in this scope
   --> C:\Users\john\.cargo\registry\src\index.crates.io-1949cf8c6b5b557f\serde-1.0.219\src\de\impls.rs:350:17
    |
350 |                   Err(Error::invalid_value(Unexpected::Unsigned(v as u64), &self))
    |                   ^^^ not found in this scope
...
413 | / impl_deserialize_num! {
414 | |     isize, NonZeroIsize cfg(not(no_num_nonzero_signed)), deserialize_i64
415 | |     num_as_self!(i8:visit_i8 i16:visit_i16);
416 | |     int_to_int!(i32:visit_i32 i64:visit_i64);
417 | |     uint_to_self!(u8:visit_u8 u16:visit_u16 u32:visit_u32 u64:visit_u64);
418 | | }
    | |_- in this macro invocation
    |
    = note: this error originates in the macro `uint_to_self` which comes from the expansion of the macro `impl_deserialize_num` (in Nightly builds, run with -Z macro-backtrace for more info)
help: consider importing this tuple variant
    |
1   + use core::result::Result::Err;
    |

error[E0412]: cannot find type `Result` in this scope
   --> C:\Users\john\.cargo\registry\src\index.crates.io-1949cf8c6b5b557f\serde-1.0.219\src\de\impls.rs:88:51
    |
88  |               fn deserialize<D>(deserializer: D) -> Result<Self, D::Error>
    |                                                     ^^^^^^ not found in this scope
...
413 | / impl_deserialize_num! {
414 | |     isize, NonZeroIsize cfg(not(no_num_nonzero_signed)), deserialize_i64
415 | |     num_as_self!(i8:visit_i8 i16:visit_i16);
416 | |     int_to_int!(i32:visit_i32 i64:visit_i64);
417 | |     uint_to_self!(u8:visit_u8 u16:visit_u16 u32:visit_u32 u64:visit_u64);
418 | | }
    | |_- in this macro invocation
    |
    = note: this error originates in the macro `impl_deserialize_num` (in Nightly builds, run with -Z macro-backtrace for more info)
help: consider importing one of these items
    |
1   + use core::fmt::Result;
    |
1   + use core::result::Result;
    |

error[E0412]: cannot find type `Result` in this scope
   --> C:\Users\john\.cargo\registry\src\index.crates.io-1949cf8c6b5b557f\serde-1.0.219\src\de\impls.rs:202:39
    |
202 |           fn $visit<E>(self, v: $ty) -> Result<Self::Value, E>
    |                                         ^^^^^^ not found in this scope
...
413 | / impl_deserialize_num! {
414 | |     isize, NonZeroIsize cfg(not(no_num_nonzero_signed)), deserialize_i64
415 | |     num_as_self!(i8:visit_i8 i16:visit_i16);
416 | |     int_to_int!(i32:visit_i32 i64:visit_i64);
417 | |     uint_to_self!(u8:visit_u8 u16:visit_u16 u32:visit_u32 u64:visit_u64);
418 | | }
    | |_- in this macro invocation
    |
    = note: this error originates in the macro `num_as_self` which comes from the expansion of the macro `impl_deserialize_num` (in Nightly builds, run with -Z macro-backtrace for more info)
help: consider importing one of these items
    |
1   + use core::fmt::Result;
    |
1   + use core::result::Result;
    |

error[E0531]: cannot find tuple struct or tuple variant `Some` in this scope
   --> C:\Users\john\.cargo\registry\src\index.crates.io-1949cf8c6b5b557f\serde-1.0.219\src\de\impls.rs:206:20
    |
206 |               if let Some(nonzero) = Self::Value::new(v as $primitive) {
    |                      ^^^^ not found in this scope
...
413 | / impl_deserialize_num! {
414 | |     isize, NonZeroIsize cfg(not(no_num_nonzero_signed)), deserialize_i64
415 | |     num_as_self!(i8:visit_i8 i16:visit_i16);
416 | |     int_to_int!(i32:visit_i32 i64:visit_i64);
417 | |     uint_to_self!(u8:visit_u8 u16:visit_u16 u32:visit_u32 u64:visit_u64);
418 | | }
    | |_- in this macro invocation
    |
note: tuple variant `crate::__private::ser::content::Content::Some` exists but is inaccessible
   --> C:\Users\john\.cargo\registry\src\index.crates.io-1949cf8c6b5b557f\serde-1.0.219\src\private\ser.rs:443:9
    |
443 |         Some(Box<Content>),
    |         ^^^^^^^^^^^^^^^^^^ not accessible
    = note: this error originates in the macro `num_as_self` which comes from the expansion of the macro `impl_deserialize_num` (in Nightly builds, run with -Z macro-backtrace for more info)
help: consider importing one of these tuple variants
    |
1   + use crate::__private::de::Content::Some;
    |
1   + use core::option::Option::Some;
    |

error[E0425]: cannot find function, tuple struct or tuple variant `Ok` in this scope
   --> C:\Users\john\.cargo\registry\src\index.crates.io-1949cf8c6b5b557f\serde-1.0.219\src\de\impls.rs:207:17
    |
207 |                   Ok(nonzero)
    |                   ^^ not found in this scope
...
413 | / impl_deserialize_num! {
414 | |     isize, NonZeroIsize cfg(not(no_num_nonzero_signed)), deserialize_i64
415 | |     num_as_self!(i8:visit_i8 i16:visit_i16);
416 | |     int_to_int!(i32:visit_i32 i64:visit_i64);
417 | |     uint_to_self!(u8:visit_u8 u16:visit_u16 u32:visit_u32 u64:visit_u64);
418 | | }
    | |_- in this macro invocation
    |
    = note: this error originates in the macro `num_as_self` which comes from the expansion of the macro `impl_deserialize_num` (in Nightly builds, run with -Z macro-backtrace for more info)
help: consider importing this tuple variant
    |
1   + use core::result::Result::Ok;
    |

error[E0425]: cannot find function, tuple struct or tuple variant `Err` in this scope
   --> C:\Users\john\.cargo\registry\src\index.crates.io-1949cf8c6b5b557f\serde-1.0.219\src\de\impls.rs:209:17
    |
209 |                   Err(Error::invalid_value(Unexpected::Unsigned(0), &self))
    |                   ^^^ not found in this scope
...
413 | / impl_deserialize_num! {
414 | |     isize, NonZeroIsize cfg(not(no_num_nonzero_signed)), deserialize_i64
415 | |     num_as_self!(i8:visit_i8 i16:visit_i16);
416 | |     int_to_int!(i32:visit_i32 i64:visit_i64);
417 | |     uint_to_self!(u8:visit_u8 u16:visit_u16 u32:visit_u32 u64:visit_u64);
418 | | }
    | |_- in this macro invocation
    |
    = note: this error originates in the macro `num_as_self` which comes from the expansion of the macro `impl_deserialize_num` (in Nightly builds, run with -Z macro-backtrace for more info)
help: consider importing this tuple variant
    |
1   + use core::result::Result::Err;
    |

error[E0412]: cannot find type `Result` in this scope
   --> C:\Users\john\.cargo\registry\src\index.crates.io-1949cf8c6b5b557f\serde-1.0.219\src\de\impls.rs:264:39
    |
264 |           fn $visit<E>(self, v: $ty) -> Result<Self::Value, E>
    |                                         ^^^^^^ not found in this scope
...
413 | / impl_deserialize_num! {
414 | |     isize, NonZeroIsize cfg(not(no_num_nonzero_signed)), deserialize_i64
415 | |     num_as_self!(i8:visit_i8 i16:visit_i16);
416 | |     int_to_int!(i32:visit_i32 i64:visit_i64);
417 | |     uint_to_self!(u8:visit_u8 u16:visit_u16 u32:visit_u32 u64:visit_u64);
418 | | }
    | |_- in this macro invocation
    |
    = note: this error originates in the macro `int_to_int` which comes from the expansion of the macro `impl_deserialize_num` (in Nightly builds, run with -Z macro-backtrace for more info)
help: consider importing one of these items
    |
1   + use core::fmt::Result;
    |
1   + use core::result::Result;
    |

error[E0531]: cannot find tuple struct or tuple variant `Some` in this scope
   --> C:\Users\john\.cargo\registry\src\index.crates.io-1949cf8c6b5b557f\serde-1.0.219\src\de\impls.rs:271:24
    |
271 |                   if let Some(nonzero) = Self::Value::new(v as $primitive) {
    |                          ^^^^ not found in this scope
...
413 | / impl_deserialize_num! {
414 | |     isize, NonZeroIsize cfg(not(no_num_nonzero_signed)), deserialize_i64
415 | |     num_as_self!(i8:visit_i8 i16:visit_i16);
416 | |     int_to_int!(i32:visit_i32 i64:visit_i64);
417 | |     uint_to_self!(u8:visit_u8 u16:visit_u16 u32:visit_u32 u64:visit_u64);
418 | | }
    | |_- in this macro invocation
    |
note: tuple variant `crate::__private::ser::content::Content::Some` exists but is inaccessible
   --> C:\Users\john\.cargo\registry\src\index.crates.io-1949cf8c6b5b557f\serde-1.0.219\src\private\ser.rs:443:9
    |
443 |         Some(Box<Content>),
    |         ^^^^^^^^^^^^^^^^^^ not accessible
    = note: this error originates in the macro `int_to_int` which comes from the expansion of the macro `impl_deserialize_num` (in Nightly builds, run with -Z macro-backtrace for more info)
help: consider importing one of these tuple variants
    |
1   + use crate::__private::de::Content::Some;
    |
1   + use core::option::Option::Some;
    |

error[E0425]: cannot find function, tuple struct or tuple variant `Ok` in this scope
   --> C:\Users\john\.cargo\registry\src\index.crates.io-1949cf8c6b5b557f\serde-1.0.219\src\de\impls.rs:272:28
    |
272 |                       return Ok(nonzero);
    |                              ^^ not found in this scope
...
413 | / impl_deserialize_num! {
414 | |     isize, NonZeroIsize cfg(not(no_num_nonzero_signed)), deserialize_i64
415 | |     num_as_self!(i8:visit_i8 i16:visit_i16);
416 | |     int_to_int!(i32:visit_i32 i64:visit_i64);
417 | |     uint_to_self!(u8:visit_u8 u16:visit_u16 u32:visit_u32 u64:visit_u64);
418 | | }
    | |_- in this macro invocation
    |
    = note: this error originates in the macro `int_to_int` which comes from the expansion of the macro `impl_deserialize_num` (in Nightly builds, run with -Z macro-backtrace for more info)
help: consider importing this tuple variant
    |
1   + use core::result::Result::Ok;
    |

error[E0425]: cannot find function, tuple struct or tuple variant `Err` in this scope
   --> C:\Users\john\.cargo\registry\src\index.crates.io-1949cf8c6b5b557f\serde-1.0.219\src\de\impls.rs:275:13
    |
275 |               Err(Error::invalid_value(Unexpected::Signed(v as i64), &self))
    |               ^^^ not found in this scope
...
413 | / impl_deserialize_num! {
414 | |     isize, NonZeroIsize cfg(not(no_num_nonzero_signed)), deserialize_i64
415 | |     num_as_self!(i8:visit_i8 i16:visit_i16);
416 | |     int_to_int!(i32:visit_i32 i64:visit_i64);
417 | |     uint_to_self!(u8:visit_u8 u16:visit_u16 u32:visit_u32 u64:visit_u64);
418 | | }
    | |_- in this macro invocation
    |
    = note: this error originates in the macro `int_to_int` which comes from the expansion of the macro `impl_deserialize_num` (in Nightly builds, run with -Z macro-backtrace for more info)
help: consider importing this tuple variant
    |
1   + use core::result::Result::Err;
    |

error[E0412]: cannot find type `Result` in this scope
   --> C:\Users\john\.cargo\registry\src\index.crates.io-1949cf8c6b5b557f\serde-1.0.219\src\de\impls.rs:356:39
    |
356 |           fn $visit<E>(self, v: $ty) -> Result<Self::Value, E>
    |                                         ^^^^^^ not found in this scope
...
413 | / impl_deserialize_num! {
414 | |     isize, NonZeroIsize cfg(not(no_num_nonzero_signed)), deserialize_i64
415 | |     num_as_self!(i8:visit_i8 i16:visit_i16);
416 | |     int_to_int!(i32:visit_i32 i64:visit_i64);
417 | |     uint_to_self!(u8:visit_u8 u16:visit_u16 u32:visit_u32 u64:visit_u64);
418 | | }
    | |_- in this macro invocation
    |
    = note: this error originates in the macro `uint_to_self` which comes from the expansion of the macro `impl_deserialize_num` (in Nightly builds, run with -Z macro-backtrace for more info)
help: consider importing one of these items
    |
1   + use core::fmt::Result;
    |
1   + use core::result::Result;
    |

error[E0531]: cannot find tuple struct or tuple variant `Some` in this scope
   --> C:\Users\john\.cargo\registry\src\index.crates.io-1949cf8c6b5b557f\serde-1.0.219\src\de\impls.rs:361:24
    |
361 |                   if let Some(nonzero) = Self::Value::new(v as $primitive) {
    |                          ^^^^ not found in this scope
...
413 | / impl_deserialize_num! {
414 | |     isize, NonZeroIsize cfg(not(no_num_nonzero_signed)), deserialize_i64
415 | |     num_as_self!(i8:visit_i8 i16:visit_i16);
416 | |     int_to_int!(i32:visit_i32 i64:visit_i64);
417 | |     uint_to_self!(u8:visit_u8 u16:visit_u16 u32:visit_u32 u64:visit_u64);
418 | | }
    | |_- in this macro invocation
    |
note: tuple variant `crate::__private::ser::content::Content::Some` exists but is inaccessible
   --> C:\Users\john\.cargo\registry\src\index.crates.io-1949cf8c6b5b557f\serde-1.0.219\src\private\ser.rs:443:9
    |
443 |         Some(Box<Content>),
    |         ^^^^^^^^^^^^^^^^^^ not accessible
    = note: this error originates in the macro `uint_to_self` which comes from the expansion of the macro `impl_deserialize_num` (in Nightly builds, run with -Z macro-backtrace for more info)
help: consider importing one of these tuple variants
    |
1   + use crate::__private::de::Content::Some;
    |
1   + use core::option::Option::Some;
    |

error[E0425]: cannot find function, tuple struct or tuple variant `Ok` in this scope
   --> C:\Users\john\.cargo\registry\src\index.crates.io-1949cf8c6b5b557f\serde-1.0.219\src\de\impls.rs:362:28
    |
362 |                       return Ok(nonzero);
    |                              ^^ not found in this scope
...
413 | / impl_deserialize_num! {
414 | |     isize, NonZeroIsize cfg(not(no_num_nonzero_signed)), deserialize_i64
415 | |     num_as_self!(i8:visit_i8 i16:visit_i16);
416 | |     int_to_int!(i32:visit_i32 i64:visit_i64);
417 | |     uint_to_self!(u8:visit_u8 u16:visit_u16 u32:visit_u32 u64:visit_u64);
418 | | }
    | |_- in this macro invocation
    |
    = note: this error originates in the macro `uint_to_self` which comes from the expansion of the macro `impl_deserialize_num` (in Nightly builds, run with -Z macro-backtrace for more info)
help: consider importing this tuple variant
    |
1   + use core::result::Result::Ok;
    |

error[E0425]: cannot find function, tuple struct or tuple variant `Err` in this scope
   --> C:\Users\john\.cargo\registry\src\index.crates.io-1949cf8c6b5b557f\serde-1.0.219\src\de\impls.rs:365:13
    |
365 |               Err(Error::invalid_value(Unexpected::Unsigned(v as u64), &self))
    |               ^^^ not found in this scope
...
413 | / impl_deserialize_num! {
414 | |     isize, NonZeroIsize cfg(not(no_num_nonzero_signed)), deserialize_i64
415 | |     num_as_self!(i8:visit_i8 i16:visit_i16);
416 | |     int_to_int!(i32:visit_i32 i64:visit_i64);
417 | |     uint_to_self!(u8:visit_u8 u16:visit_u16 u32:visit_u32 u64:visit_u64);
418 | | }
    | |_- in this macro invocation
    |
    = note: this error originates in the macro `uint_to_self` which comes from the expansion of the macro `impl_deserialize_num` (in Nightly builds, run with -Z macro-backtrace for more info)
help: consider importing this tuple variant
    |
1   + use core::result::Result::Err;
    |

error[E0412]: cannot find type `Result` in this scope
   --> C:\Users\john\.cargo\registry\src\index.crates.io-1949cf8c6b5b557f\serde-1.0.219\src\de\impls.rs:110:51
    |
110 |               fn deserialize<D>(deserializer: D) -> Result<Self, D::Error>
    |                                                     ^^^^^^ not found in this scope
...
413 | / impl_deserialize_num! {
414 | |     isize, NonZeroIsize cfg(not(no_num_nonzero_signed)), deserialize_i64
415 | |     num_as_self!(i8:visit_i8 i16:visit_i16);
416 | |     int_to_int!(i32:visit_i32 i64:visit_i64);
417 | |     uint_to_self!(u8:visit_u8 u16:visit_u16 u32:visit_u32 u64:visit_u64);
418 | | }
    | |_- in this macro invocation
    |
    = note: this error originates in the macro `impl_deserialize_num` (in Nightly builds, run with -Z macro-backtrace for more info)
help: consider importing one of these items
    |
1   + use core::fmt::Result;
    |
1   + use core::result::Result;
    |

error[E0412]: cannot find type `Result` in this scope
   --> C:\Users\john\.cargo\registry\src\index.crates.io-1949cf8c6b5b557f\serde-1.0.219\src\de\impls.rs:215:39
    |
215 |           fn $visit<E>(self, v: $ty) -> Result<Self::Value, E>
    |                                         ^^^^^^ not found in this scope
...
413 | / impl_deserialize_num! {
414 | |     isize, NonZeroIsize cfg(not(no_num_nonzero_signed)), deserialize_i64
415 | |     num_as_self!(i8:visit_i8 i16:visit_i16);
416 | |     int_to_int!(i32:visit_i32 i64:visit_i64);
417 | |     uint_to_self!(u8:visit_u8 u16:visit_u16 u32:visit_u32 u64:visit_u64);
418 | | }
    | |_- in this macro invocation
    |
    = note: this error originates in the macro `num_as_self` which comes from the expansion of the macro `impl_deserialize_num` (in Nightly builds, run with -Z macro-backtrace for more info)
help: consider importing one of these items
    |
1   + use core::fmt::Result;
    |
1   + use core::result::Result;
    |

error[E0425]: cannot find function, tuple struct or tuple variant `Ok` in this scope
   --> C:\Users\john\.cargo\registry\src\index.crates.io-1949cf8c6b5b557f\serde-1.0.219\src\de\impls.rs:219:13
    |
219 |               Ok(Saturating(v as $primitive))
    |               ^^ not found in this scope
...
413 | / impl_deserialize_num! {
414 | |     isize, NonZeroIsize cfg(not(no_num_nonzero_signed)), deserialize_i64
415 | |     num_as_self!(i8:visit_i8 i16:visit_i16);
416 | |     int_to_int!(i32:visit_i32 i64:visit_i64);
417 | |     uint_to_self!(u8:visit_u8 u16:visit_u16 u32:visit_u32 u64:visit_u64);
418 | | }
    | |_- in this macro invocation
    |
    = note: this error originates in the macro `num_as_self` which comes from the expansion of the macro `impl_deserialize_num` (in Nightly builds, run with -Z macro-backtrace for more info)
help: consider importing this tuple variant
    |
1   + use core::result::Result::Ok;
    |

error[E0412]: cannot find type `Result` in this scope
   --> C:\Users\john\.cargo\registry\src\index.crates.io-1949cf8c6b5b557f\serde-1.0.219\src\de\impls.rs:280:39
    |
280 |           fn $visit<E>(self, v: $ty) -> Result<Self::Value, E>
    |                                         ^^^^^^ not found in this scope
...
413 | / impl_deserialize_num! {
414 | |     isize, NonZeroIsize cfg(not(no_num_nonzero_signed)), deserialize_i64
415 | |     num_as_self!(i8:visit_i8 i16:visit_i16);
416 | |     int_to_int!(i32:visit_i32 i64:visit_i64);
417 | |     uint_to_self!(u8:visit_u8 u16:visit_u16 u32:visit_u32 u64:visit_u64);
418 | | }
    | |_- in this macro invocation
    |
    = note: this error originates in the macro `int_to_int` which comes from the expansion of the macro `impl_deserialize_num` (in Nightly builds, run with -Z macro-backtrace for more info)
help: consider importing one of these items
    |
1   + use core::fmt::Result;
    |
1   + use core::result::Result;
    |

error[E0425]: cannot find function, tuple struct or tuple variant `Ok` in this scope
   --> C:\Users\john\.cargo\registry\src\index.crates.io-1949cf8c6b5b557f\serde-1.0.219\src\de\impls.rs:285:17
    |
285 |                   Ok(Saturating($primitive::MIN))
    |                   ^^ not found in this scope
...
413 | / impl_deserialize_num! {
414 | |     isize, NonZeroIsize cfg(not(no_num_nonzero_signed)), deserialize_i64
415 | |     num_as_self!(i8:visit_i8 i16:visit_i16);
416 | |     int_to_int!(i32:visit_i32 i64:visit_i64);
417 | |     uint_to_self!(u8:visit_u8 u16:visit_u16 u32:visit_u32 u64:visit_u64);
418 | | }
    | |_- in this macro invocation
    |
    = note: this error originates in the macro `int_to_int` which comes from the expansion of the macro `impl_deserialize_num` (in Nightly builds, run with -Z macro-backtrace for more info)
help: consider importing this tuple variant
    |
1   + use core::result::Result::Ok;
    |

error[E0425]: cannot find function, tuple struct or tuple variant `Ok` in this scope
   --> C:\Users\john\.cargo\registry\src\index.crates.io-1949cf8c6b5b557f\serde-1.0.219\src\de\impls.rs:287:17
    |
287 |                   Ok(Saturating($primitive::MAX))
    |                   ^^ not found in this scope
...
413 | / impl_deserialize_num! {
414 | |     isize, NonZeroIsize cfg(not(no_num_nonzero_signed)), deserialize_i64
415 | |     num_as_self!(i8:visit_i8 i16:visit_i16);
416 | |     int_to_int!(i32:visit_i32 i64:visit_i64);
417 | |     uint_to_self!(u8:visit_u8 u16:visit_u16 u32:visit_u32 u64:visit_u64);
418 | | }
    | |_- in this macro invocation
    |
    = note: this error originates in the macro `int_to_int` which comes from the expansion of the macro `impl_deserialize_num` (in Nightly builds, run with -Z macro-backtrace for more info)
help: consider importing this tuple variant
    |
1   + use core::result::Result::Ok;
    |

error[E0425]: cannot find function, tuple struct or tuple variant `Ok` in this scope
   --> C:\Users\john\.cargo\registry\src\index.crates.io-1949cf8c6b5b557f\serde-1.0.219\src\de\impls.rs:289:17
    |
289 |                   Ok(Saturating(v as $primitive))
    |                   ^^ not found in this scope
...
413 | / impl_deserialize_num! {
414 | |     isize, NonZeroIsize cfg(not(no_num_nonzero_signed)), deserialize_i64
415 | |     num_as_self!(i8:visit_i8 i16:visit_i16);
416 | |     int_to_int!(i32:visit_i32 i64:visit_i64);
417 | |     uint_to_self!(u8:visit_u8 u16:visit_u16 u32:visit_u32 u64:visit_u64);
418 | | }
    | |_- in this macro invocation
    |
    = note: this error originates in the macro `int_to_int` which comes from the expansion of the macro `impl_deserialize_num` (in Nightly builds, run with -Z macro-backtrace for more info)
help: consider importing this tuple variant
    |
1   + use core::result::Result::Ok;
    |

error[E0412]: cannot find type `Result` in this scope
   --> C:\Users\john\.cargo\registry\src\index.crates.io-1949cf8c6b5b557f\serde-1.0.219\src\de\impls.rs:370:39
    |
370 |           fn $visit<E>(self, v: $ty) -> Result<Self::Value, E>
    |                                         ^^^^^^ not found in this scope
...
413 | / impl_deserialize_num! {
414 | |     isize, NonZeroIsize cfg(not(no_num_nonzero_signed)), deserialize_i64
415 | |     num_as_self!(i8:visit_i8 i16:visit_i16);
416 | |     int_to_int!(i32:visit_i32 i64:visit_i64);
417 | |     uint_to_self!(u8:visit_u8 u16:visit_u16 u32:visit_u32 u64:visit_u64);
418 | | }
    | |_- in this macro invocation
    |
    = note: this error originates in the macro `uint_to_self` which comes from the expansion of the macro `impl_deserialize_num` (in Nightly builds, run with -Z macro-backtrace for more info)
help: consider importing one of these items
    |
1   + use core::fmt::Result;
    |
1   + use core::result::Result;
    |

error[E0425]: cannot find function, tuple struct or tuple variant `Ok` in this scope
   --> C:\Users\john\.cargo\registry\src\index.crates.io-1949cf8c6b5b557f\serde-1.0.219\src\de\impls.rs:375:17
    |
375 |                   Ok(Saturating(v as $primitive))
    |                   ^^ not found in this scope
...
413 | / impl_deserialize_num! {
414 | |     isize, NonZeroIsize cfg(not(no_num_nonzero_signed)), deserialize_i64
415 | |     num_as_self!(i8:visit_i8 i16:visit_i16);
416 | |     int_to_int!(i32:visit_i32 i64:visit_i64);
417 | |     uint_to_self!(u8:visit_u8 u16:visit_u16 u32:visit_u32 u64:visit_u64);
418 | | }
    | |_- in this macro invocation
    |
    = note: this error originates in the macro `uint_to_self` which comes from the expansion of the macro `impl_deserialize_num` (in Nightly builds, run with -Z macro-backtrace for more info)
help: consider importing this tuple variant
    |
1   + use core::result::Result::Ok;
    |

error[E0425]: cannot find function, tuple struct or tuple variant `Ok` in this scope
   --> C:\Users\john\.cargo\registry\src\index.crates.io-1949cf8c6b5b557f\serde-1.0.219\src\de\impls.rs:377:17
    |
377 |                   Ok(Saturating($primitive::MAX))
    |                   ^^ not found in this scope
...
413 | / impl_deserialize_num! {
414 | |     isize, NonZeroIsize cfg(not(no_num_nonzero_signed)), deserialize_i64
415 | |     num_as_self!(i8:visit_i8 i16:visit_i16);
416 | |     int_to_int!(i32:visit_i32 i64:visit_i64);
417 | |     uint_to_self!(u8:visit_u8 u16:visit_u16 u32:visit_u32 u64:visit_u64);
418 | | }
    | |_- in this macro invocation
    |
    = note: this error originates in the macro `uint_to_self` which comes from the expansion of the macro `impl_deserialize_num` (in Nightly builds, run with -Z macro-backtrace for more info)
help: consider importing this tuple variant
    |
1   + use core::result::Result::Ok;
    |

error[E0412]: cannot find type `Result` in this scope
   --> C:\Users\john\.cargo\registry\src\index.crates.io-1949cf8c6b5b557f\serde-1.0.219\src\de\impls.rs:134:51
    |
134 |               fn deserialize<D>(deserializer: D) -> Result<Self, D::Error>
    |                                                     ^^^^^^ not found in this scope
...
420 | / impl_deserialize_num! {
421 | |     u8, NonZeroU8, deserialize_u8
422 | |     num_self!(u8:visit_u8);
423 | |     int_to_uint!(i8:visit_i8 i16:visit_i16 i32:visit_i32 i64:visit_i64);
424 | |     uint_to_self!(u16:visit_u16 u32:visit_u32 u64:visit_u64);
425 | | }
    | |_- in this macro invocation
    |
    = note: this error originates in the macro `impl_deserialize_num` (in Nightly builds, run with -Z macro-backtrace for more info)
help: consider importing one of these items
    |
1   + use core::fmt::Result;
    |
1   + use core::result::Result;
    |

error[E0412]: cannot find type `Result` in this scope
   --> C:\Users\john\.cargo\registry\src\index.crates.io-1949cf8c6b5b557f\serde-1.0.219\src\de\impls.rs:159:39
    |
159 |           fn $visit<E>(self, v: $ty) -> Result<Self::Value, E>
    |                                         ^^^^^^ not found in this scope
...
420 | / impl_deserialize_num! {
421 | |     u8, NonZeroU8, deserialize_u8
422 | |     num_self!(u8:visit_u8);
423 | |     int_to_uint!(i8:visit_i8 i16:visit_i16 i32:visit_i32 i64:visit_i64);
424 | |     uint_to_self!(u16:visit_u16 u32:visit_u32 u64:visit_u64);
425 | | }
    | |_- in this macro invocation
    |
    = note: this error originates in the macro `num_self` which comes from the expansion of the macro `impl_deserialize_num` (in Nightly builds, run with -Z macro-backtrace for more info)
help: consider importing one of these items
    |
1   + use core::fmt::Result;
    |
1   + use core::result::Result;
    |

error[E0425]: cannot find function, tuple struct or tuple variant `Ok` in this scope
   --> C:\Users\john\.cargo\registry\src\index.crates.io-1949cf8c6b5b557f\serde-1.0.219\src\de\impls.rs:163:13
    |
163 |               Ok(v)
    |               ^^ not found in this scope
...
420 | / impl_deserialize_num! {
421 | |     u8, NonZeroU8, deserialize_u8
422 | |     num_self!(u8:visit_u8);
423 | |     int_to_uint!(i8:visit_i8 i16:visit_i16 i32:visit_i32 i64:visit_i64);
424 | |     uint_to_self!(u16:visit_u16 u32:visit_u32 u64:visit_u64);
425 | | }
    | |_- in this macro invocation
    |
    = note: this error originates in the macro `num_self` which comes from the expansion of the macro `impl_deserialize_num` (in Nightly builds, run with -Z macro-backtrace for more info)
help: consider importing this tuple variant
    |
1   + use core::result::Result::Ok;
    |

error[E0412]: cannot find type `Result` in this scope
   --> C:\Users\john\.cargo\registry\src\index.crates.io-1949cf8c6b5b557f\serde-1.0.219\src\de\impls.rs:298:39
    |
298 |           fn $visit<E>(self, v: $ty) -> Result<Self::Value, E>
    |                                         ^^^^^^ not found in this scope
...
420 | / impl_deserialize_num! {
421 | |     u8, NonZeroU8, deserialize_u8
422 | |     num_self!(u8:visit_u8);
423 | |     int_to_uint!(i8:visit_i8 i16:visit_i16 i32:visit_i32 i64:visit_i64);
424 | |     uint_to_self!(u16:visit_u16 u32:visit_u32 u64:visit_u64);
425 | | }
    | |_- in this macro invocation
    |
    = note: this error originates in the macro `int_to_uint` which comes from the expansion of the macro `impl_deserialize_num` (in Nightly builds, run with -Z macro-backtrace for more info)
help: consider importing one of these items
    |
1   + use core::fmt::Result;
    |
1   + use core::result::Result;
    |

error[E0425]: cannot find function, tuple struct or tuple variant `Ok` in this scope
   --> C:\Users\john\.cargo\registry\src\index.crates.io-1949cf8c6b5b557f\serde-1.0.219\src\de\impls.rs:303:17
    |
303 |                   Ok(v as Self::Value)
    |                   ^^ not found in this scope
...
420 | / impl_deserialize_num! {
421 | |     u8, NonZeroU8, deserialize_u8
422 | |     num_self!(u8:visit_u8);
423 | |     int_to_uint!(i8:visit_i8 i16:visit_i16 i32:visit_i32 i64:visit_i64);
424 | |     uint_to_self!(u16:visit_u16 u32:visit_u32 u64:visit_u64);
425 | | }
    | |_- in this macro invocation
    |
    = note: this error originates in the macro `int_to_uint` which comes from the expansion of the macro `impl_deserialize_num` (in Nightly builds, run with -Z macro-backtrace for more info)
help: consider importing this tuple variant
    |
1   + use core::result::Result::Ok;
    |

error[E0425]: cannot find function, tuple struct or tuple variant `Err` in this scope
   --> C:\Users\john\.cargo\registry\src\index.crates.io-1949cf8c6b5b557f\serde-1.0.219\src\de\impls.rs:305:17
    |
305 |                   Err(Error::invalid_value(Unexpected::Signed(v as i64), &self))
    |                   ^^^ not found in this scope
...
420 | / impl_deserialize_num! {
421 | |     u8, NonZeroU8, deserialize_u8
422 | |     num_self!(u8:visit_u8);
423 | |     int_to_uint!(i8:visit_i8 i16:visit_i16 i32:visit_i32 i64:visit_i64);
424 | |     uint_to_self!(u16:visit_u16 u32:visit_u32 u64:visit_u64);
425 | | }
    | |_- in this macro invocation
    |
    = note: this error originates in the macro `int_to_uint` which comes from the expansion of the macro `impl_deserialize_num` (in Nightly builds, run with -Z macro-backtrace for more info)
help: consider importing this tuple variant
    |
1   + use core::result::Result::Err;
    |

error[E0412]: cannot find type `Result` in this scope
   --> C:\Users\john\.cargo\registry\src\index.crates.io-1949cf8c6b5b557f\serde-1.0.219\src\de\impls.rs:343:39
    |
343 |           fn $visit<E>(self, v: $ty) -> Result<Self::Value, E>
    |                                         ^^^^^^ not found in this scope
...
420 | / impl_deserialize_num! {
421 | |     u8, NonZeroU8, deserialize_u8
422 | |     num_self!(u8:visit_u8);
423 | |     int_to_uint!(i8:visit_i8 i16:visit_i16 i32:visit_i32 i64:visit_i64);
424 | |     uint_to_self!(u16:visit_u16 u32:visit_u32 u64:visit_u64);
425 | | }
    | |_- in this macro invocation
    |
    = note: this error originates in the macro `uint_to_self` which comes from the expansion of the macro `impl_deserialize_num` (in Nightly builds, run with -Z macro-backtrace for more info)
help: consider importing one of these items
    |
1   + use core::fmt::Result;
    |
1   + use core::result::Result;
    |

error[E0425]: cannot find function, tuple struct or tuple variant `Ok` in this scope
   --> C:\Users\john\.cargo\registry\src\index.crates.io-1949cf8c6b5b557f\serde-1.0.219\src\de\impls.rs:348:17
    |
348 |                   Ok(v as Self::Value)
    |                   ^^ not found in this scope
...
420 | / impl_deserialize_num! {
421 | |     u8, NonZeroU8, deserialize_u8
422 | |     num_self!(u8:visit_u8);
423 | |     int_to_uint!(i8:visit_i8 i16:visit_i16 i32:visit_i32 i64:visit_i64);
424 | |     uint_to_self!(u16:visit_u16 u32:visit_u32 u64:visit_u64);
425 | | }
    | |_- in this macro invocation
    |
    = note: this error originates in the macro `uint_to_self` which comes from the expansion of the macro `impl_deserialize_num` (in Nightly builds, run with -Z macro-backtrace for more info)
help: consider importing this tuple variant
    |
1   + use core::result::Result::Ok;
    |

error[E0425]: cannot find function, tuple struct or tuple variant `Err` in this scope
   --> C:\Users\john\.cargo\registry\src\index.crates.io-1949cf8c6b5b557f\serde-1.0.219\src\de\impls.rs:350:17
    |
350 |                   Err(Error::invalid_value(Unexpected::Unsigned(v as u64), &self))
    |                   ^^^ not found in this scope
...
420 | / impl_deserialize_num! {
421 | |     u8, NonZeroU8, deserialize_u8
422 | |     num_self!(u8:visit_u8);
423 | |     int_to_uint!(i8:visit_i8 i16:visit_i16 i32:visit_i32 i64:visit_i64);
424 | |     uint_to_self!(u16:visit_u16 u32:visit_u32 u64:visit_u64);
425 | | }
    | |_- in this macro invocation
    |
    = note: this error originates in the macro `uint_to_self` which comes from the expansion of the macro `impl_deserialize_num` (in Nightly builds, run with -Z macro-backtrace for more info)
help: consider importing this tuple variant
    |
1   + use core::result::Result::Err;
    |

error[E0412]: cannot find type `Result` in this scope
   --> C:\Users\john\.cargo\registry\src\index.crates.io-1949cf8c6b5b557f\serde-1.0.219\src\de\impls.rs:88:51
    |
88  |               fn deserialize<D>(deserializer: D) -> Result<Self, D::Error>
    |                                                     ^^^^^^ not found in this scope
...
420 | / impl_deserialize_num! {
421 | |     u8, NonZeroU8, deserialize_u8
422 | |     num_self!(u8:visit_u8);
423 | |     int_to_uint!(i8:visit_i8 i16:visit_i16 i32:visit_i32 i64:visit_i64);
424 | |     uint_to_self!(u16:visit_u16 u32:visit_u32 u64:visit_u64);
425 | | }
    | |_- in this macro invocation
    |
    = note: this error originates in the macro `impl_deserialize_num` (in Nightly builds, run with -Z macro-backtrace for more info)
help: consider importing one of these items
    |
1   + use core::fmt::Result;
    |
1   + use core::result::Result;
    |

error[E0412]: cannot find type `Result` in this scope
   --> C:\Users\john\.cargo\registry\src\index.crates.io-1949cf8c6b5b557f\serde-1.0.219\src\de\impls.rs:168:39
    |
168 |           fn $visit<E>(self, v: $ty) -> Result<Self::Value, E>
    |                                         ^^^^^^ not found in this scope
...
420 | / impl_deserialize_num! {
421 | |     u8, NonZeroU8, deserialize_u8
422 | |     num_self!(u8:visit_u8);
423 | |     int_to_uint!(i8:visit_i8 i16:visit_i16 i32:visit_i32 i64:visit_i64);
424 | |     uint_to_self!(u16:visit_u16 u32:visit_u32 u64:visit_u64);
425 | | }
    | |_- in this macro invocation
    |
    = note: this error originates in the macro `num_self` which comes from the expansion of the macro `impl_deserialize_num` (in Nightly builds, run with -Z macro-backtrace for more info)
help: consider importing one of these items
    |
1   + use core::fmt::Result;
    |
1   + use core::result::Result;
    |

error[E0531]: cannot find tuple struct or tuple variant `Some` in this scope
   --> C:\Users\john\.cargo\registry\src\index.crates.io-1949cf8c6b5b557f\serde-1.0.219\src\de\impls.rs:172:20
    |
172 |               if let Some(nonzero) = Self::Value::new(v) {
    |                      ^^^^ not found in this scope
...
420 | / impl_deserialize_num! {
421 | |     u8, NonZeroU8, deserialize_u8
422 | |     num_self!(u8:visit_u8);
423 | |     int_to_uint!(i8:visit_i8 i16:visit_i16 i32:visit_i32 i64:visit_i64);
424 | |     uint_to_self!(u16:visit_u16 u32:visit_u32 u64:visit_u64);
425 | | }
    | |_- in this macro invocation
    |
note: tuple variant `crate::__private::ser::content::Content::Some` exists but is inaccessible
   --> C:\Users\john\.cargo\registry\src\index.crates.io-1949cf8c6b5b557f\serde-1.0.219\src\private\ser.rs:443:9
    |
443 |         Some(Box<Content>),
    |         ^^^^^^^^^^^^^^^^^^ not accessible
    = note: this error originates in the macro `num_self` which comes from the expansion of the macro `impl_deserialize_num` (in Nightly builds, run with -Z macro-backtrace for more info)
help: consider importing one of these tuple variants
    |
1   + use crate::__private::de::Content::Some;
    |
1   + use core::option::Option::Some;
    |

error[E0425]: cannot find function, tuple struct or tuple variant `Ok` in this scope
   --> C:\Users\john\.cargo\registry\src\index.crates.io-1949cf8c6b5b557f\serde-1.0.219\src\de\impls.rs:173:17
    |
173 |                   Ok(nonzero)
    |                   ^^ not found in this scope
...
420 | / impl_deserialize_num! {
421 | |     u8, NonZeroU8, deserialize_u8
422 | |     num_self!(u8:visit_u8);
423 | |     int_to_uint!(i8:visit_i8 i16:visit_i16 i32:visit_i32 i64:visit_i64);
424 | |     uint_to_self!(u16:visit_u16 u32:visit_u32 u64:visit_u64);
425 | | }
    | |_- in this macro invocation
    |
    = note: this error originates in the macro `num_self` which comes from the expansion of the macro `impl_deserialize_num` (in Nightly builds, run with -Z macro-backtrace for more info)
help: consider importing this tuple variant
    |
1   + use core::result::Result::Ok;
    |

error[E0425]: cannot find function, tuple struct or tuple variant `Err` in this scope
   --> C:\Users\john\.cargo\registry\src\index.crates.io-1949cf8c6b5b557f\serde-1.0.219\src\de\impls.rs:175:17
    |
175 |                   Err(Error::invalid_value(Unexpected::Unsigned(0), &self))
    |                   ^^^ not found in this scope
...
420 | / impl_deserialize_num! {
421 | |     u8, NonZeroU8, deserialize_u8
422 | |     num_self!(u8:visit_u8);
423 | |     int_to_uint!(i8:visit_i8 i16:visit_i16 i32:visit_i32 i64:visit_i64);
424 | |     uint_to_self!(u16:visit_u16 u32:visit_u32 u64:visit_u64);
425 | | }
    | |_- in this macro invocation
    |
    = note: this error originates in the macro `num_self` which comes from the expansion of the macro `impl_deserialize_num` (in Nightly builds, run with -Z macro-backtrace for more info)
help: consider importing this tuple variant
    |
1   + use core::result::Result::Err;
    |

error[E0412]: cannot find type `Result` in this scope
   --> C:\Users\john\.cargo\registry\src\index.crates.io-1949cf8c6b5b557f\serde-1.0.219\src\de\impls.rs:311:39
    |
311 |           fn $visit<E>(self, v: $ty) -> Result<Self::Value, E>
    |                                         ^^^^^^ not found in this scope
...
420 | / impl_deserialize_num! {
421 | |     u8, NonZeroU8, deserialize_u8
422 | |     num_self!(u8:visit_u8);
423 | |     int_to_uint!(i8:visit_i8 i16:visit_i16 i32:visit_i32 i64:visit_i64);
424 | |     uint_to_self!(u16:visit_u16 u32:visit_u32 u64:visit_u64);
425 | | }
    | |_- in this macro invocation
    |
    = note: this error originates in the macro `int_to_uint` which comes from the expansion of the macro `impl_deserialize_num` (in Nightly builds, run with -Z macro-backtrace for more info)
help: consider importing one of these items
    |
1   + use core::fmt::Result;
    |
1   + use core::result::Result;
    |

error[E0531]: cannot find tuple struct or tuple variant `Some` in this scope
   --> C:\Users\john\.cargo\registry\src\index.crates.io-1949cf8c6b5b557f\serde-1.0.219\src\de\impls.rs:316:24
    |
316 |                   if let Some(nonzero) = Self::Value::new(v as $primitive) {
    |                          ^^^^ not found in this scope
...
420 | / impl_deserialize_num! {
421 | |     u8, NonZeroU8, deserialize_u8
422 | |     num_self!(u8:visit_u8);
423 | |     int_to_uint!(i8:visit_i8 i16:visit_i16 i32:visit_i32 i64:visit_i64);
424 | |     uint_to_self!(u16:visit_u16 u32:visit_u32 u64:visit_u64);
425 | | }
    | |_- in this macro invocation
    |
note: tuple variant `crate::__private::ser::content::Content::Some` exists but is inaccessible
   --> C:\Users\john\.cargo\registry\src\index.crates.io-1949cf8c6b5b557f\serde-1.0.219\src\private\ser.rs:443:9
    |
443 |         Some(Box<Content>),
    |         ^^^^^^^^^^^^^^^^^^ not accessible
    = note: this error originates in the macro `int_to_uint` which comes from the expansion of the macro `impl_deserialize_num` (in Nightly builds, run with -Z macro-backtrace for more info)
help: consider importing one of these tuple variants
    |
1   + use crate::__private::de::Content::Some;
    |
1   + use core::option::Option::Some;
    |

error[E0425]: cannot find function, tuple struct or tuple variant `Ok` in this scope
   --> C:\Users\john\.cargo\registry\src\index.crates.io-1949cf8c6b5b557f\serde-1.0.219\src\de\impls.rs:317:28
    |
317 |                       return Ok(nonzero);
    |                              ^^ not found in this scope
...
420 | / impl_deserialize_num! {
421 | |     u8, NonZeroU8, deserialize_u8
422 | |     num_self!(u8:visit_u8);
423 | |     int_to_uint!(i8:visit_i8 i16:visit_i16 i32:visit_i32 i64:visit_i64);
424 | |     uint_to_self!(u16:visit_u16 u32:visit_u32 u64:visit_u64);
425 | | }
    | |_- in this macro invocation
    |
    = note: this error originates in the macro `int_to_uint` which comes from the expansion of the macro `impl_deserialize_num` (in Nightly builds, run with -Z macro-backtrace for more info)
help: consider importing this tuple variant
    |
1   + use core::result::Result::Ok;
    |

error[E0425]: cannot find function, tuple struct or tuple variant `Err` in this scope
   --> C:\Users\john\.cargo\registry\src\index.crates.io-1949cf8c6b5b557f\serde-1.0.219\src\de\impls.rs:320:13
    |
320 |               Err(Error::invalid_value(Unexpected::Signed(v as i64), &self))
    |               ^^^ not found in this scope
...
420 | / impl_deserialize_num! {
421 | |     u8, NonZeroU8, deserialize_u8
422 | |     num_self!(u8:visit_u8);
423 | |     int_to_uint!(i8:visit_i8 i16:visit_i16 i32:visit_i32 i64:visit_i64);
424 | |     uint_to_self!(u16:visit_u16 u32:visit_u32 u64:visit_u64);
425 | | }
    | |_- in this macro invocation
    |
    = note: this error originates in the macro `int_to_uint` which comes from the expansion of the macro `impl_deserialize_num` (in Nightly builds, run with -Z macro-backtrace for more info)
help: consider importing this tuple variant
    |
1   + use core::result::Result::Err;
    |

error[E0412]: cannot find type `Result` in this scope
   --> C:\Users\john\.cargo\registry\src\index.crates.io-1949cf8c6b5b557f\serde-1.0.219\src\de\impls.rs:356:39
    |
356 |           fn $visit<E>(self, v: $ty) -> Result<Self::Value, E>
    |                                         ^^^^^^ not found in this scope
...
420 | / impl_deserialize_num! {
421 | |     u8, NonZeroU8, deserialize_u8
422 | |     num_self!(u8:visit_u8);
423 | |     int_to_uint!(i8:visit_i8 i16:visit_i16 i32:visit_i32 i64:visit_i64);
424 | |     uint_to_self!(u16:visit_u16 u32:visit_u32 u64:visit_u64);
425 | | }
    | |_- in this macro invocation
    |
    = note: this error originates in the macro `uint_to_self` which comes from the expansion of the macro `impl_deserialize_num` (in Nightly builds, run with -Z macro-backtrace for more info)
help: consider importing one of these items
    |
1   + use core::fmt::Result;
    |
1   + use core::result::Result;
    |

error[E0531]: cannot find tuple struct or tuple variant `Some` in this scope
   --> C:\Users\john\.cargo\registry\src\index.crates.io-1949cf8c6b5b557f\serde-1.0.219\src\de\impls.rs:361:24
    |
361 |                   if let Some(nonzero) = Self::Value::new(v as $primitive) {
    |                          ^^^^ not found in this scope
...
420 | / impl_deserialize_num! {
421 | |     u8, NonZeroU8, deserialize_u8
422 | |     num_self!(u8:visit_u8);
423 | |     int_to_uint!(i8:visit_i8 i16:visit_i16 i32:visit_i32 i64:visit_i64);
424 | |     uint_to_self!(u16:visit_u16 u32:visit_u32 u64:visit_u64);
425 | | }
    | |_- in this macro invocation
    |
note: tuple variant `crate::__private::ser::content::Content::Some` exists but is inaccessible
   --> C:\Users\john\.cargo\registry\src\index.crates.io-1949cf8c6b5b557f\serde-1.0.219\src\private\ser.rs:443:9
    |
443 |         Some(Box<Content>),
    |         ^^^^^^^^^^^^^^^^^^ not accessible
    = note: this error originates in the macro `uint_to_self` which comes from the expansion of the macro `impl_deserialize_num` (in Nightly builds, run with -Z macro-backtrace for more info)
help: consider importing one of these tuple variants
    |
1   + use crate::__private::de::Content::Some;
    |
1   + use core::option::Option::Some;
    |

error[E0425]: cannot find function, tuple struct or tuple variant `Ok` in this scope
   --> C:\Users\john\.cargo\registry\src\index.crates.io-1949cf8c6b5b557f\serde-1.0.219\src\de\impls.rs:362:28
    |
362 |                       return Ok(nonzero);
    |                              ^^ not found in this scope
...
420 | / impl_deserialize_num! {
421 | |     u8, NonZeroU8, deserialize_u8
422 | |     num_self!(u8:visit_u8);
423 | |     int_to_uint!(i8:visit_i8 i16:visit_i16 i32:visit_i32 i64:visit_i64);
424 | |     uint_to_self!(u16:visit_u16 u32:visit_u32 u64:visit_u64);
425 | | }
    | |_- in this macro invocation
    |
    = note: this error originates in the macro `uint_to_self` which comes from the expansion of the macro `impl_deserialize_num` (in Nightly builds, run with -Z macro-backtrace for more info)
help: consider importing this tuple variant
    |
1   + use core::result::Result::Ok;
    |

error[E0425]: cannot find function, tuple struct or tuple variant `Err` in this scope
   --> C:\Users\john\.cargo\registry\src\index.crates.io-1949cf8c6b5b557f\serde-1.0.219\src\de\impls.rs:365:13
    |
365 |               Err(Error::invalid_value(Unexpected::Unsigned(v as u64), &self))
    |               ^^^ not found in this scope
...
420 | / impl_deserialize_num! {
421 | |     u8, NonZeroU8, deserialize_u8
422 | |     num_self!(u8:visit_u8);
423 | |     int_to_uint!(i8:visit_i8 i16:visit_i16 i32:visit_i32 i64:visit_i64);
424 | |     uint_to_self!(u16:visit_u16 u32:visit_u32 u64:visit_u64);
425 | | }
    | |_- in this macro invocation
    |
    = note: this error originates in the macro `uint_to_self` which comes from the expansion of the macro `impl_deserialize_num` (in Nightly builds, run with -Z macro-backtrace for more info)
help: consider importing this tuple variant
    |
1   + use core::result::Result::Err;
    |

error[E0412]: cannot find type `Result` in this scope
   --> C:\Users\john\.cargo\registry\src\index.crates.io-1949cf8c6b5b557f\serde-1.0.219\src\de\impls.rs:110:51
    |
110 |               fn deserialize<D>(deserializer: D) -> Result<Self, D::Error>
    |                                                     ^^^^^^ not found in this scope
...
420 | / impl_deserialize_num! {
421 | |     u8, NonZeroU8, deserialize_u8
422 | |     num_self!(u8:visit_u8);
423 | |     int_to_uint!(i8:visit_i8 i16:visit_i16 i32:visit_i32 i64:visit_i64);
424 | |     uint_to_self!(u16:visit_u16 u32:visit_u32 u64:visit_u64);
425 | | }
    | |_- in this macro invocation
    |
    = note: this error originates in the macro `impl_deserialize_num` (in Nightly builds, run with -Z macro-backtrace for more info)
help: consider importing one of these items
    |
1   + use core::fmt::Result;
    |
1   + use core::result::Result;
    |

error[E0412]: cannot find type `Result` in this scope
   --> C:\Users\john\.cargo\registry\src\index.crates.io-1949cf8c6b5b557f\serde-1.0.219\src\de\impls.rs:181:39
    |
181 |           fn $visit<E>(self, v: $ty) -> Result<Self::Value, E>
    |                                         ^^^^^^ not found in this scope
...
420 | / impl_deserialize_num! {
421 | |     u8, NonZeroU8, deserialize_u8
422 | |     num_self!(u8:visit_u8);
423 | |     int_to_uint!(i8:visit_i8 i16:visit_i16 i32:visit_i32 i64:visit_i64);
424 | |     uint_to_self!(u16:visit_u16 u32:visit_u32 u64:visit_u64);
425 | | }
    | |_- in this macro invocation
    |
    = note: this error originates in the macro `num_self` which comes from the expansion of the macro `impl_deserialize_num` (in Nightly builds, run with -Z macro-backtrace for more info)
help: consider importing one of these items
    |
1   + use core::fmt::Result;
    |
1   + use core::result::Result;
    |

error[E0425]: cannot find function, tuple struct or tuple variant `Ok` in this scope
   --> C:\Users\john\.cargo\registry\src\index.crates.io-1949cf8c6b5b557f\serde-1.0.219\src\de\impls.rs:185:13
    |
185 |               Ok(Saturating(v))
    |               ^^ not found in this scope
...
420 | / impl_deserialize_num! {
421 | |     u8, NonZeroU8, deserialize_u8
422 | |     num_self!(u8:visit_u8);
423 | |     int_to_uint!(i8:visit_i8 i16:visit_i16 i32:visit_i32 i64:visit_i64);
424 | |     uint_to_self!(u16:visit_u16 u32:visit_u32 u64:visit_u64);
425 | | }
    | |_- in this macro invocation
    |
    = note: this error originates in the macro `num_self` which comes from the expansion of the macro `impl_deserialize_num` (in Nightly builds, run with -Z macro-backtrace for more info)
help: consider importing this tuple variant
    |
1   + use core::result::Result::Ok;
    |

error[E0412]: cannot find type `Result` in this scope
   --> C:\Users\john\.cargo\registry\src\index.crates.io-1949cf8c6b5b557f\serde-1.0.219\src\de\impls.rs:325:39
    |
325 |           fn $visit<E>(self, v: $ty) -> Result<Self::Value, E>
    |                                         ^^^^^^ not found in this scope
...
420 | / impl_deserialize_num! {
421 | |     u8, NonZeroU8, deserialize_u8
422 | |     num_self!(u8:visit_u8);
423 | |     int_to_uint!(i8:visit_i8 i16:visit_i16 i32:visit_i32 i64:visit_i64);
424 | |     uint_to_self!(u16:visit_u16 u32:visit_u32 u64:visit_u64);
425 | | }
    | |_- in this macro invocation
    |
    = note: this error originates in the macro `int_to_uint` which comes from the expansion of the macro `impl_deserialize_num` (in Nightly builds, run with -Z macro-backtrace for more info)
help: consider importing one of these items
    |
1   + use core::fmt::Result;
    |
1   + use core::result::Result;
    |

error[E0425]: cannot find function, tuple struct or tuple variant `Ok` in this scope
   --> C:\Users\john\.cargo\registry\src\index.crates.io-1949cf8c6b5b557f\serde-1.0.219\src\de\impls.rs:330:17
    |
330 |                   Ok(Saturating(0))
    |                   ^^ not found in this scope
...
420 | / impl_deserialize_num! {
421 | |     u8, NonZeroU8, deserialize_u8
422 | |     num_self!(u8:visit_u8);
423 | |     int_to_uint!(i8:visit_i8 i16:visit_i16 i32:visit_i32 i64:visit_i64);
424 | |     uint_to_self!(u16:visit_u16 u32:visit_u32 u64:visit_u64);
425 | | }
    | |_- in this macro invocation
    |
    = note: this error originates in the macro `int_to_uint` which comes from the expansion of the macro `impl_deserialize_num` (in Nightly builds, run with -Z macro-backtrace for more info)
help: consider importing this tuple variant
    |
1   + use core::result::Result::Ok;
    |

error[E0425]: cannot find function, tuple struct or tuple variant `Ok` in this scope
   --> C:\Users\john\.cargo\registry\src\index.crates.io-1949cf8c6b5b557f\serde-1.0.219\src\de\impls.rs:332:17
    |
332 |                   Ok(Saturating($primitive::MAX))
    |                   ^^ not found in this scope
...
420 | / impl_deserialize_num! {
421 | |     u8, NonZeroU8, deserialize_u8
422 | |     num_self!(u8:visit_u8);
423 | |     int_to_uint!(i8:visit_i8 i16:visit_i16 i32:visit_i32 i64:visit_i64);
424 | |     uint_to_self!(u16:visit_u16 u32:visit_u32 u64:visit_u64);
425 | | }
    | |_- in this macro invocation
    |
    = note: this error originates in the macro `int_to_uint` which comes from the expansion of the macro `impl_deserialize_num` (in Nightly builds, run with -Z macro-backtrace for more info)
help: consider importing this tuple variant
    |
1   + use core::result::Result::Ok;
    |

error[E0425]: cannot find function, tuple struct or tuple variant `Ok` in this scope
   --> C:\Users\john\.cargo\registry\src\index.crates.io-1949cf8c6b5b557f\serde-1.0.219\src\de\impls.rs:334:17
    |
334 |                   Ok(Saturating(v as $primitive))
    |                   ^^ not found in this scope
...
420 | / impl_deserialize_num! {
421 | |     u8, NonZeroU8, deserialize_u8
422 | |     num_self!(u8:visit_u8);
423 | |     int_to_uint!(i8:visit_i8 i16:visit_i16 i32:visit_i32 i64:visit_i64);
424 | |     uint_to_self!(u16:visit_u16 u32:visit_u32 u64:visit_u64);
425 | | }
    | |_- in this macro invocation
    |
    = note: this error originates in the macro `int_to_uint` which comes from the expansion of the macro `impl_deserialize_num` (in Nightly builds, run with -Z macro-backtrace for more info)
help: consider importing this tuple variant
    |
1   + use core::result::Result::Ok;
    |

error[E0412]: cannot find type `Result` in this scope
   --> C:\Users\john\.cargo\registry\src\index.crates.io-1949cf8c6b5b557f\serde-1.0.219\src\de\impls.rs:370:39
    |
370 |           fn $visit<E>(self, v: $ty) -> Result<Self::Value, E>
    |                                         ^^^^^^ not found in this scope
...
420 | / impl_deserialize_num! {
421 | |     u8, NonZeroU8, deserialize_u8
422 | |     num_self!(u8:visit_u8);
423 | |     int_to_uint!(i8:visit_i8 i16:visit_i16 i32:visit_i32 i64:visit_i64);
424 | |     uint_to_self!(u16:visit_u16 u32:visit_u32 u64:visit_u64);
425 | | }
    | |_- in this macro invocation
    |
    = note: this error originates in the macro `uint_to_self` which comes from the expansion of the macro `impl_deserialize_num` (in Nightly builds, run with -Z macro-backtrace for more info)
help: consider importing one of these items
    |
1   + use core::fmt::Result;
    |
1   + use core::result::Result;
    |

error[E0425]: cannot find function, tuple struct or tuple variant `Ok` in this scope
   --> C:\Users\john\.cargo\registry\src\index.crates.io-1949cf8c6b5b557f\serde-1.0.219\src\de\impls.rs:375:17
    |
375 |                   Ok(Saturating(v as $primitive))
    |                   ^^ not found in this scope
...
420 | / impl_deserialize_num! {
421 | |     u8, NonZeroU8, deserialize_u8
422 | |     num_self!(u8:visit_u8);
423 | |     int_to_uint!(i8:visit_i8 i16:visit_i16 i32:visit_i32 i64:visit_i64);
424 | |     uint_to_self!(u16:visit_u16 u32:visit_u32 u64:visit_u64);
425 | | }
    | |_- in this macro invocation
    |
    = note: this error originates in the macro `uint_to_self` which comes from the expansion of the macro `impl_deserialize_num` (in Nightly builds, run with -Z macro-backtrace for more info)
help: consider importing this tuple variant
    |
1   + use core::result::Result::Ok;
    |

error[E0425]: cannot find function, tuple struct or tuple variant `Ok` in this scope
   --> C:\Users\john\.cargo\registry\src\index.crates.io-1949cf8c6b5b557f\serde-1.0.219\src\de\impls.rs:377:17
    |
377 |                   Ok(Saturating($primitive::MAX))
    |                   ^^ not found in this scope
...
420 | / impl_deserialize_num! {
421 | |     u8, NonZeroU8, deserialize_u8
422 | |     num_self!(u8:visit_u8);
423 | |     int_to_uint!(i8:visit_i8 i16:visit_i16 i32:visit_i32 i64:visit_i64);
424 | |     uint_to_self!(u16:visit_u16 u32:visit_u32 u64:visit_u64);
425 | | }
    | |_- in this macro invocation
    |
    = note: this error originates in the macro `uint_to_self` which comes from the expansion of the macro `impl_deserialize_num` (in Nightly builds, run with -Z macro-backtrace for more info)
help: consider importing this tuple variant
    |
1   + use core::result::Result::Ok;
    |

error[E0412]: cannot find type `Result` in this scope
   --> C:\Users\john\.cargo\registry\src\index.crates.io-1949cf8c6b5b557f\serde-1.0.219\src\de\impls.rs:134:51
    |
134 |               fn deserialize<D>(deserializer: D) -> Result<Self, D::Error>
    |                                                     ^^^^^^ not found in this scope
...
427 | / impl_deserialize_num! {
428 | |     u16, NonZeroU16, deserialize_u16
429 | |     num_self!(u16:visit_u16);
430 | |     num_as_self!(u8:visit_u8);
431 | |     int_to_uint!(i8:visit_i8 i16:visit_i16 i32:visit_i32 i64:visit_i64);
432 | |     uint_to_self!(u32:visit_u32 u64:visit_u64);
433 | | }
    | |_- in this macro invocation
    |
    = note: this error originates in the macro `impl_deserialize_num` (in Nightly builds, run with -Z macro-backtrace for more info)
help: consider importing one of these items
    |
1   + use core::fmt::Result;
    |
1   + use core::result::Result;
    |

error[E0412]: cannot find type `Result` in this scope
   --> C:\Users\john\.cargo\registry\src\index.crates.io-1949cf8c6b5b557f\serde-1.0.219\src\de\impls.rs:159:39
    |
159 |           fn $visit<E>(self, v: $ty) -> Result<Self::Value, E>
    |                                         ^^^^^^ not found in this scope
...
427 | / impl_deserialize_num! {
428 | |     u16, NonZeroU16, deserialize_u16
429 | |     num_self!(u16:visit_u16);
430 | |     num_as_self!(u8:visit_u8);
431 | |     int_to_uint!(i8:visit_i8 i16:visit_i16 i32:visit_i32 i64:visit_i64);
432 | |     uint_to_self!(u32:visit_u32 u64:visit_u64);
433 | | }
    | |_- in this macro invocation
    |
    = note: this error originates in the macro `num_self` which comes from the expansion of the macro `impl_deserialize_num` (in Nightly builds, run with -Z macro-backtrace for more info)
help: consider importing one of these items
    |
1   + use core::fmt::Result;
    |
1   + use core::result::Result;
    |

error[E0425]: cannot find function, tuple struct or tuple variant `Ok` in this scope
   --> C:\Users\john\.cargo\registry\src\index.crates.io-1949cf8c6b5b557f\serde-1.0.219\src\de\impls.rs:163:13
    |
163 |               Ok(v)
    |               ^^ not found in this scope
...
427 | / impl_deserialize_num! {
428 | |     u16, NonZeroU16, deserialize_u16
429 | |     num_self!(u16:visit_u16);
430 | |     num_as_self!(u8:visit_u8);
431 | |     int_to_uint!(i8:visit_i8 i16:visit_i16 i32:visit_i32 i64:visit_i64);
432 | |     uint_to_self!(u32:visit_u32 u64:visit_u64);
433 | | }
    | |_- in this macro invocation
    |
    = note: this error originates in the macro `num_self` which comes from the expansion of the macro `impl_deserialize_num` (in Nightly builds, run with -Z macro-backtrace for more info)
help: consider importing this tuple variant
    |
1   + use core::result::Result::Ok;
    |

error[E0412]: cannot find type `Result` in this scope
   --> C:\Users\john\.cargo\registry\src\index.crates.io-1949cf8c6b5b557f\serde-1.0.219\src\de\impls.rs:193:39
    |
193 |           fn $visit<E>(self, v: $ty) -> Result<Self::Value, E>
    |                                         ^^^^^^ not found in this scope
...
427 | / impl_deserialize_num! {
428 | |     u16, NonZeroU16, deserialize_u16
429 | |     num_self!(u16:visit_u16);
430 | |     num_as_self!(u8:visit_u8);
431 | |     int_to_uint!(i8:visit_i8 i16:visit_i16 i32:visit_i32 i64:visit_i64);
432 | |     uint_to_self!(u32:visit_u32 u64:visit_u64);
433 | | }
    | |_- in this macro invocation
    |
    = note: this error originates in the macro `num_as_self` which comes from the expansion of the macro `impl_deserialize_num` (in Nightly builds, run with -Z macro-backtrace for more info)
help: consider importing one of these items
    |
1   + use core::fmt::Result;
    |
1   + use core::result::Result;
    |

error[E0425]: cannot find function, tuple struct or tuple variant `Ok` in this scope
   --> C:\Users\john\.cargo\registry\src\index.crates.io-1949cf8c6b5b557f\serde-1.0.219\src\de\impls.rs:197:13
    |
197 |               Ok(v as Self::Value)
    |               ^^ not found in this scope
...
427 | / impl_deserialize_num! {
428 | |     u16, NonZeroU16, deserialize_u16
429 | |     num_self!(u16:visit_u16);
430 | |     num_as_self!(u8:visit_u8);
431 | |     int_to_uint!(i8:visit_i8 i16:visit_i16 i32:visit_i32 i64:visit_i64);
432 | |     uint_to_self!(u32:visit_u32 u64:visit_u64);
433 | | }
    | |_- in this macro invocation
    |
    = note: this error originates in the macro `num_as_self` which comes from the expansion of the macro `impl_deserialize_num` (in Nightly builds, run with -Z macro-backtrace for more info)
help: consider importing this tuple variant
    |
1   + use core::result::Result::Ok;
    |

error[E0412]: cannot find type `Result` in this scope
   --> C:\Users\john\.cargo\registry\src\index.crates.io-1949cf8c6b5b557f\serde-1.0.219\src\de\impls.rs:298:39
    |
298 |           fn $visit<E>(self, v: $ty) -> Result<Self::Value, E>
    |                                         ^^^^^^ not found in this scope
...
427 | / impl_deserialize_num! {
428 | |     u16, NonZeroU16, deserialize_u16
429 | |     num_self!(u16:visit_u16);
430 | |     num_as_self!(u8:visit_u8);
431 | |     int_to_uint!(i8:visit_i8 i16:visit_i16 i32:visit_i32 i64:visit_i64);
432 | |     uint_to_self!(u32:visit_u32 u64:visit_u64);
433 | | }
    | |_- in this macro invocation
    |
    = note: this error originates in the macro `int_to_uint` which comes from the expansion of the macro `impl_deserialize_num` (in Nightly builds, run with -Z macro-backtrace for more info)
help: consider importing one of these items
    |
1   + use core::fmt::Result;
    |
1   + use core::result::Result;
    |

error[E0425]: cannot find function, tuple struct or tuple variant `Ok` in this scope
   --> C:\Users\john\.cargo\registry\src\index.crates.io-1949cf8c6b5b557f\serde-1.0.219\src\de\impls.rs:303:17
    |
303 |                   Ok(v as Self::Value)
    |                   ^^ not found in this scope
...
427 | / impl_deserialize_num! {
428 | |     u16, NonZeroU16, deserialize_u16
429 | |     num_self!(u16:visit_u16);
430 | |     num_as_self!(u8:visit_u8);
431 | |     int_to_uint!(i8:visit_i8 i16:visit_i16 i32:visit_i32 i64:visit_i64);
432 | |     uint_to_self!(u32:visit_u32 u64:visit_u64);
433 | | }
    | |_- in this macro invocation
    |
    = note: this error originates in the macro `int_to_uint` which comes from the expansion of the macro `impl_deserialize_num` (in Nightly builds, run with -Z macro-backtrace for more info)
help: consider importing this tuple variant
    |
1   + use core::result::Result::Ok;
    |

error[E0425]: cannot find function, tuple struct or tuple variant `Err` in this scope
   --> C:\Users\john\.cargo\registry\src\index.crates.io-1949cf8c6b5b557f\serde-1.0.219\src\de\impls.rs:305:17
    |
305 |                   Err(Error::invalid_value(Unexpected::Signed(v as i64), &self))
    |                   ^^^ not found in this scope
...
427 | / impl_deserialize_num! {
428 | |     u16, NonZeroU16, deserialize_u16
429 | |     num_self!(u16:visit_u16);
430 | |     num_as_self!(u8:visit_u8);
431 | |     int_to_uint!(i8:visit_i8 i16:visit_i16 i32:visit_i32 i64:visit_i64);
432 | |     uint_to_self!(u32:visit_u32 u64:visit_u64);
433 | | }
    | |_- in this macro invocation
    |
    = note: this error originates in the macro `int_to_uint` which comes from the expansion of the macro `impl_deserialize_num` (in Nightly builds, run with -Z macro-backtrace for more info)
help: consider importing this tuple variant
    |
1   + use core::result::Result::Err;
    |

error[E0412]: cannot find type `Result` in this scope
   --> C:\Users\john\.cargo\registry\src\index.crates.io-1949cf8c6b5b557f\serde-1.0.219\src\de\impls.rs:343:39
    |
343 |           fn $visit<E>(self, v: $ty) -> Result<Self::Value, E>
    |                                         ^^^^^^ not found in this scope
...
427 | / impl_deserialize_num! {
428 | |     u16, NonZeroU16, deserialize_u16
429 | |     num_self!(u16:visit_u16);
430 | |     num_as_self!(u8:visit_u8);
431 | |     int_to_uint!(i8:visit_i8 i16:visit_i16 i32:visit_i32 i64:visit_i64);
432 | |     uint_to_self!(u32:visit_u32 u64:visit_u64);
433 | | }
    | |_- in this macro invocation
    |
    = note: this error originates in the macro `uint_to_self` which comes from the expansion of the macro `impl_deserialize_num` (in Nightly builds, run with -Z macro-backtrace for more info)
help: consider importing one of these items
    |
1   + use core::fmt::Result;
    |
1   + use core::result::Result;
    |

error[E0425]: cannot find function, tuple struct or tuple variant `Ok` in this scope
   --> C:\Users\john\.cargo\registry\src\index.crates.io-1949cf8c6b5b557f\serde-1.0.219\src\de\impls.rs:348:17
    |
348 |                   Ok(v as Self::Value)
    |                   ^^ not found in this scope
...
427 | / impl_deserialize_num! {
428 | |     u16, NonZeroU16, deserialize_u16
429 | |     num_self!(u16:visit_u16);
430 | |     num_as_self!(u8:visit_u8);
431 | |     int_to_uint!(i8:visit_i8 i16:visit_i16 i32:visit_i32 i64:visit_i64);
432 | |     uint_to_self!(u32:visit_u32 u64:visit_u64);
433 | | }
    | |_- in this macro invocation
    |
    = note: this error originates in the macro `uint_to_self` which comes from the expansion of the macro `impl_deserialize_num` (in Nightly builds, run with -Z macro-backtrace for more info)
help: consider importing this tuple variant
    |
1   + use core::result::Result::Ok;
    |

error[E0425]: cannot find function, tuple struct or tuple variant `Err` in this scope
   --> C:\Users\john\.cargo\registry\src\index.crates.io-1949cf8c6b5b557f\serde-1.0.219\src\de\impls.rs:350:17
    |
350 |                   Err(Error::invalid_value(Unexpected::Unsigned(v as u64), &self))
    |                   ^^^ not found in this scope
...
427 | / impl_deserialize_num! {
428 | |     u16, NonZeroU16, deserialize_u16
429 | |     num_self!(u16:visit_u16);
430 | |     num_as_self!(u8:visit_u8);
431 | |     int_to_uint!(i8:visit_i8 i16:visit_i16 i32:visit_i32 i64:visit_i64);
432 | |     uint_to_self!(u32:visit_u32 u64:visit_u64);
433 | | }
    | |_- in this macro invocation
    |
    = note: this error originates in the macro `uint_to_self` which comes from the expansion of the macro `impl_deserialize_num` (in Nightly builds, run with -Z macro-backtrace for more info)
help: consider importing this tuple variant
    |
1   + use core::result::Result::Err;
    |

error[E0412]: cannot find type `Result` in this scope
   --> C:\Users\john\.cargo\registry\src\index.crates.io-1949cf8c6b5b557f\serde-1.0.219\src\de\impls.rs:88:51
    |
88  |               fn deserialize<D>(deserializer: D) -> Result<Self, D::Error>
    |                                                     ^^^^^^ not found in this scope
...
427 | / impl_deserialize_num! {
428 | |     u16, NonZeroU16, deserialize_u16
429 | |     num_self!(u16:visit_u16);
430 | |     num_as_self!(u8:visit_u8);
431 | |     int_to_uint!(i8:visit_i8 i16:visit_i16 i32:visit_i32 i64:visit_i64);
432 | |     uint_to_self!(u32:visit_u32 u64:visit_u64);
433 | | }
    | |_- in this macro invocation
    |
    = note: this error originates in the macro `impl_deserialize_num` (in Nightly builds, run with -Z macro-backtrace for more info)
help: consider importing one of these items
    |
1   + use core::fmt::Result;
    |
1   + use core::result::Result;
    |

error[E0412]: cannot find type `Result` in this scope
   --> C:\Users\john\.cargo\registry\src\index.crates.io-1949cf8c6b5b557f\serde-1.0.219\src\de\impls.rs:168:39
    |
168 |           fn $visit<E>(self, v: $ty) -> Result<Self::Value, E>
    |                                         ^^^^^^ not found in this scope
...
427 | / impl_deserialize_num! {
428 | |     u16, NonZeroU16, deserialize_u16
429 | |     num_self!(u16:visit_u16);
430 | |     num_as_self!(u8:visit_u8);
431 | |     int_to_uint!(i8:visit_i8 i16:visit_i16 i32:visit_i32 i64:visit_i64);
432 | |     uint_to_self!(u32:visit_u32 u64:visit_u64);
433 | | }
    | |_- in this macro invocation
    |
    = note: this error originates in the macro `num_self` which comes from the expansion of the macro `impl_deserialize_num` (in Nightly builds, run with -Z macro-backtrace for more info)
help: consider importing one of these items
    |
1   + use core::fmt::Result;
    |
1   + use core::result::Result;
    |

error[E0531]: cannot find tuple struct or tuple variant `Some` in this scope
   --> C:\Users\john\.cargo\registry\src\index.crates.io-1949cf8c6b5b557f\serde-1.0.219\src\de\impls.rs:172:20
    |
172 |               if let Some(nonzero) = Self::Value::new(v) {
    |                      ^^^^ not found in this scope
...
427 | / impl_deserialize_num! {
428 | |     u16, NonZeroU16, deserialize_u16
429 | |     num_self!(u16:visit_u16);
430 | |     num_as_self!(u8:visit_u8);
431 | |     int_to_uint!(i8:visit_i8 i16:visit_i16 i32:visit_i32 i64:visit_i64);
432 | |     uint_to_self!(u32:visit_u32 u64:visit_u64);
433 | | }
    | |_- in this macro invocation
    |
note: tuple variant `crate::__private::ser::content::Content::Some` exists but is inaccessible
   --> C:\Users\john\.cargo\registry\src\index.crates.io-1949cf8c6b5b557f\serde-1.0.219\src\private\ser.rs:443:9
    |
443 |         Some(Box<Content>),
    |         ^^^^^^^^^^^^^^^^^^ not accessible
    = note: this error originates in the macro `num_self` which comes from the expansion of the macro `impl_deserialize_num` (in Nightly builds, run with -Z macro-backtrace for more info)
help: consider importing one of these tuple variants
    |
1   + use crate::__private::de::Content::Some;
    |
1   + use core::option::Option::Some;
    |

error[E0425]: cannot find function, tuple struct or tuple variant `Ok` in this scope
   --> C:\Users\john\.cargo\registry\src\index.crates.io-1949cf8c6b5b557f\serde-1.0.219\src\de\impls.rs:173:17
    |
173 |                   Ok(nonzero)
    |                   ^^ not found in this scope
...
427 | / impl_deserialize_num! {
428 | |     u16, NonZeroU16, deserialize_u16
429 | |     num_self!(u16:visit_u16);
430 | |     num_as_self!(u8:visit_u8);
431 | |     int_to_uint!(i8:visit_i8 i16:visit_i16 i32:visit_i32 i64:visit_i64);
432 | |     uint_to_self!(u32:visit_u32 u64:visit_u64);
433 | | }
    | |_- in this macro invocation
    |
    = note: this error originates in the macro `num_self` which comes from the expansion of the macro `impl_deserialize_num` (in Nightly builds, run with -Z macro-backtrace for more info)
help: consider importing this tuple variant
    |
1   + use core::result::Result::Ok;
    |

error[E0425]: cannot find function, tuple struct or tuple variant `Err` in this scope
   --> C:\Users\john\.cargo\registry\src\index.crates.io-1949cf8c6b5b557f\serde-1.0.219\src\de\impls.rs:175:17
    |
175 |                   Err(Error::invalid_value(Unexpected::Unsigned(0), &self))
    |                   ^^^ not found in this scope
...
427 | / impl_deserialize_num! {
428 | |     u16, NonZeroU16, deserialize_u16
429 | |     num_self!(u16:visit_u16);
430 | |     num_as_self!(u8:visit_u8);
431 | |     int_to_uint!(i8:visit_i8 i16:visit_i16 i32:visit_i32 i64:visit_i64);
432 | |     uint_to_self!(u32:visit_u32 u64:visit_u64);
433 | | }
    | |_- in this macro invocation
    |
    = note: this error originates in the macro `num_self` which comes from the expansion of the macro `impl_deserialize_num` (in Nightly builds, run with -Z macro-backtrace for more info)
help: consider importing this tuple variant
    |
1   + use core::result::Result::Err;
    |

error[E0412]: cannot find type `Result` in this scope
   --> C:\Users\john\.cargo\registry\src\index.crates.io-1949cf8c6b5b557f\serde-1.0.219\src\de\impls.rs:202:39
    |
202 |           fn $visit<E>(self, v: $ty) -> Result<Self::Value, E>
    |                                         ^^^^^^ not found in this scope
...
427 | / impl_deserialize_num! {
428 | |     u16, NonZeroU16, deserialize_u16
429 | |     num_self!(u16:visit_u16);
430 | |     num_as_self!(u8:visit_u8);
431 | |     int_to_uint!(i8:visit_i8 i16:visit_i16 i32:visit_i32 i64:visit_i64);
432 | |     uint_to_self!(u32:visit_u32 u64:visit_u64);
433 | | }
    | |_- in this macro invocation
    |
    = note: this error originates in the macro `num_as_self` which comes from the expansion of the macro `impl_deserialize_num` (in Nightly builds, run with -Z macro-backtrace for more info)
help: consider importing one of these items
    |
1   + use core::fmt::Result;
    |
1   + use core::result::Result;
    |

error[E0531]: cannot find tuple struct or tuple variant `Some` in this scope
   --> C:\Users\john\.cargo\registry\src\index.crates.io-1949cf8c6b5b557f\serde-1.0.219\src\de\impls.rs:206:20
    |
206 |               if let Some(nonzero) = Self::Value::new(v as $primitive) {
    |                      ^^^^ not found in this scope
...
427 | / impl_deserialize_num! {
428 | |     u16, NonZeroU16, deserialize_u16
429 | |     num_self!(u16:visit_u16);
430 | |     num_as_self!(u8:visit_u8);
431 | |     int_to_uint!(i8:visit_i8 i16:visit_i16 i32:visit_i32 i64:visit_i64);
432 | |     uint_to_self!(u32:visit_u32 u64:visit_u64);
433 | | }
    | |_- in this macro invocation
    |
note: tuple variant `crate::__private::ser::content::Content::Some` exists but is inaccessible
   --> C:\Users\john\.cargo\registry\src\index.crates.io-1949cf8c6b5b557f\serde-1.0.219\src\private\ser.rs:443:9
    |
443 |         Some(Box<Content>),
    |         ^^^^^^^^^^^^^^^^^^ not accessible
    = note: this error originates in the macro `num_as_self` which comes from the expansion of the macro `impl_deserialize_num` (in Nightly builds, run with -Z macro-backtrace for more info)
help: consider importing one of these tuple variants
    |
1   + use crate::__private::de::Content::Some;
    |
1   + use core::option::Option::Some;
    |

error[E0425]: cannot find function, tuple struct or tuple variant `Ok` in this scope
   --> C:\Users\john\.cargo\registry\src\index.crates.io-1949cf8c6b5b557f\serde-1.0.219\src\de\impls.rs:207:17
    |
207 |                   Ok(nonzero)
    |                   ^^ not found in this scope
...
427 | / impl_deserialize_num! {
428 | |     u16, NonZeroU16, deserialize_u16
429 | |     num_self!(u16:visit_u16);
430 | |     num_as_self!(u8:visit_u8);
431 | |     int_to_uint!(i8:visit_i8 i16:visit_i16 i32:visit_i32 i64:visit_i64);
432 | |     uint_to_self!(u32:visit_u32 u64:visit_u64);
433 | | }
    | |_- in this macro invocation
    |
    = note: this error originates in the macro `num_as_self` which comes from the expansion of the macro `impl_deserialize_num` (in Nightly builds, run with -Z macro-backtrace for more info)
help: consider importing this tuple variant
    |
1   + use core::result::Result::Ok;
    |

error[E0425]: cannot find function, tuple struct or tuple variant `Err` in this scope
   --> C:\Users\john\.cargo\registry\src\index.crates.io-1949cf8c6b5b557f\serde-1.0.219\src\de\impls.rs:209:17
    |
209 |                   Err(Error::invalid_value(Unexpected::Unsigned(0), &self))
    |                   ^^^ not found in this scope
...
427 | / impl_deserialize_num! {
428 | |     u16, NonZeroU16, deserialize_u16
429 | |     num_self!(u16:visit_u16);
430 | |     num_as_self!(u8:visit_u8);
431 | |     int_to_uint!(i8:visit_i8 i16:visit_i16 i32:visit_i32 i64:visit_i64);
432 | |     uint_to_self!(u32:visit_u32 u64:visit_u64);
433 | | }
    | |_- in this macro invocation
    |
    = note: this error originates in the macro `num_as_self` which comes from the expansion of the macro `impl_deserialize_num` (in Nightly builds, run with -Z macro-backtrace for more info)
help: consider importing this tuple variant
    |
1   + use core::result::Result::Err;
    |

error[E0412]: cannot find type `Result` in this scope
   --> C:\Users\john\.cargo\registry\src\index.crates.io-1949cf8c6b5b557f\serde-1.0.219\src\de\impls.rs:311:39
    |
311 |           fn $visit<E>(self, v: $ty) -> Result<Self::Value, E>
    |                                         ^^^^^^ not found in this scope
...
427 | / impl_deserialize_num! {
428 | |     u16, NonZeroU16, deserialize_u16
429 | |     num_self!(u16:visit_u16);
430 | |     num_as_self!(u8:visit_u8);
431 | |     int_to_uint!(i8:visit_i8 i16:visit_i16 i32:visit_i32 i64:visit_i64);
432 | |     uint_to_self!(u32:visit_u32 u64:visit_u64);
433 | | }
    | |_- in this macro invocation
    |
    = note: this error originates in the macro `int_to_uint` which comes from the expansion of the macro `impl_deserialize_num` (in Nightly builds, run with -Z macro-backtrace for more info)
help: consider importing one of these items
    |
1   + use core::fmt::Result;
    |
1   + use core::result::Result;
    |

error[E0531]: cannot find tuple struct or tuple variant `Some` in this scope
   --> C:\Users\john\.cargo\registry\src\index.crates.io-1949cf8c6b5b557f\serde-1.0.219\src\de\impls.rs:316:24
    |
316 |                   if let Some(nonzero) = Self::Value::new(v as $primitive) {
    |                          ^^^^ not found in this scope
...
427 | / impl_deserialize_num! {
428 | |     u16, NonZeroU16, deserialize_u16
429 | |     num_self!(u16:visit_u16);
430 | |     num_as_self!(u8:visit_u8);
431 | |     int_to_uint!(i8:visit_i8 i16:visit_i16 i32:visit_i32 i64:visit_i64);
432 | |     uint_to_self!(u32:visit_u32 u64:visit_u64);
433 | | }
    | |_- in this macro invocation
    |
note: tuple variant `crate::__private::ser::content::Content::Some` exists but is inaccessible
   --> C:\Users\john\.cargo\registry\src\index.crates.io-1949cf8c6b5b557f\serde-1.0.219\src\private\ser.rs:443:9
    |
443 |         Some(Box<Content>),
    |         ^^^^^^^^^^^^^^^^^^ not accessible
    = note: this error originates in the macro `int_to_uint` which comes from the expansion of the macro `impl_deserialize_num` (in Nightly builds, run with -Z macro-backtrace for more info)
help: consider importing one of these tuple variants
    |
1   + use crate::__private::de::Content::Some;
    |
1   + use core::option::Option::Some;
    |

error[E0425]: cannot find function, tuple struct or tuple variant `Ok` in this scope
   --> C:\Users\john\.cargo\registry\src\index.crates.io-1949cf8c6b5b557f\serde-1.0.219\src\de\impls.rs:317:28
    |
317 |                       return Ok(nonzero);
    |                              ^^ not found in this scope
...
427 | / impl_deserialize_num! {
428 | |     u16, NonZeroU16, deserialize_u16
429 | |     num_self!(u16:visit_u16);
430 | |     num_as_self!(u8:visit_u8);
431 | |     int_to_uint!(i8:visit_i8 i16:visit_i16 i32:visit_i32 i64:visit_i64);
432 | |     uint_to_self!(u32:visit_u32 u64:visit_u64);
433 | | }
    | |_- in this macro invocation
    |
    = note: this error originates in the macro `int_to_uint` which comes from the expansion of the macro `impl_deserialize_num` (in Nightly builds, run with -Z macro-backtrace for more info)
help: consider importing this tuple variant
    |
1   + use core::result::Result::Ok;
    |

error[E0425]: cannot find function, tuple struct or tuple variant `Err` in this scope
   --> C:\Users\john\.cargo\registry\src\index.crates.io-1949cf8c6b5b557f\serde-1.0.219\src\de\impls.rs:320:13
    |
320 |               Err(Error::invalid_value(Unexpected::Signed(v as i64), &self))
    |               ^^^ not found in this scope
...
427 | / impl_deserialize_num! {
428 | |     u16, NonZeroU16, deserialize_u16
429 | |     num_self!(u16:visit_u16);
430 | |     num_as_self!(u8:visit_u8);
431 | |     int_to_uint!(i8:visit_i8 i16:visit_i16 i32:visit_i32 i64:visit_i64);
432 | |     uint_to_self!(u32:visit_u32 u64:visit_u64);
433 | | }
    | |_- in this macro invocation
    |
    = note: this error originates in the macro `int_to_uint` which comes from the expansion of the macro `impl_deserialize_num` (in Nightly builds, run with -Z macro-backtrace for more info)
help: consider importing this tuple variant
    |
1   + use core::result::Result::Err;
    |

error[E0412]: cannot find type `Result` in this scope
   --> C:\Users\john\.cargo\registry\src\index.crates.io-1949cf8c6b5b557f\serde-1.0.219\src\de\impls.rs:356:39
    |
356 |           fn $visit<E>(self, v: $ty) -> Result<Self::Value, E>
    |                                         ^^^^^^ not found in this scope
...
427 | / impl_deserialize_num! {
428 | |     u16, NonZeroU16, deserialize_u16
429 | |     num_self!(u16:visit_u16);
430 | |     num_as_self!(u8:visit_u8);
431 | |     int_to_uint!(i8:visit_i8 i16:visit_i16 i32:visit_i32 i64:visit_i64);
432 | |     uint_to_self!(u32:visit_u32 u64:visit_u64);
433 | | }
    | |_- in this macro invocation
    |
    = note: this error originates in the macro `uint_to_self` which comes from the expansion of the macro `impl_deserialize_num` (in Nightly builds, run with -Z macro-backtrace for more info)
help: consider importing one of these items
    |
1   + use core::fmt::Result;
    |
1   + use core::result::Result;
    |

error[E0531]: cannot find tuple struct or tuple variant `Some` in this scope
   --> C:\Users\john\.cargo\registry\src\index.crates.io-1949cf8c6b5b557f\serde-1.0.219\src\de\impls.rs:361:24
    |
361 |                   if let Some(nonzero) = Self::Value::new(v as $primitive) {
    |                          ^^^^ not found in this scope
...
427 | / impl_deserialize_num! {
428 | |     u16, NonZeroU16, deserialize_u16
429 | |     num_self!(u16:visit_u16);
430 | |     num_as_self!(u8:visit_u8);
431 | |     int_to_uint!(i8:visit_i8 i16:visit_i16 i32:visit_i32 i64:visit_i64);
432 | |     uint_to_self!(u32:visit_u32 u64:visit_u64);
433 | | }
    | |_- in this macro invocation
    |
note: tuple variant `crate::__private::ser::content::Content::Some` exists but is inaccessible
   --> C:\Users\john\.cargo\registry\src\index.crates.io-1949cf8c6b5b557f\serde-1.0.219\src\private\ser.rs:443:9
    |
443 |         Some(Box<Content>),
    |         ^^^^^^^^^^^^^^^^^^ not accessible
    = note: this error originates in the macro `uint_to_self` which comes from the expansion of the macro `impl_deserialize_num` (in Nightly builds, run with -Z macro-backtrace for more info)
help: consider importing one of these tuple variants
    |
1   + use crate::__private::de::Content::Some;
    |
1   + use core::option::Option::Some;
    |

error[E0425]: cannot find function, tuple struct or tuple variant `Ok` in this scope
   --> C:\Users\john\.cargo\registry\src\index.crates.io-1949cf8c6b5b557f\serde-1.0.219\src\de\impls.rs:362:28
    |
362 |                       return Ok(nonzero);
    |                              ^^ not found in this scope
...
427 | / impl_deserialize_num! {
428 | |     u16, NonZeroU16, deserialize_u16
429 | |     num_self!(u16:visit_u16);
430 | |     num_as_self!(u8:visit_u8);
431 | |     int_to_uint!(i8:visit_i8 i16:visit_i16 i32:visit_i32 i64:visit_i64);
432 | |     uint_to_self!(u32:visit_u32 u64:visit_u64);
433 | | }
    | |_- in this macro invocation
    |
    = note: this error originates in the macro `uint_to_self` which comes from the expansion of the macro `impl_deserialize_num` (in Nightly builds, run with -Z macro-backtrace for more info)
help: consider importing this tuple variant
    |
1   + use core::result::Result::Ok;
    |

error[E0425]: cannot find function, tuple struct or tuple variant `Err` in this scope
   --> C:\Users\john\.cargo\registry\src\index.crates.io-1949cf8c6b5b557f\serde-1.0.219\src\de\impls.rs:365:13
    |
365 |               Err(Error::invalid_value(Unexpected::Unsigned(v as u64), &self))
    |               ^^^ not found in this scope
...
427 | / impl_deserialize_num! {
428 | |     u16, NonZeroU16, deserialize_u16
429 | |     num_self!(u16:visit_u16);
430 | |     num_as_self!(u8:visit_u8);
431 | |     int_to_uint!(i8:visit_i8 i16:visit_i16 i32:visit_i32 i64:visit_i64);
432 | |     uint_to_self!(u32:visit_u32 u64:visit_u64);
433 | | }
    | |_- in this macro invocation
    |
    = note: this error originates in the macro `uint_to_self` which comes from the expansion of the macro `impl_deserialize_num` (in Nightly builds, run with -Z macro-backtrace for more info)
help: consider importing this tuple variant
    |
1   + use core::result::Result::Err;
    |

error[E0412]: cannot find type `Result` in this scope
   --> C:\Users\john\.cargo\registry\src\index.crates.io-1949cf8c6b5b557f\serde-1.0.219\src\de\impls.rs:110:51
    |
110 |               fn deserialize<D>(deserializer: D) -> Result<Self, D::Error>
    |                                                     ^^^^^^ not found in this scope
...
427 | / impl_deserialize_num! {
428 | |     u16, NonZeroU16, deserialize_u16
429 | |     num_self!(u16:visit_u16);
430 | |     num_as_self!(u8:visit_u8);
431 | |     int_to_uint!(i8:visit_i8 i16:visit_i16 i32:visit_i32 i64:visit_i64);
432 | |     uint_to_self!(u32:visit_u32 u64:visit_u64);
433 | | }
    | |_- in this macro invocation
    |
    = note: this error originates in the macro `impl_deserialize_num` (in Nightly builds, run with -Z macro-backtrace for more info)
help: consider importing one of these items
    |
1   + use core::fmt::Result;
    |
1   + use core::result::Result;
    |

error[E0412]: cannot find type `Result` in this scope
   --> C:\Users\john\.cargo\registry\src\index.crates.io-1949cf8c6b5b557f\serde-1.0.219\src\de\impls.rs:181:39
    |
181 |           fn $visit<E>(self, v: $ty) -> Result<Self::Value, E>
    |                                         ^^^^^^ not found in this scope
...
427 | / impl_deserialize_num! {
428 | |     u16, NonZeroU16, deserialize_u16
429 | |     num_self!(u16:visit_u16);
430 | |     num_as_self!(u8:visit_u8);
431 | |     int_to_uint!(i8:visit_i8 i16:visit_i16 i32:visit_i32 i64:visit_i64);
432 | |     uint_to_self!(u32:visit_u32 u64:visit_u64);
433 | | }
    | |_- in this macro invocation
    |
    = note: this error originates in the macro `num_self` which comes from the expansion of the macro `impl_deserialize_num` (in Nightly builds, run with -Z macro-backtrace for more info)
help: consider importing one of these items
    |
1   + use core::fmt::Result;
    |
1   + use core::result::Result;
    |

error[E0425]: cannot find function, tuple struct or tuple variant `Ok` in this scope
   --> C:\Users\john\.cargo\registry\src\index.crates.io-1949cf8c6b5b557f\serde-1.0.219\src\de\impls.rs:185:13
    |
185 |               Ok(Saturating(v))
    |               ^^ not found in this scope
...
427 | / impl_deserialize_num! {
428 | |     u16, NonZeroU16, deserialize_u16
429 | |     num_self!(u16:visit_u16);
430 | |     num_as_self!(u8:visit_u8);
431 | |     int_to_uint!(i8:visit_i8 i16:visit_i16 i32:visit_i32 i64:visit_i64);
432 | |     uint_to_self!(u32:visit_u32 u64:visit_u64);
433 | | }
    | |_- in this macro invocation
    |
    = note: this error originates in the macro `num_self` which comes from the expansion of the macro `impl_deserialize_num` (in Nightly builds, run with -Z macro-backtrace for more info)
help: consider importing this tuple variant
    |
1   + use core::result::Result::Ok;
    |

error[E0412]: cannot find type `Result` in this scope
   --> C:\Users\john\.cargo\registry\src\index.crates.io-1949cf8c6b5b557f\serde-1.0.219\src\de\impls.rs:215:39
    |
215 |           fn $visit<E>(self, v: $ty) -> Result<Self::Value, E>
    |                                         ^^^^^^ not found in this scope
...
427 | / impl_deserialize_num! {
428 | |     u16, NonZeroU16, deserialize_u16
429 | |     num_self!(u16:visit_u16);
430 | |     num_as_self!(u8:visit_u8);
431 | |     int_to_uint!(i8:visit_i8 i16:visit_i16 i32:visit_i32 i64:visit_i64);
432 | |     uint_to_self!(u32:visit_u32 u64:visit_u64);
433 | | }
    | |_- in this macro invocation
    |
    = note: this error originates in the macro `num_as_self` which comes from the expansion of the macro `impl_deserialize_num` (in Nightly builds, run with -Z macro-backtrace for more info)
help: consider importing one of these items
    |
1   + use core::fmt::Result;
    |
1   + use core::result::Result;
    |

error[E0425]: cannot find function, tuple struct or tuple variant `Ok` in this scope
   --> C:\Users\john\.cargo\registry\src\index.crates.io-1949cf8c6b5b557f\serde-1.0.219\src\de\impls.rs:219:13
    |
219 |               Ok(Saturating(v as $primitive))
    |               ^^ not found in this scope
...
427 | / impl_deserialize_num! {
428 | |     u16, NonZeroU16, deserialize_u16
429 | |     num_self!(u16:visit_u16);
430 | |     num_as_self!(u8:visit_u8);
431 | |     int_to_uint!(i8:visit_i8 i16:visit_i16 i32:visit_i32 i64:visit_i64);
432 | |     uint_to_self!(u32:visit_u32 u64:visit_u64);
433 | | }
    | |_- in this macro invocation
    |
    = note: this error originates in the macro `num_as_self` which comes from the expansion of the macro `impl_deserialize_num` (in Nightly builds, run with -Z macro-backtrace for more info)
help: consider importing this tuple variant
    |
1   + use core::result::Result::Ok;
    |

error[E0412]: cannot find type `Result` in this scope
   --> C:\Users\john\.cargo\registry\src\index.crates.io-1949cf8c6b5b557f\serde-1.0.219\src\de\impls.rs:325:39
    |
325 |           fn $visit<E>(self, v: $ty) -> Result<Self::Value, E>
    |                                         ^^^^^^ not found in this scope
...
427 | / impl_deserialize_num! {
428 | |     u16, NonZeroU16, deserialize_u16
429 | |     num_self!(u16:visit_u16);
430 | |     num_as_self!(u8:visit_u8);
431 | |     int_to_uint!(i8:visit_i8 i16:visit_i16 i32:visit_i32 i64:visit_i64);
432 | |     uint_to_self!(u32:visit_u32 u64:visit_u64);
433 | | }
    | |_- in this macro invocation
    |
    = note: this error originates in the macro `int_to_uint` which comes from the expansion of the macro `impl_deserialize_num` (in Nightly builds, run with -Z macro-backtrace for more info)
help: consider importing one of these items
    |
1   + use core::fmt::Result;
    |
1   + use core::result::Result;
    |

error[E0425]: cannot find function, tuple struct or tuple variant `Ok` in this scope
   --> C:\Users\john\.cargo\registry\src\index.crates.io-1949cf8c6b5b557f\serde-1.0.219\src\de\impls.rs:330:17
    |
330 |                   Ok(Saturating(0))
    |                   ^^ not found in this scope
...
427 | / impl_deserialize_num! {
428 | |     u16, NonZeroU16, deserialize_u16
429 | |     num_self!(u16:visit_u16);
430 | |     num_as_self!(u8:visit_u8);
431 | |     int_to_uint!(i8:visit_i8 i16:visit_i16 i32:visit_i32 i64:visit_i64);
432 | |     uint_to_self!(u32:visit_u32 u64:visit_u64);
433 | | }
    | |_- in this macro invocation
    |
    = note: this error originates in the macro `int_to_uint` which comes from the expansion of the macro `impl_deserialize_num` (in Nightly builds, run with -Z macro-backtrace for more info)
help: consider importing this tuple variant
    |
1   + use core::result::Result::Ok;
    |

error[E0425]: cannot find function, tuple struct or tuple variant `Ok` in this scope
   --> C:\Users\john\.cargo\registry\src\index.crates.io-1949cf8c6b5b557f\serde-1.0.219\src\de\impls.rs:332:17
    |
332 |                   Ok(Saturating($primitive::MAX))
    |                   ^^ not found in this scope
...
427 | / impl_deserialize_num! {
428 | |     u16, NonZeroU16, deserialize_u16
429 | |     num_self!(u16:visit_u16);
430 | |     num_as_self!(u8:visit_u8);
431 | |     int_to_uint!(i8:visit_i8 i16:visit_i16 i32:visit_i32 i64:visit_i64);
432 | |     uint_to_self!(u32:visit_u32 u64:visit_u64);
433 | | }
    | |_- in this macro invocation
    |
    = note: this error originates in the macro `int_to_uint` which comes from the expansion of the macro `impl_deserialize_num` (in Nightly builds, run with -Z macro-backtrace for more info)
help: consider importing this tuple variant
    |
1   + use core::result::Result::Ok;
    |

error[E0425]: cannot find function, tuple struct or tuple variant `Ok` in this scope
   --> C:\Users\john\.cargo\registry\src\index.crates.io-1949cf8c6b5b557f\serde-1.0.219\src\de\impls.rs:334:17
    |
334 |                   Ok(Saturating(v as $primitive))
    |                   ^^ not found in this scope
...
427 | / impl_deserialize_num! {
428 | |     u16, NonZeroU16, deserialize_u16
429 | |     num_self!(u16:visit_u16);
430 | |     num_as_self!(u8:visit_u8);
431 | |     int_to_uint!(i8:visit_i8 i16:visit_i16 i32:visit_i32 i64:visit_i64);
432 | |     uint_to_self!(u32:visit_u32 u64:visit_u64);
433 | | }
    | |_- in this macro invocation
    |
    = note: this error originates in the macro `int_to_uint` which comes from the expansion of the macro `impl_deserialize_num` (in Nightly builds, run with -Z macro-backtrace for more info)
help: consider importing this tuple variant
    |
1   + use core::result::Result::Ok;
    |

error[E0412]: cannot find type `Result` in this scope
   --> C:\Users\john\.cargo\registry\src\index.crates.io-1949cf8c6b5b557f\serde-1.0.219\src\de\impls.rs:370:39
    |
370 |           fn $visit<E>(self, v: $ty) -> Result<Self::Value, E>
    |                                         ^^^^^^ not found in this scope
...
427 | / impl_deserialize_num! {
428 | |     u16, NonZeroU16, deserialize_u16
429 | |     num_self!(u16:visit_u16);
430 | |     num_as_self!(u8:visit_u8);
431 | |     int_to_uint!(i8:visit_i8 i16:visit_i16 i32:visit_i32 i64:visit_i64);
432 | |     uint_to_self!(u32:visit_u32 u64:visit_u64);
433 | | }
    | |_- in this macro invocation
    |
    = note: this error originates in the macro `uint_to_self` which comes from the expansion of the macro `impl_deserialize_num` (in Nightly builds, run with -Z macro-backtrace for more info)
help: consider importing one of these items
    |
1   + use core::fmt::Result;
    |
1   + use core::result::Result;
    |

error[E0425]: cannot find function, tuple struct or tuple variant `Ok` in this scope
   --> C:\Users\john\.cargo\registry\src\index.crates.io-1949cf8c6b5b557f\serde-1.0.219\src\de\impls.rs:375:17
    |
375 |                   Ok(Saturating(v as $primitive))
    |                   ^^ not found in this scope
...
427 | / impl_deserialize_num! {
428 | |     u16, NonZeroU16, deserialize_u16
429 | |     num_self!(u16:visit_u16);
430 | |     num_as_self!(u8:visit_u8);
431 | |     int_to_uint!(i8:visit_i8 i16:visit_i16 i32:visit_i32 i64:visit_i64);
432 | |     uint_to_self!(u32:visit_u32 u64:visit_u64);
433 | | }
    | |_- in this macro invocation
    |
    = note: this error originates in the macro `uint_to_self` which comes from the expansion of the macro `impl_deserialize_num` (in Nightly builds, run with -Z macro-backtrace for more info)
help: consider importing this tuple variant
    |
1   + use core::result::Result::Ok;
    |

error[E0425]: cannot find function, tuple struct or tuple variant `Ok` in this scope
   --> C:\Users\john\.cargo\registry\src\index.crates.io-1949cf8c6b5b557f\serde-1.0.219\src\de\impls.rs:377:17
    |
377 |                   Ok(Saturating($primitive::MAX))
    |                   ^^ not found in this scope
...
427 | / impl_deserialize_num! {
428 | |     u16, NonZeroU16, deserialize_u16
429 | |     num_self!(u16:visit_u16);
430 | |     num_as_self!(u8:visit_u8);
431 | |     int_to_uint!(i8:visit_i8 i16:visit_i16 i32:visit_i32 i64:visit_i64);
432 | |     uint_to_self!(u32:visit_u32 u64:visit_u64);
433 | | }
    | |_- in this macro invocation
    |
    = note: this error originates in the macro `uint_to_self` which comes from the expansion of the macro `impl_deserialize_num` (in Nightly builds, run with -Z macro-backtrace for more info)
help: consider importing this tuple variant
    |
1   + use core::result::Result::Ok;
    |

error[E0412]: cannot find type `Result` in this scope
   --> C:\Users\john\.cargo\registry\src\index.crates.io-1949cf8c6b5b557f\serde-1.0.219\src\de\impls.rs:134:51
    |
134 |               fn deserialize<D>(deserializer: D) -> Result<Self, D::Error>
    |                                                     ^^^^^^ not found in this scope
...
435 | / impl_deserialize_num! {
436 | |     u32, NonZeroU32, deserialize_u32
437 | |     num_self!(u32:visit_u32);
438 | |     num_as_self!(u8:visit_u8 u16:visit_u16);
439 | |     int_to_uint!(i8:visit_i8 i16:visit_i16 i32:visit_i32 i64:visit_i64);
440 | |     uint_to_self!(u64:visit_u64);
441 | | }
    | |_- in this macro invocation
    |
    = note: this error originates in the macro `impl_deserialize_num` (in Nightly builds, run with -Z macro-backtrace for more info)
help: consider importing one of these items
    |
1   + use core::fmt::Result;
    |
1   + use core::result::Result;
    |

error[E0412]: cannot find type `Result` in this scope
   --> C:\Users\john\.cargo\registry\src\index.crates.io-1949cf8c6b5b557f\serde-1.0.219\src\de\impls.rs:159:39
    |
159 |           fn $visit<E>(self, v: $ty) -> Result<Self::Value, E>
    |                                         ^^^^^^ not found in this scope
...
435 | / impl_deserialize_num! {
436 | |     u32, NonZeroU32, deserialize_u32
437 | |     num_self!(u32:visit_u32);
438 | |     num_as_self!(u8:visit_u8 u16:visit_u16);
439 | |     int_to_uint!(i8:visit_i8 i16:visit_i16 i32:visit_i32 i64:visit_i64);
440 | |     uint_to_self!(u64:visit_u64);
441 | | }
    | |_- in this macro invocation
    |
    = note: this error originates in the macro `num_self` which comes from the expansion of the macro `impl_deserialize_num` (in Nightly builds, run with -Z macro-backtrace for more info)
help: consider importing one of these items
    |
1   + use core::fmt::Result;
    |
1   + use core::result::Result;
    |

error[E0425]: cannot find function, tuple struct or tuple variant `Ok` in this scope
   --> C:\Users\john\.cargo\registry\src\index.crates.io-1949cf8c6b5b557f\serde-1.0.219\src\de\impls.rs:163:13
    |
163 |               Ok(v)
    |               ^^ not found in this scope
...
435 | / impl_deserialize_num! {
436 | |     u32, NonZeroU32, deserialize_u32
437 | |     num_self!(u32:visit_u32);
438 | |     num_as_self!(u8:visit_u8 u16:visit_u16);
439 | |     int_to_uint!(i8:visit_i8 i16:visit_i16 i32:visit_i32 i64:visit_i64);
440 | |     uint_to_self!(u64:visit_u64);
441 | | }
    | |_- in this macro invocation
    |
    = note: this error originates in the macro `num_self` which comes from the expansion of the macro `impl_deserialize_num` (in Nightly builds, run with -Z macro-backtrace for more info)
help: consider importing this tuple variant
    |
1   + use core::result::Result::Ok;
    |

error[E0412]: cannot find type `Result` in this scope
   --> C:\Users\john\.cargo\registry\src\index.crates.io-1949cf8c6b5b557f\serde-1.0.219\src\de\impls.rs:193:39
    |
193 |           fn $visit<E>(self, v: $ty) -> Result<Self::Value, E>
    |                                         ^^^^^^ not found in this scope
...
435 | / impl_deserialize_num! {
436 | |     u32, NonZeroU32, deserialize_u32
437 | |     num_self!(u32:visit_u32);
438 | |     num_as_self!(u8:visit_u8 u16:visit_u16);
439 | |     int_to_uint!(i8:visit_i8 i16:visit_i16 i32:visit_i32 i64:visit_i64);
440 | |     uint_to_self!(u64:visit_u64);
441 | | }
    | |_- in this macro invocation
    |
    = note: this error originates in the macro `num_as_self` which comes from the expansion of the macro `impl_deserialize_num` (in Nightly builds, run with -Z macro-backtrace for more info)
help: consider importing one of these items
    |
1   + use core::fmt::Result;
    |
1   + use core::result::Result;
    |

error[E0425]: cannot find function, tuple struct or tuple variant `Ok` in this scope
   --> C:\Users\john\.cargo\registry\src\index.crates.io-1949cf8c6b5b557f\serde-1.0.219\src\de\impls.rs:197:13
    |
197 |               Ok(v as Self::Value)
    |               ^^ not found in this scope
...
435 | / impl_deserialize_num! {
436 | |     u32, NonZeroU32, deserialize_u32
437 | |     num_self!(u32:visit_u32);
438 | |     num_as_self!(u8:visit_u8 u16:visit_u16);
439 | |     int_to_uint!(i8:visit_i8 i16:visit_i16 i32:visit_i32 i64:visit_i64);
440 | |     uint_to_self!(u64:visit_u64);
441 | | }
    | |_- in this macro invocation
    |
    = note: this error originates in the macro `num_as_self` which comes from the expansion of the macro `impl_deserialize_num` (in Nightly builds, run with -Z macro-backtrace for more info)
help: consider importing this tuple variant
    |
1   + use core::result::Result::Ok;
    |

error[E0412]: cannot find type `Result` in this scope
   --> C:\Users\john\.cargo\registry\src\index.crates.io-1949cf8c6b5b557f\serde-1.0.219\src\de\impls.rs:298:39
    |
298 |           fn $visit<E>(self, v: $ty) -> Result<Self::Value, E>
    |                                         ^^^^^^ not found in this scope
...
435 | / impl_deserialize_num! {
436 | |     u32, NonZeroU32, deserialize_u32
437 | |     num_self!(u32:visit_u32);
438 | |     num_as_self!(u8:visit_u8 u16:visit_u16);
439 | |     int_to_uint!(i8:visit_i8 i16:visit_i16 i32:visit_i32 i64:visit_i64);
440 | |     uint_to_self!(u64:visit_u64);
441 | | }
    | |_- in this macro invocation
    |
    = note: this error originates in the macro `int_to_uint` which comes from the expansion of the macro `impl_deserialize_num` (in Nightly builds, run with -Z macro-backtrace for more info)
help: consider importing one of these items
    |
1   + use core::fmt::Result;
    |
1   + use core::result::Result;
    |

error[E0425]: cannot find function, tuple struct or tuple variant `Ok` in this scope
   --> C:\Users\john\.cargo\registry\src\index.crates.io-1949cf8c6b5b557f\serde-1.0.219\src\de\impls.rs:303:17
    |
303 |                   Ok(v as Self::Value)
    |                   ^^ not found in this scope
...
435 | / impl_deserialize_num! {
436 | |     u32, NonZeroU32, deserialize_u32
437 | |     num_self!(u32:visit_u32);
438 | |     num_as_self!(u8:visit_u8 u16:visit_u16);
439 | |     int_to_uint!(i8:visit_i8 i16:visit_i16 i32:visit_i32 i64:visit_i64);
440 | |     uint_to_self!(u64:visit_u64);
441 | | }
    | |_- in this macro invocation
    |
    = note: this error originates in the macro `int_to_uint` which comes from the expansion of the macro `impl_deserialize_num` (in Nightly builds, run with -Z macro-backtrace for more info)
help: consider importing this tuple variant
    |
1   + use core::result::Result::Ok;
    |

error[E0425]: cannot find function, tuple struct or tuple variant `Err` in this scope
   --> C:\Users\john\.cargo\registry\src\index.crates.io-1949cf8c6b5b557f\serde-1.0.219\src\de\impls.rs:305:17
    |
305 |                   Err(Error::invalid_value(Unexpected::Signed(v as i64), &self))
    |                   ^^^ not found in this scope
...
435 | / impl_deserialize_num! {
436 | |     u32, NonZeroU32, deserialize_u32
437 | |     num_self!(u32:visit_u32);
438 | |     num_as_self!(u8:visit_u8 u16:visit_u16);
439 | |     int_to_uint!(i8:visit_i8 i16:visit_i16 i32:visit_i32 i64:visit_i64);
440 | |     uint_to_self!(u64:visit_u64);
441 | | }
    | |_- in this macro invocation
    |
    = note: this error originates in the macro `int_to_uint` which comes from the expansion of the macro `impl_deserialize_num` (in Nightly builds, run with -Z macro-backtrace for more info)
help: consider importing this tuple variant
    |
1   + use core::result::Result::Err;
    |

error[E0412]: cannot find type `Result` in this scope
   --> C:\Users\john\.cargo\registry\src\index.crates.io-1949cf8c6b5b557f\serde-1.0.219\src\de\impls.rs:343:39
    |
343 |           fn $visit<E>(self, v: $ty) -> Result<Self::Value, E>
    |                                         ^^^^^^ not found in this scope
...
435 | / impl_deserialize_num! {
436 | |     u32, NonZeroU32, deserialize_u32
437 | |     num_self!(u32:visit_u32);
438 | |     num_as_self!(u8:visit_u8 u16:visit_u16);
439 | |     int_to_uint!(i8:visit_i8 i16:visit_i16 i32:visit_i32 i64:visit_i64);
440 | |     uint_to_self!(u64:visit_u64);
441 | | }
    | |_- in this macro invocation
    |
    = note: this error originates in the macro `uint_to_self` which comes from the expansion of the macro `impl_deserialize_num` (in Nightly builds, run with -Z macro-backtrace for more info)
help: consider importing one of these items
    |
1   + use core::fmt::Result;
    |
1   + use core::result::Result;
    |

error[E0425]: cannot find function, tuple struct or tuple variant `Ok` in this scope
   --> C:\Users\john\.cargo\registry\src\index.crates.io-1949cf8c6b5b557f\serde-1.0.219\src\de\impls.rs:348:17
    |
348 |                   Ok(v as Self::Value)
    |                   ^^ not found in this scope
...
435 | / impl_deserialize_num! {
436 | |     u32, NonZeroU32, deserialize_u32
437 | |     num_self!(u32:visit_u32);
438 | |     num_as_self!(u8:visit_u8 u16:visit_u16);
439 | |     int_to_uint!(i8:visit_i8 i16:visit_i16 i32:visit_i32 i64:visit_i64);
440 | |     uint_to_self!(u64:visit_u64);
441 | | }
    | |_- in this macro invocation
    |
    = note: this error originates in the macro `uint_to_self` which comes from the expansion of the macro `impl_deserialize_num` (in Nightly builds, run with -Z macro-backtrace for more info)
help: consider importing this tuple variant
    |
1   + use core::result::Result::Ok;
    |

error[E0425]: cannot find function, tuple struct or tuple variant `Err` in this scope
   --> C:\Users\john\.cargo\registry\src\index.crates.io-1949cf8c6b5b557f\serde-1.0.219\src\de\impls.rs:350:17
    |
350 |                   Err(Error::invalid_value(Unexpected::Unsigned(v as u64), &self))
    |                   ^^^ not found in this scope
...
435 | / impl_deserialize_num! {
436 | |     u32, NonZeroU32, deserialize_u32
437 | |     num_self!(u32:visit_u32);
438 | |     num_as_self!(u8:visit_u8 u16:visit_u16);
439 | |     int_to_uint!(i8:visit_i8 i16:visit_i16 i32:visit_i32 i64:visit_i64);
440 | |     uint_to_self!(u64:visit_u64);
441 | | }
    | |_- in this macro invocation
    |
    = note: this error originates in the macro `uint_to_self` which comes from the expansion of the macro `impl_deserialize_num` (in Nightly builds, run with -Z macro-backtrace for more info)
help: consider importing this tuple variant
    |
1   + use core::result::Result::Err;
    |

error[E0412]: cannot find type `Result` in this scope
   --> C:\Users\john\.cargo\registry\src\index.crates.io-1949cf8c6b5b557f\serde-1.0.219\src\de\impls.rs:88:51
    |
88  |               fn deserialize<D>(deserializer: D) -> Result<Self, D::Error>
    |                                                     ^^^^^^ not found in this scope
...
435 | / impl_deserialize_num! {
436 | |     u32, NonZeroU32, deserialize_u32
437 | |     num_self!(u32:visit_u32);
438 | |     num_as_self!(u8:visit_u8 u16:visit_u16);
439 | |     int_to_uint!(i8:visit_i8 i16:visit_i16 i32:visit_i32 i64:visit_i64);
440 | |     uint_to_self!(u64:visit_u64);
441 | | }
    | |_- in this macro invocation
    |
    = note: this error originates in the macro `impl_deserialize_num` (in Nightly builds, run with -Z macro-backtrace for more info)
help: consider importing one of these items
    |
1   + use core::fmt::Result;
    |
1   + use core::result::Result;
    |

error[E0412]: cannot find type `Result` in this scope
   --> C:\Users\john\.cargo\registry\src\index.crates.io-1949cf8c6b5b557f\serde-1.0.219\src\de\impls.rs:168:39
    |
168 |           fn $visit<E>(self, v: $ty) -> Result<Self::Value, E>
    |                                         ^^^^^^ not found in this scope
...
435 | / impl_deserialize_num! {
436 | |     u32, NonZeroU32, deserialize_u32
437 | |     num_self!(u32:visit_u32);
438 | |     num_as_self!(u8:visit_u8 u16:visit_u16);
439 | |     int_to_uint!(i8:visit_i8 i16:visit_i16 i32:visit_i32 i64:visit_i64);
440 | |     uint_to_self!(u64:visit_u64);
441 | | }
    | |_- in this macro invocation
    |
    = note: this error originates in the macro `num_self` which comes from the expansion of the macro `impl_deserialize_num` (in Nightly builds, run with -Z macro-backtrace for more info)
help: consider importing one of these items
    |
1   + use core::fmt::Result;
    |
1   + use core::result::Result;
    |

error[E0531]: cannot find tuple struct or tuple variant `Some` in this scope
   --> C:\Users\john\.cargo\registry\src\index.crates.io-1949cf8c6b5b557f\serde-1.0.219\src\de\impls.rs:172:20
    |
172 |               if let Some(nonzero) = Self::Value::new(v) {
    |                      ^^^^ not found in this scope
...
435 | / impl_deserialize_num! {
436 | |     u32, NonZeroU32, deserialize_u32
437 | |     num_self!(u32:visit_u32);
438 | |     num_as_self!(u8:visit_u8 u16:visit_u16);
439 | |     int_to_uint!(i8:visit_i8 i16:visit_i16 i32:visit_i32 i64:visit_i64);
440 | |     uint_to_self!(u64:visit_u64);
441 | | }
    | |_- in this macro invocation
    |
note: tuple variant `crate::__private::ser::content::Content::Some` exists but is inaccessible
   --> C:\Users\john\.cargo\registry\src\index.crates.io-1949cf8c6b5b557f\serde-1.0.219\src\private\ser.rs:443:9
    |
443 |         Some(Box<Content>),
    |         ^^^^^^^^^^^^^^^^^^ not accessible
    = note: this error originates in the macro `num_self` which comes from the expansion of the macro `impl_deserialize_num` (in Nightly builds, run with -Z macro-backtrace for more info)
help: consider importing one of these tuple variants
    |
1   + use crate::__private::de::Content::Some;
    |
1   + use core::option::Option::Some;
    |

error[E0425]: cannot find function, tuple struct or tuple variant `Ok` in this scope
   --> C:\Users\john\.cargo\registry\src\index.crates.io-1949cf8c6b5b557f\serde-1.0.219\src\de\impls.rs:173:17
    |
173 |                   Ok(nonzero)
    |                   ^^ not found in this scope
...
435 | / impl_deserialize_num! {
436 | |     u32, NonZeroU32, deserialize_u32
437 | |     num_self!(u32:visit_u32);
438 | |     num_as_self!(u8:visit_u8 u16:visit_u16);
439 | |     int_to_uint!(i8:visit_i8 i16:visit_i16 i32:visit_i32 i64:visit_i64);
440 | |     uint_to_self!(u64:visit_u64);
441 | | }
    | |_- in this macro invocation
    |
    = note: this error originates in the macro `num_self` which comes from the expansion of the macro `impl_deserialize_num` (in Nightly builds, run with -Z macro-backtrace for more info)
help: consider importing this tuple variant
    |
1   + use core::result::Result::Ok;
    |

error[E0425]: cannot find function, tuple struct or tuple variant `Err` in this scope
   --> C:\Users\john\.cargo\registry\src\index.crates.io-1949cf8c6b5b557f\serde-1.0.219\src\de\impls.rs:175:17
    |
175 |                   Err(Error::invalid_value(Unexpected::Unsigned(0), &self))
    |                   ^^^ not found in this scope
...
435 | / impl_deserialize_num! {
436 | |     u32, NonZeroU32, deserialize_u32
437 | |     num_self!(u32:visit_u32);
438 | |     num_as_self!(u8:visit_u8 u16:visit_u16);
439 | |     int_to_uint!(i8:visit_i8 i16:visit_i16 i32:visit_i32 i64:visit_i64);
440 | |     uint_to_self!(u64:visit_u64);
441 | | }
    | |_- in this macro invocation
    |
    = note: this error originates in the macro `num_self` which comes from the expansion of the macro `impl_deserialize_num` (in Nightly builds, run with -Z macro-backtrace for more info)
help: consider importing this tuple variant
    |
1   + use core::result::Result::Err;
    |

error[E0412]: cannot find type `Result` in this scope
   --> C:\Users\john\.cargo\registry\src\index.crates.io-1949cf8c6b5b557f\serde-1.0.219\src\de\impls.rs:202:39
    |
202 |           fn $visit<E>(self, v: $ty) -> Result<Self::Value, E>
    |                                         ^^^^^^ not found in this scope
...
435 | / impl_deserialize_num! {
436 | |     u32, NonZeroU32, deserialize_u32
437 | |     num_self!(u32:visit_u32);
438 | |     num_as_self!(u8:visit_u8 u16:visit_u16);
439 | |     int_to_uint!(i8:visit_i8 i16:visit_i16 i32:visit_i32 i64:visit_i64);
440 | |     uint_to_self!(u64:visit_u64);
441 | | }
    | |_- in this macro invocation
    |
    = note: this error originates in the macro `num_as_self` which comes from the expansion of the macro `impl_deserialize_num` (in Nightly builds, run with -Z macro-backtrace for more info)
help: consider importing one of these items
    |
1   + use core::fmt::Result;
    |
1   + use core::result::Result;
    |

error[E0531]: cannot find tuple struct or tuple variant `Some` in this scope
   --> C:\Users\john\.cargo\registry\src\index.crates.io-1949cf8c6b5b557f\serde-1.0.219\src\de\impls.rs:206:20
    |
206 |               if let Some(nonzero) = Self::Value::new(v as $primitive) {
    |                      ^^^^ not found in this scope
...
435 | / impl_deserialize_num! {
436 | |     u32, NonZeroU32, deserialize_u32
437 | |     num_self!(u32:visit_u32);
438 | |     num_as_self!(u8:visit_u8 u16:visit_u16);
439 | |     int_to_uint!(i8:visit_i8 i16:visit_i16 i32:visit_i32 i64:visit_i64);
440 | |     uint_to_self!(u64:visit_u64);
441 | | }
    | |_- in this macro invocation
    |
note: tuple variant `crate::__private::ser::content::Content::Some` exists but is inaccessible
   --> C:\Users\john\.cargo\registry\src\index.crates.io-1949cf8c6b5b557f\serde-1.0.219\src\private\ser.rs:443:9
    |
443 |         Some(Box<Content>),
    |         ^^^^^^^^^^^^^^^^^^ not accessible
    = note: this error originates in the macro `num_as_self` which comes from the expansion of the macro `impl_deserialize_num` (in Nightly builds, run with -Z macro-backtrace for more info)
help: consider importing one of these tuple variants
    |
1   + use crate::__private::de::Content::Some;
    |
1   + use core::option::Option::Some;
    |

error[E0425]: cannot find function, tuple struct or tuple variant `Ok` in this scope
   --> C:\Users\john\.cargo\registry\src\index.crates.io-1949cf8c6b5b557f\serde-1.0.219\src\de\impls.rs:207:17
    |
207 |                   Ok(nonzero)
    |                   ^^ not found in this scope
...
435 | / impl_deserialize_num! {
436 | |     u32, NonZeroU32, deserialize_u32
437 | |     num_self!(u32:visit_u32);
438 | |     num_as_self!(u8:visit_u8 u16:visit_u16);
439 | |     int_to_uint!(i8:visit_i8 i16:visit_i16 i32:visit_i32 i64:visit_i64);
440 | |     uint_to_self!(u64:visit_u64);
441 | | }
    | |_- in this macro invocation
    |
    = note: this error originates in the macro `num_as_self` which comes from the expansion of the macro `impl_deserialize_num` (in Nightly builds, run with -Z macro-backtrace for more info)
help: consider importing this tuple variant
    |
1   + use core::result::Result::Ok;
    |

error[E0425]: cannot find function, tuple struct or tuple variant `Err` in this scope
   --> C:\Users\john\.cargo\registry\src\index.crates.io-1949cf8c6b5b557f\serde-1.0.219\src\de\impls.rs:209:17
    |
209 |                   Err(Error::invalid_value(Unexpected::Unsigned(0), &self))
    |                   ^^^ not found in this scope
...
435 | / impl_deserialize_num! {
436 | |     u32, NonZeroU32, deserialize_u32
437 | |     num_self!(u32:visit_u32);
438 | |     num_as_self!(u8:visit_u8 u16:visit_u16);
439 | |     int_to_uint!(i8:visit_i8 i16:visit_i16 i32:visit_i32 i64:visit_i64);
440 | |     uint_to_self!(u64:visit_u64);
441 | | }
    | |_- in this macro invocation
    |
    = note: this error originates in the macro `num_as_self` which comes from the expansion of the macro `impl_deserialize_num` (in Nightly builds, run with -Z macro-backtrace for more info)
help: consider importing this tuple variant
    |
1   + use core::result::Result::Err;
    |

error[E0412]: cannot find type `Result` in this scope
   --> C:\Users\john\.cargo\registry\src\index.crates.io-1949cf8c6b5b557f\serde-1.0.219\src\de\impls.rs:311:39
    |
311 |           fn $visit<E>(self, v: $ty) -> Result<Self::Value, E>
    |                                         ^^^^^^ not found in this scope
...
435 | / impl_deserialize_num! {
436 | |     u32, NonZeroU32, deserialize_u32
437 | |     num_self!(u32:visit_u32);
438 | |     num_as_self!(u8:visit_u8 u16:visit_u16);
439 | |     int_to_uint!(i8:visit_i8 i16:visit_i16 i32:visit_i32 i64:visit_i64);
440 | |     uint_to_self!(u64:visit_u64);
441 | | }
    | |_- in this macro invocation
    |
    = note: this error originates in the macro `int_to_uint` which comes from the expansion of the macro `impl_deserialize_num` (in Nightly builds, run with -Z macro-backtrace for more info)
help: consider importing one of these items
    |
1   + use core::fmt::Result;
    |
1   + use core::result::Result;
    |

error[E0531]: cannot find tuple struct or tuple variant `Some` in this scope
   --> C:\Users\john\.cargo\registry\src\index.crates.io-1949cf8c6b5b557f\serde-1.0.219\src\de\impls.rs:316:24
    |
316 |                   if let Some(nonzero) = Self::Value::new(v as $primitive) {
    |                          ^^^^ not found in this scope
...
435 | / impl_deserialize_num! {
436 | |     u32, NonZeroU32, deserialize_u32
437 | |     num_self!(u32:visit_u32);
438 | |     num_as_self!(u8:visit_u8 u16:visit_u16);
439 | |     int_to_uint!(i8:visit_i8 i16:visit_i16 i32:visit_i32 i64:visit_i64);
440 | |     uint_to_self!(u64:visit_u64);
441 | | }
    | |_- in this macro invocation
    |
note: tuple variant `crate::__private::ser::content::Content::Some` exists but is inaccessible
   --> C:\Users\john\.cargo\registry\src\index.crates.io-1949cf8c6b5b557f\serde-1.0.219\src\private\ser.rs:443:9
    |
443 |         Some(Box<Content>),
    |         ^^^^^^^^^^^^^^^^^^ not accessible
    = note: this error originates in the macro `int_to_uint` which comes from the expansion of the macro `impl_deserialize_num` (in Nightly builds, run with -Z macro-backtrace for more info)
help: consider importing one of these tuple variants
    |
1   + use crate::__private::de::Content::Some;
    |
1   + use core::option::Option::Some;
    |

error[E0425]: cannot find function, tuple struct or tuple variant `Ok` in this scope
   --> C:\Users\john\.cargo\registry\src\index.crates.io-1949cf8c6b5b557f\serde-1.0.219\src\de\impls.rs:317:28
    |
317 |                       return Ok(nonzero);
    |                              ^^ not found in this scope
...
435 | / impl_deserialize_num! {
436 | |     u32, NonZeroU32, deserialize_u32
437 | |     num_self!(u32:visit_u32);
438 | |     num_as_self!(u8:visit_u8 u16:visit_u16);
439 | |     int_to_uint!(i8:visit_i8 i16:visit_i16 i32:visit_i32 i64:visit_i64);
440 | |     uint_to_self!(u64:visit_u64);
441 | | }
    | |_- in this macro invocation
    |
    = note: this error originates in the macro `int_to_uint` which comes from the expansion of the macro `impl_deserialize_num` (in Nightly builds, run with -Z macro-backtrace for more info)
help: consider importing this tuple variant
    |
1   + use core::result::Result::Ok;
    |

error[E0425]: cannot find function, tuple struct or tuple variant `Err` in this scope
   --> C:\Users\john\.cargo\registry\src\index.crates.io-1949cf8c6b5b557f\serde-1.0.219\src\de\impls.rs:320:13
    |
320 |               Err(Error::invalid_value(Unexpected::Signed(v as i64), &self))
    |               ^^^ not found in this scope
...
435 | / impl_deserialize_num! {
436 | |     u32, NonZeroU32, deserialize_u32
437 | |     num_self!(u32:visit_u32);
438 | |     num_as_self!(u8:visit_u8 u16:visit_u16);
439 | |     int_to_uint!(i8:visit_i8 i16:visit_i16 i32:visit_i32 i64:visit_i64);
440 | |     uint_to_self!(u64:visit_u64);
441 | | }
    | |_- in this macro invocation
    |
    = note: this error originates in the macro `int_to_uint` which comes from the expansion of the macro `impl_deserialize_num` (in Nightly builds, run with -Z macro-backtrace for more info)
help: consider importing this tuple variant
    |
1   + use core::result::Result::Err;
    |

error[E0412]: cannot find type `Result` in this scope
   --> C:\Users\john\.cargo\registry\src\index.crates.io-1949cf8c6b5b557f\serde-1.0.219\src\de\impls.rs:356:39
    |
356 |           fn $visit<E>(self, v: $ty) -> Result<Self::Value, E>
    |                                         ^^^^^^ not found in this scope
...
435 | / impl_deserialize_num! {
436 | |     u32, NonZeroU32, deserialize_u32
437 | |     num_self!(u32:visit_u32);
438 | |     num_as_self!(u8:visit_u8 u16:visit_u16);
439 | |     int_to_uint!(i8:visit_i8 i16:visit_i16 i32:visit_i32 i64:visit_i64);
440 | |     uint_to_self!(u64:visit_u64);
441 | | }
    | |_- in this macro invocation
    |
    = note: this error originates in the macro `uint_to_self` which comes from the expansion of the macro `impl_deserialize_num` (in Nightly builds, run with -Z macro-backtrace for more info)
help: consider importing one of these items
    |
1   + use core::fmt::Result;
    |
1   + use core::result::Result;
    |

error[E0531]: cannot find tuple struct or tuple variant `Some` in this scope
   --> C:\Users\john\.cargo\registry\src\index.crates.io-1949cf8c6b5b557f\serde-1.0.219\src\de\impls.rs:361:24
    |
361 |                   if let Some(nonzero) = Self::Value::new(v as $primitive) {
    |                          ^^^^ not found in this scope
...
435 | / impl_deserialize_num! {
436 | |     u32, NonZeroU32, deserialize_u32
437 | |     num_self!(u32:visit_u32);
438 | |     num_as_self!(u8:visit_u8 u16:visit_u16);
439 | |     int_to_uint!(i8:visit_i8 i16:visit_i16 i32:visit_i32 i64:visit_i64);
440 | |     uint_to_self!(u64:visit_u64);
441 | | }
    | |_- in this macro invocation
    |
note: tuple variant `crate::__private::ser::content::Content::Some` exists but is inaccessible
   --> C:\Users\john\.cargo\registry\src\index.crates.io-1949cf8c6b5b557f\serde-1.0.219\src\private\ser.rs:443:9
    |
443 |         Some(Box<Content>),
    |         ^^^^^^^^^^^^^^^^^^ not accessible
    = note: this error originates in the macro `uint_to_self` which comes from the expansion of the macro `impl_deserialize_num` (in Nightly builds, run with -Z macro-backtrace for more info)
help: consider importing one of these tuple variants
    |
1   + use crate::__private::de::Content::Some;
    |
1   + use core::option::Option::Some;
    |

error[E0425]: cannot find function, tuple struct or tuple variant `Ok` in this scope
   --> C:\Users\john\.cargo\registry\src\index.crates.io-1949cf8c6b5b557f\serde-1.0.219\src\de\impls.rs:362:28
    |
362 |                       return Ok(nonzero);
    |                              ^^ not found in this scope
...
435 | / impl_deserialize_num! {
436 | |     u32, NonZeroU32, deserialize_u32
437 | |     num_self!(u32:visit_u32);
438 | |     num_as_self!(u8:visit_u8 u16:visit_u16);
439 | |     int_to_uint!(i8:visit_i8 i16:visit_i16 i32:visit_i32 i64:visit_i64);
440 | |     uint_to_self!(u64:visit_u64);
441 | | }
    | |_- in this macro invocation
    |
    = note: this error originates in the macro `uint_to_self` which comes from the expansion of the macro `impl_deserialize_num` (in Nightly builds, run with -Z macro-backtrace for more info)
help: consider importing this tuple variant
    |
1   + use core::result::Result::Ok;
    |

error[E0425]: cannot find function, tuple struct or tuple variant `Err` in this scope
   --> C:\Users\john\.cargo\registry\src\index.crates.io-1949cf8c6b5b557f\serde-1.0.219\src\de\impls.rs:365:13
    |
365 |               Err(Error::invalid_value(Unexpected::Unsigned(v as u64), &self))
    |               ^^^ not found in this scope
...
435 | / impl_deserialize_num! {
436 | |     u32, NonZeroU32, deserialize_u32
437 | |     num_self!(u32:visit_u32);
438 | |     num_as_self!(u8:visit_u8 u16:visit_u16);
439 | |     int_to_uint!(i8:visit_i8 i16:visit_i16 i32:visit_i32 i64:visit_i64);
440 | |     uint_to_self!(u64:visit_u64);
441 | | }
    | |_- in this macro invocation
    |
    = note: this error originates in the macro `uint_to_self` which comes from the expansion of the macro `impl_deserialize_num` (in Nightly builds, run with -Z macro-backtrace for more info)
help: consider importing this tuple variant
    |
1   + use core::result::Result::Err;
    |

error[E0412]: cannot find type `Result` in this scope
   --> C:\Users\john\.cargo\registry\src\index.crates.io-1949cf8c6b5b557f\serde-1.0.219\src\de\impls.rs:110:51
    |
110 |               fn deserialize<D>(deserializer: D) -> Result<Self, D::Error>
    |                                                     ^^^^^^ not found in this scope
...
435 | / impl_deserialize_num! {
436 | |     u32, NonZeroU32, deserialize_u32
437 | |     num_self!(u32:visit_u32);
438 | |     num_as_self!(u8:visit_u8 u16:visit_u16);
439 | |     int_to_uint!(i8:visit_i8 i16:visit_i16 i32:visit_i32 i64:visit_i64);
440 | |     uint_to_self!(u64:visit_u64);
441 | | }
    | |_- in this macro invocation
    |
    = note: this error originates in the macro `impl_deserialize_num` (in Nightly builds, run with -Z macro-backtrace for more info)
help: consider importing one of these items
    |
1   + use core::fmt::Result;
    |
1   + use core::result::Result;
    |

error[E0412]: cannot find type `Result` in this scope
   --> C:\Users\john\.cargo\registry\src\index.crates.io-1949cf8c6b5b557f\serde-1.0.219\src\de\impls.rs:181:39
    |
181 |           fn $visit<E>(self, v: $ty) -> Result<Self::Value, E>
    |                                         ^^^^^^ not found in this scope
...
435 | / impl_deserialize_num! {
436 | |     u32, NonZeroU32, deserialize_u32
437 | |     num_self!(u32:visit_u32);
438 | |     num_as_self!(u8:visit_u8 u16:visit_u16);
439 | |     int_to_uint!(i8:visit_i8 i16:visit_i16 i32:visit_i32 i64:visit_i64);
440 | |     uint_to_self!(u64:visit_u64);
441 | | }
    | |_- in this macro invocation
    |
    = note: this error originates in the macro `num_self` which comes from the expansion of the macro `impl_deserialize_num` (in Nightly builds, run with -Z macro-backtrace for more info)
help: consider importing one of these items
    |
1   + use core::fmt::Result;
    |
1   + use core::result::Result;
    |

error[E0425]: cannot find function, tuple struct or tuple variant `Ok` in this scope
   --> C:\Users\john\.cargo\registry\src\index.crates.io-1949cf8c6b5b557f\serde-1.0.219\src\de\impls.rs:185:13
    |
185 |               Ok(Saturating(v))
    |               ^^ not found in this scope
...
435 | / impl_deserialize_num! {
436 | |     u32, NonZeroU32, deserialize_u32
437 | |     num_self!(u32:visit_u32);
438 | |     num_as_self!(u8:visit_u8 u16:visit_u16);
439 | |     int_to_uint!(i8:visit_i8 i16:visit_i16 i32:visit_i32 i64:visit_i64);
440 | |     uint_to_self!(u64:visit_u64);
441 | | }
    | |_- in this macro invocation
    |
    = note: this error originates in the macro `num_self` which comes from the expansion of the macro `impl_deserialize_num` (in Nightly builds, run with -Z macro-backtrace for more info)
help: consider importing this tuple variant
    |
1   + use core::result::Result::Ok;
    |

error[E0412]: cannot find type `Result` in this scope
   --> C:\Users\john\.cargo\registry\src\index.crates.io-1949cf8c6b5b557f\serde-1.0.219\src\de\impls.rs:215:39
    |
215 |           fn $visit<E>(self, v: $ty) -> Result<Self::Value, E>
    |                                         ^^^^^^ not found in this scope
...
435 | / impl_deserialize_num! {
436 | |     u32, NonZeroU32, deserialize_u32
437 | |     num_self!(u32:visit_u32);
438 | |     num_as_self!(u8:visit_u8 u16:visit_u16);
439 | |     int_to_uint!(i8:visit_i8 i16:visit_i16 i32:visit_i32 i64:visit_i64);
440 | |     uint_to_self!(u64:visit_u64);
441 | | }
    | |_- in this macro invocation
    |
    = note: this error originates in the macro `num_as_self` which comes from the expansion of the macro `impl_deserialize_num` (in Nightly builds, run with -Z macro-backtrace for more info)
help: consider importing one of these items
    |
1   + use core::fmt::Result;
    |
1   + use core::result::Result;
    |

error[E0425]: cannot find function, tuple struct or tuple variant `Ok` in this scope
   --> C:\Users\john\.cargo\registry\src\index.crates.io-1949cf8c6b5b557f\serde-1.0.219\src\de\impls.rs:219:13
    |
219 |               Ok(Saturating(v as $primitive))
    |               ^^ not found in this scope
...
435 | / impl_deserialize_num! {
436 | |     u32, NonZeroU32, deserialize_u32
437 | |     num_self!(u32:visit_u32);
438 | |     num_as_self!(u8:visit_u8 u16:visit_u16);
439 | |     int_to_uint!(i8:visit_i8 i16:visit_i16 i32:visit_i32 i64:visit_i64);
440 | |     uint_to_self!(u64:visit_u64);
441 | | }
    | |_- in this macro invocation
    |
    = note: this error originates in the macro `num_as_self` which comes from the expansion of the macro `impl_deserialize_num` (in Nightly builds, run with -Z macro-backtrace for more info)
help: consider importing this tuple variant
    |
1   + use core::result::Result::Ok;
    |

error[E0412]: cannot find type `Result` in this scope
   --> C:\Users\john\.cargo\registry\src\index.crates.io-1949cf8c6b5b557f\serde-1.0.219\src\de\impls.rs:325:39
    |
325 |           fn $visit<E>(self, v: $ty) -> Result<Self::Value, E>
    |                                         ^^^^^^ not found in this scope
...
435 | / impl_deserialize_num! {
436 | |     u32, NonZeroU32, deserialize_u32
437 | |     num_self!(u32:visit_u32);
438 | |     num_as_self!(u8:visit_u8 u16:visit_u16);
439 | |     int_to_uint!(i8:visit_i8 i16:visit_i16 i32:visit_i32 i64:visit_i64);
440 | |     uint_to_self!(u64:visit_u64);
441 | | }
    | |_- in this macro invocation
    |
    = note: this error originates in the macro `int_to_uint` which comes from the expansion of the macro `impl_deserialize_num` (in Nightly builds, run with -Z macro-backtrace for more info)
help: consider importing one of these items
    |
1   + use core::fmt::Result;
    |
1   + use core::result::Result;
    |

error[E0425]: cannot find function, tuple struct or tuple variant `Ok` in this scope
   --> C:\Users\john\.cargo\registry\src\index.crates.io-1949cf8c6b5b557f\serde-1.0.219\src\de\impls.rs:330:17
    |
330 |                   Ok(Saturating(0))
    |                   ^^ not found in this scope
...
435 | / impl_deserialize_num! {
436 | |     u32, NonZeroU32, deserialize_u32
437 | |     num_self!(u32:visit_u32);
438 | |     num_as_self!(u8:visit_u8 u16:visit_u16);
439 | |     int_to_uint!(i8:visit_i8 i16:visit_i16 i32:visit_i32 i64:visit_i64);
440 | |     uint_to_self!(u64:visit_u64);
441 | | }
    | |_- in this macro invocation
    |
    = note: this error originates in the macro `int_to_uint` which comes from the expansion of the macro `impl_deserialize_num` (in Nightly builds, run with -Z macro-backtrace for more info)
help: consider importing this tuple variant
    |
1   + use core::result::Result::Ok;
    |

error[E0425]: cannot find function, tuple struct or tuple variant `Ok` in this scope
   --> C:\Users\john\.cargo\registry\src\index.crates.io-1949cf8c6b5b557f\serde-1.0.219\src\de\impls.rs:332:17
    |
332 |                   Ok(Saturating($primitive::MAX))
    |                   ^^ not found in this scope
...
435 | / impl_deserialize_num! {
436 | |     u32, NonZeroU32, deserialize_u32
437 | |     num_self!(u32:visit_u32);
438 | |     num_as_self!(u8:visit_u8 u16:visit_u16);
439 | |     int_to_uint!(i8:visit_i8 i16:visit_i16 i32:visit_i32 i64:visit_i64);
440 | |     uint_to_self!(u64:visit_u64);
441 | | }
    | |_- in this macro invocation
    |
    = note: this error originates in the macro `int_to_uint` which comes from the expansion of the macro `impl_deserialize_num` (in Nightly builds, run with -Z macro-backtrace for more info)
help: consider importing this tuple variant
    |
1   + use core::result::Result::Ok;
    |

error[E0425]: cannot find function, tuple struct or tuple variant `Ok` in this scope
   --> C:\Users\john\.cargo\registry\src\index.crates.io-1949cf8c6b5b557f\serde-1.0.219\src\de\impls.rs:334:17
    |
334 |                   Ok(Saturating(v as $primitive))
    |                   ^^ not found in this scope
...
435 | / impl_deserialize_num! {
436 | |     u32, NonZeroU32, deserialize_u32
437 | |     num_self!(u32:visit_u32);
438 | |     num_as_self!(u8:visit_u8 u16:visit_u16);
439 | |     int_to_uint!(i8:visit_i8 i16:visit_i16 i32:visit_i32 i64:visit_i64);
440 | |     uint_to_self!(u64:visit_u64);
441 | | }
    | |_- in this macro invocation
    |
    = note: this error originates in the macro `int_to_uint` which comes from the expansion of the macro `impl_deserialize_num` (in Nightly builds, run with -Z macro-backtrace for more info)
help: consider importing this tuple variant
    |
1   + use core::result::Result::Ok;
    |

error[E0412]: cannot find type `Result` in this scope
   --> C:\Users\john\.cargo\registry\src\index.crates.io-1949cf8c6b5b557f\serde-1.0.219\src\de\impls.rs:370:39
    |
370 |           fn $visit<E>(self, v: $ty) -> Result<Self::Value, E>
    |                                         ^^^^^^ not found in this scope
...
435 | / impl_deserialize_num! {
436 | |     u32, NonZeroU32, deserialize_u32
437 | |     num_self!(u32:visit_u32);
438 | |     num_as_self!(u8:visit_u8 u16:visit_u16);
439 | |     int_to_uint!(i8:visit_i8 i16:visit_i16 i32:visit_i32 i64:visit_i64);
440 | |     uint_to_self!(u64:visit_u64);
441 | | }
    | |_- in this macro invocation
    |
    = note: this error originates in the macro `uint_to_self` which comes from the expansion of the macro `impl_deserialize_num` (in Nightly builds, run with -Z macro-backtrace for more info)
help: consider importing one of these items
    |
1   + use core::fmt::Result;
    |
1   + use core::result::Result;
    |

error[E0425]: cannot find function, tuple struct or tuple variant `Ok` in this scope
   --> C:\Users\john\.cargo\registry\src\index.crates.io-1949cf8c6b5b557f\serde-1.0.219\src\de\impls.rs:375:17
    |
375 |                   Ok(Saturating(v as $primitive))
    |                   ^^ not found in this scope
...
435 | / impl_deserialize_num! {
436 | |     u32, NonZeroU32, deserialize_u32
437 | |     num_self!(u32:visit_u32);
438 | |     num_as_self!(u8:visit_u8 u16:visit_u16);
439 | |     int_to_uint!(i8:visit_i8 i16:visit_i16 i32:visit_i32 i64:visit_i64);
440 | |     uint_to_self!(u64:visit_u64);
441 | | }
    | |_- in this macro invocation
    |
    = note: this error originates in the macro `uint_to_self` which comes from the expansion of the macro `impl_deserialize_num` (in Nightly builds, run with -Z macro-backtrace for more info)
help: consider importing this tuple variant
    |
1   + use core::result::Result::Ok;
    |

error[E0425]: cannot find function, tuple struct or tuple variant `Ok` in this scope
   --> C:\Users\john\.cargo\registry\src\index.crates.io-1949cf8c6b5b557f\serde-1.0.219\src\de\impls.rs:377:17
    |
377 |                   Ok(Saturating($primitive::MAX))
    |                   ^^ not found in this scope
...
435 | / impl_deserialize_num! {
436 | |     u32, NonZeroU32, deserialize_u32
437 | |     num_self!(u32:visit_u32);
438 | |     num_as_self!(u8:visit_u8 u16:visit_u16);
439 | |     int_to_uint!(i8:visit_i8 i16:visit_i16 i32:visit_i32 i64:visit_i64);
440 | |     uint_to_self!(u64:visit_u64);
441 | | }
    | |_- in this macro invocation
    |
    = note: this error originates in the macro `uint_to_self` which comes from the expansion of the macro `impl_deserialize_num` (in Nightly builds, run with -Z macro-backtrace for more info)
help: consider importing this tuple variant
    |
1   + use core::result::Result::Ok;
    |

error[E0412]: cannot find type `Result` in this scope
   --> C:\Users\john\.cargo\registry\src\index.crates.io-1949cf8c6b5b557f\serde-1.0.219\src\de\impls.rs:134:51
    |
134 |               fn deserialize<D>(deserializer: D) -> Result<Self, D::Error>
    |                                                     ^^^^^^ not found in this scope
...
443 | / impl_deserialize_num! {
444 | |     u64, NonZeroU64, deserialize_u64
445 | |     num_self!(u64:visit_u64);
446 | |     num_as_self!(u8:visit_u8 u16:visit_u16 u32:visit_u32);
447 | |     int_to_uint!(i8:visit_i8 i16:visit_i16 i32:visit_i32 i64:visit_i64);
448 | | }
    | |_- in this macro invocation
    |
    = note: this error originates in the macro `impl_deserialize_num` (in Nightly builds, run with -Z macro-backtrace for more info)
help: consider importing one of these items
    |
1   + use core::fmt::Result;
    |
1   + use core::result::Result;
    |

error[E0412]: cannot find type `Result` in this scope
   --> C:\Users\john\.cargo\registry\src\index.crates.io-1949cf8c6b5b557f\serde-1.0.219\src\de\impls.rs:159:39
    |
159 |           fn $visit<E>(self, v: $ty) -> Result<Self::Value, E>
    |                                         ^^^^^^ not found in this scope
...
443 | / impl_deserialize_num! {
444 | |     u64, NonZeroU64, deserialize_u64
445 | |     num_self!(u64:visit_u64);
446 | |     num_as_self!(u8:visit_u8 u16:visit_u16 u32:visit_u32);
447 | |     int_to_uint!(i8:visit_i8 i16:visit_i16 i32:visit_i32 i64:visit_i64);
448 | | }
    | |_- in this macro invocation
    |
    = note: this error originates in the macro `num_self` which comes from the expansion of the macro `impl_deserialize_num` (in Nightly builds, run with -Z macro-backtrace for more info)
help: consider importing one of these items
    |
1   + use core::fmt::Result;
    |
1   + use core::result::Result;
    |

error[E0425]: cannot find function, tuple struct or tuple variant `Ok` in this scope
   --> C:\Users\john\.cargo\registry\src\index.crates.io-1949cf8c6b5b557f\serde-1.0.219\src\de\impls.rs:163:13
    |
163 |               Ok(v)
    |               ^^ not found in this scope
...
443 | / impl_deserialize_num! {
444 | |     u64, NonZeroU64, deserialize_u64
445 | |     num_self!(u64:visit_u64);
446 | |     num_as_self!(u8:visit_u8 u16:visit_u16 u32:visit_u32);
447 | |     int_to_uint!(i8:visit_i8 i16:visit_i16 i32:visit_i32 i64:visit_i64);
448 | | }
    | |_- in this macro invocation
    |
    = note: this error originates in the macro `num_self` which comes from the expansion of the macro `impl_deserialize_num` (in Nightly builds, run with -Z macro-backtrace for more info)
help: consider importing this tuple variant
    |
1   + use core::result::Result::Ok;
    |

error[E0412]: cannot find type `Result` in this scope
   --> C:\Users\john\.cargo\registry\src\index.crates.io-1949cf8c6b5b557f\serde-1.0.219\src\de\impls.rs:193:39
    |
193 |           fn $visit<E>(self, v: $ty) -> Result<Self::Value, E>
    |                                         ^^^^^^ not found in this scope
...
443 | / impl_deserialize_num! {
444 | |     u64, NonZeroU64, deserialize_u64
445 | |     num_self!(u64:visit_u64);
446 | |     num_as_self!(u8:visit_u8 u16:visit_u16 u32:visit_u32);
447 | |     int_to_uint!(i8:visit_i8 i16:visit_i16 i32:visit_i32 i64:visit_i64);
448 | | }
    | |_- in this macro invocation
    |
    = note: this error originates in the macro `num_as_self` which comes from the expansion of the macro `impl_deserialize_num` (in Nightly builds, run with -Z macro-backtrace for more info)
help: consider importing one of these items
    |
1   + use core::fmt::Result;
    |
1   + use core::result::Result;
    |

error[E0425]: cannot find function, tuple struct or tuple variant `Ok` in this scope
   --> C:\Users\john\.cargo\registry\src\index.crates.io-1949cf8c6b5b557f\serde-1.0.219\src\de\impls.rs:197:13
    |
197 |               Ok(v as Self::Value)
    |               ^^ not found in this scope
...
443 | / impl_deserialize_num! {
444 | |     u64, NonZeroU64, deserialize_u64
445 | |     num_self!(u64:visit_u64);
446 | |     num_as_self!(u8:visit_u8 u16:visit_u16 u32:visit_u32);
447 | |     int_to_uint!(i8:visit_i8 i16:visit_i16 i32:visit_i32 i64:visit_i64);
448 | | }
    | |_- in this macro invocation
    |
    = note: this error originates in the macro `num_as_self` which comes from the expansion of the macro `impl_deserialize_num` (in Nightly builds, run with -Z macro-backtrace for more info)
help: consider importing this tuple variant
    |
1   + use core::result::Result::Ok;
    |

error[E0412]: cannot find type `Result` in this scope
   --> C:\Users\john\.cargo\registry\src\index.crates.io-1949cf8c6b5b557f\serde-1.0.219\src\de\impls.rs:298:39
    |
298 |           fn $visit<E>(self, v: $ty) -> Result<Self::Value, E>
    |                                         ^^^^^^ not found in this scope
...
443 | / impl_deserialize_num! {
444 | |     u64, NonZeroU64, deserialize_u64
445 | |     num_self!(u64:visit_u64);
446 | |     num_as_self!(u8:visit_u8 u16:visit_u16 u32:visit_u32);
447 | |     int_to_uint!(i8:visit_i8 i16:visit_i16 i32:visit_i32 i64:visit_i64);
448 | | }
    | |_- in this macro invocation
    |
    = note: this error originates in the macro `int_to_uint` which comes from the expansion of the macro `impl_deserialize_num` (in Nightly builds, run with -Z macro-backtrace for more info)
help: consider importing one of these items
    |
1   + use core::fmt::Result;
    |
1   + use core::result::Result;
    |

error[E0425]: cannot find function, tuple struct or tuple variant `Ok` in this scope
   --> C:\Users\john\.cargo\registry\src\index.crates.io-1949cf8c6b5b557f\serde-1.0.219\src\de\impls.rs:303:17
    |
303 |                   Ok(v as Self::Value)
    |                   ^^ not found in this scope
...
443 | / impl_deserialize_num! {
444 | |     u64, NonZeroU64, deserialize_u64
445 | |     num_self!(u64:visit_u64);
446 | |     num_as_self!(u8:visit_u8 u16:visit_u16 u32:visit_u32);
447 | |     int_to_uint!(i8:visit_i8 i16:visit_i16 i32:visit_i32 i64:visit_i64);
448 | | }
    | |_- in this macro invocation
    |
    = note: this error originates in the macro `int_to_uint` which comes from the expansion of the macro `impl_deserialize_num` (in Nightly builds, run with -Z macro-backtrace for more info)
help: consider importing this tuple variant
    |
1   + use core::result::Result::Ok;
    |

error[E0425]: cannot find function, tuple struct or tuple variant `Err` in this scope
   --> C:\Users\john\.cargo\registry\src\index.crates.io-1949cf8c6b5b557f\serde-1.0.219\src\de\impls.rs:305:17
    |
305 |                   Err(Error::invalid_value(Unexpected::Signed(v as i64), &self))
    |                   ^^^ not found in this scope
...
443 | / impl_deserialize_num! {
444 | |     u64, NonZeroU64, deserialize_u64
445 | |     num_self!(u64:visit_u64);
446 | |     num_as_self!(u8:visit_u8 u16:visit_u16 u32:visit_u32);
447 | |     int_to_uint!(i8:visit_i8 i16:visit_i16 i32:visit_i32 i64:visit_i64);
448 | | }
    | |_- in this macro invocation
    |
    = note: this error originates in the macro `int_to_uint` which comes from the expansion of the macro `impl_deserialize_num` (in Nightly builds, run with -Z macro-backtrace for more info)
help: consider importing this tuple variant
    |
1   + use core::result::Result::Err;
    |

error[E0412]: cannot find type `Result` in this scope
   --> C:\Users\john\.cargo\registry\src\index.crates.io-1949cf8c6b5b557f\serde-1.0.219\src\de\impls.rs:88:51
    |
88  |               fn deserialize<D>(deserializer: D) -> Result<Self, D::Error>
    |                                                     ^^^^^^ not found in this scope
...
443 | / impl_deserialize_num! {
444 | |     u64, NonZeroU64, deserialize_u64
445 | |     num_self!(u64:visit_u64);
446 | |     num_as_self!(u8:visit_u8 u16:visit_u16 u32:visit_u32);
447 | |     int_to_uint!(i8:visit_i8 i16:visit_i16 i32:visit_i32 i64:visit_i64);
448 | | }
    | |_- in this macro invocation
    |
    = note: this error originates in the macro `impl_deserialize_num` (in Nightly builds, run with -Z macro-backtrace for more info)
help: consider importing one of these items
    |
1   + use core::fmt::Result;
    |
1   + use core::result::Result;
    |

error[E0412]: cannot find type `Result` in this scope
   --> C:\Users\john\.cargo\registry\src\index.crates.io-1949cf8c6b5b557f\serde-1.0.219\src\de\impls.rs:168:39
    |
168 |           fn $visit<E>(self, v: $ty) -> Result<Self::Value, E>
    |                                         ^^^^^^ not found in this scope
...
443 | / impl_deserialize_num! {
444 | |     u64, NonZeroU64, deserialize_u64
445 | |     num_self!(u64:visit_u64);
446 | |     num_as_self!(u8:visit_u8 u16:visit_u16 u32:visit_u32);
447 | |     int_to_uint!(i8:visit_i8 i16:visit_i16 i32:visit_i32 i64:visit_i64);
448 | | }
    | |_- in this macro invocation
    |
    = note: this error originates in the macro `num_self` which comes from the expansion of the macro `impl_deserialize_num` (in Nightly builds, run with -Z macro-backtrace for more info)
help: consider importing one of these items
    |
1   + use core::fmt::Result;
    |
1   + use core::result::Result;
    |

error[E0531]: cannot find tuple struct or tuple variant `Some` in this scope
   --> C:\Users\john\.cargo\registry\src\index.crates.io-1949cf8c6b5b557f\serde-1.0.219\src\de\impls.rs:172:20
    |
172 |               if let Some(nonzero) = Self::Value::new(v) {
    |                      ^^^^ not found in this scope
...
443 | / impl_deserialize_num! {
444 | |     u64, NonZeroU64, deserialize_u64
445 | |     num_self!(u64:visit_u64);
446 | |     num_as_self!(u8:visit_u8 u16:visit_u16 u32:visit_u32);
447 | |     int_to_uint!(i8:visit_i8 i16:visit_i16 i32:visit_i32 i64:visit_i64);
448 | | }
    | |_- in this macro invocation
    |
note: tuple variant `crate::__private::ser::content::Content::Some` exists but is inaccessible
   --> C:\Users\john\.cargo\registry\src\index.crates.io-1949cf8c6b5b557f\serde-1.0.219\src\private\ser.rs:443:9
    |
443 |         Some(Box<Content>),
    |         ^^^^^^^^^^^^^^^^^^ not accessible
    = note: this error originates in the macro `num_self` which comes from the expansion of the macro `impl_deserialize_num` (in Nightly builds, run with -Z macro-backtrace for more info)
help: consider importing one of these tuple variants
    |
1   + use crate::__private::de::Content::Some;
    |
1   + use core::option::Option::Some;
    |

error[E0425]: cannot find function, tuple struct or tuple variant `Ok` in this scope
   --> C:\Users\john\.cargo\registry\src\index.crates.io-1949cf8c6b5b557f\serde-1.0.219\src\de\impls.rs:173:17
    |
173 |                   Ok(nonzero)
    |                   ^^ not found in this scope
...
443 | / impl_deserialize_num! {
444 | |     u64, NonZeroU64, deserialize_u64
445 | |     num_self!(u64:visit_u64);
446 | |     num_as_self!(u8:visit_u8 u16:visit_u16 u32:visit_u32);
447 | |     int_to_uint!(i8:visit_i8 i16:visit_i16 i32:visit_i32 i64:visit_i64);
448 | | }
    | |_- in this macro invocation
    |
    = note: this error originates in the macro `num_self` which comes from the expansion of the macro `impl_deserialize_num` (in Nightly builds, run with -Z macro-backtrace for more info)
help: consider importing this tuple variant
    |
1   + use core::result::Result::Ok;
    |

error[E0425]: cannot find function, tuple struct or tuple variant `Err` in this scope
   --> C:\Users\john\.cargo\registry\src\index.crates.io-1949cf8c6b5b557f\serde-1.0.219\src\de\impls.rs:175:17
    |
175 |                   Err(Error::invalid_value(Unexpected::Unsigned(0), &self))
    |                   ^^^ not found in this scope
...
443 | / impl_deserialize_num! {
444 | |     u64, NonZeroU64, deserialize_u64
445 | |     num_self!(u64:visit_u64);
446 | |     num_as_self!(u8:visit_u8 u16:visit_u16 u32:visit_u32);
447 | |     int_to_uint!(i8:visit_i8 i16:visit_i16 i32:visit_i32 i64:visit_i64);
448 | | }
    | |_- in this macro invocation
    |
    = note: this error originates in the macro `num_self` which comes from the expansion of the macro `impl_deserialize_num` (in Nightly builds, run with -Z macro-backtrace for more info)
help: consider importing this tuple variant
    |
1   + use core::result::Result::Err;
    |

error[E0412]: cannot find type `Result` in this scope
   --> C:\Users\john\.cargo\registry\src\index.crates.io-1949cf8c6b5b557f\serde-1.0.219\src\de\impls.rs:202:39
    |
202 |           fn $visit<E>(self, v: $ty) -> Result<Self::Value, E>
    |                                         ^^^^^^ not found in this scope
...
443 | / impl_deserialize_num! {
444 | |     u64, NonZeroU64, deserialize_u64
445 | |     num_self!(u64:visit_u64);
446 | |     num_as_self!(u8:visit_u8 u16:visit_u16 u32:visit_u32);
447 | |     int_to_uint!(i8:visit_i8 i16:visit_i16 i32:visit_i32 i64:visit_i64);
448 | | }
    | |_- in this macro invocation
    |
    = note: this error originates in the macro `num_as_self` which comes from the expansion of the macro `impl_deserialize_num` (in Nightly builds, run with -Z macro-backtrace for more info)
help: consider importing one of these items
    |
1   + use core::fmt::Result;
    |
1   + use core::result::Result;
    |

error[E0531]: cannot find tuple struct or tuple variant `Some` in this scope
   --> C:\Users\john\.cargo\registry\src\index.crates.io-1949cf8c6b5b557f\serde-1.0.219\src\de\impls.rs:206:20
    |
206 |               if let Some(nonzero) = Self::Value::new(v as $primitive) {
    |                      ^^^^ not found in this scope
...
443 | / impl_deserialize_num! {
444 | |     u64, NonZeroU64, deserialize_u64
445 | |     num_self!(u64:visit_u64);
446 | |     num_as_self!(u8:visit_u8 u16:visit_u16 u32:visit_u32);
447 | |     int_to_uint!(i8:visit_i8 i16:visit_i16 i32:visit_i32 i64:visit_i64);
448 | | }
    | |_- in this macro invocation
    |
note: tuple variant `crate::__private::ser::content::Content::Some` exists but is inaccessible
   --> C:\Users\john\.cargo\registry\src\index.crates.io-1949cf8c6b5b557f\serde-1.0.219\src\private\ser.rs:443:9
    |
443 |         Some(Box<Content>),
    |         ^^^^^^^^^^^^^^^^^^ not accessible
    = note: this error originates in the macro `num_as_self` which comes from the expansion of the macro `impl_deserialize_num` (in Nightly builds, run with -Z macro-backtrace for more info)
help: consider importing one of these tuple variants
    |
1   + use crate::__private::de::Content::Some;
    |
1   + use core::option::Option::Some;
    |

error[E0425]: cannot find function, tuple struct or tuple variant `Ok` in this scope
   --> C:\Users\john\.cargo\registry\src\index.crates.io-1949cf8c6b5b557f\serde-1.0.219\src\de\impls.rs:207:17
    |
207 |                   Ok(nonzero)
    |                   ^^ not found in this scope
...
443 | / impl_deserialize_num! {
444 | |     u64, NonZeroU64, deserialize_u64
445 | |     num_self!(u64:visit_u64);
446 | |     num_as_self!(u8:visit_u8 u16:visit_u16 u32:visit_u32);
447 | |     int_to_uint!(i8:visit_i8 i16:visit_i16 i32:visit_i32 i64:visit_i64);
448 | | }
    | |_- in this macro invocation
    |
    = note: this error originates in the macro `num_as_self` which comes from the expansion of the macro `impl_deserialize_num` (in Nightly builds, run with -Z macro-backtrace for more info)
help: consider importing this tuple variant
    |
1   + use core::result::Result::Ok;
    |

error[E0425]: cannot find function, tuple struct or tuple variant `Err` in this scope
   --> C:\Users\john\.cargo\registry\src\index.crates.io-1949cf8c6b5b557f\serde-1.0.219\src\de\impls.rs:209:17
    |
209 |                   Err(Error::invalid_value(Unexpected::Unsigned(0), &self))
    |                   ^^^ not found in this scope
...
443 | / impl_deserialize_num! {
444 | |     u64, NonZeroU64, deserialize_u64
445 | |     num_self!(u64:visit_u64);
446 | |     num_as_self!(u8:visit_u8 u16:visit_u16 u32:visit_u32);
447 | |     int_to_uint!(i8:visit_i8 i16:visit_i16 i32:visit_i32 i64:visit_i64);
448 | | }
    | |_- in this macro invocation
    |
    = note: this error originates in the macro `num_as_self` which comes from the expansion of the macro `impl_deserialize_num` (in Nightly builds, run with -Z macro-backtrace for more info)
help: consider importing this tuple variant
    |
1   + use core::result::Result::Err;
    |

error[E0412]: cannot find type `Result` in this scope
   --> C:\Users\john\.cargo\registry\src\index.crates.io-1949cf8c6b5b557f\serde-1.0.219\src\de\impls.rs:311:39
    |
311 |           fn $visit<E>(self, v: $ty) -> Result<Self::Value, E>
    |                                         ^^^^^^ not found in this scope
...
443 | / impl_deserialize_num! {
444 | |     u64, NonZeroU64, deserialize_u64
445 | |     num_self!(u64:visit_u64);
446 | |     num_as_self!(u8:visit_u8 u16:visit_u16 u32:visit_u32);
447 | |     int_to_uint!(i8:visit_i8 i16:visit_i16 i32:visit_i32 i64:visit_i64);
448 | | }
    | |_- in this macro invocation
    |
    = note: this error originates in the macro `int_to_uint` which comes from the expansion of the macro `impl_deserialize_num` (in Nightly builds, run with -Z macro-backtrace for more info)
help: consider importing one of these items
    |
1   + use core::fmt::Result;
    |
1   + use core::result::Result;
    |

error[E0531]: cannot find tuple struct or tuple variant `Some` in this scope
   --> C:\Users\john\.cargo\registry\src\index.crates.io-1949cf8c6b5b557f\serde-1.0.219\src\de\impls.rs:316:24
    |
316 |                   if let Some(nonzero) = Self::Value::new(v as $primitive) {
    |                          ^^^^ not found in this scope
...
443 | / impl_deserialize_num! {
444 | |     u64, NonZeroU64, deserialize_u64
445 | |     num_self!(u64:visit_u64);
446 | |     num_as_self!(u8:visit_u8 u16:visit_u16 u32:visit_u32);
447 | |     int_to_uint!(i8:visit_i8 i16:visit_i16 i32:visit_i32 i64:visit_i64);
448 | | }
    | |_- in this macro invocation
    |
note: tuple variant `crate::__private::ser::content::Content::Some` exists but is inaccessible
   --> C:\Users\john\.cargo\registry\src\index.crates.io-1949cf8c6b5b557f\serde-1.0.219\src\private\ser.rs:443:9
    |
443 |         Some(Box<Content>),
    |         ^^^^^^^^^^^^^^^^^^ not accessible
    = note: this error originates in the macro `int_to_uint` which comes from the expansion of the macro `impl_deserialize_num` (in Nightly builds, run with -Z macro-backtrace for more info)
help: consider importing one of these tuple variants
    |
1   + use crate::__private::de::Content::Some;
    |
1   + use core::option::Option::Some;
    |

error[E0425]: cannot find function, tuple struct or tuple variant `Ok` in this scope
   --> C:\Users\john\.cargo\registry\src\index.crates.io-1949cf8c6b5b557f\serde-1.0.219\src\de\impls.rs:317:28
    |
317 |                       return Ok(nonzero);
    |                              ^^ not found in this scope
...
443 | / impl_deserialize_num! {
444 | |     u64, NonZeroU64, deserialize_u64
445 | |     num_self!(u64:visit_u64);
446 | |     num_as_self!(u8:visit_u8 u16:visit_u16 u32:visit_u32);
447 | |     int_to_uint!(i8:visit_i8 i16:visit_i16 i32:visit_i32 i64:visit_i64);
448 | | }
    | |_- in this macro invocation
    |
    = note: this error originates in the macro `int_to_uint` which comes from the expansion of the macro `impl_deserialize_num` (in Nightly builds, run with -Z macro-backtrace for more info)
help: consider importing this tuple variant
    |
1   + use core::result::Result::Ok;
    |

error[E0425]: cannot find function, tuple struct or tuple variant `Err` in this scope
   --> C:\Users\john\.cargo\registry\src\index.crates.io-1949cf8c6b5b557f\serde-1.0.219\src\de\impls.rs:320:13
    |
320 |               Err(Error::invalid_value(Unexpected::Signed(v as i64), &self))
    |               ^^^ not found in this scope
...
443 | / impl_deserialize_num! {
444 | |     u64, NonZeroU64, deserialize_u64
445 | |     num_self!(u64:visit_u64);
446 | |     num_as_self!(u8:visit_u8 u16:visit_u16 u32:visit_u32);
447 | |     int_to_uint!(i8:visit_i8 i16:visit_i16 i32:visit_i32 i64:visit_i64);
448 | | }
    | |_- in this macro invocation
    |
    = note: this error originates in the macro `int_to_uint` which comes from the expansion of the macro `impl_deserialize_num` (in Nightly builds, run with -Z macro-backtrace for more info)
help: consider importing this tuple variant
    |
1   + use core::result::Result::Err;
    |

error[E0412]: cannot find type `Result` in this scope
   --> C:\Users\john\.cargo\registry\src\index.crates.io-1949cf8c6b5b557f\serde-1.0.219\src\de\impls.rs:110:51
    |
110 |               fn deserialize<D>(deserializer: D) -> Result<Self, D::Error>
    |                                                     ^^^^^^ not found in this scope
...
443 | / impl_deserialize_num! {
444 | |     u64, NonZeroU64, deserialize_u64
445 | |     num_self!(u64:visit_u64);
446 | |     num_as_self!(u8:visit_u8 u16:visit_u16 u32:visit_u32);
447 | |     int_to_uint!(i8:visit_i8 i16:visit_i16 i32:visit_i32 i64:visit_i64);
448 | | }
    | |_- in this macro invocation
    |
    = note: this error originates in the macro `impl_deserialize_num` (in Nightly builds, run with -Z macro-backtrace for more info)
help: consider importing one of these items
    |
1   + use core::fmt::Result;
    |
1   + use core::result::Result;
    |

error[E0412]: cannot find type `Result` in this scope
   --> C:\Users\john\.cargo\registry\src\index.crates.io-1949cf8c6b5b557f\serde-1.0.219\src\de\impls.rs:181:39
    |
181 |           fn $visit<E>(self, v: $ty) -> Result<Self::Value, E>
    |                                         ^^^^^^ not found in this scope
...
443 | / impl_deserialize_num! {
444 | |     u64, NonZeroU64, deserialize_u64
445 | |     num_self!(u64:visit_u64);
446 | |     num_as_self!(u8:visit_u8 u16:visit_u16 u32:visit_u32);
447 | |     int_to_uint!(i8:visit_i8 i16:visit_i16 i32:visit_i32 i64:visit_i64);
448 | | }
    | |_- in this macro invocation
    |
    = note: this error originates in the macro `num_self` which comes from the expansion of the macro `impl_deserialize_num` (in Nightly builds, run with -Z macro-backtrace for more info)
help: consider importing one of these items
    |
1   + use core::fmt::Result;
    |
1   + use core::result::Result;
    |

error[E0425]: cannot find function, tuple struct or tuple variant `Ok` in this scope
   --> C:\Users\john\.cargo\registry\src\index.crates.io-1949cf8c6b5b557f\serde-1.0.219\src\de\impls.rs:185:13
    |
185 |               Ok(Saturating(v))
    |               ^^ not found in this scope
...
443 | / impl_deserialize_num! {
444 | |     u64, NonZeroU64, deserialize_u64
445 | |     num_self!(u64:visit_u64);
446 | |     num_as_self!(u8:visit_u8 u16:visit_u16 u32:visit_u32);
447 | |     int_to_uint!(i8:visit_i8 i16:visit_i16 i32:visit_i32 i64:visit_i64);
448 | | }
    | |_- in this macro invocation
    |
    = note: this error originates in the macro `num_self` which comes from the expansion of the macro `impl_deserialize_num` (in Nightly builds, run with -Z macro-backtrace for more info)
help: consider importing this tuple variant
    |
1   + use core::result::Result::Ok;
    |

error[E0412]: cannot find type `Result` in this scope
   --> C:\Users\john\.cargo\registry\src\index.crates.io-1949cf8c6b5b557f\serde-1.0.219\src\de\impls.rs:215:39
    |
215 |           fn $visit<E>(self, v: $ty) -> Result<Self::Value, E>
    |                                         ^^^^^^ not found in this scope
...
443 | / impl_deserialize_num! {
444 | |     u64, NonZeroU64, deserialize_u64
445 | |     num_self!(u64:visit_u64);
446 | |     num_as_self!(u8:visit_u8 u16:visit_u16 u32:visit_u32);
447 | |     int_to_uint!(i8:visit_i8 i16:visit_i16 i32:visit_i32 i64:visit_i64);
448 | | }
    | |_- in this macro invocation
    |
    = note: this error originates in the macro `num_as_self` which comes from the expansion of the macro `impl_deserialize_num` (in Nightly builds, run with -Z macro-backtrace for more info)
help: consider importing one of these items
    |
1   + use core::fmt::Result;
    |
1   + use core::result::Result;
    |

error[E0425]: cannot find function, tuple struct or tuple variant `Ok` in this scope
   --> C:\Users\john\.cargo\registry\src\index.crates.io-1949cf8c6b5b557f\serde-1.0.219\src\de\impls.rs:219:13
    |
219 |               Ok(Saturating(v as $primitive))
    |               ^^ not found in this scope
...
443 | / impl_deserialize_num! {
444 | |     u64, NonZeroU64, deserialize_u64
445 | |     num_self!(u64:visit_u64);
446 | |     num_as_self!(u8:visit_u8 u16:visit_u16 u32:visit_u32);
447 | |     int_to_uint!(i8:visit_i8 i16:visit_i16 i32:visit_i32 i64:visit_i64);
448 | | }
    | |_- in this macro invocation
    |
    = note: this error originates in the macro `num_as_self` which comes from the expansion of the macro `impl_deserialize_num` (in Nightly builds, run with -Z macro-backtrace for more info)
help: consider importing this tuple variant
    |
1   + use core::result::Result::Ok;
    |

error[E0412]: cannot find type `Result` in this scope
   --> C:\Users\john\.cargo\registry\src\index.crates.io-1949cf8c6b5b557f\serde-1.0.219\src\de\impls.rs:325:39
    |
325 |           fn $visit<E>(self, v: $ty) -> Result<Self::Value, E>
    |                                         ^^^^^^ not found in this scope
...
443 | / impl_deserialize_num! {
444 | |     u64, NonZeroU64, deserialize_u64
445 | |     num_self!(u64:visit_u64);
446 | |     num_as_self!(u8:visit_u8 u16:visit_u16 u32:visit_u32);
447 | |     int_to_uint!(i8:visit_i8 i16:visit_i16 i32:visit_i32 i64:visit_i64);
448 | | }
    | |_- in this macro invocation
    |
    = note: this error originates in the macro `int_to_uint` which comes from the expansion of the macro `impl_deserialize_num` (in Nightly builds, run with -Z macro-backtrace for more info)
help: consider importing one of these items
    |
1   + use core::fmt::Result;
    |
1   + use core::result::Result;
    |

error[E0425]: cannot find function, tuple struct or tuple variant `Ok` in this scope
   --> C:\Users\john\.cargo\registry\src\index.crates.io-1949cf8c6b5b557f\serde-1.0.219\src\de\impls.rs:330:17
    |
330 |                   Ok(Saturating(0))
    |                   ^^ not found in this scope
...
443 | / impl_deserialize_num! {
444 | |     u64, NonZeroU64, deserialize_u64
445 | |     num_self!(u64:visit_u64);
446 | |     num_as_self!(u8:visit_u8 u16:visit_u16 u32:visit_u32);
447 | |     int_to_uint!(i8:visit_i8 i16:visit_i16 i32:visit_i32 i64:visit_i64);
448 | | }
    | |_- in this macro invocation
    |
    = note: this error originates in the macro `int_to_uint` which comes from the expansion of the macro `impl_deserialize_num` (in Nightly builds, run with -Z macro-backtrace for more info)
help: consider importing this tuple variant
    |
1   + use core::result::Result::Ok;
    |

error[E0425]: cannot find function, tuple struct or tuple variant `Ok` in this scope
   --> C:\Users\john\.cargo\registry\src\index.crates.io-1949cf8c6b5b557f\serde-1.0.219\src\de\impls.rs:332:17
    |
332 |                   Ok(Saturating($primitive::MAX))
    |                   ^^ not found in this scope
...
443 | / impl_deserialize_num! {
444 | |     u64, NonZeroU64, deserialize_u64
445 | |     num_self!(u64:visit_u64);
446 | |     num_as_self!(u8:visit_u8 u16:visit_u16 u32:visit_u32);
447 | |     int_to_uint!(i8:visit_i8 i16:visit_i16 i32:visit_i32 i64:visit_i64);
448 | | }
    | |_- in this macro invocation
    |
    = note: this error originates in the macro `int_to_uint` which comes from the expansion of the macro `impl_deserialize_num` (in Nightly builds, run with -Z macro-backtrace for more info)
help: consider importing this tuple variant
    |
1   + use core::result::Result::Ok;
    |

error[E0425]: cannot find function, tuple struct or tuple variant `Ok` in this scope
   --> C:\Users\john\.cargo\registry\src\index.crates.io-1949cf8c6b5b557f\serde-1.0.219\src\de\impls.rs:334:17
    |
334 |                   Ok(Saturating(v as $primitive))
    |                   ^^ not found in this scope
...
443 | / impl_deserialize_num! {
444 | |     u64, NonZeroU64, deserialize_u64
445 | |     num_self!(u64:visit_u64);
446 | |     num_as_self!(u8:visit_u8 u16:visit_u16 u32:visit_u32);
447 | |     int_to_uint!(i8:visit_i8 i16:visit_i16 i32:visit_i32 i64:visit_i64);
448 | | }
    | |_- in this macro invocation
    |
    = note: this error originates in the macro `int_to_uint` which comes from the expansion of the macro `impl_deserialize_num` (in Nightly builds, run with -Z macro-backtrace for more info)
help: consider importing this tuple variant
    |
1   + use core::result::Result::Ok;
    |

error[E0412]: cannot find type `Result` in this scope
   --> C:\Users\john\.cargo\registry\src\index.crates.io-1949cf8c6b5b557f\serde-1.0.219\src\de\impls.rs:134:51
    |
134 |               fn deserialize<D>(deserializer: D) -> Result<Self, D::Error>
    |                                                     ^^^^^^ not found in this scope
...
450 | / impl_deserialize_num! {
451 | |     usize, NonZeroUsize, deserialize_u64
452 | |     num_as_self!(u8:visit_u8 u16:visit_u16);
453 | |     int_to_uint!(i8:visit_i8 i16:visit_i16 i32:visit_i32 i64:visit_i64);
454 | |     uint_to_self!(u32:visit_u32 u64:visit_u64);
455 | | }
    | |_- in this macro invocation
    |
    = note: this error originates in the macro `impl_deserialize_num` (in Nightly builds, run with -Z macro-backtrace for more info)
help: consider importing one of these items
    |
1   + use core::fmt::Result;
    |
1   + use core::result::Result;
    |

error[E0412]: cannot find type `Result` in this scope
   --> C:\Users\john\.cargo\registry\src\index.crates.io-1949cf8c6b5b557f\serde-1.0.219\src\de\impls.rs:193:39
    |
193 |           fn $visit<E>(self, v: $ty) -> Result<Self::Value, E>
    |                                         ^^^^^^ not found in this scope
...
450 | / impl_deserialize_num! {
451 | |     usize, NonZeroUsize, deserialize_u64
452 | |     num_as_self!(u8:visit_u8 u16:visit_u16);
453 | |     int_to_uint!(i8:visit_i8 i16:visit_i16 i32:visit_i32 i64:visit_i64);
454 | |     uint_to_self!(u32:visit_u32 u64:visit_u64);
455 | | }
    | |_- in this macro invocation
    |
    = note: this error originates in the macro `num_as_self` which comes from the expansion of the macro `impl_deserialize_num` (in Nightly builds, run with -Z macro-backtrace for more info)
help: consider importing one of these items
    |
1   + use core::fmt::Result;
    |
1   + use core::result::Result;
    |

error[E0425]: cannot find function, tuple struct or tuple variant `Ok` in this scope
   --> C:\Users\john\.cargo\registry\src\index.crates.io-1949cf8c6b5b557f\serde-1.0.219\src\de\impls.rs:197:13
    |
197 |               Ok(v as Self::Value)
    |               ^^ not found in this scope
...
450 | / impl_deserialize_num! {
451 | |     usize, NonZeroUsize, deserialize_u64
452 | |     num_as_self!(u8:visit_u8 u16:visit_u16);
453 | |     int_to_uint!(i8:visit_i8 i16:visit_i16 i32:visit_i32 i64:visit_i64);
454 | |     uint_to_self!(u32:visit_u32 u64:visit_u64);
455 | | }
    | |_- in this macro invocation
    |
    = note: this error originates in the macro `num_as_self` which comes from the expansion of the macro `impl_deserialize_num` (in Nightly builds, run with -Z macro-backtrace for more info)
help: consider importing this tuple variant
    |
1   + use core::result::Result::Ok;
    |

error[E0412]: cannot find type `Result` in this scope
   --> C:\Users\john\.cargo\registry\src\index.crates.io-1949cf8c6b5b557f\serde-1.0.219\src\de\impls.rs:298:39
    |
298 |           fn $visit<E>(self, v: $ty) -> Result<Self::Value, E>
    |                                         ^^^^^^ not found in this scope
...
450 | / impl_deserialize_num! {
451 | |     usize, NonZeroUsize, deserialize_u64
452 | |     num_as_self!(u8:visit_u8 u16:visit_u16);
453 | |     int_to_uint!(i8:visit_i8 i16:visit_i16 i32:visit_i32 i64:visit_i64);
454 | |     uint_to_self!(u32:visit_u32 u64:visit_u64);
455 | | }
    | |_- in this macro invocation
    |
    = note: this error originates in the macro `int_to_uint` which comes from the expansion of the macro `impl_deserialize_num` (in Nightly builds, run with -Z macro-backtrace for more info)
help: consider importing one of these items
    |
1   + use core::fmt::Result;
    |
1   + use core::result::Result;
    |

error[E0425]: cannot find function, tuple struct or tuple variant `Ok` in this scope
   --> C:\Users\john\.cargo\registry\src\index.crates.io-1949cf8c6b5b557f\serde-1.0.219\src\de\impls.rs:303:17
    |
303 |                   Ok(v as Self::Value)
    |                   ^^ not found in this scope
...
450 | / impl_deserialize_num! {
451 | |     usize, NonZeroUsize, deserialize_u64
452 | |     num_as_self!(u8:visit_u8 u16:visit_u16);
453 | |     int_to_uint!(i8:visit_i8 i16:visit_i16 i32:visit_i32 i64:visit_i64);
454 | |     uint_to_self!(u32:visit_u32 u64:visit_u64);
455 | | }
    | |_- in this macro invocation
    |
    = note: this error originates in the macro `int_to_uint` which comes from the expansion of the macro `impl_deserialize_num` (in Nightly builds, run with -Z macro-backtrace for more info)
help: consider importing this tuple variant
    |
1   + use core::result::Result::Ok;
    |

error[E0425]: cannot find function, tuple struct or tuple variant `Err` in this scope
   --> C:\Users\john\.cargo\registry\src\index.crates.io-1949cf8c6b5b557f\serde-1.0.219\src\de\impls.rs:305:17
    |
305 |                   Err(Error::invalid_value(Unexpected::Signed(v as i64), &self))
    |                   ^^^ not found in this scope
...
450 | / impl_deserialize_num! {
451 | |     usize, NonZeroUsize, deserialize_u64
452 | |     num_as_self!(u8:visit_u8 u16:visit_u16);
453 | |     int_to_uint!(i8:visit_i8 i16:visit_i16 i32:visit_i32 i64:visit_i64);
454 | |     uint_to_self!(u32:visit_u32 u64:visit_u64);
455 | | }
    | |_- in this macro invocation
    |
    = note: this error originates in the macro `int_to_uint` which comes from the expansion of the macro `impl_deserialize_num` (in Nightly builds, run with -Z macro-backtrace for more info)
help: consider importing this tuple variant
    |
1   + use core::result::Result::Err;
    |

error[E0412]: cannot find type `Result` in this scope
   --> C:\Users\john\.cargo\registry\src\index.crates.io-1949cf8c6b5b557f\serde-1.0.219\src\de\impls.rs:343:39
    |
343 |           fn $visit<E>(self, v: $ty) -> Result<Self::Value, E>
    |                                         ^^^^^^ not found in this scope
...
450 | / impl_deserialize_num! {
451 | |     usize, NonZeroUsize, deserialize_u64
452 | |     num_as_self!(u8:visit_u8 u16:visit_u16);
453 | |     int_to_uint!(i8:visit_i8 i16:visit_i16 i32:visit_i32 i64:visit_i64);
454 | |     uint_to_self!(u32:visit_u32 u64:visit_u64);
455 | | }
    | |_- in this macro invocation
    |
    = note: this error originates in the macro `uint_to_self` which comes from the expansion of the macro `impl_deserialize_num` (in Nightly builds, run with -Z macro-backtrace for more info)
help: consider importing one of these items
    |
1   + use core::fmt::Result;
    |
1   + use core::result::Result;
    |

error[E0425]: cannot find function, tuple struct or tuple variant `Ok` in this scope
   --> C:\Users\john\.cargo\registry\src\index.crates.io-1949cf8c6b5b557f\serde-1.0.219\src\de\impls.rs:348:17
    |
348 |                   Ok(v as Self::Value)
    |                   ^^ not found in this scope
...
450 | / impl_deserialize_num! {
451 | |     usize, NonZeroUsize, deserialize_u64
452 | |     num_as_self!(u8:visit_u8 u16:visit_u16);
453 | |     int_to_uint!(i8:visit_i8 i16:visit_i16 i32:visit_i32 i64:visit_i64);
454 | |     uint_to_self!(u32:visit_u32 u64:visit_u64);
455 | | }
    | |_- in this macro invocation
    |
    = note: this error originates in the macro `uint_to_self` which comes from the expansion of the macro `impl_deserialize_num` (in Nightly builds, run with -Z macro-backtrace for more info)
help: consider importing this tuple variant
    |
1   + use core::result::Result::Ok;
    |

error[E0425]: cannot find function, tuple struct or tuple variant `Err` in this scope
   --> C:\Users\john\.cargo\registry\src\index.crates.io-1949cf8c6b5b557f\serde-1.0.219\src\de\impls.rs:350:17
    |
350 |                   Err(Error::invalid_value(Unexpected::Unsigned(v as u64), &self))
    |                   ^^^ not found in this scope
...
450 | / impl_deserialize_num! {
451 | |     usize, NonZeroUsize, deserialize_u64
452 | |     num_as_self!(u8:visit_u8 u16:visit_u16);
453 | |     int_to_uint!(i8:visit_i8 i16:visit_i16 i32:visit_i32 i64:visit_i64);
454 | |     uint_to_self!(u32:visit_u32 u64:visit_u64);
455 | | }
    | |_- in this macro invocation
    |
    = note: this error originates in the macro `uint_to_self` which comes from the expansion of the macro `impl_deserialize_num` (in Nightly builds, run with -Z macro-backtrace for more info)
help: consider importing this tuple variant
    |
1   + use core::result::Result::Err;
    |

error[E0412]: cannot find type `Result` in this scope
   --> C:\Users\john\.cargo\registry\src\index.crates.io-1949cf8c6b5b557f\serde-1.0.219\src\de\impls.rs:88:51
    |
88  |               fn deserialize<D>(deserializer: D) -> Result<Self, D::Error>
    |                                                     ^^^^^^ not found in this scope
...
450 | / impl_deserialize_num! {
451 | |     usize, NonZeroUsize, deserialize_u64
452 | |     num_as_self!(u8:visit_u8 u16:visit_u16);
453 | |     int_to_uint!(i8:visit_i8 i16:visit_i16 i32:visit_i32 i64:visit_i64);
454 | |     uint_to_self!(u32:visit_u32 u64:visit_u64);
455 | | }
    | |_- in this macro invocation
    |
    = note: this error originates in the macro `impl_deserialize_num` (in Nightly builds, run with -Z macro-backtrace for more info)
help: consider importing one of these items
    |
1   + use core::fmt::Result;
    |
1   + use core::result::Result;
    |

error[E0412]: cannot find type `Result` in this scope
   --> C:\Users\john\.cargo\registry\src\index.crates.io-1949cf8c6b5b557f\serde-1.0.219\src\de\impls.rs:202:39
    |
202 |           fn $visit<E>(self, v: $ty) -> Result<Self::Value, E>
    |                                         ^^^^^^ not found in this scope
...
450 | / impl_deserialize_num! {
451 | |     usize, NonZeroUsize, deserialize_u64
452 | |     num_as_self!(u8:visit_u8 u16:visit_u16);
453 | |     int_to_uint!(i8:visit_i8 i16:visit_i16 i32:visit_i32 i64:visit_i64);
454 | |     uint_to_self!(u32:visit_u32 u64:visit_u64);
455 | | }
    | |_- in this macro invocation
    |
    = note: this error originates in the macro `num_as_self` which comes from the expansion of the macro `impl_deserialize_num` (in Nightly builds, run with -Z macro-backtrace for more info)
help: consider importing one of these items
    |
1   + use core::fmt::Result;
    |
1   + use core::result::Result;
    |

error[E0531]: cannot find tuple struct or tuple variant `Some` in this scope
   --> C:\Users\john\.cargo\registry\src\index.crates.io-1949cf8c6b5b557f\serde-1.0.219\src\de\impls.rs:206:20
    |
206 |               if let Some(nonzero) = Self::Value::new(v as $primitive) {
    |                      ^^^^ not found in this scope
...
450 | / impl_deserialize_num! {
451 | |     usize, NonZeroUsize, deserialize_u64
452 | |     num_as_self!(u8:visit_u8 u16:visit_u16);
453 | |     int_to_uint!(i8:visit_i8 i16:visit_i16 i32:visit_i32 i64:visit_i64);
454 | |     uint_to_self!(u32:visit_u32 u64:visit_u64);
455 | | }
    | |_- in this macro invocation
    |
note: tuple variant `crate::__private::ser::content::Content::Some` exists but is inaccessible
   --> C:\Users\john\.cargo\registry\src\index.crates.io-1949cf8c6b5b557f\serde-1.0.219\src\private\ser.rs:443:9
    |
443 |         Some(Box<Content>),
    |         ^^^^^^^^^^^^^^^^^^ not accessible
    = note: this error originates in the macro `num_as_self` which comes from the expansion of the macro `impl_deserialize_num` (in Nightly builds, run with -Z macro-backtrace for more info)
help: consider importing one of these tuple variants
    |
1   + use crate::__private::de::Content::Some;
    |
1   + use core::option::Option::Some;
    |

error[E0425]: cannot find function, tuple struct or tuple variant `Ok` in this scope
   --> C:\Users\john\.cargo\registry\src\index.crates.io-1949cf8c6b5b557f\serde-1.0.219\src\de\impls.rs:207:17
    |
207 |                   Ok(nonzero)
    |                   ^^ not found in this scope
...
450 | / impl_deserialize_num! {
451 | |     usize, NonZeroUsize, deserialize_u64
452 | |     num_as_self!(u8:visit_u8 u16:visit_u16);
453 | |     int_to_uint!(i8:visit_i8 i16:visit_i16 i32:visit_i32 i64:visit_i64);
454 | |     uint_to_self!(u32:visit_u32 u64:visit_u64);
455 | | }
    | |_- in this macro invocation
    |
    = note: this error originates in the macro `num_as_self` which comes from the expansion of the macro `impl_deserialize_num` (in Nightly builds, run with -Z macro-backtrace for more info)
help: consider importing this tuple variant
    |
1   + use core::result::Result::Ok;
    |

error[E0425]: cannot find function, tuple struct or tuple variant `Err` in this scope
   --> C:\Users\john\.cargo\registry\src\index.crates.io-1949cf8c6b5b557f\serde-1.0.219\src\de\impls.rs:209:17
    |
209 |                   Err(Error::invalid_value(Unexpected::Unsigned(0), &self))
    |                   ^^^ not found in this scope
...
450 | / impl_deserialize_num! {
451 | |     usize, NonZeroUsize, deserialize_u64
452 | |     num_as_self!(u8:visit_u8 u16:visit_u16);
453 | |     int_to_uint!(i8:visit_i8 i16:visit_i16 i32:visit_i32 i64:visit_i64);
454 | |     uint_to_self!(u32:visit_u32 u64:visit_u64);
455 | | }
    | |_- in this macro invocation
    |
    = note: this error originates in the macro `num_as_self` which comes from the expansion of the macro `impl_deserialize_num` (in Nightly builds, run with -Z macro-backtrace for more info)
help: consider importing this tuple variant
    |
1   + use core::result::Result::Err;
    |

error[E0412]: cannot find type `Result` in this scope
   --> C:\Users\john\.cargo\registry\src\index.crates.io-1949cf8c6b5b557f\serde-1.0.219\src\de\impls.rs:311:39
    |
311 |           fn $visit<E>(self, v: $ty) -> Result<Self::Value, E>
    |                                         ^^^^^^ not found in this scope
...
450 | / impl_deserialize_num! {
451 | |     usize, NonZeroUsize, deserialize_u64
452 | |     num_as_self!(u8:visit_u8 u16:visit_u16);
453 | |     int_to_uint!(i8:visit_i8 i16:visit_i16 i32:visit_i32 i64:visit_i64);
454 | |     uint_to_self!(u32:visit_u32 u64:visit_u64);
455 | | }
    | |_- in this macro invocation
    |
    = note: this error originates in the macro `int_to_uint` which comes from the expansion of the macro `impl_deserialize_num` (in Nightly builds, run with -Z macro-backtrace for more info)
help: consider importing one of these items
    |
1   + use core::fmt::Result;
    |
1   + use core::result::Result;
    |

error[E0531]: cannot find tuple struct or tuple variant `Some` in this scope
   --> C:\Users\john\.cargo\registry\src\index.crates.io-1949cf8c6b5b557f\serde-1.0.219\src\de\impls.rs:316:24
    |
316 |                   if let Some(nonzero) = Self::Value::new(v as $primitive) {
    |                          ^^^^ not found in this scope
...
450 | / impl_deserialize_num! {
451 | |     usize, NonZeroUsize, deserialize_u64
452 | |     num_as_self!(u8:visit_u8 u16:visit_u16);
453 | |     int_to_uint!(i8:visit_i8 i16:visit_i16 i32:visit_i32 i64:visit_i64);
454 | |     uint_to_self!(u32:visit_u32 u64:visit_u64);
455 | | }
    | |_- in this macro invocation
    |
note: tuple variant `crate::__private::ser::content::Content::Some` exists but is inaccessible
   --> C:\Users\john\.cargo\registry\src\index.crates.io-1949cf8c6b5b557f\serde-1.0.219\src\private\ser.rs:443:9
    |
443 |         Some(Box<Content>),
    |         ^^^^^^^^^^^^^^^^^^ not accessible
    = note: this error originates in the macro `int_to_uint` which comes from the expansion of the macro `impl_deserialize_num` (in Nightly builds, run with -Z macro-backtrace for more info)
help: consider importing one of these tuple variants
    |
1   + use crate::__private::de::Content::Some;
    |
1   + use core::option::Option::Some;
    |

error[E0425]: cannot find function, tuple struct or tuple variant `Ok` in this scope
   --> C:\Users\john\.cargo\registry\src\index.crates.io-1949cf8c6b5b557f\serde-1.0.219\src\de\impls.rs:317:28
    |
317 |                       return Ok(nonzero);
    |                              ^^ not found in this scope
...
450 | / impl_deserialize_num! {
451 | |     usize, NonZeroUsize, deserialize_u64
452 | |     num_as_self!(u8:visit_u8 u16:visit_u16);
453 | |     int_to_uint!(i8:visit_i8 i16:visit_i16 i32:visit_i32 i64:visit_i64);
454 | |     uint_to_self!(u32:visit_u32 u64:visit_u64);
455 | | }
    | |_- in this macro invocation
    |
    = note: this error originates in the macro `int_to_uint` which comes from the expansion of the macro `impl_deserialize_num` (in Nightly builds, run with -Z macro-backtrace for more info)
help: consider importing this tuple variant
    |
1   + use core::result::Result::Ok;
    |

error[E0425]: cannot find function, tuple struct or tuple variant `Err` in this scope
   --> C:\Users\john\.cargo\registry\src\index.crates.io-1949cf8c6b5b557f\serde-1.0.219\src\de\impls.rs:320:13
    |
320 |               Err(Error::invalid_value(Unexpected::Signed(v as i64), &self))
    |               ^^^ not found in this scope
...
450 | / impl_deserialize_num! {
451 | |     usize, NonZeroUsize, deserialize_u64
452 | |     num_as_self!(u8:visit_u8 u16:visit_u16);
453 | |     int_to_uint!(i8:visit_i8 i16:visit_i16 i32:visit_i32 i64:visit_i64);
454 | |     uint_to_self!(u32:visit_u32 u64:visit_u64);
455 | | }
    | |_- in this macro invocation
    |
    = note: this error originates in the macro `int_to_uint` which comes from the expansion of the macro `impl_deserialize_num` (in Nightly builds, run with -Z macro-backtrace for more info)
help: consider importing this tuple variant
    |
1   + use core::result::Result::Err;
    |

error[E0412]: cannot find type `Result` in this scope
   --> C:\Users\john\.cargo\registry\src\index.crates.io-1949cf8c6b5b557f\serde-1.0.219\src\de\impls.rs:356:39
    |
356 |           fn $visit<E>(self, v: $ty) -> Result<Self::Value, E>
    |                                         ^^^^^^ not found in this scope
...
450 | / impl_deserialize_num! {
451 | |     usize, NonZeroUsize, deserialize_u64
452 | |     num_as_self!(u8:visit_u8 u16:visit_u16);
453 | |     int_to_uint!(i8:visit_i8 i16:visit_i16 i32:visit_i32 i64:visit_i64);
454 | |     uint_to_self!(u32:visit_u32 u64:visit_u64);
455 | | }
    | |_- in this macro invocation
    |
    = note: this error originates in the macro `uint_to_self` which comes from the expansion of the macro `impl_deserialize_num` (in Nightly builds, run with -Z macro-backtrace for more info)
help: consider importing one of these items
    |
1   + use core::fmt::Result;
    |
1   + use core::result::Result;
    |

error[E0531]: cannot find tuple struct or tuple variant `Some` in this scope
   --> C:\Users\john\.cargo\registry\src\index.crates.io-1949cf8c6b5b557f\serde-1.0.219\src\de\impls.rs:361:24
    |
361 |                   if let Some(nonzero) = Self::Value::new(v as $primitive) {
    |                          ^^^^ not found in this scope
...
450 | / impl_deserialize_num! {
451 | |     usize, NonZeroUsize, deserialize_u64
452 | |     num_as_self!(u8:visit_u8 u16:visit_u16);
453 | |     int_to_uint!(i8:visit_i8 i16:visit_i16 i32:visit_i32 i64:visit_i64);
454 | |     uint_to_self!(u32:visit_u32 u64:visit_u64);
455 | | }
    | |_- in this macro invocation
    |
note: tuple variant `crate::__private::ser::content::Content::Some` exists but is inaccessible
   --> C:\Users\john\.cargo\registry\src\index.crates.io-1949cf8c6b5b557f\serde-1.0.219\src\private\ser.rs:443:9
    |
443 |         Some(Box<Content>),
    |         ^^^^^^^^^^^^^^^^^^ not accessible
    = note: this error originates in the macro `uint_to_self` which comes from the expansion of the macro `impl_deserialize_num` (in Nightly builds, run with -Z macro-backtrace for more info)
help: consider importing one of these tuple variants
    |
1   + use crate::__private::de::Content::Some;
    |
1   + use core::option::Option::Some;
    |

error[E0425]: cannot find function, tuple struct or tuple variant `Ok` in this scope
   --> C:\Users\john\.cargo\registry\src\index.crates.io-1949cf8c6b5b557f\serde-1.0.219\src\de\impls.rs:362:28
    |
362 |                       return Ok(nonzero);
    |                              ^^ not found in this scope
...
450 | / impl_deserialize_num! {
451 | |     usize, NonZeroUsize, deserialize_u64
452 | |     num_as_self!(u8:visit_u8 u16:visit_u16);
453 | |     int_to_uint!(i8:visit_i8 i16:visit_i16 i32:visit_i32 i64:visit_i64);
454 | |     uint_to_self!(u32:visit_u32 u64:visit_u64);
455 | | }
    | |_- in this macro invocation
    |
    = note: this error originates in the macro `uint_to_self` which comes from the expansion of the macro `impl_deserialize_num` (in Nightly builds, run with -Z macro-backtrace for more info)
help: consider importing this tuple variant
    |
1   + use core::result::Result::Ok;
    |

error[E0425]: cannot find function, tuple struct or tuple variant `Err` in this scope
   --> C:\Users\john\.cargo\registry\src\index.crates.io-1949cf8c6b5b557f\serde-1.0.219\src\de\impls.rs:365:13
    |
365 |               Err(Error::invalid_value(Unexpected::Unsigned(v as u64), &self))
    |               ^^^ not found in this scope
...
450 | / impl_deserialize_num! {
451 | |     usize, NonZeroUsize, deserialize_u64
452 | |     num_as_self!(u8:visit_u8 u16:visit_u16);
453 | |     int_to_uint!(i8:visit_i8 i16:visit_i16 i32:visit_i32 i64:visit_i64);
454 | |     uint_to_self!(u32:visit_u32 u64:visit_u64);
455 | | }
    | |_- in this macro invocation
    |
    = note: this error originates in the macro `uint_to_self` which comes from the expansion of the macro `impl_deserialize_num` (in Nightly builds, run with -Z macro-backtrace for more info)
help: consider importing this tuple variant
    |
1   + use core::result::Result::Err;
    |

error[E0412]: cannot find type `Result` in this scope
   --> C:\Users\john\.cargo\registry\src\index.crates.io-1949cf8c6b5b557f\serde-1.0.219\src\de\impls.rs:110:51
    |
110 |               fn deserialize<D>(deserializer: D) -> Result<Self, D::Error>
    |                                                     ^^^^^^ not found in this scope
...
450 | / impl_deserialize_num! {
451 | |     usize, NonZeroUsize, deserialize_u64
452 | |     num_as_self!(u8:visit_u8 u16:visit_u16);
453 | |     int_to_uint!(i8:visit_i8 i16:visit_i16 i32:visit_i32 i64:visit_i64);
454 | |     uint_to_self!(u32:visit_u32 u64:visit_u64);
455 | | }
    | |_- in this macro invocation
    |
    = note: this error originates in the macro `impl_deserialize_num` (in Nightly builds, run with -Z macro-backtrace for more info)
help: consider importing one of these items
    |
1   + use core::fmt::Result;
    |
1   + use core::result::Result;
    |

error[E0412]: cannot find type `Result` in this scope
   --> C:\Users\john\.cargo\registry\src\index.crates.io-1949cf8c6b5b557f\serde-1.0.219\src\de\impls.rs:215:39
    |
215 |           fn $visit<E>(self, v: $ty) -> Result<Self::Value, E>
    |                                         ^^^^^^ not found in this scope
...
450 | / impl_deserialize_num! {
451 | |     usize, NonZeroUsize, deserialize_u64
452 | |     num_as_self!(u8:visit_u8 u16:visit_u16);
453 | |     int_to_uint!(i8:visit_i8 i16:visit_i16 i32:visit_i32 i64:visit_i64);
454 | |     uint_to_self!(u32:visit_u32 u64:visit_u64);
455 | | }
    | |_- in this macro invocation
    |
    = note: this error originates in the macro `num_as_self` which comes from the expansion of the macro `impl_deserialize_num` (in Nightly builds, run with -Z macro-backtrace for more info)
help: consider importing one of these items
    |
1   + use core::fmt::Result;
    |
1   + use core::result::Result;
    |

error[E0425]: cannot find function, tuple struct or tuple variant `Ok` in this scope
   --> C:\Users\john\.cargo\registry\src\index.crates.io-1949cf8c6b5b557f\serde-1.0.219\src\de\impls.rs:219:13
    |
219 |               Ok(Saturating(v as $primitive))
    |               ^^ not found in this scope
...
450 | / impl_deserialize_num! {
451 | |     usize, NonZeroUsize, deserialize_u64
452 | |     num_as_self!(u8:visit_u8 u16:visit_u16);
453 | |     int_to_uint!(i8:visit_i8 i16:visit_i16 i32:visit_i32 i64:visit_i64);
454 | |     uint_to_self!(u32:visit_u32 u64:visit_u64);
455 | | }
    | |_- in this macro invocation
    |
    = note: this error originates in the macro `num_as_self` which comes from the expansion of the macro `impl_deserialize_num` (in Nightly builds, run with -Z macro-backtrace for more info)
help: consider importing this tuple variant
    |
1   + use core::result::Result::Ok;
    |

error[E0412]: cannot find type `Result` in this scope
   --> C:\Users\john\.cargo\registry\src\index.crates.io-1949cf8c6b5b557f\serde-1.0.219\src\de\impls.rs:325:39
    |
325 |           fn $visit<E>(self, v: $ty) -> Result<Self::Value, E>
    |                                         ^^^^^^ not found in this scope
...
450 | / impl_deserialize_num! {
451 | |     usize, NonZeroUsize, deserialize_u64
452 | |     num_as_self!(u8:visit_u8 u16:visit_u16);
453 | |     int_to_uint!(i8:visit_i8 i16:visit_i16 i32:visit_i32 i64:visit_i64);
454 | |     uint_to_self!(u32:visit_u32 u64:visit_u64);
455 | | }
    | |_- in this macro invocation
    |
    = note: this error originates in the macro `int_to_uint` which comes from the expansion of the macro `impl_deserialize_num` (in Nightly builds, run with -Z macro-backtrace for more info)
help: consider importing one of these items
    |
1   + use core::fmt::Result;
    |
1   + use core::result::Result;
    |

error[E0425]: cannot find function, tuple struct or tuple variant `Ok` in this scope
   --> C:\Users\john\.cargo\registry\src\index.crates.io-1949cf8c6b5b557f\serde-1.0.219\src\de\impls.rs:330:17
    |
330 |                   Ok(Saturating(0))
    |                   ^^ not found in this scope
...
450 | / impl_deserialize_num! {
451 | |     usize, NonZeroUsize, deserialize_u64
452 | |     num_as_self!(u8:visit_u8 u16:visit_u16);
453 | |     int_to_uint!(i8:visit_i8 i16:visit_i16 i32:visit_i32 i64:visit_i64);
454 | |     uint_to_self!(u32:visit_u32 u64:visit_u64);
455 | | }
    | |_- in this macro invocation
    |
    = note: this error originates in the macro `int_to_uint` which comes from the expansion of the macro `impl_deserialize_num` (in Nightly builds, run with -Z macro-backtrace for more info)
help: consider importing this tuple variant
    |
1   + use core::result::Result::Ok;
    |

error[E0425]: cannot find function, tuple struct or tuple variant `Ok` in this scope
   --> C:\Users\john\.cargo\registry\src\index.crates.io-1949cf8c6b5b557f\serde-1.0.219\src\de\impls.rs:332:17
    |
332 |                   Ok(Saturating($primitive::MAX))
    |                   ^^ not found in this scope
...
450 | / impl_deserialize_num! {
451 | |     usize, NonZeroUsize, deserialize_u64
452 | |     num_as_self!(u8:visit_u8 u16:visit_u16);
453 | |     int_to_uint!(i8:visit_i8 i16:visit_i16 i32:visit_i32 i64:visit_i64);
454 | |     uint_to_self!(u32:visit_u32 u64:visit_u64);
455 | | }
    | |_- in this macro invocation
    |
    = note: this error originates in the macro `int_to_uint` which comes from the expansion of the macro `impl_deserialize_num` (in Nightly builds, run with -Z macro-backtrace for more info)
help: consider importing this tuple variant
    |
1   + use core::result::Result::Ok;
    |

error[E0425]: cannot find function, tuple struct or tuple variant `Ok` in this scope
   --> C:\Users\john\.cargo\registry\src\index.crates.io-1949cf8c6b5b557f\serde-1.0.219\src\de\impls.rs:334:17
    |
334 |                   Ok(Saturating(v as $primitive))
    |                   ^^ not found in this scope
...
450 | / impl_deserialize_num! {
451 | |     usize, NonZeroUsize, deserialize_u64
452 | |     num_as_self!(u8:visit_u8 u16:visit_u16);
453 | |     int_to_uint!(i8:visit_i8 i16:visit_i16 i32:visit_i32 i64:visit_i64);
454 | |     uint_to_self!(u32:visit_u32 u64:visit_u64);
455 | | }
    | |_- in this macro invocation
    |
    = note: this error originates in the macro `int_to_uint` which comes from the expansion of the macro `impl_deserialize_num` (in Nightly builds, run with -Z macro-backtrace for more info)
help: consider importing this tuple variant
    |
1   + use core::result::Result::Ok;
    |

error[E0412]: cannot find type `Result` in this scope
   --> C:\Users\john\.cargo\registry\src\index.crates.io-1949cf8c6b5b557f\serde-1.0.219\src\de\impls.rs:370:39
    |
370 |           fn $visit<E>(self, v: $ty) -> Result<Self::Value, E>
    |                                         ^^^^^^ not found in this scope
...
450 | / impl_deserialize_num! {
451 | |     usize, NonZeroUsize, deserialize_u64
452 | |     num_as_self!(u8:visit_u8 u16:visit_u16);
453 | |     int_to_uint!(i8:visit_i8 i16:visit_i16 i32:visit_i32 i64:visit_i64);
454 | |     uint_to_self!(u32:visit_u32 u64:visit_u64);
455 | | }
    | |_- in this macro invocation
    |
    = note: this error originates in the macro `uint_to_self` which comes from the expansion of the macro `impl_deserialize_num` (in Nightly builds, run with -Z macro-backtrace for more info)
help: consider importing one of these items
    |
1   + use core::fmt::Result;
    |
1   + use core::result::Result;
    |

error[E0425]: cannot find function, tuple struct or tuple variant `Ok` in this scope
   --> C:\Users\john\.cargo\registry\src\index.crates.io-1949cf8c6b5b557f\serde-1.0.219\src\de\impls.rs:375:17
    |
375 |                   Ok(Saturating(v as $primitive))
    |                   ^^ not found in this scope
...
450 | / impl_deserialize_num! {
451 | |     usize, NonZeroUsize, deserialize_u64
452 | |     num_as_self!(u8:visit_u8 u16:visit_u16);
453 | |     int_to_uint!(i8:visit_i8 i16:visit_i16 i32:visit_i32 i64:visit_i64);
454 | |     uint_to_self!(u32:visit_u32 u64:visit_u64);
455 | | }
    | |_- in this macro invocation
    |
    = note: this error originates in the macro `uint_to_self` which comes from the expansion of the macro `impl_deserialize_num` (in Nightly builds, run with -Z macro-backtrace for more info)
help: consider importing this tuple variant
    |
1   + use core::result::Result::Ok;
    |

error[E0425]: cannot find function, tuple struct or tuple variant `Ok` in this scope
   --> C:\Users\john\.cargo\registry\src\index.crates.io-1949cf8c6b5b557f\serde-1.0.219\src\de\impls.rs:377:17
    |
377 |                   Ok(Saturating($primitive::MAX))
    |                   ^^ not found in this scope
...
450 | / impl_deserialize_num! {
451 | |     usize, NonZeroUsize, deserialize_u64
452 | |     num_as_self!(u8:visit_u8 u16:visit_u16);
453 | |     int_to_uint!(i8:visit_i8 i16:visit_i16 i32:visit_i32 i64:visit_i64);
454 | |     uint_to_self!(u32:visit_u32 u64:visit_u64);
455 | | }
    | |_- in this macro invocation
    |
    = note: this error originates in the macro `uint_to_self` which comes from the expansion of the macro `impl_deserialize_num` (in Nightly builds, run with -Z macro-backtrace for more info)
help: consider importing this tuple variant
    |
1   + use core::result::Result::Ok;
    |

error[E0412]: cannot find type `Result` in this scope
   --> C:\Users\john\.cargo\registry\src\index.crates.io-1949cf8c6b5b557f\serde-1.0.219\src\de\impls.rs:134:51
    |
134 |               fn deserialize<D>(deserializer: D) -> Result<Self, D::Error>
    |                                                     ^^^^^^ not found in this scope
...
457 | / impl_deserialize_num! {
458 | |     f32, deserialize_f32
459 | |     num_self!(f32:visit_f32);
460 | |     num_as_copysign_self!(f64:visit_f64);
461 | |     num_as_self!(i8:visit_i8 i16:visit_i16 i32:visit_i32 i64:visit_i64);
462 | |     num_as_self!(u8:visit_u8 u16:visit_u16 u32:visit_u32 u64:visit_u64);
463 | | }
    | |_- in this macro invocation
    |
    = note: this error originates in the macro `impl_deserialize_num` (in Nightly builds, run with -Z macro-backtrace for more info)
help: consider importing one of these items
    |
1   + use core::fmt::Result;
    |
1   + use core::result::Result;
    |

error[E0412]: cannot find type `Result` in this scope
   --> C:\Users\john\.cargo\registry\src\index.crates.io-1949cf8c6b5b557f\serde-1.0.219\src\de\impls.rs:159:39
    |
159 |           fn $visit<E>(self, v: $ty) -> Result<Self::Value, E>
    |                                         ^^^^^^ not found in this scope
...
457 | / impl_deserialize_num! {
458 | |     f32, deserialize_f32
459 | |     num_self!(f32:visit_f32);
460 | |     num_as_copysign_self!(f64:visit_f64);
461 | |     num_as_self!(i8:visit_i8 i16:visit_i16 i32:visit_i32 i64:visit_i64);
462 | |     num_as_self!(u8:visit_u8 u16:visit_u16 u32:visit_u32 u64:visit_u64);
463 | | }
    | |_- in this macro invocation
    |
    = note: this error originates in the macro `num_self` which comes from the expansion of the macro `impl_deserialize_num` (in Nightly builds, run with -Z macro-backtrace for more info)
help: consider importing one of these items
    |
1   + use core::fmt::Result;
    |
1   + use core::result::Result;
    |

error[E0425]: cannot find function, tuple struct or tuple variant `Ok` in this scope
   --> C:\Users\john\.cargo\registry\src\index.crates.io-1949cf8c6b5b557f\serde-1.0.219\src\de\impls.rs:163:13
    |
163 |               Ok(v)
    |               ^^ not found in this scope
...
457 | / impl_deserialize_num! {
458 | |     f32, deserialize_f32
459 | |     num_self!(f32:visit_f32);
460 | |     num_as_copysign_self!(f64:visit_f64);
461 | |     num_as_self!(i8:visit_i8 i16:visit_i16 i32:visit_i32 i64:visit_i64);
462 | |     num_as_self!(u8:visit_u8 u16:visit_u16 u32:visit_u32 u64:visit_u64);
463 | | }
    | |_- in this macro invocation
    |
    = note: this error originates in the macro `num_self` which comes from the expansion of the macro `impl_deserialize_num` (in Nightly builds, run with -Z macro-backtrace for more info)
help: consider importing this tuple variant
    |
1   + use core::result::Result::Ok;
    |

error[E0412]: cannot find type `Result` in this scope
   --> C:\Users\john\.cargo\registry\src\index.crates.io-1949cf8c6b5b557f\serde-1.0.219\src\de\impls.rs:227:39
    |
227 |           fn $visit<E>(self, v: $ty) -> Result<Self::Value, E>
    |                                         ^^^^^^ not found in this scope
...
457 | / impl_deserialize_num! {
458 | |     f32, deserialize_f32
459 | |     num_self!(f32:visit_f32);
460 | |     num_as_copysign_self!(f64:visit_f64);
461 | |     num_as_self!(i8:visit_i8 i16:visit_i16 i32:visit_i32 i64:visit_i64);
462 | |     num_as_self!(u8:visit_u8 u16:visit_u16 u32:visit_u32 u64:visit_u64);
463 | | }
    | |_- in this macro invocation
    |
    = note: this error originates in the macro `num_as_copysign_self` which comes from the expansion of the macro `impl_deserialize_num` (in Nightly builds, run with -Z macro-backtrace for more info)
help: consider importing one of these items
    |
1   + use core::fmt::Result;
    |
1   + use core::result::Result;
    |

error[E0425]: cannot find function, tuple struct or tuple variant `Ok` in this scope
   --> C:\Users\john\.cargo\registry\src\index.crates.io-1949cf8c6b5b557f\serde-1.0.219\src\de\impls.rs:240:17
    |
240 |                   Ok((v as Self::Value).copysign(sign))
    |                   ^^ not found in this scope
...
457 | / impl_deserialize_num! {
458 | |     f32, deserialize_f32
459 | |     num_self!(f32:visit_f32);
460 | |     num_as_copysign_self!(f64:visit_f64);
461 | |     num_as_self!(i8:visit_i8 i16:visit_i16 i32:visit_i32 i64:visit_i64);
462 | |     num_as_self!(u8:visit_u8 u16:visit_u16 u32:visit_u32 u64:visit_u64);
463 | | }
    | |_- in this macro invocation
    |
    = note: this error originates in the macro `num_as_copysign_self` which comes from the expansion of the macro `impl_deserialize_num` (in Nightly builds, run with -Z macro-backtrace for more info)
help: consider importing this tuple variant
    |
1   + use core::result::Result::Ok;
    |

error[E0412]: cannot find type `Result` in this scope
   --> C:\Users\john\.cargo\registry\src\index.crates.io-1949cf8c6b5b557f\serde-1.0.219\src\de\impls.rs:193:39
    |
193 |           fn $visit<E>(self, v: $ty) -> Result<Self::Value, E>
    |                                         ^^^^^^ not found in this scope
...
457 | / impl_deserialize_num! {
458 | |     f32, deserialize_f32
459 | |     num_self!(f32:visit_f32);
460 | |     num_as_copysign_self!(f64:visit_f64);
461 | |     num_as_self!(i8:visit_i8 i16:visit_i16 i32:visit_i32 i64:visit_i64);
462 | |     num_as_self!(u8:visit_u8 u16:visit_u16 u32:visit_u32 u64:visit_u64);
463 | | }
    | |_- in this macro invocation
    |
    = note: this error originates in the macro `num_as_self` which comes from the expansion of the macro `impl_deserialize_num` (in Nightly builds, run with -Z macro-backtrace for more info)
help: consider importing one of these items
    |
1   + use core::fmt::Result;
    |
1   + use core::result::Result;
    |

error[E0425]: cannot find function, tuple struct or tuple variant `Ok` in this scope
   --> C:\Users\john\.cargo\registry\src\index.crates.io-1949cf8c6b5b557f\serde-1.0.219\src\de\impls.rs:197:13
    |
197 |               Ok(v as Self::Value)
    |               ^^ not found in this scope
...
457 | / impl_deserialize_num! {
458 | |     f32, deserialize_f32
459 | |     num_self!(f32:visit_f32);
460 | |     num_as_copysign_self!(f64:visit_f64);
461 | |     num_as_self!(i8:visit_i8 i16:visit_i16 i32:visit_i32 i64:visit_i64);
462 | |     num_as_self!(u8:visit_u8 u16:visit_u16 u32:visit_u32 u64:visit_u64);
463 | | }
    | |_- in this macro invocation
    |
    = note: this error originates in the macro `num_as_self` which comes from the expansion of the macro `impl_deserialize_num` (in Nightly builds, run with -Z macro-backtrace for more info)
help: consider importing this tuple variant
    |
1   + use core::result::Result::Ok;
    |

error[E0412]: cannot find type `Result` in this scope
   --> C:\Users\john\.cargo\registry\src\index.crates.io-1949cf8c6b5b557f\serde-1.0.219\src\de\impls.rs:134:51
    |
134 |               fn deserialize<D>(deserializer: D) -> Result<Self, D::Error>
    |                                                     ^^^^^^ not found in this scope
...
465 | / impl_deserialize_num! {
466 | |     f64, deserialize_f64
467 | |     num_self!(f64:visit_f64);
468 | |     num_as_copysign_self!(f32:visit_f32);
469 | |     num_as_self!(i8:visit_i8 i16:visit_i16 i32:visit_i32 i64:visit_i64);
470 | |     num_as_self!(u8:visit_u8 u16:visit_u16 u32:visit_u32 u64:visit_u64);
471 | | }
    | |_- in this macro invocation
    |
    = note: this error originates in the macro `impl_deserialize_num` (in Nightly builds, run with -Z macro-backtrace for more info)
help: consider importing one of these items
    |
1   + use core::fmt::Result;
    |
1   + use core::result::Result;
    |

error[E0412]: cannot find type `Result` in this scope
   --> C:\Users\john\.cargo\registry\src\index.crates.io-1949cf8c6b5b557f\serde-1.0.219\src\de\impls.rs:159:39
    |
159 |           fn $visit<E>(self, v: $ty) -> Result<Self::Value, E>
    |                                         ^^^^^^ not found in this scope
...
465 | / impl_deserialize_num! {
466 | |     f64, deserialize_f64
467 | |     num_self!(f64:visit_f64);
468 | |     num_as_copysign_self!(f32:visit_f32);
469 | |     num_as_self!(i8:visit_i8 i16:visit_i16 i32:visit_i32 i64:visit_i64);
470 | |     num_as_self!(u8:visit_u8 u16:visit_u16 u32:visit_u32 u64:visit_u64);
471 | | }
    | |_- in this macro invocation
    |
    = note: this error originates in the macro `num_self` which comes from the expansion of the macro `impl_deserialize_num` (in Nightly builds, run with -Z macro-backtrace for more info)
help: consider importing one of these items
    |
1   + use core::fmt::Result;
    |
1   + use core::result::Result;
    |

error[E0425]: cannot find function, tuple struct or tuple variant `Ok` in this scope
   --> C:\Users\john\.cargo\registry\src\index.crates.io-1949cf8c6b5b557f\serde-1.0.219\src\de\impls.rs:163:13
    |
163 |               Ok(v)
    |               ^^ not found in this scope
...
465 | / impl_deserialize_num! {
466 | |     f64, deserialize_f64
467 | |     num_self!(f64:visit_f64);
468 | |     num_as_copysign_self!(f32:visit_f32);
469 | |     num_as_self!(i8:visit_i8 i16:visit_i16 i32:visit_i32 i64:visit_i64);
470 | |     num_as_self!(u8:visit_u8 u16:visit_u16 u32:visit_u32 u64:visit_u64);
471 | | }
    | |_- in this macro invocation
    |
    = note: this error originates in the macro `num_self` which comes from the expansion of the macro `impl_deserialize_num` (in Nightly builds, run with -Z macro-backtrace for more info)
help: consider importing this tuple variant
    |
1   + use core::result::Result::Ok;
    |

error[E0412]: cannot find type `Result` in this scope
   --> C:\Users\john\.cargo\registry\src\index.crates.io-1949cf8c6b5b557f\serde-1.0.219\src\de\impls.rs:227:39
    |
227 |           fn $visit<E>(self, v: $ty) -> Result<Self::Value, E>
    |                                         ^^^^^^ not found in this scope
...
465 | / impl_deserialize_num! {
466 | |     f64, deserialize_f64
467 | |     num_self!(f64:visit_f64);
468 | |     num_as_copysign_self!(f32:visit_f32);
469 | |     num_as_self!(i8:visit_i8 i16:visit_i16 i32:visit_i32 i64:visit_i64);
470 | |     num_as_self!(u8:visit_u8 u16:visit_u16 u32:visit_u32 u64:visit_u64);
471 | | }
    | |_- in this macro invocation
    |
    = note: this error originates in the macro `num_as_copysign_self` which comes from the expansion of the macro `impl_deserialize_num` (in Nightly builds, run with -Z macro-backtrace for more info)
help: consider importing one of these items
    |
1   + use core::fmt::Result;
    |
1   + use core::result::Result;
    |

error[E0425]: cannot find function, tuple struct or tuple variant `Ok` in this scope
   --> C:\Users\john\.cargo\registry\src\index.crates.io-1949cf8c6b5b557f\serde-1.0.219\src\de\impls.rs:240:17
    |
240 |                   Ok((v as Self::Value).copysign(sign))
    |                   ^^ not found in this scope
...
465 | / impl_deserialize_num! {
466 | |     f64, deserialize_f64
467 | |     num_self!(f64:visit_f64);
468 | |     num_as_copysign_self!(f32:visit_f32);
469 | |     num_as_self!(i8:visit_i8 i16:visit_i16 i32:visit_i32 i64:visit_i64);
470 | |     num_as_self!(u8:visit_u8 u16:visit_u16 u32:visit_u32 u64:visit_u64);
471 | | }
    | |_- in this macro invocation
    |
    = note: this error originates in the macro `num_as_copysign_self` which comes from the expansion of the macro `impl_deserialize_num` (in Nightly builds, run with -Z macro-backtrace for more info)
help: consider importing this tuple variant
    |
1   + use core::result::Result::Ok;
    |

error[E0412]: cannot find type `Result` in this scope
   --> C:\Users\john\.cargo\registry\src\index.crates.io-1949cf8c6b5b557f\serde-1.0.219\src\de\impls.rs:193:39
    |
193 |           fn $visit<E>(self, v: $ty) -> Result<Self::Value, E>
    |                                         ^^^^^^ not found in this scope
...
465 | / impl_deserialize_num! {
466 | |     f64, deserialize_f64
467 | |     num_self!(f64:visit_f64);
468 | |     num_as_copysign_self!(f32:visit_f32);
469 | |     num_as_self!(i8:visit_i8 i16:visit_i16 i32:visit_i32 i64:visit_i64);
470 | |     num_as_self!(u8:visit_u8 u16:visit_u16 u32:visit_u32 u64:visit_u64);
471 | | }
    | |_- in this macro invocation
    |
    = note: this error originates in the macro `num_as_self` which comes from the expansion of the macro `impl_deserialize_num` (in Nightly builds, run with -Z macro-backtrace for more info)
help: consider importing one of these items
    |
1   + use core::fmt::Result;
    |
1   + use core::result::Result;
    |

error[E0425]: cannot find function, tuple struct or tuple variant `Ok` in this scope
   --> C:\Users\john\.cargo\registry\src\index.crates.io-1949cf8c6b5b557f\serde-1.0.219\src\de\impls.rs:197:13
    |
197 |               Ok(v as Self::Value)
    |               ^^ not found in this scope
...
465 | / impl_deserialize_num! {
466 | |     f64, deserialize_f64
467 | |     num_self!(f64:visit_f64);
468 | |     num_as_copysign_self!(f32:visit_f32);
469 | |     num_as_self!(i8:visit_i8 i16:visit_i16 i32:visit_i32 i64:visit_i64);
470 | |     num_as_self!(u8:visit_u8 u16:visit_u16 u32:visit_u32 u64:visit_u64);
471 | | }
    | |_- in this macro invocation
    |
    = note: this error originates in the macro `num_as_self` which comes from the expansion of the macro `impl_deserialize_num` (in Nightly builds, run with -Z macro-backtrace for more info)
help: consider importing this tuple variant
    |
1   + use core::result::Result::Ok;
    |

error[E0412]: cannot find type `Result` in this scope
   --> C:\Users\john\.cargo\registry\src\index.crates.io-1949cf8c6b5b557f\serde-1.0.219\src\de\impls.rs:134:51
    |
134 |               fn deserialize<D>(deserializer: D) -> Result<Self, D::Error>
    |                                                     ^^^^^^ not found in this scope
...
530 | / impl_deserialize_num! {
531 | |     i128, NonZeroI128 cfg(not(no_num_nonzero_signed)), deserialize_i128
532 | |     num_self!(i128:visit_i128);
533 | |     num_as_self!(i8:visit_i8 i16:visit_i16 i32:visit_i32 i64:visit_i64);
534 | |     num_as_self!(u8:visit_u8 u16:visit_u16 u32:visit_u32 u64:visit_u64);
535 | |     num_128!(u128:visit_u128);
536 | | }
    | |_- in this macro invocation
    |
    = note: this error originates in the macro `impl_deserialize_num` (in Nightly builds, run with -Z macro-backtrace for more info)
help: consider importing one of these items
    |
1   + use core::fmt::Result;
    |
1   + use core::result::Result;
    |

error[E0412]: cannot find type `Result` in this scope
   --> C:\Users\john\.cargo\registry\src\index.crates.io-1949cf8c6b5b557f\serde-1.0.219\src\de\impls.rs:159:39
    |
159 |           fn $visit<E>(self, v: $ty) -> Result<Self::Value, E>
    |                                         ^^^^^^ not found in this scope
...
530 | / impl_deserialize_num! {
531 | |     i128, NonZeroI128 cfg(not(no_num_nonzero_signed)), deserialize_i128
532 | |     num_self!(i128:visit_i128);
533 | |     num_as_self!(i8:visit_i8 i16:visit_i16 i32:visit_i32 i64:visit_i64);
534 | |     num_as_self!(u8:visit_u8 u16:visit_u16 u32:visit_u32 u64:visit_u64);
535 | |     num_128!(u128:visit_u128);
536 | | }
    | |_- in this macro invocation
    |
    = note: this error originates in the macro `num_self` which comes from the expansion of the macro `impl_deserialize_num` (in Nightly builds, run with -Z macro-backtrace for more info)
help: consider importing one of these items
    |
1   + use core::fmt::Result;
    |
1   + use core::result::Result;
    |

error[E0425]: cannot find function, tuple struct or tuple variant `Ok` in this scope
   --> C:\Users\john\.cargo\registry\src\index.crates.io-1949cf8c6b5b557f\serde-1.0.219\src\de\impls.rs:163:13
    |
163 |               Ok(v)
    |               ^^ not found in this scope
...
530 | / impl_deserialize_num! {
531 | |     i128, NonZeroI128 cfg(not(no_num_nonzero_signed)), deserialize_i128
532 | |     num_self!(i128:visit_i128);
533 | |     num_as_self!(i8:visit_i8 i16:visit_i16 i32:visit_i32 i64:visit_i64);
534 | |     num_as_self!(u8:visit_u8 u16:visit_u16 u32:visit_u32 u64:visit_u64);
535 | |     num_128!(u128:visit_u128);
536 | | }
    | |_- in this macro invocation
    |
    = note: this error originates in the macro `num_self` which comes from the expansion of the macro `impl_deserialize_num` (in Nightly builds, run with -Z macro-backtrace for more info)
help: consider importing this tuple variant
    |
1   + use core::result::Result::Ok;
    |

error[E0412]: cannot find type `Result` in this scope
   --> C:\Users\john\.cargo\registry\src\index.crates.io-1949cf8c6b5b557f\serde-1.0.219\src\de\impls.rs:193:39
    |
193 |           fn $visit<E>(self, v: $ty) -> Result<Self::Value, E>
    |                                         ^^^^^^ not found in this scope
...
530 | / impl_deserialize_num! {
531 | |     i128, NonZeroI128 cfg(not(no_num_nonzero_signed)), deserialize_i128
532 | |     num_self!(i128:visit_i128);
533 | |     num_as_self!(i8:visit_i8 i16:visit_i16 i32:visit_i32 i64:visit_i64);
534 | |     num_as_self!(u8:visit_u8 u16:visit_u16 u32:visit_u32 u64:visit_u64);
535 | |     num_128!(u128:visit_u128);
536 | | }
    | |_- in this macro invocation
    |
    = note: this error originates in the macro `num_as_self` which comes from the expansion of the macro `impl_deserialize_num` (in Nightly builds, run with -Z macro-backtrace for more info)
help: consider importing one of these items
    |
1   + use core::fmt::Result;
    |
1   + use core::result::Result;
    |

error[E0425]: cannot find function, tuple struct or tuple variant `Ok` in this scope
   --> C:\Users\john\.cargo\registry\src\index.crates.io-1949cf8c6b5b557f\serde-1.0.219\src\de\impls.rs:197:13
    |
197 |               Ok(v as Self::Value)
    |               ^^ not found in this scope
...
530 | / impl_deserialize_num! {
531 | |     i128, NonZeroI128 cfg(not(no_num_nonzero_signed)), deserialize_i128
532 | |     num_self!(i128:visit_i128);
533 | |     num_as_self!(i8:visit_i8 i16:visit_i16 i32:visit_i32 i64:visit_i64);
534 | |     num_as_self!(u8:visit_u8 u16:visit_u16 u32:visit_u32 u64:visit_u64);
535 | |     num_128!(u128:visit_u128);
536 | | }
    | |_- in this macro invocation
    |
    = note: this error originates in the macro `num_as_self` which comes from the expansion of the macro `impl_deserialize_num` (in Nightly builds, run with -Z macro-backtrace for more info)
help: consider importing this tuple variant
    |
1   + use core::result::Result::Ok;
    |

error[E0412]: cannot find type `Result` in this scope
   --> C:\Users\john\.cargo\registry\src\index.crates.io-1949cf8c6b5b557f\serde-1.0.219\src\de\impls.rs:475:39
    |
475 |           fn $visit<E>(self, v: $ty) -> Result<Self::Value, E>
    |                                         ^^^^^^ not found in this scope
...
530 | / impl_deserialize_num! {
531 | |     i128, NonZeroI128 cfg(not(no_num_nonzero_signed)), deserialize_i128
532 | |     num_self!(i128:visit_i128);
533 | |     num_as_self!(i8:visit_i8 i16:visit_i16 i32:visit_i32 i64:visit_i64);
534 | |     num_as_self!(u8:visit_u8 u16:visit_u16 u32:visit_u32 u64:visit_u64);
535 | |     num_128!(u128:visit_u128);
536 | | }
    | |_- in this macro invocation
    |
    = note: this error originates in the macro `num_128` which comes from the expansion of the macro `impl_deserialize_num` (in Nightly builds, run with -Z macro-backtrace for more info)
help: consider importing one of these items
    |
1   + use core::fmt::Result;
    |
1   + use core::result::Result;
    |

error[E0425]: cannot find function, tuple struct or tuple variant `Ok` in this scope
   --> C:\Users\john\.cargo\registry\src\index.crates.io-1949cf8c6b5b557f\serde-1.0.219\src\de\impls.rs:482:17
    |
482 |                   Ok(v as Self::Value)
    |                   ^^ not found in this scope
...
530 | / impl_deserialize_num! {
531 | |     i128, NonZeroI128 cfg(not(no_num_nonzero_signed)), deserialize_i128
532 | |     num_self!(i128:visit_i128);
533 | |     num_as_self!(i8:visit_i8 i16:visit_i16 i32:visit_i32 i64:visit_i64);
534 | |     num_as_self!(u8:visit_u8 u16:visit_u16 u32:visit_u32 u64:visit_u64);
535 | |     num_128!(u128:visit_u128);
536 | | }
    | |_- in this macro invocation
    |
    = note: this error originates in the macro `num_128` which comes from the expansion of the macro `impl_deserialize_num` (in Nightly builds, run with -Z macro-backtrace for more info)
help: consider importing this tuple variant
    |
1   + use core::result::Result::Ok;
    |

error[E0425]: cannot find function, tuple struct or tuple variant `Err` in this scope
   --> C:\Users\john\.cargo\registry\src\index.crates.io-1949cf8c6b5b557f\serde-1.0.219\src\de\impls.rs:484:17
    |
484 |                   Err(Error::invalid_value(
    |                   ^^^ not found in this scope
...
530 | / impl_deserialize_num! {
531 | |     i128, NonZeroI128 cfg(not(no_num_nonzero_signed)), deserialize_i128
532 | |     num_self!(i128:visit_i128);
533 | |     num_as_self!(i8:visit_i8 i16:visit_i16 i32:visit_i32 i64:visit_i64);
534 | |     num_as_self!(u8:visit_u8 u16:visit_u16 u32:visit_u32 u64:visit_u64);
535 | |     num_128!(u128:visit_u128);
536 | | }
    | |_- in this macro invocation
    |
    = note: this error originates in the macro `num_128` which comes from the expansion of the macro `impl_deserialize_num` (in Nightly builds, run with -Z macro-backtrace for more info)
help: consider importing this tuple variant
    |
1   + use core::result::Result::Err;
    |

error[E0412]: cannot find type `Result` in this scope
   --> C:\Users\john\.cargo\registry\src\index.crates.io-1949cf8c6b5b557f\serde-1.0.219\src\de\impls.rs:88:51
    |
88  |               fn deserialize<D>(deserializer: D) -> Result<Self, D::Error>
    |                                                     ^^^^^^ not found in this scope
...
530 | / impl_deserialize_num! {
531 | |     i128, NonZeroI128 cfg(not(no_num_nonzero_signed)), deserialize_i128
532 | |     num_self!(i128:visit_i128);
533 | |     num_as_self!(i8:visit_i8 i16:visit_i16 i32:visit_i32 i64:visit_i64);
534 | |     num_as_self!(u8:visit_u8 u16:visit_u16 u32:visit_u32 u64:visit_u64);
535 | |     num_128!(u128:visit_u128);
536 | | }
    | |_- in this macro invocation
    |
    = note: this error originates in the macro `impl_deserialize_num` (in Nightly builds, run with -Z macro-backtrace for more info)
help: consider importing one of these items
    |
1   + use core::fmt::Result;
    |
1   + use core::result::Result;
    |

error[E0412]: cannot find type `Result` in this scope
   --> C:\Users\john\.cargo\registry\src\index.crates.io-1949cf8c6b5b557f\serde-1.0.219\src\de\impls.rs:168:39
    |
168 |           fn $visit<E>(self, v: $ty) -> Result<Self::Value, E>
    |                                         ^^^^^^ not found in this scope
...
530 | / impl_deserialize_num! {
531 | |     i128, NonZeroI128 cfg(not(no_num_nonzero_signed)), deserialize_i128
532 | |     num_self!(i128:visit_i128);
533 | |     num_as_self!(i8:visit_i8 i16:visit_i16 i32:visit_i32 i64:visit_i64);
534 | |     num_as_self!(u8:visit_u8 u16:visit_u16 u32:visit_u32 u64:visit_u64);
535 | |     num_128!(u128:visit_u128);
536 | | }
    | |_- in this macro invocation
    |
    = note: this error originates in the macro `num_self` which comes from the expansion of the macro `impl_deserialize_num` (in Nightly builds, run with -Z macro-backtrace for more info)
help: consider importing one of these items
    |
1   + use core::fmt::Result;
    |
1   + use core::result::Result;
    |

error[E0531]: cannot find tuple struct or tuple variant `Some` in this scope
   --> C:\Users\john\.cargo\registry\src\index.crates.io-1949cf8c6b5b557f\serde-1.0.219\src\de\impls.rs:172:20
    |
172 |               if let Some(nonzero) = Self::Value::new(v) {
    |                      ^^^^ not found in this scope
...
530 | / impl_deserialize_num! {
531 | |     i128, NonZeroI128 cfg(not(no_num_nonzero_signed)), deserialize_i128
532 | |     num_self!(i128:visit_i128);
533 | |     num_as_self!(i8:visit_i8 i16:visit_i16 i32:visit_i32 i64:visit_i64);
534 | |     num_as_self!(u8:visit_u8 u16:visit_u16 u32:visit_u32 u64:visit_u64);
535 | |     num_128!(u128:visit_u128);
536 | | }
    | |_- in this macro invocation
    |
note: tuple variant `crate::__private::ser::content::Content::Some` exists but is inaccessible
   --> C:\Users\john\.cargo\registry\src\index.crates.io-1949cf8c6b5b557f\serde-1.0.219\src\private\ser.rs:443:9
    |
443 |         Some(Box<Content>),
    |         ^^^^^^^^^^^^^^^^^^ not accessible
    = note: this error originates in the macro `num_self` which comes from the expansion of the macro `impl_deserialize_num` (in Nightly builds, run with -Z macro-backtrace for more info)
help: consider importing one of these tuple variants
    |
1   + use crate::__private::de::Content::Some;
    |
1   + use core::option::Option::Some;
    |

error[E0425]: cannot find function, tuple struct or tuple variant `Ok` in this scope
   --> C:\Users\john\.cargo\registry\src\index.crates.io-1949cf8c6b5b557f\serde-1.0.219\src\de\impls.rs:173:17
    |
173 |                   Ok(nonzero)
    |                   ^^ not found in this scope
...
530 | / impl_deserialize_num! {
531 | |     i128, NonZeroI128 cfg(not(no_num_nonzero_signed)), deserialize_i128
532 | |     num_self!(i128:visit_i128);
533 | |     num_as_self!(i8:visit_i8 i16:visit_i16 i32:visit_i32 i64:visit_i64);
534 | |     num_as_self!(u8:visit_u8 u16:visit_u16 u32:visit_u32 u64:visit_u64);
535 | |     num_128!(u128:visit_u128);
536 | | }
    | |_- in this macro invocation
    |
    = note: this error originates in the macro `num_self` which comes from the expansion of the macro `impl_deserialize_num` (in Nightly builds, run with -Z macro-backtrace for more info)
help: consider importing this tuple variant
    |
1   + use core::result::Result::Ok;
    |

error[E0425]: cannot find function, tuple struct or tuple variant `Err` in this scope
   --> C:\Users\john\.cargo\registry\src\index.crates.io-1949cf8c6b5b557f\serde-1.0.219\src\de\impls.rs:175:17
    |
175 |                   Err(Error::invalid_value(Unexpected::Unsigned(0), &self))
    |                   ^^^ not found in this scope
...
530 | / impl_deserialize_num! {
531 | |     i128, NonZeroI128 cfg(not(no_num_nonzero_signed)), deserialize_i128
532 | |     num_self!(i128:visit_i128);
533 | |     num_as_self!(i8:visit_i8 i16:visit_i16 i32:visit_i32 i64:visit_i64);
534 | |     num_as_self!(u8:visit_u8 u16:visit_u16 u32:visit_u32 u64:visit_u64);
535 | |     num_128!(u128:visit_u128);
536 | | }
    | |_- in this macro invocation
    |
    = note: this error originates in the macro `num_self` which comes from the expansion of the macro `impl_deserialize_num` (in Nightly builds, run with -Z macro-backtrace for more info)
help: consider importing this tuple variant
    |
1   + use core::result::Result::Err;
    |

error[E0412]: cannot find type `Result` in this scope
   --> C:\Users\john\.cargo\registry\src\index.crates.io-1949cf8c6b5b557f\serde-1.0.219\src\de\impls.rs:202:39
    |
202 |           fn $visit<E>(self, v: $ty) -> Result<Self::Value, E>
    |                                         ^^^^^^ not found in this scope
...
530 | / impl_deserialize_num! {
531 | |     i128, NonZeroI128 cfg(not(no_num_nonzero_signed)), deserialize_i128
532 | |     num_self!(i128:visit_i128);
533 | |     num_as_self!(i8:visit_i8 i16:visit_i16 i32:visit_i32 i64:visit_i64);
534 | |     num_as_self!(u8:visit_u8 u16:visit_u16 u32:visit_u32 u64:visit_u64);
535 | |     num_128!(u128:visit_u128);
536 | | }
    | |_- in this macro invocation
    |
    = note: this error originates in the macro `num_as_self` which comes from the expansion of the macro `impl_deserialize_num` (in Nightly builds, run with -Z macro-backtrace for more info)
help: consider importing one of these items
    |
1   + use core::fmt::Result;
    |
1   + use core::result::Result;
    |

error[E0531]: cannot find tuple struct or tuple variant `Some` in this scope
   --> C:\Users\john\.cargo\registry\src\index.crates.io-1949cf8c6b5b557f\serde-1.0.219\src\de\impls.rs:206:20
    |
206 |               if let Some(nonzero) = Self::Value::new(v as $primitive) {
    |                      ^^^^ not found in this scope
...
530 | / impl_deserialize_num! {
531 | |     i128, NonZeroI128 cfg(not(no_num_nonzero_signed)), deserialize_i128
532 | |     num_self!(i128:visit_i128);
533 | |     num_as_self!(i8:visit_i8 i16:visit_i16 i32:visit_i32 i64:visit_i64);
534 | |     num_as_self!(u8:visit_u8 u16:visit_u16 u32:visit_u32 u64:visit_u64);
535 | |     num_128!(u128:visit_u128);
536 | | }
    | |_- in this macro invocation
    |
note: tuple variant `crate::__private::ser::content::Content::Some` exists but is inaccessible
   --> C:\Users\john\.cargo\registry\src\index.crates.io-1949cf8c6b5b557f\serde-1.0.219\src\private\ser.rs:443:9
    |
443 |         Some(Box<Content>),
    |         ^^^^^^^^^^^^^^^^^^ not accessible
    = note: this error originates in the macro `num_as_self` which comes from the expansion of the macro `impl_deserialize_num` (in Nightly builds, run with -Z macro-backtrace for more info)
help: consider importing one of these tuple variants
    |
1   + use crate::__private::de::Content::Some;
    |
1   + use core::option::Option::Some;
    |

error[E0425]: cannot find function, tuple struct or tuple variant `Ok` in this scope
   --> C:\Users\john\.cargo\registry\src\index.crates.io-1949cf8c6b5b557f\serde-1.0.219\src\de\impls.rs:207:17
    |
207 |                   Ok(nonzero)
    |                   ^^ not found in this scope
...
530 | / impl_deserialize_num! {
531 | |     i128, NonZeroI128 cfg(not(no_num_nonzero_signed)), deserialize_i128
532 | |     num_self!(i128:visit_i128);
533 | |     num_as_self!(i8:visit_i8 i16:visit_i16 i32:visit_i32 i64:visit_i64);
534 | |     num_as_self!(u8:visit_u8 u16:visit_u16 u32:visit_u32 u64:visit_u64);
535 | |     num_128!(u128:visit_u128);
536 | | }
    | |_- in this macro invocation
    |
    = note: this error originates in the macro `num_as_self` which comes from the expansion of the macro `impl_deserialize_num` (in Nightly builds, run with -Z macro-backtrace for more info)
help: consider importing this tuple variant
    |
1   + use core::result::Result::Ok;
    |

error[E0425]: cannot find function, tuple struct or tuple variant `Err` in this scope
   --> C:\Users\john\.cargo\registry\src\index.crates.io-1949cf8c6b5b557f\serde-1.0.219\src\de\impls.rs:209:17
    |
209 |                   Err(Error::invalid_value(Unexpected::Unsigned(0), &self))
    |                   ^^^ not found in this scope
...
530 | / impl_deserialize_num! {
531 | |     i128, NonZeroI128 cfg(not(no_num_nonzero_signed)), deserialize_i128
532 | |     num_self!(i128:visit_i128);
533 | |     num_as_self!(i8:visit_i8 i16:visit_i16 i32:visit_i32 i64:visit_i64);
534 | |     num_as_self!(u8:visit_u8 u16:visit_u16 u32:visit_u32 u64:visit_u64);
535 | |     num_128!(u128:visit_u128);
536 | | }
    | |_- in this macro invocation
    |
    = note: this error originates in the macro `num_as_self` which comes from the expansion of the macro `impl_deserialize_num` (in Nightly builds, run with -Z macro-backtrace for more info)
help: consider importing this tuple variant
    |
1   + use core::result::Result::Err;
    |

error[E0412]: cannot find type `Result` in this scope
   --> C:\Users\john\.cargo\registry\src\index.crates.io-1949cf8c6b5b557f\serde-1.0.219\src\de\impls.rs:493:39
    |
493 |           fn $visit<E>(self, v: $ty) -> Result<Self::Value, E>
    |                                         ^^^^^^ not found in this scope
...
530 | / impl_deserialize_num! {
531 | |     i128, NonZeroI128 cfg(not(no_num_nonzero_signed)), deserialize_i128
532 | |     num_self!(i128:visit_i128);
533 | |     num_as_self!(i8:visit_i8 i16:visit_i16 i32:visit_i32 i64:visit_i64);
534 | |     num_as_self!(u8:visit_u8 u16:visit_u16 u32:visit_u32 u64:visit_u64);
535 | |     num_128!(u128:visit_u128);
536 | | }
    | |_- in this macro invocation
    |
    = note: this error originates in the macro `num_128` which comes from the expansion of the macro `impl_deserialize_num` (in Nightly builds, run with -Z macro-backtrace for more info)
help: consider importing one of these items
    |
1   + use core::fmt::Result;
    |
1   + use core::result::Result;
    |

error[E0531]: cannot find tuple struct or tuple variant `Some` in this scope
   --> C:\Users\john\.cargo\registry\src\index.crates.io-1949cf8c6b5b557f\serde-1.0.219\src\de\impls.rs:500:24
    |
500 |                   if let Some(nonzero) = Self::Value::new(v as $primitive) {
    |                          ^^^^ not found in this scope
...
530 | / impl_deserialize_num! {
531 | |     i128, NonZeroI128 cfg(not(no_num_nonzero_signed)), deserialize_i128
532 | |     num_self!(i128:visit_i128);
533 | |     num_as_self!(i8:visit_i8 i16:visit_i16 i32:visit_i32 i64:visit_i64);
534 | |     num_as_self!(u8:visit_u8 u16:visit_u16 u32:visit_u32 u64:visit_u64);
535 | |     num_128!(u128:visit_u128);
536 | | }
    | |_- in this macro invocation
    |
note: tuple variant `crate::__private::ser::content::Content::Some` exists but is inaccessible
   --> C:\Users\john\.cargo\registry\src\index.crates.io-1949cf8c6b5b557f\serde-1.0.219\src\private\ser.rs:443:9
    |
443 |         Some(Box<Content>),
    |         ^^^^^^^^^^^^^^^^^^ not accessible
    = note: this error originates in the macro `num_128` which comes from the expansion of the macro `impl_deserialize_num` (in Nightly builds, run with -Z macro-backtrace for more info)
help: consider importing one of these tuple variants
    |
1   + use crate::__private::de::Content::Some;
    |
1   + use core::option::Option::Some;
    |

error[E0425]: cannot find function, tuple struct or tuple variant `Ok` in this scope
   --> C:\Users\john\.cargo\registry\src\index.crates.io-1949cf8c6b5b557f\serde-1.0.219\src\de\impls.rs:501:21
    |
501 |                       Ok(nonzero)
    |                       ^^ not found in this scope
...
530 | / impl_deserialize_num! {
531 | |     i128, NonZeroI128 cfg(not(no_num_nonzero_signed)), deserialize_i128
532 | |     num_self!(i128:visit_i128);
533 | |     num_as_self!(i8:visit_i8 i16:visit_i16 i32:visit_i32 i64:visit_i64);
534 | |     num_as_self!(u8:visit_u8 u16:visit_u16 u32:visit_u32 u64:visit_u64);
535 | |     num_128!(u128:visit_u128);
536 | | }
    | |_- in this macro invocation
    |
    = note: this error originates in the macro `num_128` which comes from the expansion of the macro `impl_deserialize_num` (in Nightly builds, run with -Z macro-backtrace for more info)
help: consider importing this tuple variant
    |
1   + use core::result::Result::Ok;
    |

error[E0425]: cannot find function, tuple struct or tuple variant `Err` in this scope
   --> C:\Users\john\.cargo\registry\src\index.crates.io-1949cf8c6b5b557f\serde-1.0.219\src\de\impls.rs:503:21
    |
503 |                       Err(Error::invalid_value(Unexpected::Unsigned(0), &self))
    |                       ^^^ not found in this scope
...
530 | / impl_deserialize_num! {
531 | |     i128, NonZeroI128 cfg(not(no_num_nonzero_signed)), deserialize_i128
532 | |     num_self!(i128:visit_i128);
533 | |     num_as_self!(i8:visit_i8 i16:visit_i16 i32:visit_i32 i64:visit_i64);
534 | |     num_as_self!(u8:visit_u8 u16:visit_u16 u32:visit_u32 u64:visit_u64);
535 | |     num_128!(u128:visit_u128);
536 | | }
    | |_- in this macro invocation
    |
    = note: this error originates in the macro `num_128` which comes from the expansion of the macro `impl_deserialize_num` (in Nightly builds, run with -Z macro-backtrace for more info)
help: consider importing this tuple variant
    |
1   + use core::result::Result::Err;
    |

error[E0425]: cannot find function, tuple struct or tuple variant `Err` in this scope
   --> C:\Users\john\.cargo\registry\src\index.crates.io-1949cf8c6b5b557f\serde-1.0.219\src\de\impls.rs:506:17
    |
506 |                   Err(Error::invalid_value(
    |                   ^^^ not found in this scope
...
530 | / impl_deserialize_num! {
531 | |     i128, NonZeroI128 cfg(not(no_num_nonzero_signed)), deserialize_i128
532 | |     num_self!(i128:visit_i128);
533 | |     num_as_self!(i8:visit_i8 i16:visit_i16 i32:visit_i32 i64:visit_i64);
534 | |     num_as_self!(u8:visit_u8 u16:visit_u16 u32:visit_u32 u64:visit_u64);
535 | |     num_128!(u128:visit_u128);
536 | | }
    | |_- in this macro invocation
    |
    = note: this error originates in the macro `num_128` which comes from the expansion of the macro `impl_deserialize_num` (in Nightly builds, run with -Z macro-backtrace for more info)
help: consider importing this tuple variant
    |
1   + use core::result::Result::Err;
    |

error[E0412]: cannot find type `Result` in this scope
   --> C:\Users\john\.cargo\registry\src\index.crates.io-1949cf8c6b5b557f\serde-1.0.219\src\de\impls.rs:110:51
    |
110 |               fn deserialize<D>(deserializer: D) -> Result<Self, D::Error>
    |                                                     ^^^^^^ not found in this scope
...
530 | / impl_deserialize_num! {
531 | |     i128, NonZeroI128 cfg(not(no_num_nonzero_signed)), deserialize_i128
532 | |     num_self!(i128:visit_i128);
533 | |     num_as_self!(i8:visit_i8 i16:visit_i16 i32:visit_i32 i64:visit_i64);
534 | |     num_as_self!(u8:visit_u8 u16:visit_u16 u32:visit_u32 u64:visit_u64);
535 | |     num_128!(u128:visit_u128);
536 | | }
    | |_- in this macro invocation
    |
    = note: this error originates in the macro `impl_deserialize_num` (in Nightly builds, run with -Z macro-backtrace for more info)
help: consider importing one of these items
    |
1   + use core::fmt::Result;
    |
1   + use core::result::Result;
    |

error[E0412]: cannot find type `Result` in this scope
   --> C:\Users\john\.cargo\registry\src\index.crates.io-1949cf8c6b5b557f\serde-1.0.219\src\de\impls.rs:181:39
    |
181 |           fn $visit<E>(self, v: $ty) -> Result<Self::Value, E>
    |                                         ^^^^^^ not found in this scope
...
530 | / impl_deserialize_num! {
531 | |     i128, NonZeroI128 cfg(not(no_num_nonzero_signed)), deserialize_i128
532 | |     num_self!(i128:visit_i128);
533 | |     num_as_self!(i8:visit_i8 i16:visit_i16 i32:visit_i32 i64:visit_i64);
534 | |     num_as_self!(u8:visit_u8 u16:visit_u16 u32:visit_u32 u64:visit_u64);
535 | |     num_128!(u128:visit_u128);
536 | | }
    | |_- in this macro invocation
    |
    = note: this error originates in the macro `num_self` which comes from the expansion of the macro `impl_deserialize_num` (in Nightly builds, run with -Z macro-backtrace for more info)
help: consider importing one of these items
    |
1   + use core::fmt::Result;
    |
1   + use core::result::Result;
    |

error[E0425]: cannot find function, tuple struct or tuple variant `Ok` in this scope
   --> C:\Users\john\.cargo\registry\src\index.crates.io-1949cf8c6b5b557f\serde-1.0.219\src\de\impls.rs:185:13
    |
185 |               Ok(Saturating(v))
    |               ^^ not found in this scope
...
530 | / impl_deserialize_num! {
531 | |     i128, NonZeroI128 cfg(not(no_num_nonzero_signed)), deserialize_i128
532 | |     num_self!(i128:visit_i128);
533 | |     num_as_self!(i8:visit_i8 i16:visit_i16 i32:visit_i32 i64:visit_i64);
534 | |     num_as_self!(u8:visit_u8 u16:visit_u16 u32:visit_u32 u64:visit_u64);
535 | |     num_128!(u128:visit_u128);
536 | | }
    | |_- in this macro invocation
    |
    = note: this error originates in the macro `num_self` which comes from the expansion of the macro `impl_deserialize_num` (in Nightly builds, run with -Z macro-backtrace for more info)
help: consider importing this tuple variant
    |
1   + use core::result::Result::Ok;
    |

error[E0412]: cannot find type `Result` in this scope
   --> C:\Users\john\.cargo\registry\src\index.crates.io-1949cf8c6b5b557f\serde-1.0.219\src\de\impls.rs:215:39
    |
215 |           fn $visit<E>(self, v: $ty) -> Result<Self::Value, E>
    |                                         ^^^^^^ not found in this scope
...
530 | / impl_deserialize_num! {
531 | |     i128, NonZeroI128 cfg(not(no_num_nonzero_signed)), deserialize_i128
532 | |     num_self!(i128:visit_i128);
533 | |     num_as_self!(i8:visit_i8 i16:visit_i16 i32:visit_i32 i64:visit_i64);
534 | |     num_as_self!(u8:visit_u8 u16:visit_u16 u32:visit_u32 u64:visit_u64);
535 | |     num_128!(u128:visit_u128);
536 | | }
    | |_- in this macro invocation
    |
    = note: this error originates in the macro `num_as_self` which comes from the expansion of the macro `impl_deserialize_num` (in Nightly builds, run with -Z macro-backtrace for more info)
help: consider importing one of these items
    |
1   + use core::fmt::Result;
    |
1   + use core::result::Result;
    |

error[E0425]: cannot find function, tuple struct or tuple variant `Ok` in this scope
   --> C:\Users\john\.cargo\registry\src\index.crates.io-1949cf8c6b5b557f\serde-1.0.219\src\de\impls.rs:219:13
    |
219 |               Ok(Saturating(v as $primitive))
    |               ^^ not found in this scope
...
530 | / impl_deserialize_num! {
531 | |     i128, NonZeroI128 cfg(not(no_num_nonzero_signed)), deserialize_i128
532 | |     num_self!(i128:visit_i128);
533 | |     num_as_self!(i8:visit_i8 i16:visit_i16 i32:visit_i32 i64:visit_i64);
534 | |     num_as_self!(u8:visit_u8 u16:visit_u16 u32:visit_u32 u64:visit_u64);
535 | |     num_128!(u128:visit_u128);
536 | | }
    | |_- in this macro invocation
    |
    = note: this error originates in the macro `num_as_self` which comes from the expansion of the macro `impl_deserialize_num` (in Nightly builds, run with -Z macro-backtrace for more info)
help: consider importing this tuple variant
    |
1   + use core::result::Result::Ok;
    |

error[E0412]: cannot find type `Result` in this scope
   --> C:\Users\john\.cargo\registry\src\index.crates.io-1949cf8c6b5b557f\serde-1.0.219\src\de\impls.rs:515:39
    |
515 |           fn $visit<E>(self, v: $ty) -> Result<Self::Value, E>
    |                                         ^^^^^^ not found in this scope
...
530 | / impl_deserialize_num! {
531 | |     i128, NonZeroI128 cfg(not(no_num_nonzero_signed)), deserialize_i128
532 | |     num_self!(i128:visit_i128);
533 | |     num_as_self!(i8:visit_i8 i16:visit_i16 i32:visit_i32 i64:visit_i64);
534 | |     num_as_self!(u8:visit_u8 u16:visit_u16 u32:visit_u32 u64:visit_u64);
535 | |     num_128!(u128:visit_u128);
536 | | }
    | |_- in this macro invocation
    |
    = note: this error originates in the macro `num_128` which comes from the expansion of the macro `impl_deserialize_num` (in Nightly builds, run with -Z macro-backtrace for more info)
help: consider importing one of these items
    |
1   + use core::fmt::Result;
    |
1   + use core::result::Result;
    |

error[E0425]: cannot find function, tuple struct or tuple variant `Ok` in this scope
   --> C:\Users\john\.cargo\registry\src\index.crates.io-1949cf8c6b5b557f\serde-1.0.219\src\de\impls.rs:520:17
    |
520 |                   Ok(Saturating($primitive::MIN))
    |                   ^^ not found in this scope
...
530 | / impl_deserialize_num! {
531 | |     i128, NonZeroI128 cfg(not(no_num_nonzero_signed)), deserialize_i128
532 | |     num_self!(i128:visit_i128);
533 | |     num_as_self!(i8:visit_i8 i16:visit_i16 i32:visit_i32 i64:visit_i64);
534 | |     num_as_self!(u8:visit_u8 u16:visit_u16 u32:visit_u32 u64:visit_u64);
535 | |     num_128!(u128:visit_u128);
536 | | }
    | |_- in this macro invocation
    |
    = note: this error originates in the macro `num_128` which comes from the expansion of the macro `impl_deserialize_num` (in Nightly builds, run with -Z macro-backtrace for more info)
help: consider importing this tuple variant
    |
1   + use core::result::Result::Ok;
    |

error[E0425]: cannot find function, tuple struct or tuple variant `Ok` in this scope
   --> C:\Users\john\.cargo\registry\src\index.crates.io-1949cf8c6b5b557f\serde-1.0.219\src\de\impls.rs:522:17
    |
522 |                   Ok(Saturating($primitive::MAX))
    |                   ^^ not found in this scope
...
530 | / impl_deserialize_num! {
531 | |     i128, NonZeroI128 cfg(not(no_num_nonzero_signed)), deserialize_i128
532 | |     num_self!(i128:visit_i128);
533 | |     num_as_self!(i8:visit_i8 i16:visit_i16 i32:visit_i32 i64:visit_i64);
534 | |     num_as_self!(u8:visit_u8 u16:visit_u16 u32:visit_u32 u64:visit_u64);
535 | |     num_128!(u128:visit_u128);
536 | | }
    | |_- in this macro invocation
    |
    = note: this error originates in the macro `num_128` which comes from the expansion of the macro `impl_deserialize_num` (in Nightly builds, run with -Z macro-backtrace for more info)
help: consider importing this tuple variant
    |
1   + use core::result::Result::Ok;
    |

error[E0425]: cannot find function, tuple struct or tuple variant `Ok` in this scope
   --> C:\Users\john\.cargo\registry\src\index.crates.io-1949cf8c6b5b557f\serde-1.0.219\src\de\impls.rs:524:17
    |
524 |                   Ok(Saturating(v as $primitive))
    |                   ^^ not found in this scope
...
530 | / impl_deserialize_num! {
531 | |     i128, NonZeroI128 cfg(not(no_num_nonzero_signed)), deserialize_i128
532 | |     num_self!(i128:visit_i128);
533 | |     num_as_self!(i8:visit_i8 i16:visit_i16 i32:visit_i32 i64:visit_i64);
534 | |     num_as_self!(u8:visit_u8 u16:visit_u16 u32:visit_u32 u64:visit_u64);
535 | |     num_128!(u128:visit_u128);
536 | | }
    | |_- in this macro invocation
    |
    = note: this error originates in the macro `num_128` which comes from the expansion of the macro `impl_deserialize_num` (in Nightly builds, run with -Z macro-backtrace for more info)
help: consider importing this tuple variant
    |
1   + use core::result::Result::Ok;
    |

error[E0412]: cannot find type `Result` in this scope
   --> C:\Users\john\.cargo\registry\src\index.crates.io-1949cf8c6b5b557f\serde-1.0.219\src\de\impls.rs:134:51
    |
134 |               fn deserialize<D>(deserializer: D) -> Result<Self, D::Error>
    |                                                     ^^^^^^ not found in this scope
...
538 | / impl_deserialize_num! {
539 | |     u128, NonZeroU128, deserialize_u128
540 | |     num_self!(u128:visit_u128);
541 | |     num_as_self!(u8:visit_u8 u16:visit_u16 u32:visit_u32 u64:visit_u64);
542 | |     int_to_uint!(i8:visit_i8 i16:visit_i16 i32:visit_i32 i64:visit_i64);
543 | |     num_128!(i128:visit_i128);
544 | | }
    | |_- in this macro invocation
    |
    = note: this error originates in the macro `impl_deserialize_num` (in Nightly builds, run with -Z macro-backtrace for more info)
help: consider importing one of these items
    |
1   + use core::fmt::Result;
    |
1   + use core::result::Result;
    |

error[E0412]: cannot find type `Result` in this scope
   --> C:\Users\john\.cargo\registry\src\index.crates.io-1949cf8c6b5b557f\serde-1.0.219\src\de\impls.rs:159:39
    |
159 |           fn $visit<E>(self, v: $ty) -> Result<Self::Value, E>
    |                                         ^^^^^^ not found in this scope
...
538 | / impl_deserialize_num! {
539 | |     u128, NonZeroU128, deserialize_u128
540 | |     num_self!(u128:visit_u128);
541 | |     num_as_self!(u8:visit_u8 u16:visit_u16 u32:visit_u32 u64:visit_u64);
542 | |     int_to_uint!(i8:visit_i8 i16:visit_i16 i32:visit_i32 i64:visit_i64);
543 | |     num_128!(i128:visit_i128);
544 | | }
    | |_- in this macro invocation
    |
    = note: this error originates in the macro `num_self` which comes from the expansion of the macro `impl_deserialize_num` (in Nightly builds, run with -Z macro-backtrace for more info)
help: consider importing one of these items
    |
1   + use core::fmt::Result;
    |
1   + use core::result::Result;
    |

error[E0425]: cannot find function, tuple struct or tuple variant `Ok` in this scope
   --> C:\Users\john\.cargo\registry\src\index.crates.io-1949cf8c6b5b557f\serde-1.0.219\src\de\impls.rs:163:13
    |
163 |               Ok(v)
    |               ^^ not found in this scope
...
538 | / impl_deserialize_num! {
539 | |     u128, NonZeroU128, deserialize_u128
540 | |     num_self!(u128:visit_u128);
541 | |     num_as_self!(u8:visit_u8 u16:visit_u16 u32:visit_u32 u64:visit_u64);
542 | |     int_to_uint!(i8:visit_i8 i16:visit_i16 i32:visit_i32 i64:visit_i64);
543 | |     num_128!(i128:visit_i128);
544 | | }
    | |_- in this macro invocation
    |
    = note: this error originates in the macro `num_self` which comes from the expansion of the macro `impl_deserialize_num` (in Nightly builds, run with -Z macro-backtrace for more info)
help: consider importing this tuple variant
    |
1   + use core::result::Result::Ok;
    |

error[E0412]: cannot find type `Result` in this scope
   --> C:\Users\john\.cargo\registry\src\index.crates.io-1949cf8c6b5b557f\serde-1.0.219\src\de\impls.rs:193:39
    |
193 |           fn $visit<E>(self, v: $ty) -> Result<Self::Value, E>
    |                                         ^^^^^^ not found in this scope
...
538 | / impl_deserialize_num! {
539 | |     u128, NonZeroU128, deserialize_u128
540 | |     num_self!(u128:visit_u128);
541 | |     num_as_self!(u8:visit_u8 u16:visit_u16 u32:visit_u32 u64:visit_u64);
542 | |     int_to_uint!(i8:visit_i8 i16:visit_i16 i32:visit_i32 i64:visit_i64);
543 | |     num_128!(i128:visit_i128);
544 | | }
    | |_- in this macro invocation
    |
    = note: this error originates in the macro `num_as_self` which comes from the expansion of the macro `impl_deserialize_num` (in Nightly builds, run with -Z macro-backtrace for more info)
help: consider importing one of these items
    |
1   + use core::fmt::Result;
    |
1   + use core::result::Result;
    |

error[E0425]: cannot find function, tuple struct or tuple variant `Ok` in this scope
   --> C:\Users\john\.cargo\registry\src\index.crates.io-1949cf8c6b5b557f\serde-1.0.219\src\de\impls.rs:197:13
    |
197 |               Ok(v as Self::Value)
    |               ^^ not found in this scope
...
538 | / impl_deserialize_num! {
539 | |     u128, NonZeroU128, deserialize_u128
540 | |     num_self!(u128:visit_u128);
541 | |     num_as_self!(u8:visit_u8 u16:visit_u16 u32:visit_u32 u64:visit_u64);
542 | |     int_to_uint!(i8:visit_i8 i16:visit_i16 i32:visit_i32 i64:visit_i64);
543 | |     num_128!(i128:visit_i128);
544 | | }
    | |_- in this macro invocation
    |
    = note: this error originates in the macro `num_as_self` which comes from the expansion of the macro `impl_deserialize_num` (in Nightly builds, run with -Z macro-backtrace for more info)
help: consider importing this tuple variant
    |
1   + use core::result::Result::Ok;
    |

error[E0412]: cannot find type `Result` in this scope
   --> C:\Users\john\.cargo\registry\src\index.crates.io-1949cf8c6b5b557f\serde-1.0.219\src\de\impls.rs:298:39
    |
298 |           fn $visit<E>(self, v: $ty) -> Result<Self::Value, E>
    |                                         ^^^^^^ not found in this scope
...
538 | / impl_deserialize_num! {
539 | |     u128, NonZeroU128, deserialize_u128
540 | |     num_self!(u128:visit_u128);
541 | |     num_as_self!(u8:visit_u8 u16:visit_u16 u32:visit_u32 u64:visit_u64);
542 | |     int_to_uint!(i8:visit_i8 i16:visit_i16 i32:visit_i32 i64:visit_i64);
543 | |     num_128!(i128:visit_i128);
544 | | }
    | |_- in this macro invocation
    |
    = note: this error originates in the macro `int_to_uint` which comes from the expansion of the macro `impl_deserialize_num` (in Nightly builds, run with -Z macro-backtrace for more info)
help: consider importing one of these items
    |
1   + use core::fmt::Result;
    |
1   + use core::result::Result;
    |

error[E0425]: cannot find function, tuple struct or tuple variant `Ok` in this scope
   --> C:\Users\john\.cargo\registry\src\index.crates.io-1949cf8c6b5b557f\serde-1.0.219\src\de\impls.rs:303:17
    |
303 |                   Ok(v as Self::Value)
    |                   ^^ not found in this scope
...
538 | / impl_deserialize_num! {
539 | |     u128, NonZeroU128, deserialize_u128
540 | |     num_self!(u128:visit_u128);
541 | |     num_as_self!(u8:visit_u8 u16:visit_u16 u32:visit_u32 u64:visit_u64);
542 | |     int_to_uint!(i8:visit_i8 i16:visit_i16 i32:visit_i32 i64:visit_i64);
543 | |     num_128!(i128:visit_i128);
544 | | }
    | |_- in this macro invocation
    |
    = note: this error originates in the macro `int_to_uint` which comes from the expansion of the macro `impl_deserialize_num` (in Nightly builds, run with -Z macro-backtrace for more info)
help: consider importing this tuple variant
    |
1   + use core::result::Result::Ok;
    |

error[E0425]: cannot find function, tuple struct or tuple variant `Err` in this scope
   --> C:\Users\john\.cargo\registry\src\index.crates.io-1949cf8c6b5b557f\serde-1.0.219\src\de\impls.rs:305:17
    |
305 |                   Err(Error::invalid_value(Unexpected::Signed(v as i64), &self))
    |                   ^^^ not found in this scope
...
538 | / impl_deserialize_num! {
539 | |     u128, NonZeroU128, deserialize_u128
540 | |     num_self!(u128:visit_u128);
541 | |     num_as_self!(u8:visit_u8 u16:visit_u16 u32:visit_u32 u64:visit_u64);
542 | |     int_to_uint!(i8:visit_i8 i16:visit_i16 i32:visit_i32 i64:visit_i64);
543 | |     num_128!(i128:visit_i128);
544 | | }
    | |_- in this macro invocation
    |
    = note: this error originates in the macro `int_to_uint` which comes from the expansion of the macro `impl_deserialize_num` (in Nightly builds, run with -Z macro-backtrace for more info)
help: consider importing this tuple variant
    |
1   + use core::result::Result::Err;
    |

error[E0412]: cannot find type `Result` in this scope
   --> C:\Users\john\.cargo\registry\src\index.crates.io-1949cf8c6b5b557f\serde-1.0.219\src\de\impls.rs:475:39
    |
475 |           fn $visit<E>(self, v: $ty) -> Result<Self::Value, E>
    |                                         ^^^^^^ not found in this scope
...
538 | / impl_deserialize_num! {
539 | |     u128, NonZeroU128, deserialize_u128
540 | |     num_self!(u128:visit_u128);
541 | |     num_as_self!(u8:visit_u8 u16:visit_u16 u32:visit_u32 u64:visit_u64);
542 | |     int_to_uint!(i8:visit_i8 i16:visit_i16 i32:visit_i32 i64:visit_i64);
543 | |     num_128!(i128:visit_i128);
544 | | }
    | |_- in this macro invocation
    |
    = note: this error originates in the macro `num_128` which comes from the expansion of the macro `impl_deserialize_num` (in Nightly builds, run with -Z macro-backtrace for more info)
help: consider importing one of these items
    |
1   + use core::fmt::Result;
    |
1   + use core::result::Result;
    |

error[E0425]: cannot find function, tuple struct or tuple variant `Ok` in this scope
   --> C:\Users\john\.cargo\registry\src\index.crates.io-1949cf8c6b5b557f\serde-1.0.219\src\de\impls.rs:482:17
    |
482 |                   Ok(v as Self::Value)
    |                   ^^ not found in this scope
...
538 | / impl_deserialize_num! {
539 | |     u128, NonZeroU128, deserialize_u128
540 | |     num_self!(u128:visit_u128);
541 | |     num_as_self!(u8:visit_u8 u16:visit_u16 u32:visit_u32 u64:visit_u64);
542 | |     int_to_uint!(i8:visit_i8 i16:visit_i16 i32:visit_i32 i64:visit_i64);
543 | |     num_128!(i128:visit_i128);
544 | | }
    | |_- in this macro invocation
    |
    = note: this error originates in the macro `num_128` which comes from the expansion of the macro `impl_deserialize_num` (in Nightly builds, run with -Z macro-backtrace for more info)
help: consider importing this tuple variant
    |
1   + use core::result::Result::Ok;
    |

error[E0425]: cannot find function, tuple struct or tuple variant `Err` in this scope
   --> C:\Users\john\.cargo\registry\src\index.crates.io-1949cf8c6b5b557f\serde-1.0.219\src\de\impls.rs:484:17
    |
484 |                   Err(Error::invalid_value(
    |                   ^^^ not found in this scope
...
538 | / impl_deserialize_num! {
539 | |     u128, NonZeroU128, deserialize_u128
540 | |     num_self!(u128:visit_u128);
541 | |     num_as_self!(u8:visit_u8 u16:visit_u16 u32:visit_u32 u64:visit_u64);
542 | |     int_to_uint!(i8:visit_i8 i16:visit_i16 i32:visit_i32 i64:visit_i64);
543 | |     num_128!(i128:visit_i128);
544 | | }
    | |_- in this macro invocation
    |
    = note: this error originates in the macro `num_128` which comes from the expansion of the macro `impl_deserialize_num` (in Nightly builds, run with -Z macro-backtrace for more info)
help: consider importing this tuple variant
    |
1   + use core::result::Result::Err;
    |

error[E0412]: cannot find type `Result` in this scope
   --> C:\Users\john\.cargo\registry\src\index.crates.io-1949cf8c6b5b557f\serde-1.0.219\src\de\impls.rs:88:51
    |
88  |               fn deserialize<D>(deserializer: D) -> Result<Self, D::Error>
    |                                                     ^^^^^^ not found in this scope
...
538 | / impl_deserialize_num! {
539 | |     u128, NonZeroU128, deserialize_u128
540 | |     num_self!(u128:visit_u128);
541 | |     num_as_self!(u8:visit_u8 u16:visit_u16 u32:visit_u32 u64:visit_u64);
542 | |     int_to_uint!(i8:visit_i8 i16:visit_i16 i32:visit_i32 i64:visit_i64);
543 | |     num_128!(i128:visit_i128);
544 | | }
    | |_- in this macro invocation
    |
    = note: this error originates in the macro `impl_deserialize_num` (in Nightly builds, run with -Z macro-backtrace for more info)
help: consider importing one of these items
    |
1   + use core::fmt::Result;
    |
1   + use core::result::Result;
    |

error[E0412]: cannot find type `Result` in this scope
   --> C:\Users\john\.cargo\registry\src\index.crates.io-1949cf8c6b5b557f\serde-1.0.219\src\de\impls.rs:168:39
    |
168 |           fn $visit<E>(self, v: $ty) -> Result<Self::Value, E>
    |                                         ^^^^^^ not found in this scope
...
538 | / impl_deserialize_num! {
539 | |     u128, NonZeroU128, deserialize_u128
540 | |     num_self!(u128:visit_u128);
541 | |     num_as_self!(u8:visit_u8 u16:visit_u16 u32:visit_u32 u64:visit_u64);
542 | |     int_to_uint!(i8:visit_i8 i16:visit_i16 i32:visit_i32 i64:visit_i64);
543 | |     num_128!(i128:visit_i128);
544 | | }
    | |_- in this macro invocation
    |
    = note: this error originates in the macro `num_self` which comes from the expansion of the macro `impl_deserialize_num` (in Nightly builds, run with -Z macro-backtrace for more info)
help: consider importing one of these items
    |
1   + use core::fmt::Result;
    |
1   + use core::result::Result;
    |

error[E0531]: cannot find tuple struct or tuple variant `Some` in this scope
   --> C:\Users\john\.cargo\registry\src\index.crates.io-1949cf8c6b5b557f\serde-1.0.219\src\de\impls.rs:172:20
    |
172 |               if let Some(nonzero) = Self::Value::new(v) {
    |                      ^^^^ not found in this scope
...
538 | / impl_deserialize_num! {
539 | |     u128, NonZeroU128, deserialize_u128
540 | |     num_self!(u128:visit_u128);
541 | |     num_as_self!(u8:visit_u8 u16:visit_u16 u32:visit_u32 u64:visit_u64);
542 | |     int_to_uint!(i8:visit_i8 i16:visit_i16 i32:visit_i32 i64:visit_i64);
543 | |     num_128!(i128:visit_i128);
544 | | }
    | |_- in this macro invocation
    |
note: tuple variant `crate::__private::ser::content::Content::Some` exists but is inaccessible
   --> C:\Users\john\.cargo\registry\src\index.crates.io-1949cf8c6b5b557f\serde-1.0.219\src\private\ser.rs:443:9
    |
443 |         Some(Box<Content>),
    |         ^^^^^^^^^^^^^^^^^^ not accessible
    = note: this error originates in the macro `num_self` which comes from the expansion of the macro `impl_deserialize_num` (in Nightly builds, run with -Z macro-backtrace for more info)
help: consider importing one of these tuple variants
    |
1   + use crate::__private::de::Content::Some;
    |
1   + use core::option::Option::Some;
    |

error[E0425]: cannot find function, tuple struct or tuple variant `Ok` in this scope
   --> C:\Users\john\.cargo\registry\src\index.crates.io-1949cf8c6b5b557f\serde-1.0.219\src\de\impls.rs:173:17
    |
173 |                   Ok(nonzero)
    |                   ^^ not found in this scope
...
538 | / impl_deserialize_num! {
539 | |     u128, NonZeroU128, deserialize_u128
540 | |     num_self!(u128:visit_u128);
541 | |     num_as_self!(u8:visit_u8 u16:visit_u16 u32:visit_u32 u64:visit_u64);
542 | |     int_to_uint!(i8:visit_i8 i16:visit_i16 i32:visit_i32 i64:visit_i64);
543 | |     num_128!(i128:visit_i128);
544 | | }
    | |_- in this macro invocation
    |
    = note: this error originates in the macro `num_self` which comes from the expansion of the macro `impl_deserialize_num` (in Nightly builds, run with -Z macro-backtrace for more info)
help: consider importing this tuple variant
    |
1   + use core::result::Result::Ok;
    |

error[E0425]: cannot find function, tuple struct or tuple variant `Err` in this scope
   --> C:\Users\john\.cargo\registry\src\index.crates.io-1949cf8c6b5b557f\serde-1.0.219\src\de\impls.rs:175:17
    |
175 |                   Err(Error::invalid_value(Unexpected::Unsigned(0), &self))
    |                   ^^^ not found in this scope
...
538 | / impl_deserialize_num! {
539 | |     u128, NonZeroU128, deserialize_u128
540 | |     num_self!(u128:visit_u128);
541 | |     num_as_self!(u8:visit_u8 u16:visit_u16 u32:visit_u32 u64:visit_u64);
542 | |     int_to_uint!(i8:visit_i8 i16:visit_i16 i32:visit_i32 i64:visit_i64);
543 | |     num_128!(i128:visit_i128);
544 | | }
    | |_- in this macro invocation
    |
    = note: this error originates in the macro `num_self` which comes from the expansion of the macro `impl_deserialize_num` (in Nightly builds, run with -Z macro-backtrace for more info)
help: consider importing this tuple variant
    |
1   + use core::result::Result::Err;
    |

error[E0412]: cannot find type `Result` in this scope
   --> C:\Users\john\.cargo\registry\src\index.crates.io-1949cf8c6b5b557f\serde-1.0.219\src\de\impls.rs:202:39
    |
202 |           fn $visit<E>(self, v: $ty) -> Result<Self::Value, E>
    |                                         ^^^^^^ not found in this scope
...
538 | / impl_deserialize_num! {
539 | |     u128, NonZeroU128, deserialize_u128
540 | |     num_self!(u128:visit_u128);
541 | |     num_as_self!(u8:visit_u8 u16:visit_u16 u32:visit_u32 u64:visit_u64);
542 | |     int_to_uint!(i8:visit_i8 i16:visit_i16 i32:visit_i32 i64:visit_i64);
543 | |     num_128!(i128:visit_i128);
544 | | }
    | |_- in this macro invocation
    |
    = note: this error originates in the macro `num_as_self` which comes from the expansion of the macro `impl_deserialize_num` (in Nightly builds, run with -Z macro-backtrace for more info)
help: consider importing one of these items
    |
1   + use core::fmt::Result;
    |
1   + use core::result::Result;
    |

error[E0531]: cannot find tuple struct or tuple variant `Some` in this scope
   --> C:\Users\john\.cargo\registry\src\index.crates.io-1949cf8c6b5b557f\serde-1.0.219\src\de\impls.rs:206:20
    |
206 |               if let Some(nonzero) = Self::Value::new(v as $primitive) {
    |                      ^^^^ not found in this scope
...
538 | / impl_deserialize_num! {
539 | |     u128, NonZeroU128, deserialize_u128
540 | |     num_self!(u128:visit_u128);
541 | |     num_as_self!(u8:visit_u8 u16:visit_u16 u32:visit_u32 u64:visit_u64);
542 | |     int_to_uint!(i8:visit_i8 i16:visit_i16 i32:visit_i32 i64:visit_i64);
543 | |     num_128!(i128:visit_i128);
544 | | }
    | |_- in this macro invocation
    |
note: tuple variant `crate::__private::ser::content::Content::Some` exists but is inaccessible
   --> C:\Users\john\.cargo\registry\src\index.crates.io-1949cf8c6b5b557f\serde-1.0.219\src\private\ser.rs:443:9
    |
443 |         Some(Box<Content>),
    |         ^^^^^^^^^^^^^^^^^^ not accessible
    = note: this error originates in the macro `num_as_self` which comes from the expansion of the macro `impl_deserialize_num` (in Nightly builds, run with -Z macro-backtrace for more info)
help: consider importing one of these tuple variants
    |
1   + use crate::__private::de::Content::Some;
    |
1   + use core::option::Option::Some;
    |

error[E0425]: cannot find function, tuple struct or tuple variant `Ok` in this scope
   --> C:\Users\john\.cargo\registry\src\index.crates.io-1949cf8c6b5b557f\serde-1.0.219\src\de\impls.rs:207:17
    |
207 |                   Ok(nonzero)
    |                   ^^ not found in this scope
...
538 | / impl_deserialize_num! {
539 | |     u128, NonZeroU128, deserialize_u128
540 | |     num_self!(u128:visit_u128);
541 | |     num_as_self!(u8:visit_u8 u16:visit_u16 u32:visit_u32 u64:visit_u64);
542 | |     int_to_uint!(i8:visit_i8 i16:visit_i16 i32:visit_i32 i64:visit_i64);
543 | |     num_128!(i128:visit_i128);
544 | | }
    | |_- in this macro invocation
    |
    = note: this error originates in the macro `num_as_self` which comes from the expansion of the macro `impl_deserialize_num` (in Nightly builds, run with -Z macro-backtrace for more info)
help: consider importing this tuple variant
    |
1   + use core::result::Result::Ok;
    |

error[E0425]: cannot find function, tuple struct or tuple variant `Err` in this scope
   --> C:\Users\john\.cargo\registry\src\index.crates.io-1949cf8c6b5b557f\serde-1.0.219\src\de\impls.rs:209:17
    |
209 |                   Err(Error::invalid_value(Unexpected::Unsigned(0), &self))
    |                   ^^^ not found in this scope
...
538 | / impl_deserialize_num! {
539 | |     u128, NonZeroU128, deserialize_u128
540 | |     num_self!(u128:visit_u128);
541 | |     num_as_self!(u8:visit_u8 u16:visit_u16 u32:visit_u32 u64:visit_u64);
542 | |     int_to_uint!(i8:visit_i8 i16:visit_i16 i32:visit_i32 i64:visit_i64);
543 | |     num_128!(i128:visit_i128);
544 | | }
    | |_- in this macro invocation
    |
    = note: this error originates in the macro `num_as_self` which comes from the expansion of the macro `impl_deserialize_num` (in Nightly builds, run with -Z macro-backtrace for more info)
help: consider importing this tuple variant
    |
1   + use core::result::Result::Err;
    |

error[E0412]: cannot find type `Result` in this scope
   --> C:\Users\john\.cargo\registry\src\index.crates.io-1949cf8c6b5b557f\serde-1.0.219\src\de\impls.rs:311:39
    |
311 |           fn $visit<E>(self, v: $ty) -> Result<Self::Value, E>
    |                                         ^^^^^^ not found in this scope
...
538 | / impl_deserialize_num! {
539 | |     u128, NonZeroU128, deserialize_u128
540 | |     num_self!(u128:visit_u128);
541 | |     num_as_self!(u8:visit_u8 u16:visit_u16 u32:visit_u32 u64:visit_u64);
542 | |     int_to_uint!(i8:visit_i8 i16:visit_i16 i32:visit_i32 i64:visit_i64);
543 | |     num_128!(i128:visit_i128);
544 | | }
    | |_- in this macro invocation
    |
    = note: this error originates in the macro `int_to_uint` which comes from the expansion of the macro `impl_deserialize_num` (in Nightly builds, run with -Z macro-backtrace for more info)
help: consider importing one of these items
    |
1   + use core::fmt::Result;
    |
1   + use core::result::Result;
    |

error[E0531]: cannot find tuple struct or tuple variant `Some` in this scope
   --> C:\Users\john\.cargo\registry\src\index.crates.io-1949cf8c6b5b557f\serde-1.0.219\src\de\impls.rs:316:24
    |
316 |                   if let Some(nonzero) = Self::Value::new(v as $primitive) {
    |                          ^^^^ not found in this scope
...
538 | / impl_deserialize_num! {
539 | |     u128, NonZeroU128, deserialize_u128
540 | |     num_self!(u128:visit_u128);
541 | |     num_as_self!(u8:visit_u8 u16:visit_u16 u32:visit_u32 u64:visit_u64);
542 | |     int_to_uint!(i8:visit_i8 i16:visit_i16 i32:visit_i32 i64:visit_i64);
543 | |     num_128!(i128:visit_i128);
544 | | }
    | |_- in this macro invocation
    |
note: tuple variant `crate::__private::ser::content::Content::Some` exists but is inaccessible
   --> C:\Users\john\.cargo\registry\src\index.crates.io-1949cf8c6b5b557f\serde-1.0.219\src\private\ser.rs:443:9
    |
443 |         Some(Box<Content>),
    |         ^^^^^^^^^^^^^^^^^^ not accessible
    = note: this error originates in the macro `int_to_uint` which comes from the expansion of the macro `impl_deserialize_num` (in Nightly builds, run with -Z macro-backtrace for more info)
help: consider importing one of these tuple variants
    |
1   + use crate::__private::de::Content::Some;
    |
1   + use core::option::Option::Some;
    |

error[E0425]: cannot find function, tuple struct or tuple variant `Ok` in this scope
   --> C:\Users\john\.cargo\registry\src\index.crates.io-1949cf8c6b5b557f\serde-1.0.219\src\de\impls.rs:317:28
    |
317 |                       return Ok(nonzero);
    |                              ^^ not found in this scope
...
538 | / impl_deserialize_num! {
539 | |     u128, NonZeroU128, deserialize_u128
540 | |     num_self!(u128:visit_u128);
541 | |     num_as_self!(u8:visit_u8 u16:visit_u16 u32:visit_u32 u64:visit_u64);
542 | |     int_to_uint!(i8:visit_i8 i16:visit_i16 i32:visit_i32 i64:visit_i64);
543 | |     num_128!(i128:visit_i128);
544 | | }
    | |_- in this macro invocation
    |
    = note: this error originates in the macro `int_to_uint` which comes from the expansion of the macro `impl_deserialize_num` (in Nightly builds, run with -Z macro-backtrace for more info)
help: consider importing this tuple variant
    |
1   + use core::result::Result::Ok;
    |

error[E0425]: cannot find function, tuple struct or tuple variant `Err` in this scope
   --> C:\Users\john\.cargo\registry\src\index.crates.io-1949cf8c6b5b557f\serde-1.0.219\src\de\impls.rs:320:13
    |
320 |               Err(Error::invalid_value(Unexpected::Signed(v as i64), &self))
    |               ^^^ not found in this scope
...
538 | / impl_deserialize_num! {
539 | |     u128, NonZeroU128, deserialize_u128
540 | |     num_self!(u128:visit_u128);
541 | |     num_as_self!(u8:visit_u8 u16:visit_u16 u32:visit_u32 u64:visit_u64);
542 | |     int_to_uint!(i8:visit_i8 i16:visit_i16 i32:visit_i32 i64:visit_i64);
543 | |     num_128!(i128:visit_i128);
544 | | }
    | |_- in this macro invocation
    |
    = note: this error originates in the macro `int_to_uint` which comes from the expansion of the macro `impl_deserialize_num` (in Nightly builds, run with -Z macro-backtrace for more info)
help: consider importing this tuple variant
    |
1   + use core::result::Result::Err;
    |

error[E0412]: cannot find type `Result` in this scope
   --> C:\Users\john\.cargo\registry\src\index.crates.io-1949cf8c6b5b557f\serde-1.0.219\src\de\impls.rs:493:39
    |
493 |           fn $visit<E>(self, v: $ty) -> Result<Self::Value, E>
    |                                         ^^^^^^ not found in this scope
...
538 | / impl_deserialize_num! {
539 | |     u128, NonZeroU128, deserialize_u128
540 | |     num_self!(u128:visit_u128);
541 | |     num_as_self!(u8:visit_u8 u16:visit_u16 u32:visit_u32 u64:visit_u64);
542 | |     int_to_uint!(i8:visit_i8 i16:visit_i16 i32:visit_i32 i64:visit_i64);
543 | |     num_128!(i128:visit_i128);
544 | | }
    | |_- in this macro invocation
    |
    = note: this error originates in the macro `num_128` which comes from the expansion of the macro `impl_deserialize_num` (in Nightly builds, run with -Z macro-backtrace for more info)
help: consider importing one of these items
    |
1   + use core::fmt::Result;
    |
1   + use core::result::Result;
    |

error[E0531]: cannot find tuple struct or tuple variant `Some` in this scope
   --> C:\Users\john\.cargo\registry\src\index.crates.io-1949cf8c6b5b557f\serde-1.0.219\src\de\impls.rs:500:24
    |
500 |                   if let Some(nonzero) = Self::Value::new(v as $primitive) {
    |                          ^^^^ not found in this scope
...
538 | / impl_deserialize_num! {
539 | |     u128, NonZeroU128, deserialize_u128
540 | |     num_self!(u128:visit_u128);
541 | |     num_as_self!(u8:visit_u8 u16:visit_u16 u32:visit_u32 u64:visit_u64);
542 | |     int_to_uint!(i8:visit_i8 i16:visit_i16 i32:visit_i32 i64:visit_i64);
543 | |     num_128!(i128:visit_i128);
544 | | }
    | |_- in this macro invocation
    |
note: tuple variant `crate::__private::ser::content::Content::Some` exists but is inaccessible
   --> C:\Users\john\.cargo\registry\src\index.crates.io-1949cf8c6b5b557f\serde-1.0.219\src\private\ser.rs:443:9
    |
443 |         Some(Box<Content>),
    |         ^^^^^^^^^^^^^^^^^^ not accessible
    = note: this error originates in the macro `num_128` which comes from the expansion of the macro `impl_deserialize_num` (in Nightly builds, run with -Z macro-backtrace for more info)
help: consider importing one of these tuple variants
    |
1   + use crate::__private::de::Content::Some;
    |
1   + use core::option::Option::Some;
    |

error[E0425]: cannot find function, tuple struct or tuple variant `Ok` in this scope
   --> C:\Users\john\.cargo\registry\src\index.crates.io-1949cf8c6b5b557f\serde-1.0.219\src\de\impls.rs:501:21
    |
501 |                       Ok(nonzero)
    |                       ^^ not found in this scope
...
538 | / impl_deserialize_num! {
539 | |     u128, NonZeroU128, deserialize_u128
540 | |     num_self!(u128:visit_u128);
541 | |     num_as_self!(u8:visit_u8 u16:visit_u16 u32:visit_u32 u64:visit_u64);
542 | |     int_to_uint!(i8:visit_i8 i16:visit_i16 i32:visit_i32 i64:visit_i64);
543 | |     num_128!(i128:visit_i128);
544 | | }
    | |_- in this macro invocation
    |
    = note: this error originates in the macro `num_128` which comes from the expansion of the macro `impl_deserialize_num` (in Nightly builds, run with -Z macro-backtrace for more info)
help: consider importing this tuple variant
    |
1   + use core::result::Result::Ok;
    |

error[E0425]: cannot find function, tuple struct or tuple variant `Err` in this scope
   --> C:\Users\john\.cargo\registry\src\index.crates.io-1949cf8c6b5b557f\serde-1.0.219\src\de\impls.rs:503:21
    |
503 |                       Err(Error::invalid_value(Unexpected::Unsigned(0), &self))
    |                       ^^^ not found in this scope
...
538 | / impl_deserialize_num! {
539 | |     u128, NonZeroU128, deserialize_u128
540 | |     num_self!(u128:visit_u128);
541 | |     num_as_self!(u8:visit_u8 u16:visit_u16 u32:visit_u32 u64:visit_u64);
542 | |     int_to_uint!(i8:visit_i8 i16:visit_i16 i32:visit_i32 i64:visit_i64);
543 | |     num_128!(i128:visit_i128);
544 | | }
    | |_- in this macro invocation
    |
    = note: this error originates in the macro `num_128` which comes from the expansion of the macro `impl_deserialize_num` (in Nightly builds, run with -Z macro-backtrace for more info)
help: consider importing this tuple variant
    |
1   + use core::result::Result::Err;
    |

error[E0425]: cannot find function, tuple struct or tuple variant `Err` in this scope
   --> C:\Users\john\.cargo\registry\src\index.crates.io-1949cf8c6b5b557f\serde-1.0.219\src\de\impls.rs:506:17
    |
506 |                   Err(Error::invalid_value(
    |                   ^^^ not found in this scope
...
538 | / impl_deserialize_num! {
539 | |     u128, NonZeroU128, deserialize_u128
540 | |     num_self!(u128:visit_u128);
541 | |     num_as_self!(u8:visit_u8 u16:visit_u16 u32:visit_u32 u64:visit_u64);
542 | |     int_to_uint!(i8:visit_i8 i16:visit_i16 i32:visit_i32 i64:visit_i64);
543 | |     num_128!(i128:visit_i128);
544 | | }
    | |_- in this macro invocation
    |
    = note: this error originates in the macro `num_128` which comes from the expansion of the macro `impl_deserialize_num` (in Nightly builds, run with -Z macro-backtrace for more info)
help: consider importing this tuple variant
    |
1   + use core::result::Result::Err;
    |

error[E0412]: cannot find type `Result` in this scope
   --> C:\Users\john\.cargo\registry\src\index.crates.io-1949cf8c6b5b557f\serde-1.0.219\src\de\impls.rs:110:51
    |
110 |               fn deserialize<D>(deserializer: D) -> Result<Self, D::Error>
    |                                                     ^^^^^^ not found in this scope
...
538 | / impl_deserialize_num! {
539 | |     u128, NonZeroU128, deserialize_u128
540 | |     num_self!(u128:visit_u128);
541 | |     num_as_self!(u8:visit_u8 u16:visit_u16 u32:visit_u32 u64:visit_u64);
542 | |     int_to_uint!(i8:visit_i8 i16:visit_i16 i32:visit_i32 i64:visit_i64);
543 | |     num_128!(i128:visit_i128);
544 | | }
    | |_- in this macro invocation
    |
    = note: this error originates in the macro `impl_deserialize_num` (in Nightly builds, run with -Z macro-backtrace for more info)
help: consider importing one of these items
    |
1   + use core::fmt::Result;
    |
1   + use core::result::Result;
    |

error[E0412]: cannot find type `Result` in this scope
   --> C:\Users\john\.cargo\registry\src\index.crates.io-1949cf8c6b5b557f\serde-1.0.219\src\de\impls.rs:181:39
    |
181 |           fn $visit<E>(self, v: $ty) -> Result<Self::Value, E>
    |                                         ^^^^^^ not found in this scope
...
538 | / impl_deserialize_num! {
539 | |     u128, NonZeroU128, deserialize_u128
540 | |     num_self!(u128:visit_u128);
541 | |     num_as_self!(u8:visit_u8 u16:visit_u16 u32:visit_u32 u64:visit_u64);
542 | |     int_to_uint!(i8:visit_i8 i16:visit_i16 i32:visit_i32 i64:visit_i64);
543 | |     num_128!(i128:visit_i128);
544 | | }
    | |_- in this macro invocation
    |
    = note: this error originates in the macro `num_self` which comes from the expansion of the macro `impl_deserialize_num` (in Nightly builds, run with -Z macro-backtrace for more info)
help: consider importing one of these items
    |
1   + use core::fmt::Result;
    |
1   + use core::result::Result;
    |

error[E0425]: cannot find function, tuple struct or tuple variant `Ok` in this scope
   --> C:\Users\john\.cargo\registry\src\index.crates.io-1949cf8c6b5b557f\serde-1.0.219\src\de\impls.rs:185:13
    |
185 |               Ok(Saturating(v))
    |               ^^ not found in this scope
...
538 | / impl_deserialize_num! {
539 | |     u128, NonZeroU128, deserialize_u128
540 | |     num_self!(u128:visit_u128);
541 | |     num_as_self!(u8:visit_u8 u16:visit_u16 u32:visit_u32 u64:visit_u64);
542 | |     int_to_uint!(i8:visit_i8 i16:visit_i16 i32:visit_i32 i64:visit_i64);
543 | |     num_128!(i128:visit_i128);
544 | | }
    | |_- in this macro invocation
    |
    = note: this error originates in the macro `num_self` which comes from the expansion of the macro `impl_deserialize_num` (in Nightly builds, run with -Z macro-backtrace for more info)
help: consider importing this tuple variant
    |
1   + use core::result::Result::Ok;
    |

error[E0412]: cannot find type `Result` in this scope
   --> C:\Users\john\.cargo\registry\src\index.crates.io-1949cf8c6b5b557f\serde-1.0.219\src\de\impls.rs:215:39
    |
215 |           fn $visit<E>(self, v: $ty) -> Result<Self::Value, E>
    |                                         ^^^^^^ not found in this scope
...
538 | / impl_deserialize_num! {
539 | |     u128, NonZeroU128, deserialize_u128
540 | |     num_self!(u128:visit_u128);
541 | |     num_as_self!(u8:visit_u8 u16:visit_u16 u32:visit_u32 u64:visit_u64);
542 | |     int_to_uint!(i8:visit_i8 i16:visit_i16 i32:visit_i32 i64:visit_i64);
543 | |     num_128!(i128:visit_i128);
544 | | }
    | |_- in this macro invocation
    |
    = note: this error originates in the macro `num_as_self` which comes from the expansion of the macro `impl_deserialize_num` (in Nightly builds, run with -Z macro-backtrace for more info)
help: consider importing one of these items
    |
1   + use core::fmt::Result;
    |
1   + use core::result::Result;
    |

error[E0425]: cannot find function, tuple struct or tuple variant `Ok` in this scope
   --> C:\Users\john\.cargo\registry\src\index.crates.io-1949cf8c6b5b557f\serde-1.0.219\src\de\impls.rs:219:13
    |
219 |               Ok(Saturating(v as $primitive))
    |               ^^ not found in this scope
...
538 | / impl_deserialize_num! {
539 | |     u128, NonZeroU128, deserialize_u128
540 | |     num_self!(u128:visit_u128);
541 | |     num_as_self!(u8:visit_u8 u16:visit_u16 u32:visit_u32 u64:visit_u64);
542 | |     int_to_uint!(i8:visit_i8 i16:visit_i16 i32:visit_i32 i64:visit_i64);
543 | |     num_128!(i128:visit_i128);
544 | | }
    | |_- in this macro invocation
    |
    = note: this error originates in the macro `num_as_self` which comes from the expansion of the macro `impl_deserialize_num` (in Nightly builds, run with -Z macro-backtrace for more info)
help: consider importing this tuple variant
    |
1   + use core::result::Result::Ok;
    |

error[E0412]: cannot find type `Result` in this scope
   --> C:\Users\john\.cargo\registry\src\index.crates.io-1949cf8c6b5b557f\serde-1.0.219\src\de\impls.rs:325:39
    |
325 |           fn $visit<E>(self, v: $ty) -> Result<Self::Value, E>
    |                                         ^^^^^^ not found in this scope
...
538 | / impl_deserialize_num! {
539 | |     u128, NonZeroU128, deserialize_u128
540 | |     num_self!(u128:visit_u128);
541 | |     num_as_self!(u8:visit_u8 u16:visit_u16 u32:visit_u32 u64:visit_u64);
542 | |     int_to_uint!(i8:visit_i8 i16:visit_i16 i32:visit_i32 i64:visit_i64);
543 | |     num_128!(i128:visit_i128);
544 | | }
    | |_- in this macro invocation
    |
    = note: this error originates in the macro `int_to_uint` which comes from the expansion of the macro `impl_deserialize_num` (in Nightly builds, run with -Z macro-backtrace for more info)
help: consider importing one of these items
    |
1   + use core::fmt::Result;
    |
1   + use core::result::Result;
    |

error[E0425]: cannot find function, tuple struct or tuple variant `Ok` in this scope
   --> C:\Users\john\.cargo\registry\src\index.crates.io-1949cf8c6b5b557f\serde-1.0.219\src\de\impls.rs:330:17
    |
330 |                   Ok(Saturating(0))
    |                   ^^ not found in this scope
...
538 | / impl_deserialize_num! {
539 | |     u128, NonZeroU128, deserialize_u128
540 | |     num_self!(u128:visit_u128);
541 | |     num_as_self!(u8:visit_u8 u16:visit_u16 u32:visit_u32 u64:visit_u64);
542 | |     int_to_uint!(i8:visit_i8 i16:visit_i16 i32:visit_i32 i64:visit_i64);
543 | |     num_128!(i128:visit_i128);
544 | | }
    | |_- in this macro invocation
    |
    = note: this error originates in the macro `int_to_uint` which comes from the expansion of the macro `impl_deserialize_num` (in Nightly builds, run with -Z macro-backtrace for more info)
help: consider importing this tuple variant
    |
1   + use core::result::Result::Ok;
    |

error[E0425]: cannot find function, tuple struct or tuple variant `Ok` in this scope
   --> C:\Users\john\.cargo\registry\src\index.crates.io-1949cf8c6b5b557f\serde-1.0.219\src\de\impls.rs:332:17
    |
332 |                   Ok(Saturating($primitive::MAX))
    |                   ^^ not found in this scope
...
538 | / impl_deserialize_num! {
539 | |     u128, NonZeroU128, deserialize_u128
540 | |     num_self!(u128:visit_u128);
541 | |     num_as_self!(u8:visit_u8 u16:visit_u16 u32:visit_u32 u64:visit_u64);
542 | |     int_to_uint!(i8:visit_i8 i16:visit_i16 i32:visit_i32 i64:visit_i64);
543 | |     num_128!(i128:visit_i128);
544 | | }
    | |_- in this macro invocation
    |
    = note: this error originates in the macro `int_to_uint` which comes from the expansion of the macro `impl_deserialize_num` (in Nightly builds, run with -Z macro-backtrace for more info)
help: consider importing this tuple variant
    |
1   + use core::result::Result::Ok;
    |

error[E0425]: cannot find function, tuple struct or tuple variant `Ok` in this scope
   --> C:\Users\john\.cargo\registry\src\index.crates.io-1949cf8c6b5b557f\serde-1.0.219\src\de\impls.rs:334:17
    |
334 |                   Ok(Saturating(v as $primitive))
    |                   ^^ not found in this scope
...
538 | / impl_deserialize_num! {
539 | |     u128, NonZeroU128, deserialize_u128
540 | |     num_self!(u128:visit_u128);
541 | |     num_as_self!(u8:visit_u8 u16:visit_u16 u32:visit_u32 u64:visit_u64);
542 | |     int_to_uint!(i8:visit_i8 i16:visit_i16 i32:visit_i32 i64:visit_i64);
543 | |     num_128!(i128:visit_i128);
544 | | }
    | |_- in this macro invocation
    |
    = note: this error originates in the macro `int_to_uint` which comes from the expansion of the macro `impl_deserialize_num` (in Nightly builds, run with -Z macro-backtrace for more info)
help: consider importing this tuple variant
    |
1   + use core::result::Result::Ok;
    |

error[E0412]: cannot find type `Result` in this scope
   --> C:\Users\john\.cargo\registry\src\index.crates.io-1949cf8c6b5b557f\serde-1.0.219\src\de\impls.rs:515:39
    |
515 |           fn $visit<E>(self, v: $ty) -> Result<Self::Value, E>
    |                                         ^^^^^^ not found in this scope
...
538 | / impl_deserialize_num! {
539 | |     u128, NonZeroU128, deserialize_u128
540 | |     num_self!(u128:visit_u128);
541 | |     num_as_self!(u8:visit_u8 u16:visit_u16 u32:visit_u32 u64:visit_u64);
542 | |     int_to_uint!(i8:visit_i8 i16:visit_i16 i32:visit_i32 i64:visit_i64);
543 | |     num_128!(i128:visit_i128);
544 | | }
    | |_- in this macro invocation
    |
    = note: this error originates in the macro `num_128` which comes from the expansion of the macro `impl_deserialize_num` (in Nightly builds, run with -Z macro-backtrace for more info)
help: consider importing one of these items
    |
1   + use core::fmt::Result;
    |
1   + use core::result::Result;
    |

error[E0425]: cannot find function, tuple struct or tuple variant `Ok` in this scope
   --> C:\Users\john\.cargo\registry\src\index.crates.io-1949cf8c6b5b557f\serde-1.0.219\src\de\impls.rs:520:17
    |
520 |                   Ok(Saturating($primitive::MIN))
    |                   ^^ not found in this scope
...
538 | / impl_deserialize_num! {
539 | |     u128, NonZeroU128, deserialize_u128
540 | |     num_self!(u128:visit_u128);
541 | |     num_as_self!(u8:visit_u8 u16:visit_u16 u32:visit_u32 u64:visit_u64);
542 | |     int_to_uint!(i8:visit_i8 i16:visit_i16 i32:visit_i32 i64:visit_i64);
543 | |     num_128!(i128:visit_i128);
544 | | }
    | |_- in this macro invocation
    |
    = note: this error originates in the macro `num_128` which comes from the expansion of the macro `impl_deserialize_num` (in Nightly builds, run with -Z macro-backtrace for more info)
help: consider importing this tuple variant
    |
1   + use core::result::Result::Ok;
    |

error[E0425]: cannot find function, tuple struct or tuple variant `Ok` in this scope
   --> C:\Users\john\.cargo\registry\src\index.crates.io-1949cf8c6b5b557f\serde-1.0.219\src\de\impls.rs:522:17
    |
522 |                   Ok(Saturating($primitive::MAX))
    |                   ^^ not found in this scope
...
538 | / impl_deserialize_num! {
539 | |     u128, NonZeroU128, deserialize_u128
540 | |     num_self!(u128:visit_u128);
541 | |     num_as_self!(u8:visit_u8 u16:visit_u16 u32:visit_u32 u64:visit_u64);
542 | |     int_to_uint!(i8:visit_i8 i16:visit_i16 i32:visit_i32 i64:visit_i64);
543 | |     num_128!(i128:visit_i128);
544 | | }
    | |_- in this macro invocation
    |
    = note: this error originates in the macro `num_128` which comes from the expansion of the macro `impl_deserialize_num` (in Nightly builds, run with -Z macro-backtrace for more info)
help: consider importing this tuple variant
    |
1   + use core::result::Result::Ok;
    |

error[E0425]: cannot find function, tuple struct or tuple variant `Ok` in this scope
   --> C:\Users\john\.cargo\registry\src\index.crates.io-1949cf8c6b5b557f\serde-1.0.219\src\de\impls.rs:524:17
    |
524 |                   Ok(Saturating(v as $primitive))
    |                   ^^ not found in this scope
...
538 | / impl_deserialize_num! {
539 | |     u128, NonZeroU128, deserialize_u128
540 | |     num_self!(u128:visit_u128);
541 | |     num_as_self!(u8:visit_u8 u16:visit_u16 u32:visit_u32 u64:visit_u64);
542 | |     int_to_uint!(i8:visit_i8 i16:visit_i16 i32:visit_i32 i64:visit_i64);
543 | |     num_128!(i128:visit_i128);
544 | | }
    | |_- in this macro invocation
    |
    = note: this error originates in the macro `num_128` which comes from the expansion of the macro `impl_deserialize_num` (in Nightly builds, run with -Z macro-backtrace for more info)
help: consider importing this tuple variant
    |
1   + use core::result::Result::Ok;
    |

error[E0412]: cannot find type `Result` in this scope
   --> C:\Users\john\.cargo\registry\src\index.crates.io-1949cf8c6b5b557f\serde-1.0.219\src\de\impls.rs:558:40
    |
558 |     fn visit_char<E>(self, v: char) -> Result<Self::Value, E>
    |                                        ^^^^^^ not found in this scope
    |
help: consider importing one of these items
    |
1   + use core::fmt::Result;
    |
1   + use core::result::Result;
    |

error[E0425]: cannot find function, tuple struct or tuple variant `Ok` in this scope
   --> C:\Users\john\.cargo\registry\src\index.crates.io-1949cf8c6b5b557f\serde-1.0.219\src\de\impls.rs:562:9
    |
562 |         Ok(v)
    |         ^^ not found in this scope
    |
help: consider importing this tuple variant
    |
1   + use core::result::Result::Ok;
    |

error[E0412]: cannot find type `Result` in this scope
   --> C:\Users\john\.cargo\registry\src\index.crates.io-1949cf8c6b5b557f\serde-1.0.219\src\de\impls.rs:566:39
    |
566 |     fn visit_str<E>(self, v: &str) -> Result<Self::Value, E>
    |                                       ^^^^^^ not found in this scope
    |
help: consider importing one of these items
    |
1   + use core::fmt::Result;
    |
1   + use core::result::Result;
    |

error[E0531]: cannot find tuple struct or tuple variant `Some` in this scope
   --> C:\Users\john\.cargo\registry\src\index.crates.io-1949cf8c6b5b557f\serde-1.0.219\src\de\impls.rs:572:14
    |
572 |             (Some(c), None) => Ok(c),
    |              ^^^^ not found in this scope
    |
note: tuple variant `crate::__private::ser::content::Content::Some` exists but is inaccessible
   --> C:\Users\john\.cargo\registry\src\index.crates.io-1949cf8c6b5b557f\serde-1.0.219\src\private\ser.rs:443:9
    |
443 |         Some(Box<Content>),
    |         ^^^^^^^^^^^^^^^^^^ not accessible
help: consider importing one of these tuple variants
    |
1   + use crate::__private::de::Content::Some;
    |
1   + use core::option::Option::Some;
    |

error[E0425]: cannot find function, tuple struct or tuple variant `Ok` in this scope
   --> C:\Users\john\.cargo\registry\src\index.crates.io-1949cf8c6b5b557f\serde-1.0.219\src\de\impls.rs:572:32
    |
572 |             (Some(c), None) => Ok(c),
    |                                ^^ not found in this scope
    |
help: consider importing this tuple variant
    |
1   + use core::result::Result::Ok;
    |

error[E0425]: cannot find function, tuple struct or tuple variant `Err` in this scope
   --> C:\Users\john\.cargo\registry\src\index.crates.io-1949cf8c6b5b557f\serde-1.0.219\src\de\impls.rs:573:18
    |
573 |             _ => Err(Error::invalid_value(Unexpected::Str(v), &self)),
    |                  ^^^ not found in this scope
    |
help: consider importing this tuple variant
    |
1   + use core::result::Result::Err;
    |

error[E0412]: cannot find type `Result` in this scope
   --> C:\Users\john\.cargo\registry\src\index.crates.io-1949cf8c6b5b557f\serde-1.0.219\src\de\impls.rs:580:43
    |
580 |     fn deserialize<D>(deserializer: D) -> Result<Self, D::Error>
    |                                           ^^^^^^ not found in this scope
    |
help: consider importing one of these items
    |
1   + use core::fmt::Result;
    |
1   + use core::result::Result;
    |

error[E0412]: cannot find type `Result` in this scope
   --> C:\Users\john\.cargo\registry\src\index.crates.io-1949cf8c6b5b557f\serde-1.0.219\src\de\impls.rs:603:39
    |
603 |     fn visit_str<E>(self, v: &str) -> Result<Self::Value, E>
    |                                       ^^^^^^ not found in this scope
    |
help: consider importing one of these items
    |
1   + use core::fmt::Result;
    |
1   + use core::result::Result;
    |

error[E0425]: cannot find function, tuple struct or tuple variant `Ok` in this scope
   --> C:\Users\john\.cargo\registry\src\index.crates.io-1949cf8c6b5b557f\serde-1.0.219\src\de\impls.rs:607:9
    |
607 |         Ok(v.to_owned())
    |         ^^ not found in this scope
    |
help: consider importing this tuple variant
    |
1   + use core::result::Result::Ok;
    |

error[E0412]: cannot find type `Result` in this scope
   --> C:\Users\john\.cargo\registry\src\index.crates.io-1949cf8c6b5b557f\serde-1.0.219\src\de\impls.rs:610:44
    |
610 |     fn visit_string<E>(self, v: String) -> Result<Self::Value, E>
    |                                            ^^^^^^ not found in this scope
    |
help: consider importing one of these items
    |
1   + use core::fmt::Result;
    |
1   + use core::result::Result;
    |

error[E0425]: cannot find function, tuple struct or tuple variant `Ok` in this scope
   --> C:\Users\john\.cargo\registry\src\index.crates.io-1949cf8c6b5b557f\serde-1.0.219\src\de\impls.rs:614:9
    |
614 |         Ok(v)
    |         ^^ not found in this scope
    |
help: consider importing this tuple variant
    |
1   + use core::result::Result::Ok;
    |

error[E0412]: cannot find type `Result` in this scope
   --> C:\Users\john\.cargo\registry\src\index.crates.io-1949cf8c6b5b557f\serde-1.0.219\src\de\impls.rs:617:42
    |
617 |     fn visit_bytes<E>(self, v: &[u8]) -> Result<Self::Value, E>
    |                                          ^^^^^^ not found in this scope
    |
help: consider importing one of these items
    |
1   + use core::fmt::Result;
    |
1   + use core::result::Result;
    |

error[E0531]: cannot find tuple struct or tuple variant `Ok` in this scope
   --> C:\Users\john\.cargo\registry\src\index.crates.io-1949cf8c6b5b557f\serde-1.0.219\src\de\impls.rs:622:13
    |
622 |             Ok(s) => Ok(s.to_owned()),
    |             ^^ not found in this scope
    |
help: consider importing this tuple variant
    |
1   + use core::result::Result::Ok;
    |

error[E0425]: cannot find function, tuple struct or tuple variant `Ok` in this scope
   --> C:\Users\john\.cargo\registry\src\index.crates.io-1949cf8c6b5b557f\serde-1.0.219\src\de\impls.rs:622:22
    |
622 |             Ok(s) => Ok(s.to_owned()),
    |                      ^^ not found in this scope
    |
help: consider importing this tuple variant
    |
1   + use core::result::Result::Ok;
    |

error[E0531]: cannot find tuple struct or tuple variant `Err` in this scope
   --> C:\Users\john\.cargo\registry\src\index.crates.io-1949cf8c6b5b557f\serde-1.0.219\src\de\impls.rs:623:13
    |
623 |             Err(_) => Err(Error::invalid_value(Unexpected::Bytes(v), &self)),
    |             ^^^ not found in this scope
    |
help: consider importing this tuple variant
    |
1   + use core::result::Result::Err;
    |

error[E0425]: cannot find function, tuple struct or tuple variant `Err` in this scope
   --> C:\Users\john\.cargo\registry\src\index.crates.io-1949cf8c6b5b557f\serde-1.0.219\src\de\impls.rs:623:23
    |
623 |             Err(_) => Err(Error::invalid_value(Unexpected::Bytes(v), &self)),
    |                       ^^^ not found in this scope
    |
help: consider importing this tuple variant
    |
1   + use core::result::Result::Err;
    |

error[E0412]: cannot find type `Result` in this scope
   --> C:\Users\john\.cargo\registry\src\index.crates.io-1949cf8c6b5b557f\serde-1.0.219\src\de\impls.rs:627:47
    |
627 |     fn visit_byte_buf<E>(self, v: Vec<u8>) -> Result<Self::Value, E>
    |                                               ^^^^^^ not found in this scope
    |
help: consider importing one of these items
    |
1   + use core::fmt::Result;
    |
1   + use core::result::Result;
    |

error[E0531]: cannot find tuple struct or tuple variant `Ok` in this scope
   --> C:\Users\john\.cargo\registry\src\index.crates.io-1949cf8c6b5b557f\serde-1.0.219\src\de\impls.rs:632:13
    |
632 |             Ok(s) => Ok(s),
    |             ^^ not found in this scope
    |
help: consider importing this tuple variant
    |
1   + use core::result::Result::Ok;
    |

error[E0425]: cannot find function, tuple struct or tuple variant `Ok` in this scope
   --> C:\Users\john\.cargo\registry\src\index.crates.io-1949cf8c6b5b557f\serde-1.0.219\src\de\impls.rs:632:22
    |
632 |             Ok(s) => Ok(s),
    |                      ^^ not found in this scope
    |
help: consider importing this tuple variant
    |
1   + use core::result::Result::Ok;
    |

error[E0531]: cannot find tuple struct or tuple variant `Err` in this scope
   --> C:\Users\john\.cargo\registry\src\index.crates.io-1949cf8c6b5b557f\serde-1.0.219\src\de\impls.rs:633:13
    |
633 |             Err(e) => Err(Error::invalid_value(
    |             ^^^ not found in this scope
    |
help: consider importing this tuple variant
    |
1   + use core::result::Result::Err;
    |

error[E0425]: cannot find function, tuple struct or tuple variant `Err` in this scope
   --> C:\Users\john\.cargo\registry\src\index.crates.io-1949cf8c6b5b557f\serde-1.0.219\src\de\impls.rs:633:23
    |
633 |             Err(e) => Err(Error::invalid_value(
    |                       ^^^ not found in this scope
    |
help: consider importing this tuple variant
    |
1   + use core::result::Result::Err;
    |

error[E0412]: cannot find type `Result` in this scope
   --> C:\Users\john\.cargo\registry\src\index.crates.io-1949cf8c6b5b557f\serde-1.0.219\src\de\impls.rs:649:39
    |
649 |     fn visit_str<E>(self, v: &str) -> Result<Self::Value, E>
    |                                       ^^^^^^ not found in this scope
    |
help: consider importing one of these items
    |
1   + use core::fmt::Result;
    |
1   + use core::result::Result;
    |

error[E0425]: cannot find function, tuple struct or tuple variant `Ok` in this scope
   --> C:\Users\john\.cargo\registry\src\index.crates.io-1949cf8c6b5b557f\serde-1.0.219\src\de\impls.rs:655:9
    |
655 |         Ok(())
    |         ^^ not found in this scope
    |
help: consider importing this tuple variant
    |
1   + use core::result::Result::Ok;
    |

error[E0412]: cannot find type `Result` in this scope
   --> C:\Users\john\.cargo\registry\src\index.crates.io-1949cf8c6b5b557f\serde-1.0.219\src\de\impls.rs:658:44
    |
658 |     fn visit_string<E>(self, v: String) -> Result<Self::Value, E>
    |                                            ^^^^^^ not found in this scope
    |
help: consider importing one of these items
    |
1   + use core::fmt::Result;
    |
1   + use core::result::Result;
    |

error[E0425]: cannot find function, tuple struct or tuple variant `Ok` in this scope
   --> C:\Users\john\.cargo\registry\src\index.crates.io-1949cf8c6b5b557f\serde-1.0.219\src\de\impls.rs:663:9
    |
663 |         Ok(())
    |         ^^ not found in this scope
    |
help: consider importing this tuple variant
    |
1   + use core::result::Result::Ok;
    |

error[E0412]: cannot find type `Result` in this scope
   --> C:\Users\john\.cargo\registry\src\index.crates.io-1949cf8c6b5b557f\serde-1.0.219\src\de\impls.rs:666:42
    |
666 |     fn visit_bytes<E>(self, v: &[u8]) -> Result<Self::Value, E>
    |                                          ^^^^^^ not found in this scope
    |
help: consider importing one of these items
    |
1   + use core::fmt::Result;
    |
1   + use core::result::Result;
    |

error[E0531]: cannot find tuple struct or tuple variant `Ok` in this scope
   --> C:\Users\john\.cargo\registry\src\index.crates.io-1949cf8c6b5b557f\serde-1.0.219\src\de\impls.rs:671:13
    |
671 |             Ok(s) => {
    |             ^^ not found in this scope
    |
help: consider importing this tuple variant
    |
1   + use core::result::Result::Ok;
    |

error[E0425]: cannot find function, tuple struct or tuple variant `Ok` in this scope
   --> C:\Users\john\.cargo\registry\src\index.crates.io-1949cf8c6b5b557f\serde-1.0.219\src\de\impls.rs:674:17
    |
674 |                 Ok(())
    |                 ^^ not found in this scope
    |
help: consider importing this tuple variant
    |
1   + use core::result::Result::Ok;
    |

error[E0531]: cannot find tuple struct or tuple variant `Err` in this scope
   --> C:\Users\john\.cargo\registry\src\index.crates.io-1949cf8c6b5b557f\serde-1.0.219\src\de\impls.rs:676:13
    |
676 |             Err(_) => Err(Error::invalid_value(Unexpected::Bytes(v), &self)),
    |             ^^^ not found in this scope
    |
help: consider importing this tuple variant
    |
1   + use core::result::Result::Err;
    |

error[E0425]: cannot find function, tuple struct or tuple variant `Err` in this scope
   --> C:\Users\john\.cargo\registry\src\index.crates.io-1949cf8c6b5b557f\serde-1.0.219\src\de\impls.rs:676:23
    |
676 |             Err(_) => Err(Error::invalid_value(Unexpected::Bytes(v), &self)),
    |                       ^^^ not found in this scope
    |
help: consider importing this tuple variant
    |
1   + use core::result::Result::Err;
    |

error[E0412]: cannot find type `Result` in this scope
   --> C:\Users\john\.cargo\registry\src\index.crates.io-1949cf8c6b5b557f\serde-1.0.219\src\de\impls.rs:680:47
    |
680 |     fn visit_byte_buf<E>(self, v: Vec<u8>) -> Result<Self::Value, E>
    |                                               ^^^^^^ not found in this scope
    |
help: consider importing one of these items
    |
1   + use core::fmt::Result;
    |
1   + use core::result::Result;
    |

error[E0531]: cannot find tuple struct or tuple variant `Ok` in this scope
   --> C:\Users\john\.cargo\registry\src\index.crates.io-1949cf8c6b5b557f\serde-1.0.219\src\de\impls.rs:685:13
    |
685 |             Ok(s) => {
    |             ^^ not found in this scope
    |
help: consider importing this tuple variant
    |
1   + use core::result::Result::Ok;
    |

error[E0425]: cannot find function, tuple struct or tuple variant `Ok` in this scope
   --> C:\Users\john\.cargo\registry\src\index.crates.io-1949cf8c6b5b557f\serde-1.0.219\src\de\impls.rs:687:17
    |
687 |                 Ok(())
    |                 ^^ not found in this scope
    |
help: consider importing this tuple variant
    |
1   + use core::result::Result::Ok;
    |

error[E0531]: cannot find tuple struct or tuple variant `Err` in this scope
   --> C:\Users\john\.cargo\registry\src\index.crates.io-1949cf8c6b5b557f\serde-1.0.219\src\de\impls.rs:689:13
    |
689 |             Err(e) => Err(Error::invalid_value(
    |             ^^^ not found in this scope
    |
help: consider importing this tuple variant
    |
1   + use core::result::Result::Err;
    |

error[E0425]: cannot find function, tuple struct or tuple variant `Err` in this scope
   --> C:\Users\john\.cargo\registry\src\index.crates.io-1949cf8c6b5b557f\serde-1.0.219\src\de\impls.rs:689:23
    |
689 |             Err(e) => Err(Error::invalid_value(
    |                       ^^^ not found in this scope
    |
help: consider importing this tuple variant
    |
1   + use core::result::Result::Err;
    |

error[E0412]: cannot find type `Result` in this scope
   --> C:\Users\john\.cargo\registry\src\index.crates.io-1949cf8c6b5b557f\serde-1.0.219\src\de\impls.rs:700:43
    |
700 |     fn deserialize<D>(deserializer: D) -> Result<Self, D::Error>
    |                                           ^^^^^^ not found in this scope
    |
help: consider importing one of these items
    |
1   + use core::fmt::Result;
    |
1   + use core::result::Result;
    |

error[E0412]: cannot find type `Result` in this scope
   --> C:\Users\john\.cargo\registry\src\index.crates.io-1949cf8c6b5b557f\serde-1.0.219\src\de\impls.rs:707:70
    |
707 |     fn deserialize_in_place<D>(deserializer: D, place: &mut Self) -> Result<(), D::Error>
    |                                                                      ^^^^^^ not found in this scope
    |
help: consider importing one of these items
    |
1   + use core::fmt::Result;
    |
1   + use core::result::Result;
    |

error[E0412]: cannot find type `Result` in this scope
   --> C:\Users\john\.cargo\registry\src\index.crates.io-1949cf8c6b5b557f\serde-1.0.219\src\de\impls.rs:726:51
    |
726 |     fn visit_borrowed_str<E>(self, v: &'a str) -> Result<Self::Value, E>
    |                                                   ^^^^^^ not found in this scope
    |
help: consider importing one of these items
    |
1   + use core::fmt::Result;
    |
1   + use core::result::Result;
    |

error[E0425]: cannot find function, tuple struct or tuple variant `Ok` in this scope
   --> C:\Users\john\.cargo\registry\src\index.crates.io-1949cf8c6b5b557f\serde-1.0.219\src\de\impls.rs:730:9
    |
730 |         Ok(v) // so easy
    |         ^^ not found in this scope
    |
help: consider importing this tuple variant
    |
1   + use core::result::Result::Ok;
    |

error[E0412]: cannot find type `Result` in this scope
   --> C:\Users\john\.cargo\registry\src\index.crates.io-1949cf8c6b5b557f\serde-1.0.219\src\de\impls.rs:733:54
    |
733 |     fn visit_borrowed_bytes<E>(self, v: &'a [u8]) -> Result<Self::Value, E>
    |                                                      ^^^^^^ not found in this scope
    |
help: consider importing one of these items
    |
1   + use core::fmt::Result;
    |
1   + use core::result::Result;
    |

error[E0412]: cannot find type `Result` in this scope
   --> C:\Users\john\.cargo\registry\src\index.crates.io-1949cf8c6b5b557f\serde-1.0.219\src\de\impls.rs:742:43
    |
742 |     fn deserialize<D>(deserializer: D) -> Result<Self, D::Error>
    |                                           ^^^^^^ not found in this scope
    |
help: consider importing one of these items
    |
1   + use core::fmt::Result;
    |
1   + use core::result::Result;
    |

error[E0412]: cannot find type `Result` in this scope
   --> C:\Users\john\.cargo\registry\src\index.crates.io-1949cf8c6b5b557f\serde-1.0.219\src\de\impls.rs:761:54
    |
761 |     fn visit_borrowed_bytes<E>(self, v: &'a [u8]) -> Result<Self::Value, E>
    |                                                      ^^^^^^ not found in this scope
    |
help: consider importing one of these items
    |
1   + use core::fmt::Result;
    |
1   + use core::result::Result;
    |

error[E0425]: cannot find function, tuple struct or tuple variant `Ok` in this scope
   --> C:\Users\john\.cargo\registry\src\index.crates.io-1949cf8c6b5b557f\serde-1.0.219\src\de\impls.rs:765:9
    |
765 |         Ok(v)
    |         ^^ not found in this scope
    |
help: consider importing this tuple variant
    |
1   + use core::result::Result::Ok;
    |

error[E0412]: cannot find type `Result` in this scope
   --> C:\Users\john\.cargo\registry\src\index.crates.io-1949cf8c6b5b557f\serde-1.0.219\src\de\impls.rs:768:51
    |
768 |     fn visit_borrowed_str<E>(self, v: &'a str) -> Result<Self::Value, E>
    |                                                   ^^^^^^ not found in this scope
    |
help: consider importing one of these items
    |
1   + use core::fmt::Result;
    |
1   + use core::result::Result;
    |

error[E0425]: cannot find function, tuple struct or tuple variant `Ok` in this scope
   --> C:\Users\john\.cargo\registry\src\index.crates.io-1949cf8c6b5b557f\serde-1.0.219\src\de\impls.rs:772:9
    |
772 |         Ok(v.as_bytes())
    |         ^^ not found in this scope
    |
help: consider importing this tuple variant
    |
1   + use core::result::Result::Ok;
    |

error[E0412]: cannot find type `Result` in this scope
   --> C:\Users\john\.cargo\registry\src\index.crates.io-1949cf8c6b5b557f\serde-1.0.219\src\de\impls.rs:777:43
    |
777 |     fn deserialize<D>(deserializer: D) -> Result<Self, D::Error>
    |                                           ^^^^^^ not found in this scope
    |
help: consider importing one of these items
    |
1   + use core::fmt::Result;
    |
1   + use core::result::Result;
    |

error[E0412]: cannot find type `Result` in this scope
   --> C:\Users\john\.cargo\registry\src\index.crates.io-1949cf8c6b5b557f\serde-1.0.219\src\de\impls.rs:798:42
    |
798 |     fn visit_seq<A>(self, mut seq: A) -> Result<Self::Value, A::Error>
    |                                          ^^^^^^ not found in this scope
    |
help: consider importing one of these items
    |
1   + use core::fmt::Result;
    |
1   + use core::result::Result;
    |

error[E0531]: cannot find tuple struct or tuple variant `Ok` in this scope
   --> C:\Users\john\.cargo\registry\src\index.crates.io-1949cf8c6b5b557f\serde-1.0.219\src\lib.rs:298:13
    |
298 |             Ok(val) => val,
    |             ^^ not found in this scope
    |
   ::: C:\Users\john\.cargo\registry\src\index.crates.io-1949cf8c6b5b557f\serde-1.0.219\src\de\impls.rs:805:33
    |
805 |         while let Some(value) = tri!(seq.next_element()) {
    |                                 ------------------------ in this macro invocation
    |
    = note: this error originates in the macro `tri` (in Nightly builds, run with -Z macro-backtrace for more info)
help: consider importing this tuple variant
   --> C:\Users\john\.cargo\registry\src\index.crates.io-1949cf8c6b5b557f\serde-1.0.219\src\de\impls.rs:1:1
    |
1   + use core::result::Result::Ok;
    |

error[E0531]: cannot find tuple struct or tuple variant `Err` in this scope
   --> C:\Users\john\.cargo\registry\src\index.crates.io-1949cf8c6b5b557f\serde-1.0.219\src\lib.rs:299:13
    |
299 |             Err(err) => return Err(err),
    |             ^^^ not found in this scope
    |
   ::: C:\Users\john\.cargo\registry\src\index.crates.io-1949cf8c6b5b557f\serde-1.0.219\src\de\impls.rs:805:33
    |
805 |         while let Some(value) = tri!(seq.next_element()) {
    |                                 ------------------------ in this macro invocation
    |
    = note: this error originates in the macro `tri` (in Nightly builds, run with -Z macro-backtrace for more info)
help: consider importing this tuple variant
   --> C:\Users\john\.cargo\registry\src\index.crates.io-1949cf8c6b5b557f\serde-1.0.219\src\de\impls.rs:1:1
    |
1   + use core::result::Result::Err;
    |

error[E0425]: cannot find function, tuple struct or tuple variant `Err` in this scope
   --> C:\Users\john\.cargo\registry\src\index.crates.io-1949cf8c6b5b557f\serde-1.0.219\src\lib.rs:299:32
    |
299 |             Err(err) => return Err(err),
    |                                ^^^
    |
   ::: C:\Users\john\.cargo\registry\src\index.crates.io-1949cf8c6b5b557f\serde-1.0.219\src\de\impls.rs:805:33
    |
805 |         while let Some(value) = tri!(seq.next_element()) {
    |                                 ------------------------ in this macro invocation
    |
    = note: this error originates in the macro `tri` (in Nightly builds, run with -Z macro-backtrace for more info)
help: a local variable with a similar name exists
    |
299 -             Err(err) => return Err(err),
299 +             Err(err) => return err(err),
    |
help: consider importing this tuple variant
   --> C:\Users\john\.cargo\registry\src\index.crates.io-1949cf8c6b5b557f\serde-1.0.219\src\de\impls.rs:1:1
    |
1   + use core::result::Result::Err;
    |

error[E0531]: cannot find tuple struct or tuple variant `Some` in this scope
   --> C:\Users\john\.cargo\registry\src\index.crates.io-1949cf8c6b5b557f\serde-1.0.219\src\de\impls.rs:805:19
    |
805 |         while let Some(value) = tri!(seq.next_element()) {
    |                   ^^^^ not found in this scope
    |
note: tuple variant `crate::__private::ser::content::Content::Some` exists but is inaccessible
   --> C:\Users\john\.cargo\registry\src\index.crates.io-1949cf8c6b5b557f\serde-1.0.219\src\private\ser.rs:443:9
    |
443 |         Some(Box<Content>),
    |         ^^^^^^^^^^^^^^^^^^ not accessible
help: consider importing one of these tuple variants
    |
1   + use crate::__private::de::Content::Some;
    |
1   + use core::option::Option::Some;
    |

error[E0412]: cannot find type `Result` in this scope
   --> C:\Users\john\.cargo\registry\src\index.crates.io-1949cf8c6b5b557f\serde-1.0.219\src\de\impls.rs:812:42
    |
812 |     fn visit_bytes<E>(self, v: &[u8]) -> Result<Self::Value, E>
    |                                          ^^^^^^ not found in this scope
    |
help: consider importing one of these items
    |
1   + use core::fmt::Result;
    |
1   + use core::result::Result;
    |

error[E0412]: cannot find type `Result` in this scope
   --> C:\Users\john\.cargo\registry\src\index.crates.io-1949cf8c6b5b557f\serde-1.0.219\src\de\impls.rs:819:47
    |
819 |     fn visit_byte_buf<E>(self, v: Vec<u8>) -> Result<Self::Value, E>
    |                                               ^^^^^^ not found in this scope
    |
help: consider importing one of these items
    |
1   + use core::fmt::Result;
    |
1   + use core::result::Result;
    |

error[E0412]: cannot find type `Result` in this scope
   --> C:\Users\john\.cargo\registry\src\index.crates.io-1949cf8c6b5b557f\serde-1.0.219\src\de\impls.rs:826:39
    |
826 |     fn visit_str<E>(self, v: &str) -> Result<Self::Value, E>
    |                                       ^^^^^^ not found in this scope
    |
help: consider importing one of these items
    |
1   + use core::fmt::Result;
    |
1   + use core::result::Result;
    |

error[E0412]: cannot find type `Result` in this scope
   --> C:\Users\john\.cargo\registry\src\index.crates.io-1949cf8c6b5b557f\serde-1.0.219\src\de\impls.rs:833:44
    |
833 |     fn visit_string<E>(self, v: String) -> Result<Self::Value, E>
    |                                            ^^^^^^ not found in this scope
    |
help: consider importing one of these items
    |
1   + use core::fmt::Result;
    |
1   + use core::result::Result;
    |

error[E0412]: cannot find type `Result` in this scope
   --> C:\Users\john\.cargo\registry\src\index.crates.io-1949cf8c6b5b557f\serde-1.0.219\src\de\impls.rs:844:43
    |
844 |     fn deserialize<D>(deserializer: D) -> Result<Self, D::Error>
    |                                           ^^^^^^ not found in this scope
    |
help: consider importing one of these items
    |
1   + use core::fmt::Result;
    |
1   + use core::result::Result;
    |

error[E0412]: cannot find type `Result` in this scope
   --> C:\Users\john\.cargo\registry\src\index.crates.io-1949cf8c6b5b557f\serde-1.0.219\src\de\impls.rs:859:51
    |
859 |               fn deserialize<D>(deserializer: D) -> Result<Self, D::Error>
    |                                                     ^^^^^^ not found in this scope
...
869 | / forwarded_impl! {
870 | |     #[cfg(any(feature = "std", all(not(no_core_cstr), feature = "alloc")))]
871 | |     #[cfg_attr(docsrs, doc(cfg(any(feature = "std", feature = "alloc"))))]
872 | |     (), Box<CStr>, CString::into_boxed_c_str
873 | | }
    | |_- in this macro invocation
    |
    = note: this error originates in the macro `forwarded_impl` (in Nightly builds, run with -Z macro-backtrace for more info)
help: consider importing one of these items
    |
1   + use core::fmt::Result;
    |
1   + use core::result::Result;
    |

error[E0412]: cannot find type `Result` in this scope
   --> C:\Users\john\.cargo\registry\src\index.crates.io-1949cf8c6b5b557f\serde-1.0.219\src\de\impls.rs:859:51
    |
859 |               fn deserialize<D>(deserializer: D) -> Result<Self, D::Error>
    |                                                     ^^^^^^ not found in this scope
...
875 | / forwarded_impl! {
876 | |     (T), Reverse<T>, Reverse
877 | | }
    | |_- in this macro invocation
    |
    = note: this error originates in the macro `forwarded_impl` (in Nightly builds, run with -Z macro-backtrace for more info)
help: consider importing one of these items
    |
1   + use core::fmt::Result;
    |
1   + use core::result::Result;
    |

error[E0412]: cannot find type `Option` in this scope
   --> C:\Users\john\.cargo\registry\src\index.crates.io-1949cf8c6b5b557f\serde-1.0.219\src\de\impls.rs:889:18
    |
889 |     type Value = Option<T>;
    |                  ^^^^^^ not found in this scope
    |
help: consider importing this enum
    |
1   + use core::option::Option;
    |

error[E0412]: cannot find type `Result` in this scope
   --> C:\Users\john\.cargo\registry\src\index.crates.io-1949cf8c6b5b557f\serde-1.0.219\src\de\impls.rs:896:31
    |
896 |     fn visit_unit<E>(self) -> Result<Self::Value, E>
    |                               ^^^^^^ not found in this scope
    |
help: consider importing one of these items
    |
1   + use core::fmt::Result;
    |
1   + use core::result::Result;
    |

error[E0425]: cannot find function, tuple struct or tuple variant `Ok` in this scope
   --> C:\Users\john\.cargo\registry\src\index.crates.io-1949cf8c6b5b557f\serde-1.0.219\src\de\impls.rs:900:9
    |
900 |         Ok(None)
    |         ^^ not found in this scope
    |
help: consider importing this tuple variant
    |
1   + use core::result::Result::Ok;
    |

error[E0425]: cannot find value `None` in this scope
   --> C:\Users\john\.cargo\registry\src\index.crates.io-1949cf8c6b5b557f\serde-1.0.219\src\de\impls.rs:900:12
    |
900 |         Ok(None)
    |            ^^^^ not found in this scope
    |
note: unit variant `crate::__private::ser::content::Content::None` exists but is inaccessible
   --> C:\Users\john\.cargo\registry\src\index.crates.io-1949cf8c6b5b557f\serde-1.0.219\src\private\ser.rs:442:9
    |
442 |         None,
    |         ^^^^ not accessible
help: consider importing one of these unit variants
    |
1   + use crate::__private::de::Content::None;
    |
1   + use core::option::Option::None;
    |

error[E0412]: cannot find type `Result` in this scope
   --> C:\Users\john\.cargo\registry\src\index.crates.io-1949cf8c6b5b557f\serde-1.0.219\src\de\impls.rs:904:31
    |
904 |     fn visit_none<E>(self) -> Result<Self::Value, E>
    |                               ^^^^^^ not found in this scope
    |
help: consider importing one of these items
    |
1   + use core::fmt::Result;
    |
1   + use core::result::Result;
    |

error[E0425]: cannot find function, tuple struct or tuple variant `Ok` in this scope
   --> C:\Users\john\.cargo\registry\src\index.crates.io-1949cf8c6b5b557f\serde-1.0.219\src\de\impls.rs:908:9
    |
908 |         Ok(None)
    |         ^^ not found in this scope
    |
help: consider importing this tuple variant
    |
1   + use core::result::Result::Ok;
    |

error[E0425]: cannot find value `None` in this scope
   --> C:\Users\john\.cargo\registry\src\index.crates.io-1949cf8c6b5b557f\serde-1.0.219\src\de\impls.rs:908:12
    |
908 |         Ok(None)
    |            ^^^^ not found in this scope
    |
note: unit variant `crate::__private::ser::content::Content::None` exists but is inaccessible
   --> C:\Users\john\.cargo\registry\src\index.crates.io-1949cf8c6b5b557f\serde-1.0.219\src\private\ser.rs:442:9
    |
442 |         None,
    |         ^^^^ not accessible
help: consider importing one of these unit variants
    |
1   + use crate::__private::de::Content::None;
    |
1   + use core::option::Option::None;
    |

error[E0412]: cannot find type `Result` in this scope
   --> C:\Users\john\.cargo\registry\src\index.crates.io-1949cf8c6b5b557f\serde-1.0.219\src\de\impls.rs:912:48
    |
912 |     fn visit_some<D>(self, deserializer: D) -> Result<Self::Value, D::Error>
    |                                                ^^^^^^ not found in this scope
    |
help: consider importing one of these items
    |
1   + use core::fmt::Result;
    |
1   + use core::result::Result;
    |

error[E0425]: cannot find value `Some` in this scope
   --> C:\Users\john\.cargo\registry\src\index.crates.io-1949cf8c6b5b557f\serde-1.0.219\src\de\impls.rs:916:42
    |
916 |         T::deserialize(deserializer).map(Some)
    |                                          ^^^^ not found in this scope
    |
note: tuple variant `crate::__private::ser::content::Content::Some` exists but is inaccessible
   --> C:\Users\john\.cargo\registry\src\index.crates.io-1949cf8c6b5b557f\serde-1.0.219\src\private\ser.rs:443:9
    |
443 |         Some(Box<Content>),
    |         ^^^^^^^^^^^^^^^^^^ not accessible
help: consider importing one of these tuple variants
    |
1   + use crate::__private::de::Content::Some;
    |
1   + use core::option::Option::Some;
    |

error[E0412]: cannot find type `Result` in this scope
   --> C:\Users\john\.cargo\registry\src\index.crates.io-1949cf8c6b5b557f\serde-1.0.219\src\de\impls.rs:919:69
    |
919 |     fn __private_visit_untagged_option<D>(self, deserializer: D) -> Result<Self::Value, ()>
    |                                                                     ^^^^^^ not found in this scope
    |
help: consider importing one of these items
    |
1   + use core::fmt::Result;
    |
1   + use core::result::Result;
    |

error[E0425]: cannot find function, tuple struct or tuple variant `Ok` in this scope
   --> C:\Users\john\.cargo\registry\src\index.crates.io-1949cf8c6b5b557f\serde-1.0.219\src\de\impls.rs:923:9
    |
923 |         Ok(T::deserialize(deserializer).ok())
    |         ^^ not found in this scope
    |
help: consider importing this tuple variant
    |
1   + use core::result::Result::Ok;
    |

error[E0412]: cannot find type `Option` in this scope
   --> C:\Users\john\.cargo\registry\src\index.crates.io-1949cf8c6b5b557f\serde-1.0.219\src\de\impls.rs:927:35
    |
927 | impl<'de, T> Deserialize<'de> for Option<T>
    |                                   ^^^^^^ not found in this scope
    |
help: consider importing this enum
    |
1   + use core::option::Option;
    |

error[E0412]: cannot find type `Result` in this scope
   --> C:\Users\john\.cargo\registry\src\index.crates.io-1949cf8c6b5b557f\serde-1.0.219\src\de\impls.rs:931:43
    |
931 |     fn deserialize<D>(deserializer: D) -> Result<Self, D::Error>
    |                                           ^^^^^^ not found in this scope
    |
help: consider importing one of these items
    |
1   + use core::fmt::Result;
    |
1   + use core::result::Result;
    |

error[E0405]: cannot find trait `Sized` in this scope
   --> C:\Users\john\.cargo\registry\src\index.crates.io-1949cf8c6b5b557f\serde-1.0.219\src\de\impls.rs:949:31
    |
949 | struct PhantomDataVisitor<T: ?Sized> {
    |                               ^^^^^ not found in this scope
    |
help: consider importing this trait
    |
1   + use core::marker::Sized;
    |

error[E0405]: cannot find trait `Sized` in this scope
   --> C:\Users\john\.cargo\registry\src\index.crates.io-1949cf8c6b5b557f\serde-1.0.219\src\de\impls.rs:955:9
    |
955 |     T: ?Sized,
    |         ^^^^^ not found in this scope
    |
help: consider importing this trait
    |
1   + use core::marker::Sized;
    |

error[E0412]: cannot find type `Result` in this scope
   --> C:\Users\john\.cargo\registry\src\index.crates.io-1949cf8c6b5b557f\serde-1.0.219\src\de\impls.rs:964:31
    |
964 |     fn visit_unit<E>(self) -> Result<Self::Value, E>
    |                               ^^^^^^ not found in this scope
    |
help: consider importing one of these items
    |
1   + use core::fmt::Result;
    |
1   + use core::result::Result;
    |

error[E0425]: cannot find function, tuple struct or tuple variant `Ok` in this scope
   --> C:\Users\john\.cargo\registry\src\index.crates.io-1949cf8c6b5b557f\serde-1.0.219\src\de\impls.rs:968:9
    |
968 |         Ok(PhantomData)
    |         ^^ not found in this scope
    |
help: consider importing this tuple variant
    |
1   + use core::result::Result::Ok;
    |

error[E0405]: cannot find trait `Sized` in this scope
   --> C:\Users\john\.cargo\registry\src\index.crates.io-1949cf8c6b5b557f\serde-1.0.219\src\de\impls.rs:974:9
    |
974 |     T: ?Sized,
    |         ^^^^^ not found in this scope
    |
help: consider importing this trait
    |
1   + use core::marker::Sized;
    |

error[E0412]: cannot find type `Result` in this scope
   --> C:\Users\john\.cargo\registry\src\index.crates.io-1949cf8c6b5b557f\serde-1.0.219\src\de\impls.rs:976:43
    |
976 |     fn deserialize<D>(deserializer: D) -> Result<Self, D::Error>
    |                                           ^^^^^^ not found in this scope
    |
help: consider importing one of these items
    |
1   + use core::fmt::Result;
    |
1   + use core::result::Result;
    |

error[E0405]: cannot find trait `Ord` in this scope
    --> C:\Users\john\.cargo\registry\src\index.crates.io-1949cf8c6b5b557f\serde-1.0.219\src\de\impls.rs:1090:19
     |
1002 |             T: Deserialize<'de> $(+ $tbound1 $(+ $tbound2)*)*,
     |                                     -------- due to this macro variable
...
1090 |     BinaryHeap<T: Ord>,
     |                   ^^^ not found in this scope
     |
help: consider importing this trait
     |
1    + use core::cmp::Ord;
     |

error[E0412]: cannot find type `Result` in this scope
    --> C:\Users\john\.cargo\registry\src\index.crates.io-1949cf8c6b5b557f\serde-1.0.219\src\de\impls.rs:1005:51
     |
1005 |               fn deserialize<D>(deserializer: D) -> Result<Self, D::Error>
     |                                                     ^^^^^^ not found in this scope
...
1087 | / seq_impl!(
1088 | |     #[cfg(any(feature = "std", feature = "alloc"))]
1089 | |     #[cfg_attr(docsrs, doc(cfg(any(feature = "std", feature = "alloc"))))]
1090 | |     BinaryHeap<T: Ord>,
...    |
1095 | |     BinaryHeap::push
1096 | | );
     | |_- in this macro invocation
     |
     = note: this error originates in the macro `seq_impl` (in Nightly builds, run with -Z macro-backtrace for more info)
help: consider importing one of these items
     |
1    + use core::fmt::Result;
     |
1    + use core::result::Result;
     |

error[E0412]: cannot find type `Result` in this scope
    --> C:\Users\john\.cargo\registry\src\index.crates.io-1949cf8c6b5b557f\serde-1.0.219\src\de\impls.rs:1025:62
     |
1025 |                       fn visit_seq<A>(self, mut $access: A) -> Result<Self::Value, A::Error>
     |                                                                ^^^^^^ not found in this scope
...
1087 | / seq_impl!(
1088 | |     #[cfg(any(feature = "std", feature = "alloc"))]
1089 | |     #[cfg_attr(docsrs, doc(cfg(any(feature = "std", feature = "alloc"))))]
1090 | |     BinaryHeap<T: Ord>,
...    |
1095 | |     BinaryHeap::push
1096 | | );
     | |_- in this macro invocation
     |
     = note: this error originates in the macro `seq_impl` (in Nightly builds, run with -Z macro-backtrace for more info)
help: consider importing one of these items
     |
1    + use core::fmt::Result;
     |
1    + use core::result::Result;
     |

error[E0531]: cannot find tuple struct or tuple variant `Ok` in this scope
    --> C:\Users\john\.cargo\registry\src\index.crates.io-1949cf8c6b5b557f\serde-1.0.219\src\lib.rs:298:13
     |
298  |               Ok(val) => val,
     |               ^^ not found in this scope
     |
    ::: C:\Users\john\.cargo\registry\src\index.crates.io-1949cf8c6b5b557f\serde-1.0.219\src\de\impls.rs:1087:1
     |
1087 | / seq_impl!(
1088 | |     #[cfg(any(feature = "std", feature = "alloc"))]
1089 | |     #[cfg_attr(docsrs, doc(cfg(any(feature = "std", feature = "alloc"))))]
1090 | |     BinaryHeap<T: Ord>,
...    |
1095 | |     BinaryHeap::push
1096 | | );
     | |_- in this macro invocation
     |
     = note: this error originates in the macro `tri` which comes from the expansion of the macro `seq_impl` (in Nightly builds, run with -Z macro-backtrace for more info)
help: consider importing this tuple variant
    -->  C:\Users\john\.cargo\registry\src\index.crates.io-1949cf8c6b5b557f\serde-1.0.219\src\de\impls.rs:1:1
     |
1    + use core::result::Result::Ok;
     |

error[E0531]: cannot find tuple struct or tuple variant `Err` in this scope
    --> C:\Users\john\.cargo\registry\src\index.crates.io-1949cf8c6b5b557f\serde-1.0.219\src\lib.rs:299:13
     |
299  |               Err(err) => return Err(err),
     |               ^^^ not found in this scope
     |
    ::: C:\Users\john\.cargo\registry\src\index.crates.io-1949cf8c6b5b557f\serde-1.0.219\src\de\impls.rs:1087:1
     |
1087 | / seq_impl!(
1088 | |     #[cfg(any(feature = "std", feature = "alloc"))]
1089 | |     #[cfg_attr(docsrs, doc(cfg(any(feature = "std", feature = "alloc"))))]
1090 | |     BinaryHeap<T: Ord>,
...    |
1095 | |     BinaryHeap::push
1096 | | );
     | |_- in this macro invocation
     |
     = note: this error originates in the macro `tri` which comes from the expansion of the macro `seq_impl` (in Nightly builds, run with -Z macro-backtrace for more info)
help: consider importing this tuple variant
    -->  C:\Users\john\.cargo\registry\src\index.crates.io-1949cf8c6b5b557f\serde-1.0.219\src\de\impls.rs:1:1
     |
1    + use core::result::Result::Err;
     |

error[E0425]: cannot find function, tuple struct or tuple variant `Err` in this scope
    --> C:\Users\john\.cargo\registry\src\index.crates.io-1949cf8c6b5b557f\serde-1.0.219\src\lib.rs:299:32
     |
299  |               Err(err) => return Err(err),
     |                                  ^^^
     |
    ::: C:\Users\john\.cargo\registry\src\index.crates.io-1949cf8c6b5b557f\serde-1.0.219\src\de\impls.rs:1087:1
     |
1087 | / seq_impl!(
1088 | |     #[cfg(any(feature = "std", feature = "alloc"))]
1089 | |     #[cfg_attr(docsrs, doc(cfg(any(feature = "std", feature = "alloc"))))]
1090 | |     BinaryHeap<T: Ord>,
...    |
1095 | |     BinaryHeap::push
1096 | | );
     | |_- in this macro invocation
     |
     = note: this error originates in the macro `tri` which comes from the expansion of the macro `seq_impl` (in Nightly builds, run with -Z macro-backtrace for more info)
help: a local variable with a similar name exists
     |
299  -             Err(err) => return Err(err),
299  +             Err(err) => return err(err),
     |
help: consider importing this tuple variant
    -->  C:\Users\john\.cargo\registry\src\index.crates.io-1949cf8c6b5b557f\serde-1.0.219\src\de\impls.rs:1:1
     |
1    + use core::result::Result::Err;
     |

error[E0531]: cannot find tuple struct or tuple variant `Some` in this scope
    --> C:\Users\john\.cargo\registry\src\index.crates.io-1949cf8c6b5b557f\serde-1.0.219\src\de\impls.rs:1031:35
     |
1031 |                           while let Some(value) = tri!($access.next_element()) {
     |                                     ^^^^ not found in this scope
...
1087 | / seq_impl!(
1088 | |     #[cfg(any(feature = "std", feature = "alloc"))]
1089 | |     #[cfg_attr(docsrs, doc(cfg(any(feature = "std", feature = "alloc"))))]
1090 | |     BinaryHeap<T: Ord>,
...    |
1095 | |     BinaryHeap::push
1096 | | );
     | |_- in this macro invocation
     |
note: tuple variant `crate::__private::ser::content::Content::Some` exists but is inaccessible
    --> C:\Users\john\.cargo\registry\src\index.crates.io-1949cf8c6b5b557f\serde-1.0.219\src\private\ser.rs:443:9
     |
443  |         Some(Box<Content>),
     |         ^^^^^^^^^^^^^^^^^^ not accessible
     = note: this error originates in the macro `seq_impl` (in Nightly builds, run with -Z macro-backtrace for more info)
help: consider importing one of these tuple variants
     |
1    + use crate::__private::de::Content::Some;
     |
1    + use core::option::Option::Some;
     |

error[E0425]: cannot find function, tuple struct or tuple variant `Ok` in this scope
    --> C:\Users\john\.cargo\registry\src\index.crates.io-1949cf8c6b5b557f\serde-1.0.219\src\de\impls.rs:1035:25
     |
1035 |                           Ok(values)
     |                           ^^ not found in this scope
...
1087 | / seq_impl!(
1088 | |     #[cfg(any(feature = "std", feature = "alloc"))]
1089 | |     #[cfg_attr(docsrs, doc(cfg(any(feature = "std", feature = "alloc"))))]
1090 | |     BinaryHeap<T: Ord>,
...    |
1095 | |     BinaryHeap::push
1096 | | );
     | |_- in this macro invocation
     |
     = note: this error originates in the macro `seq_impl` (in Nightly builds, run with -Z macro-backtrace for more info)
help: consider importing this tuple variant
     |
1    + use core::result::Result::Ok;
     |

error[E0412]: cannot find type `Result` in this scope
    --> C:\Users\john\.cargo\registry\src\index.crates.io-1949cf8c6b5b557f\serde-1.0.219\src\de\impls.rs:1043:78
     |
1043 |               fn deserialize_in_place<D>(deserializer: D, place: &mut Self) -> Result<(), D::Error>
     |                                                                                ^^^^^^ not found in this scope
...
1087 | / seq_impl!(
1088 | |     #[cfg(any(feature = "std", feature = "alloc"))]
1089 | |     #[cfg_attr(docsrs, doc(cfg(any(feature = "std", feature = "alloc"))))]
1090 | |     BinaryHeap<T: Ord>,
...    |
1095 | |     BinaryHeap::push
1096 | | );
     | |_- in this macro invocation
     |
     = note: this error originates in the macro `seq_impl` (in Nightly builds, run with -Z macro-backtrace for more info)
help: consider importing one of these items
     |
1    + use core::fmt::Result;
     |
1    + use core::result::Result;
     |

error[E0412]: cannot find type `Result` in this scope
    --> C:\Users\john\.cargo\registry\src\index.crates.io-1949cf8c6b5b557f\serde-1.0.219\src\de\impls.rs:1061:66
     |
1061 |                       fn visit_seq<A>(mut self, mut $access: A) -> Result<Self::Value, A::Error>
     |                                                                    ^^^^^^ not found in this scope
...
1087 | / seq_impl!(
1088 | |     #[cfg(any(feature = "std", feature = "alloc"))]
1089 | |     #[cfg_attr(docsrs, doc(cfg(any(feature = "std", feature = "alloc"))))]
1090 | |     BinaryHeap<T: Ord>,
...    |
1095 | |     BinaryHeap::push
1096 | | );
     | |_- in this macro invocation
     |
     = note: this error originates in the macro `seq_impl` (in Nightly builds, run with -Z macro-backtrace for more info)
help: consider importing one of these items
     |
1    + use core::fmt::Result;
     |
1    + use core::result::Result;
     |

error[E0531]: cannot find tuple struct or tuple variant `Some` in this scope
    --> C:\Users\john\.cargo\registry\src\index.crates.io-1949cf8c6b5b557f\serde-1.0.219\src\de\impls.rs:1069:35
     |
1069 |                           while let Some(value) = tri!($access.next_element()) {
     |                                     ^^^^ not found in this scope
...
1087 | / seq_impl!(
1088 | |     #[cfg(any(feature = "std", feature = "alloc"))]
1089 | |     #[cfg_attr(docsrs, doc(cfg(any(feature = "std", feature = "alloc"))))]
1090 | |     BinaryHeap<T: Ord>,
...    |
1095 | |     BinaryHeap::push
1096 | | );
     | |_- in this macro invocation
     |
note: tuple variant `crate::__private::ser::content::Content::Some` exists but is inaccessible
    --> C:\Users\john\.cargo\registry\src\index.crates.io-1949cf8c6b5b557f\serde-1.0.219\src\private\ser.rs:443:9
     |
443  |         Some(Box<Content>),
     |         ^^^^^^^^^^^^^^^^^^ not accessible
     = note: this error originates in the macro `seq_impl` (in Nightly builds, run with -Z macro-backtrace for more info)
help: consider importing one of these tuple variants
     |
1    + use crate::__private::de::Content::Some;
     |
1    + use core::option::Option::Some;
     |

error[E0425]: cannot find function, tuple struct or tuple variant `Ok` in this scope
    --> C:\Users\john\.cargo\registry\src\index.crates.io-1949cf8c6b5b557f\serde-1.0.219\src\de\impls.rs:1073:25
     |
1073 |                           Ok(())
     |                           ^^ not found in this scope
...
1087 | / seq_impl!(
1088 | |     #[cfg(any(feature = "std", feature = "alloc"))]
1089 | |     #[cfg_attr(docsrs, doc(cfg(any(feature = "std", feature = "alloc"))))]
1090 | |     BinaryHeap<T: Ord>,
...    |
1095 | |     BinaryHeap::push
1096 | | );
     | |_- in this macro invocation
     |
     = note: this error originates in the macro `seq_impl` (in Nightly builds, run with -Z macro-backtrace for more info)
help: consider importing this tuple variant
     |
1    + use core::result::Result::Ok;
     |

error[E0405]: cannot find trait `Eq` in this scope
    --> C:\Users\john\.cargo\registry\src\index.crates.io-1949cf8c6b5b557f\serde-1.0.219\src\de\impls.rs:1101:17
     |
1002 |             T: Deserialize<'de> $(+ $tbound1 $(+ $tbound2)*)*,
     |                                     -------- due to this macro variable
...
1101 |     BTreeSet<T: Eq + Ord>,
     |                 ^^ not found in this scope
     |
help: consider importing this trait
     |
1    + use core::cmp::Eq;
     |

error[E0405]: cannot find trait `Ord` in this scope
    --> C:\Users\john\.cargo\registry\src\index.crates.io-1949cf8c6b5b557f\serde-1.0.219\src\de\impls.rs:1101:22
     |
1002 |             T: Deserialize<'de> $(+ $tbound1 $(+ $tbound2)*)*,
     |                                                  -------- due to this macro variable
...
1101 |     BTreeSet<T: Eq + Ord>,
     |                      ^^^ not found in this scope
     |
help: consider importing this trait
     |
1    + use core::cmp::Ord;
     |

error[E0412]: cannot find type `Result` in this scope
    --> C:\Users\john\.cargo\registry\src\index.crates.io-1949cf8c6b5b557f\serde-1.0.219\src\de\impls.rs:1005:51
     |
1005 |               fn deserialize<D>(deserializer: D) -> Result<Self, D::Error>
     |                                                     ^^^^^^ not found in this scope
...
1098 | / seq_impl!(
1099 | |     #[cfg(any(feature = "std", feature = "alloc"))]
1100 | |     #[cfg_attr(docsrs, doc(cfg(any(feature = "std", feature = "alloc"))))]
1101 | |     BTreeSet<T: Eq + Ord>,
...    |
1106 | |     BTreeSet::insert
1107 | | );
     | |_- in this macro invocation
     |
     = note: this error originates in the macro `seq_impl` (in Nightly builds, run with -Z macro-backtrace for more info)
help: consider importing one of these items
     |
1    + use core::fmt::Result;
     |
1    + use core::result::Result;
     |

error[E0412]: cannot find type `Result` in this scope
    --> C:\Users\john\.cargo\registry\src\index.crates.io-1949cf8c6b5b557f\serde-1.0.219\src\de\impls.rs:1025:62
     |
1025 |                       fn visit_seq<A>(self, mut $access: A) -> Result<Self::Value, A::Error>
     |                                                                ^^^^^^ not found in this scope
...
1098 | / seq_impl!(
1099 | |     #[cfg(any(feature = "std", feature = "alloc"))]
1100 | |     #[cfg_attr(docsrs, doc(cfg(any(feature = "std", feature = "alloc"))))]
1101 | |     BTreeSet<T: Eq + Ord>,
...    |
1106 | |     BTreeSet::insert
1107 | | );
     | |_- in this macro invocation
     |
     = note: this error originates in the macro `seq_impl` (in Nightly builds, run with -Z macro-backtrace for more info)
help: consider importing one of these items
     |
1    + use core::fmt::Result;
     |
1    + use core::result::Result;
     |

error[E0531]: cannot find tuple struct or tuple variant `Ok` in this scope
    --> C:\Users\john\.cargo\registry\src\index.crates.io-1949cf8c6b5b557f\serde-1.0.219\src\lib.rs:298:13
     |
298  |               Ok(val) => val,
     |               ^^ not found in this scope
     |
    ::: C:\Users\john\.cargo\registry\src\index.crates.io-1949cf8c6b5b557f\serde-1.0.219\src\de\impls.rs:1098:1
     |
1098 | / seq_impl!(
1099 | |     #[cfg(any(feature = "std", feature = "alloc"))]
1100 | |     #[cfg_attr(docsrs, doc(cfg(any(feature = "std", feature = "alloc"))))]
1101 | |     BTreeSet<T: Eq + Ord>,
...    |
1106 | |     BTreeSet::insert
1107 | | );
     | |_- in this macro invocation
     |
     = note: this error originates in the macro `tri` which comes from the expansion of the macro `seq_impl` (in Nightly builds, run with -Z macro-backtrace for more info)
help: consider importing this tuple variant
    -->  C:\Users\john\.cargo\registry\src\index.crates.io-1949cf8c6b5b557f\serde-1.0.219\src\de\impls.rs:1:1
     |
1    + use core::result::Result::Ok;
     |

error[E0531]: cannot find tuple struct or tuple variant `Err` in this scope
    --> C:\Users\john\.cargo\registry\src\index.crates.io-1949cf8c6b5b557f\serde-1.0.219\src\lib.rs:299:13
     |
299  |               Err(err) => return Err(err),
     |               ^^^ not found in this scope
     |
    ::: C:\Users\john\.cargo\registry\src\index.crates.io-1949cf8c6b5b557f\serde-1.0.219\src\de\impls.rs:1098:1
     |
1098 | / seq_impl!(
1099 | |     #[cfg(any(feature = "std", feature = "alloc"))]
1100 | |     #[cfg_attr(docsrs, doc(cfg(any(feature = "std", feature = "alloc"))))]
1101 | |     BTreeSet<T: Eq + Ord>,
...    |
1106 | |     BTreeSet::insert
1107 | | );
     | |_- in this macro invocation
     |
     = note: this error originates in the macro `tri` which comes from the expansion of the macro `seq_impl` (in Nightly builds, run with -Z macro-backtrace for more info)
help: consider importing this tuple variant
    -->  C:\Users\john\.cargo\registry\src\index.crates.io-1949cf8c6b5b557f\serde-1.0.219\src\de\impls.rs:1:1
     |
1    + use core::result::Result::Err;
     |

error[E0425]: cannot find function, tuple struct or tuple variant `Err` in this scope
    --> C:\Users\john\.cargo\registry\src\index.crates.io-1949cf8c6b5b557f\serde-1.0.219\src\lib.rs:299:32
     |
299  |               Err(err) => return Err(err),
     |                                  ^^^
     |
    ::: C:\Users\john\.cargo\registry\src\index.crates.io-1949cf8c6b5b557f\serde-1.0.219\src\de\impls.rs:1098:1
     |
1098 | / seq_impl!(
1099 | |     #[cfg(any(feature = "std", feature = "alloc"))]
1100 | |     #[cfg_attr(docsrs, doc(cfg(any(feature = "std", feature = "alloc"))))]
1101 | |     BTreeSet<T: Eq + Ord>,
...    |
1106 | |     BTreeSet::insert
1107 | | );
     | |_- in this macro invocation
     |
     = note: this error originates in the macro `tri` which comes from the expansion of the macro `seq_impl` (in Nightly builds, run with -Z macro-backtrace for more info)
help: a local variable with a similar name exists
     |
299  -             Err(err) => return Err(err),
299  +             Err(err) => return err(err),
     |
help: consider importing this tuple variant
    -->  C:\Users\john\.cargo\registry\src\index.crates.io-1949cf8c6b5b557f\serde-1.0.219\src\de\impls.rs:1:1
     |
1    + use core::result::Result::Err;
     |

error[E0531]: cannot find tuple struct or tuple variant `Some` in this scope
    --> C:\Users\john\.cargo\registry\src\index.crates.io-1949cf8c6b5b557f\serde-1.0.219\src\de\impls.rs:1031:35
     |
1031 |                           while let Some(value) = tri!($access.next_element()) {
     |                                     ^^^^ not found in this scope
...
1098 | / seq_impl!(
1099 | |     #[cfg(any(feature = "std", feature = "alloc"))]
1100 | |     #[cfg_attr(docsrs, doc(cfg(any(feature = "std", feature = "alloc"))))]
1101 | |     BTreeSet<T: Eq + Ord>,
...    |
1106 | |     BTreeSet::insert
1107 | | );
     | |_- in this macro invocation
     |
note: tuple variant `crate::__private::ser::content::Content::Some` exists but is inaccessible
    --> C:\Users\john\.cargo\registry\src\index.crates.io-1949cf8c6b5b557f\serde-1.0.219\src\private\ser.rs:443:9
     |
443  |         Some(Box<Content>),
     |         ^^^^^^^^^^^^^^^^^^ not accessible
     = note: this error originates in the macro `seq_impl` (in Nightly builds, run with -Z macro-backtrace for more info)
help: consider importing one of these tuple variants
     |
1    + use crate::__private::de::Content::Some;
     |
1    + use core::option::Option::Some;
     |

error[E0425]: cannot find function, tuple struct or tuple variant `Ok` in this scope
    --> C:\Users\john\.cargo\registry\src\index.crates.io-1949cf8c6b5b557f\serde-1.0.219\src\de\impls.rs:1035:25
     |
1035 |                           Ok(values)
     |                           ^^ not found in this scope
...
1098 | / seq_impl!(
1099 | |     #[cfg(any(feature = "std", feature = "alloc"))]
1100 | |     #[cfg_attr(docsrs, doc(cfg(any(feature = "std", feature = "alloc"))))]
1101 | |     BTreeSet<T: Eq + Ord>,
...    |
1106 | |     BTreeSet::insert
1107 | | );
     | |_- in this macro invocation
     |
     = note: this error originates in the macro `seq_impl` (in Nightly builds, run with -Z macro-backtrace for more info)
help: consider importing this tuple variant
     |
1    + use core::result::Result::Ok;
     |

error[E0412]: cannot find type `Result` in this scope
    --> C:\Users\john\.cargo\registry\src\index.crates.io-1949cf8c6b5b557f\serde-1.0.219\src\de\impls.rs:1043:78
     |
1043 |               fn deserialize_in_place<D>(deserializer: D, place: &mut Self) -> Result<(), D::Error>
     |                                                                                ^^^^^^ not found in this scope
...
1098 | / seq_impl!(
1099 | |     #[cfg(any(feature = "std", feature = "alloc"))]
1100 | |     #[cfg_attr(docsrs, doc(cfg(any(feature = "std", feature = "alloc"))))]
1101 | |     BTreeSet<T: Eq + Ord>,
...    |
1106 | |     BTreeSet::insert
1107 | | );
     | |_- in this macro invocation
     |
     = note: this error originates in the macro `seq_impl` (in Nightly builds, run with -Z macro-backtrace for more info)
help: consider importing one of these items
     |
1    + use core::fmt::Result;
     |
1    + use core::result::Result;
     |

error[E0412]: cannot find type `Result` in this scope
    --> C:\Users\john\.cargo\registry\src\index.crates.io-1949cf8c6b5b557f\serde-1.0.219\src\de\impls.rs:1061:66
     |
1061 |                       fn visit_seq<A>(mut self, mut $access: A) -> Result<Self::Value, A::Error>
     |                                                                    ^^^^^^ not found in this scope
...
1098 | / seq_impl!(
1099 | |     #[cfg(any(feature = "std", feature = "alloc"))]
1100 | |     #[cfg_attr(docsrs, doc(cfg(any(feature = "std", feature = "alloc"))))]
1101 | |     BTreeSet<T: Eq + Ord>,
...    |
1106 | |     BTreeSet::insert
1107 | | );
     | |_- in this macro invocation
     |
     = note: this error originates in the macro `seq_impl` (in Nightly builds, run with -Z macro-backtrace for more info)
help: consider importing one of these items
     |
1    + use core::fmt::Result;
     |
1    + use core::result::Result;
     |

error[E0531]: cannot find tuple struct or tuple variant `Some` in this scope
    --> C:\Users\john\.cargo\registry\src\index.crates.io-1949cf8c6b5b557f\serde-1.0.219\src\de\impls.rs:1069:35
     |
1069 |                           while let Some(value) = tri!($access.next_element()) {
     |                                     ^^^^ not found in this scope
...
1098 | / seq_impl!(
1099 | |     #[cfg(any(feature = "std", feature = "alloc"))]
1100 | |     #[cfg_attr(docsrs, doc(cfg(any(feature = "std", feature = "alloc"))))]
1101 | |     BTreeSet<T: Eq + Ord>,
...    |
1106 | |     BTreeSet::insert
1107 | | );
     | |_- in this macro invocation
     |
note: tuple variant `crate::__private::ser::content::Content::Some` exists but is inaccessible
    --> C:\Users\john\.cargo\registry\src\index.crates.io-1949cf8c6b5b557f\serde-1.0.219\src\private\ser.rs:443:9
     |
443  |         Some(Box<Content>),
     |         ^^^^^^^^^^^^^^^^^^ not accessible
     = note: this error originates in the macro `seq_impl` (in Nightly builds, run with -Z macro-backtrace for more info)
help: consider importing one of these tuple variants
     |
1    + use crate::__private::de::Content::Some;
     |
1    + use core::option::Option::Some;
     |

error[E0425]: cannot find function, tuple struct or tuple variant `Ok` in this scope
    --> C:\Users\john\.cargo\registry\src\index.crates.io-1949cf8c6b5b557f\serde-1.0.219\src\de\impls.rs:1073:25
     |
1073 |                           Ok(())
     |                           ^^ not found in this scope
...
1098 | / seq_impl!(
1099 | |     #[cfg(any(feature = "std", feature = "alloc"))]
1100 | |     #[cfg_attr(docsrs, doc(cfg(any(feature = "std", feature = "alloc"))))]
1101 | |     BTreeSet<T: Eq + Ord>,
...    |
1106 | |     BTreeSet::insert
1107 | | );
     | |_- in this macro invocation
     |
     = note: this error originates in the macro `seq_impl` (in Nightly builds, run with -Z macro-backtrace for more info)
help: consider importing this tuple variant
     |
1    + use core::result::Result::Ok;
     |

error[E0412]: cannot find type `Result` in this scope
    --> C:\Users\john\.cargo\registry\src\index.crates.io-1949cf8c6b5b557f\serde-1.0.219\src\de\impls.rs:1005:51
     |
1005 |               fn deserialize<D>(deserializer: D) -> Result<Self, D::Error>
     |                                                     ^^^^^^ not found in this scope
...
1109 | / seq_impl!(
1110 | |     #[cfg(any(feature = "std", feature = "alloc"))]
1111 | |     #[cfg_attr(docsrs, doc(cfg(any(feature = "std", feature = "alloc"))))]
1112 | |     LinkedList<T>,
...    |
1117 | |     LinkedList::push_back
1118 | | );
     | |_- in this macro invocation
     |
     = note: this error originates in the macro `seq_impl` (in Nightly builds, run with -Z macro-backtrace for more info)
help: consider importing one of these items
     |
1    + use core::fmt::Result;
     |
1    + use core::result::Result;
     |

error[E0412]: cannot find type `Result` in this scope
    --> C:\Users\john\.cargo\registry\src\index.crates.io-1949cf8c6b5b557f\serde-1.0.219\src\de\impls.rs:1025:62
     |
1025 |                       fn visit_seq<A>(self, mut $access: A) -> Result<Self::Value, A::Error>
     |                                                                ^^^^^^ not found in this scope
...
1109 | / seq_impl!(
1110 | |     #[cfg(any(feature = "std", feature = "alloc"))]
1111 | |     #[cfg_attr(docsrs, doc(cfg(any(feature = "std", feature = "alloc"))))]
1112 | |     LinkedList<T>,
...    |
1117 | |     LinkedList::push_back
1118 | | );
     | |_- in this macro invocation
     |
     = note: this error originates in the macro `seq_impl` (in Nightly builds, run with -Z macro-backtrace for more info)
help: consider importing one of these items
     |
1    + use core::fmt::Result;
     |
1    + use core::result::Result;
     |

error[E0531]: cannot find tuple struct or tuple variant `Ok` in this scope
    --> C:\Users\john\.cargo\registry\src\index.crates.io-1949cf8c6b5b557f\serde-1.0.219\src\lib.rs:298:13
     |
298  |               Ok(val) => val,
     |               ^^ not found in this scope
     |
    ::: C:\Users\john\.cargo\registry\src\index.crates.io-1949cf8c6b5b557f\serde-1.0.219\src\de\impls.rs:1109:1
     |
1109 | / seq_impl!(
1110 | |     #[cfg(any(feature = "std", feature = "alloc"))]
1111 | |     #[cfg_attr(docsrs, doc(cfg(any(feature = "std", feature = "alloc"))))]
1112 | |     LinkedList<T>,
...    |
1117 | |     LinkedList::push_back
1118 | | );
     | |_- in this macro invocation
     |
     = note: this error originates in the macro `tri` which comes from the expansion of the macro `seq_impl` (in Nightly builds, run with -Z macro-backtrace for more info)
help: consider importing this tuple variant
    -->  C:\Users\john\.cargo\registry\src\index.crates.io-1949cf8c6b5b557f\serde-1.0.219\src\de\impls.rs:1:1
     |
1    + use core::result::Result::Ok;
     |

error[E0531]: cannot find tuple struct or tuple variant `Err` in this scope
    --> C:\Users\john\.cargo\registry\src\index.crates.io-1949cf8c6b5b557f\serde-1.0.219\src\lib.rs:299:13
     |
299  |               Err(err) => return Err(err),
     |               ^^^ not found in this scope
     |
    ::: C:\Users\john\.cargo\registry\src\index.crates.io-1949cf8c6b5b557f\serde-1.0.219\src\de\impls.rs:1109:1
     |
1109 | / seq_impl!(
1110 | |     #[cfg(any(feature = "std", feature = "alloc"))]
1111 | |     #[cfg_attr(docsrs, doc(cfg(any(feature = "std", feature = "alloc"))))]
1112 | |     LinkedList<T>,
...    |
1117 | |     LinkedList::push_back
1118 | | );
     | |_- in this macro invocation
     |
     = note: this error originates in the macro `tri` which comes from the expansion of the macro `seq_impl` (in Nightly builds, run with -Z macro-backtrace for more info)
help: consider importing this tuple variant
    -->  C:\Users\john\.cargo\registry\src\index.crates.io-1949cf8c6b5b557f\serde-1.0.219\src\de\impls.rs:1:1
     |
1    + use core::result::Result::Err;
     |

error[E0425]: cannot find function, tuple struct or tuple variant `Err` in this scope
    --> C:\Users\john\.cargo\registry\src\index.crates.io-1949cf8c6b5b557f\serde-1.0.219\src\lib.rs:299:32
     |
299  |               Err(err) => return Err(err),
     |                                  ^^^
     |
    ::: C:\Users\john\.cargo\registry\src\index.crates.io-1949cf8c6b5b557f\serde-1.0.219\src\de\impls.rs:1109:1
     |
1109 | / seq_impl!(
1110 | |     #[cfg(any(feature = "std", feature = "alloc"))]
1111 | |     #[cfg_attr(docsrs, doc(cfg(any(feature = "std", feature = "alloc"))))]
1112 | |     LinkedList<T>,
...    |
1117 | |     LinkedList::push_back
1118 | | );
     | |_- in this macro invocation
     |
     = note: this error originates in the macro `tri` which comes from the expansion of the macro `seq_impl` (in Nightly builds, run with -Z macro-backtrace for more info)
help: a local variable with a similar name exists
     |
299  -             Err(err) => return Err(err),
299  +             Err(err) => return err(err),
     |
help: consider importing this tuple variant
    -->  C:\Users\john\.cargo\registry\src\index.crates.io-1949cf8c6b5b557f\serde-1.0.219\src\de\impls.rs:1:1
     |
1    + use core::result::Result::Err;
     |

error[E0531]: cannot find tuple struct or tuple variant `Some` in this scope
    --> C:\Users\john\.cargo\registry\src\index.crates.io-1949cf8c6b5b557f\serde-1.0.219\src\de\impls.rs:1031:35
     |
1031 |                           while let Some(value) = tri!($access.next_element()) {
     |                                     ^^^^ not found in this scope
...
1109 | / seq_impl!(
1110 | |     #[cfg(any(feature = "std", feature = "alloc"))]
1111 | |     #[cfg_attr(docsrs, doc(cfg(any(feature = "std", feature = "alloc"))))]
1112 | |     LinkedList<T>,
...    |
1117 | |     LinkedList::push_back
1118 | | );
     | |_- in this macro invocation
     |
note: tuple variant `crate::__private::ser::content::Content::Some` exists but is inaccessible
    --> C:\Users\john\.cargo\registry\src\index.crates.io-1949cf8c6b5b557f\serde-1.0.219\src\private\ser.rs:443:9
     |
443  |         Some(Box<Content>),
     |         ^^^^^^^^^^^^^^^^^^ not accessible
     = note: this error originates in the macro `seq_impl` (in Nightly builds, run with -Z macro-backtrace for more info)
help: consider importing one of these tuple variants
     |
1    + use crate::__private::de::Content::Some;
     |
1    + use core::option::Option::Some;
     |

error[E0425]: cannot find function, tuple struct or tuple variant `Ok` in this scope
    --> C:\Users\john\.cargo\registry\src\index.crates.io-1949cf8c6b5b557f\serde-1.0.219\src\de\impls.rs:1035:25
     |
1035 |                           Ok(values)
     |                           ^^ not found in this scope
...
1109 | / seq_impl!(
1110 | |     #[cfg(any(feature = "std", feature = "alloc"))]
1111 | |     #[cfg_attr(docsrs, doc(cfg(any(feature = "std", feature = "alloc"))))]
1112 | |     LinkedList<T>,
...    |
1117 | |     LinkedList::push_back
1118 | | );
     | |_- in this macro invocation
     |
     = note: this error originates in the macro `seq_impl` (in Nightly builds, run with -Z macro-backtrace for more info)
help: consider importing this tuple variant
     |
1    + use core::result::Result::Ok;
     |

error[E0412]: cannot find type `Result` in this scope
    --> C:\Users\john\.cargo\registry\src\index.crates.io-1949cf8c6b5b557f\serde-1.0.219\src\de\impls.rs:1043:78
     |
1043 |               fn deserialize_in_place<D>(deserializer: D, place: &mut Self) -> Result<(), D::Error>
     |                                                                                ^^^^^^ not found in this scope
...
1109 | / seq_impl!(
1110 | |     #[cfg(any(feature = "std", feature = "alloc"))]
1111 | |     #[cfg_attr(docsrs, doc(cfg(any(feature = "std", feature = "alloc"))))]
1112 | |     LinkedList<T>,
...    |
1117 | |     LinkedList::push_back
1118 | | );
     | |_- in this macro invocation
     |
     = note: this error originates in the macro `seq_impl` (in Nightly builds, run with -Z macro-backtrace for more info)
help: consider importing one of these items
     |
1    + use core::fmt::Result;
     |
1    + use core::result::Result;
     |

error[E0412]: cannot find type `Result` in this scope
    --> C:\Users\john\.cargo\registry\src\index.crates.io-1949cf8c6b5b557f\serde-1.0.219\src\de\impls.rs:1061:66
     |
1061 |                       fn visit_seq<A>(mut self, mut $access: A) -> Result<Self::Value, A::Error>
     |                                                                    ^^^^^^ not found in this scope
...
1109 | / seq_impl!(
1110 | |     #[cfg(any(feature = "std", feature = "alloc"))]
1111 | |     #[cfg_attr(docsrs, doc(cfg(any(feature = "std", feature = "alloc"))))]
1112 | |     LinkedList<T>,
...    |
1117 | |     LinkedList::push_back
1118 | | );
     | |_- in this macro invocation
     |
     = note: this error originates in the macro `seq_impl` (in Nightly builds, run with -Z macro-backtrace for more info)
help: consider importing one of these items
     |
1    + use core::fmt::Result;
     |
1    + use core::result::Result;
     |

error[E0531]: cannot find tuple struct or tuple variant `Some` in this scope
    --> C:\Users\john\.cargo\registry\src\index.crates.io-1949cf8c6b5b557f\serde-1.0.219\src\de\impls.rs:1069:35
     |
1069 |                           while let Some(value) = tri!($access.next_element()) {
     |                                     ^^^^ not found in this scope
...
1109 | / seq_impl!(
1110 | |     #[cfg(any(feature = "std", feature = "alloc"))]
1111 | |     #[cfg_attr(docsrs, doc(cfg(any(feature = "std", feature = "alloc"))))]
1112 | |     LinkedList<T>,
...    |
1117 | |     LinkedList::push_back
1118 | | );
     | |_- in this macro invocation
     |
note: tuple variant `crate::__private::ser::content::Content::Some` exists but is inaccessible
    --> C:\Users\john\.cargo\registry\src\index.crates.io-1949cf8c6b5b557f\serde-1.0.219\src\private\ser.rs:443:9
     |
443  |         Some(Box<Content>),
     |         ^^^^^^^^^^^^^^^^^^ not accessible
     = note: this error originates in the macro `seq_impl` (in Nightly builds, run with -Z macro-backtrace for more info)
help: consider importing one of these tuple variants
     |
1    + use crate::__private::de::Content::Some;
     |
1    + use core::option::Option::Some;
     |

error[E0425]: cannot find function, tuple struct or tuple variant `Ok` in this scope
    --> C:\Users\john\.cargo\registry\src\index.crates.io-1949cf8c6b5b557f\serde-1.0.219\src\de\impls.rs:1073:25
     |
1073 |                           Ok(())
     |                           ^^ not found in this scope
...
1109 | / seq_impl!(
1110 | |     #[cfg(any(feature = "std", feature = "alloc"))]
1111 | |     #[cfg_attr(docsrs, doc(cfg(any(feature = "std", feature = "alloc"))))]
1112 | |     LinkedList<T>,
...    |
1117 | |     LinkedList::push_back
1118 | | );
     | |_- in this macro invocation
     |
     = note: this error originates in the macro `seq_impl` (in Nightly builds, run with -Z macro-backtrace for more info)
help: consider importing this tuple variant
     |
1    + use core::result::Result::Ok;
     |

error[E0405]: cannot find trait `Eq` in this scope
    --> C:\Users\john\.cargo\registry\src\index.crates.io-1949cf8c6b5b557f\serde-1.0.219\src\de\impls.rs:1123:16
     |
1002 |             T: Deserialize<'de> $(+ $tbound1 $(+ $tbound2)*)*,
     |                                     -------- due to this macro variable
...
1123 |     HashSet<T: Eq + Hash, S: BuildHasher + Default>,
     |                ^^ not found in this scope
     |
help: consider importing this trait
     |
1    + use core::cmp::Eq;
     |

error[E0405]: cannot find trait `Default` in this scope
    --> C:\Users\john\.cargo\registry\src\index.crates.io-1949cf8c6b5b557f\serde-1.0.219\src\de\impls.rs:1123:44
     |
1003 |             $($typaram: $bound1 $(+ $bound2)*,)*
     |                                     ------- due to this macro variable
...
1123 |     HashSet<T: Eq + Hash, S: BuildHasher + Default>,
     |                                            ^^^^^^^ not found in this scope
     |
help: consider importing this trait
     |
1    + use core::default::Default;
     |

error[E0412]: cannot find type `Result` in this scope
    --> C:\Users\john\.cargo\registry\src\index.crates.io-1949cf8c6b5b557f\serde-1.0.219\src\de\impls.rs:1005:51
     |
1005 |               fn deserialize<D>(deserializer: D) -> Result<Self, D::Error>
     |                                                     ^^^^^^ not found in this scope
...
1120 | / seq_impl!(
1121 | |     #[cfg(feature = "std")]
1122 | |     #[cfg_attr(docsrs, doc(cfg(feature = "std")))]
1123 | |     HashSet<T: Eq + Hash, S: BuildHasher + Default>,
...    |
1128 | |     HashSet::insert
1129 | | );
     | |_- in this macro invocation
     |
     = note: this error originates in the macro `seq_impl` (in Nightly builds, run with -Z macro-backtrace for more info)
help: consider importing one of these items
     |
1    + use core::fmt::Result;
     |
1    + use core::result::Result;
     |

error[E0412]: cannot find type `Result` in this scope
    --> C:\Users\john\.cargo\registry\src\index.crates.io-1949cf8c6b5b557f\serde-1.0.219\src\de\impls.rs:1025:62
     |
1025 |                       fn visit_seq<A>(self, mut $access: A) -> Result<Self::Value, A::Error>
     |                                                                ^^^^^^ not found in this scope
...
1120 | / seq_impl!(
1121 | |     #[cfg(feature = "std")]
1122 | |     #[cfg_attr(docsrs, doc(cfg(feature = "std")))]
1123 | |     HashSet<T: Eq + Hash, S: BuildHasher + Default>,
...    |
1128 | |     HashSet::insert
1129 | | );
     | |_- in this macro invocation
     |
     = note: this error originates in the macro `seq_impl` (in Nightly builds, run with -Z macro-backtrace for more info)
help: consider importing one of these items
     |
1    + use core::fmt::Result;
     |
1    + use core::result::Result;
     |

error[E0531]: cannot find tuple struct or tuple variant `Ok` in this scope
    --> C:\Users\john\.cargo\registry\src\index.crates.io-1949cf8c6b5b557f\serde-1.0.219\src\lib.rs:298:13
     |
298  |               Ok(val) => val,
     |               ^^ not found in this scope
     |
    ::: C:\Users\john\.cargo\registry\src\index.crates.io-1949cf8c6b5b557f\serde-1.0.219\src\de\impls.rs:1120:1
     |
1120 | / seq_impl!(
1121 | |     #[cfg(feature = "std")]
1122 | |     #[cfg_attr(docsrs, doc(cfg(feature = "std")))]
1123 | |     HashSet<T: Eq + Hash, S: BuildHasher + Default>,
...    |
1128 | |     HashSet::insert
1129 | | );
     | |_- in this macro invocation
     |
     = note: this error originates in the macro `tri` which comes from the expansion of the macro `seq_impl` (in Nightly builds, run with -Z macro-backtrace for more info)
help: consider importing this tuple variant
    -->  C:\Users\john\.cargo\registry\src\index.crates.io-1949cf8c6b5b557f\serde-1.0.219\src\de\impls.rs:1:1
     |
1    + use core::result::Result::Ok;
     |

error[E0531]: cannot find tuple struct or tuple variant `Err` in this scope
    --> C:\Users\john\.cargo\registry\src\index.crates.io-1949cf8c6b5b557f\serde-1.0.219\src\lib.rs:299:13
     |
299  |               Err(err) => return Err(err),
     |               ^^^ not found in this scope
     |
    ::: C:\Users\john\.cargo\registry\src\index.crates.io-1949cf8c6b5b557f\serde-1.0.219\src\de\impls.rs:1120:1
     |
1120 | / seq_impl!(
1121 | |     #[cfg(feature = "std")]
1122 | |     #[cfg_attr(docsrs, doc(cfg(feature = "std")))]
1123 | |     HashSet<T: Eq + Hash, S: BuildHasher + Default>,
...    |
1128 | |     HashSet::insert
1129 | | );
     | |_- in this macro invocation
     |
     = note: this error originates in the macro `tri` which comes from the expansion of the macro `seq_impl` (in Nightly builds, run with -Z macro-backtrace for more info)
help: consider importing this tuple variant
    -->  C:\Users\john\.cargo\registry\src\index.crates.io-1949cf8c6b5b557f\serde-1.0.219\src\de\impls.rs:1:1
     |
1    + use core::result::Result::Err;
     |

error[E0425]: cannot find function, tuple struct or tuple variant `Err` in this scope
    --> C:\Users\john\.cargo\registry\src\index.crates.io-1949cf8c6b5b557f\serde-1.0.219\src\lib.rs:299:32
     |
299  |               Err(err) => return Err(err),
     |                                  ^^^
     |
    ::: C:\Users\john\.cargo\registry\src\index.crates.io-1949cf8c6b5b557f\serde-1.0.219\src\de\impls.rs:1120:1
     |
1120 | / seq_impl!(
1121 | |     #[cfg(feature = "std")]
1122 | |     #[cfg_attr(docsrs, doc(cfg(feature = "std")))]
1123 | |     HashSet<T: Eq + Hash, S: BuildHasher + Default>,
...    |
1128 | |     HashSet::insert
1129 | | );
     | |_- in this macro invocation
     |
     = note: this error originates in the macro `tri` which comes from the expansion of the macro `seq_impl` (in Nightly builds, run with -Z macro-backtrace for more info)
help: a local variable with a similar name exists
     |
299  -             Err(err) => return Err(err),
299  +             Err(err) => return err(err),
     |
help: consider importing this tuple variant
    -->  C:\Users\john\.cargo\registry\src\index.crates.io-1949cf8c6b5b557f\serde-1.0.219\src\de\impls.rs:1:1
     |
1    + use core::result::Result::Err;
     |

error[E0531]: cannot find tuple struct or tuple variant `Some` in this scope
    --> C:\Users\john\.cargo\registry\src\index.crates.io-1949cf8c6b5b557f\serde-1.0.219\src\de\impls.rs:1031:35
     |
1031 |                           while let Some(value) = tri!($access.next_element()) {
     |                                     ^^^^ not found in this scope
...
1120 | / seq_impl!(
1121 | |     #[cfg(feature = "std")]
1122 | |     #[cfg_attr(docsrs, doc(cfg(feature = "std")))]
1123 | |     HashSet<T: Eq + Hash, S: BuildHasher + Default>,
...    |
1128 | |     HashSet::insert
1129 | | );
     | |_- in this macro invocation
     |
note: tuple variant `crate::__private::ser::content::Content::Some` exists but is inaccessible
    --> C:\Users\john\.cargo\registry\src\index.crates.io-1949cf8c6b5b557f\serde-1.0.219\src\private\ser.rs:443:9
     |
443  |         Some(Box<Content>),
     |         ^^^^^^^^^^^^^^^^^^ not accessible
     = note: this error originates in the macro `seq_impl` (in Nightly builds, run with -Z macro-backtrace for more info)
help: consider importing one of these tuple variants
     |
1    + use crate::__private::de::Content::Some;
     |
1    + use core::option::Option::Some;
     |

error[E0425]: cannot find function, tuple struct or tuple variant `Ok` in this scope
    --> C:\Users\john\.cargo\registry\src\index.crates.io-1949cf8c6b5b557f\serde-1.0.219\src\de\impls.rs:1035:25
     |
1035 |                           Ok(values)
     |                           ^^ not found in this scope
...
1120 | / seq_impl!(
1121 | |     #[cfg(feature = "std")]
1122 | |     #[cfg_attr(docsrs, doc(cfg(feature = "std")))]
1123 | |     HashSet<T: Eq + Hash, S: BuildHasher + Default>,
...    |
1128 | |     HashSet::insert
1129 | | );
     | |_- in this macro invocation
     |
     = note: this error originates in the macro `seq_impl` (in Nightly builds, run with -Z macro-backtrace for more info)
help: consider importing this tuple variant
     |
1    + use core::result::Result::Ok;
     |

error[E0412]: cannot find type `Result` in this scope
    --> C:\Users\john\.cargo\registry\src\index.crates.io-1949cf8c6b5b557f\serde-1.0.219\src\de\impls.rs:1043:78
     |
1043 |               fn deserialize_in_place<D>(deserializer: D, place: &mut Self) -> Result<(), D::Error>
     |                                                                                ^^^^^^ not found in this scope
...
1120 | / seq_impl!(
1121 | |     #[cfg(feature = "std")]
1122 | |     #[cfg_attr(docsrs, doc(cfg(feature = "std")))]
1123 | |     HashSet<T: Eq + Hash, S: BuildHasher + Default>,
...    |
1128 | |     HashSet::insert
1129 | | );
     | |_- in this macro invocation
     |
     = note: this error originates in the macro `seq_impl` (in Nightly builds, run with -Z macro-backtrace for more info)
help: consider importing one of these items
     |
1    + use core::fmt::Result;
     |
1    + use core::result::Result;
     |

error[E0412]: cannot find type `Result` in this scope
    --> C:\Users\john\.cargo\registry\src\index.crates.io-1949cf8c6b5b557f\serde-1.0.219\src\de\impls.rs:1061:66
     |
1061 |                       fn visit_seq<A>(mut self, mut $access: A) -> Result<Self::Value, A::Error>
     |                                                                    ^^^^^^ not found in this scope
...
1120 | / seq_impl!(
1121 | |     #[cfg(feature = "std")]
1122 | |     #[cfg_attr(docsrs, doc(cfg(feature = "std")))]
1123 | |     HashSet<T: Eq + Hash, S: BuildHasher + Default>,
...    |
1128 | |     HashSet::insert
1129 | | );
     | |_- in this macro invocation
     |
     = note: this error originates in the macro `seq_impl` (in Nightly builds, run with -Z macro-backtrace for more info)
help: consider importing one of these items
     |
1    + use core::fmt::Result;
     |
1    + use core::result::Result;
     |

error[E0531]: cannot find tuple struct or tuple variant `Some` in this scope
    --> C:\Users\john\.cargo\registry\src\index.crates.io-1949cf8c6b5b557f\serde-1.0.219\src\de\impls.rs:1069:35
     |
1069 |                           while let Some(value) = tri!($access.next_element()) {
     |                                     ^^^^ not found in this scope
...
1120 | / seq_impl!(
1121 | |     #[cfg(feature = "std")]
1122 | |     #[cfg_attr(docsrs, doc(cfg(feature = "std")))]
1123 | |     HashSet<T: Eq + Hash, S: BuildHasher + Default>,
...    |
1128 | |     HashSet::insert
1129 | | );
     | |_- in this macro invocation
     |
note: tuple variant `crate::__private::ser::content::Content::Some` exists but is inaccessible
    --> C:\Users\john\.cargo\registry\src\index.crates.io-1949cf8c6b5b557f\serde-1.0.219\src\private\ser.rs:443:9
     |
443  |         Some(Box<Content>),
     |         ^^^^^^^^^^^^^^^^^^ not accessible
     = note: this error originates in the macro `seq_impl` (in Nightly builds, run with -Z macro-backtrace for more info)
help: consider importing one of these tuple variants
     |
1    + use crate::__private::de::Content::Some;
     |
1    + use core::option::Option::Some;
     |

error[E0425]: cannot find function, tuple struct or tuple variant `Ok` in this scope
    --> C:\Users\john\.cargo\registry\src\index.crates.io-1949cf8c6b5b557f\serde-1.0.219\src\de\impls.rs:1073:25
     |
1073 |                           Ok(())
     |                           ^^ not found in this scope
...
1120 | / seq_impl!(
1121 | |     #[cfg(feature = "std")]
1122 | |     #[cfg_attr(docsrs, doc(cfg(feature = "std")))]
1123 | |     HashSet<T: Eq + Hash, S: BuildHasher + Default>,
...    |
1128 | |     HashSet::insert
1129 | | );
     | |_- in this macro invocation
     |
     = note: this error originates in the macro `seq_impl` (in Nightly builds, run with -Z macro-backtrace for more info)
help: consider importing this tuple variant
     |
1    + use core::result::Result::Ok;
     |

error[E0412]: cannot find type `Result` in this scope
    --> C:\Users\john\.cargo\registry\src\index.crates.io-1949cf8c6b5b557f\serde-1.0.219\src\de\impls.rs:1005:51
     |
1005 |               fn deserialize<D>(deserializer: D) -> Result<Self, D::Error>
     |                                                     ^^^^^^ not found in this scope
...
1131 | / seq_impl!(
1132 | |     #[cfg(any(feature = "std", feature = "alloc"))]
1133 | |     #[cfg_attr(docsrs, doc(cfg(any(feature = "std", feature = "alloc"))))]
1134 | |     VecDeque<T>,
...    |
1139 | |     VecDeque::push_back
1140 | | );
     | |_- in this macro invocation
     |
     = note: this error originates in the macro `seq_impl` (in Nightly builds, run with -Z macro-backtrace for more info)
help: consider importing one of these items
     |
1    + use core::fmt::Result;
     |
1    + use core::result::Result;
     |

error[E0412]: cannot find type `Result` in this scope
    --> C:\Users\john\.cargo\registry\src\index.crates.io-1949cf8c6b5b557f\serde-1.0.219\src\de\impls.rs:1025:62
     |
1025 |                       fn visit_seq<A>(self, mut $access: A) -> Result<Self::Value, A::Error>
     |                                                                ^^^^^^ not found in this scope
...
1131 | / seq_impl!(
1132 | |     #[cfg(any(feature = "std", feature = "alloc"))]
1133 | |     #[cfg_attr(docsrs, doc(cfg(any(feature = "std", feature = "alloc"))))]
1134 | |     VecDeque<T>,
...    |
1139 | |     VecDeque::push_back
1140 | | );
     | |_- in this macro invocation
     |
     = note: this error originates in the macro `seq_impl` (in Nightly builds, run with -Z macro-backtrace for more info)
help: consider importing one of these items
     |
1    + use core::fmt::Result;
     |
1    + use core::result::Result;
     |

error[E0531]: cannot find tuple struct or tuple variant `Ok` in this scope
    --> C:\Users\john\.cargo\registry\src\index.crates.io-1949cf8c6b5b557f\serde-1.0.219\src\lib.rs:298:13
     |
298  |               Ok(val) => val,
     |               ^^ not found in this scope
     |
    ::: C:\Users\john\.cargo\registry\src\index.crates.io-1949cf8c6b5b557f\serde-1.0.219\src\de\impls.rs:1131:1
     |
1131 | / seq_impl!(
1132 | |     #[cfg(any(feature = "std", feature = "alloc"))]
1133 | |     #[cfg_attr(docsrs, doc(cfg(any(feature = "std", feature = "alloc"))))]
1134 | |     VecDeque<T>,
...    |
1139 | |     VecDeque::push_back
1140 | | );
     | |_- in this macro invocation
     |
     = note: this error originates in the macro `tri` which comes from the expansion of the macro `seq_impl` (in Nightly builds, run with -Z macro-backtrace for more info)
help: consider importing this tuple variant
    -->  C:\Users\john\.cargo\registry\src\index.crates.io-1949cf8c6b5b557f\serde-1.0.219\src\de\impls.rs:1:1
     |
1    + use core::result::Result::Ok;
     |

error[E0531]: cannot find tuple struct or tuple variant `Err` in this scope
    --> C:\Users\john\.cargo\registry\src\index.crates.io-1949cf8c6b5b557f\serde-1.0.219\src\lib.rs:299:13
     |
299  |               Err(err) => return Err(err),
     |               ^^^ not found in this scope
     |
    ::: C:\Users\john\.cargo\registry\src\index.crates.io-1949cf8c6b5b557f\serde-1.0.219\src\de\impls.rs:1131:1
     |
1131 | / seq_impl!(
1132 | |     #[cfg(any(feature = "std", feature = "alloc"))]
1133 | |     #[cfg_attr(docsrs, doc(cfg(any(feature = "std", feature = "alloc"))))]
1134 | |     VecDeque<T>,
...    |
1139 | |     VecDeque::push_back
1140 | | );
     | |_- in this macro invocation
     |
     = note: this error originates in the macro `tri` which comes from the expansion of the macro `seq_impl` (in Nightly builds, run with -Z macro-backtrace for more info)
help: consider importing this tuple variant
    -->  C:\Users\john\.cargo\registry\src\index.crates.io-1949cf8c6b5b557f\serde-1.0.219\src\de\impls.rs:1:1
     |
1    + use core::result::Result::Err;
     |

error[E0425]: cannot find function, tuple struct or tuple variant `Err` in this scope
    --> C:\Users\john\.cargo\registry\src\index.crates.io-1949cf8c6b5b557f\serde-1.0.219\src\lib.rs:299:32
     |
299  |               Err(err) => return Err(err),
     |                                  ^^^
     |
    ::: C:\Users\john\.cargo\registry\src\index.crates.io-1949cf8c6b5b557f\serde-1.0.219\src\de\impls.rs:1131:1
     |
1131 | / seq_impl!(
1132 | |     #[cfg(any(feature = "std", feature = "alloc"))]
1133 | |     #[cfg_attr(docsrs, doc(cfg(any(feature = "std", feature = "alloc"))))]
1134 | |     VecDeque<T>,
...    |
1139 | |     VecDeque::push_back
1140 | | );
     | |_- in this macro invocation
     |
     = note: this error originates in the macro `tri` which comes from the expansion of the macro `seq_impl` (in Nightly builds, run with -Z macro-backtrace for more info)
help: a local variable with a similar name exists
     |
299  -             Err(err) => return Err(err),
299  +             Err(err) => return err(err),
     |
help: consider importing this tuple variant
    -->  C:\Users\john\.cargo\registry\src\index.crates.io-1949cf8c6b5b557f\serde-1.0.219\src\de\impls.rs:1:1
     |
1    + use core::result::Result::Err;
     |

error[E0531]: cannot find tuple struct or tuple variant `Some` in this scope
    --> C:\Users\john\.cargo\registry\src\index.crates.io-1949cf8c6b5b557f\serde-1.0.219\src\de\impls.rs:1031:35
     |
1031 |                           while let Some(value) = tri!($access.next_element()) {
     |                                     ^^^^ not found in this scope
...
1131 | / seq_impl!(
1132 | |     #[cfg(any(feature = "std", feature = "alloc"))]
1133 | |     #[cfg_attr(docsrs, doc(cfg(any(feature = "std", feature = "alloc"))))]
1134 | |     VecDeque<T>,
...    |
1139 | |     VecDeque::push_back
1140 | | );
     | |_- in this macro invocation
     |
note: tuple variant `crate::__private::ser::content::Content::Some` exists but is inaccessible
    --> C:\Users\john\.cargo\registry\src\index.crates.io-1949cf8c6b5b557f\serde-1.0.219\src\private\ser.rs:443:9
     |
443  |         Some(Box<Content>),
     |         ^^^^^^^^^^^^^^^^^^ not accessible
     = note: this error originates in the macro `seq_impl` (in Nightly builds, run with -Z macro-backtrace for more info)
help: consider importing one of these tuple variants
     |
1    + use crate::__private::de::Content::Some;
     |
1    + use core::option::Option::Some;
     |

error[E0425]: cannot find function, tuple struct or tuple variant `Ok` in this scope
    --> C:\Users\john\.cargo\registry\src\index.crates.io-1949cf8c6b5b557f\serde-1.0.219\src\de\impls.rs:1035:25
     |
1035 |                           Ok(values)
     |                           ^^ not found in this scope
...
1131 | / seq_impl!(
1132 | |     #[cfg(any(feature = "std", feature = "alloc"))]
1133 | |     #[cfg_attr(docsrs, doc(cfg(any(feature = "std", feature = "alloc"))))]
1134 | |     VecDeque<T>,
...    |
1139 | |     VecDeque::push_back
1140 | | );
     | |_- in this macro invocation
     |
     = note: this error originates in the macro `seq_impl` (in Nightly builds, run with -Z macro-backtrace for more info)
help: consider importing this tuple variant
     |
1    + use core::result::Result::Ok;
     |

error[E0412]: cannot find type `Result` in this scope
    --> C:\Users\john\.cargo\registry\src\index.crates.io-1949cf8c6b5b557f\serde-1.0.219\src\de\impls.rs:1043:78
     |
1043 |               fn deserialize_in_place<D>(deserializer: D, place: &mut Self) -> Result<(), D::Error>
     |                                                                                ^^^^^^ not found in this scope
...
1131 | / seq_impl!(
1132 | |     #[cfg(any(feature = "std", feature = "alloc"))]
1133 | |     #[cfg_attr(docsrs, doc(cfg(any(feature = "std", feature = "alloc"))))]
1134 | |     VecDeque<T>,
...    |
1139 | |     VecDeque::push_back
1140 | | );
     | |_- in this macro invocation
     |
     = note: this error originates in the macro `seq_impl` (in Nightly builds, run with -Z macro-backtrace for more info)
help: consider importing one of these items
     |
1    + use core::fmt::Result;
     |
1    + use core::result::Result;
     |

error[E0412]: cannot find type `Result` in this scope
    --> C:\Users\john\.cargo\registry\src\index.crates.io-1949cf8c6b5b557f\serde-1.0.219\src\de\impls.rs:1061:66
     |
1061 |                       fn visit_seq<A>(mut self, mut $access: A) -> Result<Self::Value, A::Error>
     |                                                                    ^^^^^^ not found in this scope
...
1131 | / seq_impl!(
1132 | |     #[cfg(any(feature = "std", feature = "alloc"))]
1133 | |     #[cfg_attr(docsrs, doc(cfg(any(feature = "std", feature = "alloc"))))]
1134 | |     VecDeque<T>,
...    |
1139 | |     VecDeque::push_back
1140 | | );
     | |_- in this macro invocation
     |
     = note: this error originates in the macro `seq_impl` (in Nightly builds, run with -Z macro-backtrace for more info)
help: consider importing one of these items
     |
1    + use core::fmt::Result;
     |
1    + use core::result::Result;
     |

error[E0531]: cannot find tuple struct or tuple variant `Some` in this scope
    --> C:\Users\john\.cargo\registry\src\index.crates.io-1949cf8c6b5b557f\serde-1.0.219\src\de\impls.rs:1069:35
     |
1069 |                           while let Some(value) = tri!($access.next_element()) {
     |                                     ^^^^ not found in this scope
...
1131 | / seq_impl!(
1132 | |     #[cfg(any(feature = "std", feature = "alloc"))]
1133 | |     #[cfg_attr(docsrs, doc(cfg(any(feature = "std", feature = "alloc"))))]
1134 | |     VecDeque<T>,
...    |
1139 | |     VecDeque::push_back
1140 | | );
     | |_- in this macro invocation
     |
note: tuple variant `crate::__private::ser::content::Content::Some` exists but is inaccessible
    --> C:\Users\john\.cargo\registry\src\index.crates.io-1949cf8c6b5b557f\serde-1.0.219\src\private\ser.rs:443:9
     |
443  |         Some(Box<Content>),
     |         ^^^^^^^^^^^^^^^^^^ not accessible
     = note: this error originates in the macro `seq_impl` (in Nightly builds, run with -Z macro-backtrace for more info)
help: consider importing one of these tuple variants
     |
1    + use crate::__private::de::Content::Some;
     |
1    + use core::option::Option::Some;
     |

error[E0425]: cannot find function, tuple struct or tuple variant `Ok` in this scope
    --> C:\Users\john\.cargo\registry\src\index.crates.io-1949cf8c6b5b557f\serde-1.0.219\src\de\impls.rs:1073:25
     |
1073 |                           Ok(())
     |                           ^^ not found in this scope
...
1131 | / seq_impl!(
1132 | |     #[cfg(any(feature = "std", feature = "alloc"))]
1133 | |     #[cfg_attr(docsrs, doc(cfg(any(feature = "std", feature = "alloc"))))]
1134 | |     VecDeque<T>,
...    |
1139 | |     VecDeque::push_back
1140 | | );
     | |_- in this macro invocation
     |
     = note: this error originates in the macro `seq_impl` (in Nightly builds, run with -Z macro-backtrace for more info)
help: consider importing this tuple variant
     |
1    + use core::result::Result::Ok;
     |

error[E0412]: cannot find type `Result` in this scope
    --> C:\Users\john\.cargo\registry\src\index.crates.io-1949cf8c6b5b557f\serde-1.0.219\src\de\impls.rs:1150:43
     |
1150 |     fn deserialize<D>(deserializer: D) -> Result<Self, D::Error>
     |                                           ^^^^^^ not found in this scope
     |
help: consider importing one of these items
     |
1    + use core::fmt::Result;
     |
1    + use core::result::Result;
     |

error[E0412]: cannot find type `Result` in this scope
    --> C:\Users\john\.cargo\registry\src\index.crates.io-1949cf8c6b5b557f\serde-1.0.219\src\de\impls.rs:1168:50
     |
1168 |             fn visit_seq<A>(self, mut seq: A) -> Result<Self::Value, A::Error>
     |                                                  ^^^^^^ not found in this scope
     |
help: consider importing one of these items
     |
1    + use core::fmt::Result;
     |
1    + use core::result::Result;
     |

error[E0531]: cannot find tuple struct or tuple variant `Ok` in this scope
    --> C:\Users\john\.cargo\registry\src\index.crates.io-1949cf8c6b5b557f\serde-1.0.219\src\lib.rs:298:13
     |
298  |             Ok(val) => val,
     |             ^^ not found in this scope
     |
    ::: C:\Users\john\.cargo\registry\src\index.crates.io-1949cf8c6b5b557f\serde-1.0.219\src\de\impls.rs:1175:41
     |
1175 |                 while let Some(value) = tri!(seq.next_element()) {
     |                                         ------------------------ in this macro invocation
     |
     = note: this error originates in the macro `tri` (in Nightly builds, run with -Z macro-backtrace for more info)
help: consider importing this tuple variant
    -->  C:\Users\john\.cargo\registry\src\index.crates.io-1949cf8c6b5b557f\serde-1.0.219\src\de\impls.rs:1:1
     |
1    + use core::result::Result::Ok;
     |

error[E0531]: cannot find tuple struct or tuple variant `Err` in this scope
    --> C:\Users\john\.cargo\registry\src\index.crates.io-1949cf8c6b5b557f\serde-1.0.219\src\lib.rs:299:13
     |
299  |             Err(err) => return Err(err),
     |             ^^^ not found in this scope
     |
    ::: C:\Users\john\.cargo\registry\src\index.crates.io-1949cf8c6b5b557f\serde-1.0.219\src\de\impls.rs:1175:41
     |
1175 |                 while let Some(value) = tri!(seq.next_element()) {
     |                                         ------------------------ in this macro invocation
     |
     = note: this error originates in the macro `tri` (in Nightly builds, run with -Z macro-backtrace for more info)
help: consider importing this tuple variant
    -->  C:\Users\john\.cargo\registry\src\index.crates.io-1949cf8c6b5b557f\serde-1.0.219\src\de\impls.rs:1:1
     |
1    + use core::result::Result::Err;
     |

error[E0425]: cannot find function, tuple struct or tuple variant `Err` in this scope
    --> C:\Users\john\.cargo\registry\src\index.crates.io-1949cf8c6b5b557f\serde-1.0.219\src\lib.rs:299:32
     |
299  |             Err(err) => return Err(err),
     |                                ^^^
     |
    ::: C:\Users\john\.cargo\registry\src\index.crates.io-1949cf8c6b5b557f\serde-1.0.219\src\de\impls.rs:1175:41
     |
1175 |                 while let Some(value) = tri!(seq.next_element()) {
     |                                         ------------------------ in this macro invocation
     |
     = note: this error originates in the macro `tri` (in Nightly builds, run with -Z macro-backtrace for more info)
help: a local variable with a similar name exists
     |
299  -             Err(err) => return Err(err),
299  +             Err(err) => return err(err),
     |
help: consider importing this tuple variant
    -->  C:\Users\john\.cargo\registry\src\index.crates.io-1949cf8c6b5b557f\serde-1.0.219\src\de\impls.rs:1:1
     |
1    + use core::result::Result::Err;
     |

error[E0531]: cannot find tuple struct or tuple variant `Some` in this scope
    --> C:\Users\john\.cargo\registry\src\index.crates.io-1949cf8c6b5b557f\serde-1.0.219\src\de\impls.rs:1175:27
     |
1175 |                 while let Some(value) = tri!(seq.next_element()) {
     |                           ^^^^ not found in this scope
     |
note: tuple variant `crate::__private::ser::content::Content::Some` exists but is inaccessible
    --> C:\Users\john\.cargo\registry\src\index.crates.io-1949cf8c6b5b557f\serde-1.0.219\src\private\ser.rs:443:9
     |
443  |         Some(Box<Content>),
     |         ^^^^^^^^^^^^^^^^^^ not accessible
help: consider importing one of these tuple variants
     |
1    + use crate::__private::de::Content::Some;
     |
1    + use core::option::Option::Some;
     |

error[E0425]: cannot find function, tuple struct or tuple variant `Ok` in this scope
    --> C:\Users\john\.cargo\registry\src\index.crates.io-1949cf8c6b5b557f\serde-1.0.219\src\de\impls.rs:1179:17
     |
1179 |                 Ok(values)
     |                 ^^ not found in this scope
     |
help: consider importing this tuple variant
     |
1    + use core::result::Result::Ok;
     |

error[E0412]: cannot find type `Result` in this scope
    --> C:\Users\john\.cargo\registry\src\index.crates.io-1949cf8c6b5b557f\serde-1.0.219\src\de\impls.rs:1189:70
     |
1189 |     fn deserialize_in_place<D>(deserializer: D, place: &mut Self) -> Result<(), D::Error>
     |                                                                      ^^^^^^ not found in this scope
     |
help: consider importing one of these items
     |
1    + use core::fmt::Result;
     |
1    + use core::result::Result;
     |

error[E0412]: cannot find type `Result` in this scope
    --> C:\Users\john\.cargo\registry\src\index.crates.io-1949cf8c6b5b557f\serde-1.0.219\src\de\impls.rs:1205:50
     |
1205 |             fn visit_seq<A>(self, mut seq: A) -> Result<Self::Value, A::Error>
     |                                                  ^^^^^^ not found in this scope
     |
help: consider importing one of these items
     |
1    + use core::fmt::Result;
     |
1    + use core::result::Result;
     |

error[E0531]: cannot find tuple struct or tuple variant `Some` in this scope
    --> C:\Users\john\.cargo\registry\src\index.crates.io-1949cf8c6b5b557f\serde-1.0.219\src\de\impls.rs:1210:24
     |
1210 |                 if let Some(additional) = hint.checked_sub(self.0.len()) {
     |                        ^^^^ not found in this scope
     |
note: tuple variant `crate::__private::ser::content::Content::Some` exists but is inaccessible
    --> C:\Users\john\.cargo\registry\src\index.crates.io-1949cf8c6b5b557f\serde-1.0.219\src\private\ser.rs:443:9
     |
443  |         Some(Box<Content>),
     |         ^^^^^^^^^^^^^^^^^^ not accessible
help: consider importing one of these tuple variants
     |
1    + use crate::__private::de::Content::Some;
     |
1    + use core::option::Option::Some;
     |

error[E0531]: cannot find tuple struct or tuple variant `Ok` in this scope
    --> C:\Users\john\.cargo\registry\src\index.crates.io-1949cf8c6b5b557f\serde-1.0.219\src\lib.rs:298:13
     |
298  |             Ok(val) => val,
     |             ^^ not found in this scope
     |
    ::: C:\Users\john\.cargo\registry\src\index.crates.io-1949cf8c6b5b557f\serde-1.0.219\src\de\impls.rs:1217:25
     |
1217 |                         tri!(seq.next_element_seed(next_place))
     |                         --------------------------------------- in this macro invocation
     |
     = note: this error originates in the macro `tri` (in Nightly builds, run with -Z macro-backtrace for more info)
help: consider importing this tuple variant
    -->  C:\Users\john\.cargo\registry\src\index.crates.io-1949cf8c6b5b557f\serde-1.0.219\src\de\impls.rs:1:1
     |
1    + use core::result::Result::Ok;
     |

error[E0531]: cannot find tuple struct or tuple variant `Err` in this scope
    --> C:\Users\john\.cargo\registry\src\index.crates.io-1949cf8c6b5b557f\serde-1.0.219\src\lib.rs:299:13
     |
299  |             Err(err) => return Err(err),
     |             ^^^ not found in this scope
     |
    ::: C:\Users\john\.cargo\registry\src\index.crates.io-1949cf8c6b5b557f\serde-1.0.219\src\de\impls.rs:1217:25
     |
1217 |                         tri!(seq.next_element_seed(next_place))
     |                         --------------------------------------- in this macro invocation
     |
     = note: this error originates in the macro `tri` (in Nightly builds, run with -Z macro-backtrace for more info)
help: consider importing this tuple variant
    -->  C:\Users\john\.cargo\registry\src\index.crates.io-1949cf8c6b5b557f\serde-1.0.219\src\de\impls.rs:1:1
     |
1    + use core::result::Result::Err;
     |

error[E0425]: cannot find function, tuple struct or tuple variant `Err` in this scope
    --> C:\Users\john\.cargo\registry\src\index.crates.io-1949cf8c6b5b557f\serde-1.0.219\src\lib.rs:299:32
     |
299  |             Err(err) => return Err(err),
     |                                ^^^
     |
    ::: C:\Users\john\.cargo\registry\src\index.crates.io-1949cf8c6b5b557f\serde-1.0.219\src\de\impls.rs:1217:25
     |
1217 |                         tri!(seq.next_element_seed(next_place))
     |                         --------------------------------------- in this macro invocation
     |
     = note: this error originates in the macro `tri` (in Nightly builds, run with -Z macro-backtrace for more info)
help: a local variable with a similar name exists
     |
299  -             Err(err) => return Err(err),
299  +             Err(err) => return err(err),
     |
help: consider importing this tuple variant
    -->  C:\Users\john\.cargo\registry\src\index.crates.io-1949cf8c6b5b557f\serde-1.0.219\src\de\impls.rs:1:1
     |
1    + use core::result::Result::Err;
     |

error[E0425]: cannot find function, tuple struct or tuple variant `Ok` in this scope
    --> C:\Users\john\.cargo\registry\src\index.crates.io-1949cf8c6b5b557f\serde-1.0.219\src\de\impls.rs:1221:32
     |
1221 |                         return Ok(());
     |                                ^^ not found in this scope
     |
help: consider importing this tuple variant
     |
1    + use core::result::Result::Ok;
     |

error[E0531]: cannot find tuple struct or tuple variant `Ok` in this scope
    --> C:\Users\john\.cargo\registry\src\index.crates.io-1949cf8c6b5b557f\serde-1.0.219\src\lib.rs:298:13
     |
298  |             Ok(val) => val,
     |             ^^ not found in this scope
     |
    ::: C:\Users\john\.cargo\registry\src\index.crates.io-1949cf8c6b5b557f\serde-1.0.219\src\de\impls.rs:1225:41
     |
1225 |                 while let Some(value) = tri!(seq.next_element()) {
     |                                         ------------------------ in this macro invocation
     |
     = note: this error originates in the macro `tri` (in Nightly builds, run with -Z macro-backtrace for more info)
help: consider importing this tuple variant
    -->  C:\Users\john\.cargo\registry\src\index.crates.io-1949cf8c6b5b557f\serde-1.0.219\src\de\impls.rs:1:1
     |
1    + use core::result::Result::Ok;
     |

error[E0531]: cannot find tuple struct or tuple variant `Err` in this scope
    --> C:\Users\john\.cargo\registry\src\index.crates.io-1949cf8c6b5b557f\serde-1.0.219\src\lib.rs:299:13
     |
299  |             Err(err) => return Err(err),
     |             ^^^ not found in this scope
     |
    ::: C:\Users\john\.cargo\registry\src\index.crates.io-1949cf8c6b5b557f\serde-1.0.219\src\de\impls.rs:1225:41
     |
1225 |                 while let Some(value) = tri!(seq.next_element()) {
     |                                         ------------------------ in this macro invocation
     |
     = note: this error originates in the macro `tri` (in Nightly builds, run with -Z macro-backtrace for more info)
help: consider importing this tuple variant
    -->  C:\Users\john\.cargo\registry\src\index.crates.io-1949cf8c6b5b557f\serde-1.0.219\src\de\impls.rs:1:1
     |
1    + use core::result::Result::Err;
     |

error[E0425]: cannot find function, tuple struct or tuple variant `Err` in this scope
    --> C:\Users\john\.cargo\registry\src\index.crates.io-1949cf8c6b5b557f\serde-1.0.219\src\lib.rs:299:32
     |
299  |             Err(err) => return Err(err),
     |                                ^^^
     |
    ::: C:\Users\john\.cargo\registry\src\index.crates.io-1949cf8c6b5b557f\serde-1.0.219\src\de\impls.rs:1225:41
     |
1225 |                 while let Some(value) = tri!(seq.next_element()) {
     |                                         ------------------------ in this macro invocation
     |
     = note: this error originates in the macro `tri` (in Nightly builds, run with -Z macro-backtrace for more info)
help: a local variable with a similar name exists
     |
299  -             Err(err) => return Err(err),
299  +             Err(err) => return err(err),
     |
help: consider importing this tuple variant
    -->  C:\Users\john\.cargo\registry\src\index.crates.io-1949cf8c6b5b557f\serde-1.0.219\src\de\impls.rs:1:1
     |
1    + use core::result::Result::Err;
     |

error[E0531]: cannot find tuple struct or tuple variant `Some` in this scope
    --> C:\Users\john\.cargo\registry\src\index.crates.io-1949cf8c6b5b557f\serde-1.0.219\src\de\impls.rs:1225:27
     |
1225 |                 while let Some(value) = tri!(seq.next_element()) {
     |                           ^^^^ not found in this scope
     |
note: tuple variant `crate::__private::ser::content::Content::Some` exists but is inaccessible
    --> C:\Users\john\.cargo\registry\src\index.crates.io-1949cf8c6b5b557f\serde-1.0.219\src\private\ser.rs:443:9
     |
443  |         Some(Box<Content>),
     |         ^^^^^^^^^^^^^^^^^^ not accessible
help: consider importing one of these tuple variants
     |
1    + use crate::__private::de::Content::Some;
     |
1    + use core::option::Option::Some;
     |

error[E0425]: cannot find function, tuple struct or tuple variant `Ok` in this scope
    --> C:\Users\john\.cargo\registry\src\index.crates.io-1949cf8c6b5b557f\serde-1.0.219\src\de\impls.rs:1229:17
     |
1229 |                 Ok(())
     |                 ^^ not found in this scope
     |
help: consider importing this tuple variant
     |
1    + use core::result::Result::Ok;
     |

error[E0412]: cannot find type `Result` in this scope
    --> C:\Users\john\.cargo\registry\src\index.crates.io-1949cf8c6b5b557f\serde-1.0.219\src\de\impls.rs:1260:36
     |
1260 |     fn visit_seq<A>(self, _: A) -> Result<Self::Value, A::Error>
     |                                    ^^^^^^ not found in this scope
     |
help: consider importing one of these items
     |
1    + use core::fmt::Result;
     |
1    + use core::result::Result;
     |

error[E0425]: cannot find function, tuple struct or tuple variant `Ok` in this scope
    --> C:\Users\john\.cargo\registry\src\index.crates.io-1949cf8c6b5b557f\serde-1.0.219\src\de\impls.rs:1264:9
     |
1264 |         Ok([])
     |         ^^ not found in this scope
     |
help: consider importing this tuple variant
     |
1    + use core::result::Result::Ok;
     |

error[E0412]: cannot find type `Result` in this scope
    --> C:\Users\john\.cargo\registry\src\index.crates.io-1949cf8c6b5b557f\serde-1.0.219\src\de\impls.rs:1270:43
     |
1270 |     fn deserialize<D>(deserializer: D) -> Result<Self, D::Error>
     |                                           ^^^^^^ not found in this scope
     |
help: consider importing one of these items
     |
1    + use core::fmt::Result;
     |
1    + use core::result::Result;
     |

error[E0412]: cannot find type `Result` in this scope
    --> C:\Users\john\.cargo\registry\src\index.crates.io-1949cf8c6b5b557f\serde-1.0.219\src\de\impls.rs:1292:54
     |
1292 |                   fn visit_seq<A>(self, mut seq: A) -> Result<Self::Value, A::Error>
     |                                                        ^^^^^^ not found in this scope
...
1356 | / array_impls! {
1357 | |     1 => (0)
1358 | |     2 => (0 1)
1359 | |     3 => (0 1 2)
...    |
1388 | |     32 => (0 1 2 3 4 5 6 7 8 9 10 11 12 13 14 15 16 17 18 19 20 21 22 23 24 25 26 27 28 29 30 31)
1389 | | }
     | |_- in this macro invocation
     |
     = note: this error originates in the macro `array_impls` (in Nightly builds, run with -Z macro-backtrace for more info)
help: consider importing one of these items
     |
1    + use core::fmt::Result;
     |
1    + use core::result::Result;
     |

error[E0425]: cannot find function, tuple struct or tuple variant `Ok` in this scope
    --> C:\Users\john\.cargo\registry\src\index.crates.io-1949cf8c6b5b557f\serde-1.0.219\src\de\impls.rs:1296:21
     |
1296 |                       Ok([$(
     |                       ^^ not found in this scope
...
1356 | / array_impls! {
1357 | |     1 => (0)
1358 | |     2 => (0 1)
1359 | |     3 => (0 1 2)
...    |
1388 | |     32 => (0 1 2 3 4 5 6 7 8 9 10 11 12 13 14 15 16 17 18 19 20 21 22 23 24 25 26 27 28 29 30 31)
1389 | | }
     | |_- in this macro invocation
     |
     = note: this error originates in the macro `array_impls` (in Nightly builds, run with -Z macro-backtrace for more info)
help: consider importing this tuple variant
     |
1    + use core::result::Result::Ok;
     |

error[E0531]: cannot find tuple struct or tuple variant `Ok` in this scope
    --> C:\Users\john\.cargo\registry\src\index.crates.io-1949cf8c6b5b557f\serde-1.0.219\src\lib.rs:298:13
     |
298  |               Ok(val) => val,
     |               ^^ not found in this scope
     |
    ::: C:\Users\john\.cargo\registry\src\index.crates.io-1949cf8c6b5b557f\serde-1.0.219\src\de\impls.rs:1356:1
     |
1356 | / array_impls! {
1357 | |     1 => (0)
1358 | |     2 => (0 1)
1359 | |     3 => (0 1 2)
...    |
1388 | |     32 => (0 1 2 3 4 5 6 7 8 9 10 11 12 13 14 15 16 17 18 19 20 21 22 23 24 25 26 27 28 29 30 31)
1389 | | }
     | |_- in this macro invocation
     |
     = note: this error originates in the macro `tri` which comes from the expansion of the macro `array_impls` (in Nightly builds, run with -Z macro-backtrace for more info)
help: consider importing this tuple variant
    -->  C:\Users\john\.cargo\registry\src\index.crates.io-1949cf8c6b5b557f\serde-1.0.219\src\de\impls.rs:1:1
     |
1    + use core::result::Result::Ok;
     |

error[E0531]: cannot find tuple struct or tuple variant `Err` in this scope
    --> C:\Users\john\.cargo\registry\src\index.crates.io-1949cf8c6b5b557f\serde-1.0.219\src\lib.rs:299:13
     |
299  |               Err(err) => return Err(err),
     |               ^^^ not found in this scope
     |
    ::: C:\Users\john\.cargo\registry\src\index.crates.io-1949cf8c6b5b557f\serde-1.0.219\src\de\impls.rs:1356:1
     |
1356 | / array_impls! {
1357 | |     1 => (0)
1358 | |     2 => (0 1)
1359 | |     3 => (0 1 2)
...    |
1388 | |     32 => (0 1 2 3 4 5 6 7 8 9 10 11 12 13 14 15 16 17 18 19 20 21 22 23 24 25 26 27 28 29 30 31)
1389 | | }
     | |_- in this macro invocation
     |
     = note: this error originates in the macro `tri` which comes from the expansion of the macro `array_impls` (in Nightly builds, run with -Z macro-backtrace for more info)
help: consider importing this tuple variant
    -->  C:\Users\john\.cargo\registry\src\index.crates.io-1949cf8c6b5b557f\serde-1.0.219\src\de\impls.rs:1:1
     |
1    + use core::result::Result::Err;
     |

error[E0425]: cannot find function, tuple struct or tuple variant `Err` in this scope
    --> C:\Users\john\.cargo\registry\src\index.crates.io-1949cf8c6b5b557f\serde-1.0.219\src\lib.rs:299:32
     |
299  |               Err(err) => return Err(err),
     |                                  ^^^
     |
    ::: C:\Users\john\.cargo\registry\src\index.crates.io-1949cf8c6b5b557f\serde-1.0.219\src\de\impls.rs:1356:1
     |
1356 | / array_impls! {
1357 | |     1 => (0)
1358 | |     2 => (0 1)
1359 | |     3 => (0 1 2)
...    |
1388 | |     32 => (0 1 2 3 4 5 6 7 8 9 10 11 12 13 14 15 16 17 18 19 20 21 22 23 24 25 26 27 28 29 30 31)
1389 | | }
     | |_- in this macro invocation
     |
     = note: this error originates in the macro `tri` which comes from the expansion of the macro `array_impls` (in Nightly builds, run with -Z macro-backtrace for more info)
help: a local variable with a similar name exists
     |
299  -             Err(err) => return Err(err),
299  +             Err(err) => return err(err),
     |
help: consider importing this tuple variant
    -->  C:\Users\john\.cargo\registry\src\index.crates.io-1949cf8c6b5b557f\serde-1.0.219\src\de\impls.rs:1:1
     |
1    + use core::result::Result::Err;
     |

error[E0531]: cannot find tuple struct or tuple variant `Some` in this scope
    --> C:\Users\john\.cargo\registry\src\index.crates.io-1949cf8c6b5b557f\serde-1.0.219\src\de\impls.rs:1298:29
     |
1298 |                               Some(val) => val,
     |                               ^^^^ not found in this scope
...
1356 | / array_impls! {
1357 | |     1 => (0)
1358 | |     2 => (0 1)
1359 | |     3 => (0 1 2)
...    |
1388 | |     32 => (0 1 2 3 4 5 6 7 8 9 10 11 12 13 14 15 16 17 18 19 20 21 22 23 24 25 26 27 28 29 30 31)
1389 | | }
     | |_- in this macro invocation
     |
note: tuple variant `crate::__private::ser::content::Content::Some` exists but is inaccessible
    --> C:\Users\john\.cargo\registry\src\index.crates.io-1949cf8c6b5b557f\serde-1.0.219\src\private\ser.rs:443:9
     |
443  |         Some(Box<Content>),
     |         ^^^^^^^^^^^^^^^^^^ not accessible
     = note: this error originates in the macro `array_impls` (in Nightly builds, run with -Z macro-backtrace for more info)
help: consider importing one of these tuple variants
     |
1    + use crate::__private::de::Content::Some;
     |
1    + use core::option::Option::Some;
     |

error[E0425]: cannot find function, tuple struct or tuple variant `Err` in this scope
    --> C:\Users\john\.cargo\registry\src\index.crates.io-1949cf8c6b5b557f\serde-1.0.219\src\de\impls.rs:1299:44
     |
1299 |                               None => return Err(Error::invalid_length($n, &self)),
     |                                              ^^^ not found in this scope
...
1356 | / array_impls! {
1357 | |     1 => (0)
1358 | |     2 => (0 1)
1359 | |     3 => (0 1 2)
...    |
1388 | |     32 => (0 1 2 3 4 5 6 7 8 9 10 11 12 13 14 15 16 17 18 19 20 21 22 23 24 25 26 27 28 29 30 31)
1389 | | }
     | |_- in this macro invocation
     |
     = note: this error originates in the macro `array_impls` (in Nightly builds, run with -Z macro-backtrace for more info)
help: consider importing this tuple variant
     |
1    + use core::result::Result::Err;
     |

error[E0412]: cannot find type `Result` in this scope
    --> C:\Users\john\.cargo\registry\src\index.crates.io-1949cf8c6b5b557f\serde-1.0.219\src\de\impls.rs:1316:54
     |
1316 |                   fn visit_seq<A>(self, mut seq: A) -> Result<Self::Value, A::Error>
     |                                                        ^^^^^^ not found in this scope
...
1356 | / array_impls! {
1357 | |     1 => (0)
1358 | |     2 => (0 1)
1359 | |     3 => (0 1 2)
...    |
1388 | |     32 => (0 1 2 3 4 5 6 7 8 9 10 11 12 13 14 15 16 17 18 19 20 21 22 23 24 25 26 27 28 29 30 31)
1389 | | }
     | |_- in this macro invocation
     |
     = note: this error originates in the macro `array_impls` (in Nightly builds, run with -Z macro-backtrace for more info)
help: consider importing one of these items
     |
1    + use core::fmt::Result;
     |
1    + use core::result::Result;
     |

error[E0425]: cannot find value `None` in this scope
    --> C:\Users\john\.cargo\registry\src\index.crates.io-1949cf8c6b5b557f\serde-1.0.219\src\de\impls.rs:1320:40
     |
1320 |                       let mut fail_idx = None;
     |                                          ^^^^ not found in this scope
...
1356 | / array_impls! {
1357 | |     1 => (0)
1358 | |     2 => (0 1)
1359 | |     3 => (0 1 2)
...    |
1388 | |     32 => (0 1 2 3 4 5 6 7 8 9 10 11 12 13 14 15 16 17 18 19 20 21 22 23 24 25 26 27 28 29 30 31)
1389 | | }
     | |_- in this macro invocation
     |
note: unit variant `crate::__private::ser::content::Content::None` exists but is inaccessible
    --> C:\Users\john\.cargo\registry\src\index.crates.io-1949cf8c6b5b557f\serde-1.0.219\src\private\ser.rs:442:9
     |
442  |         None,
     |         ^^^^ not accessible
     = note: this error originates in the macro `array_impls` (in Nightly builds, run with -Z macro-backtrace for more info)
help: consider importing one of these unit variants
     |
1    + use crate::__private::de::Content::None;
     |
1    + use core::option::Option::None;
     |

error[E0425]: cannot find function, tuple struct or tuple variant `Some` in this scope
    --> C:\Users\john\.cargo\registry\src\index.crates.io-1949cf8c6b5b557f\serde-1.0.219\src\de\impls.rs:1323:40
     |
1323 |                               fail_idx = Some(idx);
     |                                          ^^^^ not found in this scope
...
1356 | / array_impls! {
1357 | |     1 => (0)
1358 | |     2 => (0 1)
1359 | |     3 => (0 1 2)
...    |
1388 | |     32 => (0 1 2 3 4 5 6 7 8 9 10 11 12 13 14 15 16 17 18 19 20 21 22 23 24 25 26 27 28 29 30 31)
1389 | | }
     | |_- in this macro invocation
     |
note: tuple variant `crate::__private::ser::content::Content::Some` exists but is inaccessible
    --> C:\Users\john\.cargo\registry\src\index.crates.io-1949cf8c6b5b557f\serde-1.0.219\src\private\ser.rs:443:9
     |
443  |         Some(Box<Content>),
     |         ^^^^^^^^^^^^^^^^^^ not accessible
     = note: this error originates in the macro `array_impls` (in Nightly builds, run with -Z macro-backtrace for more info)
help: consider importing one of these tuple variants
     |
1    + use crate::__private::de::Content::Some;
     |
1    + use core::option::Option::Some;
     |

error[E0531]: cannot find tuple struct or tuple variant `Some` in this scope
    --> C:\Users\john\.cargo\registry\src\index.crates.io-1949cf8c6b5b557f\serde-1.0.219\src\de\impls.rs:1327:28
     |
1327 |                       if let Some(idx) = fail_idx {
     |                              ^^^^ not found in this scope
...
1356 | / array_impls! {
1357 | |     1 => (0)
1358 | |     2 => (0 1)
1359 | |     3 => (0 1 2)
...    |
1388 | |     32 => (0 1 2 3 4 5 6 7 8 9 10 11 12 13 14 15 16 17 18 19 20 21 22 23 24 25 26 27 28 29 30 31)
1389 | | }
     | |_- in this macro invocation
     |
note: tuple variant `crate::__private::ser::content::Content::Some` exists but is inaccessible
    --> C:\Users\john\.cargo\registry\src\index.crates.io-1949cf8c6b5b557f\serde-1.0.219\src\private\ser.rs:443:9
     |
443  |         Some(Box<Content>),
     |         ^^^^^^^^^^^^^^^^^^ not accessible
     = note: this error originates in the macro `array_impls` (in Nightly builds, run with -Z macro-backtrace for more info)
help: consider importing one of these tuple variants
     |
1    + use crate::__private::de::Content::Some;
     |
1    + use core::option::Option::Some;
     |

error[E0425]: cannot find function, tuple struct or tuple variant `Err` in this scope
    --> C:\Users\john\.cargo\registry\src\index.crates.io-1949cf8c6b5b557f\serde-1.0.219\src\de\impls.rs:1328:32
     |
1328 |                           return Err(Error::invalid_length(idx, &self));
     |                                  ^^^ not found in this scope
...
1356 | / array_impls! {
1357 | |     1 => (0)
1358 | |     2 => (0 1)
1359 | |     3 => (0 1 2)
...    |
1388 | |     32 => (0 1 2 3 4 5 6 7 8 9 10 11 12 13 14 15 16 17 18 19 20 21 22 23 24 25 26 27 28 29 30 31)
1389 | | }
     | |_- in this macro invocation
     |
     = note: this error originates in the macro `array_impls` (in Nightly builds, run with -Z macro-backtrace for more info)
help: consider importing this tuple variant
     |
1    + use core::result::Result::Err;
     |

error[E0425]: cannot find function, tuple struct or tuple variant `Ok` in this scope
    --> C:\Users\john\.cargo\registry\src\index.crates.io-1949cf8c6b5b557f\serde-1.0.219\src\de\impls.rs:1330:21
     |
1330 |                       Ok(())
     |                       ^^ not found in this scope
...
1356 | / array_impls! {
1357 | |     1 => (0)
1358 | |     2 => (0 1)
1359 | |     3 => (0 1 2)
...    |
1388 | |     32 => (0 1 2 3 4 5 6 7 8 9 10 11 12 13 14 15 16 17 18 19 20 21 22 23 24 25 26 27 28 29 30 31)
1389 | | }
     | |_- in this macro invocation
     |
     = note: this error originates in the macro `array_impls` (in Nightly builds, run with -Z macro-backtrace for more info)
help: consider importing this tuple variant
     |
1    + use core::result::Result::Ok;
     |

error[E0412]: cannot find type `Result` in this scope
    --> C:\Users\john\.cargo\registry\src\index.crates.io-1949cf8c6b5b557f\serde-1.0.219\src\de\impls.rs:1338:55
     |
1338 |                   fn deserialize<D>(deserializer: D) -> Result<Self, D::Error>
     |                                                         ^^^^^^ not found in this scope
...
1356 | / array_impls! {
1357 | |     1 => (0)
1358 | |     2 => (0 1)
1359 | |     3 => (0 1 2)
...    |
1388 | |     32 => (0 1 2 3 4 5 6 7 8 9 10 11 12 13 14 15 16 17 18 19 20 21 22 23 24 25 26 27 28 29 30 31)
1389 | | }
     | |_- in this macro invocation
     |
     = note: this error originates in the macro `array_impls` (in Nightly builds, run with -Z macro-backtrace for more info)
help: consider importing one of these items
     |
1    + use core::fmt::Result;
     |
1    + use core::result::Result;
     |

error[E0412]: cannot find type `Result` in this scope
    --> C:\Users\john\.cargo\registry\src\index.crates.io-1949cf8c6b5b557f\serde-1.0.219\src\de\impls.rs:1345:82
     |
1345 |                   fn deserialize_in_place<D>(deserializer: D, place: &mut Self) -> Result<(), D::Error>
     |                                                                                    ^^^^^^ not found in this scope
...
1356 | / array_impls! {
1357 | |     1 => (0)
1358 | |     2 => (0 1)
1359 | |     3 => (0 1 2)
...    |
1388 | |     32 => (0 1 2 3 4 5 6 7 8 9 10 11 12 13 14 15 16 17 18 19 20 21 22 23 24 25 26 27 28 29 30 31)
1389 | | }
     | |_- in this macro invocation
     |
     = note: this error originates in the macro `array_impls` (in Nightly builds, run with -Z macro-backtrace for more info)
help: consider importing one of these items
     |
1    + use core::fmt::Result;
     |
1    + use core::result::Result;
     |

error[E0412]: cannot find type `Result` in this scope
    --> C:\Users\john\.cargo\registry\src\index.crates.io-1949cf8c6b5b557f\serde-1.0.219\src\de\impls.rs:1410:47
     |
1410 |         fn deserialize<D>(deserializer: D) -> Result<Self, D::Error>
     |                                               ^^^^^^ not found in this scope
...
1489 |     tuple_impl_body!(1 => (0 T));
     |     ---------------------------- in this macro invocation
     |
     = note: this error originates in the macro `tuple_impl_body` (in Nightly builds, run with -Z macro-backtrace for more info)
help: consider importing one of these items
     |
1    + use core::fmt::Result;
     |
1    + use core::result::Result;
     |

error[E0412]: cannot find type `Result` in this scope
    --> C:\Users\john\.cargo\registry\src\index.crates.io-1949cf8c6b5b557f\serde-1.0.219\src\de\impls.rs:1427:54
     |
1427 |                 fn visit_seq<A>(self, mut seq: A) -> Result<Self::Value, A::Error>
     |                                                      ^^^^^^ not found in this scope
...
1489 |     tuple_impl_body!(1 => (0 T));
     |     ---------------------------- in this macro invocation
     |
     = note: this error originates in the macro `tuple_impl_body` (in Nightly builds, run with -Z macro-backtrace for more info)
help: consider importing one of these items
     |
1    + use core::fmt::Result;
     |
1    + use core::result::Result;
     |

error[E0531]: cannot find tuple struct or tuple variant `Ok` in this scope
    --> C:\Users\john\.cargo\registry\src\index.crates.io-1949cf8c6b5b557f\serde-1.0.219\src\lib.rs:298:13
     |
298  |             Ok(val) => val,
     |             ^^ not found in this scope
     |
    ::: C:\Users\john\.cargo\registry\src\index.crates.io-1949cf8c6b5b557f\serde-1.0.219\src\de\impls.rs:1489:5
     |
1489 |     tuple_impl_body!(1 => (0 T));
     |     ---------------------------- in this macro invocation
     |
     = note: this error originates in the macro `tri` which comes from the expansion of the macro `tuple_impl_body` (in Nightly builds, run with -Z macro-backtrace for more info)
help: consider importing this tuple variant
    -->  C:\Users\john\.cargo\registry\src\index.crates.io-1949cf8c6b5b557f\serde-1.0.219\src\de\impls.rs:1:1
     |
1    + use core::result::Result::Ok;
     |

error[E0531]: cannot find tuple struct or tuple variant `Err` in this scope
    --> C:\Users\john\.cargo\registry\src\index.crates.io-1949cf8c6b5b557f\serde-1.0.219\src\lib.rs:299:13
     |
299  |             Err(err) => return Err(err),
     |             ^^^ not found in this scope
     |
    ::: C:\Users\john\.cargo\registry\src\index.crates.io-1949cf8c6b5b557f\serde-1.0.219\src\de\impls.rs:1489:5
     |
1489 |     tuple_impl_body!(1 => (0 T));
     |     ---------------------------- in this macro invocation
     |
     = note: this error originates in the macro `tri` which comes from the expansion of the macro `tuple_impl_body` (in Nightly builds, run with -Z macro-backtrace for more info)
help: consider importing this tuple variant
    -->  C:\Users\john\.cargo\registry\src\index.crates.io-1949cf8c6b5b557f\serde-1.0.219\src\de\impls.rs:1:1
     |
1    + use core::result::Result::Err;
     |

error[E0425]: cannot find function, tuple struct or tuple variant `Err` in this scope
    --> C:\Users\john\.cargo\registry\src\index.crates.io-1949cf8c6b5b557f\serde-1.0.219\src\lib.rs:299:32
     |
299  |             Err(err) => return Err(err),
     |                                ^^^
     |
    ::: C:\Users\john\.cargo\registry\src\index.crates.io-1949cf8c6b5b557f\serde-1.0.219\src\de\impls.rs:1489:5
     |
1489 |     tuple_impl_body!(1 => (0 T));
     |     ---------------------------- in this macro invocation
     |
     = note: this error originates in the macro `tri` which comes from the expansion of the macro `tuple_impl_body` (in Nightly builds, run with -Z macro-backtrace for more info)
help: a local variable with a similar name exists
     |
299  -             Err(err) => return Err(err),
299  +             Err(err) => return err(err),
     |
help: consider importing this tuple variant
    -->  C:\Users\john\.cargo\registry\src\index.crates.io-1949cf8c6b5b557f\serde-1.0.219\src\de\impls.rs:1:1
     |
1    + use core::result::Result::Err;
     |

error[E0531]: cannot find tuple struct or tuple variant `Some` in this scope
    --> C:\Users\john\.cargo\registry\src\index.crates.io-1949cf8c6b5b557f\serde-1.0.219\src\de\impls.rs:1433:29
     |
1433 |                             Some(value) => value,
     |                             ^^^^ not found in this scope
...
1489 |     tuple_impl_body!(1 => (0 T));
     |     ---------------------------- in this macro invocation
     |
note: tuple variant `crate::__private::ser::content::Content::Some` exists but is inaccessible
    --> C:\Users\john\.cargo\registry\src\index.crates.io-1949cf8c6b5b557f\serde-1.0.219\src\private\ser.rs:443:9
     |
443  |         Some(Box<Content>),
     |         ^^^^^^^^^^^^^^^^^^ not accessible
     = note: this error originates in the macro `tuple_impl_body` (in Nightly builds, run with -Z macro-backtrace for more info)
help: consider importing one of these tuple variants
     |
1    + use crate::__private::de::Content::Some;
     |
1    + use core::option::Option::Some;
     |

error[E0425]: cannot find function, tuple struct or tuple variant `Err` in this scope
    --> C:\Users\john\.cargo\registry\src\index.crates.io-1949cf8c6b5b557f\serde-1.0.219\src\de\impls.rs:1434:44
     |
1434 |                             None => return Err(Error::invalid_length($n, &self)),
     |                                            ^^^ not found in this scope
...
1489 |     tuple_impl_body!(1 => (0 T));
     |     ---------------------------- in this macro invocation
     |
     = note: this error originates in the macro `tuple_impl_body` (in Nightly builds, run with -Z macro-backtrace for more info)
help: consider importing this tuple variant
     |
1    + use core::result::Result::Err;
     |

error[E0425]: cannot find function, tuple struct or tuple variant `Ok` in this scope
    --> C:\Users\john\.cargo\registry\src\index.crates.io-1949cf8c6b5b557f\serde-1.0.219\src\de\impls.rs:1438:21
     |
1438 |                     Ok(($($name,)+))
     |                     ^^ not found in this scope
...
1489 |     tuple_impl_body!(1 => (0 T));
     |     ---------------------------- in this macro invocation
     |
     = note: this error originates in the macro `tuple_impl_body` (in Nightly builds, run with -Z macro-backtrace for more info)
help: consider importing this tuple variant
     |
1    + use core::result::Result::Ok;
     |

error[E0412]: cannot find type `Result` in this scope
    --> C:\Users\john\.cargo\registry\src\index.crates.io-1949cf8c6b5b557f\serde-1.0.219\src\de\impls.rs:1446:74
     |
1446 |         fn deserialize_in_place<D>(deserializer: D, place: &mut Self) -> Result<(), D::Error>
     |                                                                          ^^^^^^ not found in this scope
...
1489 |     tuple_impl_body!(1 => (0 T));
     |     ---------------------------- in this macro invocation
     |
     = note: this error originates in the macro `tuple_impl_body` (in Nightly builds, run with -Z macro-backtrace for more info)
help: consider importing one of these items
     |
1    + use core::fmt::Result;
     |
1    + use core::result::Result;
     |

error[E0412]: cannot find type `Result` in this scope
    --> C:\Users\john\.cargo\registry\src\index.crates.io-1949cf8c6b5b557f\serde-1.0.219\src\de\impls.rs:1461:54
     |
1461 |                 fn visit_seq<A>(self, mut seq: A) -> Result<Self::Value, A::Error>
     |                                                      ^^^^^^ not found in this scope
...
1489 |     tuple_impl_body!(1 => (0 T));
     |     ---------------------------- in this macro invocation
     |
     = note: this error originates in the macro `tuple_impl_body` (in Nightly builds, run with -Z macro-backtrace for more info)
help: consider importing one of these items
     |
1    + use core::fmt::Result;
     |
1    + use core::result::Result;
     |

error[E0425]: cannot find function, tuple struct or tuple variant `Err` in this scope
    --> C:\Users\john\.cargo\registry\src\index.crates.io-1949cf8c6b5b557f\serde-1.0.219\src\de\impls.rs:1467:36
     |
1467 |                             return Err(Error::invalid_length($n, &self));
     |                                    ^^^ not found in this scope
...
1489 |     tuple_impl_body!(1 => (0 T));
     |     ---------------------------- in this macro invocation
     |
     = note: this error originates in the macro `tuple_impl_body` (in Nightly builds, run with -Z macro-backtrace for more info)
help: consider importing this tuple variant
     |
1    + use core::result::Result::Err;
     |

error[E0425]: cannot find function, tuple struct or tuple variant `Ok` in this scope
    --> C:\Users\john\.cargo\registry\src\index.crates.io-1949cf8c6b5b557f\serde-1.0.219\src\de\impls.rs:1471:21
     |
1471 |                     Ok(())
     |                     ^^ not found in this scope
...
1489 |     tuple_impl_body!(1 => (0 T));
     |     ---------------------------- in this macro invocation
     |
     = note: this error originates in the macro `tuple_impl_body` (in Nightly builds, run with -Z macro-backtrace for more info)
help: consider importing this tuple variant
     |
1    + use core::result::Result::Ok;
     |

error[E0412]: cannot find type `Result` in this scope
    --> C:\Users\john\.cargo\registry\src\index.crates.io-1949cf8c6b5b557f\serde-1.0.219\src\de\impls.rs:1410:47
     |
1410 |           fn deserialize<D>(deserializer: D) -> Result<Self, D::Error>
     |                                                 ^^^^^^ not found in this scope
...
1492 | / tuple_impls! {
1493 | |     2  => (0 T0 1 T1)
1494 | |     3  => (0 T0 1 T1 2 T2)
1495 | |     4  => (0 T0 1 T1 2 T2 3 T3)
...    |
1507 | |     16 => (0 T0 1 T1 2 T2 3 T3 4 T4 5 T5 6 T6 7 T7 8 T8 9 T9 10 T10 11 T11 12 T12 13 T13 14 T14 15 T15)
1508 | | }
     | |_- in this macro invocation
     |
     = note: this error originates in the macro `tuple_impl_body` which comes from the expansion of the macro `tuple_impls` (in Nightly builds, run with -Z macro-backtrace for more info)
help: consider importing one of these items
     |
1    + use core::fmt::Result;
     |
1    + use core::result::Result;
     |

error[E0412]: cannot find type `Result` in this scope
    --> C:\Users\john\.cargo\registry\src\index.crates.io-1949cf8c6b5b557f\serde-1.0.219\src\de\impls.rs:1427:54
     |
1427 |                   fn visit_seq<A>(self, mut seq: A) -> Result<Self::Value, A::Error>
     |                                                        ^^^^^^ not found in this scope
...
1492 | / tuple_impls! {
1493 | |     2  => (0 T0 1 T1)
1494 | |     3  => (0 T0 1 T1 2 T2)
1495 | |     4  => (0 T0 1 T1 2 T2 3 T3)
...    |
1507 | |     16 => (0 T0 1 T1 2 T2 3 T3 4 T4 5 T5 6 T6 7 T7 8 T8 9 T9 10 T10 11 T11 12 T12 13 T13 14 T14 15 T15)
1508 | | }
     | |_- in this macro invocation
     |
     = note: this error originates in the macro `tuple_impl_body` which comes from the expansion of the macro `tuple_impls` (in Nightly builds, run with -Z macro-backtrace for more info)
help: consider importing one of these items
     |
1    + use core::fmt::Result;
     |
1    + use core::result::Result;
     |

error[E0531]: cannot find tuple struct or tuple variant `Ok` in this scope
    --> C:\Users\john\.cargo\registry\src\index.crates.io-1949cf8c6b5b557f\serde-1.0.219\src\lib.rs:298:13
     |
298  |               Ok(val) => val,
     |               ^^ not found in this scope
     |
    ::: C:\Users\john\.cargo\registry\src\index.crates.io-1949cf8c6b5b557f\serde-1.0.219\src\de\impls.rs:1492:1
     |
1492 | / tuple_impls! {
1493 | |     2  => (0 T0 1 T1)
1494 | |     3  => (0 T0 1 T1 2 T2)
1495 | |     4  => (0 T0 1 T1 2 T2 3 T3)
...    |
1507 | |     16 => (0 T0 1 T1 2 T2 3 T3 4 T4 5 T5 6 T6 7 T7 8 T8 9 T9 10 T10 11 T11 12 T12 13 T13 14 T14 15 T15)
1508 | | }
     | |_- in this macro invocation
     |
     = note: this error originates in the macro `tri` which comes from the expansion of the macro `tuple_impls` (in Nightly builds, run with -Z macro-backtrace for more info)
help: consider importing this tuple variant
    -->  C:\Users\john\.cargo\registry\src\index.crates.io-1949cf8c6b5b557f\serde-1.0.219\src\de\impls.rs:1:1
     |
1    + use core::result::Result::Ok;
     |

error[E0531]: cannot find tuple struct or tuple variant `Err` in this scope
    --> C:\Users\john\.cargo\registry\src\index.crates.io-1949cf8c6b5b557f\serde-1.0.219\src\lib.rs:299:13
     |
299  |               Err(err) => return Err(err),
     |               ^^^ not found in this scope
     |
    ::: C:\Users\john\.cargo\registry\src\index.crates.io-1949cf8c6b5b557f\serde-1.0.219\src\de\impls.rs:1492:1
     |
1492 | / tuple_impls! {
1493 | |     2  => (0 T0 1 T1)
1494 | |     3  => (0 T0 1 T1 2 T2)
1495 | |     4  => (0 T0 1 T1 2 T2 3 T3)
...    |
1507 | |     16 => (0 T0 1 T1 2 T2 3 T3 4 T4 5 T5 6 T6 7 T7 8 T8 9 T9 10 T10 11 T11 12 T12 13 T13 14 T14 15 T15)
1508 | | }
     | |_- in this macro invocation
     |
     = note: this error originates in the macro `tri` which comes from the expansion of the macro `tuple_impls` (in Nightly builds, run with -Z macro-backtrace for more info)
help: consider importing this tuple variant
    -->  C:\Users\john\.cargo\registry\src\index.crates.io-1949cf8c6b5b557f\serde-1.0.219\src\de\impls.rs:1:1
     |
1    + use core::result::Result::Err;
     |

error[E0425]: cannot find function, tuple struct or tuple variant `Err` in this scope
    --> C:\Users\john\.cargo\registry\src\index.crates.io-1949cf8c6b5b557f\serde-1.0.219\src\lib.rs:299:32
     |
299  |               Err(err) => return Err(err),
     |                                  ^^^
     |
    ::: C:\Users\john\.cargo\registry\src\index.crates.io-1949cf8c6b5b557f\serde-1.0.219\src\de\impls.rs:1492:1
     |
1492 | / tuple_impls! {
1493 | |     2  => (0 T0 1 T1)
1494 | |     3  => (0 T0 1 T1 2 T2)
1495 | |     4  => (0 T0 1 T1 2 T2 3 T3)
...    |
1507 | |     16 => (0 T0 1 T1 2 T2 3 T3 4 T4 5 T5 6 T6 7 T7 8 T8 9 T9 10 T10 11 T11 12 T12 13 T13 14 T14 15 T15)
1508 | | }
     | |_- in this macro invocation
     |
     = note: this error originates in the macro `tri` which comes from the expansion of the macro `tuple_impls` (in Nightly builds, run with -Z macro-backtrace for more info)
help: a local variable with a similar name exists
     |
299  -             Err(err) => return Err(err),
299  +             Err(err) => return err(err),
     |
help: consider importing this tuple variant
    -->  C:\Users\john\.cargo\registry\src\index.crates.io-1949cf8c6b5b557f\serde-1.0.219\src\de\impls.rs:1:1
     |
1    + use core::result::Result::Err;
     |

error[E0531]: cannot find tuple struct or tuple variant `Some` in this scope
    --> C:\Users\john\.cargo\registry\src\index.crates.io-1949cf8c6b5b557f\serde-1.0.219\src\de\impls.rs:1433:29
     |
1433 |                               Some(value) => value,
     |                               ^^^^ not found in this scope
...
1492 | / tuple_impls! {
1493 | |     2  => (0 T0 1 T1)
1494 | |     3  => (0 T0 1 T1 2 T2)
1495 | |     4  => (0 T0 1 T1 2 T2 3 T3)
...    |
1507 | |     16 => (0 T0 1 T1 2 T2 3 T3 4 T4 5 T5 6 T6 7 T7 8 T8 9 T9 10 T10 11 T11 12 T12 13 T13 14 T14 15 T15)
1508 | | }
     | |_- in this macro invocation
     |
note: tuple variant `crate::__private::ser::content::Content::Some` exists but is inaccessible
    --> C:\Users\john\.cargo\registry\src\index.crates.io-1949cf8c6b5b557f\serde-1.0.219\src\private\ser.rs:443:9
     |
443  |         Some(Box<Content>),
     |         ^^^^^^^^^^^^^^^^^^ not accessible
     = note: this error originates in the macro `tuple_impl_body` which comes from the expansion of the macro `tuple_impls` (in Nightly builds, run with -Z macro-backtrace for more info)
help: consider importing one of these tuple variants
     |
1    + use crate::__private::de::Content::Some;
     |
1    + use core::option::Option::Some;
     |

error[E0425]: cannot find function, tuple struct or tuple variant `Err` in this scope
    --> C:\Users\john\.cargo\registry\src\index.crates.io-1949cf8c6b5b557f\serde-1.0.219\src\de\impls.rs:1434:44
     |
1434 |                               None => return Err(Error::invalid_length($n, &self)),
     |                                              ^^^ not found in this scope
...
1492 | / tuple_impls! {
1493 | |     2  => (0 T0 1 T1)
1494 | |     3  => (0 T0 1 T1 2 T2)
1495 | |     4  => (0 T0 1 T1 2 T2 3 T3)
...    |
1507 | |     16 => (0 T0 1 T1 2 T2 3 T3 4 T4 5 T5 6 T6 7 T7 8 T8 9 T9 10 T10 11 T11 12 T12 13 T13 14 T14 15 T15)
1508 | | }
     | |_- in this macro invocation
     |
     = note: this error originates in the macro `tuple_impl_body` which comes from the expansion of the macro `tuple_impls` (in Nightly builds, run with -Z macro-backtrace for more info)
help: consider importing this tuple variant
     |
1    + use core::result::Result::Err;
     |

error[E0425]: cannot find function, tuple struct or tuple variant `Ok` in this scope
    --> C:\Users\john\.cargo\registry\src\index.crates.io-1949cf8c6b5b557f\serde-1.0.219\src\de\impls.rs:1438:21
     |
1438 |                       Ok(($($name,)+))
     |                       ^^ not found in this scope
...
1492 | / tuple_impls! {
1493 | |     2  => (0 T0 1 T1)
1494 | |     3  => (0 T0 1 T1 2 T2)
1495 | |     4  => (0 T0 1 T1 2 T2 3 T3)
...    |
1507 | |     16 => (0 T0 1 T1 2 T2 3 T3 4 T4 5 T5 6 T6 7 T7 8 T8 9 T9 10 T10 11 T11 12 T12 13 T13 14 T14 15 T15)
1508 | | }
     | |_- in this macro invocation
     |
     = note: this error originates in the macro `tuple_impl_body` which comes from the expansion of the macro `tuple_impls` (in Nightly builds, run with -Z macro-backtrace for more info)
help: consider importing this tuple variant
     |
1    + use core::result::Result::Ok;
     |

error[E0412]: cannot find type `Result` in this scope
    --> C:\Users\john\.cargo\registry\src\index.crates.io-1949cf8c6b5b557f\serde-1.0.219\src\de\impls.rs:1446:74
     |
1446 |           fn deserialize_in_place<D>(deserializer: D, place: &mut Self) -> Result<(), D::Error>
     |                                                                            ^^^^^^ not found in this scope
...
1492 | / tuple_impls! {
1493 | |     2  => (0 T0 1 T1)
1494 | |     3  => (0 T0 1 T1 2 T2)
1495 | |     4  => (0 T0 1 T1 2 T2 3 T3)
...    |
1507 | |     16 => (0 T0 1 T1 2 T2 3 T3 4 T4 5 T5 6 T6 7 T7 8 T8 9 T9 10 T10 11 T11 12 T12 13 T13 14 T14 15 T15)
1508 | | }
     | |_- in this macro invocation
     |
     = note: this error originates in the macro `tuple_impl_body` which comes from the expansion of the macro `tuple_impls` (in Nightly builds, run with -Z macro-backtrace for more info)
help: consider importing one of these items
     |
1    + use core::fmt::Result;
     |
1    + use core::result::Result;
     |

error[E0412]: cannot find type `Result` in this scope
    --> C:\Users\john\.cargo\registry\src\index.crates.io-1949cf8c6b5b557f\serde-1.0.219\src\de\impls.rs:1461:54
     |
1461 |                   fn visit_seq<A>(self, mut seq: A) -> Result<Self::Value, A::Error>
     |                                                        ^^^^^^ not found in this scope
...
1492 | / tuple_impls! {
1493 | |     2  => (0 T0 1 T1)
1494 | |     3  => (0 T0 1 T1 2 T2)
1495 | |     4  => (0 T0 1 T1 2 T2 3 T3)
...    |
1507 | |     16 => (0 T0 1 T1 2 T2 3 T3 4 T4 5 T5 6 T6 7 T7 8 T8 9 T9 10 T10 11 T11 12 T12 13 T13 14 T14 15 T15)
1508 | | }
     | |_- in this macro invocation
     |
     = note: this error originates in the macro `tuple_impl_body` which comes from the expansion of the macro `tuple_impls` (in Nightly builds, run with -Z macro-backtrace for more info)
help: consider importing one of these items
     |
1    + use core::fmt::Result;
     |
1    + use core::result::Result;
     |

error[E0425]: cannot find function, tuple struct or tuple variant `Err` in this scope
    --> C:\Users\john\.cargo\registry\src\index.crates.io-1949cf8c6b5b557f\serde-1.0.219\src\de\impls.rs:1467:36
     |
1467 |                               return Err(Error::invalid_length($n, &self));
     |                                      ^^^ not found in this scope
...
1492 | / tuple_impls! {
1493 | |     2  => (0 T0 1 T1)
1494 | |     3  => (0 T0 1 T1 2 T2)
1495 | |     4  => (0 T0 1 T1 2 T2 3 T3)
...    |
1507 | |     16 => (0 T0 1 T1 2 T2 3 T3 4 T4 5 T5 6 T6 7 T7 8 T8 9 T9 10 T10 11 T11 12 T12 13 T13 14 T14 15 T15)
1508 | | }
     | |_- in this macro invocation
     |
     = note: this error originates in the macro `tuple_impl_body` which comes from the expansion of the macro `tuple_impls` (in Nightly builds, run with -Z macro-backtrace for more info)
help: consider importing this tuple variant
     |
1    + use core::result::Result::Err;
     |

error[E0425]: cannot find function, tuple struct or tuple variant `Ok` in this scope
    --> C:\Users\john\.cargo\registry\src\index.crates.io-1949cf8c6b5b557f\serde-1.0.219\src\de\impls.rs:1471:21
     |
1471 |                       Ok(())
     |                       ^^ not found in this scope
...
1492 | / tuple_impls! {
1493 | |     2  => (0 T0 1 T1)
1494 | |     3  => (0 T0 1 T1 2 T2)
1495 | |     4  => (0 T0 1 T1 2 T2 3 T3)
...    |
1507 | |     16 => (0 T0 1 T1 2 T2 3 T3 4 T4 5 T5 6 T6 7 T7 8 T8 9 T9 10 T10 11 T11 12 T12 13 T13 14 T14 15 T15)
1508 | | }
     | |_- in this macro invocation
     |
     = note: this error originates in the macro `tuple_impl_body` which comes from the expansion of the macro `tuple_impls` (in Nightly builds, run with -Z macro-backtrace for more info)
help: consider importing this tuple variant
     |
1    + use core::result::Result::Ok;
     |

error[E0405]: cannot find trait `Ord` in this scope
    --> C:\Users\john\.cargo\registry\src\index.crates.io-1949cf8c6b5b557f\serde-1.0.219\src\de\impls.rs:1571:17
     |
1522 |             K: Deserialize<'de> $(+ $kbound1 $(+ $kbound2)*)*,
     |                                     -------- due to this macro variable
...
1571 |     BTreeMap<K: Ord, V>,
     |                 ^^^ not found in this scope
     |
help: consider importing this trait
     |
1    + use core::cmp::Ord;
     |

error[E0412]: cannot find type `Result` in this scope
    --> C:\Users\john\.cargo\registry\src\index.crates.io-1949cf8c6b5b557f\serde-1.0.219\src\de\impls.rs:1526:51
     |
1526 |               fn deserialize<D>(deserializer: D) -> Result<Self, D::Error>
     |                                                     ^^^^^^ not found in this scope
...
1568 | / map_impl! {
1569 | |     #[cfg(any(feature = "std", feature = "alloc"))]
1570 | |     #[cfg_attr(docsrs, doc(cfg(any(feature = "std", feature = "alloc"))))]
1571 | |     BTreeMap<K: Ord, V>,
1572 | |     map,
1573 | |     BTreeMap::new(),
1574 | | }
     | |_- in this macro invocation
     |
     = note: this error originates in the macro `map_impl` (in Nightly builds, run with -Z macro-backtrace for more info)
help: consider importing one of these items
     |
1    + use core::fmt::Result;
     |
1    + use core::result::Result;
     |

error[E0412]: cannot find type `Result` in this scope
    --> C:\Users\john\.cargo\registry\src\index.crates.io-1949cf8c6b5b557f\serde-1.0.219\src\de\impls.rs:1547:62
     |
1547 |                       fn visit_map<A>(self, mut $access: A) -> Result<Self::Value, A::Error>
     |                                                                ^^^^^^ not found in this scope
...
1568 | / map_impl! {
1569 | |     #[cfg(any(feature = "std", feature = "alloc"))]
1570 | |     #[cfg_attr(docsrs, doc(cfg(any(feature = "std", feature = "alloc"))))]
1571 | |     BTreeMap<K: Ord, V>,
1572 | |     map,
1573 | |     BTreeMap::new(),
1574 | | }
     | |_- in this macro invocation
     |
     = note: this error originates in the macro `map_impl` (in Nightly builds, run with -Z macro-backtrace for more info)
help: consider importing one of these items
     |
1    + use core::fmt::Result;
     |
1    + use core::result::Result;
     |

error[E0531]: cannot find tuple struct or tuple variant `Ok` in this scope
    --> C:\Users\john\.cargo\registry\src\index.crates.io-1949cf8c6b5b557f\serde-1.0.219\src\lib.rs:298:13
     |
298  |               Ok(val) => val,
     |               ^^ not found in this scope
     |
    ::: C:\Users\john\.cargo\registry\src\index.crates.io-1949cf8c6b5b557f\serde-1.0.219\src\de\impls.rs:1568:1
     |
1568 | / map_impl! {
1569 | |     #[cfg(any(feature = "std", feature = "alloc"))]
1570 | |     #[cfg_attr(docsrs, doc(cfg(any(feature = "std", feature = "alloc"))))]
1571 | |     BTreeMap<K: Ord, V>,
1572 | |     map,
1573 | |     BTreeMap::new(),
1574 | | }
     | |_- in this macro invocation
     |
     = note: this error originates in the macro `tri` which comes from the expansion of the macro `map_impl` (in Nightly builds, run with -Z macro-backtrace for more info)
help: consider importing this tuple variant
    -->  C:\Users\john\.cargo\registry\src\index.crates.io-1949cf8c6b5b557f\serde-1.0.219\src\de\impls.rs:1:1
     |
1    + use core::result::Result::Ok;
     |

error[E0531]: cannot find tuple struct or tuple variant `Err` in this scope
    --> C:\Users\john\.cargo\registry\src\index.crates.io-1949cf8c6b5b557f\serde-1.0.219\src\lib.rs:299:13
     |
299  |               Err(err) => return Err(err),
     |               ^^^ not found in this scope
     |
    ::: C:\Users\john\.cargo\registry\src\index.crates.io-1949cf8c6b5b557f\serde-1.0.219\src\de\impls.rs:1568:1
     |
1568 | / map_impl! {
1569 | |     #[cfg(any(feature = "std", feature = "alloc"))]
1570 | |     #[cfg_attr(docsrs, doc(cfg(any(feature = "std", feature = "alloc"))))]
1571 | |     BTreeMap<K: Ord, V>,
1572 | |     map,
1573 | |     BTreeMap::new(),
1574 | | }
     | |_- in this macro invocation
     |
     = note: this error originates in the macro `tri` which comes from the expansion of the macro `map_impl` (in Nightly builds, run with -Z macro-backtrace for more info)
help: consider importing this tuple variant
    -->  C:\Users\john\.cargo\registry\src\index.crates.io-1949cf8c6b5b557f\serde-1.0.219\src\de\impls.rs:1:1
     |
1    + use core::result::Result::Err;
     |

error[E0425]: cannot find function, tuple struct or tuple variant `Err` in this scope
    --> C:\Users\john\.cargo\registry\src\index.crates.io-1949cf8c6b5b557f\serde-1.0.219\src\lib.rs:299:32
     |
299  |               Err(err) => return Err(err),
     |                                  ^^^
     |
    ::: C:\Users\john\.cargo\registry\src\index.crates.io-1949cf8c6b5b557f\serde-1.0.219\src\de\impls.rs:1568:1
     |
1568 | / map_impl! {
1569 | |     #[cfg(any(feature = "std", feature = "alloc"))]
1570 | |     #[cfg_attr(docsrs, doc(cfg(any(feature = "std", feature = "alloc"))))]
1571 | |     BTreeMap<K: Ord, V>,
1572 | |     map,
1573 | |     BTreeMap::new(),
1574 | | }
     | |_- in this macro invocation
     |
     = note: this error originates in the macro `tri` which comes from the expansion of the macro `map_impl` (in Nightly builds, run with -Z macro-backtrace for more info)
help: a local variable with a similar name exists
     |
299  -             Err(err) => return Err(err),
299  +             Err(err) => return err(err),
     |
help: consider importing this tuple variant
    -->  C:\Users\john\.cargo\registry\src\index.crates.io-1949cf8c6b5b557f\serde-1.0.219\src\de\impls.rs:1:1
     |
1    + use core::result::Result::Err;
     |

error[E0531]: cannot find tuple struct or tuple variant `Some` in this scope
    --> C:\Users\john\.cargo\registry\src\index.crates.io-1949cf8c6b5b557f\serde-1.0.219\src\de\impls.rs:1553:35
     |
1553 |                           while let Some((key, value)) = tri!($access.next_entry()) {
     |                                     ^^^^ not found in this scope
...
1568 | / map_impl! {
1569 | |     #[cfg(any(feature = "std", feature = "alloc"))]
1570 | |     #[cfg_attr(docsrs, doc(cfg(any(feature = "std", feature = "alloc"))))]
1571 | |     BTreeMap<K: Ord, V>,
1572 | |     map,
1573 | |     BTreeMap::new(),
1574 | | }
     | |_- in this macro invocation
     |
note: tuple variant `crate::__private::ser::content::Content::Some` exists but is inaccessible
    --> C:\Users\john\.cargo\registry\src\index.crates.io-1949cf8c6b5b557f\serde-1.0.219\src\private\ser.rs:443:9
     |
443  |         Some(Box<Content>),
     |         ^^^^^^^^^^^^^^^^^^ not accessible
     = note: this error originates in the macro `map_impl` (in Nightly builds, run with -Z macro-backtrace for more info)
help: consider importing one of these tuple variants
     |
1    + use crate::__private::de::Content::Some;
     |
1    + use core::option::Option::Some;
     |

error[E0425]: cannot find function, tuple struct or tuple variant `Ok` in this scope
    --> C:\Users\john\.cargo\registry\src\index.crates.io-1949cf8c6b5b557f\serde-1.0.219\src\de\impls.rs:1557:25
     |
1557 |                           Ok(values)
     |                           ^^ not found in this scope
...
1568 | / map_impl! {
1569 | |     #[cfg(any(feature = "std", feature = "alloc"))]
1570 | |     #[cfg_attr(docsrs, doc(cfg(any(feature = "std", feature = "alloc"))))]
1571 | |     BTreeMap<K: Ord, V>,
1572 | |     map,
1573 | |     BTreeMap::new(),
1574 | | }
     | |_- in this macro invocation
     |
     = note: this error originates in the macro `map_impl` (in Nightly builds, run with -Z macro-backtrace for more info)
help: consider importing this tuple variant
     |
1    + use core::result::Result::Ok;
     |

error[E0405]: cannot find trait `Eq` in this scope
    --> C:\Users\john\.cargo\registry\src\index.crates.io-1949cf8c6b5b557f\serde-1.0.219\src\de\impls.rs:1579:16
     |
1522 |             K: Deserialize<'de> $(+ $kbound1 $(+ $kbound2)*)*,
     |                                     -------- due to this macro variable
...
1579 |     HashMap<K: Eq + Hash, V, S: BuildHasher + Default>,
     |                ^^ not found in this scope
     |
help: consider importing this trait
     |
1    + use core::cmp::Eq;
     |

error[E0405]: cannot find trait `Default` in this scope
    --> C:\Users\john\.cargo\registry\src\index.crates.io-1949cf8c6b5b557f\serde-1.0.219\src\de\impls.rs:1579:47
     |
1524 |             $($typaram: $bound1 $(+ $bound2)*),*
     |                                     ------- due to this macro variable
...
1579 |     HashMap<K: Eq + Hash, V, S: BuildHasher + Default>,
     |                                               ^^^^^^^ not found in this scope
     |
help: consider importing this trait
     |
1    + use core::default::Default;
     |

error[E0412]: cannot find type `Result` in this scope
    --> C:\Users\john\.cargo\registry\src\index.crates.io-1949cf8c6b5b557f\serde-1.0.219\src\de\impls.rs:1526:51
     |
1526 |               fn deserialize<D>(deserializer: D) -> Result<Self, D::Error>
     |                                                     ^^^^^^ not found in this scope
...
1576 | / map_impl! {
1577 | |     #[cfg(feature = "std")]
1578 | |     #[cfg_attr(docsrs, doc(cfg(feature = "std")))]
1579 | |     HashMap<K: Eq + Hash, V, S: BuildHasher + Default>,
1580 | |     map,
1581 | |     HashMap::with_capacity_and_hasher(size_hint::cautious::<(K, V)>(map.size_hint()), S::default()),
1582 | | }
     | |_- in this macro invocation
     |
     = note: this error originates in the macro `map_impl` (in Nightly builds, run with -Z macro-backtrace for more info)
help: consider importing one of these items
     |
1    + use core::fmt::Result;
     |
1    + use core::result::Result;
     |

error[E0412]: cannot find type `Result` in this scope
    --> C:\Users\john\.cargo\registry\src\index.crates.io-1949cf8c6b5b557f\serde-1.0.219\src\de\impls.rs:1547:62
     |
1547 |                       fn visit_map<A>(self, mut $access: A) -> Result<Self::Value, A::Error>
     |                                                                ^^^^^^ not found in this scope
...
1576 | / map_impl! {
1577 | |     #[cfg(feature = "std")]
1578 | |     #[cfg_attr(docsrs, doc(cfg(feature = "std")))]
1579 | |     HashMap<K: Eq + Hash, V, S: BuildHasher + Default>,
1580 | |     map,
1581 | |     HashMap::with_capacity_and_hasher(size_hint::cautious::<(K, V)>(map.size_hint()), S::default()),
1582 | | }
     | |_- in this macro invocation
     |
     = note: this error originates in the macro `map_impl` (in Nightly builds, run with -Z macro-backtrace for more info)
help: consider importing one of these items
     |
1    + use core::fmt::Result;
     |
1    + use core::result::Result;
     |

error[E0531]: cannot find tuple struct or tuple variant `Ok` in this scope
    --> C:\Users\john\.cargo\registry\src\index.crates.io-1949cf8c6b5b557f\serde-1.0.219\src\lib.rs:298:13
     |
298  |               Ok(val) => val,
     |               ^^ not found in this scope
     |
    ::: C:\Users\john\.cargo\registry\src\index.crates.io-1949cf8c6b5b557f\serde-1.0.219\src\de\impls.rs:1576:1
     |
1576 | / map_impl! {
1577 | |     #[cfg(feature = "std")]
1578 | |     #[cfg_attr(docsrs, doc(cfg(feature = "std")))]
1579 | |     HashMap<K: Eq + Hash, V, S: BuildHasher + Default>,
1580 | |     map,
1581 | |     HashMap::with_capacity_and_hasher(size_hint::cautious::<(K, V)>(map.size_hint()), S::default()),
1582 | | }
     | |_- in this macro invocation
     |
     = note: this error originates in the macro `tri` which comes from the expansion of the macro `map_impl` (in Nightly builds, run with -Z macro-backtrace for more info)
help: consider importing this tuple variant
    -->  C:\Users\john\.cargo\registry\src\index.crates.io-1949cf8c6b5b557f\serde-1.0.219\src\de\impls.rs:1:1
     |
1    + use core::result::Result::Ok;
     |

error[E0531]: cannot find tuple struct or tuple variant `Err` in this scope
    --> C:\Users\john\.cargo\registry\src\index.crates.io-1949cf8c6b5b557f\serde-1.0.219\src\lib.rs:299:13
     |
299  |               Err(err) => return Err(err),
     |               ^^^ not found in this scope
     |
    ::: C:\Users\john\.cargo\registry\src\index.crates.io-1949cf8c6b5b557f\serde-1.0.219\src\de\impls.rs:1576:1
     |
1576 | / map_impl! {
1577 | |     #[cfg(feature = "std")]
1578 | |     #[cfg_attr(docsrs, doc(cfg(feature = "std")))]
1579 | |     HashMap<K: Eq + Hash, V, S: BuildHasher + Default>,
1580 | |     map,
1581 | |     HashMap::with_capacity_and_hasher(size_hint::cautious::<(K, V)>(map.size_hint()), S::default()),
1582 | | }
     | |_- in this macro invocation
     |
     = note: this error originates in the macro `tri` which comes from the expansion of the macro `map_impl` (in Nightly builds, run with -Z macro-backtrace for more info)
help: consider importing this tuple variant
    -->  C:\Users\john\.cargo\registry\src\index.crates.io-1949cf8c6b5b557f\serde-1.0.219\src\de\impls.rs:1:1
     |
1    + use core::result::Result::Err;
     |

error[E0425]: cannot find function, tuple struct or tuple variant `Err` in this scope
    --> C:\Users\john\.cargo\registry\src\index.crates.io-1949cf8c6b5b557f\serde-1.0.219\src\lib.rs:299:32
     |
299  |               Err(err) => return Err(err),
     |                                  ^^^
     |
    ::: C:\Users\john\.cargo\registry\src\index.crates.io-1949cf8c6b5b557f\serde-1.0.219\src\de\impls.rs:1576:1
     |
1576 | / map_impl! {
1577 | |     #[cfg(feature = "std")]
1578 | |     #[cfg_attr(docsrs, doc(cfg(feature = "std")))]
1579 | |     HashMap<K: Eq + Hash, V, S: BuildHasher + Default>,
1580 | |     map,
1581 | |     HashMap::with_capacity_and_hasher(size_hint::cautious::<(K, V)>(map.size_hint()), S::default()),
1582 | | }
     | |_- in this macro invocation
     |
     = note: this error originates in the macro `tri` which comes from the expansion of the macro `map_impl` (in Nightly builds, run with -Z macro-backtrace for more info)
help: a local variable with a similar name exists
     |
299  -             Err(err) => return Err(err),
299  +             Err(err) => return err(err),
     |
help: consider importing this tuple variant
    -->  C:\Users\john\.cargo\registry\src\index.crates.io-1949cf8c6b5b557f\serde-1.0.219\src\de\impls.rs:1:1
     |
1    + use core::result::Result::Err;
     |

error[E0531]: cannot find tuple struct or tuple variant `Some` in this scope
    --> C:\Users\john\.cargo\registry\src\index.crates.io-1949cf8c6b5b557f\serde-1.0.219\src\de\impls.rs:1553:35
     |
1553 |                           while let Some((key, value)) = tri!($access.next_entry()) {
     |                                     ^^^^ not found in this scope
...
1576 | / map_impl! {
1577 | |     #[cfg(feature = "std")]
1578 | |     #[cfg_attr(docsrs, doc(cfg(feature = "std")))]
1579 | |     HashMap<K: Eq + Hash, V, S: BuildHasher + Default>,
1580 | |     map,
1581 | |     HashMap::with_capacity_and_hasher(size_hint::cautious::<(K, V)>(map.size_hint()), S::default()),
1582 | | }
     | |_- in this macro invocation
     |
note: tuple variant `crate::__private::ser::content::Content::Some` exists but is inaccessible
    --> C:\Users\john\.cargo\registry\src\index.crates.io-1949cf8c6b5b557f\serde-1.0.219\src\private\ser.rs:443:9
     |
443  |         Some(Box<Content>),
     |         ^^^^^^^^^^^^^^^^^^ not accessible
     = note: this error originates in the macro `map_impl` (in Nightly builds, run with -Z macro-backtrace for more info)
help: consider importing one of these tuple variants
     |
1    + use crate::__private::de::Content::Some;
     |
1    + use core::option::Option::Some;
     |

error[E0425]: cannot find function, tuple struct or tuple variant `Ok` in this scope
    --> C:\Users\john\.cargo\registry\src\index.crates.io-1949cf8c6b5b557f\serde-1.0.219\src\de\impls.rs:1557:25
     |
1557 |                           Ok(values)
     |                           ^^ not found in this scope
...
1576 | / map_impl! {
1577 | |     #[cfg(feature = "std")]
1578 | |     #[cfg_attr(docsrs, doc(cfg(feature = "std")))]
1579 | |     HashMap<K: Eq + Hash, V, S: BuildHasher + Default>,
1580 | |     map,
1581 | |     HashMap::with_capacity_and_hasher(size_hint::cautious::<(K, V)>(map.size_hint()), S::default()),
1582 | | }
     | |_- in this macro invocation
     |
     = note: this error originates in the macro `map_impl` (in Nightly builds, run with -Z macro-backtrace for more info)
help: consider importing this tuple variant
     |
1    + use core::result::Result::Ok;
     |

error[E0412]: cannot find type `Result` in this scope
    --> C:\Users\john\.cargo\registry\src\index.crates.io-1949cf8c6b5b557f\serde-1.0.219\src\de\impls.rs:1718:43
     |
1718 |     fn deserialize<D>(deserializer: D) -> Result<Self, D::Error>
     |                                           ^^^^^^ not found in this scope
     |
help: consider importing one of these items
     |
1    + use core::fmt::Result;
     |
1    + use core::result::Result;
     |

error[E0412]: cannot find type `Result` in this scope
    --> C:\Users\john\.cargo\registry\src\index.crates.io-1949cf8c6b5b557f\serde-1.0.219\src\de\impls.rs:1618:51
     |
1618 |               fn deserialize<D>(deserializer: D) -> Result<Self, D::Error>
     |                                                     ^^^^^^ not found in this scope
...
1726 | /             deserialize_enum! {
1727 | |                 IpAddr IpAddrKind (V4; b"V4"; 0, V6; b"V6"; 1)
1728 | |                 "`V4` or `V6`",
1729 | |                 deserializer
1730 | |             }
     | |_____________- in this macro invocation
     |
     = note: this error originates in the macro `variant_identifier` which comes from the expansion of the macro `deserialize_enum` (in Nightly builds, run with -Z macro-backtrace for more info)
help: consider importing one of these items
     |
1    + use core::fmt::Result;
     |
1    + use core::result::Result;
     |

error[E0412]: cannot find type `Result` in this scope
    --> C:\Users\john\.cargo\registry\src\index.crates.io-1949cf8c6b5b557f\serde-1.0.219\src\de\impls.rs:1631:58
     |
1631 |                       fn visit_u64<E>(self, value: u64) -> Result<Self::Value, E>
     |                                                            ^^^^^^ not found in this scope
...
1726 | /             deserialize_enum! {
1727 | |                 IpAddr IpAddrKind (V4; b"V4"; 0, V6; b"V6"; 1)
1728 | |                 "`V4` or `V6`",
1729 | |                 deserializer
1730 | |             }
     | |_____________- in this macro invocation
     |
     = note: this error originates in the macro `variant_identifier` which comes from the expansion of the macro `deserialize_enum` (in Nightly builds, run with -Z macro-backtrace for more info)
help: consider importing one of these items
     |
1    + use core::fmt::Result;
     |
1    + use core::result::Result;
     |

error[E0425]: cannot find function, tuple struct or tuple variant `Ok` in this scope
    --> C:\Users\john\.cargo\registry\src\index.crates.io-1949cf8c6b5b557f\serde-1.0.219\src\de\impls.rs:1637:43
     |
1637 |                                   $index => Ok($name_kind :: $variant),
     |                                             ^^ not found in this scope
...
1726 | /             deserialize_enum! {
1727 | |                 IpAddr IpAddrKind (V4; b"V4"; 0, V6; b"V6"; 1)
1728 | |                 "`V4` or `V6`",
1729 | |                 deserializer
1730 | |             }
     | |_____________- in this macro invocation
     |
     = note: this error originates in the macro `variant_identifier` which comes from the expansion of the macro `deserialize_enum` (in Nightly builds, run with -Z macro-backtrace for more info)
help: consider importing this tuple variant
     |
1    + use core::result::Result::Ok;
     |

error[E0425]: cannot find function, tuple struct or tuple variant `Err` in this scope
    --> C:\Users\john\.cargo\registry\src\index.crates.io-1949cf8c6b5b557f\serde-1.0.219\src\de\impls.rs:1639:34
     |
1639 |                               _ => Err(Error::invalid_value(Unexpected::Unsigned(value), &self),),
     |                                    ^^^ not found in this scope
...
1726 | /             deserialize_enum! {
1727 | |                 IpAddr IpAddrKind (V4; b"V4"; 0, V6; b"V6"; 1)
1728 | |                 "`V4` or `V6`",
1729 | |                 deserializer
1730 | |             }
     | |_____________- in this macro invocation
     |
     = note: this error originates in the macro `variant_identifier` which comes from the expansion of the macro `deserialize_enum` (in Nightly builds, run with -Z macro-backtrace for more info)
help: consider importing this tuple variant
     |
1    + use core::result::Result::Err;
     |

error[E0412]: cannot find type `Result` in this scope
    --> C:\Users\john\.cargo\registry\src\index.crates.io-1949cf8c6b5b557f\serde-1.0.219\src\de\impls.rs:1643:59
     |
1643 |                       fn visit_str<E>(self, value: &str) -> Result<Self::Value, E>
     |                                                             ^^^^^^ not found in this scope
...
1726 | /             deserialize_enum! {
1727 | |                 IpAddr IpAddrKind (V4; b"V4"; 0, V6; b"V6"; 1)
1728 | |                 "`V4` or `V6`",
1729 | |                 deserializer
1730 | |             }
     | |_____________- in this macro invocation
     |
     = note: this error originates in the macro `variant_identifier` which comes from the expansion of the macro `deserialize_enum` (in Nightly builds, run with -Z macro-backtrace for more info)
help: consider importing one of these items
     |
1    + use core::fmt::Result;
     |
1    + use core::result::Result;
     |

error[E0425]: cannot find function, tuple struct or tuple variant `Ok` in this scope
    --> C:\Users\john\.cargo\registry\src\index.crates.io-1949cf8c6b5b557f\serde-1.0.219\src\de\impls.rs:1649:57
     |
1649 |                                   stringify!($variant) => Ok($name_kind :: $variant),
     |                                                           ^^ not found in this scope
...
1726 | /             deserialize_enum! {
1727 | |                 IpAddr IpAddrKind (V4; b"V4"; 0, V6; b"V6"; 1)
1728 | |                 "`V4` or `V6`",
1729 | |                 deserializer
1730 | |             }
     | |_____________- in this macro invocation
     |
     = note: this error originates in the macro `variant_identifier` which comes from the expansion of the macro `deserialize_enum` (in Nightly builds, run with -Z macro-backtrace for more info)
help: consider importing this tuple variant
     |
1    + use core::result::Result::Ok;
     |

error[E0425]: cannot find function, tuple struct or tuple variant `Err` in this scope
    --> C:\Users\john\.cargo\registry\src\index.crates.io-1949cf8c6b5b557f\serde-1.0.219\src\de\impls.rs:1651:34
     |
1651 |                               _ => Err(Error::unknown_variant(value, $variants_name)),
     |                                    ^^^ not found in this scope
...
1726 | /             deserialize_enum! {
1727 | |                 IpAddr IpAddrKind (V4; b"V4"; 0, V6; b"V6"; 1)
1728 | |                 "`V4` or `V6`",
1729 | |                 deserializer
1730 | |             }
     | |_____________- in this macro invocation
     |
     = note: this error originates in the macro `variant_identifier` which comes from the expansion of the macro `deserialize_enum` (in Nightly builds, run with -Z macro-backtrace for more info)
help: consider importing this tuple variant
     |
1    + use core::result::Result::Err;
     |

error[E0412]: cannot find type `Result` in this scope
    --> C:\Users\john\.cargo\registry\src\index.crates.io-1949cf8c6b5b557f\serde-1.0.219\src\de\impls.rs:1655:62
     |
1655 |                       fn visit_bytes<E>(self, value: &[u8]) -> Result<Self::Value, E>
     |                                                                ^^^^^^ not found in this scope
...
1726 | /             deserialize_enum! {
1727 | |                 IpAddr IpAddrKind (V4; b"V4"; 0, V6; b"V6"; 1)
1728 | |                 "`V4` or `V6`",
1729 | |                 deserializer
1730 | |             }
     | |_____________- in this macro invocation
     |
     = note: this error originates in the macro `variant_identifier` which comes from the expansion of the macro `deserialize_enum` (in Nightly builds, run with -Z macro-backtrace for more info)
help: consider importing one of these items
     |
1    + use core::fmt::Result;
     |
1    + use core::result::Result;
     |

error[E0425]: cannot find function, tuple struct or tuple variant `Ok` in this scope
    --> C:\Users\john\.cargo\registry\src\index.crates.io-1949cf8c6b5b557f\serde-1.0.219\src\de\impls.rs:1661:43
     |
1661 |                                   $bytes => Ok($name_kind :: $variant),
     |                                             ^^ not found in this scope
...
1726 | /             deserialize_enum! {
1727 | |                 IpAddr IpAddrKind (V4; b"V4"; 0, V6; b"V6"; 1)
1728 | |                 "`V4` or `V6`",
1729 | |                 deserializer
1730 | |             }
     | |_____________- in this macro invocation
     |
     = note: this error originates in the macro `variant_identifier` which comes from the expansion of the macro `deserialize_enum` (in Nightly builds, run with -Z macro-backtrace for more info)
help: consider importing this tuple variant
     |
1    + use core::result::Result::Ok;
     |

error[E0531]: cannot find tuple struct or tuple variant `Ok` in this scope
    --> C:\Users\john\.cargo\registry\src\index.crates.io-1949cf8c6b5b557f\serde-1.0.219\src\de\impls.rs:1665:37
     |
1665 |                                       Ok(value) => Err(Error::unknown_variant(value, $variants_name)),
     |                                       ^^ not found in this scope
...
1726 | /             deserialize_enum! {
1727 | |                 IpAddr IpAddrKind (V4; b"V4"; 0, V6; b"V6"; 1)
1728 | |                 "`V4` or `V6`",
1729 | |                 deserializer
1730 | |             }
     | |_____________- in this macro invocation
     |
     = note: this error originates in the macro `variant_identifier` which comes from the expansion of the macro `deserialize_enum` (in Nightly builds, run with -Z macro-backtrace for more info)
help: consider importing this tuple variant
     |
1    + use core::result::Result::Ok;
     |

error[E0425]: cannot find function, tuple struct or tuple variant `Err` in this scope
    --> C:\Users\john\.cargo\registry\src\index.crates.io-1949cf8c6b5b557f\serde-1.0.219\src\de\impls.rs:1665:50
     |
1665 |                                       Ok(value) => Err(Error::unknown_variant(value, $variants_name)),
     |                                                    ^^^ not found in this scope
...
1726 | /             deserialize_enum! {
1727 | |                 IpAddr IpAddrKind (V4; b"V4"; 0, V6; b"V6"; 1)
1728 | |                 "`V4` or `V6`",
1729 | |                 deserializer
1730 | |             }
     | |_____________- in this macro invocation
     |
     = note: this error originates in the macro `variant_identifier` which comes from the expansion of the macro `deserialize_enum` (in Nightly builds, run with -Z macro-backtrace for more info)
help: consider importing this tuple variant
     |
1    + use core::result::Result::Err;
     |

error[E0531]: cannot find tuple struct or tuple variant `Err` in this scope
    --> C:\Users\john\.cargo\registry\src\index.crates.io-1949cf8c6b5b557f\serde-1.0.219\src\de\impls.rs:1666:37
     |
1666 |                                       Err(_) => Err(Error::invalid_value(Unexpected::Bytes(value), &self)),
     |                                       ^^^ not found in this scope
...
1726 | /             deserialize_enum! {
1727 | |                 IpAddr IpAddrKind (V4; b"V4"; 0, V6; b"V6"; 1)
1728 | |                 "`V4` or `V6`",
1729 | |                 deserializer
1730 | |             }
     | |_____________- in this macro invocation
     |
     = note: this error originates in the macro `variant_identifier` which comes from the expansion of the macro `deserialize_enum` (in Nightly builds, run with -Z macro-backtrace for more info)
help: consider importing this tuple variant
     |
1    + use core::result::Result::Err;
     |

error[E0425]: cannot find function, tuple struct or tuple variant `Err` in this scope
    --> C:\Users\john\.cargo\registry\src\index.crates.io-1949cf8c6b5b557f\serde-1.0.219\src\de\impls.rs:1666:47
     |
1666 |                                       Err(_) => Err(Error::invalid_value(Unexpected::Bytes(value), &self)),
     |                                                 ^^^ not found in this scope
...
1726 | /             deserialize_enum! {
1727 | |                 IpAddr IpAddrKind (V4; b"V4"; 0, V6; b"V6"; 1)
1728 | |                 "`V4` or `V6`",
1729 | |                 deserializer
1730 | |             }
     | |_____________- in this macro invocation
     |
     = note: this error originates in the macro `variant_identifier` which comes from the expansion of the macro `deserialize_enum` (in Nightly builds, run with -Z macro-backtrace for more info)
help: consider importing this tuple variant
     |
1    + use core::result::Result::Err;
     |

error[E0412]: cannot find type `Result` in this scope
    --> C:\Users\john\.cargo\registry\src\index.crates.io-1949cf8c6b5b557f\serde-1.0.219\src\de\impls.rs:1701:48
     |
1701 |               fn visit_enum<A>(self, data: A) -> Result<Self::Value, A::Error>
     |                                                  ^^^^^^ not found in this scope
...
1726 | /             deserialize_enum! {
1727 | |                 IpAddr IpAddrKind (V4; b"V4"; 0, V6; b"V6"; 1)
1728 | |                 "`V4` or `V6`",
1729 | |                 deserializer
1730 | |             }
     | |_____________- in this macro invocation
     |
     = note: this error originates in the macro `deserialize_enum` (in Nightly builds, run with -Z macro-backtrace for more info)
help: consider importing one of these items
     |
1    + use core::fmt::Result;
     |
1    + use core::result::Result;
     |

error[E0531]: cannot find tuple struct or tuple variant `Ok` in this scope
    --> C:\Users\john\.cargo\registry\src\index.crates.io-1949cf8c6b5b557f\serde-1.0.219\src\lib.rs:298:13
     |
298  |               Ok(val) => val,
     |               ^^ not found in this scope
     |
    ::: C:\Users\john\.cargo\registry\src\index.crates.io-1949cf8c6b5b557f\serde-1.0.219\src\de\impls.rs:1726:13
     |
1726 | /             deserialize_enum! {
1727 | |                 IpAddr IpAddrKind (V4; b"V4"; 0, V6; b"V6"; 1)
1728 | |                 "`V4` or `V6`",
1729 | |                 deserializer
1730 | |             }
     | |_____________- in this macro invocation
     |
     = note: this error originates in the macro `tri` which comes from the expansion of the macro `deserialize_enum` (in Nightly builds, run with -Z macro-backtrace for more info)
help: consider importing this tuple variant
    -->  C:\Users\john\.cargo\registry\src\index.crates.io-1949cf8c6b5b557f\serde-1.0.219\src\de\impls.rs:1:1
     |
1    + use core::result::Result::Ok;
     |

error[E0531]: cannot find tuple struct or tuple variant `Err` in this scope
    --> C:\Users\john\.cargo\registry\src\index.crates.io-1949cf8c6b5b557f\serde-1.0.219\src\lib.rs:299:13
     |
299  |               Err(err) => return Err(err),
     |               ^^^ not found in this scope
     |
    ::: C:\Users\john\.cargo\registry\src\index.crates.io-1949cf8c6b5b557f\serde-1.0.219\src\de\impls.rs:1726:13
     |
1726 | /             deserialize_enum! {
1727 | |                 IpAddr IpAddrKind (V4; b"V4"; 0, V6; b"V6"; 1)
1728 | |                 "`V4` or `V6`",
1729 | |                 deserializer
1730 | |             }
     | |_____________- in this macro invocation
     |
     = note: this error originates in the macro `tri` which comes from the expansion of the macro `deserialize_enum` (in Nightly builds, run with -Z macro-backtrace for more info)
help: consider importing this tuple variant
    -->  C:\Users\john\.cargo\registry\src\index.crates.io-1949cf8c6b5b557f\serde-1.0.219\src\de\impls.rs:1:1
     |
1    + use core::result::Result::Err;
     |

error[E0425]: cannot find function, tuple struct or tuple variant `Err` in this scope
    --> C:\Users\john\.cargo\registry\src\index.crates.io-1949cf8c6b5b557f\serde-1.0.219\src\lib.rs:299:32
     |
299  |               Err(err) => return Err(err),
     |                                  ^^^
     |
    ::: C:\Users\john\.cargo\registry\src\index.crates.io-1949cf8c6b5b557f\serde-1.0.219\src\de\impls.rs:1726:13
     |
1726 | /             deserialize_enum! {
1727 | |                 IpAddr IpAddrKind (V4; b"V4"; 0, V6; b"V6"; 1)
1728 | |                 "`V4` or `V6`",
1729 | |                 deserializer
1730 | |             }
     | |_____________- in this macro invocation
     |
     = note: this error originates in the macro `tri` which comes from the expansion of the macro `deserialize_enum` (in Nightly builds, run with -Z macro-backtrace for more info)
help: a local variable with a similar name exists
     |
299  -             Err(err) => return Err(err),
299  +             Err(err) => return err(err),
     |
help: consider importing this tuple variant
    -->  C:\Users\john\.cargo\registry\src\index.crates.io-1949cf8c6b5b557f\serde-1.0.219\src\de\impls.rs:1:1
     |
1    + use core::result::Result::Err;
     |

error[E0412]: cannot find type `Result` in this scope
    --> C:\Users\john\.cargo\registry\src\index.crates.io-1949cf8c6b5b557f\serde-1.0.219\src\de\impls.rs:1590:51
     |
1590 |             fn deserialize<D>(deserializer: D) -> Result<Self, D::Error>
     |                                                   ^^^^^^ not found in this scope
...
1736 | parse_ip_impl!(net::Ipv4Addr, "IPv4 address", 4);
     | ------------------------------------------------ in this macro invocation
     |
     = note: this error originates in the macro `parse_ip_impl` (in Nightly builds, run with -Z macro-backtrace for more info)
help: consider importing one of these items
     |
1    + use core::fmt::Result;
     |
1    + use core::result::Result;
     |

error[E0412]: cannot find type `Result` in this scope
    --> C:\Users\john\.cargo\registry\src\index.crates.io-1949cf8c6b5b557f\serde-1.0.219\src\de\impls.rs:1590:51
     |
1590 |             fn deserialize<D>(deserializer: D) -> Result<Self, D::Error>
     |                                                   ^^^^^^ not found in this scope
...
1739 | parse_ip_impl!(net::Ipv6Addr, "IPv6 address", 16);
     | ------------------------------------------------- in this macro invocation
     |
     = note: this error originates in the macro `parse_ip_impl` (in Nightly builds, run with -Z macro-backtrace for more info)
help: consider importing one of these items
     |
1    + use core::fmt::Result;
     |
1    + use core::result::Result;
     |

error[E0412]: cannot find type `Result` in this scope
    --> C:\Users\john\.cargo\registry\src\index.crates.io-1949cf8c6b5b557f\serde-1.0.219\src\de\impls.rs:1764:43
     |
1764 |     fn deserialize<D>(deserializer: D) -> Result<Self, D::Error>
     |                                           ^^^^^^ not found in this scope
     |
help: consider importing one of these items
     |
1    + use core::fmt::Result;
     |
1    + use core::result::Result;
     |

error[E0412]: cannot find type `Result` in this scope
    --> C:\Users\john\.cargo\registry\src\index.crates.io-1949cf8c6b5b557f\serde-1.0.219\src\de\impls.rs:1618:51
     |
1618 |               fn deserialize<D>(deserializer: D) -> Result<Self, D::Error>
     |                                                     ^^^^^^ not found in this scope
...
1772 | /             deserialize_enum! {
1773 | |                 SocketAddr SocketAddrKind (V4; b"V4"; 0, V6; b"V6"; 1)
1774 | |                 "`V4` or `V6`",
1775 | |                 deserializer
1776 | |             }
     | |_____________- in this macro invocation
     |
     = note: this error originates in the macro `variant_identifier` which comes from the expansion of the macro `deserialize_enum` (in Nightly builds, run with -Z macro-backtrace for more info)
help: consider importing one of these items
     |
1    + use core::fmt::Result;
     |
1    + use core::result::Result;
     |

error[E0412]: cannot find type `Result` in this scope
    --> C:\Users\john\.cargo\registry\src\index.crates.io-1949cf8c6b5b557f\serde-1.0.219\src\de\impls.rs:1631:58
     |
1631 |                       fn visit_u64<E>(self, value: u64) -> Result<Self::Value, E>
     |                                                            ^^^^^^ not found in this scope
...
1772 | /             deserialize_enum! {
1773 | |                 SocketAddr SocketAddrKind (V4; b"V4"; 0, V6; b"V6"; 1)
1774 | |                 "`V4` or `V6`",
1775 | |                 deserializer
1776 | |             }
     | |_____________- in this macro invocation
     |
     = note: this error originates in the macro `variant_identifier` which comes from the expansion of the macro `deserialize_enum` (in Nightly builds, run with -Z macro-backtrace for more info)
help: consider importing one of these items
     |
1    + use core::fmt::Result;
     |
1    + use core::result::Result;
     |

error[E0425]: cannot find function, tuple struct or tuple variant `Ok` in this scope
    --> C:\Users\john\.cargo\registry\src\index.crates.io-1949cf8c6b5b557f\serde-1.0.219\src\de\impls.rs:1637:43
     |
1637 |                                   $index => Ok($name_kind :: $variant),
     |                                             ^^ not found in this scope
...
1772 | /             deserialize_enum! {
1773 | |                 SocketAddr SocketAddrKind (V4; b"V4"; 0, V6; b"V6"; 1)
1774 | |                 "`V4` or `V6`",
1775 | |                 deserializer
1776 | |             }
     | |_____________- in this macro invocation
     |
     = note: this error originates in the macro `variant_identifier` which comes from the expansion of the macro `deserialize_enum` (in Nightly builds, run with -Z macro-backtrace for more info)
help: consider importing this tuple variant
     |
1    + use core::result::Result::Ok;
     |

error[E0425]: cannot find function, tuple struct or tuple variant `Err` in this scope
    --> C:\Users\john\.cargo\registry\src\index.crates.io-1949cf8c6b5b557f\serde-1.0.219\src\de\impls.rs:1639:34
     |
1639 |                               _ => Err(Error::invalid_value(Unexpected::Unsigned(value), &self),),
     |                                    ^^^ not found in this scope
...
1772 | /             deserialize_enum! {
1773 | |                 SocketAddr SocketAddrKind (V4; b"V4"; 0, V6; b"V6"; 1)
1774 | |                 "`V4` or `V6`",
1775 | |                 deserializer
1776 | |             }
     | |_____________- in this macro invocation
     |
     = note: this error originates in the macro `variant_identifier` which comes from the expansion of the macro `deserialize_enum` (in Nightly builds, run with -Z macro-backtrace for more info)
help: consider importing this tuple variant
     |
1    + use core::result::Result::Err;
     |

error[E0412]: cannot find type `Result` in this scope
    --> C:\Users\john\.cargo\registry\src\index.crates.io-1949cf8c6b5b557f\serde-1.0.219\src\de\impls.rs:1643:59
     |
1643 |                       fn visit_str<E>(self, value: &str) -> Result<Self::Value, E>
     |                                                             ^^^^^^ not found in this scope
...
1772 | /             deserialize_enum! {
1773 | |                 SocketAddr SocketAddrKind (V4; b"V4"; 0, V6; b"V6"; 1)
1774 | |                 "`V4` or `V6`",
1775 | |                 deserializer
1776 | |             }
     | |_____________- in this macro invocation
     |
     = note: this error originates in the macro `variant_identifier` which comes from the expansion of the macro `deserialize_enum` (in Nightly builds, run with -Z macro-backtrace for more info)
help: consider importing one of these items
     |
1    + use core::fmt::Result;
     |
1    + use core::result::Result;
     |

error[E0425]: cannot find function, tuple struct or tuple variant `Ok` in this scope
    --> C:\Users\john\.cargo\registry\src\index.crates.io-1949cf8c6b5b557f\serde-1.0.219\src\de\impls.rs:1649:57
     |
1649 |                                   stringify!($variant) => Ok($name_kind :: $variant),
     |                                                           ^^ not found in this scope
...
1772 | /             deserialize_enum! {
1773 | |                 SocketAddr SocketAddrKind (V4; b"V4"; 0, V6; b"V6"; 1)
1774 | |                 "`V4` or `V6`",
1775 | |                 deserializer
1776 | |             }
     | |_____________- in this macro invocation
     |
     = note: this error originates in the macro `variant_identifier` which comes from the expansion of the macro `deserialize_enum` (in Nightly builds, run with -Z macro-backtrace for more info)
help: consider importing this tuple variant
     |
1    + use core::result::Result::Ok;
     |

error[E0425]: cannot find function, tuple struct or tuple variant `Err` in this scope
    --> C:\Users\john\.cargo\registry\src\index.crates.io-1949cf8c6b5b557f\serde-1.0.219\src\de\impls.rs:1651:34
     |
1651 |                               _ => Err(Error::unknown_variant(value, $variants_name)),
     |                                    ^^^ not found in this scope
...
1772 | /             deserialize_enum! {
1773 | |                 SocketAddr SocketAddrKind (V4; b"V4"; 0, V6; b"V6"; 1)
1774 | |                 "`V4` or `V6`",
1775 | |                 deserializer
1776 | |             }
     | |_____________- in this macro invocation
     |
     = note: this error originates in the macro `variant_identifier` which comes from the expansion of the macro `deserialize_enum` (in Nightly builds, run with -Z macro-backtrace for more info)
help: consider importing this tuple variant
     |
1    + use core::result::Result::Err;
     |

error[E0412]: cannot find type `Result` in this scope
    --> C:\Users\john\.cargo\registry\src\index.crates.io-1949cf8c6b5b557f\serde-1.0.219\src\de\impls.rs:1655:62
     |
1655 |                       fn visit_bytes<E>(self, value: &[u8]) -> Result<Self::Value, E>
     |                                                                ^^^^^^ not found in this scope
...
1772 | /             deserialize_enum! {
1773 | |                 SocketAddr SocketAddrKind (V4; b"V4"; 0, V6; b"V6"; 1)
1774 | |                 "`V4` or `V6`",
1775 | |                 deserializer
1776 | |             }
     | |_____________- in this macro invocation
     |
     = note: this error originates in the macro `variant_identifier` which comes from the expansion of the macro `deserialize_enum` (in Nightly builds, run with -Z macro-backtrace for more info)
help: consider importing one of these items
     |
1    + use core::fmt::Result;
     |
1    + use core::result::Result;
     |

error[E0425]: cannot find function, tuple struct or tuple variant `Ok` in this scope
    --> C:\Users\john\.cargo\registry\src\index.crates.io-1949cf8c6b5b557f\serde-1.0.219\src\de\impls.rs:1661:43
     |
1661 |                                   $bytes => Ok($name_kind :: $variant),
     |                                             ^^ not found in this scope
...
1772 | /             deserialize_enum! {
1773 | |                 SocketAddr SocketAddrKind (V4; b"V4"; 0, V6; b"V6"; 1)
1774 | |                 "`V4` or `V6`",
1775 | |                 deserializer
1776 | |             }
     | |_____________- in this macro invocation
     |
     = note: this error originates in the macro `variant_identifier` which comes from the expansion of the macro `deserialize_enum` (in Nightly builds, run with -Z macro-backtrace for more info)
help: consider importing this tuple variant
     |
1    + use core::result::Result::Ok;
     |

error[E0531]: cannot find tuple struct or tuple variant `Ok` in this scope
    --> C:\Users\john\.cargo\registry\src\index.crates.io-1949cf8c6b5b557f\serde-1.0.219\src\de\impls.rs:1665:37
     |
1665 |                                       Ok(value) => Err(Error::unknown_variant(value, $variants_name)),
     |                                       ^^ not found in this scope
...
1772 | /             deserialize_enum! {
1773 | |                 SocketAddr SocketAddrKind (V4; b"V4"; 0, V6; b"V6"; 1)
1774 | |                 "`V4` or `V6`",
1775 | |                 deserializer
1776 | |             }
     | |_____________- in this macro invocation
     |
     = note: this error originates in the macro `variant_identifier` which comes from the expansion of the macro `deserialize_enum` (in Nightly builds, run with -Z macro-backtrace for more info)
help: consider importing this tuple variant
     |
1    + use core::result::Result::Ok;
     |

error[E0425]: cannot find function, tuple struct or tuple variant `Err` in this scope
    --> C:\Users\john\.cargo\registry\src\index.crates.io-1949cf8c6b5b557f\serde-1.0.219\src\de\impls.rs:1665:50
     |
1665 |                                       Ok(value) => Err(Error::unknown_variant(value, $variants_name)),
     |                                                    ^^^ not found in this scope
...
1772 | /             deserialize_enum! {
1773 | |                 SocketAddr SocketAddrKind (V4; b"V4"; 0, V6; b"V6"; 1)
1774 | |                 "`V4` or `V6`",
1775 | |                 deserializer
1776 | |             }
     | |_____________- in this macro invocation
     |
     = note: this error originates in the macro `variant_identifier` which comes from the expansion of the macro `deserialize_enum` (in Nightly builds, run with -Z macro-backtrace for more info)
help: consider importing this tuple variant
     |
1    + use core::result::Result::Err;
     |

error[E0531]: cannot find tuple struct or tuple variant `Err` in this scope
    --> C:\Users\john\.cargo\registry\src\index.crates.io-1949cf8c6b5b557f\serde-1.0.219\src\de\impls.rs:1666:37
     |
1666 |                                       Err(_) => Err(Error::invalid_value(Unexpected::Bytes(value), &self)),
     |                                       ^^^ not found in this scope
...
1772 | /             deserialize_enum! {
1773 | |                 SocketAddr SocketAddrKind (V4; b"V4"; 0, V6; b"V6"; 1)
1774 | |                 "`V4` or `V6`",
1775 | |                 deserializer
1776 | |             }
     | |_____________- in this macro invocation
     |
     = note: this error originates in the macro `variant_identifier` which comes from the expansion of the macro `deserialize_enum` (in Nightly builds, run with -Z macro-backtrace for more info)
help: consider importing this tuple variant
     |
1    + use core::result::Result::Err;
     |

error[E0425]: cannot find function, tuple struct or tuple variant `Err` in this scope
    --> C:\Users\john\.cargo\registry\src\index.crates.io-1949cf8c6b5b557f\serde-1.0.219\src\de\impls.rs:1666:47
     |
1666 |                                       Err(_) => Err(Error::invalid_value(Unexpected::Bytes(value), &self)),
     |                                                 ^^^ not found in this scope
...
1772 | /             deserialize_enum! {
1773 | |                 SocketAddr SocketAddrKind (V4; b"V4"; 0, V6; b"V6"; 1)
1774 | |                 "`V4` or `V6`",
1775 | |                 deserializer
1776 | |             }
     | |_____________- in this macro invocation
     |
     = note: this error originates in the macro `variant_identifier` which comes from the expansion of the macro `deserialize_enum` (in Nightly builds, run with -Z macro-backtrace for more info)
help: consider importing this tuple variant
     |
1    + use core::result::Result::Err;
     |

error[E0412]: cannot find type `Result` in this scope
    --> C:\Users\john\.cargo\registry\src\index.crates.io-1949cf8c6b5b557f\serde-1.0.219\src\de\impls.rs:1701:48
     |
1701 |               fn visit_enum<A>(self, data: A) -> Result<Self::Value, A::Error>
     |                                                  ^^^^^^ not found in this scope
...
1772 | /             deserialize_enum! {
1773 | |                 SocketAddr SocketAddrKind (V4; b"V4"; 0, V6; b"V6"; 1)
1774 | |                 "`V4` or `V6`",
1775 | |                 deserializer
1776 | |             }
     | |_____________- in this macro invocation
     |
     = note: this error originates in the macro `deserialize_enum` (in Nightly builds, run with -Z macro-backtrace for more info)
help: consider importing one of these items
     |
1    + use core::fmt::Result;
     |
1    + use core::result::Result;
     |

error[E0531]: cannot find tuple struct or tuple variant `Ok` in this scope
    --> C:\Users\john\.cargo\registry\src\index.crates.io-1949cf8c6b5b557f\serde-1.0.219\src\lib.rs:298:13
     |
298  |               Ok(val) => val,
     |               ^^ not found in this scope
     |
    ::: C:\Users\john\.cargo\registry\src\index.crates.io-1949cf8c6b5b557f\serde-1.0.219\src\de\impls.rs:1772:13
     |
1772 | /             deserialize_enum! {
1773 | |                 SocketAddr SocketAddrKind (V4; b"V4"; 0, V6; b"V6"; 1)
1774 | |                 "`V4` or `V6`",
1775 | |                 deserializer
1776 | |             }
     | |_____________- in this macro invocation
     |
     = note: this error originates in the macro `tri` which comes from the expansion of the macro `deserialize_enum` (in Nightly builds, run with -Z macro-backtrace for more info)
help: consider importing this tuple variant
    -->  C:\Users\john\.cargo\registry\src\index.crates.io-1949cf8c6b5b557f\serde-1.0.219\src\de\impls.rs:1:1
     |
1    + use core::result::Result::Ok;
     |

error[E0531]: cannot find tuple struct or tuple variant `Err` in this scope
    --> C:\Users\john\.cargo\registry\src\index.crates.io-1949cf8c6b5b557f\serde-1.0.219\src\lib.rs:299:13
     |
299  |               Err(err) => return Err(err),
     |               ^^^ not found in this scope
     |
    ::: C:\Users\john\.cargo\registry\src\index.crates.io-1949cf8c6b5b557f\serde-1.0.219\src\de\impls.rs:1772:13
     |
1772 | /             deserialize_enum! {
1773 | |                 SocketAddr SocketAddrKind (V4; b"V4"; 0, V6; b"V6"; 1)
1774 | |                 "`V4` or `V6`",
1775 | |                 deserializer
1776 | |             }
     | |_____________- in this macro invocation
     |
     = note: this error originates in the macro `tri` which comes from the expansion of the macro `deserialize_enum` (in Nightly builds, run with -Z macro-backtrace for more info)
help: consider importing this tuple variant
    -->  C:\Users\john\.cargo\registry\src\index.crates.io-1949cf8c6b5b557f\serde-1.0.219\src\de\impls.rs:1:1
     |
1    + use core::result::Result::Err;
     |

error[E0425]: cannot find function, tuple struct or tuple variant `Err` in this scope
    --> C:\Users\john\.cargo\registry\src\index.crates.io-1949cf8c6b5b557f\serde-1.0.219\src\lib.rs:299:32
     |
299  |               Err(err) => return Err(err),
     |                                  ^^^
     |
    ::: C:\Users\john\.cargo\registry\src\index.crates.io-1949cf8c6b5b557f\serde-1.0.219\src\de\impls.rs:1772:13
     |
1772 | /             deserialize_enum! {
1773 | |                 SocketAddr SocketAddrKind (V4; b"V4"; 0, V6; b"V6"; 1)
1774 | |                 "`V4` or `V6`",
1775 | |                 deserializer
1776 | |             }
     | |_____________- in this macro invocation
     |
     = note: this error originates in the macro `tri` which comes from the expansion of the macro `deserialize_enum` (in Nightly builds, run with -Z macro-backtrace for more info)
help: a local variable with a similar name exists
     |
299  -             Err(err) => return Err(err),
299  +             Err(err) => return err(err),
     |
help: consider importing this tuple variant
    -->  C:\Users\john\.cargo\registry\src\index.crates.io-1949cf8c6b5b557f\serde-1.0.219\src\de\impls.rs:1:1
     |
1    + use core::result::Result::Err;
     |

error[E0412]: cannot find type `Result` in this scope
    --> C:\Users\john\.cargo\registry\src\index.crates.io-1949cf8c6b5b557f\serde-1.0.219\src\de\impls.rs:1748:51
     |
1748 |               fn deserialize<D>(deserializer: D) -> Result<Self, D::Error>
     |                                                     ^^^^^^ not found in this scope
...
1782 | / parse_socket_impl! {
1783 | |     net::SocketAddrV4, "IPv4 socket address",
1784 | |     |(ip, port)| net::SocketAddrV4::new(ip, port),
1785 | | }
     | |_- in this macro invocation
     |
     = note: this error originates in the macro `parse_socket_impl` (in Nightly builds, run with -Z macro-backtrace for more info)
help: consider importing one of these items
     |
1    + use core::fmt::Result;
     |
1    + use core::result::Result;
     |

error[E0412]: cannot find type `Result` in this scope
    --> C:\Users\john\.cargo\registry\src\index.crates.io-1949cf8c6b5b557f\serde-1.0.219\src\de\impls.rs:1748:51
     |
1748 |               fn deserialize<D>(deserializer: D) -> Result<Self, D::Error>
     |                                                     ^^^^^^ not found in this scope
...
1788 | / parse_socket_impl! {
1789 | |     net::SocketAddrV6, "IPv6 socket address",
1790 | |     |(ip, port)| net::SocketAddrV6::new(ip, port, 0, 0),
1791 | | }
     | |_- in this macro invocation
     |
     = note: this error originates in the macro `parse_socket_impl` (in Nightly builds, run with -Z macro-backtrace for more info)
help: consider importing one of these items
     |
1    + use core::fmt::Result;
     |
1    + use core::result::Result;
     |

error[E0412]: cannot find type `Result` in this scope
    --> C:\Users\john\.cargo\registry\src\index.crates.io-1949cf8c6b5b557f\serde-1.0.219\src\de\impls.rs:1806:51
     |
1806 |     fn visit_borrowed_str<E>(self, v: &'a str) -> Result<Self::Value, E>
     |                                                   ^^^^^^ not found in this scope
     |
help: consider importing one of these items
     |
1    + use core::fmt::Result;
     |
1    + use core::result::Result;
     |

error[E0425]: cannot find function, tuple struct or tuple variant `Ok` in this scope
    --> C:\Users\john\.cargo\registry\src\index.crates.io-1949cf8c6b5b557f\serde-1.0.219\src\de\impls.rs:1810:9
     |
1810 |         Ok(v.as_ref())
     |         ^^ not found in this scope
     |
help: consider importing this tuple variant
     |
1    + use core::result::Result::Ok;
     |

error[E0412]: cannot find type `Result` in this scope
    --> C:\Users\john\.cargo\registry\src\index.crates.io-1949cf8c6b5b557f\serde-1.0.219\src\de\impls.rs:1813:54
     |
1813 |     fn visit_borrowed_bytes<E>(self, v: &'a [u8]) -> Result<Self::Value, E>
     |                                                      ^^^^^^ not found in this scope
     |
help: consider importing one of these items
     |
1    + use core::fmt::Result;
     |
1    + use core::result::Result;
     |

error[E0433]: failed to resolve: use of undeclared type `AsRef`
    --> C:\Users\john\.cargo\registry\src\index.crates.io-1949cf8c6b5b557f\serde-1.0.219\src\de\impls.rs:1818:18
     |
1818 |             .map(AsRef::as_ref)
     |                  ^^^^^ use of undeclared type `AsRef`
     |
help: consider importing this trait
     |
1    + use core::convert::AsRef;
     |

error[E0412]: cannot find type `Result` in this scope
    --> C:\Users\john\.cargo\registry\src\index.crates.io-1949cf8c6b5b557f\serde-1.0.219\src\de\impls.rs:1826:43
     |
1826 |     fn deserialize<D>(deserializer: D) -> Result<Self, D::Error>
     |                                           ^^^^^^ not found in this scope
     |
help: consider importing one of these items
     |
1    + use core::fmt::Result;
     |
1    + use core::result::Result;
     |

error[E0412]: cannot find type `Result` in this scope
    --> C:\Users\john\.cargo\registry\src\index.crates.io-1949cf8c6b5b557f\serde-1.0.219\src\de\impls.rs:1845:39
     |
1845 |     fn visit_str<E>(self, v: &str) -> Result<Self::Value, E>
     |                                       ^^^^^^ not found in this scope
     |
help: consider importing one of these items
     |
1    + use core::fmt::Result;
     |
1    + use core::result::Result;
     |

error[E0425]: cannot find function, tuple struct or tuple variant `Ok` in this scope
    --> C:\Users\john\.cargo\registry\src\index.crates.io-1949cf8c6b5b557f\serde-1.0.219\src\de\impls.rs:1849:9
     |
1849 |         Ok(From::from(v))
     |         ^^ not found in this scope
     |
help: consider importing this tuple variant
     |
1    + use core::result::Result::Ok;
     |

error[E0433]: failed to resolve: use of undeclared type `From`
    --> C:\Users\john\.cargo\registry\src\index.crates.io-1949cf8c6b5b557f\serde-1.0.219\src\de\impls.rs:1849:12
     |
1849 |         Ok(From::from(v))
     |            ^^^^ use of undeclared type `From`
     |
help: consider importing this trait
     |
1    + use core::convert::From;
     |

error[E0412]: cannot find type `Result` in this scope
    --> C:\Users\john\.cargo\registry\src\index.crates.io-1949cf8c6b5b557f\serde-1.0.219\src\de\impls.rs:1852:44
     |
1852 |     fn visit_string<E>(self, v: String) -> Result<Self::Value, E>
     |                                            ^^^^^^ not found in this scope
     |
help: consider importing one of these items
     |
1    + use core::fmt::Result;
     |
1    + use core::result::Result;
     |

error[E0425]: cannot find function, tuple struct or tuple variant `Ok` in this scope
    --> C:\Users\john\.cargo\registry\src\index.crates.io-1949cf8c6b5b557f\serde-1.0.219\src\de\impls.rs:1856:9
     |
1856 |         Ok(From::from(v))
     |         ^^ not found in this scope
     |
help: consider importing this tuple variant
     |
1    + use core::result::Result::Ok;
     |

error[E0433]: failed to resolve: use of undeclared type `From`
    --> C:\Users\john\.cargo\registry\src\index.crates.io-1949cf8c6b5b557f\serde-1.0.219\src\de\impls.rs:1856:12
     |
1856 |         Ok(From::from(v))
     |            ^^^^ use of undeclared type `From`
     |
help: consider importing this trait
     |
1    + use core::convert::From;
     |

error[E0412]: cannot find type `Result` in this scope
    --> C:\Users\john\.cargo\registry\src\index.crates.io-1949cf8c6b5b557f\serde-1.0.219\src\de\impls.rs:1859:42
     |
1859 |     fn visit_bytes<E>(self, v: &[u8]) -> Result<Self::Value, E>
     |                                          ^^^^^^ not found in this scope
     |
help: consider importing one of these items
     |
1    + use core::fmt::Result;
     |
1    + use core::result::Result;
     |

error[E0433]: failed to resolve: use of undeclared type `From`
    --> C:\Users\john\.cargo\registry\src\index.crates.io-1949cf8c6b5b557f\serde-1.0.219\src\de\impls.rs:1864:18
     |
1864 |             .map(From::from)
     |                  ^^^^ use of undeclared type `From`
     |
help: consider importing this trait
     |
1    + use core::convert::From;
     |

error[E0412]: cannot find type `Result` in this scope
    --> C:\Users\john\.cargo\registry\src\index.crates.io-1949cf8c6b5b557f\serde-1.0.219\src\de\impls.rs:1868:47
     |
1868 |     fn visit_byte_buf<E>(self, v: Vec<u8>) -> Result<Self::Value, E>
     |                                               ^^^^^^ not found in this scope
     |
help: consider importing one of these items
     |
1    + use core::fmt::Result;
     |
1    + use core::result::Result;
     |

error[E0433]: failed to resolve: use of undeclared type `From`
    --> C:\Users\john\.cargo\registry\src\index.crates.io-1949cf8c6b5b557f\serde-1.0.219\src\de\impls.rs:1873:18
     |
1873 |             .map(From::from)
     |                  ^^^^ use of undeclared type `From`
     |
help: consider importing this trait
     |
1    + use core::convert::From;
     |

error[E0412]: cannot find type `Result` in this scope
    --> C:\Users\john\.cargo\registry\src\index.crates.io-1949cf8c6b5b557f\serde-1.0.219\src\de\impls.rs:1881:43
     |
1881 |     fn deserialize<D>(deserializer: D) -> Result<Self, D::Error>
     |                                           ^^^^^^ not found in this scope
     |
help: consider importing one of these items
     |
1    + use core::fmt::Result;
     |
1    + use core::result::Result;
     |

error[E0412]: cannot find type `Result` in this scope
    --> C:\Users\john\.cargo\registry\src\index.crates.io-1949cf8c6b5b557f\serde-1.0.219\src\de\impls.rs:859:51
     |
859  |               fn deserialize<D>(deserializer: D) -> Result<Self, D::Error>
     |                                                     ^^^^^^ not found in this scope
...
1889 | / forwarded_impl! {
1890 | |     #[cfg(feature = "std")]
1891 | |     #[cfg_attr(docsrs, doc(cfg(feature = "std")))]
1892 | |     (), Box<Path>, PathBuf::into_boxed_path
1893 | | }
     | |_- in this macro invocation
     |
     = note: this error originates in the macro `forwarded_impl` (in Nightly builds, run with -Z macro-backtrace for more info)
help: consider importing one of these items
     |
1    + use core::fmt::Result;
     |
1    + use core::result::Result;
     |

error[E0412]: cannot find type `Result` in this scope
    --> C:\Users\john\.cargo\registry\src\index.crates.io-1949cf8c6b5b557f\serde-1.0.219\src\de\impls.rs:859:51
     |
859  |               fn deserialize<D>(deserializer: D) -> Result<Self, D::Error>
     |                                                     ^^^^^^ not found in this scope
...
1965 | / forwarded_impl! {
1966 | |     #[cfg(any(feature = "std", feature = "alloc"))]
1967 | |     #[cfg_attr(docsrs, doc(cfg(any(feature = "std", feature = "alloc"))))]
1968 | |     (T), Box<T>, Box::new
1969 | | }
     | |_- in this macro invocation
     |
     = note: this error originates in the macro `forwarded_impl` (in Nightly builds, run with -Z macro-backtrace for more info)
help: consider importing one of these items
     |
1    + use core::fmt::Result;
     |
1    + use core::result::Result;
     |

error[E0412]: cannot find type `Result` in this scope
    --> C:\Users\john\.cargo\registry\src\index.crates.io-1949cf8c6b5b557f\serde-1.0.219\src\de\impls.rs:859:51
     |
859  |               fn deserialize<D>(deserializer: D) -> Result<Self, D::Error>
     |                                                     ^^^^^^ not found in this scope
...
1971 | / forwarded_impl! {
1972 | |     #[cfg(any(feature = "std", feature = "alloc"))]
1973 | |     #[cfg_attr(docsrs, doc(cfg(any(feature = "std", feature = "alloc"))))]
1974 | |     (T), Box<[T]>, Vec::into_boxed_slice
1975 | | }
     | |_- in this macro invocation
     |
     = note: this error originates in the macro `forwarded_impl` (in Nightly builds, run with -Z macro-backtrace for more info)
help: consider importing one of these items
     |
1    + use core::fmt::Result;
     |
1    + use core::result::Result;
     |

error[E0412]: cannot find type `Result` in this scope
    --> C:\Users\john\.cargo\registry\src\index.crates.io-1949cf8c6b5b557f\serde-1.0.219\src\de\impls.rs:859:51
     |
859  |               fn deserialize<D>(deserializer: D) -> Result<Self, D::Error>
     |                                                     ^^^^^^ not found in this scope
...
1977 | / forwarded_impl! {
1978 | |     #[cfg(any(feature = "std", feature = "alloc"))]
1979 | |     #[cfg_attr(docsrs, doc(cfg(any(feature = "std", feature = "alloc"))))]
1980 | |     (), Box<str>, String::into_boxed_str
1981 | | }
     | |_- in this macro invocation
     |
     = note: this error originates in the macro `forwarded_impl` (in Nightly builds, run with -Z macro-backtrace for more info)
help: consider importing one of these items
     |
1    + use core::fmt::Result;
     |
1    + use core::result::Result;
     |

error[E0405]: cannot find trait `Sized` in this scope
    --> C:\Users\john\.cargo\registry\src\index.crates.io-1949cf8c6b5b557f\serde-1.0.219\src\de\impls.rs:1993:9
     |
1993 |     T: ?Sized + ToOwned,
     |         ^^^^^ not found in this scope
     |
help: consider importing this trait
     |
1    + use core::marker::Sized;
     |

error[E0412]: cannot find type `Result` in this scope
    --> C:\Users\john\.cargo\registry\src\index.crates.io-1949cf8c6b5b557f\serde-1.0.219\src\de\impls.rs:1997:43
     |
1997 |     fn deserialize<D>(deserializer: D) -> Result<Self, D::Error>
     |                                           ^^^^^^ not found in this scope
     |
help: consider importing one of these items
     |
1    + use core::fmt::Result;
     |
1    + use core::result::Result;
     |

error[E0405]: cannot find trait `Copy` in this scope
    --> C:\Users\john\.cargo\registry\src\index.crates.io-1949cf8c6b5b557f\serde-1.0.219\src\de\impls.rs:2104:27
     |
2104 |     T: Deserialize<'de> + Copy,
     |                           ^^^^ not found in this scope
     |
help: consider importing this trait
     |
1    + use core::marker::Copy;
     |

error[E0412]: cannot find type `Result` in this scope
    --> C:\Users\john\.cargo\registry\src\index.crates.io-1949cf8c6b5b557f\serde-1.0.219\src\de\impls.rs:2106:43
     |
2106 |     fn deserialize<D>(deserializer: D) -> Result<Self, D::Error>
     |                                           ^^^^^^ not found in this scope
     |
help: consider importing one of these items
     |
1    + use core::fmt::Result;
     |
1    + use core::result::Result;
     |

error[E0412]: cannot find type `Result` in this scope
    --> C:\Users\john\.cargo\registry\src\index.crates.io-1949cf8c6b5b557f\serde-1.0.219\src\de\impls.rs:859:51
     |
859  |               fn deserialize<D>(deserializer: D) -> Result<Self, D::Error>
     |                                                     ^^^^^^ not found in this scope
...
2114 | / forwarded_impl! {
2115 | |     (T), RefCell<T>, RefCell::new
2116 | | }
     | |_- in this macro invocation
     |
     = note: this error originates in the macro `forwarded_impl` (in Nightly builds, run with -Z macro-backtrace for more info)
help: consider importing one of these items
     |
1    + use core::fmt::Result;
     |
1    + use core::result::Result;
     |

error[E0412]: cannot find type `Result` in this scope
    --> C:\Users\john\.cargo\registry\src\index.crates.io-1949cf8c6b5b557f\serde-1.0.219\src\de\impls.rs:859:51
     |
859  |               fn deserialize<D>(deserializer: D) -> Result<Self, D::Error>
     |                                                     ^^^^^^ not found in this scope
...
2118 | / forwarded_impl! {
2119 | |     #[cfg(feature = "std")]
2120 | |     #[cfg_attr(docsrs, doc(cfg(feature = "std")))]
2121 | |     (T), Mutex<T>, Mutex::new
2122 | | }
     | |_- in this macro invocation
     |
     = note: this error originates in the macro `forwarded_impl` (in Nightly builds, run with -Z macro-backtrace for more info)
help: consider importing one of these items
     |
1    + use core::fmt::Result;
     |
1    + use core::result::Result;
     |

error[E0412]: cannot find type `Result` in this scope
    --> C:\Users\john\.cargo\registry\src\index.crates.io-1949cf8c6b5b557f\serde-1.0.219\src\de\impls.rs:859:51
     |
859  |               fn deserialize<D>(deserializer: D) -> Result<Self, D::Error>
     |                                                     ^^^^^^ not found in this scope
...
2124 | / forwarded_impl! {
2125 | |     #[cfg(feature = "std")]
2126 | |     #[cfg_attr(docsrs, doc(cfg(feature = "std")))]
2127 | |     (T), RwLock<T>, RwLock::new
2128 | | }
     | |_- in this macro invocation
     |
     = note: this error originates in the macro `forwarded_impl` (in Nightly builds, run with -Z macro-backtrace for more info)
help: consider importing one of these items
     |
1    + use core::fmt::Result;
     |
1    + use core::result::Result;
     |

error[E0412]: cannot find type `Result` in this scope
    --> C:\Users\john\.cargo\registry\src\index.crates.io-1949cf8c6b5b557f\serde-1.0.219\src\de\impls.rs:2141:43
     |
2141 |     fn deserialize<D>(deserializer: D) -> Result<Self, D::Error>
     |                                           ^^^^^^ not found in this scope
     |
help: consider importing one of these items
     |
1    + use core::fmt::Result;
     |
1    + use core::result::Result;
     |

error[E0412]: cannot find type `Result` in this scope
    --> C:\Users\john\.cargo\registry\src\index.crates.io-1949cf8c6b5b557f\serde-1.0.219\src\de\impls.rs:2155:51
     |
2155 |             fn deserialize<D>(deserializer: D) -> Result<Self, D::Error>
     |                                                   ^^^^^^ not found in this scope
     |
help: consider importing one of these items
     |
1    + use core::fmt::Result;
     |
1    + use core::result::Result;
     |

error[E0412]: cannot find type `Result` in this scope
    --> C:\Users\john\.cargo\registry\src\index.crates.io-1949cf8c6b5b557f\serde-1.0.219\src\de\impls.rs:2168:59
     |
2168 |                     fn visit_str<E>(self, value: &str) -> Result<Self::Value, E>
     |                                                           ^^^^^^ not found in this scope
     |
help: consider importing one of these items
     |
1    + use core::fmt::Result;
     |
1    + use core::result::Result;
     |

error[E0425]: cannot find function, tuple struct or tuple variant `Ok` in this scope
    --> C:\Users\john\.cargo\registry\src\index.crates.io-1949cf8c6b5b557f\serde-1.0.219\src\de\impls.rs:2173:39
     |
2173 | ...                   "secs" => Ok(Field::Secs),
     |                                 ^^ not found in this scope
     |
help: consider importing this tuple variant
     |
1    + use core::result::Result::Ok;
     |

error[E0425]: cannot find function, tuple struct or tuple variant `Ok` in this scope
    --> C:\Users\john\.cargo\registry\src\index.crates.io-1949cf8c6b5b557f\serde-1.0.219\src\de\impls.rs:2174:40
     |
2174 | ...                   "nanos" => Ok(Field::Nanos),
     |                                  ^^ not found in this scope
     |
help: consider importing this tuple variant
     |
1    + use core::result::Result::Ok;
     |

error[E0425]: cannot find function, tuple struct or tuple variant `Err` in this scope
    --> C:\Users\john\.cargo\registry\src\index.crates.io-1949cf8c6b5b557f\serde-1.0.219\src\de\impls.rs:2175:34
     |
2175 | ...                   _ => Err(Error::unknown_field(value, FIELDS)),
     |                            ^^^ not found in this scope
     |
help: consider importing this tuple variant
     |
1    + use core::result::Result::Err;
     |

error[E0412]: cannot find type `Result` in this scope
    --> C:\Users\john\.cargo\registry\src\index.crates.io-1949cf8c6b5b557f\serde-1.0.219\src\de\impls.rs:2179:62
     |
2179 |                     fn visit_bytes<E>(self, value: &[u8]) -> Result<Self::Value, E>
     |                                                              ^^^^^^ not found in this scope
     |
help: consider importing one of these items
     |
1    + use core::fmt::Result;
     |
1    + use core::result::Result;
     |

error[E0425]: cannot find function, tuple struct or tuple variant `Ok` in this scope
    --> C:\Users\john\.cargo\registry\src\index.crates.io-1949cf8c6b5b557f\serde-1.0.219\src\de\impls.rs:2184:40
     |
2184 | ...                   b"secs" => Ok(Field::Secs),
     |                                  ^^ not found in this scope
     |
help: consider importing this tuple variant
     |
1    + use core::result::Result::Ok;
     |

error[E0425]: cannot find function, tuple struct or tuple variant `Ok` in this scope
    --> C:\Users\john\.cargo\registry\src\index.crates.io-1949cf8c6b5b557f\serde-1.0.219\src\de\impls.rs:2185:41
     |
2185 | ...                   b"nanos" => Ok(Field::Nanos),
     |                                   ^^ not found in this scope
     |
help: consider importing this tuple variant
     |
1    + use core::result::Result::Ok;
     |

error[E0425]: cannot find function, tuple struct or tuple variant `Err` in this scope
    --> C:\Users\john\.cargo\registry\src\index.crates.io-1949cf8c6b5b557f\serde-1.0.219\src\de\impls.rs:2188:33
     |
2188 | ...                   Err(Error::unknown_field(&*value, FIELDS))
     |                       ^^^ not found in this scope
     |
help: consider importing this tuple variant
     |
1    + use core::result::Result::Err;
     |

error[E0412]: cannot find type `Result` in this scope
    --> C:\Users\john\.cargo\registry\src\index.crates.io-1949cf8c6b5b557f\serde-1.0.219\src\de\impls.rs:2198:56
     |
2198 |         fn check_overflow<E>(secs: u64, nanos: u32) -> Result<(), E>
     |                                                        ^^^^^^ not found in this scope
     |
help: consider importing one of these items
     |
1    + use core::fmt::Result;
     |
1    + use core::result::Result;
     |

error[E0531]: cannot find tuple struct or tuple variant `Some` in this scope
    --> C:\Users\john\.cargo\registry\src\index.crates.io-1949cf8c6b5b557f\serde-1.0.219\src\de\impls.rs:2204:17
     |
2204 |                 Some(_) => Ok(()),
     |                 ^^^^ not found in this scope
     |
note: tuple variant `crate::__private::ser::content::Content::Some` exists but is inaccessible
    --> C:\Users\john\.cargo\registry\src\index.crates.io-1949cf8c6b5b557f\serde-1.0.219\src\private\ser.rs:443:9
     |
443  |         Some(Box<Content>),
     |         ^^^^^^^^^^^^^^^^^^ not accessible
help: consider importing one of these tuple variants
     |
1    + use crate::__private::de::Content::Some;
     |
1    + use core::option::Option::Some;
     |

error[E0425]: cannot find function, tuple struct or tuple variant `Ok` in this scope
    --> C:\Users\john\.cargo\registry\src\index.crates.io-1949cf8c6b5b557f\serde-1.0.219\src\de\impls.rs:2204:28
     |
2204 |                 Some(_) => Ok(()),
     |                            ^^ not found in this scope
     |
help: consider importing this tuple variant
     |
1    + use core::result::Result::Ok;
     |

error[E0425]: cannot find function, tuple struct or tuple variant `Err` in this scope
    --> C:\Users\john\.cargo\registry\src\index.crates.io-1949cf8c6b5b557f\serde-1.0.219\src\de\impls.rs:2205:25
     |
2205 |                 None => Err(E::custom("overflow deserializing Duration")),
     |                         ^^^ not found in this scope
     |
help: consider importing this tuple variant
     |
1    + use core::result::Result::Err;
     |

error[E0412]: cannot find type `Result` in this scope
    --> C:\Users\john\.cargo\registry\src\index.crates.io-1949cf8c6b5b557f\serde-1.0.219\src\de\impls.rs:2218:50
     |
2218 |             fn visit_seq<A>(self, mut seq: A) -> Result<Self::Value, A::Error>
     |                                                  ^^^^^^ not found in this scope
     |
help: consider importing one of these items
     |
1    + use core::fmt::Result;
     |
1    + use core::result::Result;
     |

error[E0531]: cannot find tuple struct or tuple variant `Ok` in this scope
    --> C:\Users\john\.cargo\registry\src\index.crates.io-1949cf8c6b5b557f\serde-1.0.219\src\lib.rs:298:13
     |
298  |             Ok(val) => val,
     |             ^^ not found in this scope
     |
    ::: C:\Users\john\.cargo\registry\src\index.crates.io-1949cf8c6b5b557f\serde-1.0.219\src\de\impls.rs:2222:39
     |
2222 |                 let secs: u64 = match tri!(seq.next_element()) {
     |                                       ------------------------ in this macro invocation
     |
     = note: this error originates in the macro `tri` (in Nightly builds, run with -Z macro-backtrace for more info)
help: consider importing this tuple variant
    -->  C:\Users\john\.cargo\registry\src\index.crates.io-1949cf8c6b5b557f\serde-1.0.219\src\de\impls.rs:1:1
     |
1    + use core::result::Result::Ok;
     |

error[E0531]: cannot find tuple struct or tuple variant `Err` in this scope
    --> C:\Users\john\.cargo\registry\src\index.crates.io-1949cf8c6b5b557f\serde-1.0.219\src\lib.rs:299:13
     |
299  |             Err(err) => return Err(err),
     |             ^^^ not found in this scope
     |
    ::: C:\Users\john\.cargo\registry\src\index.crates.io-1949cf8c6b5b557f\serde-1.0.219\src\de\impls.rs:2222:39
     |
2222 |                 let secs: u64 = match tri!(seq.next_element()) {
     |                                       ------------------------ in this macro invocation
     |
     = note: this error originates in the macro `tri` (in Nightly builds, run with -Z macro-backtrace for more info)
help: consider importing this tuple variant
    -->  C:\Users\john\.cargo\registry\src\index.crates.io-1949cf8c6b5b557f\serde-1.0.219\src\de\impls.rs:1:1
     |
1    + use core::result::Result::Err;
     |

error[E0425]: cannot find function, tuple struct or tuple variant `Err` in this scope
    --> C:\Users\john\.cargo\registry\src\index.crates.io-1949cf8c6b5b557f\serde-1.0.219\src\lib.rs:299:32
     |
299  |             Err(err) => return Err(err),
     |                                ^^^
     |
    ::: C:\Users\john\.cargo\registry\src\index.crates.io-1949cf8c6b5b557f\serde-1.0.219\src\de\impls.rs:2222:39
     |
2222 |                 let secs: u64 = match tri!(seq.next_element()) {
     |                                       ------------------------ in this macro invocation
     |
     = note: this error originates in the macro `tri` (in Nightly builds, run with -Z macro-backtrace for more info)
help: a local variable with a similar name exists
     |
299  -             Err(err) => return Err(err),
299  +             Err(err) => return err(err),
     |
help: consider importing this tuple variant
    -->  C:\Users\john\.cargo\registry\src\index.crates.io-1949cf8c6b5b557f\serde-1.0.219\src\de\impls.rs:1:1
     |
1    + use core::result::Result::Err;
     |

error[E0531]: cannot find tuple struct or tuple variant `Some` in this scope
    --> C:\Users\john\.cargo\registry\src\index.crates.io-1949cf8c6b5b557f\serde-1.0.219\src\de\impls.rs:2223:21
     |
2223 |                     Some(value) => value,
     |                     ^^^^ not found in this scope
     |
note: tuple variant `crate::__private::ser::content::Content::Some` exists but is inaccessible
    --> C:\Users\john\.cargo\registry\src\index.crates.io-1949cf8c6b5b557f\serde-1.0.219\src\private\ser.rs:443:9
     |
443  |         Some(Box<Content>),
     |         ^^^^^^^^^^^^^^^^^^ not accessible
help: consider importing one of these tuple variants
     |
1    + use crate::__private::de::Content::Some;
     |
1    + use core::option::Option::Some;
     |

error[E0425]: cannot find function, tuple struct or tuple variant `Err` in this scope
    --> C:\Users\john\.cargo\registry\src\index.crates.io-1949cf8c6b5b557f\serde-1.0.219\src\de\impls.rs:2225:32
     |
2225 |                         return Err(Error::invalid_length(0, &self));
     |                                ^^^ not found in this scope
     |
help: consider importing this tuple variant
     |
1    + use core::result::Result::Err;
     |

error[E0531]: cannot find tuple struct or tuple variant `Ok` in this scope
    --> C:\Users\john\.cargo\registry\src\index.crates.io-1949cf8c6b5b557f\serde-1.0.219\src\lib.rs:298:13
     |
298  |             Ok(val) => val,
     |             ^^ not found in this scope
     |
    ::: C:\Users\john\.cargo\registry\src\index.crates.io-1949cf8c6b5b557f\serde-1.0.219\src\de\impls.rs:2228:40
     |
2228 |                 let nanos: u32 = match tri!(seq.next_element()) {
     |                                        ------------------------ in this macro invocation
     |
     = note: this error originates in the macro `tri` (in Nightly builds, run with -Z macro-backtrace for more info)
help: consider importing this tuple variant
    -->  C:\Users\john\.cargo\registry\src\index.crates.io-1949cf8c6b5b557f\serde-1.0.219\src\de\impls.rs:1:1
     |
1    + use core::result::Result::Ok;
     |

error[E0531]: cannot find tuple struct or tuple variant `Err` in this scope
    --> C:\Users\john\.cargo\registry\src\index.crates.io-1949cf8c6b5b557f\serde-1.0.219\src\lib.rs:299:13
     |
299  |             Err(err) => return Err(err),
     |             ^^^ not found in this scope
     |
    ::: C:\Users\john\.cargo\registry\src\index.crates.io-1949cf8c6b5b557f\serde-1.0.219\src\de\impls.rs:2228:40
     |
2228 |                 let nanos: u32 = match tri!(seq.next_element()) {
     |                                        ------------------------ in this macro invocation
     |
     = note: this error originates in the macro `tri` (in Nightly builds, run with -Z macro-backtrace for more info)
help: consider importing this tuple variant
    -->  C:\Users\john\.cargo\registry\src\index.crates.io-1949cf8c6b5b557f\serde-1.0.219\src\de\impls.rs:1:1
     |
1    + use core::result::Result::Err;
     |

error[E0425]: cannot find function, tuple struct or tuple variant `Err` in this scope
    --> C:\Users\john\.cargo\registry\src\index.crates.io-1949cf8c6b5b557f\serde-1.0.219\src\lib.rs:299:32
     |
299  |             Err(err) => return Err(err),
     |                                ^^^
     |
    ::: C:\Users\john\.cargo\registry\src\index.crates.io-1949cf8c6b5b557f\serde-1.0.219\src\de\impls.rs:2228:40
     |
2228 |                 let nanos: u32 = match tri!(seq.next_element()) {
     |                                        ------------------------ in this macro invocation
     |
     = note: this error originates in the macro `tri` (in Nightly builds, run with -Z macro-backtrace for more info)
help: a local variable with a similar name exists
     |
299  -             Err(err) => return Err(err),
299  +             Err(err) => return err(err),
     |
help: consider importing this tuple variant
    -->  C:\Users\john\.cargo\registry\src\index.crates.io-1949cf8c6b5b557f\serde-1.0.219\src\de\impls.rs:1:1
     |
1    + use core::result::Result::Err;
     |

error[E0531]: cannot find tuple struct or tuple variant `Some` in this scope
    --> C:\Users\john\.cargo\registry\src\index.crates.io-1949cf8c6b5b557f\serde-1.0.219\src\de\impls.rs:2229:21
     |
2229 |                     Some(value) => value,
     |                     ^^^^ not found in this scope
     |
note: tuple variant `crate::__private::ser::content::Content::Some` exists but is inaccessible
    --> C:\Users\john\.cargo\registry\src\index.crates.io-1949cf8c6b5b557f\serde-1.0.219\src\private\ser.rs:443:9
     |
443  |         Some(Box<Content>),
     |         ^^^^^^^^^^^^^^^^^^ not accessible
help: consider importing one of these tuple variants
     |
1    + use crate::__private::de::Content::Some;
     |
1    + use core::option::Option::Some;
     |

error[E0425]: cannot find function, tuple struct or tuple variant `Err` in this scope
    --> C:\Users\john\.cargo\registry\src\index.crates.io-1949cf8c6b5b557f\serde-1.0.219\src\de\impls.rs:2231:32
     |
2231 |                         return Err(Error::invalid_length(1, &self));
     |                                ^^^ not found in this scope
     |
help: consider importing this tuple variant
     |
1    + use core::result::Result::Err;
     |

error[E0531]: cannot find tuple struct or tuple variant `Ok` in this scope
    --> C:\Users\john\.cargo\registry\src\index.crates.io-1949cf8c6b5b557f\serde-1.0.219\src\lib.rs:298:13
     |
298  |             Ok(val) => val,
     |             ^^ not found in this scope
     |
    ::: C:\Users\john\.cargo\registry\src\index.crates.io-1949cf8c6b5b557f\serde-1.0.219\src\de\impls.rs:2234:17
     |
2234 |                 tri!(check_overflow(secs, nanos));
     |                 --------------------------------- in this macro invocation
     |
     = note: this error originates in the macro `tri` (in Nightly builds, run with -Z macro-backtrace for more info)
help: consider importing this tuple variant
    -->  C:\Users\john\.cargo\registry\src\index.crates.io-1949cf8c6b5b557f\serde-1.0.219\src\de\impls.rs:1:1
     |
1    + use core::result::Result::Ok;
     |

error[E0531]: cannot find tuple struct or tuple variant `Err` in this scope
    --> C:\Users\john\.cargo\registry\src\index.crates.io-1949cf8c6b5b557f\serde-1.0.219\src\lib.rs:299:13
     |
299  |             Err(err) => return Err(err),
     |             ^^^ not found in this scope
     |
    ::: C:\Users\john\.cargo\registry\src\index.crates.io-1949cf8c6b5b557f\serde-1.0.219\src\de\impls.rs:2234:17
     |
2234 |                 tri!(check_overflow(secs, nanos));
     |                 --------------------------------- in this macro invocation
     |
     = note: this error originates in the macro `tri` (in Nightly builds, run with -Z macro-backtrace for more info)
help: consider importing this tuple variant
    -->  C:\Users\john\.cargo\registry\src\index.crates.io-1949cf8c6b5b557f\serde-1.0.219\src\de\impls.rs:1:1
     |
1    + use core::result::Result::Err;
     |

error[E0425]: cannot find function, tuple struct or tuple variant `Err` in this scope
    --> C:\Users\john\.cargo\registry\src\index.crates.io-1949cf8c6b5b557f\serde-1.0.219\src\lib.rs:299:32
     |
299  |             Err(err) => return Err(err),
     |                                ^^^
     |
    ::: C:\Users\john\.cargo\registry\src\index.crates.io-1949cf8c6b5b557f\serde-1.0.219\src\de\impls.rs:2234:17
     |
2234 |                 tri!(check_overflow(secs, nanos));
     |                 --------------------------------- in this macro invocation
     |
     = note: this error originates in the macro `tri` (in Nightly builds, run with -Z macro-backtrace for more info)
help: a local variable with a similar name exists
     |
299  -             Err(err) => return Err(err),
299  +             Err(err) => return err(err),
     |
help: consider importing this tuple variant
    -->  C:\Users\john\.cargo\registry\src\index.crates.io-1949cf8c6b5b557f\serde-1.0.219\src\de\impls.rs:1:1
     |
1    + use core::result::Result::Err;
     |

error[E0425]: cannot find function, tuple struct or tuple variant `Ok` in this scope
    --> C:\Users\john\.cargo\registry\src\index.crates.io-1949cf8c6b5b557f\serde-1.0.219\src\de\impls.rs:2235:17
     |
2235 |                 Ok(Duration::new(secs, nanos))
     |                 ^^ not found in this scope
     |
help: consider importing this tuple variant
     |
1    + use core::result::Result::Ok;
     |

error[E0412]: cannot find type `Result` in this scope
    --> C:\Users\john\.cargo\registry\src\index.crates.io-1949cf8c6b5b557f\serde-1.0.219\src\de\impls.rs:2238:50
     |
2238 |             fn visit_map<A>(self, mut map: A) -> Result<Self::Value, A::Error>
     |                                                  ^^^^^^ not found in this scope
     |
help: consider importing one of these items
     |
1    + use core::fmt::Result;
     |
1    + use core::result::Result;
     |

error[E0412]: cannot find type `Option` in this scope
    --> C:\Users\john\.cargo\registry\src\index.crates.io-1949cf8c6b5b557f\serde-1.0.219\src\de\impls.rs:2242:31
     |
2242 |                 let mut secs: Option<u64> = None;
     |                               ^^^^^^ not found in this scope
     |
help: consider importing this enum
     |
1    + use core::option::Option;
     |

error[E0425]: cannot find value `None` in this scope
    --> C:\Users\john\.cargo\registry\src\index.crates.io-1949cf8c6b5b557f\serde-1.0.219\src\de\impls.rs:2242:45
     |
2242 |                 let mut secs: Option<u64> = None;
     |                                             ^^^^ not found in this scope
     |
note: unit variant `crate::__private::ser::content::Content::None` exists but is inaccessible
    --> C:\Users\john\.cargo\registry\src\index.crates.io-1949cf8c6b5b557f\serde-1.0.219\src\private\ser.rs:442:9
     |
442  |         None,
     |         ^^^^ not accessible
help: consider importing one of these unit variants
     |
1    + use crate::__private::de::Content::None;
     |
1    + use core::option::Option::None;
     |

error[E0412]: cannot find type `Option` in this scope
    --> C:\Users\john\.cargo\registry\src\index.crates.io-1949cf8c6b5b557f\serde-1.0.219\src\de\impls.rs:2243:32
     |
2243 |                 let mut nanos: Option<u32> = None;
     |                                ^^^^^^ not found in this scope
     |
help: consider importing this enum
     |
1    + use core::option::Option;
     |

error[E0425]: cannot find value `None` in this scope
    --> C:\Users\john\.cargo\registry\src\index.crates.io-1949cf8c6b5b557f\serde-1.0.219\src\de\impls.rs:2243:46
     |
2243 |                 let mut nanos: Option<u32> = None;
     |                                              ^^^^ not found in this scope
     |
note: unit variant `crate::__private::ser::content::Content::None` exists but is inaccessible
    --> C:\Users\john\.cargo\registry\src\index.crates.io-1949cf8c6b5b557f\serde-1.0.219\src\private\ser.rs:442:9
     |
442  |         None,
     |         ^^^^ not accessible
help: consider importing one of these unit variants
     |
1    + use crate::__private::de::Content::None;
     |
1    + use core::option::Option::None;
     |

error[E0531]: cannot find tuple struct or tuple variant `Ok` in this scope
    --> C:\Users\john\.cargo\registry\src\index.crates.io-1949cf8c6b5b557f\serde-1.0.219\src\lib.rs:298:13
     |
298  |             Ok(val) => val,
     |             ^^ not found in this scope
     |
    ::: C:\Users\john\.cargo\registry\src\index.crates.io-1949cf8c6b5b557f\serde-1.0.219\src\de\impls.rs:2244:39
     |
2244 |                 while let Some(key) = tri!(map.next_key()) {
     |                                       -------------------- in this macro invocation
     |
     = note: this error originates in the macro `tri` (in Nightly builds, run with -Z macro-backtrace for more info)
help: consider importing this tuple variant
    -->  C:\Users\john\.cargo\registry\src\index.crates.io-1949cf8c6b5b557f\serde-1.0.219\src\de\impls.rs:1:1
     |
1    + use core::result::Result::Ok;
     |

error[E0531]: cannot find tuple struct or tuple variant `Err` in this scope
    --> C:\Users\john\.cargo\registry\src\index.crates.io-1949cf8c6b5b557f\serde-1.0.219\src\lib.rs:299:13
     |
299  |             Err(err) => return Err(err),
     |             ^^^ not found in this scope
     |
    ::: C:\Users\john\.cargo\registry\src\index.crates.io-1949cf8c6b5b557f\serde-1.0.219\src\de\impls.rs:2244:39
     |
2244 |                 while let Some(key) = tri!(map.next_key()) {
     |                                       -------------------- in this macro invocation
     |
     = note: this error originates in the macro `tri` (in Nightly builds, run with -Z macro-backtrace for more info)
help: consider importing this tuple variant
    -->  C:\Users\john\.cargo\registry\src\index.crates.io-1949cf8c6b5b557f\serde-1.0.219\src\de\impls.rs:1:1
     |
1    + use core::result::Result::Err;
     |

error[E0425]: cannot find function, tuple struct or tuple variant `Err` in this scope
    --> C:\Users\john\.cargo\registry\src\index.crates.io-1949cf8c6b5b557f\serde-1.0.219\src\lib.rs:299:32
     |
299  |             Err(err) => return Err(err),
     |                                ^^^
     |
    ::: C:\Users\john\.cargo\registry\src\index.crates.io-1949cf8c6b5b557f\serde-1.0.219\src\de\impls.rs:2244:39
     |
2244 |                 while let Some(key) = tri!(map.next_key()) {
     |                                       -------------------- in this macro invocation
     |
     = note: this error originates in the macro `tri` (in Nightly builds, run with -Z macro-backtrace for more info)
help: a local variable with a similar name exists
     |
299  -             Err(err) => return Err(err),
299  +             Err(err) => return err(err),
     |
help: consider importing this tuple variant
    -->  C:\Users\john\.cargo\registry\src\index.crates.io-1949cf8c6b5b557f\serde-1.0.219\src\de\impls.rs:1:1
     |
1    + use core::result::Result::Err;
     |

error[E0531]: cannot find tuple struct or tuple variant `Some` in this scope
    --> C:\Users\john\.cargo\registry\src\index.crates.io-1949cf8c6b5b557f\serde-1.0.219\src\de\impls.rs:2244:27
     |
2244 |                 while let Some(key) = tri!(map.next_key()) {
     |                           ^^^^ not found in this scope
     |
note: tuple variant `crate::__private::ser::content::Content::Some` exists but is inaccessible
    --> C:\Users\john\.cargo\registry\src\index.crates.io-1949cf8c6b5b557f\serde-1.0.219\src\private\ser.rs:443:9
     |
443  |         Some(Box<Content>),
     |         ^^^^^^^^^^^^^^^^^^ not accessible
help: consider importing one of these tuple variants
     |
1    + use crate::__private::de::Content::Some;
     |
1    + use core::option::Option::Some;
     |

error[E0425]: cannot find function, tuple struct or tuple variant `Err` in this scope
    --> C:\Users\john\.cargo\registry\src\index.crates.io-1949cf8c6b5b557f\serde-1.0.219\src\de\impls.rs:2248:40
     |
2248 | ...                   return Err(<A::Error as Error>::duplicate_field("secs"));
     |                              ^^^ not found in this scope
     |
help: consider importing this tuple variant
     |
1    + use core::result::Result::Err;
     |

error[E0425]: cannot find function, tuple struct or tuple variant `Some` in this scope
    --> C:\Users\john\.cargo\registry\src\index.crates.io-1949cf8c6b5b557f\serde-1.0.219\src\de\impls.rs:2250:36
     |
2250 | ...                   secs = Some(tri!(map.next_value()));
     |                              ^^^^ not found in this scope
     |
note: tuple variant `crate::__private::ser::content::Content::Some` exists but is inaccessible
    --> C:\Users\john\.cargo\registry\src\index.crates.io-1949cf8c6b5b557f\serde-1.0.219\src\private\ser.rs:443:9
     |
443  |         Some(Box<Content>),
     |         ^^^^^^^^^^^^^^^^^^ not accessible
help: consider importing one of these tuple variants
     |
1    + use crate::__private::de::Content::Some;
     |
1    + use core::option::Option::Some;
     |

error[E0531]: cannot find tuple struct or tuple variant `Ok` in this scope
    --> C:\Users\john\.cargo\registry\src\index.crates.io-1949cf8c6b5b557f\serde-1.0.219\src\lib.rs:298:13
     |
298  |             Ok(val) => val,
     |             ^^ not found in this scope
     |
    ::: C:\Users\john\.cargo\registry\src\index.crates.io-1949cf8c6b5b557f\serde-1.0.219\src\de\impls.rs:2250:41
     |
2250 | ...                   secs = Some(tri!(map.next_value()));
     |                                   ---------------------- in this macro invocation
     |
     = note: this error originates in the macro `tri` (in Nightly builds, run with -Z macro-backtrace for more info)
help: consider importing this tuple variant
    -->  C:\Users\john\.cargo\registry\src\index.crates.io-1949cf8c6b5b557f\serde-1.0.219\src\de\impls.rs:1:1
     |
1    + use core::result::Result::Ok;
     |

error[E0531]: cannot find tuple struct or tuple variant `Err` in this scope
    --> C:\Users\john\.cargo\registry\src\index.crates.io-1949cf8c6b5b557f\serde-1.0.219\src\lib.rs:299:13
     |
299  |             Err(err) => return Err(err),
     |             ^^^ not found in this scope
     |
    ::: C:\Users\john\.cargo\registry\src\index.crates.io-1949cf8c6b5b557f\serde-1.0.219\src\de\impls.rs:2250:41
     |
2250 | ...                   secs = Some(tri!(map.next_value()));
     |                                   ---------------------- in this macro invocation
     |
     = note: this error originates in the macro `tri` (in Nightly builds, run with -Z macro-backtrace for more info)
help: consider importing this tuple variant
    -->  C:\Users\john\.cargo\registry\src\index.crates.io-1949cf8c6b5b557f\serde-1.0.219\src\de\impls.rs:1:1
     |
1    + use core::result::Result::Err;
     |

error[E0425]: cannot find function, tuple struct or tuple variant `Err` in this scope
    --> C:\Users\john\.cargo\registry\src\index.crates.io-1949cf8c6b5b557f\serde-1.0.219\src\lib.rs:299:32
     |
299  |             Err(err) => return Err(err),
     |                                ^^^
     |
    ::: C:\Users\john\.cargo\registry\src\index.crates.io-1949cf8c6b5b557f\serde-1.0.219\src\de\impls.rs:2250:41
     |
2250 | ...                   secs = Some(tri!(map.next_value()));
     |                                   ---------------------- in this macro invocation
     |
     = note: this error originates in the macro `tri` (in Nightly builds, run with -Z macro-backtrace for more info)
help: a local variable with a similar name exists
     |
299  -             Err(err) => return Err(err),
299  +             Err(err) => return err(err),
     |
help: consider importing this tuple variant
    -->  C:\Users\john\.cargo\registry\src\index.crates.io-1949cf8c6b5b557f\serde-1.0.219\src\de\impls.rs:1:1
     |
1    + use core::result::Result::Err;
     |

error[E0425]: cannot find function, tuple struct or tuple variant `Err` in this scope
    --> C:\Users\john\.cargo\registry\src\index.crates.io-1949cf8c6b5b557f\serde-1.0.219\src\de\impls.rs:2254:40
     |
2254 | ...                   return Err(<A::Error as Error>::duplicate_field("nanos"));
     |                              ^^^ not found in this scope
     |
help: consider importing this tuple variant
     |
1    + use core::result::Result::Err;
     |

error[E0425]: cannot find function, tuple struct or tuple variant `Some` in this scope
    --> C:\Users\john\.cargo\registry\src\index.crates.io-1949cf8c6b5b557f\serde-1.0.219\src\de\impls.rs:2256:37
     |
2256 | ...                   nanos = Some(tri!(map.next_value()));
     |                               ^^^^ not found in this scope
     |
note: tuple variant `crate::__private::ser::content::Content::Some` exists but is inaccessible
    --> C:\Users\john\.cargo\registry\src\index.crates.io-1949cf8c6b5b557f\serde-1.0.219\src\private\ser.rs:443:9
     |
443  |         Some(Box<Content>),
     |         ^^^^^^^^^^^^^^^^^^ not accessible
help: consider importing one of these tuple variants
     |
1    + use crate::__private::de::Content::Some;
     |
1    + use core::option::Option::Some;
     |

error[E0531]: cannot find tuple struct or tuple variant `Ok` in this scope
    --> C:\Users\john\.cargo\registry\src\index.crates.io-1949cf8c6b5b557f\serde-1.0.219\src\lib.rs:298:13
     |
298  |             Ok(val) => val,
     |             ^^ not found in this scope
     |
    ::: C:\Users\john\.cargo\registry\src\index.crates.io-1949cf8c6b5b557f\serde-1.0.219\src\de\impls.rs:2256:42
     |
2256 | ...                   nanos = Some(tri!(map.next_value()));
     |                                    ---------------------- in this macro invocation
     |
     = note: this error originates in the macro `tri` (in Nightly builds, run with -Z macro-backtrace for more info)
help: consider importing this tuple variant
    -->  C:\Users\john\.cargo\registry\src\index.crates.io-1949cf8c6b5b557f\serde-1.0.219\src\de\impls.rs:1:1
     |
1    + use core::result::Result::Ok;
     |

error[E0531]: cannot find tuple struct or tuple variant `Err` in this scope
    --> C:\Users\john\.cargo\registry\src\index.crates.io-1949cf8c6b5b557f\serde-1.0.219\src\lib.rs:299:13
     |
299  |             Err(err) => return Err(err),
     |             ^^^ not found in this scope
     |
    ::: C:\Users\john\.cargo\registry\src\index.crates.io-1949cf8c6b5b557f\serde-1.0.219\src\de\impls.rs:2256:42
     |
2256 | ...                   nanos = Some(tri!(map.next_value()));
     |                                    ---------------------- in this macro invocation
     |
     = note: this error originates in the macro `tri` (in Nightly builds, run with -Z macro-backtrace for more info)
help: consider importing this tuple variant
    -->  C:\Users\john\.cargo\registry\src\index.crates.io-1949cf8c6b5b557f\serde-1.0.219\src\de\impls.rs:1:1
     |
1    + use core::result::Result::Err;
     |

error[E0425]: cannot find function, tuple struct or tuple variant `Err` in this scope
    --> C:\Users\john\.cargo\registry\src\index.crates.io-1949cf8c6b5b557f\serde-1.0.219\src\lib.rs:299:32
     |
299  |             Err(err) => return Err(err),
     |                                ^^^
     |
    ::: C:\Users\john\.cargo\registry\src\index.crates.io-1949cf8c6b5b557f\serde-1.0.219\src\de\impls.rs:2256:42
     |
2256 | ...                   nanos = Some(tri!(map.next_value()));
     |                                    ---------------------- in this macro invocation
     |
     = note: this error originates in the macro `tri` (in Nightly builds, run with -Z macro-backtrace for more info)
help: a local variable with a similar name exists
     |
299  -             Err(err) => return Err(err),
299  +             Err(err) => return err(err),
     |
help: consider importing this tuple variant
    -->  C:\Users\john\.cargo\registry\src\index.crates.io-1949cf8c6b5b557f\serde-1.0.219\src\de\impls.rs:1:1
     |
1    + use core::result::Result::Err;
     |

error[E0531]: cannot find tuple struct or tuple variant `Some` in this scope
    --> C:\Users\john\.cargo\registry\src\index.crates.io-1949cf8c6b5b557f\serde-1.0.219\src\de\impls.rs:2261:21
     |
2261 |                     Some(secs) => secs,
     |                     ^^^^ not found in this scope
     |
note: tuple variant `crate::__private::ser::content::Content::Some` exists but is inaccessible
    --> C:\Users\john\.cargo\registry\src\index.crates.io-1949cf8c6b5b557f\serde-1.0.219\src\private\ser.rs:443:9
     |
443  |         Some(Box<Content>),
     |         ^^^^^^^^^^^^^^^^^^ not accessible
help: consider importing one of these tuple variants
     |
1    + use crate::__private::de::Content::Some;
     |
1    + use core::option::Option::Some;
     |

error[E0425]: cannot find function, tuple struct or tuple variant `Err` in this scope
    --> C:\Users\john\.cargo\registry\src\index.crates.io-1949cf8c6b5b557f\serde-1.0.219\src\de\impls.rs:2262:36
     |
2262 |                     None => return Err(<A::Error as Error>::missing_field("secs")),
     |                                    ^^^ not found in this scope
     |
help: consider importing this tuple variant
     |
1    + use core::result::Result::Err;
     |

error[E0531]: cannot find tuple struct or tuple variant `Some` in this scope
    --> C:\Users\john\.cargo\registry\src\index.crates.io-1949cf8c6b5b557f\serde-1.0.219\src\de\impls.rs:2265:21
     |
2265 |                     Some(nanos) => nanos,
     |                     ^^^^ not found in this scope
     |
note: tuple variant `crate::__private::ser::content::Content::Some` exists but is inaccessible
    --> C:\Users\john\.cargo\registry\src\index.crates.io-1949cf8c6b5b557f\serde-1.0.219\src\private\ser.rs:443:9
     |
443  |         Some(Box<Content>),
     |         ^^^^^^^^^^^^^^^^^^ not accessible
help: consider importing one of these tuple variants
     |
1    + use crate::__private::de::Content::Some;
     |
1    + use core::option::Option::Some;
     |

error[E0425]: cannot find function, tuple struct or tuple variant `Err` in this scope
    --> C:\Users\john\.cargo\registry\src\index.crates.io-1949cf8c6b5b557f\serde-1.0.219\src\de\impls.rs:2266:36
     |
2266 |                     None => return Err(<A::Error as Error>::missing_field("nanos")),
     |                                    ^^^ not found in this scope
     |
help: consider importing this tuple variant
     |
1    + use core::result::Result::Err;
     |

error[E0531]: cannot find tuple struct or tuple variant `Ok` in this scope
    --> C:\Users\john\.cargo\registry\src\index.crates.io-1949cf8c6b5b557f\serde-1.0.219\src\lib.rs:298:13
     |
298  |             Ok(val) => val,
     |             ^^ not found in this scope
     |
    ::: C:\Users\john\.cargo\registry\src\index.crates.io-1949cf8c6b5b557f\serde-1.0.219\src\de\impls.rs:2268:17
     |
2268 |                 tri!(check_overflow(secs, nanos));
     |                 --------------------------------- in this macro invocation
     |
     = note: this error originates in the macro `tri` (in Nightly builds, run with -Z macro-backtrace for more info)
help: consider importing this tuple variant
    -->  C:\Users\john\.cargo\registry\src\index.crates.io-1949cf8c6b5b557f\serde-1.0.219\src\de\impls.rs:1:1
     |
1    + use core::result::Result::Ok;
     |

error[E0531]: cannot find tuple struct or tuple variant `Err` in this scope
    --> C:\Users\john\.cargo\registry\src\index.crates.io-1949cf8c6b5b557f\serde-1.0.219\src\lib.rs:299:13
     |
299  |             Err(err) => return Err(err),
     |             ^^^ not found in this scope
     |
    ::: C:\Users\john\.cargo\registry\src\index.crates.io-1949cf8c6b5b557f\serde-1.0.219\src\de\impls.rs:2268:17
     |
2268 |                 tri!(check_overflow(secs, nanos));
     |                 --------------------------------- in this macro invocation
     |
     = note: this error originates in the macro `tri` (in Nightly builds, run with -Z macro-backtrace for more info)
help: consider importing this tuple variant
    -->  C:\Users\john\.cargo\registry\src\index.crates.io-1949cf8c6b5b557f\serde-1.0.219\src\de\impls.rs:1:1
     |
1    + use core::result::Result::Err;
     |

error[E0425]: cannot find function, tuple struct or tuple variant `Err` in this scope
    --> C:\Users\john\.cargo\registry\src\index.crates.io-1949cf8c6b5b557f\serde-1.0.219\src\lib.rs:299:32
     |
299  |             Err(err) => return Err(err),
     |                                ^^^
     |
    ::: C:\Users\john\.cargo\registry\src\index.crates.io-1949cf8c6b5b557f\serde-1.0.219\src\de\impls.rs:2268:17
     |
2268 |                 tri!(check_overflow(secs, nanos));
     |                 --------------------------------- in this macro invocation
     |
     = note: this error originates in the macro `tri` (in Nightly builds, run with -Z macro-backtrace for more info)
help: a local variable with a similar name exists
     |
299  -             Err(err) => return Err(err),
299  +             Err(err) => return err(err),
     |
help: consider importing this tuple variant
    -->  C:\Users\john\.cargo\registry\src\index.crates.io-1949cf8c6b5b557f\serde-1.0.219\src\de\impls.rs:1:1
     |
1    + use core::result::Result::Err;
     |

error[E0425]: cannot find function, tuple struct or tuple variant `Ok` in this scope
    --> C:\Users\john\.cargo\registry\src\index.crates.io-1949cf8c6b5b557f\serde-1.0.219\src\de\impls.rs:2269:17
     |
2269 |                 Ok(Duration::new(secs, nanos))
     |                 ^^ not found in this scope
     |
help: consider importing this tuple variant
     |
1    + use core::result::Result::Ok;
     |

error[E0412]: cannot find type `Result` in this scope
    --> C:\Users\john\.cargo\registry\src\index.crates.io-1949cf8c6b5b557f\serde-1.0.219\src\de\impls.rs:2283:43
     |
2283 |     fn deserialize<D>(deserializer: D) -> Result<Self, D::Error>
     |                                           ^^^^^^ not found in this scope
     |
help: consider importing one of these items
     |
1    + use core::fmt::Result;
     |
1    + use core::result::Result;
     |

error[E0412]: cannot find type `Result` in this scope
    --> C:\Users\john\.cargo\registry\src\index.crates.io-1949cf8c6b5b557f\serde-1.0.219\src\de\impls.rs:2294:51
     |
2294 |             fn deserialize<D>(deserializer: D) -> Result<Self, D::Error>
     |                                                   ^^^^^^ not found in this scope
     |
help: consider importing one of these items
     |
1    + use core::fmt::Result;
     |
1    + use core::result::Result;
     |

error[E0412]: cannot find type `Result` in this scope
    --> C:\Users\john\.cargo\registry\src\index.crates.io-1949cf8c6b5b557f\serde-1.0.219\src\de\impls.rs:2307:59
     |
2307 |                     fn visit_str<E>(self, value: &str) -> Result<Self::Value, E>
     |                                                           ^^^^^^ not found in this scope
     |
help: consider importing one of these items
     |
1    + use core::fmt::Result;
     |
1    + use core::result::Result;
     |

error[E0425]: cannot find function, tuple struct or tuple variant `Ok` in this scope
    --> C:\Users\john\.cargo\registry\src\index.crates.io-1949cf8c6b5b557f\serde-1.0.219\src\de\impls.rs:2312:51
     |
2312 | ...                   "secs_since_epoch" => Ok(Field::Secs),
     |                                             ^^ not found in this scope
     |
help: consider importing this tuple variant
     |
1    + use core::result::Result::Ok;
     |

error[E0425]: cannot find function, tuple struct or tuple variant `Ok` in this scope
    --> C:\Users\john\.cargo\registry\src\index.crates.io-1949cf8c6b5b557f\serde-1.0.219\src\de\impls.rs:2313:52
     |
2313 | ...                   "nanos_since_epoch" => Ok(Field::Nanos),
     |                                              ^^ not found in this scope
     |
help: consider importing this tuple variant
     |
1    + use core::result::Result::Ok;
     |

error[E0425]: cannot find function, tuple struct or tuple variant `Err` in this scope
    --> C:\Users\john\.cargo\registry\src\index.crates.io-1949cf8c6b5b557f\serde-1.0.219\src\de\impls.rs:2314:34
     |
2314 | ...                   _ => Err(Error::unknown_field(value, FIELDS)),
     |                            ^^^ not found in this scope
     |
help: consider importing this tuple variant
     |
1    + use core::result::Result::Err;
     |

error[E0412]: cannot find type `Result` in this scope
    --> C:\Users\john\.cargo\registry\src\index.crates.io-1949cf8c6b5b557f\serde-1.0.219\src\de\impls.rs:2318:62
     |
2318 |                     fn visit_bytes<E>(self, value: &[u8]) -> Result<Self::Value, E>
     |                                                              ^^^^^^ not found in this scope
     |
help: consider importing one of these items
     |
1    + use core::fmt::Result;
     |
1    + use core::result::Result;
     |

error[E0425]: cannot find function, tuple struct or tuple variant `Ok` in this scope
    --> C:\Users\john\.cargo\registry\src\index.crates.io-1949cf8c6b5b557f\serde-1.0.219\src\de\impls.rs:2323:52
     |
2323 | ...                   b"secs_since_epoch" => Ok(Field::Secs),
     |                                              ^^ not found in this scope
     |
help: consider importing this tuple variant
     |
1    + use core::result::Result::Ok;
     |

error[E0425]: cannot find function, tuple struct or tuple variant `Ok` in this scope
    --> C:\Users\john\.cargo\registry\src\index.crates.io-1949cf8c6b5b557f\serde-1.0.219\src\de\impls.rs:2324:53
     |
2324 | ...                   b"nanos_since_epoch" => Ok(Field::Nanos),
     |                                               ^^ not found in this scope
     |
help: consider importing this tuple variant
     |
1    + use core::result::Result::Ok;
     |

error[E0425]: cannot find function, tuple struct or tuple variant `Err` in this scope
    --> C:\Users\john\.cargo\registry\src\index.crates.io-1949cf8c6b5b557f\serde-1.0.219\src\de\impls.rs:2327:33
     |
2327 | ...                   Err(Error::unknown_field(&value, FIELDS))
     |                       ^^^ not found in this scope
     |
help: consider importing this tuple variant
     |
1    + use core::result::Result::Err;
     |

error[E0412]: cannot find type `Result` in this scope
    --> C:\Users\john\.cargo\registry\src\index.crates.io-1949cf8c6b5b557f\serde-1.0.219\src\de\impls.rs:2337:56
     |
2337 |         fn check_overflow<E>(secs: u64, nanos: u32) -> Result<(), E>
     |                                                        ^^^^^^ not found in this scope
     |
help: consider importing one of these items
     |
1    + use core::fmt::Result;
     |
1    + use core::result::Result;
     |

error[E0531]: cannot find tuple struct or tuple variant `Some` in this scope
    --> C:\Users\john\.cargo\registry\src\index.crates.io-1949cf8c6b5b557f\serde-1.0.219\src\de\impls.rs:2343:17
     |
2343 |                 Some(_) => Ok(()),
     |                 ^^^^ not found in this scope
     |
note: tuple variant `crate::__private::ser::content::Content::Some` exists but is inaccessible
    --> C:\Users\john\.cargo\registry\src\index.crates.io-1949cf8c6b5b557f\serde-1.0.219\src\private\ser.rs:443:9
     |
443  |         Some(Box<Content>),
     |         ^^^^^^^^^^^^^^^^^^ not accessible
help: consider importing one of these tuple variants
     |
1    + use crate::__private::de::Content::Some;
     |
1    + use core::option::Option::Some;
     |

error[E0425]: cannot find function, tuple struct or tuple variant `Ok` in this scope
    --> C:\Users\john\.cargo\registry\src\index.crates.io-1949cf8c6b5b557f\serde-1.0.219\src\de\impls.rs:2343:28
     |
2343 |                 Some(_) => Ok(()),
     |                            ^^ not found in this scope
     |
help: consider importing this tuple variant
     |
1    + use core::result::Result::Ok;
     |

error[E0425]: cannot find function, tuple struct or tuple variant `Err` in this scope
    --> C:\Users\john\.cargo\registry\src\index.crates.io-1949cf8c6b5b557f\serde-1.0.219\src\de\impls.rs:2344:25
     |
2344 |                 None => Err(E::custom("overflow deserializing SystemTime epoch offset")),
     |                         ^^^ not found in this scope
     |
help: consider importing this tuple variant
     |
1    + use core::result::Result::Err;
     |

error[E0412]: cannot find type `Result` in this scope
    --> C:\Users\john\.cargo\registry\src\index.crates.io-1949cf8c6b5b557f\serde-1.0.219\src\de\impls.rs:2357:50
     |
2357 |             fn visit_seq<A>(self, mut seq: A) -> Result<Self::Value, A::Error>
     |                                                  ^^^^^^ not found in this scope
     |
help: consider importing one of these items
     |
1    + use core::fmt::Result;
     |
1    + use core::result::Result;
     |

error[E0531]: cannot find tuple struct or tuple variant `Ok` in this scope
    --> C:\Users\john\.cargo\registry\src\index.crates.io-1949cf8c6b5b557f\serde-1.0.219\src\lib.rs:298:13
     |
298  |             Ok(val) => val,
     |             ^^ not found in this scope
     |
    ::: C:\Users\john\.cargo\registry\src\index.crates.io-1949cf8c6b5b557f\serde-1.0.219\src\de\impls.rs:2361:39
     |
2361 |                 let secs: u64 = match tri!(seq.next_element()) {
     |                                       ------------------------ in this macro invocation
     |
     = note: this error originates in the macro `tri` (in Nightly builds, run with -Z macro-backtrace for more info)
help: consider importing this tuple variant
    -->  C:\Users\john\.cargo\registry\src\index.crates.io-1949cf8c6b5b557f\serde-1.0.219\src\de\impls.rs:1:1
     |
1    + use core::result::Result::Ok;
     |

error[E0531]: cannot find tuple struct or tuple variant `Err` in this scope
    --> C:\Users\john\.cargo\registry\src\index.crates.io-1949cf8c6b5b557f\serde-1.0.219\src\lib.rs:299:13
     |
299  |             Err(err) => return Err(err),
     |             ^^^ not found in this scope
     |
    ::: C:\Users\john\.cargo\registry\src\index.crates.io-1949cf8c6b5b557f\serde-1.0.219\src\de\impls.rs:2361:39
     |
2361 |                 let secs: u64 = match tri!(seq.next_element()) {
     |                                       ------------------------ in this macro invocation
     |
     = note: this error originates in the macro `tri` (in Nightly builds, run with -Z macro-backtrace for more info)
help: consider importing this tuple variant
    -->  C:\Users\john\.cargo\registry\src\index.crates.io-1949cf8c6b5b557f\serde-1.0.219\src\de\impls.rs:1:1
     |
1    + use core::result::Result::Err;
     |

error[E0425]: cannot find function, tuple struct or tuple variant `Err` in this scope
    --> C:\Users\john\.cargo\registry\src\index.crates.io-1949cf8c6b5b557f\serde-1.0.219\src\lib.rs:299:32
     |
299  |             Err(err) => return Err(err),
     |                                ^^^
     |
    ::: C:\Users\john\.cargo\registry\src\index.crates.io-1949cf8c6b5b557f\serde-1.0.219\src\de\impls.rs:2361:39
     |
2361 |                 let secs: u64 = match tri!(seq.next_element()) {
     |                                       ------------------------ in this macro invocation
     |
     = note: this error originates in the macro `tri` (in Nightly builds, run with -Z macro-backtrace for more info)
help: a local variable with a similar name exists
     |
299  -             Err(err) => return Err(err),
299  +             Err(err) => return err(err),
     |
help: consider importing this tuple variant
    -->  C:\Users\john\.cargo\registry\src\index.crates.io-1949cf8c6b5b557f\serde-1.0.219\src\de\impls.rs:1:1
     |
1    + use core::result::Result::Err;
     |

error[E0531]: cannot find tuple struct or tuple variant `Some` in this scope
    --> C:\Users\john\.cargo\registry\src\index.crates.io-1949cf8c6b5b557f\serde-1.0.219\src\de\impls.rs:2362:21
     |
2362 |                     Some(value) => value,
     |                     ^^^^ not found in this scope
     |
note: tuple variant `crate::__private::ser::content::Content::Some` exists but is inaccessible
    --> C:\Users\john\.cargo\registry\src\index.crates.io-1949cf8c6b5b557f\serde-1.0.219\src\private\ser.rs:443:9
     |
443  |         Some(Box<Content>),
     |         ^^^^^^^^^^^^^^^^^^ not accessible
help: consider importing one of these tuple variants
     |
1    + use crate::__private::de::Content::Some;
     |
1    + use core::option::Option::Some;
     |

error[E0425]: cannot find function, tuple struct or tuple variant `Err` in this scope
    --> C:\Users\john\.cargo\registry\src\index.crates.io-1949cf8c6b5b557f\serde-1.0.219\src\de\impls.rs:2364:32
     |
2364 |                         return Err(Error::invalid_length(0, &self));
     |                                ^^^ not found in this scope
     |
help: consider importing this tuple variant
     |
1    + use core::result::Result::Err;
     |

error[E0531]: cannot find tuple struct or tuple variant `Ok` in this scope
    --> C:\Users\john\.cargo\registry\src\index.crates.io-1949cf8c6b5b557f\serde-1.0.219\src\lib.rs:298:13
     |
298  |             Ok(val) => val,
     |             ^^ not found in this scope
     |
    ::: C:\Users\john\.cargo\registry\src\index.crates.io-1949cf8c6b5b557f\serde-1.0.219\src\de\impls.rs:2367:40
     |
2367 |                 let nanos: u32 = match tri!(seq.next_element()) {
     |                                        ------------------------ in this macro invocation
     |
     = note: this error originates in the macro `tri` (in Nightly builds, run with -Z macro-backtrace for more info)
help: consider importing this tuple variant
    -->  C:\Users\john\.cargo\registry\src\index.crates.io-1949cf8c6b5b557f\serde-1.0.219\src\de\impls.rs:1:1
     |
1    + use core::result::Result::Ok;
     |

error[E0531]: cannot find tuple struct or tuple variant `Err` in this scope
    --> C:\Users\john\.cargo\registry\src\index.crates.io-1949cf8c6b5b557f\serde-1.0.219\src\lib.rs:299:13
     |
299  |             Err(err) => return Err(err),
     |             ^^^ not found in this scope
     |
    ::: C:\Users\john\.cargo\registry\src\index.crates.io-1949cf8c6b5b557f\serde-1.0.219\src\de\impls.rs:2367:40
     |
2367 |                 let nanos: u32 = match tri!(seq.next_element()) {
     |                                        ------------------------ in this macro invocation
     |
     = note: this error originates in the macro `tri` (in Nightly builds, run with -Z macro-backtrace for more info)
help: consider importing this tuple variant
    -->  C:\Users\john\.cargo\registry\src\index.crates.io-1949cf8c6b5b557f\serde-1.0.219\src\de\impls.rs:1:1
     |
1    + use core::result::Result::Err;
     |

error[E0425]: cannot find function, tuple struct or tuple variant `Err` in this scope
    --> C:\Users\john\.cargo\registry\src\index.crates.io-1949cf8c6b5b557f\serde-1.0.219\src\lib.rs:299:32
     |
299  |             Err(err) => return Err(err),
     |                                ^^^
     |
    ::: C:\Users\john\.cargo\registry\src\index.crates.io-1949cf8c6b5b557f\serde-1.0.219\src\de\impls.rs:2367:40
     |
2367 |                 let nanos: u32 = match tri!(seq.next_element()) {
     |                                        ------------------------ in this macro invocation
     |
     = note: this error originates in the macro `tri` (in Nightly builds, run with -Z macro-backtrace for more info)
help: a local variable with a similar name exists
     |
299  -             Err(err) => return Err(err),
299  +             Err(err) => return err(err),
     |
help: consider importing this tuple variant
    -->  C:\Users\john\.cargo\registry\src\index.crates.io-1949cf8c6b5b557f\serde-1.0.219\src\de\impls.rs:1:1
     |
1    + use core::result::Result::Err;
     |

error[E0531]: cannot find tuple struct or tuple variant `Some` in this scope
    --> C:\Users\john\.cargo\registry\src\index.crates.io-1949cf8c6b5b557f\serde-1.0.219\src\de\impls.rs:2368:21
     |
2368 |                     Some(value) => value,
     |                     ^^^^ not found in this scope
     |
note: tuple variant `crate::__private::ser::content::Content::Some` exists but is inaccessible
    --> C:\Users\john\.cargo\registry\src\index.crates.io-1949cf8c6b5b557f\serde-1.0.219\src\private\ser.rs:443:9
     |
443  |         Some(Box<Content>),
     |         ^^^^^^^^^^^^^^^^^^ not accessible
help: consider importing one of these tuple variants
     |
1    + use crate::__private::de::Content::Some;
     |
1    + use core::option::Option::Some;
     |

error[E0425]: cannot find function, tuple struct or tuple variant `Err` in this scope
    --> C:\Users\john\.cargo\registry\src\index.crates.io-1949cf8c6b5b557f\serde-1.0.219\src\de\impls.rs:2370:32
     |
2370 |                         return Err(Error::invalid_length(1, &self));
     |                                ^^^ not found in this scope
     |
help: consider importing this tuple variant
     |
1    + use core::result::Result::Err;
     |

error[E0531]: cannot find tuple struct or tuple variant `Ok` in this scope
    --> C:\Users\john\.cargo\registry\src\index.crates.io-1949cf8c6b5b557f\serde-1.0.219\src\lib.rs:298:13
     |
298  |             Ok(val) => val,
     |             ^^ not found in this scope
     |
    ::: C:\Users\john\.cargo\registry\src\index.crates.io-1949cf8c6b5b557f\serde-1.0.219\src\de\impls.rs:2373:17
     |
2373 |                 tri!(check_overflow(secs, nanos));
     |                 --------------------------------- in this macro invocation
     |
     = note: this error originates in the macro `tri` (in Nightly builds, run with -Z macro-backtrace for more info)
help: consider importing this tuple variant
    -->  C:\Users\john\.cargo\registry\src\index.crates.io-1949cf8c6b5b557f\serde-1.0.219\src\de\impls.rs:1:1
     |
1    + use core::result::Result::Ok;
     |

error[E0531]: cannot find tuple struct or tuple variant `Err` in this scope
    --> C:\Users\john\.cargo\registry\src\index.crates.io-1949cf8c6b5b557f\serde-1.0.219\src\lib.rs:299:13
     |
299  |             Err(err) => return Err(err),
     |             ^^^ not found in this scope
     |
    ::: C:\Users\john\.cargo\registry\src\index.crates.io-1949cf8c6b5b557f\serde-1.0.219\src\de\impls.rs:2373:17
     |
2373 |                 tri!(check_overflow(secs, nanos));
     |                 --------------------------------- in this macro invocation
     |
     = note: this error originates in the macro `tri` (in Nightly builds, run with -Z macro-backtrace for more info)
help: consider importing this tuple variant
    -->  C:\Users\john\.cargo\registry\src\index.crates.io-1949cf8c6b5b557f\serde-1.0.219\src\de\impls.rs:1:1
     |
1    + use core::result::Result::Err;
     |

error[E0425]: cannot find function, tuple struct or tuple variant `Err` in this scope
    --> C:\Users\john\.cargo\registry\src\index.crates.io-1949cf8c6b5b557f\serde-1.0.219\src\lib.rs:299:32
     |
299  |             Err(err) => return Err(err),
     |                                ^^^
     |
    ::: C:\Users\john\.cargo\registry\src\index.crates.io-1949cf8c6b5b557f\serde-1.0.219\src\de\impls.rs:2373:17
     |
2373 |                 tri!(check_overflow(secs, nanos));
     |                 --------------------------------- in this macro invocation
     |
     = note: this error originates in the macro `tri` (in Nightly builds, run with -Z macro-backtrace for more info)
help: a local variable with a similar name exists
     |
299  -             Err(err) => return Err(err),
299  +             Err(err) => return err(err),
     |
help: consider importing this tuple variant
    -->  C:\Users\john\.cargo\registry\src\index.crates.io-1949cf8c6b5b557f\serde-1.0.219\src\de\impls.rs:1:1
     |
1    + use core::result::Result::Err;
     |

error[E0425]: cannot find function, tuple struct or tuple variant `Ok` in this scope
    --> C:\Users\john\.cargo\registry\src\index.crates.io-1949cf8c6b5b557f\serde-1.0.219\src\de\impls.rs:2374:17
     |
2374 |                 Ok(Duration::new(secs, nanos))
     |                 ^^ not found in this scope
     |
help: consider importing this tuple variant
     |
1    + use core::result::Result::Ok;
     |

error[E0412]: cannot find type `Result` in this scope
    --> C:\Users\john\.cargo\registry\src\index.crates.io-1949cf8c6b5b557f\serde-1.0.219\src\de\impls.rs:2377:50
     |
2377 |             fn visit_map<A>(self, mut map: A) -> Result<Self::Value, A::Error>
     |                                                  ^^^^^^ not found in this scope
     |
help: consider importing one of these items
     |
1    + use core::fmt::Result;
     |
1    + use core::result::Result;
     |

error[E0412]: cannot find type `Option` in this scope
    --> C:\Users\john\.cargo\registry\src\index.crates.io-1949cf8c6b5b557f\serde-1.0.219\src\de\impls.rs:2381:31
     |
2381 |                 let mut secs: Option<u64> = None;
     |                               ^^^^^^ not found in this scope
     |
help: consider importing this enum
     |
1    + use core::option::Option;
     |

error[E0425]: cannot find value `None` in this scope
    --> C:\Users\john\.cargo\registry\src\index.crates.io-1949cf8c6b5b557f\serde-1.0.219\src\de\impls.rs:2381:45
     |
2381 |                 let mut secs: Option<u64> = None;
     |                                             ^^^^ not found in this scope
     |
note: unit variant `crate::__private::ser::content::Content::None` exists but is inaccessible
    --> C:\Users\john\.cargo\registry\src\index.crates.io-1949cf8c6b5b557f\serde-1.0.219\src\private\ser.rs:442:9
     |
442  |         None,
     |         ^^^^ not accessible
help: consider importing one of these unit variants
     |
1    + use crate::__private::de::Content::None;
     |
1    + use core::option::Option::None;
     |

error[E0412]: cannot find type `Option` in this scope
    --> C:\Users\john\.cargo\registry\src\index.crates.io-1949cf8c6b5b557f\serde-1.0.219\src\de\impls.rs:2382:32
     |
2382 |                 let mut nanos: Option<u32> = None;
     |                                ^^^^^^ not found in this scope
     |
help: consider importing this enum
     |
1    + use core::option::Option;
     |

error[E0425]: cannot find value `None` in this scope
    --> C:\Users\john\.cargo\registry\src\index.crates.io-1949cf8c6b5b557f\serde-1.0.219\src\de\impls.rs:2382:46
     |
2382 |                 let mut nanos: Option<u32> = None;
     |                                              ^^^^ not found in this scope
     |
note: unit variant `crate::__private::ser::content::Content::None` exists but is inaccessible
    --> C:\Users\john\.cargo\registry\src\index.crates.io-1949cf8c6b5b557f\serde-1.0.219\src\private\ser.rs:442:9
     |
442  |         None,
     |         ^^^^ not accessible
help: consider importing one of these unit variants
     |
1    + use crate::__private::de::Content::None;
     |
1    + use core::option::Option::None;
     |

error[E0531]: cannot find tuple struct or tuple variant `Ok` in this scope
    --> C:\Users\john\.cargo\registry\src\index.crates.io-1949cf8c6b5b557f\serde-1.0.219\src\lib.rs:298:13
     |
298  |             Ok(val) => val,
     |             ^^ not found in this scope
     |
    ::: C:\Users\john\.cargo\registry\src\index.crates.io-1949cf8c6b5b557f\serde-1.0.219\src\de\impls.rs:2383:39
     |
2383 |                 while let Some(key) = tri!(map.next_key()) {
     |                                       -------------------- in this macro invocation
     |
     = note: this error originates in the macro `tri` (in Nightly builds, run with -Z macro-backtrace for more info)
help: consider importing this tuple variant
    -->  C:\Users\john\.cargo\registry\src\index.crates.io-1949cf8c6b5b557f\serde-1.0.219\src\de\impls.rs:1:1
     |
1    + use core::result::Result::Ok;
     |

error[E0531]: cannot find tuple struct or tuple variant `Err` in this scope
    --> C:\Users\john\.cargo\registry\src\index.crates.io-1949cf8c6b5b557f\serde-1.0.219\src\lib.rs:299:13
     |
299  |             Err(err) => return Err(err),
     |             ^^^ not found in this scope
     |
    ::: C:\Users\john\.cargo\registry\src\index.crates.io-1949cf8c6b5b557f\serde-1.0.219\src\de\impls.rs:2383:39
     |
2383 |                 while let Some(key) = tri!(map.next_key()) {
     |                                       -------------------- in this macro invocation
     |
     = note: this error originates in the macro `tri` (in Nightly builds, run with -Z macro-backtrace for more info)
help: consider importing this tuple variant
    -->  C:\Users\john\.cargo\registry\src\index.crates.io-1949cf8c6b5b557f\serde-1.0.219\src\de\impls.rs:1:1
     |
1    + use core::result::Result::Err;
     |

error[E0425]: cannot find function, tuple struct or tuple variant `Err` in this scope
    --> C:\Users\john\.cargo\registry\src\index.crates.io-1949cf8c6b5b557f\serde-1.0.219\src\lib.rs:299:32
     |
299  |             Err(err) => return Err(err),
     |                                ^^^
     |
    ::: C:\Users\john\.cargo\registry\src\index.crates.io-1949cf8c6b5b557f\serde-1.0.219\src\de\impls.rs:2383:39
     |
2383 |                 while let Some(key) = tri!(map.next_key()) {
     |                                       -------------------- in this macro invocation
     |
     = note: this error originates in the macro `tri` (in Nightly builds, run with -Z macro-backtrace for more info)
help: a local variable with a similar name exists
     |
299  -             Err(err) => return Err(err),
299  +             Err(err) => return err(err),
     |
help: consider importing this tuple variant
    -->  C:\Users\john\.cargo\registry\src\index.crates.io-1949cf8c6b5b557f\serde-1.0.219\src\de\impls.rs:1:1
     |
1    + use core::result::Result::Err;
     |

error[E0531]: cannot find tuple struct or tuple variant `Some` in this scope
    --> C:\Users\john\.cargo\registry\src\index.crates.io-1949cf8c6b5b557f\serde-1.0.219\src\de\impls.rs:2383:27
     |
2383 |                 while let Some(key) = tri!(map.next_key()) {
     |                           ^^^^ not found in this scope
     |
note: tuple variant `crate::__private::ser::content::Content::Some` exists but is inaccessible
    --> C:\Users\john\.cargo\registry\src\index.crates.io-1949cf8c6b5b557f\serde-1.0.219\src\private\ser.rs:443:9
     |
443  |         Some(Box<Content>),
     |         ^^^^^^^^^^^^^^^^^^ not accessible
help: consider importing one of these tuple variants
     |
1    + use crate::__private::de::Content::Some;
     |
1    + use core::option::Option::Some;
     |

error[E0425]: cannot find function, tuple struct or tuple variant `Err` in this scope
    --> C:\Users\john\.cargo\registry\src\index.crates.io-1949cf8c6b5b557f\serde-1.0.219\src\de\impls.rs:2387:40
     |
2387 | ...                   return Err(<A::Error as Error>::duplicate_field(
     |                              ^^^ not found in this scope
     |
help: consider importing this tuple variant
     |
1    + use core::result::Result::Err;
     |

error[E0425]: cannot find function, tuple struct or tuple variant `Some` in this scope
    --> C:\Users\john\.cargo\registry\src\index.crates.io-1949cf8c6b5b557f\serde-1.0.219\src\de\impls.rs:2391:36
     |
2391 | ...                   secs = Some(tri!(map.next_value()));
     |                              ^^^^ not found in this scope
     |
note: tuple variant `crate::__private::ser::content::Content::Some` exists but is inaccessible
    --> C:\Users\john\.cargo\registry\src\index.crates.io-1949cf8c6b5b557f\serde-1.0.219\src\private\ser.rs:443:9
     |
443  |         Some(Box<Content>),
     |         ^^^^^^^^^^^^^^^^^^ not accessible
help: consider importing one of these tuple variants
     |
1    + use crate::__private::de::Content::Some;
     |
1    + use core::option::Option::Some;
     |

error[E0531]: cannot find tuple struct or tuple variant `Ok` in this scope
    --> C:\Users\john\.cargo\registry\src\index.crates.io-1949cf8c6b5b557f\serde-1.0.219\src\lib.rs:298:13
     |
298  |             Ok(val) => val,
     |             ^^ not found in this scope
     |
    ::: C:\Users\john\.cargo\registry\src\index.crates.io-1949cf8c6b5b557f\serde-1.0.219\src\de\impls.rs:2391:41
     |
2391 | ...                   secs = Some(tri!(map.next_value()));
     |                                   ---------------------- in this macro invocation
     |
     = note: this error originates in the macro `tri` (in Nightly builds, run with -Z macro-backtrace for more info)
help: consider importing this tuple variant
    -->  C:\Users\john\.cargo\registry\src\index.crates.io-1949cf8c6b5b557f\serde-1.0.219\src\de\impls.rs:1:1
     |
1    + use core::result::Result::Ok;
     |

error[E0531]: cannot find tuple struct or tuple variant `Err` in this scope
    --> C:\Users\john\.cargo\registry\src\index.crates.io-1949cf8c6b5b557f\serde-1.0.219\src\lib.rs:299:13
     |
299  |             Err(err) => return Err(err),
     |             ^^^ not found in this scope
     |
    ::: C:\Users\john\.cargo\registry\src\index.crates.io-1949cf8c6b5b557f\serde-1.0.219\src\de\impls.rs:2391:41
     |
2391 | ...                   secs = Some(tri!(map.next_value()));
     |                                   ---------------------- in this macro invocation
     |
     = note: this error originates in the macro `tri` (in Nightly builds, run with -Z macro-backtrace for more info)
help: consider importing this tuple variant
    -->  C:\Users\john\.cargo\registry\src\index.crates.io-1949cf8c6b5b557f\serde-1.0.219\src\de\impls.rs:1:1
     |
1    + use core::result::Result::Err;
     |

error[E0425]: cannot find function, tuple struct or tuple variant `Err` in this scope
    --> C:\Users\john\.cargo\registry\src\index.crates.io-1949cf8c6b5b557f\serde-1.0.219\src\lib.rs:299:32
     |
299  |             Err(err) => return Err(err),
     |                                ^^^
     |
    ::: C:\Users\john\.cargo\registry\src\index.crates.io-1949cf8c6b5b557f\serde-1.0.219\src\de\impls.rs:2391:41
     |
2391 | ...                   secs = Some(tri!(map.next_value()));
     |                                   ---------------------- in this macro invocation
     |
     = note: this error originates in the macro `tri` (in Nightly builds, run with -Z macro-backtrace for more info)
help: a local variable with a similar name exists
     |
299  -             Err(err) => return Err(err),
299  +             Err(err) => return err(err),
     |
help: consider importing this tuple variant
    -->  C:\Users\john\.cargo\registry\src\index.crates.io-1949cf8c6b5b557f\serde-1.0.219\src\de\impls.rs:1:1
     |
1    + use core::result::Result::Err;
     |

error[E0425]: cannot find function, tuple struct or tuple variant `Err` in this scope
    --> C:\Users\john\.cargo\registry\src\index.crates.io-1949cf8c6b5b557f\serde-1.0.219\src\de\impls.rs:2395:40
     |
2395 | ...                   return Err(<A::Error as Error>::duplicate_field(
     |                              ^^^ not found in this scope
     |
help: consider importing this tuple variant
     |
1    + use core::result::Result::Err;
     |

error[E0425]: cannot find function, tuple struct or tuple variant `Some` in this scope
    --> C:\Users\john\.cargo\registry\src\index.crates.io-1949cf8c6b5b557f\serde-1.0.219\src\de\impls.rs:2399:37
     |
2399 | ...                   nanos = Some(tri!(map.next_value()));
     |                               ^^^^ not found in this scope
     |
note: tuple variant `crate::__private::ser::content::Content::Some` exists but is inaccessible
    --> C:\Users\john\.cargo\registry\src\index.crates.io-1949cf8c6b5b557f\serde-1.0.219\src\private\ser.rs:443:9
     |
443  |         Some(Box<Content>),
     |         ^^^^^^^^^^^^^^^^^^ not accessible
help: consider importing one of these tuple variants
     |
1    + use crate::__private::de::Content::Some;
     |
1    + use core::option::Option::Some;
     |

error[E0531]: cannot find tuple struct or tuple variant `Ok` in this scope
    --> C:\Users\john\.cargo\registry\src\index.crates.io-1949cf8c6b5b557f\serde-1.0.219\src\lib.rs:298:13
     |
298  |             Ok(val) => val,
     |             ^^ not found in this scope
     |
    ::: C:\Users\john\.cargo\registry\src\index.crates.io-1949cf8c6b5b557f\serde-1.0.219\src\de\impls.rs:2399:42
     |
2399 | ...                   nanos = Some(tri!(map.next_value()));
     |                                    ---------------------- in this macro invocation
     |
     = note: this error originates in the macro `tri` (in Nightly builds, run with -Z macro-backtrace for more info)
help: consider importing this tuple variant
    -->  C:\Users\john\.cargo\registry\src\index.crates.io-1949cf8c6b5b557f\serde-1.0.219\src\de\impls.rs:1:1
     |
1    + use core::result::Result::Ok;
     |

error[E0531]: cannot find tuple struct or tuple variant `Err` in this scope
    --> C:\Users\john\.cargo\registry\src\index.crates.io-1949cf8c6b5b557f\serde-1.0.219\src\lib.rs:299:13
     |
299  |             Err(err) => return Err(err),
     |             ^^^ not found in this scope
     |
    ::: C:\Users\john\.cargo\registry\src\index.crates.io-1949cf8c6b5b557f\serde-1.0.219\src\de\impls.rs:2399:42
     |
2399 | ...                   nanos = Some(tri!(map.next_value()));
     |                                    ---------------------- in this macro invocation
     |
     = note: this error originates in the macro `tri` (in Nightly builds, run with -Z macro-backtrace for more info)
help: consider importing this tuple variant
    -->  C:\Users\john\.cargo\registry\src\index.crates.io-1949cf8c6b5b557f\serde-1.0.219\src\de\impls.rs:1:1
     |
1    + use core::result::Result::Err;
     |

error[E0425]: cannot find function, tuple struct or tuple variant `Err` in this scope
    --> C:\Users\john\.cargo\registry\src\index.crates.io-1949cf8c6b5b557f\serde-1.0.219\src\lib.rs:299:32
     |
299  |             Err(err) => return Err(err),
     |                                ^^^
     |
    ::: C:\Users\john\.cargo\registry\src\index.crates.io-1949cf8c6b5b557f\serde-1.0.219\src\de\impls.rs:2399:42
     |
2399 | ...                   nanos = Some(tri!(map.next_value()));
     |                                    ---------------------- in this macro invocation
     |
     = note: this error originates in the macro `tri` (in Nightly builds, run with -Z macro-backtrace for more info)
help: a local variable with a similar name exists
     |
299  -             Err(err) => return Err(err),
299  +             Err(err) => return err(err),
     |
help: consider importing this tuple variant
    -->  C:\Users\john\.cargo\registry\src\index.crates.io-1949cf8c6b5b557f\serde-1.0.219\src\de\impls.rs:1:1
     |
1    + use core::result::Result::Err;
     |

error[E0531]: cannot find tuple struct or tuple variant `Some` in this scope
    --> C:\Users\john\.cargo\registry\src\index.crates.io-1949cf8c6b5b557f\serde-1.0.219\src\de\impls.rs:2404:21
     |
2404 |                     Some(secs) => secs,
     |                     ^^^^ not found in this scope
     |
note: tuple variant `crate::__private::ser::content::Content::Some` exists but is inaccessible
    --> C:\Users\john\.cargo\registry\src\index.crates.io-1949cf8c6b5b557f\serde-1.0.219\src\private\ser.rs:443:9
     |
443  |         Some(Box<Content>),
     |         ^^^^^^^^^^^^^^^^^^ not accessible
help: consider importing one of these tuple variants
     |
1    + use crate::__private::de::Content::Some;
     |
1    + use core::option::Option::Some;
     |

error[E0425]: cannot find function, tuple struct or tuple variant `Err` in this scope
    --> C:\Users\john\.cargo\registry\src\index.crates.io-1949cf8c6b5b557f\serde-1.0.219\src\de\impls.rs:2405:36
     |
2405 |                     None => return Err(<A::Error as Error>::missing_field("secs_since_epoch")),
     |                                    ^^^ not found in this scope
     |
help: consider importing this tuple variant
     |
1    + use core::result::Result::Err;
     |

error[E0531]: cannot find tuple struct or tuple variant `Some` in this scope
    --> C:\Users\john\.cargo\registry\src\index.crates.io-1949cf8c6b5b557f\serde-1.0.219\src\de\impls.rs:2408:21
     |
2408 |                     Some(nanos) => nanos,
     |                     ^^^^ not found in this scope
     |
note: tuple variant `crate::__private::ser::content::Content::Some` exists but is inaccessible
    --> C:\Users\john\.cargo\registry\src\index.crates.io-1949cf8c6b5b557f\serde-1.0.219\src\private\ser.rs:443:9
     |
443  |         Some(Box<Content>),
     |         ^^^^^^^^^^^^^^^^^^ not accessible
help: consider importing one of these tuple variants
     |
1    + use crate::__private::de::Content::Some;
     |
1    + use core::option::Option::Some;
     |

error[E0425]: cannot find function, tuple struct or tuple variant `Err` in this scope
    --> C:\Users\john\.cargo\registry\src\index.crates.io-1949cf8c6b5b557f\serde-1.0.219\src\de\impls.rs:2409:36
     |
2409 |                     None => return Err(<A::Error as Error>::missing_field("nanos_since_epoch")),
     |                                    ^^^ not found in this scope
     |
help: consider importing this tuple variant
     |
1    + use core::result::Result::Err;
     |

error[E0531]: cannot find tuple struct or tuple variant `Ok` in this scope
    --> C:\Users\john\.cargo\registry\src\index.crates.io-1949cf8c6b5b557f\serde-1.0.219\src\lib.rs:298:13
     |
298  |             Ok(val) => val,
     |             ^^ not found in this scope
     |
    ::: C:\Users\john\.cargo\registry\src\index.crates.io-1949cf8c6b5b557f\serde-1.0.219\src\de\impls.rs:2411:17
     |
2411 |                 tri!(check_overflow(secs, nanos));
     |                 --------------------------------- in this macro invocation
     |
     = note: this error originates in the macro `tri` (in Nightly builds, run with -Z macro-backtrace for more info)
help: consider importing this tuple variant
    -->  C:\Users\john\.cargo\registry\src\index.crates.io-1949cf8c6b5b557f\serde-1.0.219\src\de\impls.rs:1:1
     |
1    + use core::result::Result::Ok;
     |

error[E0531]: cannot find tuple struct or tuple variant `Err` in this scope
    --> C:\Users\john\.cargo\registry\src\index.crates.io-1949cf8c6b5b557f\serde-1.0.219\src\lib.rs:299:13
     |
299  |             Err(err) => return Err(err),
     |             ^^^ not found in this scope
     |
    ::: C:\Users\john\.cargo\registry\src\index.crates.io-1949cf8c6b5b557f\serde-1.0.219\src\de\impls.rs:2411:17
     |
2411 |                 tri!(check_overflow(secs, nanos));
     |                 --------------------------------- in this macro invocation
     |
     = note: this error originates in the macro `tri` (in Nightly builds, run with -Z macro-backtrace for more info)
help: consider importing this tuple variant
    -->  C:\Users\john\.cargo\registry\src\index.crates.io-1949cf8c6b5b557f\serde-1.0.219\src\de\impls.rs:1:1
     |
1    + use core::result::Result::Err;
     |

error[E0425]: cannot find function, tuple struct or tuple variant `Err` in this scope
    --> C:\Users\john\.cargo\registry\src\index.crates.io-1949cf8c6b5b557f\serde-1.0.219\src\lib.rs:299:32
     |
299  |             Err(err) => return Err(err),
     |                                ^^^
     |
    ::: C:\Users\john\.cargo\registry\src\index.crates.io-1949cf8c6b5b557f\serde-1.0.219\src\de\impls.rs:2411:17
     |
2411 |                 tri!(check_overflow(secs, nanos));
     |                 --------------------------------- in this macro invocation
     |
     = note: this error originates in the macro `tri` (in Nightly builds, run with -Z macro-backtrace for more info)
help: a local variable with a similar name exists
     |
299  -             Err(err) => return Err(err),
299  +             Err(err) => return err(err),
     |
help: consider importing this tuple variant
    -->  C:\Users\john\.cargo\registry\src\index.crates.io-1949cf8c6b5b557f\serde-1.0.219\src\de\impls.rs:1:1
     |
1    + use core::result::Result::Err;
     |

error[E0425]: cannot find function, tuple struct or tuple variant `Ok` in this scope
    --> C:\Users\john\.cargo\registry\src\index.crates.io-1949cf8c6b5b557f\serde-1.0.219\src\de\impls.rs:2412:17
     |
2412 |                 Ok(Duration::new(secs, nanos))
     |                 ^^ not found in this scope
     |
help: consider importing this tuple variant
     |
1    + use core::result::Result::Ok;
     |

error[E0531]: cannot find tuple struct or tuple variant `Ok` in this scope
    --> C:\Users\john\.cargo\registry\src\index.crates.io-1949cf8c6b5b557f\serde-1.0.219\src\lib.rs:298:13
     |
298  |             Ok(val) => val,
     |             ^^ not found in this scope
     |
    ::: C:\Users\john\.cargo\registry\src\index.crates.io-1949cf8c6b5b557f\serde-1.0.219\src\de\impls.rs:2417:24
     |
2417 |         let duration = tri!(deserializer.deserialize_struct("SystemTime", FIELDS, DurationVisitor));
     |                        ---------------------------------------------------------------------------- in this macro invocation
     |
     = note: this error originates in the macro `tri` (in Nightly builds, run with -Z macro-backtrace for more info)
help: consider importing this tuple variant
    -->  C:\Users\john\.cargo\registry\src\index.crates.io-1949cf8c6b5b557f\serde-1.0.219\src\de\impls.rs:1:1
     |
1    + use core::result::Result::Ok;
     |

error[E0531]: cannot find tuple struct or tuple variant `Err` in this scope
    --> C:\Users\john\.cargo\registry\src\index.crates.io-1949cf8c6b5b557f\serde-1.0.219\src\lib.rs:299:13
     |
299  |             Err(err) => return Err(err),
     |             ^^^ not found in this scope
     |
    ::: C:\Users\john\.cargo\registry\src\index.crates.io-1949cf8c6b5b557f\serde-1.0.219\src\de\impls.rs:2417:24
     |
2417 |         let duration = tri!(deserializer.deserialize_struct("SystemTime", FIELDS, DurationVisitor));
     |                        ---------------------------------------------------------------------------- in this macro invocation
     |
     = note: this error originates in the macro `tri` (in Nightly builds, run with -Z macro-backtrace for more info)
help: consider importing this tuple variant
    -->  C:\Users\john\.cargo\registry\src\index.crates.io-1949cf8c6b5b557f\serde-1.0.219\src\de\impls.rs:1:1
     |
1    + use core::result::Result::Err;
     |

error[E0425]: cannot find function, tuple struct or tuple variant `Err` in this scope
    --> C:\Users\john\.cargo\registry\src\index.crates.io-1949cf8c6b5b557f\serde-1.0.219\src\lib.rs:299:32
     |
299  |             Err(err) => return Err(err),
     |                                ^^^
     |
    ::: C:\Users\john\.cargo\registry\src\index.crates.io-1949cf8c6b5b557f\serde-1.0.219\src\de\impls.rs:2417:24
     |
2417 |         let duration = tri!(deserializer.deserialize_struct("SystemTime", FIELDS, DurationVisitor));
     |                        ---------------------------------------------------------------------------- in this macro invocation
     |
     = note: this error originates in the macro `tri` (in Nightly builds, run with -Z macro-backtrace for more info)
help: a local variable with a similar name exists
     |
299  -             Err(err) => return Err(err),
299  +             Err(err) => return err(err),
     |
help: consider importing this tuple variant
    -->  C:\Users\john\.cargo\registry\src\index.crates.io-1949cf8c6b5b557f\serde-1.0.219\src\de\impls.rs:1:1
     |
1    + use core::result::Result::Err;
     |

error[E0412]: cannot find type `Result` in this scope
    --> C:\Users\john\.cargo\registry\src\index.crates.io-1949cf8c6b5b557f\serde-1.0.219\src\de\impls.rs:2442:43
     |
2442 |     fn deserialize<D>(deserializer: D) -> Result<Self, D::Error>
     |                                           ^^^^^^ not found in this scope
     |
help: consider importing one of these items
     |
1    + use core::fmt::Result;
     |
1    + use core::result::Result;
     |

error[E0531]: cannot find tuple struct or tuple variant `Ok` in this scope
    --> C:\Users\john\.cargo\registry\src\index.crates.io-1949cf8c6b5b557f\serde-1.0.219\src\lib.rs:298:13
     |
298  |               Ok(val) => val,
     |               ^^ not found in this scope
     |
    ::: C:\Users\john\.cargo\registry\src\index.crates.io-1949cf8c6b5b557f\serde-1.0.219\src\de\impls.rs:2446:28
     |
2446 |           let (start, end) = tri!(deserializer.deserialize_struct(
     |  ____________________________-
2447 | |             "Range",
2448 | |             range::FIELDS,
2449 | |             range::RangeVisitor {
...    |
2452 | |             },
2453 | |         ));
     | |__________- in this macro invocation
     |
     = note: this error originates in the macro `tri` (in Nightly builds, run with -Z macro-backtrace for more info)
help: consider importing this tuple variant
    -->  C:\Users\john\.cargo\registry\src\index.crates.io-1949cf8c6b5b557f\serde-1.0.219\src\de\impls.rs:1:1
     |
1    + use core::result::Result::Ok;
     |

error[E0531]: cannot find tuple struct or tuple variant `Err` in this scope
    --> C:\Users\john\.cargo\registry\src\index.crates.io-1949cf8c6b5b557f\serde-1.0.219\src\lib.rs:299:13
     |
299  |               Err(err) => return Err(err),
     |               ^^^ not found in this scope
     |
    ::: C:\Users\john\.cargo\registry\src\index.crates.io-1949cf8c6b5b557f\serde-1.0.219\src\de\impls.rs:2446:28
     |
2446 |           let (start, end) = tri!(deserializer.deserialize_struct(
     |  ____________________________-
2447 | |             "Range",
2448 | |             range::FIELDS,
2449 | |             range::RangeVisitor {
...    |
2452 | |             },
2453 | |         ));
     | |__________- in this macro invocation
     |
     = note: this error originates in the macro `tri` (in Nightly builds, run with -Z macro-backtrace for more info)
help: consider importing this tuple variant
    -->  C:\Users\john\.cargo\registry\src\index.crates.io-1949cf8c6b5b557f\serde-1.0.219\src\de\impls.rs:1:1
     |
1    + use core::result::Result::Err;
     |

error[E0425]: cannot find function, tuple struct or tuple variant `Err` in this scope
    --> C:\Users\john\.cargo\registry\src\index.crates.io-1949cf8c6b5b557f\serde-1.0.219\src\lib.rs:299:32
     |
299  |               Err(err) => return Err(err),
     |                                  ^^^
     |
    ::: C:\Users\john\.cargo\registry\src\index.crates.io-1949cf8c6b5b557f\serde-1.0.219\src\de\impls.rs:2446:28
     |
2446 |           let (start, end) = tri!(deserializer.deserialize_struct(
     |  ____________________________-
2447 | |             "Range",
2448 | |             range::FIELDS,
2449 | |             range::RangeVisitor {
...    |
2452 | |             },
2453 | |         ));
     | |__________- in this macro invocation
     |
     = note: this error originates in the macro `tri` (in Nightly builds, run with -Z macro-backtrace for more info)
help: a local variable with a similar name exists
     |
299  -             Err(err) => return Err(err),
299  +             Err(err) => return err(err),
     |
help: consider importing this tuple variant
    -->  C:\Users\john\.cargo\registry\src\index.crates.io-1949cf8c6b5b557f\serde-1.0.219\src\de\impls.rs:1:1
     |
1    + use core::result::Result::Err;
     |

error[E0425]: cannot find function, tuple struct or tuple variant `Ok` in this scope
    --> C:\Users\john\.cargo\registry\src\index.crates.io-1949cf8c6b5b557f\serde-1.0.219\src\de\impls.rs:2454:9
     |
2454 |         Ok(start..end)
     |         ^^ not found in this scope
     |
help: consider importing this tuple variant
     |
1    + use core::result::Result::Ok;
     |

error[E0412]: cannot find type `Result` in this scope
    --> C:\Users\john\.cargo\registry\src\index.crates.io-1949cf8c6b5b557f\serde-1.0.219\src\de\impls.rs:2462:43
     |
2462 |     fn deserialize<D>(deserializer: D) -> Result<Self, D::Error>
     |                                           ^^^^^^ not found in this scope
     |
help: consider importing one of these items
     |
1    + use core::fmt::Result;
     |
1    + use core::result::Result;
     |

error[E0531]: cannot find tuple struct or tuple variant `Ok` in this scope
    --> C:\Users\john\.cargo\registry\src\index.crates.io-1949cf8c6b5b557f\serde-1.0.219\src\lib.rs:298:13
     |
298  |               Ok(val) => val,
     |               ^^ not found in this scope
     |
    ::: C:\Users\john\.cargo\registry\src\index.crates.io-1949cf8c6b5b557f\serde-1.0.219\src\de\impls.rs:2466:28
     |
2466 |           let (start, end) = tri!(deserializer.deserialize_struct(
     |  ____________________________-
2467 | |             "RangeInclusive",
2468 | |             range::FIELDS,
2469 | |             range::RangeVisitor {
...    |
2472 | |             },
2473 | |         ));
     | |__________- in this macro invocation
     |
     = note: this error originates in the macro `tri` (in Nightly builds, run with -Z macro-backtrace for more info)
help: consider importing this tuple variant
    -->  C:\Users\john\.cargo\registry\src\index.crates.io-1949cf8c6b5b557f\serde-1.0.219\src\de\impls.rs:1:1
     |
1    + use core::result::Result::Ok;
     |

error[E0531]: cannot find tuple struct or tuple variant `Err` in this scope
    --> C:\Users\john\.cargo\registry\src\index.crates.io-1949cf8c6b5b557f\serde-1.0.219\src\lib.rs:299:13
     |
299  |               Err(err) => return Err(err),
     |               ^^^ not found in this scope
     |
    ::: C:\Users\john\.cargo\registry\src\index.crates.io-1949cf8c6b5b557f\serde-1.0.219\src\de\impls.rs:2466:28
     |
2466 |           let (start, end) = tri!(deserializer.deserialize_struct(
     |  ____________________________-
2467 | |             "RangeInclusive",
2468 | |             range::FIELDS,
2469 | |             range::RangeVisitor {
...    |
2472 | |             },
2473 | |         ));
     | |__________- in this macro invocation
     |
     = note: this error originates in the macro `tri` (in Nightly builds, run with -Z macro-backtrace for more info)
help: consider importing this tuple variant
    -->  C:\Users\john\.cargo\registry\src\index.crates.io-1949cf8c6b5b557f\serde-1.0.219\src\de\impls.rs:1:1
     |
1    + use core::result::Result::Err;
     |

error[E0425]: cannot find function, tuple struct or tuple variant `Err` in this scope
    --> C:\Users\john\.cargo\registry\src\index.crates.io-1949cf8c6b5b557f\serde-1.0.219\src\lib.rs:299:32
     |
299  |               Err(err) => return Err(err),
     |                                  ^^^
     |
    ::: C:\Users\john\.cargo\registry\src\index.crates.io-1949cf8c6b5b557f\serde-1.0.219\src\de\impls.rs:2466:28
     |
2466 |           let (start, end) = tri!(deserializer.deserialize_struct(
     |  ____________________________-
2467 | |             "RangeInclusive",
2468 | |             range::FIELDS,
2469 | |             range::RangeVisitor {
...    |
2472 | |             },
2473 | |         ));
     | |__________- in this macro invocation
     |
     = note: this error originates in the macro `tri` (in Nightly builds, run with -Z macro-backtrace for more info)
help: a local variable with a similar name exists
     |
299  -             Err(err) => return Err(err),
299  +             Err(err) => return err(err),
     |
help: consider importing this tuple variant
    -->  C:\Users\john\.cargo\registry\src\index.crates.io-1949cf8c6b5b557f\serde-1.0.219\src\de\impls.rs:1:1
     |
1    + use core::result::Result::Err;
     |

error[E0425]: cannot find function, tuple struct or tuple variant `Ok` in this scope
    --> C:\Users\john\.cargo\registry\src\index.crates.io-1949cf8c6b5b557f\serde-1.0.219\src\de\impls.rs:2474:9
     |
2474 |         Ok(RangeInclusive::new(start, end))
     |         ^^ not found in this scope
     |
help: consider importing this tuple variant
     |
1    + use core::result::Result::Ok;
     |

error[E0412]: cannot find type `Result` in this scope
    --> C:\Users\john\.cargo\registry\src\index.crates.io-1949cf8c6b5b557f\serde-1.0.219\src\de\impls.rs:2495:47
     |
2495 |         fn deserialize<D>(deserializer: D) -> Result<Self, D::Error>
     |                                               ^^^^^^ not found in this scope
     |
help: consider importing one of these items
     |
2479 +     use core::fmt::Result;
     |
2479 +     use core::result::Result;
     |

error[E0412]: cannot find type `Result` in this scope
    --> C:\Users\john\.cargo\registry\src\index.crates.io-1949cf8c6b5b557f\serde-1.0.219\src\de\impls.rs:2508:55
     |
2508 |                 fn visit_str<E>(self, value: &str) -> Result<Self::Value, E>
     |                                                       ^^^^^^ not found in this scope
     |
help: consider importing one of these items
     |
2479 +     use core::fmt::Result;
     |
2479 +     use core::result::Result;
     |

error[E0425]: cannot find function, tuple struct or tuple variant `Ok` in this scope
    --> C:\Users\john\.cargo\registry\src\index.crates.io-1949cf8c6b5b557f\serde-1.0.219\src\de\impls.rs:2513:36
     |
2513 |                         "start" => Ok(Field::Start),
     |                                    ^^ not found in this scope
     |
help: consider importing this tuple variant
     |
2479 +     use core::result::Result::Ok;
     |

error[E0425]: cannot find function, tuple struct or tuple variant `Ok` in this scope
    --> C:\Users\john\.cargo\registry\src\index.crates.io-1949cf8c6b5b557f\serde-1.0.219\src\de\impls.rs:2514:34
     |
2514 |                         "end" => Ok(Field::End),
     |                                  ^^ not found in this scope
     |
help: consider importing this tuple variant
     |
2479 +     use core::result::Result::Ok;
     |

error[E0425]: cannot find function, tuple struct or tuple variant `Err` in this scope
    --> C:\Users\john\.cargo\registry\src\index.crates.io-1949cf8c6b5b557f\serde-1.0.219\src\de\impls.rs:2515:30
     |
2515 |                         _ => Err(Error::unknown_field(value, FIELDS)),
     |                              ^^^ not found in this scope
     |
help: consider importing this tuple variant
     |
2479 +     use core::result::Result::Err;
     |

error[E0412]: cannot find type `Result` in this scope
    --> C:\Users\john\.cargo\registry\src\index.crates.io-1949cf8c6b5b557f\serde-1.0.219\src\de\impls.rs:2519:58
     |
2519 |                 fn visit_bytes<E>(self, value: &[u8]) -> Result<Self::Value, E>
     |                                                          ^^^^^^ not found in this scope
     |
help: consider importing one of these items
     |
2479 +     use core::fmt::Result;
     |
2479 +     use core::result::Result;
     |

error[E0425]: cannot find function, tuple struct or tuple variant `Ok` in this scope
    --> C:\Users\john\.cargo\registry\src\index.crates.io-1949cf8c6b5b557f\serde-1.0.219\src\de\impls.rs:2524:37
     |
2524 |                         b"start" => Ok(Field::Start),
     |                                     ^^ not found in this scope
     |
help: consider importing this tuple variant
     |
2479 +     use core::result::Result::Ok;
     |

error[E0425]: cannot find function, tuple struct or tuple variant `Ok` in this scope
    --> C:\Users\john\.cargo\registry\src\index.crates.io-1949cf8c6b5b557f\serde-1.0.219\src\de\impls.rs:2525:35
     |
2525 |                         b"end" => Ok(Field::End),
     |                                   ^^ not found in this scope
     |
help: consider importing this tuple variant
     |
2479 +     use core::result::Result::Ok;
     |

error[E0425]: cannot find function, tuple struct or tuple variant `Err` in this scope
    --> C:\Users\john\.cargo\registry\src\index.crates.io-1949cf8c6b5b557f\serde-1.0.219\src\de\impls.rs:2528:29
     |
2528 | ...                   Err(Error::unknown_field(&*value, FIELDS))
     |                       ^^^ not found in this scope
     |
help: consider importing this tuple variant
     |
2479 +     use core::result::Result::Err;
     |

error[E0412]: cannot find type `Result` in this scope
    --> C:\Users\john\.cargo\registry\src\index.crates.io-1949cf8c6b5b557f\serde-1.0.219\src\de\impls.rs:2553:46
     |
2553 |         fn visit_seq<A>(self, mut seq: A) -> Result<Self::Value, A::Error>
     |                                              ^^^^^^ not found in this scope
     |
help: consider importing one of these items
     |
2479 +     use core::fmt::Result;
     |
2479 +     use core::result::Result;
     |

error[E0531]: cannot find tuple struct or tuple variant `Ok` in this scope
    --> C:\Users\john\.cargo\registry\src\index.crates.io-1949cf8c6b5b557f\serde-1.0.219\src\lib.rs:298:13
     |
298  |             Ok(val) => val,
     |             ^^ not found in this scope
     |
    ::: C:\Users\john\.cargo\registry\src\index.crates.io-1949cf8c6b5b557f\serde-1.0.219\src\de\impls.rs:2557:36
     |
2557 |             let start: Idx = match tri!(seq.next_element()) {
     |                                    ------------------------ in this macro invocation
     |
     = note: this error originates in the macro `tri` (in Nightly builds, run with -Z macro-backtrace for more info)
help: consider importing this tuple variant
    -->  C:\Users\john\.cargo\registry\src\index.crates.io-1949cf8c6b5b557f\serde-1.0.219\src\de\impls.rs:2479:5
     |
2479 +     use core::result::Result::Ok;
     |

error[E0531]: cannot find tuple struct or tuple variant `Err` in this scope
    --> C:\Users\john\.cargo\registry\src\index.crates.io-1949cf8c6b5b557f\serde-1.0.219\src\lib.rs:299:13
     |
299  |             Err(err) => return Err(err),
     |             ^^^ not found in this scope
     |
    ::: C:\Users\john\.cargo\registry\src\index.crates.io-1949cf8c6b5b557f\serde-1.0.219\src\de\impls.rs:2557:36
     |
2557 |             let start: Idx = match tri!(seq.next_element()) {
     |                                    ------------------------ in this macro invocation
     |
     = note: this error originates in the macro `tri` (in Nightly builds, run with -Z macro-backtrace for more info)
help: consider importing this tuple variant
    -->  C:\Users\john\.cargo\registry\src\index.crates.io-1949cf8c6b5b557f\serde-1.0.219\src\de\impls.rs:2479:5
     |
2479 +     use core::result::Result::Err;
     |

error[E0425]: cannot find function, tuple struct or tuple variant `Err` in this scope
    --> C:\Users\john\.cargo\registry\src\index.crates.io-1949cf8c6b5b557f\serde-1.0.219\src\lib.rs:299:32
     |
299  |             Err(err) => return Err(err),
     |                                ^^^
     |
    ::: C:\Users\john\.cargo\registry\src\index.crates.io-1949cf8c6b5b557f\serde-1.0.219\src\de\impls.rs:2557:36
     |
2557 |             let start: Idx = match tri!(seq.next_element()) {
     |                                    ------------------------ in this macro invocation
     |
     = note: this error originates in the macro `tri` (in Nightly builds, run with -Z macro-backtrace for more info)
help: a local variable with a similar name exists
     |
299  -             Err(err) => return Err(err),
299  +             Err(err) => return err(err),
     |
help: consider importing this tuple variant
    -->  C:\Users\john\.cargo\registry\src\index.crates.io-1949cf8c6b5b557f\serde-1.0.219\src\de\impls.rs:2479:5
     |
2479 +     use core::result::Result::Err;
     |

error[E0531]: cannot find tuple struct or tuple variant `Some` in this scope
    --> C:\Users\john\.cargo\registry\src\index.crates.io-1949cf8c6b5b557f\serde-1.0.219\src\de\impls.rs:2558:17
     |
2558 |                 Some(value) => value,
     |                 ^^^^ not found in this scope
     |
note: tuple variant `crate::__private::ser::content::Content::Some` exists but is inaccessible
    --> C:\Users\john\.cargo\registry\src\index.crates.io-1949cf8c6b5b557f\serde-1.0.219\src\private\ser.rs:443:9
     |
443  |         Some(Box<Content>),
     |         ^^^^^^^^^^^^^^^^^^ not accessible
help: consider importing one of these tuple variants
     |
2479 +     use crate::__private::de::Content::Some;
     |
2479 +     use core::option::Option::Some;
     |

error[E0425]: cannot find function, tuple struct or tuple variant `Err` in this scope
    --> C:\Users\john\.cargo\registry\src\index.crates.io-1949cf8c6b5b557f\serde-1.0.219\src\de\impls.rs:2560:28
     |
2560 |                     return Err(Error::invalid_length(0, &self));
     |                            ^^^ not found in this scope
     |
help: consider importing this tuple variant
     |
2479 +     use core::result::Result::Err;
     |

error[E0531]: cannot find tuple struct or tuple variant `Ok` in this scope
    --> C:\Users\john\.cargo\registry\src\index.crates.io-1949cf8c6b5b557f\serde-1.0.219\src\lib.rs:298:13
     |
298  |             Ok(val) => val,
     |             ^^ not found in this scope
     |
    ::: C:\Users\john\.cargo\registry\src\index.crates.io-1949cf8c6b5b557f\serde-1.0.219\src\de\impls.rs:2563:34
     |
2563 |             let end: Idx = match tri!(seq.next_element()) {
     |                                  ------------------------ in this macro invocation
     |
     = note: this error originates in the macro `tri` (in Nightly builds, run with -Z macro-backtrace for more info)
help: consider importing this tuple variant
    -->  C:\Users\john\.cargo\registry\src\index.crates.io-1949cf8c6b5b557f\serde-1.0.219\src\de\impls.rs:2479:5
     |
2479 +     use core::result::Result::Ok;
     |

error[E0531]: cannot find tuple struct or tuple variant `Err` in this scope
    --> C:\Users\john\.cargo\registry\src\index.crates.io-1949cf8c6b5b557f\serde-1.0.219\src\lib.rs:299:13
     |
299  |             Err(err) => return Err(err),
     |             ^^^ not found in this scope
     |
    ::: C:\Users\john\.cargo\registry\src\index.crates.io-1949cf8c6b5b557f\serde-1.0.219\src\de\impls.rs:2563:34
     |
2563 |             let end: Idx = match tri!(seq.next_element()) {
     |                                  ------------------------ in this macro invocation
     |
     = note: this error originates in the macro `tri` (in Nightly builds, run with -Z macro-backtrace for more info)
help: consider importing this tuple variant
    -->  C:\Users\john\.cargo\registry\src\index.crates.io-1949cf8c6b5b557f\serde-1.0.219\src\de\impls.rs:2479:5
     |
2479 +     use core::result::Result::Err;
     |

error[E0425]: cannot find function, tuple struct or tuple variant `Err` in this scope
    --> C:\Users\john\.cargo\registry\src\index.crates.io-1949cf8c6b5b557f\serde-1.0.219\src\lib.rs:299:32
     |
299  |             Err(err) => return Err(err),
     |                                ^^^
     |
    ::: C:\Users\john\.cargo\registry\src\index.crates.io-1949cf8c6b5b557f\serde-1.0.219\src\de\impls.rs:2563:34
     |
2563 |             let end: Idx = match tri!(seq.next_element()) {
     |                                  ------------------------ in this macro invocation
     |
     = note: this error originates in the macro `tri` (in Nightly builds, run with -Z macro-backtrace for more info)
help: a local variable with a similar name exists
     |
299  -             Err(err) => return Err(err),
299  +             Err(err) => return err(err),
     |
help: consider importing this tuple variant
    -->  C:\Users\john\.cargo\registry\src\index.crates.io-1949cf8c6b5b557f\serde-1.0.219\src\de\impls.rs:2479:5
     |
2479 +     use core::result::Result::Err;
     |

error[E0531]: cannot find tuple struct or tuple variant `Some` in this scope
    --> C:\Users\john\.cargo\registry\src\index.crates.io-1949cf8c6b5b557f\serde-1.0.219\src\de\impls.rs:2564:17
     |
2564 |                 Some(value) => value,
     |                 ^^^^ not found in this scope
     |
note: tuple variant `crate::__private::ser::content::Content::Some` exists but is inaccessible
    --> C:\Users\john\.cargo\registry\src\index.crates.io-1949cf8c6b5b557f\serde-1.0.219\src\private\ser.rs:443:9
     |
443  |         Some(Box<Content>),
     |         ^^^^^^^^^^^^^^^^^^ not accessible
help: consider importing one of these tuple variants
     |
2479 +     use crate::__private::de::Content::Some;
     |
2479 +     use core::option::Option::Some;
     |

error[E0425]: cannot find function, tuple struct or tuple variant `Err` in this scope
    --> C:\Users\john\.cargo\registry\src\index.crates.io-1949cf8c6b5b557f\serde-1.0.219\src\de\impls.rs:2566:28
     |
2566 |                     return Err(Error::invalid_length(1, &self));
     |                            ^^^ not found in this scope
     |
help: consider importing this tuple variant
     |
2479 +     use core::result::Result::Err;
     |

error[E0425]: cannot find function, tuple struct or tuple variant `Ok` in this scope
    --> C:\Users\john\.cargo\registry\src\index.crates.io-1949cf8c6b5b557f\serde-1.0.219\src\de\impls.rs:2569:13
     |
2569 |             Ok((start, end))
     |             ^^ not found in this scope
     |
help: consider importing this tuple variant
     |
2479 +     use core::result::Result::Ok;
     |

error[E0412]: cannot find type `Result` in this scope
    --> C:\Users\john\.cargo\registry\src\index.crates.io-1949cf8c6b5b557f\serde-1.0.219\src\de\impls.rs:2572:46
     |
2572 |         fn visit_map<A>(self, mut map: A) -> Result<Self::Value, A::Error>
     |                                              ^^^^^^ not found in this scope
     |
help: consider importing one of these items
     |
2479 +     use core::fmt::Result;
     |
2479 +     use core::result::Result;
     |

error[E0412]: cannot find type `Option` in this scope
    --> C:\Users\john\.cargo\registry\src\index.crates.io-1949cf8c6b5b557f\serde-1.0.219\src\de\impls.rs:2576:28
     |
2576 |             let mut start: Option<Idx> = None;
     |                            ^^^^^^ not found in this scope
     |
help: consider importing this enum
     |
2479 +     use core::option::Option;
     |

error[E0425]: cannot find value `None` in this scope
    --> C:\Users\john\.cargo\registry\src\index.crates.io-1949cf8c6b5b557f\serde-1.0.219\src\de\impls.rs:2576:42
     |
2576 |             let mut start: Option<Idx> = None;
     |                                          ^^^^ not found in this scope
     |
note: unit variant `crate::__private::ser::content::Content::None` exists but is inaccessible
    --> C:\Users\john\.cargo\registry\src\index.crates.io-1949cf8c6b5b557f\serde-1.0.219\src\private\ser.rs:442:9
     |
442  |         None,
     |         ^^^^ not accessible
help: consider importing one of these unit variants
     |
2479 +     use crate::__private::de::Content::None;
     |
2479 +     use core::option::Option::None;
     |

error[E0412]: cannot find type `Option` in this scope
    --> C:\Users\john\.cargo\registry\src\index.crates.io-1949cf8c6b5b557f\serde-1.0.219\src\de\impls.rs:2577:26
     |
2577 |             let mut end: Option<Idx> = None;
     |                          ^^^^^^ not found in this scope
     |
help: consider importing this enum
     |
2479 +     use core::option::Option;
     |

error[E0425]: cannot find value `None` in this scope
    --> C:\Users\john\.cargo\registry\src\index.crates.io-1949cf8c6b5b557f\serde-1.0.219\src\de\impls.rs:2577:40
     |
2577 |             let mut end: Option<Idx> = None;
     |                                        ^^^^ not found in this scope
     |
note: unit variant `crate::__private::ser::content::Content::None` exists but is inaccessible
    --> C:\Users\john\.cargo\registry\src\index.crates.io-1949cf8c6b5b557f\serde-1.0.219\src\private\ser.rs:442:9
     |
442  |         None,
     |         ^^^^ not accessible
help: consider importing one of these unit variants
     |
2479 +     use crate::__private::de::Content::None;
     |
2479 +     use core::option::Option::None;
     |

error[E0531]: cannot find tuple struct or tuple variant `Ok` in this scope
    --> C:\Users\john\.cargo\registry\src\index.crates.io-1949cf8c6b5b557f\serde-1.0.219\src\lib.rs:298:13
     |
298  |             Ok(val) => val,
     |             ^^ not found in this scope
     |
    ::: C:\Users\john\.cargo\registry\src\index.crates.io-1949cf8c6b5b557f\serde-1.0.219\src\de\impls.rs:2578:35
     |
2578 |             while let Some(key) = tri!(map.next_key()) {
     |                                   -------------------- in this macro invocation
     |
     = note: this error originates in the macro `tri` (in Nightly builds, run with -Z macro-backtrace for more info)
help: consider importing this tuple variant
    -->  C:\Users\john\.cargo\registry\src\index.crates.io-1949cf8c6b5b557f\serde-1.0.219\src\de\impls.rs:2479:5
     |
2479 +     use core::result::Result::Ok;
     |

error[E0531]: cannot find tuple struct or tuple variant `Err` in this scope
    --> C:\Users\john\.cargo\registry\src\index.crates.io-1949cf8c6b5b557f\serde-1.0.219\src\lib.rs:299:13
     |
299  |             Err(err) => return Err(err),
     |             ^^^ not found in this scope
     |
    ::: C:\Users\john\.cargo\registry\src\index.crates.io-1949cf8c6b5b557f\serde-1.0.219\src\de\impls.rs:2578:35
     |
2578 |             while let Some(key) = tri!(map.next_key()) {
     |                                   -------------------- in this macro invocation
     |
     = note: this error originates in the macro `tri` (in Nightly builds, run with -Z macro-backtrace for more info)
help: consider importing this tuple variant
    -->  C:\Users\john\.cargo\registry\src\index.crates.io-1949cf8c6b5b557f\serde-1.0.219\src\de\impls.rs:2479:5
     |
2479 +     use core::result::Result::Err;
     |

error[E0425]: cannot find function, tuple struct or tuple variant `Err` in this scope
    --> C:\Users\john\.cargo\registry\src\index.crates.io-1949cf8c6b5b557f\serde-1.0.219\src\lib.rs:299:32
     |
299  |             Err(err) => return Err(err),
     |                                ^^^
     |
    ::: C:\Users\john\.cargo\registry\src\index.crates.io-1949cf8c6b5b557f\serde-1.0.219\src\de\impls.rs:2578:35
     |
2578 |             while let Some(key) = tri!(map.next_key()) {
     |                                   -------------------- in this macro invocation
     |
     = note: this error originates in the macro `tri` (in Nightly builds, run with -Z macro-backtrace for more info)
help: a local variable with a similar name exists
     |
299  -             Err(err) => return Err(err),
299  +             Err(err) => return err(err),
     |
help: consider importing this tuple variant
    -->  C:\Users\john\.cargo\registry\src\index.crates.io-1949cf8c6b5b557f\serde-1.0.219\src\de\impls.rs:2479:5
     |
2479 +     use core::result::Result::Err;
     |

error[E0531]: cannot find tuple struct or tuple variant `Some` in this scope
    --> C:\Users\john\.cargo\registry\src\index.crates.io-1949cf8c6b5b557f\serde-1.0.219\src\de\impls.rs:2578:23
     |
2578 |             while let Some(key) = tri!(map.next_key()) {
     |                       ^^^^ not found in this scope
     |
note: tuple variant `crate::__private::ser::content::Content::Some` exists but is inaccessible
    --> C:\Users\john\.cargo\registry\src\index.crates.io-1949cf8c6b5b557f\serde-1.0.219\src\private\ser.rs:443:9
     |
443  |         Some(Box<Content>),
     |         ^^^^^^^^^^^^^^^^^^ not accessible
help: consider importing one of these tuple variants
     |
2479 +     use crate::__private::de::Content::Some;
     |
2479 +     use core::option::Option::Some;
     |

error[E0425]: cannot find function, tuple struct or tuple variant `Err` in this scope
    --> C:\Users\john\.cargo\registry\src\index.crates.io-1949cf8c6b5b557f\serde-1.0.219\src\de\impls.rs:2582:36
     |
2582 | ...                   return Err(<A::Error as Error>::duplicate_field("start"));
     |                              ^^^ not found in this scope
     |
help: consider importing this tuple variant
     |
2479 +     use core::result::Result::Err;
     |

error[E0425]: cannot find function, tuple struct or tuple variant `Some` in this scope
    --> C:\Users\john\.cargo\registry\src\index.crates.io-1949cf8c6b5b557f\serde-1.0.219\src\de\impls.rs:2584:33
     |
2584 |                         start = Some(tri!(map.next_value()));
     |                                 ^^^^ not found in this scope
     |
note: tuple variant `crate::__private::ser::content::Content::Some` exists but is inaccessible
    --> C:\Users\john\.cargo\registry\src\index.crates.io-1949cf8c6b5b557f\serde-1.0.219\src\private\ser.rs:443:9
     |
443  |         Some(Box<Content>),
     |         ^^^^^^^^^^^^^^^^^^ not accessible
help: consider importing one of these tuple variants
     |
2479 +     use crate::__private::de::Content::Some;
     |
2479 +     use core::option::Option::Some;
     |

error[E0531]: cannot find tuple struct or tuple variant `Ok` in this scope
    --> C:\Users\john\.cargo\registry\src\index.crates.io-1949cf8c6b5b557f\serde-1.0.219\src\lib.rs:298:13
     |
298  |             Ok(val) => val,
     |             ^^ not found in this scope
     |
    ::: C:\Users\john\.cargo\registry\src\index.crates.io-1949cf8c6b5b557f\serde-1.0.219\src\de\impls.rs:2584:38
     |
2584 |                         start = Some(tri!(map.next_value()));
     |                                      ---------------------- in this macro invocation
     |
     = note: this error originates in the macro `tri` (in Nightly builds, run with -Z macro-backtrace for more info)
help: consider importing this tuple variant
    -->  C:\Users\john\.cargo\registry\src\index.crates.io-1949cf8c6b5b557f\serde-1.0.219\src\de\impls.rs:2479:5
     |
2479 +     use core::result::Result::Ok;
     |

error[E0531]: cannot find tuple struct or tuple variant `Err` in this scope
    --> C:\Users\john\.cargo\registry\src\index.crates.io-1949cf8c6b5b557f\serde-1.0.219\src\lib.rs:299:13
     |
299  |             Err(err) => return Err(err),
     |             ^^^ not found in this scope
     |
    ::: C:\Users\john\.cargo\registry\src\index.crates.io-1949cf8c6b5b557f\serde-1.0.219\src\de\impls.rs:2584:38
     |
2584 |                         start = Some(tri!(map.next_value()));
     |                                      ---------------------- in this macro invocation
     |
     = note: this error originates in the macro `tri` (in Nightly builds, run with -Z macro-backtrace for more info)
help: consider importing this tuple variant
    -->  C:\Users\john\.cargo\registry\src\index.crates.io-1949cf8c6b5b557f\serde-1.0.219\src\de\impls.rs:2479:5
     |
2479 +     use core::result::Result::Err;
     |

error[E0425]: cannot find function, tuple struct or tuple variant `Err` in this scope
    --> C:\Users\john\.cargo\registry\src\index.crates.io-1949cf8c6b5b557f\serde-1.0.219\src\lib.rs:299:32
     |
299  |             Err(err) => return Err(err),
     |                                ^^^
     |
    ::: C:\Users\john\.cargo\registry\src\index.crates.io-1949cf8c6b5b557f\serde-1.0.219\src\de\impls.rs:2584:38
     |
2584 |                         start = Some(tri!(map.next_value()));
     |                                      ---------------------- in this macro invocation
     |
     = note: this error originates in the macro `tri` (in Nightly builds, run with -Z macro-backtrace for more info)
help: a local variable with a similar name exists
     |
299  -             Err(err) => return Err(err),
299  +             Err(err) => return err(err),
     |
help: consider importing this tuple variant
    -->  C:\Users\john\.cargo\registry\src\index.crates.io-1949cf8c6b5b557f\serde-1.0.219\src\de\impls.rs:2479:5
     |
2479 +     use core::result::Result::Err;
     |

error[E0425]: cannot find function, tuple struct or tuple variant `Err` in this scope
    --> C:\Users\john\.cargo\registry\src\index.crates.io-1949cf8c6b5b557f\serde-1.0.219\src\de\impls.rs:2588:36
     |
2588 | ...                   return Err(<A::Error as Error>::duplicate_field("end"));
     |                              ^^^ not found in this scope
     |
help: consider importing this tuple variant
     |
2479 +     use core::result::Result::Err;
     |

error[E0425]: cannot find function, tuple struct or tuple variant `Some` in this scope
    --> C:\Users\john\.cargo\registry\src\index.crates.io-1949cf8c6b5b557f\serde-1.0.219\src\de\impls.rs:2590:31
     |
2590 |                         end = Some(tri!(map.next_value()));
     |                               ^^^^ not found in this scope
     |
note: tuple variant `crate::__private::ser::content::Content::Some` exists but is inaccessible
    --> C:\Users\john\.cargo\registry\src\index.crates.io-1949cf8c6b5b557f\serde-1.0.219\src\private\ser.rs:443:9
     |
443  |         Some(Box<Content>),
     |         ^^^^^^^^^^^^^^^^^^ not accessible
help: consider importing one of these tuple variants
     |
2479 +     use crate::__private::de::Content::Some;
     |
2479 +     use core::option::Option::Some;
     |

error[E0531]: cannot find tuple struct or tuple variant `Ok` in this scope
    --> C:\Users\john\.cargo\registry\src\index.crates.io-1949cf8c6b5b557f\serde-1.0.219\src\lib.rs:298:13
     |
298  |             Ok(val) => val,
     |             ^^ not found in this scope
     |
    ::: C:\Users\john\.cargo\registry\src\index.crates.io-1949cf8c6b5b557f\serde-1.0.219\src\de\impls.rs:2590:36
     |
2590 |                         end = Some(tri!(map.next_value()));
     |                                    ---------------------- in this macro invocation
     |
     = note: this error originates in the macro `tri` (in Nightly builds, run with -Z macro-backtrace for more info)
help: consider importing this tuple variant
    -->  C:\Users\john\.cargo\registry\src\index.crates.io-1949cf8c6b5b557f\serde-1.0.219\src\de\impls.rs:2479:5
     |
2479 +     use core::result::Result::Ok;
     |

error[E0531]: cannot find tuple struct or tuple variant `Err` in this scope
    --> C:\Users\john\.cargo\registry\src\index.crates.io-1949cf8c6b5b557f\serde-1.0.219\src\lib.rs:299:13
     |
299  |             Err(err) => return Err(err),
     |             ^^^ not found in this scope
     |
    ::: C:\Users\john\.cargo\registry\src\index.crates.io-1949cf8c6b5b557f\serde-1.0.219\src\de\impls.rs:2590:36
     |
2590 |                         end = Some(tri!(map.next_value()));
     |                                    ---------------------- in this macro invocation
     |
     = note: this error originates in the macro `tri` (in Nightly builds, run with -Z macro-backtrace for more info)
help: consider importing this tuple variant
    -->  C:\Users\john\.cargo\registry\src\index.crates.io-1949cf8c6b5b557f\serde-1.0.219\src\de\impls.rs:2479:5
     |
2479 +     use core::result::Result::Err;
     |

error[E0425]: cannot find function, tuple struct or tuple variant `Err` in this scope
    --> C:\Users\john\.cargo\registry\src\index.crates.io-1949cf8c6b5b557f\serde-1.0.219\src\lib.rs:299:32
     |
299  |             Err(err) => return Err(err),
     |                                ^^^
     |
    ::: C:\Users\john\.cargo\registry\src\index.crates.io-1949cf8c6b5b557f\serde-1.0.219\src\de\impls.rs:2590:36
     |
2590 |                         end = Some(tri!(map.next_value()));
     |                                    ---------------------- in this macro invocation
     |
     = note: this error originates in the macro `tri` (in Nightly builds, run with -Z macro-backtrace for more info)
help: a local variable with a similar name exists
     |
299  -             Err(err) => return Err(err),
299  +             Err(err) => return err(err),
     |
help: consider importing this tuple variant
    -->  C:\Users\john\.cargo\registry\src\index.crates.io-1949cf8c6b5b557f\serde-1.0.219\src\de\impls.rs:2479:5
     |
2479 +     use core::result::Result::Err;
     |

error[E0531]: cannot find tuple struct or tuple variant `Some` in this scope
    --> C:\Users\john\.cargo\registry\src\index.crates.io-1949cf8c6b5b557f\serde-1.0.219\src\de\impls.rs:2595:17
     |
2595 |                 Some(start) => start,
     |                 ^^^^ not found in this scope
     |
note: tuple variant `crate::__private::ser::content::Content::Some` exists but is inaccessible
    --> C:\Users\john\.cargo\registry\src\index.crates.io-1949cf8c6b5b557f\serde-1.0.219\src\private\ser.rs:443:9
     |
443  |         Some(Box<Content>),
     |         ^^^^^^^^^^^^^^^^^^ not accessible
help: consider importing one of these tuple variants
     |
2479 +     use crate::__private::de::Content::Some;
     |
2479 +     use core::option::Option::Some;
     |

error[E0425]: cannot find function, tuple struct or tuple variant `Err` in this scope
    --> C:\Users\john\.cargo\registry\src\index.crates.io-1949cf8c6b5b557f\serde-1.0.219\src\de\impls.rs:2596:32
     |
2596 |                 None => return Err(<A::Error as Error>::missing_field("start")),
     |                                ^^^ not found in this scope
     |
help: consider importing this tuple variant
     |
2479 +     use core::result::Result::Err;
     |

error[E0531]: cannot find tuple struct or tuple variant `Some` in this scope
    --> C:\Users\john\.cargo\registry\src\index.crates.io-1949cf8c6b5b557f\serde-1.0.219\src\de\impls.rs:2599:17
     |
2599 |                 Some(end) => end,
     |                 ^^^^ not found in this scope
     |
note: tuple variant `crate::__private::ser::content::Content::Some` exists but is inaccessible
    --> C:\Users\john\.cargo\registry\src\index.crates.io-1949cf8c6b5b557f\serde-1.0.219\src\private\ser.rs:443:9
     |
443  |         Some(Box<Content>),
     |         ^^^^^^^^^^^^^^^^^^ not accessible
help: consider importing one of these tuple variants
     |
2479 +     use crate::__private::de::Content::Some;
     |
2479 +     use core::option::Option::Some;
     |

error[E0425]: cannot find function, tuple struct or tuple variant `Err` in this scope
    --> C:\Users\john\.cargo\registry\src\index.crates.io-1949cf8c6b5b557f\serde-1.0.219\src\de\impls.rs:2600:32
     |
2600 |                 None => return Err(<A::Error as Error>::missing_field("end")),
     |                                ^^^ not found in this scope
     |
help: consider importing this tuple variant
     |
2479 +     use core::result::Result::Err;
     |

error[E0425]: cannot find function, tuple struct or tuple variant `Ok` in this scope
    --> C:\Users\john\.cargo\registry\src\index.crates.io-1949cf8c6b5b557f\serde-1.0.219\src\de\impls.rs:2602:13
     |
2602 |             Ok((start, end))
     |             ^^ not found in this scope
     |
help: consider importing this tuple variant
     |
2479 +     use core::result::Result::Ok;
     |

error[E0412]: cannot find type `Result` in this scope
    --> C:\Users\john\.cargo\registry\src\index.crates.io-1949cf8c6b5b557f\serde-1.0.219\src\de\impls.rs:2620:43
     |
2620 |     fn deserialize<D>(deserializer: D) -> Result<Self, D::Error>
     |                                           ^^^^^^ not found in this scope
     |
help: consider importing one of these items
     |
1    + use core::fmt::Result;
     |
1    + use core::result::Result;
     |

error[E0531]: cannot find tuple struct or tuple variant `Ok` in this scope
    --> C:\Users\john\.cargo\registry\src\index.crates.io-1949cf8c6b5b557f\serde-1.0.219\src\lib.rs:298:13
     |
298  |               Ok(val) => val,
     |               ^^ not found in this scope
     |
    ::: C:\Users\john\.cargo\registry\src\index.crates.io-1949cf8c6b5b557f\serde-1.0.219\src\de\impls.rs:2624:21
     |
2624 |           let start = tri!(deserializer.deserialize_struct(
     |  _____________________-
2625 | |             "RangeFrom",
2626 | |             range_from::FIELDS,
2627 | |             range_from::RangeFromVisitor {
...    |
2630 | |             },
2631 | |         ));
     | |__________- in this macro invocation
     |
     = note: this error originates in the macro `tri` (in Nightly builds, run with -Z macro-backtrace for more info)
help: consider importing this tuple variant
    -->  C:\Users\john\.cargo\registry\src\index.crates.io-1949cf8c6b5b557f\serde-1.0.219\src\de\impls.rs:1:1
     |
1    + use core::result::Result::Ok;
     |

error[E0531]: cannot find tuple struct or tuple variant `Err` in this scope
    --> C:\Users\john\.cargo\registry\src\index.crates.io-1949cf8c6b5b557f\serde-1.0.219\src\lib.rs:299:13
     |
299  |               Err(err) => return Err(err),
     |               ^^^ not found in this scope
     |
    ::: C:\Users\john\.cargo\registry\src\index.crates.io-1949cf8c6b5b557f\serde-1.0.219\src\de\impls.rs:2624:21
     |
2624 |           let start = tri!(deserializer.deserialize_struct(
     |  _____________________-
2625 | |             "RangeFrom",
2626 | |             range_from::FIELDS,
2627 | |             range_from::RangeFromVisitor {
...    |
2630 | |             },
2631 | |         ));
     | |__________- in this macro invocation
     |
     = note: this error originates in the macro `tri` (in Nightly builds, run with -Z macro-backtrace for more info)
help: consider importing this tuple variant
    -->  C:\Users\john\.cargo\registry\src\index.crates.io-1949cf8c6b5b557f\serde-1.0.219\src\de\impls.rs:1:1
     |
1    + use core::result::Result::Err;
     |

error[E0425]: cannot find function, tuple struct or tuple variant `Err` in this scope
    --> C:\Users\john\.cargo\registry\src\index.crates.io-1949cf8c6b5b557f\serde-1.0.219\src\lib.rs:299:32
     |
299  |               Err(err) => return Err(err),
     |                                  ^^^
     |
    ::: C:\Users\john\.cargo\registry\src\index.crates.io-1949cf8c6b5b557f\serde-1.0.219\src\de\impls.rs:2624:21
     |
2624 |           let start = tri!(deserializer.deserialize_struct(
     |  _____________________-
2625 | |             "RangeFrom",
2626 | |             range_from::FIELDS,
2627 | |             range_from::RangeFromVisitor {
...    |
2630 | |             },
2631 | |         ));
     | |__________- in this macro invocation
     |
     = note: this error originates in the macro `tri` (in Nightly builds, run with -Z macro-backtrace for more info)
help: a local variable with a similar name exists
     |
299  -             Err(err) => return Err(err),
299  +             Err(err) => return err(err),
     |
help: consider importing this tuple variant
    -->  C:\Users\john\.cargo\registry\src\index.crates.io-1949cf8c6b5b557f\serde-1.0.219\src\de\impls.rs:1:1
     |
1    + use core::result::Result::Err;
     |

error[E0425]: cannot find function, tuple struct or tuple variant `Ok` in this scope
    --> C:\Users\john\.cargo\registry\src\index.crates.io-1949cf8c6b5b557f\serde-1.0.219\src\de\impls.rs:2632:9
     |
2632 |         Ok(start..)
     |         ^^ not found in this scope
     |
help: consider importing this tuple variant
     |
1    + use core::result::Result::Ok;
     |

error[E0412]: cannot find type `Result` in this scope
    --> C:\Users\john\.cargo\registry\src\index.crates.io-1949cf8c6b5b557f\serde-1.0.219\src\de\impls.rs:2652:47
     |
2652 |         fn deserialize<D>(deserializer: D) -> Result<Self, D::Error>
     |                                               ^^^^^^ not found in this scope
     |
help: consider importing one of these items
     |
2637 +     use core::fmt::Result;
     |
2637 +     use core::result::Result;
     |

error[E0412]: cannot find type `Result` in this scope
    --> C:\Users\john\.cargo\registry\src\index.crates.io-1949cf8c6b5b557f\serde-1.0.219\src\de\impls.rs:2665:55
     |
2665 |                 fn visit_str<E>(self, value: &str) -> Result<Self::Value, E>
     |                                                       ^^^^^^ not found in this scope
     |
help: consider importing one of these items
     |
2637 +     use core::fmt::Result;
     |
2637 +     use core::result::Result;
     |

error[E0425]: cannot find function, tuple struct or tuple variant `Ok` in this scope
    --> C:\Users\john\.cargo\registry\src\index.crates.io-1949cf8c6b5b557f\serde-1.0.219\src\de\impls.rs:2670:36
     |
2670 |                         "start" => Ok(Field::Start),
     |                                    ^^ not found in this scope
     |
help: consider importing this tuple variant
     |
2637 +     use core::result::Result::Ok;
     |

error[E0425]: cannot find function, tuple struct or tuple variant `Err` in this scope
    --> C:\Users\john\.cargo\registry\src\index.crates.io-1949cf8c6b5b557f\serde-1.0.219\src\de\impls.rs:2671:30
     |
2671 |                         _ => Err(Error::unknown_field(value, FIELDS)),
     |                              ^^^ not found in this scope
     |
help: consider importing this tuple variant
     |
2637 +     use core::result::Result::Err;
     |

error[E0412]: cannot find type `Result` in this scope
    --> C:\Users\john\.cargo\registry\src\index.crates.io-1949cf8c6b5b557f\serde-1.0.219\src\de\impls.rs:2675:58
     |
2675 |                 fn visit_bytes<E>(self, value: &[u8]) -> Result<Self::Value, E>
     |                                                          ^^^^^^ not found in this scope
     |
help: consider importing one of these items
     |
2637 +     use core::fmt::Result;
     |
2637 +     use core::result::Result;
     |

error[E0425]: cannot find function, tuple struct or tuple variant `Ok` in this scope
    --> C:\Users\john\.cargo\registry\src\index.crates.io-1949cf8c6b5b557f\serde-1.0.219\src\de\impls.rs:2680:37
     |
2680 |                         b"start" => Ok(Field::Start),
     |                                     ^^ not found in this scope
     |
help: consider importing this tuple variant
     |
2637 +     use core::result::Result::Ok;
     |

error[E0425]: cannot find function, tuple struct or tuple variant `Err` in this scope
    --> C:\Users\john\.cargo\registry\src\index.crates.io-1949cf8c6b5b557f\serde-1.0.219\src\de\impls.rs:2683:29
     |
2683 | ...                   Err(Error::unknown_field(&*value, FIELDS))
     |                       ^^^ not found in this scope
     |
help: consider importing this tuple variant
     |
2637 +     use core::result::Result::Err;
     |

error[E0412]: cannot find type `Result` in this scope
    --> C:\Users\john\.cargo\registry\src\index.crates.io-1949cf8c6b5b557f\serde-1.0.219\src\de\impls.rs:2708:46
     |
2708 |         fn visit_seq<A>(self, mut seq: A) -> Result<Self::Value, A::Error>
     |                                              ^^^^^^ not found in this scope
     |
help: consider importing one of these items
     |
2637 +     use core::fmt::Result;
     |
2637 +     use core::result::Result;
     |

error[E0531]: cannot find tuple struct or tuple variant `Ok` in this scope
    --> C:\Users\john\.cargo\registry\src\index.crates.io-1949cf8c6b5b557f\serde-1.0.219\src\lib.rs:298:13
     |
298  |             Ok(val) => val,
     |             ^^ not found in this scope
     |
    ::: C:\Users\john\.cargo\registry\src\index.crates.io-1949cf8c6b5b557f\serde-1.0.219\src\de\impls.rs:2712:36
     |
2712 |             let start: Idx = match tri!(seq.next_element()) {
     |                                    ------------------------ in this macro invocation
     |
     = note: this error originates in the macro `tri` (in Nightly builds, run with -Z macro-backtrace for more info)
help: consider importing this tuple variant
    -->  C:\Users\john\.cargo\registry\src\index.crates.io-1949cf8c6b5b557f\serde-1.0.219\src\de\impls.rs:2637:5
     |
2637 +     use core::result::Result::Ok;
     |

error[E0531]: cannot find tuple struct or tuple variant `Err` in this scope
    --> C:\Users\john\.cargo\registry\src\index.crates.io-1949cf8c6b5b557f\serde-1.0.219\src\lib.rs:299:13
     |
299  |             Err(err) => return Err(err),
     |             ^^^ not found in this scope
     |
    ::: C:\Users\john\.cargo\registry\src\index.crates.io-1949cf8c6b5b557f\serde-1.0.219\src\de\impls.rs:2712:36
     |
2712 |             let start: Idx = match tri!(seq.next_element()) {
     |                                    ------------------------ in this macro invocation
     |
     = note: this error originates in the macro `tri` (in Nightly builds, run with -Z macro-backtrace for more info)
help: consider importing this tuple variant
    -->  C:\Users\john\.cargo\registry\src\index.crates.io-1949cf8c6b5b557f\serde-1.0.219\src\de\impls.rs:2637:5
     |
2637 +     use core::result::Result::Err;
     |

error[E0425]: cannot find function, tuple struct or tuple variant `Err` in this scope
    --> C:\Users\john\.cargo\registry\src\index.crates.io-1949cf8c6b5b557f\serde-1.0.219\src\lib.rs:299:32
     |
299  |             Err(err) => return Err(err),
     |                                ^^^
     |
    ::: C:\Users\john\.cargo\registry\src\index.crates.io-1949cf8c6b5b557f\serde-1.0.219\src\de\impls.rs:2712:36
     |
2712 |             let start: Idx = match tri!(seq.next_element()) {
     |                                    ------------------------ in this macro invocation
     |
     = note: this error originates in the macro `tri` (in Nightly builds, run with -Z macro-backtrace for more info)
help: a local variable with a similar name exists
     |
299  -             Err(err) => return Err(err),
299  +             Err(err) => return err(err),
     |
help: consider importing this tuple variant
    -->  C:\Users\john\.cargo\registry\src\index.crates.io-1949cf8c6b5b557f\serde-1.0.219\src\de\impls.rs:2637:5
     |
2637 +     use core::result::Result::Err;
     |

error[E0531]: cannot find tuple struct or tuple variant `Some` in this scope
    --> C:\Users\john\.cargo\registry\src\index.crates.io-1949cf8c6b5b557f\serde-1.0.219\src\de\impls.rs:2713:17
     |
2713 |                 Some(value) => value,
     |                 ^^^^ not found in this scope
     |
note: tuple variant `crate::__private::ser::content::Content::Some` exists but is inaccessible
    --> C:\Users\john\.cargo\registry\src\index.crates.io-1949cf8c6b5b557f\serde-1.0.219\src\private\ser.rs:443:9
     |
443  |         Some(Box<Content>),
     |         ^^^^^^^^^^^^^^^^^^ not accessible
help: consider importing one of these tuple variants
     |
2637 +     use crate::__private::de::Content::Some;
     |
2637 +     use core::option::Option::Some;
     |

error[E0425]: cannot find function, tuple struct or tuple variant `Err` in this scope
    --> C:\Users\john\.cargo\registry\src\index.crates.io-1949cf8c6b5b557f\serde-1.0.219\src\de\impls.rs:2715:28
     |
2715 |                     return Err(Error::invalid_length(0, &self));
     |                            ^^^ not found in this scope
     |
help: consider importing this tuple variant
     |
2637 +     use core::result::Result::Err;
     |

error[E0425]: cannot find function, tuple struct or tuple variant `Ok` in this scope
    --> C:\Users\john\.cargo\registry\src\index.crates.io-1949cf8c6b5b557f\serde-1.0.219\src\de\impls.rs:2718:13
     |
2718 |             Ok(start)
     |             ^^ not found in this scope
     |
help: consider importing this tuple variant
     |
2637 +     use core::result::Result::Ok;
     |

error[E0412]: cannot find type `Result` in this scope
    --> C:\Users\john\.cargo\registry\src\index.crates.io-1949cf8c6b5b557f\serde-1.0.219\src\de\impls.rs:2721:46
     |
2721 |         fn visit_map<A>(self, mut map: A) -> Result<Self::Value, A::Error>
     |                                              ^^^^^^ not found in this scope
     |
help: consider importing one of these items
     |
2637 +     use core::fmt::Result;
     |
2637 +     use core::result::Result;
     |

error[E0412]: cannot find type `Option` in this scope
    --> C:\Users\john\.cargo\registry\src\index.crates.io-1949cf8c6b5b557f\serde-1.0.219\src\de\impls.rs:2725:28
     |
2725 |             let mut start: Option<Idx> = None;
     |                            ^^^^^^ not found in this scope
     |
help: consider importing this enum
     |
2637 +     use core::option::Option;
     |

error[E0425]: cannot find value `None` in this scope
    --> C:\Users\john\.cargo\registry\src\index.crates.io-1949cf8c6b5b557f\serde-1.0.219\src\de\impls.rs:2725:42
     |
2725 |             let mut start: Option<Idx> = None;
     |                                          ^^^^ not found in this scope
     |
note: unit variant `crate::__private::ser::content::Content::None` exists but is inaccessible
    --> C:\Users\john\.cargo\registry\src\index.crates.io-1949cf8c6b5b557f\serde-1.0.219\src\private\ser.rs:442:9
     |
442  |         None,
     |         ^^^^ not accessible
help: consider importing one of these unit variants
     |
2637 +     use crate::__private::de::Content::None;
     |
2637 +     use core::option::Option::None;
     |

error[E0531]: cannot find tuple struct or tuple variant `Ok` in this scope
    --> C:\Users\john\.cargo\registry\src\index.crates.io-1949cf8c6b5b557f\serde-1.0.219\src\lib.rs:298:13
     |
298  |             Ok(val) => val,
     |             ^^ not found in this scope
     |
    ::: C:\Users\john\.cargo\registry\src\index.crates.io-1949cf8c6b5b557f\serde-1.0.219\src\de\impls.rs:2726:35
     |
2726 |             while let Some(key) = tri!(map.next_key()) {
     |                                   -------------------- in this macro invocation
     |
     = note: this error originates in the macro `tri` (in Nightly builds, run with -Z macro-backtrace for more info)
help: consider importing this tuple variant
    -->  C:\Users\john\.cargo\registry\src\index.crates.io-1949cf8c6b5b557f\serde-1.0.219\src\de\impls.rs:2637:5
     |
2637 +     use core::result::Result::Ok;
     |

error[E0531]: cannot find tuple struct or tuple variant `Err` in this scope
    --> C:\Users\john\.cargo\registry\src\index.crates.io-1949cf8c6b5b557f\serde-1.0.219\src\lib.rs:299:13
     |
299  |             Err(err) => return Err(err),
     |             ^^^ not found in this scope
     |
    ::: C:\Users\john\.cargo\registry\src\index.crates.io-1949cf8c6b5b557f\serde-1.0.219\src\de\impls.rs:2726:35
     |
2726 |             while let Some(key) = tri!(map.next_key()) {
     |                                   -------------------- in this macro invocation
     |
     = note: this error originates in the macro `tri` (in Nightly builds, run with -Z macro-backtrace for more info)
help: consider importing this tuple variant
    -->  C:\Users\john\.cargo\registry\src\index.crates.io-1949cf8c6b5b557f\serde-1.0.219\src\de\impls.rs:2637:5
     |
2637 +     use core::result::Result::Err;
     |

error[E0425]: cannot find function, tuple struct or tuple variant `Err` in this scope
    --> C:\Users\john\.cargo\registry\src\index.crates.io-1949cf8c6b5b557f\serde-1.0.219\src\lib.rs:299:32
     |
299  |             Err(err) => return Err(err),
     |                                ^^^
     |
    ::: C:\Users\john\.cargo\registry\src\index.crates.io-1949cf8c6b5b557f\serde-1.0.219\src\de\impls.rs:2726:35
     |
2726 |             while let Some(key) = tri!(map.next_key()) {
     |                                   -------------------- in this macro invocation
     |
     = note: this error originates in the macro `tri` (in Nightly builds, run with -Z macro-backtrace for more info)
help: a local variable with a similar name exists
     |
299  -             Err(err) => return Err(err),
299  +             Err(err) => return err(err),
     |
help: consider importing this tuple variant
    -->  C:\Users\john\.cargo\registry\src\index.crates.io-1949cf8c6b5b557f\serde-1.0.219\src\de\impls.rs:2637:5
     |
2637 +     use core::result::Result::Err;
     |

error[E0531]: cannot find tuple struct or tuple variant `Some` in this scope
    --> C:\Users\john\.cargo\registry\src\index.crates.io-1949cf8c6b5b557f\serde-1.0.219\src\de\impls.rs:2726:23
     |
2726 |             while let Some(key) = tri!(map.next_key()) {
     |                       ^^^^ not found in this scope
     |
note: tuple variant `crate::__private::ser::content::Content::Some` exists but is inaccessible
    --> C:\Users\john\.cargo\registry\src\index.crates.io-1949cf8c6b5b557f\serde-1.0.219\src\private\ser.rs:443:9
     |
443  |         Some(Box<Content>),
     |         ^^^^^^^^^^^^^^^^^^ not accessible
help: consider importing one of these tuple variants
     |
2637 +     use crate::__private::de::Content::Some;
     |
2637 +     use core::option::Option::Some;
     |

error[E0425]: cannot find function, tuple struct or tuple variant `Err` in this scope
    --> C:\Users\john\.cargo\registry\src\index.crates.io-1949cf8c6b5b557f\serde-1.0.219\src\de\impls.rs:2730:36
     |
2730 | ...                   return Err(<A::Error as Error>::duplicate_field("start"));
     |                              ^^^ not found in this scope
     |
help: consider importing this tuple variant
     |
2637 +     use core::result::Result::Err;
     |

error[E0425]: cannot find function, tuple struct or tuple variant `Some` in this scope
    --> C:\Users\john\.cargo\registry\src\index.crates.io-1949cf8c6b5b557f\serde-1.0.219\src\de\impls.rs:2732:33
     |
2732 |                         start = Some(tri!(map.next_value()));
     |                                 ^^^^ not found in this scope
     |
note: tuple variant `crate::__private::ser::content::Content::Some` exists but is inaccessible
    --> C:\Users\john\.cargo\registry\src\index.crates.io-1949cf8c6b5b557f\serde-1.0.219\src\private\ser.rs:443:9
     |
443  |         Some(Box<Content>),
     |         ^^^^^^^^^^^^^^^^^^ not accessible
help: consider importing one of these tuple variants
     |
2637 +     use crate::__private::de::Content::Some;
     |
2637 +     use core::option::Option::Some;
     |

error[E0531]: cannot find tuple struct or tuple variant `Ok` in this scope
    --> C:\Users\john\.cargo\registry\src\index.crates.io-1949cf8c6b5b557f\serde-1.0.219\src\lib.rs:298:13
     |
298  |             Ok(val) => val,
     |             ^^ not found in this scope
     |
    ::: C:\Users\john\.cargo\registry\src\index.crates.io-1949cf8c6b5b557f\serde-1.0.219\src\de\impls.rs:2732:38
     |
2732 |                         start = Some(tri!(map.next_value()));
     |                                      ---------------------- in this macro invocation
     |
     = note: this error originates in the macro `tri` (in Nightly builds, run with -Z macro-backtrace for more info)
help: consider importing this tuple variant
    -->  C:\Users\john\.cargo\registry\src\index.crates.io-1949cf8c6b5b557f\serde-1.0.219\src\de\impls.rs:2637:5
     |
2637 +     use core::result::Result::Ok;
     |

error[E0531]: cannot find tuple struct or tuple variant `Err` in this scope
    --> C:\Users\john\.cargo\registry\src\index.crates.io-1949cf8c6b5b557f\serde-1.0.219\src\lib.rs:299:13
     |
299  |             Err(err) => return Err(err),
     |             ^^^ not found in this scope
     |
    ::: C:\Users\john\.cargo\registry\src\index.crates.io-1949cf8c6b5b557f\serde-1.0.219\src\de\impls.rs:2732:38
     |
2732 |                         start = Some(tri!(map.next_value()));
     |                                      ---------------------- in this macro invocation
     |
     = note: this error originates in the macro `tri` (in Nightly builds, run with -Z macro-backtrace for more info)
help: consider importing this tuple variant
    -->  C:\Users\john\.cargo\registry\src\index.crates.io-1949cf8c6b5b557f\serde-1.0.219\src\de\impls.rs:2637:5
     |
2637 +     use core::result::Result::Err;
     |

error[E0425]: cannot find function, tuple struct or tuple variant `Err` in this scope
    --> C:\Users\john\.cargo\registry\src\index.crates.io-1949cf8c6b5b557f\serde-1.0.219\src\lib.rs:299:32
     |
299  |             Err(err) => return Err(err),
     |                                ^^^
     |
    ::: C:\Users\john\.cargo\registry\src\index.crates.io-1949cf8c6b5b557f\serde-1.0.219\src\de\impls.rs:2732:38
     |
2732 |                         start = Some(tri!(map.next_value()));
     |                                      ---------------------- in this macro invocation
     |
     = note: this error originates in the macro `tri` (in Nightly builds, run with -Z macro-backtrace for more info)
help: a local variable with a similar name exists
     |
299  -             Err(err) => return Err(err),
299  +             Err(err) => return err(err),
     |
help: consider importing this tuple variant
    -->  C:\Users\john\.cargo\registry\src\index.crates.io-1949cf8c6b5b557f\serde-1.0.219\src\de\impls.rs:2637:5
     |
2637 +     use core::result::Result::Err;
     |

error[E0531]: cannot find tuple struct or tuple variant `Some` in this scope
    --> C:\Users\john\.cargo\registry\src\index.crates.io-1949cf8c6b5b557f\serde-1.0.219\src\de\impls.rs:2737:17
     |
2737 |                 Some(start) => start,
     |                 ^^^^ not found in this scope
     |
note: tuple variant `crate::__private::ser::content::Content::Some` exists but is inaccessible
    --> C:\Users\john\.cargo\registry\src\index.crates.io-1949cf8c6b5b557f\serde-1.0.219\src\private\ser.rs:443:9
     |
443  |         Some(Box<Content>),
     |         ^^^^^^^^^^^^^^^^^^ not accessible
help: consider importing one of these tuple variants
     |
2637 +     use crate::__private::de::Content::Some;
     |
2637 +     use core::option::Option::Some;
     |

error[E0425]: cannot find function, tuple struct or tuple variant `Err` in this scope
    --> C:\Users\john\.cargo\registry\src\index.crates.io-1949cf8c6b5b557f\serde-1.0.219\src\de\impls.rs:2738:32
     |
2738 |                 None => return Err(<A::Error as Error>::missing_field("start")),
     |                                ^^^ not found in this scope
     |
help: consider importing this tuple variant
     |
2637 +     use core::result::Result::Err;
     |

error[E0425]: cannot find function, tuple struct or tuple variant `Ok` in this scope
    --> C:\Users\john\.cargo\registry\src\index.crates.io-1949cf8c6b5b557f\serde-1.0.219\src\de\impls.rs:2740:13
     |
2740 |             Ok(start)
     |             ^^ not found in this scope
     |
help: consider importing this tuple variant
     |
2637 +     use core::result::Result::Ok;
     |

error[E0412]: cannot find type `Result` in this scope
    --> C:\Users\john\.cargo\registry\src\index.crates.io-1949cf8c6b5b557f\serde-1.0.219\src\de\impls.rs:2758:43
     |
2758 |     fn deserialize<D>(deserializer: D) -> Result<Self, D::Error>
     |                                           ^^^^^^ not found in this scope
     |
help: consider importing one of these items
     |
1    + use core::fmt::Result;
     |
1    + use core::result::Result;
     |

error[E0531]: cannot find tuple struct or tuple variant `Ok` in this scope
    --> C:\Users\john\.cargo\registry\src\index.crates.io-1949cf8c6b5b557f\serde-1.0.219\src\lib.rs:298:13
     |
298  |               Ok(val) => val,
     |               ^^ not found in this scope
     |
    ::: C:\Users\john\.cargo\registry\src\index.crates.io-1949cf8c6b5b557f\serde-1.0.219\src\de\impls.rs:2762:19
     |
2762 |           let end = tri!(deserializer.deserialize_struct(
     |  ___________________-
2763 | |             "RangeTo",
2764 | |             range_to::FIELDS,
2765 | |             range_to::RangeToVisitor {
...    |
2768 | |             },
2769 | |         ));
     | |__________- in this macro invocation
     |
     = note: this error originates in the macro `tri` (in Nightly builds, run with -Z macro-backtrace for more info)
help: consider importing this tuple variant
    -->  C:\Users\john\.cargo\registry\src\index.crates.io-1949cf8c6b5b557f\serde-1.0.219\src\de\impls.rs:1:1
     |
1    + use core::result::Result::Ok;
     |

error[E0531]: cannot find tuple struct or tuple variant `Err` in this scope
    --> C:\Users\john\.cargo\registry\src\index.crates.io-1949cf8c6b5b557f\serde-1.0.219\src\lib.rs:299:13
     |
299  |               Err(err) => return Err(err),
     |               ^^^ not found in this scope
     |
    ::: C:\Users\john\.cargo\registry\src\index.crates.io-1949cf8c6b5b557f\serde-1.0.219\src\de\impls.rs:2762:19
     |
2762 |           let end = tri!(deserializer.deserialize_struct(
     |  ___________________-
2763 | |             "RangeTo",
2764 | |             range_to::FIELDS,
2765 | |             range_to::RangeToVisitor {
...    |
2768 | |             },
2769 | |         ));
     | |__________- in this macro invocation
     |
     = note: this error originates in the macro `tri` (in Nightly builds, run with -Z macro-backtrace for more info)
help: consider importing this tuple variant
    -->  C:\Users\john\.cargo\registry\src\index.crates.io-1949cf8c6b5b557f\serde-1.0.219\src\de\impls.rs:1:1
     |
1    + use core::result::Result::Err;
     |

error[E0425]: cannot find function, tuple struct or tuple variant `Err` in this scope
    --> C:\Users\john\.cargo\registry\src\index.crates.io-1949cf8c6b5b557f\serde-1.0.219\src\lib.rs:299:32
     |
299  |               Err(err) => return Err(err),
     |                                  ^^^
     |
    ::: C:\Users\john\.cargo\registry\src\index.crates.io-1949cf8c6b5b557f\serde-1.0.219\src\de\impls.rs:2762:19
     |
2762 |           let end = tri!(deserializer.deserialize_struct(
     |  ___________________-
2763 | |             "RangeTo",
2764 | |             range_to::FIELDS,
2765 | |             range_to::RangeToVisitor {
...    |
2768 | |             },
2769 | |         ));
     | |__________- in this macro invocation
     |
     = note: this error originates in the macro `tri` (in Nightly builds, run with -Z macro-backtrace for more info)
help: a local variable with a similar name exists
     |
299  -             Err(err) => return Err(err),
299  +             Err(err) => return err(err),
     |
help: consider importing this tuple variant
    -->  C:\Users\john\.cargo\registry\src\index.crates.io-1949cf8c6b5b557f\serde-1.0.219\src\de\impls.rs:1:1
     |
1    + use core::result::Result::Err;
     |

error[E0425]: cannot find function, tuple struct or tuple variant `Ok` in this scope
    --> C:\Users\john\.cargo\registry\src\index.crates.io-1949cf8c6b5b557f\serde-1.0.219\src\de\impls.rs:2770:9
     |
2770 |         Ok(..end)
     |         ^^ not found in this scope
     |
help: consider importing this tuple variant
     |
1    + use core::result::Result::Ok;
     |

error[E0412]: cannot find type `Result` in this scope
    --> C:\Users\john\.cargo\registry\src\index.crates.io-1949cf8c6b5b557f\serde-1.0.219\src\de\impls.rs:2790:47
     |
2790 |         fn deserialize<D>(deserializer: D) -> Result<Self, D::Error>
     |                                               ^^^^^^ not found in this scope
     |
help: consider importing one of these items
     |
2775 +     use core::fmt::Result;
     |
2775 +     use core::result::Result;
     |

error[E0412]: cannot find type `Result` in this scope
    --> C:\Users\john\.cargo\registry\src\index.crates.io-1949cf8c6b5b557f\serde-1.0.219\src\de\impls.rs:2803:55
     |
2803 |                 fn visit_str<E>(self, value: &str) -> Result<Self::Value, E>
     |                                                       ^^^^^^ not found in this scope
     |
help: consider importing one of these items
     |
2775 +     use core::fmt::Result;
     |
2775 +     use core::result::Result;
     |

error[E0425]: cannot find function, tuple struct or tuple variant `Ok` in this scope
    --> C:\Users\john\.cargo\registry\src\index.crates.io-1949cf8c6b5b557f\serde-1.0.219\src\de\impls.rs:2808:34
     |
2808 |                         "end" => Ok(Field::End),
     |                                  ^^ not found in this scope
     |
help: consider importing this tuple variant
     |
2775 +     use core::result::Result::Ok;
     |

error[E0425]: cannot find function, tuple struct or tuple variant `Err` in this scope
    --> C:\Users\john\.cargo\registry\src\index.crates.io-1949cf8c6b5b557f\serde-1.0.219\src\de\impls.rs:2809:30
     |
2809 |                         _ => Err(Error::unknown_field(value, FIELDS)),
     |                              ^^^ not found in this scope
     |
help: consider importing this tuple variant
     |
2775 +     use core::result::Result::Err;
     |

error[E0412]: cannot find type `Result` in this scope
    --> C:\Users\john\.cargo\registry\src\index.crates.io-1949cf8c6b5b557f\serde-1.0.219\src\de\impls.rs:2813:58
     |
2813 |                 fn visit_bytes<E>(self, value: &[u8]) -> Result<Self::Value, E>
     |                                                          ^^^^^^ not found in this scope
     |
help: consider importing one of these items
     |
2775 +     use core::fmt::Result;
     |
2775 +     use core::result::Result;
     |

error[E0425]: cannot find function, tuple struct or tuple variant `Ok` in this scope
    --> C:\Users\john\.cargo\registry\src\index.crates.io-1949cf8c6b5b557f\serde-1.0.219\src\de\impls.rs:2818:35
     |
2818 |                         b"end" => Ok(Field::End),
     |                                   ^^ not found in this scope
     |
help: consider importing this tuple variant
     |
2775 +     use core::result::Result::Ok;
     |

error[E0425]: cannot find function, tuple struct or tuple variant `Err` in this scope
    --> C:\Users\john\.cargo\registry\src\index.crates.io-1949cf8c6b5b557f\serde-1.0.219\src\de\impls.rs:2821:29
     |
2821 | ...                   Err(Error::unknown_field(&*value, FIELDS))
     |                       ^^^ not found in this scope
     |
help: consider importing this tuple variant
     |
2775 +     use core::result::Result::Err;
     |

error[E0412]: cannot find type `Result` in this scope
    --> C:\Users\john\.cargo\registry\src\index.crates.io-1949cf8c6b5b557f\serde-1.0.219\src\de\impls.rs:2846:46
     |
2846 |         fn visit_seq<A>(self, mut seq: A) -> Result<Self::Value, A::Error>
     |                                              ^^^^^^ not found in this scope
     |
help: consider importing one of these items
     |
2775 +     use core::fmt::Result;
     |
2775 +     use core::result::Result;
     |

error[E0531]: cannot find tuple struct or tuple variant `Ok` in this scope
    --> C:\Users\john\.cargo\registry\src\index.crates.io-1949cf8c6b5b557f\serde-1.0.219\src\lib.rs:298:13
     |
298  |             Ok(val) => val,
     |             ^^ not found in this scope
     |
    ::: C:\Users\john\.cargo\registry\src\index.crates.io-1949cf8c6b5b557f\serde-1.0.219\src\de\impls.rs:2850:34
     |
2850 |             let end: Idx = match tri!(seq.next_element()) {
     |                                  ------------------------ in this macro invocation
     |
     = note: this error originates in the macro `tri` (in Nightly builds, run with -Z macro-backtrace for more info)
help: consider importing this tuple variant
    -->  C:\Users\john\.cargo\registry\src\index.crates.io-1949cf8c6b5b557f\serde-1.0.219\src\de\impls.rs:2775:5
     |
2775 +     use core::result::Result::Ok;
     |

error[E0531]: cannot find tuple struct or tuple variant `Err` in this scope
    --> C:\Users\john\.cargo\registry\src\index.crates.io-1949cf8c6b5b557f\serde-1.0.219\src\lib.rs:299:13
     |
299  |             Err(err) => return Err(err),
     |             ^^^ not found in this scope
     |
    ::: C:\Users\john\.cargo\registry\src\index.crates.io-1949cf8c6b5b557f\serde-1.0.219\src\de\impls.rs:2850:34
     |
2850 |             let end: Idx = match tri!(seq.next_element()) {
     |                                  ------------------------ in this macro invocation
     |
     = note: this error originates in the macro `tri` (in Nightly builds, run with -Z macro-backtrace for more info)
help: consider importing this tuple variant
    -->  C:\Users\john\.cargo\registry\src\index.crates.io-1949cf8c6b5b557f\serde-1.0.219\src\de\impls.rs:2775:5
     |
2775 +     use core::result::Result::Err;
     |

error[E0425]: cannot find function, tuple struct or tuple variant `Err` in this scope
    --> C:\Users\john\.cargo\registry\src\index.crates.io-1949cf8c6b5b557f\serde-1.0.219\src\lib.rs:299:32
     |
299  |             Err(err) => return Err(err),
     |                                ^^^
     |
    ::: C:\Users\john\.cargo\registry\src\index.crates.io-1949cf8c6b5b557f\serde-1.0.219\src\de\impls.rs:2850:34
     |
2850 |             let end: Idx = match tri!(seq.next_element()) {
     |                                  ------------------------ in this macro invocation
     |
     = note: this error originates in the macro `tri` (in Nightly builds, run with -Z macro-backtrace for more info)
help: a local variable with a similar name exists
     |
299  -             Err(err) => return Err(err),
299  +             Err(err) => return err(err),
     |
help: consider importing this tuple variant
    -->  C:\Users\john\.cargo\registry\src\index.crates.io-1949cf8c6b5b557f\serde-1.0.219\src\de\impls.rs:2775:5
     |
2775 +     use core::result::Result::Err;
     |

error[E0531]: cannot find tuple struct or tuple variant `Some` in this scope
    --> C:\Users\john\.cargo\registry\src\index.crates.io-1949cf8c6b5b557f\serde-1.0.219\src\de\impls.rs:2851:17
     |
2851 |                 Some(value) => value,
     |                 ^^^^ not found in this scope
     |
note: tuple variant `crate::__private::ser::content::Content::Some` exists but is inaccessible
    --> C:\Users\john\.cargo\registry\src\index.crates.io-1949cf8c6b5b557f\serde-1.0.219\src\private\ser.rs:443:9
     |
443  |         Some(Box<Content>),
     |         ^^^^^^^^^^^^^^^^^^ not accessible
help: consider importing one of these tuple variants
     |
2775 +     use crate::__private::de::Content::Some;
     |
2775 +     use core::option::Option::Some;
     |

error[E0425]: cannot find function, tuple struct or tuple variant `Err` in this scope
    --> C:\Users\john\.cargo\registry\src\index.crates.io-1949cf8c6b5b557f\serde-1.0.219\src\de\impls.rs:2853:28
     |
2853 |                     return Err(Error::invalid_length(0, &self));
     |                            ^^^ not found in this scope
     |
help: consider importing this tuple variant
     |
2775 +     use core::result::Result::Err;
     |

error[E0425]: cannot find function, tuple struct or tuple variant `Ok` in this scope
    --> C:\Users\john\.cargo\registry\src\index.crates.io-1949cf8c6b5b557f\serde-1.0.219\src\de\impls.rs:2856:13
     |
2856 |             Ok(end)
     |             ^^ not found in this scope
     |
help: consider importing this tuple variant
     |
2775 +     use core::result::Result::Ok;
     |

error[E0412]: cannot find type `Result` in this scope
    --> C:\Users\john\.cargo\registry\src\index.crates.io-1949cf8c6b5b557f\serde-1.0.219\src\de\impls.rs:2859:46
     |
2859 |         fn visit_map<A>(self, mut map: A) -> Result<Self::Value, A::Error>
     |                                              ^^^^^^ not found in this scope
     |
help: consider importing one of these items
     |
2775 +     use core::fmt::Result;
     |
2775 +     use core::result::Result;
     |

error[E0412]: cannot find type `Option` in this scope
    --> C:\Users\john\.cargo\registry\src\index.crates.io-1949cf8c6b5b557f\serde-1.0.219\src\de\impls.rs:2863:26
     |
2863 |             let mut end: Option<Idx> = None;
     |                          ^^^^^^ not found in this scope
     |
help: consider importing this enum
     |
2775 +     use core::option::Option;
     |

error[E0425]: cannot find value `None` in this scope
    --> C:\Users\john\.cargo\registry\src\index.crates.io-1949cf8c6b5b557f\serde-1.0.219\src\de\impls.rs:2863:40
     |
2863 |             let mut end: Option<Idx> = None;
     |                                        ^^^^ not found in this scope
     |
note: unit variant `crate::__private::ser::content::Content::None` exists but is inaccessible
    --> C:\Users\john\.cargo\registry\src\index.crates.io-1949cf8c6b5b557f\serde-1.0.219\src\private\ser.rs:442:9
     |
442  |         None,
     |         ^^^^ not accessible
help: consider importing one of these unit variants
     |
2775 +     use crate::__private::de::Content::None;
     |
2775 +     use core::option::Option::None;
     |

error[E0531]: cannot find tuple struct or tuple variant `Ok` in this scope
    --> C:\Users\john\.cargo\registry\src\index.crates.io-1949cf8c6b5b557f\serde-1.0.219\src\lib.rs:298:13
     |
298  |             Ok(val) => val,
     |             ^^ not found in this scope
     |
    ::: C:\Users\john\.cargo\registry\src\index.crates.io-1949cf8c6b5b557f\serde-1.0.219\src\de\impls.rs:2864:35
     |
2864 |             while let Some(key) = tri!(map.next_key()) {
     |                                   -------------------- in this macro invocation
     |
     = note: this error originates in the macro `tri` (in Nightly builds, run with -Z macro-backtrace for more info)
help: consider importing this tuple variant
    -->  C:\Users\john\.cargo\registry\src\index.crates.io-1949cf8c6b5b557f\serde-1.0.219\src\de\impls.rs:2775:5
     |
2775 +     use core::result::Result::Ok;
     |

error[E0531]: cannot find tuple struct or tuple variant `Err` in this scope
    --> C:\Users\john\.cargo\registry\src\index.crates.io-1949cf8c6b5b557f\serde-1.0.219\src\lib.rs:299:13
     |
299  |             Err(err) => return Err(err),
     |             ^^^ not found in this scope
     |
    ::: C:\Users\john\.cargo\registry\src\index.crates.io-1949cf8c6b5b557f\serde-1.0.219\src\de\impls.rs:2864:35
     |
2864 |             while let Some(key) = tri!(map.next_key()) {
     |                                   -------------------- in this macro invocation
     |
     = note: this error originates in the macro `tri` (in Nightly builds, run with -Z macro-backtrace for more info)
help: consider importing this tuple variant
    -->  C:\Users\john\.cargo\registry\src\index.crates.io-1949cf8c6b5b557f\serde-1.0.219\src\de\impls.rs:2775:5
     |
2775 +     use core::result::Result::Err;
     |

error[E0425]: cannot find function, tuple struct or tuple variant `Err` in this scope
    --> C:\Users\john\.cargo\registry\src\index.crates.io-1949cf8c6b5b557f\serde-1.0.219\src\lib.rs:299:32
     |
299  |             Err(err) => return Err(err),
     |                                ^^^
     |
    ::: C:\Users\john\.cargo\registry\src\index.crates.io-1949cf8c6b5b557f\serde-1.0.219\src\de\impls.rs:2864:35
     |
2864 |             while let Some(key) = tri!(map.next_key()) {
     |                                   -------------------- in this macro invocation
     |
     = note: this error originates in the macro `tri` (in Nightly builds, run with -Z macro-backtrace for more info)
help: a local variable with a similar name exists
     |
299  -             Err(err) => return Err(err),
299  +             Err(err) => return err(err),
     |
help: consider importing this tuple variant
    -->  C:\Users\john\.cargo\registry\src\index.crates.io-1949cf8c6b5b557f\serde-1.0.219\src\de\impls.rs:2775:5
     |
2775 +     use core::result::Result::Err;
     |

error[E0531]: cannot find tuple struct or tuple variant `Some` in this scope
    --> C:\Users\john\.cargo\registry\src\index.crates.io-1949cf8c6b5b557f\serde-1.0.219\src\de\impls.rs:2864:23
     |
2864 |             while let Some(key) = tri!(map.next_key()) {
     |                       ^^^^ not found in this scope
     |
note: tuple variant `crate::__private::ser::content::Content::Some` exists but is inaccessible
    --> C:\Users\john\.cargo\registry\src\index.crates.io-1949cf8c6b5b557f\serde-1.0.219\src\private\ser.rs:443:9
     |
443  |         Some(Box<Content>),
     |         ^^^^^^^^^^^^^^^^^^ not accessible
help: consider importing one of these tuple variants
     |
2775 +     use crate::__private::de::Content::Some;
     |
2775 +     use core::option::Option::Some;
     |

error[E0425]: cannot find function, tuple struct or tuple variant `Err` in this scope
    --> C:\Users\john\.cargo\registry\src\index.crates.io-1949cf8c6b5b557f\serde-1.0.219\src\de\impls.rs:2868:36
     |
2868 | ...                   return Err(<A::Error as Error>::duplicate_field("end"));
     |                              ^^^ not found in this scope
     |
help: consider importing this tuple variant
     |
2775 +     use core::result::Result::Err;
     |

error[E0425]: cannot find function, tuple struct or tuple variant `Some` in this scope
    --> C:\Users\john\.cargo\registry\src\index.crates.io-1949cf8c6b5b557f\serde-1.0.219\src\de\impls.rs:2870:31
     |
2870 |                         end = Some(tri!(map.next_value()));
     |                               ^^^^ not found in this scope
     |
note: tuple variant `crate::__private::ser::content::Content::Some` exists but is inaccessible
    --> C:\Users\john\.cargo\registry\src\index.crates.io-1949cf8c6b5b557f\serde-1.0.219\src\private\ser.rs:443:9
     |
443  |         Some(Box<Content>),
     |         ^^^^^^^^^^^^^^^^^^ not accessible
help: consider importing one of these tuple variants
     |
2775 +     use crate::__private::de::Content::Some;
     |
2775 +     use core::option::Option::Some;
     |

error[E0531]: cannot find tuple struct or tuple variant `Ok` in this scope
    --> C:\Users\john\.cargo\registry\src\index.crates.io-1949cf8c6b5b557f\serde-1.0.219\src\lib.rs:298:13
     |
298  |             Ok(val) => val,
     |             ^^ not found in this scope
     |
    ::: C:\Users\john\.cargo\registry\src\index.crates.io-1949cf8c6b5b557f\serde-1.0.219\src\de\impls.rs:2870:36
     |
2870 |                         end = Some(tri!(map.next_value()));
     |                                    ---------------------- in this macro invocation
     |
     = note: this error originates in the macro `tri` (in Nightly builds, run with -Z macro-backtrace for more info)
help: consider importing this tuple variant
    -->  C:\Users\john\.cargo\registry\src\index.crates.io-1949cf8c6b5b557f\serde-1.0.219\src\de\impls.rs:2775:5
     |
2775 +     use core::result::Result::Ok;
     |

error[E0531]: cannot find tuple struct or tuple variant `Err` in this scope
    --> C:\Users\john\.cargo\registry\src\index.crates.io-1949cf8c6b5b557f\serde-1.0.219\src\lib.rs:299:13
     |
299  |             Err(err) => return Err(err),
     |             ^^^ not found in this scope
     |
    ::: C:\Users\john\.cargo\registry\src\index.crates.io-1949cf8c6b5b557f\serde-1.0.219\src\de\impls.rs:2870:36
     |
2870 |                         end = Some(tri!(map.next_value()));
     |                                    ---------------------- in this macro invocation
     |
     = note: this error originates in the macro `tri` (in Nightly builds, run with -Z macro-backtrace for more info)
help: consider importing this tuple variant
    -->  C:\Users\john\.cargo\registry\src\index.crates.io-1949cf8c6b5b557f\serde-1.0.219\src\de\impls.rs:2775:5
     |
2775 +     use core::result::Result::Err;
     |

error[E0425]: cannot find function, tuple struct or tuple variant `Err` in this scope
    --> C:\Users\john\.cargo\registry\src\index.crates.io-1949cf8c6b5b557f\serde-1.0.219\src\lib.rs:299:32
     |
299  |             Err(err) => return Err(err),
     |                                ^^^
     |
    ::: C:\Users\john\.cargo\registry\src\index.crates.io-1949cf8c6b5b557f\serde-1.0.219\src\de\impls.rs:2870:36
     |
2870 |                         end = Some(tri!(map.next_value()));
     |                                    ---------------------- in this macro invocation
     |
     = note: this error originates in the macro `tri` (in Nightly builds, run with -Z macro-backtrace for more info)
help: a local variable with a similar name exists
     |
299  -             Err(err) => return Err(err),
299  +             Err(err) => return err(err),
     |
help: consider importing this tuple variant
    -->  C:\Users\john\.cargo\registry\src\index.crates.io-1949cf8c6b5b557f\serde-1.0.219\src\de\impls.rs:2775:5
     |
2775 +     use core::result::Result::Err;
     |

error[E0531]: cannot find tuple struct or tuple variant `Some` in this scope
    --> C:\Users\john\.cargo\registry\src\index.crates.io-1949cf8c6b5b557f\serde-1.0.219\src\de\impls.rs:2875:17
     |
2875 |                 Some(end) => end,
     |                 ^^^^ not found in this scope
     |
note: tuple variant `crate::__private::ser::content::Content::Some` exists but is inaccessible
    --> C:\Users\john\.cargo\registry\src\index.crates.io-1949cf8c6b5b557f\serde-1.0.219\src\private\ser.rs:443:9
     |
443  |         Some(Box<Content>),
     |         ^^^^^^^^^^^^^^^^^^ not accessible
help: consider importing one of these tuple variants
     |
2775 +     use crate::__private::de::Content::Some;
     |
2775 +     use core::option::Option::Some;
     |

error[E0425]: cannot find function, tuple struct or tuple variant `Err` in this scope
    --> C:\Users\john\.cargo\registry\src\index.crates.io-1949cf8c6b5b557f\serde-1.0.219\src\de\impls.rs:2876:32
     |
2876 |                 None => return Err(<A::Error as Error>::missing_field("end")),
     |                                ^^^ not found in this scope
     |
help: consider importing this tuple variant
     |
2775 +     use core::result::Result::Err;
     |

error[E0425]: cannot find function, tuple struct or tuple variant `Ok` in this scope
    --> C:\Users\john\.cargo\registry\src\index.crates.io-1949cf8c6b5b557f\serde-1.0.219\src\de\impls.rs:2878:13
     |
2878 |             Ok(end)
     |             ^^ not found in this scope
     |
help: consider importing this tuple variant
     |
2775 +     use core::result::Result::Ok;
     |

error[E0412]: cannot find type `Result` in this scope
    --> C:\Users\john\.cargo\registry\src\index.crates.io-1949cf8c6b5b557f\serde-1.0.219\src\de\impls.rs:2889:43
     |
2889 |     fn deserialize<D>(deserializer: D) -> Result<Self, D::Error>
     |                                           ^^^^^^ not found in this scope
     |
help: consider importing one of these items
     |
1    + use core::fmt::Result;
     |
1    + use core::result::Result;
     |

error[E0412]: cannot find type `Result` in this scope
    --> C:\Users\john\.cargo\registry\src\index.crates.io-1949cf8c6b5b557f\serde-1.0.219\src\de\impls.rs:2901:51
     |
2901 |             fn deserialize<D>(deserializer: D) -> Result<Self, D::Error>
     |                                                   ^^^^^^ not found in this scope
     |
help: consider importing one of these items
     |
1    + use core::fmt::Result;
     |
1    + use core::result::Result;
     |

error[E0412]: cannot find type `Result` in this scope
    --> C:\Users\john\.cargo\registry\src\index.crates.io-1949cf8c6b5b557f\serde-1.0.219\src\de\impls.rs:2914:58
     |
2914 |                     fn visit_u64<E>(self, value: u64) -> Result<Self::Value, E>
     |                                                          ^^^^^^ not found in this scope
     |
help: consider importing one of these items
     |
1    + use core::fmt::Result;
     |
1    + use core::result::Result;
     |

error[E0425]: cannot find function, tuple struct or tuple variant `Ok` in this scope
    --> C:\Users\john\.cargo\registry\src\index.crates.io-1949cf8c6b5b557f\serde-1.0.219\src\de\impls.rs:2919:34
     |
2919 | ...                   0 => Ok(Field::Unbounded),
     |                            ^^ not found in this scope
     |
help: consider importing this tuple variant
     |
1    + use core::result::Result::Ok;
     |

error[E0425]: cannot find function, tuple struct or tuple variant `Ok` in this scope
    --> C:\Users\john\.cargo\registry\src\index.crates.io-1949cf8c6b5b557f\serde-1.0.219\src\de\impls.rs:2920:34
     |
2920 | ...                   1 => Ok(Field::Included),
     |                            ^^ not found in this scope
     |
help: consider importing this tuple variant
     |
1    + use core::result::Result::Ok;
     |

error[E0425]: cannot find function, tuple struct or tuple variant `Ok` in this scope
    --> C:\Users\john\.cargo\registry\src\index.crates.io-1949cf8c6b5b557f\serde-1.0.219\src\de\impls.rs:2921:34
     |
2921 | ...                   2 => Ok(Field::Excluded),
     |                            ^^ not found in this scope
     |
help: consider importing this tuple variant
     |
1    + use core::result::Result::Ok;
     |

error[E0425]: cannot find function, tuple struct or tuple variant `Err` in this scope
    --> C:\Users\john\.cargo\registry\src\index.crates.io-1949cf8c6b5b557f\serde-1.0.219\src\de\impls.rs:2922:34
     |
2922 | ...                   _ => Err(Error::invalid_value(Unexpected::Unsigned(value), &self)),
     |                            ^^^ not found in this scope
     |
help: consider importing this tuple variant
     |
1    + use core::result::Result::Err;
     |

error[E0412]: cannot find type `Result` in this scope
    --> C:\Users\john\.cargo\registry\src\index.crates.io-1949cf8c6b5b557f\serde-1.0.219\src\de\impls.rs:2926:59
     |
2926 |                     fn visit_str<E>(self, value: &str) -> Result<Self::Value, E>
     |                                                           ^^^^^^ not found in this scope
     |
help: consider importing one of these items
     |
1    + use core::fmt::Result;
     |
1    + use core::result::Result;
     |

error[E0425]: cannot find function, tuple struct or tuple variant `Ok` in this scope
    --> C:\Users\john\.cargo\registry\src\index.crates.io-1949cf8c6b5b557f\serde-1.0.219\src\de\impls.rs:2931:44
     |
2931 | ...                   "Unbounded" => Ok(Field::Unbounded),
     |                                      ^^ not found in this scope
     |
help: consider importing this tuple variant
     |
1    + use core::result::Result::Ok;
     |

error[E0425]: cannot find function, tuple struct or tuple variant `Ok` in this scope
    --> C:\Users\john\.cargo\registry\src\index.crates.io-1949cf8c6b5b557f\serde-1.0.219\src\de\impls.rs:2932:43
     |
2932 | ...                   "Included" => Ok(Field::Included),
     |                                     ^^ not found in this scope
     |
help: consider importing this tuple variant
     |
1    + use core::result::Result::Ok;
     |

error[E0425]: cannot find function, tuple struct or tuple variant `Ok` in this scope
    --> C:\Users\john\.cargo\registry\src\index.crates.io-1949cf8c6b5b557f\serde-1.0.219\src\de\impls.rs:2933:43
     |
2933 | ...                   "Excluded" => Ok(Field::Excluded),
     |                                     ^^ not found in this scope
     |
help: consider importing this tuple variant
     |
1    + use core::result::Result::Ok;
     |

error[E0425]: cannot find function, tuple struct or tuple variant `Err` in this scope
    --> C:\Users\john\.cargo\registry\src\index.crates.io-1949cf8c6b5b557f\serde-1.0.219\src\de\impls.rs:2934:34
     |
2934 | ...                   _ => Err(Error::unknown_variant(value, VARIANTS)),
     |                            ^^^ not found in this scope
     |
help: consider importing this tuple variant
     |
1    + use core::result::Result::Err;
     |

error[E0412]: cannot find type `Result` in this scope
    --> C:\Users\john\.cargo\registry\src\index.crates.io-1949cf8c6b5b557f\serde-1.0.219\src\de\impls.rs:2938:62
     |
2938 |                     fn visit_bytes<E>(self, value: &[u8]) -> Result<Self::Value, E>
     |                                                              ^^^^^^ not found in this scope
     |
help: consider importing one of these items
     |
1    + use core::fmt::Result;
     |
1    + use core::result::Result;
     |

error[E0425]: cannot find function, tuple struct or tuple variant `Ok` in this scope
    --> C:\Users\john\.cargo\registry\src\index.crates.io-1949cf8c6b5b557f\serde-1.0.219\src\de\impls.rs:2943:45
     |
2943 | ...                   b"Unbounded" => Ok(Field::Unbounded),
     |                                       ^^ not found in this scope
     |
help: consider importing this tuple variant
     |
1    + use core::result::Result::Ok;
     |

error[E0425]: cannot find function, tuple struct or tuple variant `Ok` in this scope
    --> C:\Users\john\.cargo\registry\src\index.crates.io-1949cf8c6b5b557f\serde-1.0.219\src\de\impls.rs:2944:44
     |
2944 | ...                   b"Included" => Ok(Field::Included),
     |                                      ^^ not found in this scope
     |
help: consider importing this tuple variant
     |
1    + use core::result::Result::Ok;
     |

error[E0425]: cannot find function, tuple struct or tuple variant `Ok` in this scope
    --> C:\Users\john\.cargo\registry\src\index.crates.io-1949cf8c6b5b557f\serde-1.0.219\src\de\impls.rs:2945:44
     |
2945 | ...                   b"Excluded" => Ok(Field::Excluded),
     |                                      ^^ not found in this scope
     |
help: consider importing this tuple variant
     |
1    + use core::result::Result::Ok;
     |

error[E0531]: cannot find tuple struct or tuple variant `Ok` in this scope
    --> C:\Users\john\.cargo\registry\src\index.crates.io-1949cf8c6b5b557f\serde-1.0.219\src\de\impls.rs:2947:33
     |
2947 | ...                   Ok(value) => Err(Error::unknown_variant(value, VARIANTS)),
     |                       ^^ not found in this scope
     |
help: consider importing this tuple variant
     |
1    + use core::result::Result::Ok;
     |

error[E0425]: cannot find function, tuple struct or tuple variant `Err` in this scope
    --> C:\Users\john\.cargo\registry\src\index.crates.io-1949cf8c6b5b557f\serde-1.0.219\src\de\impls.rs:2947:46
     |
2947 | ...                   Ok(value) => Err(Error::unknown_variant(value, VARIANTS)),
     |                                    ^^^ not found in this scope
     |
help: consider importing this tuple variant
     |
1    + use core::result::Result::Err;
     |

error[E0531]: cannot find tuple struct or tuple variant `Err` in this scope
    --> C:\Users\john\.cargo\registry\src\index.crates.io-1949cf8c6b5b557f\serde-1.0.219\src\de\impls.rs:2948:33
     |
2948 | ...                   Err(_) => {
     |                       ^^^ not found in this scope
     |
help: consider importing this tuple variant
     |
1    + use core::result::Result::Err;
     |

error[E0425]: cannot find function, tuple struct or tuple variant `Err` in this scope
    --> C:\Users\john\.cargo\registry\src\index.crates.io-1949cf8c6b5b557f\serde-1.0.219\src\de\impls.rs:2949:37
     |
2949 | ...                   Err(Error::invalid_value(Unexpected::Bytes(value), &self))
     |                       ^^^ not found in this scope
     |
help: consider importing this tuple variant
     |
1    + use core::result::Result::Err;
     |

error[E0412]: cannot find type `Result` in this scope
    --> C:\Users\john\.cargo\registry\src\index.crates.io-1949cf8c6b5b557f\serde-1.0.219\src\de\impls.rs:2972:48
     |
2972 |             fn visit_enum<A>(self, data: A) -> Result<Self::Value, A::Error>
     |                                                ^^^^^^ not found in this scope
     |
help: consider importing one of these items
     |
1    + use core::fmt::Result;
     |
1    + use core::result::Result;
     |

error[E0531]: cannot find tuple struct or tuple variant `Ok` in this scope
    --> C:\Users\john\.cargo\registry\src\index.crates.io-1949cf8c6b5b557f\serde-1.0.219\src\lib.rs:298:13
     |
298  |             Ok(val) => val,
     |             ^^ not found in this scope
     |
    ::: C:\Users\john\.cargo\registry\src\index.crates.io-1949cf8c6b5b557f\serde-1.0.219\src\de\impls.rs:2976:23
     |
2976 |                 match tri!(data.variant()) {
     |                       -------------------- in this macro invocation
     |
     = note: this error originates in the macro `tri` (in Nightly builds, run with -Z macro-backtrace for more info)
help: consider importing this tuple variant
    -->  C:\Users\john\.cargo\registry\src\index.crates.io-1949cf8c6b5b557f\serde-1.0.219\src\de\impls.rs:1:1
     |
1    + use core::result::Result::Ok;
     |

error[E0531]: cannot find tuple struct or tuple variant `Err` in this scope
    --> C:\Users\john\.cargo\registry\src\index.crates.io-1949cf8c6b5b557f\serde-1.0.219\src\lib.rs:299:13
     |
299  |             Err(err) => return Err(err),
     |             ^^^ not found in this scope
     |
    ::: C:\Users\john\.cargo\registry\src\index.crates.io-1949cf8c6b5b557f\serde-1.0.219\src\de\impls.rs:2976:23
     |
2976 |                 match tri!(data.variant()) {
     |                       -------------------- in this macro invocation
     |
     = note: this error originates in the macro `tri` (in Nightly builds, run with -Z macro-backtrace for more info)
help: consider importing this tuple variant
    -->  C:\Users\john\.cargo\registry\src\index.crates.io-1949cf8c6b5b557f\serde-1.0.219\src\de\impls.rs:1:1
     |
1    + use core::result::Result::Err;
     |

error[E0425]: cannot find function, tuple struct or tuple variant `Err` in this scope
    --> C:\Users\john\.cargo\registry\src\index.crates.io-1949cf8c6b5b557f\serde-1.0.219\src\lib.rs:299:32
     |
299  |             Err(err) => return Err(err),
     |                                ^^^
     |
    ::: C:\Users\john\.cargo\registry\src\index.crates.io-1949cf8c6b5b557f\serde-1.0.219\src\de\impls.rs:2976:23
     |
2976 |                 match tri!(data.variant()) {
     |                       -------------------- in this macro invocation
     |
     = note: this error originates in the macro `tri` (in Nightly builds, run with -Z macro-backtrace for more info)
help: a local variable with a similar name exists
     |
299  -             Err(err) => return Err(err),
299  +             Err(err) => return err(err),
     |
help: consider importing this tuple variant
    -->  C:\Users\john\.cargo\registry\src\index.crates.io-1949cf8c6b5b557f\serde-1.0.219\src\de\impls.rs:1:1
     |
1    + use core::result::Result::Err;
     |

error[E0412]: cannot find type `Result` in this scope
    --> C:\Users\john\.cargo\registry\src\index.crates.io-1949cf8c6b5b557f\serde-1.0.219\src\de\impls.rs:2992:38
     |
2992 | impl<'de, T, E> Deserialize<'de> for Result<T, E>
     |                                      ^^^^^^ not found in this scope
     |
help: consider importing one of these items
     |
1    + use core::fmt::Result;
     |
1    + use core::result::Result;
     |

error[E0412]: cannot find type `Result` in this scope
    --> C:\Users\john\.cargo\registry\src\index.crates.io-1949cf8c6b5b557f\serde-1.0.219\src\de\impls.rs:2997:43
     |
2997 |     fn deserialize<D>(deserializer: D) -> Result<Self, D::Error>
     |                                           ^^^^^^ not found in this scope
     |
help: consider importing one of these items
     |
1    + use core::fmt::Result;
     |
1    + use core::result::Result;
     |

error[E0412]: cannot find type `Result` in this scope
    --> C:\Users\john\.cargo\registry\src\index.crates.io-1949cf8c6b5b557f\serde-1.0.219\src\de\impls.rs:3012:51
     |
3012 |             fn deserialize<D>(deserializer: D) -> Result<Self, D::Error>
     |                                                   ^^^^^^ not found in this scope
     |
help: consider importing one of these items
     |
1    + use core::fmt::Result;
     |
1    + use core::result::Result;
     |

error[E0412]: cannot find type `Result` in this scope
    --> C:\Users\john\.cargo\registry\src\index.crates.io-1949cf8c6b5b557f\serde-1.0.219\src\de\impls.rs:3025:58
     |
3025 |                     fn visit_u64<E>(self, value: u64) -> Result<Self::Value, E>
     |                                                          ^^^^^^ not found in this scope
     |
help: consider importing one of these items
     |
1    + use core::fmt::Result;
     |
1    + use core::result::Result;
     |

error[E0425]: cannot find function, tuple struct or tuple variant `Ok` in this scope
    --> C:\Users\john\.cargo\registry\src\index.crates.io-1949cf8c6b5b557f\serde-1.0.219\src\de\impls.rs:3030:34
     |
3030 | ...                   0 => Ok(Field::Ok),
     |                            ^^ not found in this scope
     |
help: consider importing this tuple variant
     |
1    + use core::result::Result::Ok;
     |

error[E0425]: cannot find function, tuple struct or tuple variant `Ok` in this scope
    --> C:\Users\john\.cargo\registry\src\index.crates.io-1949cf8c6b5b557f\serde-1.0.219\src\de\impls.rs:3031:34
     |
3031 | ...                   1 => Ok(Field::Err),
     |                            ^^ not found in this scope
     |
help: consider importing this tuple variant
     |
1    + use core::result::Result::Ok;
     |

error[E0425]: cannot find function, tuple struct or tuple variant `Err` in this scope
    --> C:\Users\john\.cargo\registry\src\index.crates.io-1949cf8c6b5b557f\serde-1.0.219\src\de\impls.rs:3032:34
     |
3032 | ...                   _ => Err(Error::invalid_value(Unexpected::Unsigned(value), &self)),
     |                            ^^^ not found in this scope
     |
help: consider importing this tuple variant
     |
1    + use core::result::Result::Err;
     |

error[E0412]: cannot find type `Result` in this scope
    --> C:\Users\john\.cargo\registry\src\index.crates.io-1949cf8c6b5b557f\serde-1.0.219\src\de\impls.rs:3036:59
     |
3036 |                     fn visit_str<E>(self, value: &str) -> Result<Self::Value, E>
     |                                                           ^^^^^^ not found in this scope
     |
help: consider importing one of these items
     |
1    + use core::fmt::Result;
     |
1    + use core::result::Result;
     |

error[E0425]: cannot find function, tuple struct or tuple variant `Ok` in this scope
    --> C:\Users\john\.cargo\registry\src\index.crates.io-1949cf8c6b5b557f\serde-1.0.219\src\de\impls.rs:3041:37
     |
3041 | ...                   "Ok" => Ok(Field::Ok),
     |                               ^^ not found in this scope
     |
help: consider importing this tuple variant
     |
1    + use core::result::Result::Ok;
     |

error[E0425]: cannot find function, tuple struct or tuple variant `Ok` in this scope
    --> C:\Users\john\.cargo\registry\src\index.crates.io-1949cf8c6b5b557f\serde-1.0.219\src\de\impls.rs:3042:38
     |
3042 | ...                   "Err" => Ok(Field::Err),
     |                                ^^ not found in this scope
     |
help: consider importing this tuple variant
     |
1    + use core::result::Result::Ok;
     |

error[E0425]: cannot find function, tuple struct or tuple variant `Err` in this scope
    --> C:\Users\john\.cargo\registry\src\index.crates.io-1949cf8c6b5b557f\serde-1.0.219\src\de\impls.rs:3043:34
     |
3043 | ...                   _ => Err(Error::unknown_variant(value, VARIANTS)),
     |                            ^^^ not found in this scope
     |
help: consider importing this tuple variant
     |
1    + use core::result::Result::Err;
     |

error[E0412]: cannot find type `Result` in this scope
    --> C:\Users\john\.cargo\registry\src\index.crates.io-1949cf8c6b5b557f\serde-1.0.219\src\de\impls.rs:3047:62
     |
3047 |                     fn visit_bytes<E>(self, value: &[u8]) -> Result<Self::Value, E>
     |                                                              ^^^^^^ not found in this scope
     |
help: consider importing one of these items
     |
1    + use core::fmt::Result;
     |
1    + use core::result::Result;
     |

error[E0425]: cannot find function, tuple struct or tuple variant `Ok` in this scope
    --> C:\Users\john\.cargo\registry\src\index.crates.io-1949cf8c6b5b557f\serde-1.0.219\src\de\impls.rs:3052:38
     |
3052 | ...                   b"Ok" => Ok(Field::Ok),
     |                                ^^ not found in this scope
     |
help: consider importing this tuple variant
     |
1    + use core::result::Result::Ok;
     |

error[E0425]: cannot find function, tuple struct or tuple variant `Ok` in this scope
    --> C:\Users\john\.cargo\registry\src\index.crates.io-1949cf8c6b5b557f\serde-1.0.219\src\de\impls.rs:3053:39
     |
3053 | ...                   b"Err" => Ok(Field::Err),
     |                                 ^^ not found in this scope
     |
help: consider importing this tuple variant
     |
1    + use core::result::Result::Ok;
     |

error[E0531]: cannot find tuple struct or tuple variant `Ok` in this scope
    --> C:\Users\john\.cargo\registry\src\index.crates.io-1949cf8c6b5b557f\serde-1.0.219\src\de\impls.rs:3055:33
     |
3055 | ...                   Ok(value) => Err(Error::unknown_variant(value, VARIANTS)),
     |                       ^^ not found in this scope
     |
help: consider importing this tuple variant
     |
1    + use core::result::Result::Ok;
     |

error[E0425]: cannot find function, tuple struct or tuple variant `Err` in this scope
    --> C:\Users\john\.cargo\registry\src\index.crates.io-1949cf8c6b5b557f\serde-1.0.219\src\de\impls.rs:3055:46
     |
3055 | ...                   Ok(value) => Err(Error::unknown_variant(value, VARIANTS)),
     |                                    ^^^ not found in this scope
     |
help: consider importing this tuple variant
     |
1    + use core::result::Result::Err;
     |

error[E0531]: cannot find tuple struct or tuple variant `Err` in this scope
    --> C:\Users\john\.cargo\registry\src\index.crates.io-1949cf8c6b5b557f\serde-1.0.219\src\de\impls.rs:3056:33
     |
3056 | ...                   Err(_) => {
     |                       ^^^ not found in this scope
     |
help: consider importing this tuple variant
     |
1    + use core::result::Result::Err;
     |

error[E0425]: cannot find function, tuple struct or tuple variant `Err` in this scope
    --> C:\Users\john\.cargo\registry\src\index.crates.io-1949cf8c6b5b557f\serde-1.0.219\src\de\impls.rs:3057:37
     |
3057 | ...                   Err(Error::invalid_value(Unexpected::Bytes(value), &self))
     |                       ^^^ not found in this scope
     |
help: consider importing this tuple variant
     |
1    + use core::result::Result::Err;
     |

error[E0412]: cannot find type `Result` in this scope
    --> C:\Users\john\.cargo\registry\src\index.crates.io-1949cf8c6b5b557f\serde-1.0.219\src\de\impls.rs:3068:48
     |
3068 |         struct ResultVisitor<T, E>(PhantomData<Result<T, E>>);
     |                                                ^^^^^^ not found in this scope
     |
help: consider importing one of these items
     |
1    + use core::fmt::Result;
     |
1    + use core::result::Result;
     |

error[E0412]: cannot find type `Result` in this scope
    --> C:\Users\john\.cargo\registry\src\index.crates.io-1949cf8c6b5b557f\serde-1.0.219\src\de\impls.rs:3075:26
     |
3075 |             type Value = Result<T, E>;
     |                          ^^^^^^ not found in this scope
     |
help: consider importing one of these items
     |
1    + use core::fmt::Result;
     |
1    + use core::result::Result;
     |

error[E0412]: cannot find type `Result` in this scope
    --> C:\Users\john\.cargo\registry\src\index.crates.io-1949cf8c6b5b557f\serde-1.0.219\src\de\impls.rs:3081:48
     |
3081 |             fn visit_enum<A>(self, data: A) -> Result<Self::Value, A::Error>
     |                                                ^^^^^^ not found in this scope
     |
help: consider importing one of these items
     |
1    + use core::fmt::Result;
     |
1    + use core::result::Result;
     |

error[E0531]: cannot find tuple struct or tuple variant `Ok` in this scope
    --> C:\Users\john\.cargo\registry\src\index.crates.io-1949cf8c6b5b557f\serde-1.0.219\src\lib.rs:298:13
     |
298  |             Ok(val) => val,
     |             ^^ not found in this scope
     |
    ::: C:\Users\john\.cargo\registry\src\index.crates.io-1949cf8c6b5b557f\serde-1.0.219\src\de\impls.rs:3085:23
     |
3085 |                 match tri!(data.variant()) {
     |                       -------------------- in this macro invocation
     |
     = note: this error originates in the macro `tri` (in Nightly builds, run with -Z macro-backtrace for more info)
help: consider importing this tuple variant
    -->  C:\Users\john\.cargo\registry\src\index.crates.io-1949cf8c6b5b557f\serde-1.0.219\src\de\impls.rs:1:1
     |
1    + use core::result::Result::Ok;
     |

error[E0531]: cannot find tuple struct or tuple variant `Err` in this scope
    --> C:\Users\john\.cargo\registry\src\index.crates.io-1949cf8c6b5b557f\serde-1.0.219\src\lib.rs:299:13
     |
299  |             Err(err) => return Err(err),
     |             ^^^ not found in this scope
     |
    ::: C:\Users\john\.cargo\registry\src\index.crates.io-1949cf8c6b5b557f\serde-1.0.219\src\de\impls.rs:3085:23
     |
3085 |                 match tri!(data.variant()) {
     |                       -------------------- in this macro invocation
     |
     = note: this error originates in the macro `tri` (in Nightly builds, run with -Z macro-backtrace for more info)
help: consider importing this tuple variant
    -->  C:\Users\john\.cargo\registry\src\index.crates.io-1949cf8c6b5b557f\serde-1.0.219\src\de\impls.rs:1:1
     |
1    + use core::result::Result::Err;
     |

error[E0425]: cannot find function, tuple struct or tuple variant `Err` in this scope
    --> C:\Users\john\.cargo\registry\src\index.crates.io-1949cf8c6b5b557f\serde-1.0.219\src\lib.rs:299:32
     |
299  |             Err(err) => return Err(err),
     |                                ^^^
     |
    ::: C:\Users\john\.cargo\registry\src\index.crates.io-1949cf8c6b5b557f\serde-1.0.219\src\de\impls.rs:3085:23
     |
3085 |                 match tri!(data.variant()) {
     |                       -------------------- in this macro invocation
     |
     = note: this error originates in the macro `tri` (in Nightly builds, run with -Z macro-backtrace for more info)
help: a local variable with a similar name exists
     |
299  -             Err(err) => return Err(err),
299  +             Err(err) => return err(err),
     |
help: consider importing this tuple variant
    -->  C:\Users\john\.cargo\registry\src\index.crates.io-1949cf8c6b5b557f\serde-1.0.219\src\de\impls.rs:1:1
     |
1    + use core::result::Result::Err;
     |

error[E0425]: cannot find value `Ok` in this scope
    --> C:\Users\john\.cargo\registry\src\index.crates.io-1949cf8c6b5b557f\serde-1.0.219\src\de\impls.rs:3086:63
     |
3086 |                     (Field::Ok, v) => v.newtype_variant().map(Ok),
     |                                                               ^^ not found in this scope
     |
help: consider importing this tuple variant
     |
1    + use core::result::Result::Ok;
     |

error[E0425]: cannot find value `Err` in this scope
    --> C:\Users\john\.cargo\registry\src\index.crates.io-1949cf8c6b5b557f\serde-1.0.219\src\de\impls.rs:3087:64
     |
3087 |                     (Field::Err, v) => v.newtype_variant().map(Err),
     |                                                                ^^^ not found in this scope
     |
help: consider importing this tuple variant
     |
1    + use core::result::Result::Err;
     |

error[E0412]: cannot find type `Result` in this scope
    --> C:\Users\john\.cargo\registry\src\index.crates.io-1949cf8c6b5b557f\serde-1.0.219\src\de\impls.rs:3104:43
     |
3104 |     fn deserialize<D>(deserializer: D) -> Result<Self, D::Error>
     |                                           ^^^^^^ not found in this scope
     |
help: consider importing one of these items
     |
1    + use core::fmt::Result;
     |
1    + use core::result::Result;
     |

error[E0412]: cannot find type `Result` in this scope
    --> C:\Users\john\.cargo\registry\src\index.crates.io-1949cf8c6b5b557f\serde-1.0.219\src\de\impls.rs:3119:55
     |
3119 |                   fn deserialize<D>(deserializer: D) -> Result<Self, D::Error>
     |                                                         ^^^^^^ not found in this scope
...
3131 | / atomic_impl! {
3132 | |     AtomicBool "8"
3133 | |     AtomicI8 "8"
3134 | |     AtomicI16 "16"
...    |
3140 | |     AtomicUsize "ptr"
3141 | | }
     | |_- in this macro invocation
     |
     = note: this error originates in the macro `atomic_impl` (in Nightly builds, run with -Z macro-backtrace for more info)
help: consider importing one of these items
     |
1    + use core::fmt::Result;
     |
1    + use core::result::Result;
     |

error[E0412]: cannot find type `Result` in this scope
    --> C:\Users\john\.cargo\registry\src\index.crates.io-1949cf8c6b5b557f\serde-1.0.219\src\de\impls.rs:3177:39
     |
3177 |     fn visit_str<E>(self, s: &str) -> Result<Self::Value, E>
     |                                       ^^^^^^ not found in this scope
     |
help: consider importing one of these items
     |
1    + use core::fmt::Result;
     |
1    + use core::result::Result;
     |

error[E0405]: cannot find trait `Iterator` in this scope
 --> C:\Users\john\.cargo\registry\src\index.crates.io-1949cf8c6b5b557f\serde-1.0.219\src\de\size_hint.rs:5:8
  |
5 |     I: Iterator,
  |        ^^^^^^^^ not found in this scope
  |
help: consider importing this trait
  |
1 + use core::iter::Iterator;
  |

error[E0412]: cannot find type `Option` in this scope
 --> C:\Users\john\.cargo\registry\src\index.crates.io-1949cf8c6b5b557f\serde-1.0.219\src\de\size_hint.rs:3:36
  |
3 | pub fn from_bounds<I>(iter: &I) -> Option<usize>
  |                                    ^^^^^^ not found in this scope
  |
help: consider importing this enum
  |
1 + use core::option::Option;
  |

error[E0412]: cannot find type `Option` in this scope
  --> C:\Users\john\.cargo\registry\src\index.crates.io-1949cf8c6b5b557f\serde-1.0.219\src\de\size_hint.rs:11:32
   |
11 | pub fn cautious<Element>(hint: Option<usize>) -> usize {
   |                                ^^^^^^ not found in this scope
   |
help: consider importing this enum
   |
1  + use core::option::Option;
   |

error[E0412]: cannot find type `Option` in this scope
  --> C:\Users\john\.cargo\registry\src\index.crates.io-1949cf8c6b5b557f\serde-1.0.219\src\de\size_hint.rs:24:27
   |
24 | fn helper(bounds: (usize, Option<usize>)) -> Option<usize> {
   |                           ^^^^^^ not found in this scope
   |
help: consider importing this enum
   |
1  + use core::option::Option;
   |

error[E0412]: cannot find type `Option` in this scope
  --> C:\Users\john\.cargo\registry\src\index.crates.io-1949cf8c6b5b557f\serde-1.0.219\src\de\size_hint.rs:24:46
   |
24 | fn helper(bounds: (usize, Option<usize>)) -> Option<usize> {
   |                                              ^^^^^^ not found in this scope
   |
help: consider importing this enum
   |
1  + use core::option::Option;
   |

error[E0531]: cannot find tuple struct or tuple variant `Some` in this scope
   --> C:\Users\john\.cargo\registry\src\index.crates.io-1949cf8c6b5b557f\serde-1.0.219\src\de\size_hint.rs:26:17
    |
26  |         (lower, Some(upper)) if lower == upper => Some(upper),
    |                 ^^^^ not found in this scope
    |
note: tuple variant `crate::__private::ser::content::Content::Some` exists but is inaccessible
   --> C:\Users\john\.cargo\registry\src\index.crates.io-1949cf8c6b5b557f\serde-1.0.219\src\private\ser.rs:443:9
    |
443 |         Some(Box<Content>),
    |         ^^^^^^^^^^^^^^^^^^ not accessible
help: consider importing one of these tuple variants
    |
1   + use crate::__private::de::Content::Some;
    |
1   + use core::option::Option::Some;
    |

error[E0425]: cannot find function, tuple struct or tuple variant `Some` in this scope
   --> C:\Users\john\.cargo\registry\src\index.crates.io-1949cf8c6b5b557f\serde-1.0.219\src\de\size_hint.rs:26:51
    |
26  |         (lower, Some(upper)) if lower == upper => Some(upper),
    |                                                   ^^^^ not found in this scope
    |
note: tuple variant `crate::__private::ser::content::Content::Some` exists but is inaccessible
   --> C:\Users\john\.cargo\registry\src\index.crates.io-1949cf8c6b5b557f\serde-1.0.219\src\private\ser.rs:443:9
    |
443 |         Some(Box<Content>),
    |         ^^^^^^^^^^^^^^^^^^ not accessible
help: consider importing one of these tuple variants
    |
1   + use crate::__private::de::Content::Some;
    |
1   + use core::option::Option::Some;
    |

error[E0425]: cannot find value `None` in this scope
   --> C:\Users\john\.cargo\registry\src\index.crates.io-1949cf8c6b5b557f\serde-1.0.219\src\de\size_hint.rs:27:14
    |
27  |         _ => None,
    |              ^^^^ not found in this scope
    |
note: unit variant `crate::__private::ser::content::Content::None` exists but is inaccessible
   --> C:\Users\john\.cargo\registry\src\index.crates.io-1949cf8c6b5b557f\serde-1.0.219\src\private\ser.rs:442:9
    |
442 |         None,
    |         ^^^^ not accessible
help: consider importing one of these unit variants
    |
1   + use crate::__private::de::Content::None;
    |
1   + use core::option::Option::None;
    |

error[E0405]: cannot find trait `Sized` in this scope
   --> C:\Users\john\.cargo\registry\src\index.crates.io-1949cf8c6b5b557f\serde-1.0.219\src\de\mod.rs:161:26
    |
161 |         pub trait Error: Sized $(+ $($supertrait)::+)* {
    |                          ^^^^^ not found in this scope
...
300 | declare_error_trait!(Error: Sized + StdError);
    | --------------------------------------------- in this macro invocation
    |
    = note: this error originates in the macro `declare_error_trait` (in Nightly builds, run with -Z macro-backtrace for more info)
help: consider importing this trait
    |
115 + use core::marker::Sized;
    |

error[E0405]: cannot find trait `Sized` in this scope
   --> C:\Users\john\.cargo\registry\src\index.crates.io-1949cf8c6b5b557f\serde-1.0.219\src\de\mod.rs:541:29
    |
541 | pub trait Deserialize<'de>: Sized {
    |                             ^^^^^ not found in this scope
    |
help: consider importing this trait
    |
115 + use core::marker::Sized;
    |

error[E0412]: cannot find type `Result` in this scope
   --> C:\Users\john\.cargo\registry\src\index.crates.io-1949cf8c6b5b557f\serde-1.0.219\src\de\mod.rs:548:43
    |
548 |     fn deserialize<D>(deserializer: D) -> Result<Self, D::Error>
    |                                           ^^^^^^ not found in this scope
    |
help: consider importing one of these items
    |
115 + use core::fmt::Result;
    |
115 + use core::result::Result;
    |

error[E0412]: cannot find type `Result` in this scope
   --> C:\Users\john\.cargo\registry\src\index.crates.io-1949cf8c6b5b557f\serde-1.0.219\src\de\mod.rs:572:70
    |
572 |     fn deserialize_in_place<D>(deserializer: D, place: &mut Self) -> Result<(), D::Error>
    |                                                                      ^^^^^^ not found in this scope
    |
help: consider importing one of these items
    |
115 + use core::fmt::Result;
    |
115 + use core::result::Result;
    |

error[E0531]: cannot find tuple struct or tuple variant `Ok` in this scope
   --> C:\Users\john\.cargo\registry\src\index.crates.io-1949cf8c6b5b557f\serde-1.0.219\src\lib.rs:298:13
    |
298 |             Ok(val) => val,
    |             ^^ not found in this scope
    |
   ::: C:\Users\john\.cargo\registry\src\index.crates.io-1949cf8c6b5b557f\serde-1.0.219\src\de\mod.rs:577:18
    |
577 |         *place = tri!(Deserialize::deserialize(deserializer));
    |                  -------------------------------------------- in this macro invocation
    |
    = note: this error originates in the macro `tri` (in Nightly builds, run with -Z macro-backtrace for more info)
help: consider importing this tuple variant
   --> C:\Users\john\.cargo\registry\src\index.crates.io-1949cf8c6b5b557f\serde-1.0.219\src\de\mod.rs:115:1
    |
115 + use core::result::Result::Ok;
    |

error[E0531]: cannot find tuple struct or tuple variant `Err` in this scope
   --> C:\Users\john\.cargo\registry\src\index.crates.io-1949cf8c6b5b557f\serde-1.0.219\src\lib.rs:299:13
    |
299 |             Err(err) => return Err(err),
    |             ^^^ not found in this scope
    |
   ::: C:\Users\john\.cargo\registry\src\index.crates.io-1949cf8c6b5b557f\serde-1.0.219\src\de\mod.rs:577:18
    |
577 |         *place = tri!(Deserialize::deserialize(deserializer));
    |                  -------------------------------------------- in this macro invocation
    |
    = note: this error originates in the macro `tri` (in Nightly builds, run with -Z macro-backtrace for more info)
help: consider importing this tuple variant
   --> C:\Users\john\.cargo\registry\src\index.crates.io-1949cf8c6b5b557f\serde-1.0.219\src\de\mod.rs:115:1
    |
115 + use core::result::Result::Err;
    |

error[E0425]: cannot find function, tuple struct or tuple variant `Err` in this scope
   --> C:\Users\john\.cargo\registry\src\index.crates.io-1949cf8c6b5b557f\serde-1.0.219\src\lib.rs:299:32
    |
299 |             Err(err) => return Err(err),
    |                                ^^^
    |
   ::: C:\Users\john\.cargo\registry\src\index.crates.io-1949cf8c6b5b557f\serde-1.0.219\src\de\mod.rs:577:18
    |
577 |         *place = tri!(Deserialize::deserialize(deserializer));
    |                  -------------------------------------------- in this macro invocation
    |
    = note: this error originates in the macro `tri` (in Nightly builds, run with -Z macro-backtrace for more info)
help: a local variable with a similar name exists
    |
299 -             Err(err) => return Err(err),
299 +             Err(err) => return err(err),
    |
help: consider importing this tuple variant
   --> C:\Users\john\.cargo\registry\src\index.crates.io-1949cf8c6b5b557f\serde-1.0.219\src\de\mod.rs:115:1
    |
115 + use core::result::Result::Err;
    |

error[E0425]: cannot find function, tuple struct or tuple variant `Ok` in this scope
   --> C:\Users\john\.cargo\registry\src\index.crates.io-1949cf8c6b5b557f\serde-1.0.219\src\de\mod.rs:578:9
    |
578 |         Ok(())
    |         ^^ not found in this scope
    |
help: consider importing this tuple variant
    |
115 + use core::result::Result::Ok;
    |

error[E0405]: cannot find trait `Sized` in this scope
   --> C:\Users\john\.cargo\registry\src\index.crates.io-1949cf8c6b5b557f\serde-1.0.219\src\de\mod.rs:778:33
    |
778 | pub trait DeserializeSeed<'de>: Sized {
    |                                 ^^^^^ not found in this scope
    |
help: consider importing this trait
    |
115 + use core::marker::Sized;
    |

error[E0412]: cannot find type `Result` in this scope
   --> C:\Users\john\.cargo\registry\src\index.crates.io-1949cf8c6b5b557f\serde-1.0.219\src\de\mod.rs:784:49
    |
784 |     fn deserialize<D>(self, deserializer: D) -> Result<Self::Value, D::Error>
    |                                                 ^^^^^^ not found in this scope
    |
help: consider importing one of these items
    |
115 + use core::fmt::Result;
    |
115 + use core::result::Result;
    |

error[E0412]: cannot find type `Result` in this scope
   --> C:\Users\john\.cargo\registry\src\index.crates.io-1949cf8c6b5b557f\serde-1.0.219\src\de\mod.rs:796:49
    |
796 |     fn deserialize<D>(self, deserializer: D) -> Result<T, D::Error>
    |                                                 ^^^^^^ not found in this scope
    |
help: consider importing one of these items
    |
115 + use core::fmt::Result;
    |
115 + use core::result::Result;
    |

error[E0405]: cannot find trait `Sized` in this scope
   --> C:\Users\john\.cargo\registry\src\index.crates.io-1949cf8c6b5b557f\serde-1.0.219\src\de\mod.rs:914:30
    |
914 | pub trait Deserializer<'de>: Sized {
    |                              ^^^^^ not found in this scope
    |
help: consider importing this trait
    |
115 + use core::marker::Sized;
    |

error[E0412]: cannot find type `Result` in this scope
   --> C:\Users\john\.cargo\registry\src\index.crates.io-1949cf8c6b5b557f\serde-1.0.219\src\de\mod.rs:928:48
    |
928 |     fn deserialize_any<V>(self, visitor: V) -> Result<V::Value, Self::Error>
    |                                                ^^^^^^ not found in this scope
    |
help: consider importing one of these items
    |
115 + use core::fmt::Result;
    |
115 + use core::result::Result;
    |

error[E0412]: cannot find type `Result` in this scope
   --> C:\Users\john\.cargo\registry\src\index.crates.io-1949cf8c6b5b557f\serde-1.0.219\src\de\mod.rs:933:49
    |
933 |     fn deserialize_bool<V>(self, visitor: V) -> Result<V::Value, Self::Error>
    |                                                 ^^^^^^ not found in this scope
    |
help: consider importing one of these items
    |
115 + use core::fmt::Result;
    |
115 + use core::result::Result;
    |

error[E0412]: cannot find type `Result` in this scope
   --> C:\Users\john\.cargo\registry\src\index.crates.io-1949cf8c6b5b557f\serde-1.0.219\src\de\mod.rs:938:47
    |
938 |     fn deserialize_i8<V>(self, visitor: V) -> Result<V::Value, Self::Error>
    |                                               ^^^^^^ not found in this scope
    |
help: consider importing one of these items
    |
115 + use core::fmt::Result;
    |
115 + use core::result::Result;
    |

error[E0412]: cannot find type `Result` in this scope
   --> C:\Users\john\.cargo\registry\src\index.crates.io-1949cf8c6b5b557f\serde-1.0.219\src\de\mod.rs:943:48
    |
943 |     fn deserialize_i16<V>(self, visitor: V) -> Result<V::Value, Self::Error>
    |                                                ^^^^^^ not found in this scope
    |
help: consider importing one of these items
    |
115 + use core::fmt::Result;
    |
115 + use core::result::Result;
    |

error[E0412]: cannot find type `Result` in this scope
   --> C:\Users\john\.cargo\registry\src\index.crates.io-1949cf8c6b5b557f\serde-1.0.219\src\de\mod.rs:948:48
    |
948 |     fn deserialize_i32<V>(self, visitor: V) -> Result<V::Value, Self::Error>
    |                                                ^^^^^^ not found in this scope
    |
help: consider importing one of these items
    |
115 + use core::fmt::Result;
    |
115 + use core::result::Result;
    |

error[E0412]: cannot find type `Result` in this scope
   --> C:\Users\john\.cargo\registry\src\index.crates.io-1949cf8c6b5b557f\serde-1.0.219\src\de\mod.rs:953:48
    |
953 |     fn deserialize_i64<V>(self, visitor: V) -> Result<V::Value, Self::Error>
    |                                                ^^^^^^ not found in this scope
    |
help: consider importing one of these items
    |
115 + use core::fmt::Result;
    |
115 + use core::result::Result;
    |

error[E0412]: cannot find type `Result` in this scope
   --> C:\Users\john\.cargo\registry\src\index.crates.io-1949cf8c6b5b557f\serde-1.0.219\src\de\mod.rs:960:49
    |
960 |     fn deserialize_i128<V>(self, visitor: V) -> Result<V::Value, Self::Error>
    |                                                 ^^^^^^ not found in this scope
    |
help: consider importing one of these items
    |
115 + use core::fmt::Result;
    |
115 + use core::result::Result;
    |

error[E0425]: cannot find function, tuple struct or tuple variant `Err` in this scope
   --> C:\Users\john\.cargo\registry\src\index.crates.io-1949cf8c6b5b557f\serde-1.0.219\src\de\mod.rs:965:9
    |
965 |         Err(Error::custom("i128 is not supported"))
    |         ^^^ not found in this scope
    |
help: consider importing this tuple variant
    |
115 + use core::result::Result::Err;
    |

error[E0412]: cannot find type `Result` in this scope
   --> C:\Users\john\.cargo\registry\src\index.crates.io-1949cf8c6b5b557f\serde-1.0.219\src\de\mod.rs:969:47
    |
969 |     fn deserialize_u8<V>(self, visitor: V) -> Result<V::Value, Self::Error>
    |                                               ^^^^^^ not found in this scope
    |
help: consider importing one of these items
    |
115 + use core::fmt::Result;
    |
115 + use core::result::Result;
    |

error[E0412]: cannot find type `Result` in this scope
   --> C:\Users\john\.cargo\registry\src\index.crates.io-1949cf8c6b5b557f\serde-1.0.219\src\de\mod.rs:974:48
    |
974 |     fn deserialize_u16<V>(self, visitor: V) -> Result<V::Value, Self::Error>
    |                                                ^^^^^^ not found in this scope
    |
help: consider importing one of these items
    |
115 + use core::fmt::Result;
    |
115 + use core::result::Result;
    |

error[E0412]: cannot find type `Result` in this scope
   --> C:\Users\john\.cargo\registry\src\index.crates.io-1949cf8c6b5b557f\serde-1.0.219\src\de\mod.rs:979:48
    |
979 |     fn deserialize_u32<V>(self, visitor: V) -> Result<V::Value, Self::Error>
    |                                                ^^^^^^ not found in this scope
    |
help: consider importing one of these items
    |
115 + use core::fmt::Result;
    |
115 + use core::result::Result;
    |

error[E0412]: cannot find type `Result` in this scope
   --> C:\Users\john\.cargo\registry\src\index.crates.io-1949cf8c6b5b557f\serde-1.0.219\src\de\mod.rs:984:48
    |
984 |     fn deserialize_u64<V>(self, visitor: V) -> Result<V::Value, Self::Error>
    |                                                ^^^^^^ not found in this scope
    |
help: consider importing one of these items
    |
115 + use core::fmt::Result;
    |
115 + use core::result::Result;
    |

error[E0412]: cannot find type `Result` in this scope
   --> C:\Users\john\.cargo\registry\src\index.crates.io-1949cf8c6b5b557f\serde-1.0.219\src\de\mod.rs:991:49
    |
991 |     fn deserialize_u128<V>(self, visitor: V) -> Result<V::Value, Self::Error>
    |                                                 ^^^^^^ not found in this scope
    |
help: consider importing one of these items
    |
115 + use core::fmt::Result;
    |
115 + use core::result::Result;
    |

error[E0425]: cannot find function, tuple struct or tuple variant `Err` in this scope
   --> C:\Users\john\.cargo\registry\src\index.crates.io-1949cf8c6b5b557f\serde-1.0.219\src\de\mod.rs:996:9
    |
996 |         Err(Error::custom("u128 is not supported"))
    |         ^^^ not found in this scope
    |
help: consider importing this tuple variant
    |
115 + use core::result::Result::Err;
    |

error[E0412]: cannot find type `Result` in this scope
    --> C:\Users\john\.cargo\registry\src\index.crates.io-1949cf8c6b5b557f\serde-1.0.219\src\de\mod.rs:1000:48
     |
1000 |     fn deserialize_f32<V>(self, visitor: V) -> Result<V::Value, Self::Error>
     |                                                ^^^^^^ not found in this scope
     |
help: consider importing one of these items
     |
115  + use core::fmt::Result;
     |
115  + use core::result::Result;
     |

error[E0412]: cannot find type `Result` in this scope
    --> C:\Users\john\.cargo\registry\src\index.crates.io-1949cf8c6b5b557f\serde-1.0.219\src\de\mod.rs:1005:48
     |
1005 |     fn deserialize_f64<V>(self, visitor: V) -> Result<V::Value, Self::Error>
     |                                                ^^^^^^ not found in this scope
     |
help: consider importing one of these items
     |
115  + use core::fmt::Result;
     |
115  + use core::result::Result;
     |

error[E0412]: cannot find type `Result` in this scope
    --> C:\Users\john\.cargo\registry\src\index.crates.io-1949cf8c6b5b557f\serde-1.0.219\src\de\mod.rs:1010:49
     |
1010 |     fn deserialize_char<V>(self, visitor: V) -> Result<V::Value, Self::Error>
     |                                                 ^^^^^^ not found in this scope
     |
help: consider importing one of these items
     |
115  + use core::fmt::Result;
     |
115  + use core::result::Result;
     |

error[E0412]: cannot find type `Result` in this scope
    --> C:\Users\john\.cargo\registry\src\index.crates.io-1949cf8c6b5b557f\serde-1.0.219\src\de\mod.rs:1021:48
     |
1021 |     fn deserialize_str<V>(self, visitor: V) -> Result<V::Value, Self::Error>
     |                                                ^^^^^^ not found in this scope
     |
help: consider importing one of these items
     |
115  + use core::fmt::Result;
     |
115  + use core::result::Result;
     |

error[E0412]: cannot find type `Result` in this scope
    --> C:\Users\john\.cargo\registry\src\index.crates.io-1949cf8c6b5b557f\serde-1.0.219\src\de\mod.rs:1032:51
     |
1032 |     fn deserialize_string<V>(self, visitor: V) -> Result<V::Value, Self::Error>
     |                                                   ^^^^^^ not found in this scope
     |
help: consider importing one of these items
     |
115  + use core::fmt::Result;
     |
115  + use core::result::Result;
     |

error[E0412]: cannot find type `Result` in this scope
    --> C:\Users\john\.cargo\registry\src\index.crates.io-1949cf8c6b5b557f\serde-1.0.219\src\de\mod.rs:1043:50
     |
1043 |     fn deserialize_bytes<V>(self, visitor: V) -> Result<V::Value, Self::Error>
     |                                                  ^^^^^^ not found in this scope
     |
help: consider importing one of these items
     |
115  + use core::fmt::Result;
     |
115  + use core::result::Result;
     |

error[E0412]: cannot find type `Result` in this scope
    --> C:\Users\john\.cargo\registry\src\index.crates.io-1949cf8c6b5b557f\serde-1.0.219\src\de\mod.rs:1054:53
     |
1054 |     fn deserialize_byte_buf<V>(self, visitor: V) -> Result<V::Value, Self::Error>
     |                                                     ^^^^^^ not found in this scope
     |
help: consider importing one of these items
     |
115  + use core::fmt::Result;
     |
115  + use core::result::Result;
     |

error[E0412]: cannot find type `Result` in this scope
    --> C:\Users\john\.cargo\registry\src\index.crates.io-1949cf8c6b5b557f\serde-1.0.219\src\de\mod.rs:1063:51
     |
1063 |     fn deserialize_option<V>(self, visitor: V) -> Result<V::Value, Self::Error>
     |                                                   ^^^^^^ not found in this scope
     |
help: consider importing one of these items
     |
115  + use core::fmt::Result;
     |
115  + use core::result::Result;
     |

error[E0412]: cannot find type `Result` in this scope
    --> C:\Users\john\.cargo\registry\src\index.crates.io-1949cf8c6b5b557f\serde-1.0.219\src\de\mod.rs:1068:49
     |
1068 |     fn deserialize_unit<V>(self, visitor: V) -> Result<V::Value, Self::Error>
     |                                                 ^^^^^^ not found in this scope
     |
help: consider importing one of these items
     |
115  + use core::fmt::Result;
     |
115  + use core::result::Result;
     |

error[E0412]: cannot find type `Result` in this scope
    --> C:\Users\john\.cargo\registry\src\index.crates.io-1949cf8c6b5b557f\serde-1.0.219\src\de\mod.rs:1078:10
     |
1078 |     ) -> Result<V::Value, Self::Error>
     |          ^^^^^^ not found in this scope
     |
help: consider importing one of these items
     |
115  + use core::fmt::Result;
     |
115  + use core::result::Result;
     |

error[E0412]: cannot find type `Result` in this scope
    --> C:\Users\john\.cargo\registry\src\index.crates.io-1949cf8c6b5b557f\serde-1.0.219\src\de\mod.rs:1088:10
     |
1088 |     ) -> Result<V::Value, Self::Error>
     |          ^^^^^^ not found in this scope
     |
help: consider importing one of these items
     |
115  + use core::fmt::Result;
     |
115  + use core::result::Result;
     |

error[E0412]: cannot find type `Result` in this scope
    --> C:\Users\john\.cargo\registry\src\index.crates.io-1949cf8c6b5b557f\serde-1.0.219\src\de\mod.rs:1093:48
     |
1093 |     fn deserialize_seq<V>(self, visitor: V) -> Result<V::Value, Self::Error>
     |                                                ^^^^^^ not found in this scope
     |
help: consider importing one of these items
     |
115  + use core::fmt::Result;
     |
115  + use core::result::Result;
     |

error[E0412]: cannot find type `Result` in this scope
    --> C:\Users\john\.cargo\registry\src\index.crates.io-1949cf8c6b5b557f\serde-1.0.219\src\de\mod.rs:1099:62
     |
1099 |     fn deserialize_tuple<V>(self, len: usize, visitor: V) -> Result<V::Value, Self::Error>
     |                                                              ^^^^^^ not found in this scope
     |
help: consider importing one of these items
     |
115  + use core::fmt::Result;
     |
115  + use core::result::Result;
     |

error[E0412]: cannot find type `Result` in this scope
    --> C:\Users\john\.cargo\registry\src\index.crates.io-1949cf8c6b5b557f\serde-1.0.219\src\de\mod.rs:1110:10
     |
1110 |     ) -> Result<V::Value, Self::Error>
     |          ^^^^^^ not found in this scope
     |
help: consider importing one of these items
     |
115  + use core::fmt::Result;
     |
115  + use core::result::Result;
     |

error[E0412]: cannot find type `Result` in this scope
    --> C:\Users\john\.cargo\registry\src\index.crates.io-1949cf8c6b5b557f\serde-1.0.219\src\de\mod.rs:1115:48
     |
1115 |     fn deserialize_map<V>(self, visitor: V) -> Result<V::Value, Self::Error>
     |                                                ^^^^^^ not found in this scope
     |
help: consider importing one of these items
     |
115  + use core::fmt::Result;
     |
115  + use core::result::Result;
     |

error[E0412]: cannot find type `Result` in this scope
    --> C:\Users\john\.cargo\registry\src\index.crates.io-1949cf8c6b5b557f\serde-1.0.219\src\de\mod.rs:1126:10
     |
1126 |     ) -> Result<V::Value, Self::Error>
     |          ^^^^^^ not found in this scope
     |
help: consider importing one of these items
     |
115  + use core::fmt::Result;
     |
115  + use core::result::Result;
     |

error[E0412]: cannot find type `Result` in this scope
    --> C:\Users\john\.cargo\registry\src\index.crates.io-1949cf8c6b5b557f\serde-1.0.219\src\de\mod.rs:1137:10
     |
1137 |     ) -> Result<V::Value, Self::Error>
     |          ^^^^^^ not found in this scope
     |
help: consider importing one of these items
     |
115  + use core::fmt::Result;
     |
115  + use core::result::Result;
     |

error[E0412]: cannot find type `Result` in this scope
    --> C:\Users\john\.cargo\registry\src\index.crates.io-1949cf8c6b5b557f\serde-1.0.219\src\de\mod.rs:1143:55
     |
1143 |     fn deserialize_identifier<V>(self, visitor: V) -> Result<V::Value, Self::Error>
     |                                                       ^^^^^^ not found in this scope
     |
help: consider importing one of these items
     |
115  + use core::fmt::Result;
     |
115  + use core::result::Result;
     |

error[E0412]: cannot find type `Result` in this scope
    --> C:\Users\john\.cargo\registry\src\index.crates.io-1949cf8c6b5b557f\serde-1.0.219\src\de\mod.rs:1151:56
     |
1151 |     fn deserialize_ignored_any<V>(self, visitor: V) -> Result<V::Value, Self::Error>
     |                                                        ^^^^^^ not found in this scope
     |
help: consider importing one of these items
     |
115  + use core::fmt::Result;
     |
115  + use core::result::Result;
     |

error[E0412]: cannot find type `Result` in this scope
    --> C:\Users\john\.cargo\registry\src\index.crates.io-1949cf8c6b5b557f\serde-1.0.219\src\de\mod.rs:1233:10
     |
1233 |     ) -> Result<crate::__private::de::Content<'de>, Self::Error>
     |          ^^^^^^ not found in this scope
     |
help: consider importing one of these items
     |
115  + use core::fmt::Result;
     |
115  + use core::result::Result;
     |

error[E0405]: cannot find trait `Sized` in this scope
    --> C:\Users\john\.cargo\registry\src\index.crates.io-1949cf8c6b5b557f\serde-1.0.219\src\de\mod.rs:1284:25
     |
1284 | pub trait Visitor<'de>: Sized {
     |                         ^^^^^ not found in this scope
     |
help: consider importing this trait
     |
115  + use core::marker::Sized;
     |

error[E0412]: cannot find type `Result` in this scope
    --> C:\Users\john\.cargo\registry\src\index.crates.io-1949cf8c6b5b557f\serde-1.0.219\src\de\mod.rs:1315:40
     |
1315 |     fn visit_bool<E>(self, v: bool) -> Result<Self::Value, E>
     |                                        ^^^^^^ not found in this scope
     |
help: consider importing one of these items
     |
115  + use core::fmt::Result;
     |
115  + use core::result::Result;
     |

error[E0425]: cannot find function, tuple struct or tuple variant `Err` in this scope
    --> C:\Users\john\.cargo\registry\src\index.crates.io-1949cf8c6b5b557f\serde-1.0.219\src\de\mod.rs:1319:9
     |
1319 |         Err(Error::invalid_type(Unexpected::Bool(v), &self))
     |         ^^^ not found in this scope
     |
help: consider importing this tuple variant
     |
115  + use core::result::Result::Err;
     |

error[E0412]: cannot find type `Result` in this scope
    --> C:\Users\john\.cargo\registry\src\index.crates.io-1949cf8c6b5b557f\serde-1.0.219\src\de\mod.rs:1327:36
     |
1327 |     fn visit_i8<E>(self, v: i8) -> Result<Self::Value, E>
     |                                    ^^^^^^ not found in this scope
     |
help: consider importing one of these items
     |
115  + use core::fmt::Result;
     |
115  + use core::result::Result;
     |

error[E0412]: cannot find type `Result` in this scope
    --> C:\Users\john\.cargo\registry\src\index.crates.io-1949cf8c6b5b557f\serde-1.0.219\src\de\mod.rs:1339:38
     |
1339 |     fn visit_i16<E>(self, v: i16) -> Result<Self::Value, E>
     |                                      ^^^^^^ not found in this scope
     |
help: consider importing one of these items
     |
115  + use core::fmt::Result;
     |
115  + use core::result::Result;
     |

error[E0412]: cannot find type `Result` in this scope
    --> C:\Users\john\.cargo\registry\src\index.crates.io-1949cf8c6b5b557f\serde-1.0.219\src\de\mod.rs:1351:38
     |
1351 |     fn visit_i32<E>(self, v: i32) -> Result<Self::Value, E>
     |                                      ^^^^^^ not found in this scope
     |
help: consider importing one of these items
     |
115  + use core::fmt::Result;
     |
115  + use core::result::Result;
     |

error[E0412]: cannot find type `Result` in this scope
    --> C:\Users\john\.cargo\registry\src\index.crates.io-1949cf8c6b5b557f\serde-1.0.219\src\de\mod.rs:1361:38
     |
1361 |     fn visit_i64<E>(self, v: i64) -> Result<Self::Value, E>
     |                                      ^^^^^^ not found in this scope
     |
help: consider importing one of these items
     |
115  + use core::fmt::Result;
     |
115  + use core::result::Result;
     |

error[E0425]: cannot find function, tuple struct or tuple variant `Err` in this scope
    --> C:\Users\john\.cargo\registry\src\index.crates.io-1949cf8c6b5b557f\serde-1.0.219\src\de\mod.rs:1365:9
     |
1365 |         Err(Error::invalid_type(Unexpected::Signed(v), &self))
     |         ^^^ not found in this scope
     |
help: consider importing this tuple variant
     |
115  + use core::result::Result::Err;
     |

error[E0412]: cannot find type `Result` in this scope
    --> C:\Users\john\.cargo\registry\src\index.crates.io-1949cf8c6b5b557f\serde-1.0.219\src\de\mod.rs:1371:40
     |
1371 |     fn visit_i128<E>(self, v: i128) -> Result<Self::Value, E>
     |                                        ^^^^^^ not found in this scope
     |
help: consider importing one of these items
     |
115  + use core::fmt::Result;
     |
115  + use core::result::Result;
     |

error[E0425]: cannot find function, tuple struct or tuple variant `Err` in this scope
    --> C:\Users\john\.cargo\registry\src\index.crates.io-1949cf8c6b5b557f\serde-1.0.219\src\de\mod.rs:1378:9
     |
1378 |         Err(Error::invalid_type(
     |         ^^^ not found in this scope
     |
help: consider importing this tuple variant
     |
115  + use core::result::Result::Err;
     |

error[E0412]: cannot find type `Result` in this scope
    --> C:\Users\john\.cargo\registry\src\index.crates.io-1949cf8c6b5b557f\serde-1.0.219\src\de\mod.rs:1389:36
     |
1389 |     fn visit_u8<E>(self, v: u8) -> Result<Self::Value, E>
     |                                    ^^^^^^ not found in this scope
     |
help: consider importing one of these items
     |
115  + use core::fmt::Result;
     |
115  + use core::result::Result;
     |

error[E0412]: cannot find type `Result` in this scope
    --> C:\Users\john\.cargo\registry\src\index.crates.io-1949cf8c6b5b557f\serde-1.0.219\src\de\mod.rs:1401:38
     |
1401 |     fn visit_u16<E>(self, v: u16) -> Result<Self::Value, E>
     |                                      ^^^^^^ not found in this scope
     |
help: consider importing one of these items
     |
115  + use core::fmt::Result;
     |
115  + use core::result::Result;
     |

error[E0412]: cannot find type `Result` in this scope
    --> C:\Users\john\.cargo\registry\src\index.crates.io-1949cf8c6b5b557f\serde-1.0.219\src\de\mod.rs:1413:38
     |
1413 |     fn visit_u32<E>(self, v: u32) -> Result<Self::Value, E>
     |                                      ^^^^^^ not found in this scope
     |
help: consider importing one of these items
     |
115  + use core::fmt::Result;
     |
115  + use core::result::Result;
     |

error[E0412]: cannot find type `Result` in this scope
    --> C:\Users\john\.cargo\registry\src\index.crates.io-1949cf8c6b5b557f\serde-1.0.219\src\de\mod.rs:1423:38
     |
1423 |     fn visit_u64<E>(self, v: u64) -> Result<Self::Value, E>
     |                                      ^^^^^^ not found in this scope
     |
help: consider importing one of these items
     |
115  + use core::fmt::Result;
     |
115  + use core::result::Result;
     |

error[E0425]: cannot find function, tuple struct or tuple variant `Err` in this scope
    --> C:\Users\john\.cargo\registry\src\index.crates.io-1949cf8c6b5b557f\serde-1.0.219\src\de\mod.rs:1427:9
     |
1427 |         Err(Error::invalid_type(Unexpected::Unsigned(v), &self))
     |         ^^^ not found in this scope
     |
help: consider importing this tuple variant
     |
115  + use core::result::Result::Err;
     |

error[E0412]: cannot find type `Result` in this scope
    --> C:\Users\john\.cargo\registry\src\index.crates.io-1949cf8c6b5b557f\serde-1.0.219\src\de\mod.rs:1433:40
     |
1433 |     fn visit_u128<E>(self, v: u128) -> Result<Self::Value, E>
     |                                        ^^^^^^ not found in this scope
     |
help: consider importing one of these items
     |
115  + use core::fmt::Result;
     |
115  + use core::result::Result;
     |

error[E0425]: cannot find function, tuple struct or tuple variant `Err` in this scope
    --> C:\Users\john\.cargo\registry\src\index.crates.io-1949cf8c6b5b557f\serde-1.0.219\src\de\mod.rs:1440:9
     |
1440 |         Err(Error::invalid_type(
     |         ^^^ not found in this scope
     |
help: consider importing this tuple variant
     |
115  + use core::result::Result::Err;
     |

error[E0412]: cannot find type `Result` in this scope
    --> C:\Users\john\.cargo\registry\src\index.crates.io-1949cf8c6b5b557f\serde-1.0.219\src\de\mod.rs:1451:38
     |
1451 |     fn visit_f32<E>(self, v: f32) -> Result<Self::Value, E>
     |                                      ^^^^^^ not found in this scope
     |
help: consider importing one of these items
     |
115  + use core::fmt::Result;
     |
115  + use core::result::Result;
     |

error[E0412]: cannot find type `Result` in this scope
    --> C:\Users\john\.cargo\registry\src\index.crates.io-1949cf8c6b5b557f\serde-1.0.219\src\de\mod.rs:1461:38
     |
1461 |     fn visit_f64<E>(self, v: f64) -> Result<Self::Value, E>
     |                                      ^^^^^^ not found in this scope
     |
help: consider importing one of these items
     |
115  + use core::fmt::Result;
     |
115  + use core::result::Result;
     |

error[E0425]: cannot find function, tuple struct or tuple variant `Err` in this scope
    --> C:\Users\john\.cargo\registry\src\index.crates.io-1949cf8c6b5b557f\serde-1.0.219\src\de\mod.rs:1465:9
     |
1465 |         Err(Error::invalid_type(Unexpected::Float(v), &self))
     |         ^^^ not found in this scope
     |
help: consider importing this tuple variant
     |
115  + use core::result::Result::Err;
     |

error[E0412]: cannot find type `Result` in this scope
    --> C:\Users\john\.cargo\registry\src\index.crates.io-1949cf8c6b5b557f\serde-1.0.219\src\de\mod.rs:1475:40
     |
1475 |     fn visit_char<E>(self, v: char) -> Result<Self::Value, E>
     |                                        ^^^^^^ not found in this scope
     |
help: consider importing one of these items
     |
115  + use core::fmt::Result;
     |
115  + use core::result::Result;
     |

error[E0412]: cannot find type `Result` in this scope
    --> C:\Users\john\.cargo\registry\src\index.crates.io-1949cf8c6b5b557f\serde-1.0.219\src\de\mod.rs:1493:39
     |
1493 |     fn visit_str<E>(self, v: &str) -> Result<Self::Value, E>
     |                                       ^^^^^^ not found in this scope
     |
help: consider importing one of these items
     |
115  + use core::fmt::Result;
     |
115  + use core::result::Result;
     |

error[E0425]: cannot find function, tuple struct or tuple variant `Err` in this scope
    --> C:\Users\john\.cargo\registry\src\index.crates.io-1949cf8c6b5b557f\serde-1.0.219\src\de\mod.rs:1497:9
     |
1497 |         Err(Error::invalid_type(Unexpected::Str(v), &self))
     |         ^^^ not found in this scope
     |
help: consider importing this tuple variant
     |
115  + use core::result::Result::Err;
     |

error[E0412]: cannot find type `Result` in this scope
    --> C:\Users\john\.cargo\registry\src\index.crates.io-1949cf8c6b5b557f\serde-1.0.219\src\de\mod.rs:1510:52
     |
1510 |     fn visit_borrowed_str<E>(self, v: &'de str) -> Result<Self::Value, E>
     |                                                    ^^^^^^ not found in this scope
     |
help: consider importing one of these items
     |
115  + use core::fmt::Result;
     |
115  + use core::result::Result;
     |

error[E0412]: cannot find type `Result` in this scope
    --> C:\Users\john\.cargo\registry\src\index.crates.io-1949cf8c6b5b557f\serde-1.0.219\src\de\mod.rs:1535:44
     |
1535 |     fn visit_string<E>(self, v: String) -> Result<Self::Value, E>
     |                                            ^^^^^^ not found in this scope
     |
help: consider importing one of these items
     |
115  + use core::fmt::Result;
     |
115  + use core::result::Result;
     |

error[E0412]: cannot find type `Result` in this scope
    --> C:\Users\john\.cargo\registry\src\index.crates.io-1949cf8c6b5b557f\serde-1.0.219\src\de\mod.rs:1553:42
     |
1553 |     fn visit_bytes<E>(self, v: &[u8]) -> Result<Self::Value, E>
     |                                          ^^^^^^ not found in this scope
     |
help: consider importing one of these items
     |
115  + use core::fmt::Result;
     |
115  + use core::result::Result;
     |

error[E0425]: cannot find function, tuple struct or tuple variant `Err` in this scope
    --> C:\Users\john\.cargo\registry\src\index.crates.io-1949cf8c6b5b557f\serde-1.0.219\src\de\mod.rs:1557:9
     |
1557 |         Err(Error::invalid_type(Unexpected::Bytes(v), &self))
     |         ^^^ not found in this scope
     |
help: consider importing this tuple variant
     |
115  + use core::result::Result::Err;
     |

error[E0412]: cannot find type `Result` in this scope
    --> C:\Users\john\.cargo\registry\src\index.crates.io-1949cf8c6b5b557f\serde-1.0.219\src\de\mod.rs:1569:55
     |
1569 |     fn visit_borrowed_bytes<E>(self, v: &'de [u8]) -> Result<Self::Value, E>
     |                                                       ^^^^^^ not found in this scope
     |
help: consider importing one of these items
     |
115  + use core::fmt::Result;
     |
115  + use core::result::Result;
     |

error[E0412]: cannot find type `Result` in this scope
    --> C:\Users\john\.cargo\registry\src\index.crates.io-1949cf8c6b5b557f\serde-1.0.219\src\de\mod.rs:1594:47
     |
1594 |     fn visit_byte_buf<E>(self, v: Vec<u8>) -> Result<Self::Value, E>
     |                                               ^^^^^^ not found in this scope
     |
help: consider importing one of these items
     |
115  + use core::fmt::Result;
     |
115  + use core::result::Result;
     |

error[E0412]: cannot find type `Result` in this scope
    --> C:\Users\john\.cargo\registry\src\index.crates.io-1949cf8c6b5b557f\serde-1.0.219\src\de\mod.rs:1604:31
     |
1604 |     fn visit_none<E>(self) -> Result<Self::Value, E>
     |                               ^^^^^^ not found in this scope
     |
help: consider importing one of these items
     |
115  + use core::fmt::Result;
     |
115  + use core::result::Result;
     |

error[E0425]: cannot find function, tuple struct or tuple variant `Err` in this scope
    --> C:\Users\john\.cargo\registry\src\index.crates.io-1949cf8c6b5b557f\serde-1.0.219\src\de\mod.rs:1608:9
     |
1608 |         Err(Error::invalid_type(Unexpected::Option, &self))
     |         ^^^ not found in this scope
     |
help: consider importing this tuple variant
     |
115  + use core::result::Result::Err;
     |

error[E0412]: cannot find type `Result` in this scope
    --> C:\Users\john\.cargo\registry\src\index.crates.io-1949cf8c6b5b557f\serde-1.0.219\src\de\mod.rs:1614:48
     |
1614 |     fn visit_some<D>(self, deserializer: D) -> Result<Self::Value, D::Error>
     |                                                ^^^^^^ not found in this scope
     |
help: consider importing one of these items
     |
115  + use core::fmt::Result;
     |
115  + use core::result::Result;
     |

error[E0425]: cannot find function, tuple struct or tuple variant `Err` in this scope
    --> C:\Users\john\.cargo\registry\src\index.crates.io-1949cf8c6b5b557f\serde-1.0.219\src\de\mod.rs:1619:9
     |
1619 |         Err(Error::invalid_type(Unexpected::Option, &self))
     |         ^^^ not found in this scope
     |
help: consider importing this tuple variant
     |
115  + use core::result::Result::Err;
     |

error[E0412]: cannot find type `Result` in this scope
    --> C:\Users\john\.cargo\registry\src\index.crates.io-1949cf8c6b5b557f\serde-1.0.219\src\de\mod.rs:1625:31
     |
1625 |     fn visit_unit<E>(self) -> Result<Self::Value, E>
     |                               ^^^^^^ not found in this scope
     |
help: consider importing one of these items
     |
115  + use core::fmt::Result;
     |
115  + use core::result::Result;
     |

error[E0425]: cannot find function, tuple struct or tuple variant `Err` in this scope
    --> C:\Users\john\.cargo\registry\src\index.crates.io-1949cf8c6b5b557f\serde-1.0.219\src\de\mod.rs:1629:9
     |
1629 |         Err(Error::invalid_type(Unexpected::Unit, &self))
     |         ^^^ not found in this scope
     |
help: consider importing this tuple variant
     |
115  + use core::result::Result::Err;
     |

error[E0412]: cannot find type `Result` in this scope
    --> C:\Users\john\.cargo\registry\src\index.crates.io-1949cf8c6b5b557f\serde-1.0.219\src\de\mod.rs:1638:58
     |
1638 |     fn visit_newtype_struct<D>(self, deserializer: D) -> Result<Self::Value, D::Error>
     |                                                          ^^^^^^ not found in this scope
     |
help: consider importing one of these items
     |
115  + use core::fmt::Result;
     |
115  + use core::result::Result;
     |

error[E0425]: cannot find function, tuple struct or tuple variant `Err` in this scope
    --> C:\Users\john\.cargo\registry\src\index.crates.io-1949cf8c6b5b557f\serde-1.0.219\src\de\mod.rs:1643:9
     |
1643 |         Err(Error::invalid_type(Unexpected::NewtypeStruct, &self))
     |         ^^^ not found in this scope
     |
help: consider importing this tuple variant
     |
115  + use core::result::Result::Err;
     |

error[E0412]: cannot find type `Result` in this scope
    --> C:\Users\john\.cargo\registry\src\index.crates.io-1949cf8c6b5b557f\serde-1.0.219\src\de\mod.rs:1649:38
     |
1649 |     fn visit_seq<A>(self, seq: A) -> Result<Self::Value, A::Error>
     |                                      ^^^^^^ not found in this scope
     |
help: consider importing one of these items
     |
115  + use core::fmt::Result;
     |
115  + use core::result::Result;
     |

error[E0425]: cannot find function, tuple struct or tuple variant `Err` in this scope
    --> C:\Users\john\.cargo\registry\src\index.crates.io-1949cf8c6b5b557f\serde-1.0.219\src\de\mod.rs:1654:9
     |
1654 |         Err(Error::invalid_type(Unexpected::Seq, &self))
     |         ^^^ not found in this scope
     |
help: consider importing this tuple variant
     |
115  + use core::result::Result::Err;
     |

error[E0412]: cannot find type `Result` in this scope
    --> C:\Users\john\.cargo\registry\src\index.crates.io-1949cf8c6b5b557f\serde-1.0.219\src\de\mod.rs:1660:38
     |
1660 |     fn visit_map<A>(self, map: A) -> Result<Self::Value, A::Error>
     |                                      ^^^^^^ not found in this scope
     |
help: consider importing one of these items
     |
115  + use core::fmt::Result;
     |
115  + use core::result::Result;
     |

error[E0425]: cannot find function, tuple struct or tuple variant `Err` in this scope
    --> C:\Users\john\.cargo\registry\src\index.crates.io-1949cf8c6b5b557f\serde-1.0.219\src\de\mod.rs:1665:9
     |
1665 |         Err(Error::invalid_type(Unexpected::Map, &self))
     |         ^^^ not found in this scope
     |
help: consider importing this tuple variant
     |
115  + use core::result::Result::Err;
     |

error[E0412]: cannot find type `Result` in this scope
    --> C:\Users\john\.cargo\registry\src\index.crates.io-1949cf8c6b5b557f\serde-1.0.219\src\de\mod.rs:1671:40
     |
1671 |     fn visit_enum<A>(self, data: A) -> Result<Self::Value, A::Error>
     |                                        ^^^^^^ not found in this scope
     |
help: consider importing one of these items
     |
115  + use core::fmt::Result;
     |
115  + use core::result::Result;
     |

error[E0425]: cannot find function, tuple struct or tuple variant `Err` in this scope
    --> C:\Users\john\.cargo\registry\src\index.crates.io-1949cf8c6b5b557f\serde-1.0.219\src\de\mod.rs:1676:9
     |
1676 |         Err(Error::invalid_type(Unexpected::Enum, &self))
     |         ^^^ not found in this scope
     |
help: consider importing this tuple variant
     |
115  + use core::result::Result::Err;
     |

error[E0412]: cannot find type `Result` in this scope
    --> C:\Users\john\.cargo\registry\src\index.crates.io-1949cf8c6b5b557f\serde-1.0.219\src\de\mod.rs:1681:58
     |
1681 |     fn __private_visit_untagged_option<D>(self, _: D) -> Result<Self::Value, ()>
     |                                                          ^^^^^^ not found in this scope
     |
help: consider importing one of these items
     |
115  + use core::fmt::Result;
     |
115  + use core::result::Result;
     |

error[E0425]: cannot find function, tuple struct or tuple variant `Err` in this scope
    --> C:\Users\john\.cargo\registry\src\index.crates.io-1949cf8c6b5b557f\serde-1.0.219\src\de\mod.rs:1685:9
     |
1685 |         Err(())
     |         ^^^ not found in this scope
     |
help: consider importing this tuple variant
     |
115  + use core::result::Result::Err;
     |

error[E0412]: cannot find type `Result` in this scope
    --> C:\Users\john\.cargo\registry\src\index.crates.io-1949cf8c6b5b557f\serde-1.0.219\src\de\mod.rs:1720:52
     |
1720 |     fn next_element_seed<T>(&mut self, seed: T) -> Result<Option<T::Value>, Self::Error>
     |                                                    ^^^^^^ not found in this scope
     |
help: consider importing one of these items
     |
115  + use core::fmt::Result;
     |
115  + use core::result::Result;
     |

error[E0412]: cannot find type `Option` in this scope
    --> C:\Users\john\.cargo\registry\src\index.crates.io-1949cf8c6b5b557f\serde-1.0.219\src\de\mod.rs:1720:59
     |
1720 |     fn next_element_seed<T>(&mut self, seed: T) -> Result<Option<T::Value>, Self::Error>
     |                                                           ^^^^^^ not found in this scope
     |
help: consider importing this enum
     |
115  + use core::option::Option;
     |

error[E0412]: cannot find type `Result` in this scope
    --> C:\Users\john\.cargo\registry\src\index.crates.io-1949cf8c6b5b557f\serde-1.0.219\src\de\mod.rs:1730:38
     |
1730 |     fn next_element<T>(&mut self) -> Result<Option<T>, Self::Error>
     |                                      ^^^^^^ not found in this scope
     |
help: consider importing one of these items
     |
115  + use core::fmt::Result;
     |
115  + use core::result::Result;
     |

error[E0412]: cannot find type `Option` in this scope
    --> C:\Users\john\.cargo\registry\src\index.crates.io-1949cf8c6b5b557f\serde-1.0.219\src\de\mod.rs:1730:45
     |
1730 |     fn next_element<T>(&mut self) -> Result<Option<T>, Self::Error>
     |                                             ^^^^^^ not found in this scope
     |
help: consider importing this enum
     |
115  + use core::option::Option;
     |

error[E0412]: cannot find type `Option` in this scope
    --> C:\Users\john\.cargo\registry\src\index.crates.io-1949cf8c6b5b557f\serde-1.0.219\src\de\mod.rs:1739:28
     |
1739 |     fn size_hint(&self) -> Option<usize> {
     |                            ^^^^^^ not found in this scope
     |
help: consider importing this enum
     |
115  + use core::option::Option;
     |

error[E0425]: cannot find value `None` in this scope
    --> C:\Users\john\.cargo\registry\src\index.crates.io-1949cf8c6b5b557f\serde-1.0.219\src\de\mod.rs:1740:9
     |
1740 |         None
     |         ^^^^ not found in this scope
     |
note: unit variant `crate::__private::ser::content::Content::None` exists but is inaccessible
    --> C:\Users\john\.cargo\registry\src\index.crates.io-1949cf8c6b5b557f\serde-1.0.219\src\private\ser.rs:442:9
     |
442  |         None,
     |         ^^^^ not accessible
help: consider importing one of these unit variants
     |
115  + use crate::__private::de::Content::None;
     |
115  + use core::option::Option::None;
     |

error[E0405]: cannot find trait `Sized` in this scope
    --> C:\Users\john\.cargo\registry\src\index.crates.io-1949cf8c6b5b557f\serde-1.0.219\src\de\mod.rs:1746:9
     |
1746 |     A: ?Sized + SeqAccess<'de>,
     |         ^^^^^ not found in this scope
     |
help: consider importing this trait
     |
115  + use core::marker::Sized;
     |

error[E0412]: cannot find type `Result` in this scope
    --> C:\Users\john\.cargo\registry\src\index.crates.io-1949cf8c6b5b557f\serde-1.0.219\src\de\mod.rs:1751:52
     |
1751 |     fn next_element_seed<T>(&mut self, seed: T) -> Result<Option<T::Value>, Self::Error>
     |                                                    ^^^^^^ not found in this scope
     |
help: consider importing one of these items
     |
115  + use core::fmt::Result;
     |
115  + use core::result::Result;
     |

error[E0412]: cannot find type `Option` in this scope
    --> C:\Users\john\.cargo\registry\src\index.crates.io-1949cf8c6b5b557f\serde-1.0.219\src\de\mod.rs:1751:59
     |
1751 |     fn next_element_seed<T>(&mut self, seed: T) -> Result<Option<T::Value>, Self::Error>
     |                                                           ^^^^^^ not found in this scope
     |
help: consider importing this enum
     |
115  + use core::option::Option;
     |

error[E0412]: cannot find type `Result` in this scope
    --> C:\Users\john\.cargo\registry\src\index.crates.io-1949cf8c6b5b557f\serde-1.0.219\src\de\mod.rs:1759:38
     |
1759 |     fn next_element<T>(&mut self) -> Result<Option<T>, Self::Error>
     |                                      ^^^^^^ not found in this scope
     |
help: consider importing one of these items
     |
115  + use core::fmt::Result;
     |
115  + use core::result::Result;
     |

error[E0412]: cannot find type `Option` in this scope
    --> C:\Users\john\.cargo\registry\src\index.crates.io-1949cf8c6b5b557f\serde-1.0.219\src\de\mod.rs:1759:45
     |
1759 |     fn next_element<T>(&mut self) -> Result<Option<T>, Self::Error>
     |                                             ^^^^^^ not found in this scope
     |
help: consider importing this enum
     |
115  + use core::option::Option;
     |

error[E0412]: cannot find type `Option` in this scope
    --> C:\Users\john\.cargo\registry\src\index.crates.io-1949cf8c6b5b557f\serde-1.0.219\src\de\mod.rs:1767:28
     |
1767 |     fn size_hint(&self) -> Option<usize> {
     |                            ^^^^^^ not found in this scope
     |
help: consider importing this enum
     |
115  + use core::option::Option;
     |

error[E0412]: cannot find type `Result` in this scope
    --> C:\Users\john\.cargo\registry\src\index.crates.io-1949cf8c6b5b557f\serde-1.0.219\src\de\mod.rs:1802:48
     |
1802 |     fn next_key_seed<K>(&mut self, seed: K) -> Result<Option<K::Value>, Self::Error>
     |                                                ^^^^^^ not found in this scope
     |
help: consider importing one of these items
     |
115  + use core::fmt::Result;
     |
115  + use core::result::Result;
     |

error[E0412]: cannot find type `Option` in this scope
    --> C:\Users\john\.cargo\registry\src\index.crates.io-1949cf8c6b5b557f\serde-1.0.219\src\de\mod.rs:1802:55
     |
1802 |     fn next_key_seed<K>(&mut self, seed: K) -> Result<Option<K::Value>, Self::Error>
     |                                                       ^^^^^^ not found in this scope
     |
help: consider importing this enum
     |
115  + use core::option::Option;
     |

error[E0412]: cannot find type `Result` in this scope
    --> C:\Users\john\.cargo\registry\src\index.crates.io-1949cf8c6b5b557f\serde-1.0.219\src\de\mod.rs:1815:50
     |
1815 |     fn next_value_seed<V>(&mut self, seed: V) -> Result<V::Value, Self::Error>
     |                                                  ^^^^^^ not found in this scope
     |
help: consider importing one of these items
     |
115  + use core::fmt::Result;
     |
115  + use core::result::Result;
     |

error[E0412]: cannot find type `Result` in this scope
    --> C:\Users\john\.cargo\registry\src\index.crates.io-1949cf8c6b5b557f\serde-1.0.219\src\de\mod.rs:1832:10
     |
1832 |     ) -> Result<Option<(K::Value, V::Value)>, Self::Error>
     |          ^^^^^^ not found in this scope
     |
help: consider importing one of these items
     |
115  + use core::fmt::Result;
     |
115  + use core::result::Result;
     |

error[E0412]: cannot find type `Option` in this scope
    --> C:\Users\john\.cargo\registry\src\index.crates.io-1949cf8c6b5b557f\serde-1.0.219\src\de\mod.rs:1832:17
     |
1832 |     ) -> Result<Option<(K::Value, V::Value)>, Self::Error>
     |                 ^^^^^^ not found in this scope
     |
help: consider importing this enum
     |
115  + use core::option::Option;
     |

error[E0531]: cannot find tuple struct or tuple variant `Ok` in this scope
    --> C:\Users\john\.cargo\registry\src\index.crates.io-1949cf8c6b5b557f\serde-1.0.219\src\lib.rs:298:13
     |
298  |             Ok(val) => val,
     |             ^^ not found in this scope
     |
    ::: C:\Users\john\.cargo\registry\src\index.crates.io-1949cf8c6b5b557f\serde-1.0.219\src\de\mod.rs:1837:15
     |
1837 |         match tri!(self.next_key_seed(kseed)) {
     |               ------------------------------- in this macro invocation
     |
     = note: this error originates in the macro `tri` (in Nightly builds, run with -Z macro-backtrace for more info)
help: consider importing this tuple variant
    -->  C:\Users\john\.cargo\registry\src\index.crates.io-1949cf8c6b5b557f\serde-1.0.219\src\de\mod.rs:115:1
     |
115  + use core::result::Result::Ok;
     |

error[E0531]: cannot find tuple struct or tuple variant `Err` in this scope
    --> C:\Users\john\.cargo\registry\src\index.crates.io-1949cf8c6b5b557f\serde-1.0.219\src\lib.rs:299:13
     |
299  |             Err(err) => return Err(err),
     |             ^^^ not found in this scope
     |
    ::: C:\Users\john\.cargo\registry\src\index.crates.io-1949cf8c6b5b557f\serde-1.0.219\src\de\mod.rs:1837:15
     |
1837 |         match tri!(self.next_key_seed(kseed)) {
     |               ------------------------------- in this macro invocation
     |
     = note: this error originates in the macro `tri` (in Nightly builds, run with -Z macro-backtrace for more info)
help: consider importing this tuple variant
    -->  C:\Users\john\.cargo\registry\src\index.crates.io-1949cf8c6b5b557f\serde-1.0.219\src\de\mod.rs:115:1
     |
115  + use core::result::Result::Err;
     |

error[E0425]: cannot find function, tuple struct or tuple variant `Err` in this scope
    --> C:\Users\john\.cargo\registry\src\index.crates.io-1949cf8c6b5b557f\serde-1.0.219\src\lib.rs:299:32
     |
299  |             Err(err) => return Err(err),
     |                                ^^^
     |
    ::: C:\Users\john\.cargo\registry\src\index.crates.io-1949cf8c6b5b557f\serde-1.0.219\src\de\mod.rs:1837:15
     |
1837 |         match tri!(self.next_key_seed(kseed)) {
     |               ------------------------------- in this macro invocation
     |
     = note: this error originates in the macro `tri` (in Nightly builds, run with -Z macro-backtrace for more info)
help: a local variable with a similar name exists
     |
299  -             Err(err) => return Err(err),
299  +             Err(err) => return err(err),
     |
help: consider importing this tuple variant
    -->  C:\Users\john\.cargo\registry\src\index.crates.io-1949cf8c6b5b557f\serde-1.0.219\src\de\mod.rs:115:1
     |
115  + use core::result::Result::Err;
     |

error[E0531]: cannot find tuple struct or tuple variant `Some` in this scope
    --> C:\Users\john\.cargo\registry\src\index.crates.io-1949cf8c6b5b557f\serde-1.0.219\src\de\mod.rs:1838:13
     |
1838 |             Some(key) => {
     |             ^^^^ not found in this scope
     |
note: tuple variant `crate::__private::ser::content::Content::Some` exists but is inaccessible
    --> C:\Users\john\.cargo\registry\src\index.crates.io-1949cf8c6b5b557f\serde-1.0.219\src\private\ser.rs:443:9
     |
443  |         Some(Box<Content>),
     |         ^^^^^^^^^^^^^^^^^^ not accessible
help: consider importing one of these tuple variants
     |
115  + use crate::__private::de::Content::Some;
     |
115  + use core::option::Option::Some;
     |

error[E0531]: cannot find tuple struct or tuple variant `Ok` in this scope
    --> C:\Users\john\.cargo\registry\src\index.crates.io-1949cf8c6b5b557f\serde-1.0.219\src\lib.rs:298:13
     |
298  |             Ok(val) => val,
     |             ^^ not found in this scope
     |
    ::: C:\Users\john\.cargo\registry\src\index.crates.io-1949cf8c6b5b557f\serde-1.0.219\src\de\mod.rs:1839:29
     |
1839 |                 let value = tri!(self.next_value_seed(vseed));
     |                             --------------------------------- in this macro invocation
     |
     = note: this error originates in the macro `tri` (in Nightly builds, run with -Z macro-backtrace for more info)
help: consider importing this tuple variant
    -->  C:\Users\john\.cargo\registry\src\index.crates.io-1949cf8c6b5b557f\serde-1.0.219\src\de\mod.rs:115:1
     |
115  + use core::result::Result::Ok;
     |

error[E0531]: cannot find tuple struct or tuple variant `Err` in this scope
    --> C:\Users\john\.cargo\registry\src\index.crates.io-1949cf8c6b5b557f\serde-1.0.219\src\lib.rs:299:13
     |
299  |             Err(err) => return Err(err),
     |             ^^^ not found in this scope
     |
    ::: C:\Users\john\.cargo\registry\src\index.crates.io-1949cf8c6b5b557f\serde-1.0.219\src\de\mod.rs:1839:29
     |
1839 |                 let value = tri!(self.next_value_seed(vseed));
     |                             --------------------------------- in this macro invocation
     |
     = note: this error originates in the macro `tri` (in Nightly builds, run with -Z macro-backtrace for more info)
help: consider importing this tuple variant
    -->  C:\Users\john\.cargo\registry\src\index.crates.io-1949cf8c6b5b557f\serde-1.0.219\src\de\mod.rs:115:1
     |
115  + use core::result::Result::Err;
     |

error[E0425]: cannot find function, tuple struct or tuple variant `Err` in this scope
    --> C:\Users\john\.cargo\registry\src\index.crates.io-1949cf8c6b5b557f\serde-1.0.219\src\lib.rs:299:32
     |
299  |             Err(err) => return Err(err),
     |                                ^^^
     |
    ::: C:\Users\john\.cargo\registry\src\index.crates.io-1949cf8c6b5b557f\serde-1.0.219\src\de\mod.rs:1839:29
     |
1839 |                 let value = tri!(self.next_value_seed(vseed));
     |                             --------------------------------- in this macro invocation
     |
     = note: this error originates in the macro `tri` (in Nightly builds, run with -Z macro-backtrace for more info)
help: a local variable with a similar name exists
     |
299  -             Err(err) => return Err(err),
299  +             Err(err) => return err(err),
     |
help: consider importing this tuple variant
    -->  C:\Users\john\.cargo\registry\src\index.crates.io-1949cf8c6b5b557f\serde-1.0.219\src\de\mod.rs:115:1
     |
115  + use core::result::Result::Err;
     |

error[E0425]: cannot find function, tuple struct or tuple variant `Ok` in this scope
    --> C:\Users\john\.cargo\registry\src\index.crates.io-1949cf8c6b5b557f\serde-1.0.219\src\de\mod.rs:1840:17
     |
1840 |                 Ok(Some((key, value)))
     |                 ^^ not found in this scope
     |
help: consider importing this tuple variant
     |
115  + use core::result::Result::Ok;
     |

error[E0425]: cannot find function, tuple struct or tuple variant `Some` in this scope
    --> C:\Users\john\.cargo\registry\src\index.crates.io-1949cf8c6b5b557f\serde-1.0.219\src\de\mod.rs:1840:20
     |
1840 |                 Ok(Some((key, value)))
     |                    ^^^^ not found in this scope
     |
note: tuple variant `crate::__private::ser::content::Content::Some` exists but is inaccessible
    --> C:\Users\john\.cargo\registry\src\index.crates.io-1949cf8c6b5b557f\serde-1.0.219\src\private\ser.rs:443:9
     |
443  |         Some(Box<Content>),
     |         ^^^^^^^^^^^^^^^^^^ not accessible
help: consider importing one of these tuple variants
     |
115  + use crate::__private::de::Content::Some;
     |
115  + use core::option::Option::Some;
     |

error[E0425]: cannot find function, tuple struct or tuple variant `Ok` in this scope
    --> C:\Users\john\.cargo\registry\src\index.crates.io-1949cf8c6b5b557f\serde-1.0.219\src\de\mod.rs:1842:21
     |
1842 |             None => Ok(None),
     |                     ^^ not found in this scope
     |
help: consider importing this tuple variant
     |
115  + use core::result::Result::Ok;
     |

error[E0412]: cannot find type `Result` in this scope
    --> C:\Users\john\.cargo\registry\src\index.crates.io-1949cf8c6b5b557f\serde-1.0.219\src\de\mod.rs:1852:34
     |
1852 |     fn next_key<K>(&mut self) -> Result<Option<K>, Self::Error>
     |                                  ^^^^^^ not found in this scope
     |
help: consider importing one of these items
     |
115  + use core::fmt::Result;
     |
115  + use core::result::Result;
     |

error[E0412]: cannot find type `Option` in this scope
    --> C:\Users\john\.cargo\registry\src\index.crates.io-1949cf8c6b5b557f\serde-1.0.219\src\de\mod.rs:1852:41
     |
1852 |     fn next_key<K>(&mut self) -> Result<Option<K>, Self::Error>
     |                                         ^^^^^^ not found in this scope
     |
help: consider importing this enum
     |
115  + use core::option::Option;
     |

error[E0412]: cannot find type `Result` in this scope
    --> C:\Users\john\.cargo\registry\src\index.crates.io-1949cf8c6b5b557f\serde-1.0.219\src\de\mod.rs:1869:36
     |
1869 |     fn next_value<V>(&mut self) -> Result<V, Self::Error>
     |                                    ^^^^^^ not found in this scope
     |
help: consider importing one of these items
     |
115  + use core::fmt::Result;
     |
115  + use core::result::Result;
     |

error[E0412]: cannot find type `Result` in this scope
    --> C:\Users\john\.cargo\registry\src\index.crates.io-1949cf8c6b5b557f\serde-1.0.219\src\de\mod.rs:1882:39
     |
1882 |     fn next_entry<K, V>(&mut self) -> Result<Option<(K, V)>, Self::Error>
     |                                       ^^^^^^ not found in this scope
     |
help: consider importing one of these items
     |
115  + use core::fmt::Result;
     |
115  + use core::result::Result;
     |

error[E0412]: cannot find type `Option` in this scope
    --> C:\Users\john\.cargo\registry\src\index.crates.io-1949cf8c6b5b557f\serde-1.0.219\src\de\mod.rs:1882:46
     |
1882 |     fn next_entry<K, V>(&mut self) -> Result<Option<(K, V)>, Self::Error>
     |                                              ^^^^^^ not found in this scope
     |
help: consider importing this enum
     |
115  + use core::option::Option;
     |

error[E0412]: cannot find type `Option` in this scope
    --> C:\Users\john\.cargo\registry\src\index.crates.io-1949cf8c6b5b557f\serde-1.0.219\src\de\mod.rs:1892:28
     |
1892 |     fn size_hint(&self) -> Option<usize> {
     |                            ^^^^^^ not found in this scope
     |
help: consider importing this enum
     |
115  + use core::option::Option;
     |

error[E0425]: cannot find value `None` in this scope
    --> C:\Users\john\.cargo\registry\src\index.crates.io-1949cf8c6b5b557f\serde-1.0.219\src\de\mod.rs:1893:9
     |
1893 |         None
     |         ^^^^ not found in this scope
     |
note: unit variant `crate::__private::ser::content::Content::None` exists but is inaccessible
    --> C:\Users\john\.cargo\registry\src\index.crates.io-1949cf8c6b5b557f\serde-1.0.219\src\private\ser.rs:442:9
     |
442  |         None,
     |         ^^^^ not accessible
help: consider importing one of these unit variants
     |
115  + use crate::__private::de::Content::None;
     |
115  + use core::option::Option::None;
     |

error[E0405]: cannot find trait `Sized` in this scope
    --> C:\Users\john\.cargo\registry\src\index.crates.io-1949cf8c6b5b557f\serde-1.0.219\src\de\mod.rs:1899:9
     |
1899 |     A: ?Sized + MapAccess<'de>,
     |         ^^^^^ not found in this scope
     |
help: consider importing this trait
     |
115  + use core::marker::Sized;
     |

error[E0412]: cannot find type `Result` in this scope
    --> C:\Users\john\.cargo\registry\src\index.crates.io-1949cf8c6b5b557f\serde-1.0.219\src\de\mod.rs:1904:48
     |
1904 |     fn next_key_seed<K>(&mut self, seed: K) -> Result<Option<K::Value>, Self::Error>
     |                                                ^^^^^^ not found in this scope
     |
help: consider importing one of these items
     |
115  + use core::fmt::Result;
     |
115  + use core::result::Result;
     |

error[E0412]: cannot find type `Option` in this scope
    --> C:\Users\john\.cargo\registry\src\index.crates.io-1949cf8c6b5b557f\serde-1.0.219\src\de\mod.rs:1904:55
     |
1904 |     fn next_key_seed<K>(&mut self, seed: K) -> Result<Option<K::Value>, Self::Error>
     |                                                       ^^^^^^ not found in this scope
     |
help: consider importing this enum
     |
115  + use core::option::Option;
     |

error[E0412]: cannot find type `Result` in this scope
    --> C:\Users\john\.cargo\registry\src\index.crates.io-1949cf8c6b5b557f\serde-1.0.219\src\de\mod.rs:1912:50
     |
1912 |     fn next_value_seed<V>(&mut self, seed: V) -> Result<V::Value, Self::Error>
     |                                                  ^^^^^^ not found in this scope
     |
help: consider importing one of these items
     |
115  + use core::fmt::Result;
     |
115  + use core::result::Result;
     |

error[E0412]: cannot find type `Result` in this scope
    --> C:\Users\john\.cargo\registry\src\index.crates.io-1949cf8c6b5b557f\serde-1.0.219\src\de\mod.rs:1924:10
     |
1924 |     ) -> Result<Option<(K::Value, V::Value)>, Self::Error>
     |          ^^^^^^ not found in this scope
     |
help: consider importing one of these items
     |
115  + use core::fmt::Result;
     |
115  + use core::result::Result;
     |

error[E0412]: cannot find type `Option` in this scope
    --> C:\Users\john\.cargo\registry\src\index.crates.io-1949cf8c6b5b557f\serde-1.0.219\src\de\mod.rs:1924:17
     |
1924 |     ) -> Result<Option<(K::Value, V::Value)>, Self::Error>
     |                 ^^^^^^ not found in this scope
     |
help: consider importing this enum
     |
115  + use core::option::Option;
     |

error[E0412]: cannot find type `Result` in this scope
    --> C:\Users\john\.cargo\registry\src\index.crates.io-1949cf8c6b5b557f\serde-1.0.219\src\de\mod.rs:1933:39
     |
1933 |     fn next_entry<K, V>(&mut self) -> Result<Option<(K, V)>, Self::Error>
     |                                       ^^^^^^ not found in this scope
     |
help: consider importing one of these items
     |
115  + use core::fmt::Result;
     |
115  + use core::result::Result;
     |

error[E0412]: cannot find type `Option` in this scope
    --> C:\Users\john\.cargo\registry\src\index.crates.io-1949cf8c6b5b557f\serde-1.0.219\src\de\mod.rs:1933:46
     |
1933 |     fn next_entry<K, V>(&mut self) -> Result<Option<(K, V)>, Self::Error>
     |                                              ^^^^^^ not found in this scope
     |
help: consider importing this enum
     |
115  + use core::option::Option;
     |

error[E0412]: cannot find type `Result` in this scope
    --> C:\Users\john\.cargo\registry\src\index.crates.io-1949cf8c6b5b557f\serde-1.0.219\src\de\mod.rs:1942:34
     |
1942 |     fn next_key<K>(&mut self) -> Result<Option<K>, Self::Error>
     |                                  ^^^^^^ not found in this scope
     |
help: consider importing one of these items
     |
115  + use core::fmt::Result;
     |
115  + use core::result::Result;
     |

error[E0412]: cannot find type `Option` in this scope
    --> C:\Users\john\.cargo\registry\src\index.crates.io-1949cf8c6b5b557f\serde-1.0.219\src\de\mod.rs:1942:41
     |
1942 |     fn next_key<K>(&mut self) -> Result<Option<K>, Self::Error>
     |                                         ^^^^^^ not found in this scope
     |
help: consider importing this enum
     |
115  + use core::option::Option;
     |

error[E0412]: cannot find type `Result` in this scope
    --> C:\Users\john\.cargo\registry\src\index.crates.io-1949cf8c6b5b557f\serde-1.0.219\src\de\mod.rs:1950:36
     |
1950 |     fn next_value<V>(&mut self) -> Result<V, Self::Error>
     |                                    ^^^^^^ not found in this scope
     |
help: consider importing one of these items
     |
115  + use core::fmt::Result;
     |
115  + use core::result::Result;
     |

error[E0412]: cannot find type `Option` in this scope
    --> C:\Users\john\.cargo\registry\src\index.crates.io-1949cf8c6b5b557f\serde-1.0.219\src\de\mod.rs:1958:28
     |
1958 |     fn size_hint(&self) -> Option<usize> {
     |                            ^^^^^^ not found in this scope
     |
help: consider importing this enum
     |
115  + use core::option::Option;
     |

error[E0405]: cannot find trait `Sized` in this scope
    --> C:\Users\john\.cargo\registry\src\index.crates.io-1949cf8c6b5b557f\serde-1.0.219\src\de\mod.rs:1984:28
     |
1984 | pub trait EnumAccess<'de>: Sized {
     |                            ^^^^^ not found in this scope
     |
help: consider importing this trait
     |
115  + use core::marker::Sized;
     |

error[E0412]: cannot find type `Result` in this scope
    --> C:\Users\john\.cargo\registry\src\index.crates.io-1949cf8c6b5b557f\serde-1.0.219\src\de\mod.rs:1996:42
     |
1996 |     fn variant_seed<V>(self, seed: V) -> Result<(V::Value, Self::Variant), Self::Error>
     |                                          ^^^^^^ not found in this scope
     |
help: consider importing one of these items
     |
115  + use core::fmt::Result;
     |
115  + use core::result::Result;
     |

error[E0412]: cannot find type `Result` in this scope
    --> C:\Users\john\.cargo\registry\src\index.crates.io-1949cf8c6b5b557f\serde-1.0.219\src\de\mod.rs:2005:28
     |
2005 |     fn variant<V>(self) -> Result<(V, Self::Variant), Self::Error>
     |                            ^^^^^^ not found in this scope
     |
help: consider importing one of these items
     |
115  + use core::fmt::Result;
     |
115  + use core::result::Result;
     |

error[E0405]: cannot find trait `Sized` in this scope
    --> C:\Users\john\.cargo\registry\src\index.crates.io-1949cf8c6b5b557f\serde-1.0.219\src\de\mod.rs:2031:31
     |
2031 | pub trait VariantAccess<'de>: Sized {
     |                               ^^^^^ not found in this scope
     |
help: consider importing this trait
     |
115  + use core::marker::Sized;
     |

error[E0412]: cannot find type `Result` in this scope
    --> C:\Users\john\.cargo\registry\src\index.crates.io-1949cf8c6b5b557f\serde-1.0.219\src\de\mod.rs:2071:30
     |
2071 |     fn unit_variant(self) -> Result<(), Self::Error>;
     |                              ^^^^^^ not found in this scope
     |
help: consider importing one of these items
     |
115  + use core::fmt::Result;
     |
115  + use core::result::Result;
     |

error[E0412]: cannot find type `Result` in this scope
    --> C:\Users\john\.cargo\registry\src\index.crates.io-1949cf8c6b5b557f\serde-1.0.219\src\de\mod.rs:2113:50
     |
2113 |     fn newtype_variant_seed<T>(self, seed: T) -> Result<T::Value, Self::Error>
     |                                                  ^^^^^^ not found in this scope
     |
help: consider importing one of these items
     |
115  + use core::fmt::Result;
     |
115  + use core::result::Result;
     |

error[E0412]: cannot find type `Result` in this scope
    --> C:\Users\john\.cargo\registry\src\index.crates.io-1949cf8c6b5b557f\serde-1.0.219\src\de\mod.rs:2123:36
     |
2123 |     fn newtype_variant<T>(self) -> Result<T, Self::Error>
     |                                    ^^^^^^ not found in this scope
     |
help: consider importing one of these items
     |
115  + use core::fmt::Result;
     |
115  + use core::result::Result;
     |

error[E0412]: cannot find type `Result` in this scope
    --> C:\Users\john\.cargo\registry\src\index.crates.io-1949cf8c6b5b557f\serde-1.0.219\src\de\mod.rs:2169:58
     |
2169 |     fn tuple_variant<V>(self, len: usize, visitor: V) -> Result<V::Value, Self::Error>
     |                                                          ^^^^^^ not found in this scope
     |
help: consider importing one of these items
     |
115  + use core::fmt::Result;
     |
115  + use core::result::Result;
     |

error[E0412]: cannot find type `Result` in this scope
    --> C:\Users\john\.cargo\registry\src\index.crates.io-1949cf8c6b5b557f\serde-1.0.219\src\de\mod.rs:2220:10
     |
2220 |     ) -> Result<V::Value, Self::Error>
     |          ^^^^^^ not found in this scope
     |
help: consider importing one of these items
     |
115  + use core::fmt::Result;
     |
115  + use core::result::Result;
     |

error[E0531]: cannot find tuple struct or tuple variant `Ok` in this scope
    --> C:\Users\john\.cargo\registry\src\index.crates.io-1949cf8c6b5b557f\serde-1.0.219\src\lib.rs:298:13
     |
298  |             Ok(val) => val,
     |             ^^ not found in this scope
     |
    ::: C:\Users\john\.cargo\registry\src\index.crates.io-1949cf8c6b5b557f\serde-1.0.219\src\de\mod.rs:2287:17
     |
2287 |                 tri!(formatter.write_str("one of "));
     |                 ------------------------------------ in this macro invocation
     |
     = note: this error originates in the macro `tri` (in Nightly builds, run with -Z macro-backtrace for more info)
help: consider importing this tuple variant
    -->  C:\Users\john\.cargo\registry\src\index.crates.io-1949cf8c6b5b557f\serde-1.0.219\src\de\mod.rs:115:1
     |
115  + use core::result::Result::Ok;
     |

error[E0531]: cannot find tuple struct or tuple variant `Err` in this scope
    --> C:\Users\john\.cargo\registry\src\index.crates.io-1949cf8c6b5b557f\serde-1.0.219\src\lib.rs:299:13
     |
299  |             Err(err) => return Err(err),
     |             ^^^ not found in this scope
     |
    ::: C:\Users\john\.cargo\registry\src\index.crates.io-1949cf8c6b5b557f\serde-1.0.219\src\de\mod.rs:2287:17
     |
2287 |                 tri!(formatter.write_str("one of "));
     |                 ------------------------------------ in this macro invocation
     |
     = note: this error originates in the macro `tri` (in Nightly builds, run with -Z macro-backtrace for more info)
help: consider importing this tuple variant
    -->  C:\Users\john\.cargo\registry\src\index.crates.io-1949cf8c6b5b557f\serde-1.0.219\src\de\mod.rs:115:1
     |
115  + use core::result::Result::Err;
     |

error[E0425]: cannot find function, tuple struct or tuple variant `Err` in this scope
    --> C:\Users\john\.cargo\registry\src\index.crates.io-1949cf8c6b5b557f\serde-1.0.219\src\lib.rs:299:32
     |
299  |             Err(err) => return Err(err),
     |                                ^^^
     |
    ::: C:\Users\john\.cargo\registry\src\index.crates.io-1949cf8c6b5b557f\serde-1.0.219\src\de\mod.rs:2287:17
     |
2287 |                 tri!(formatter.write_str("one of "));
     |                 ------------------------------------ in this macro invocation
     |
     = note: this error originates in the macro `tri` (in Nightly builds, run with -Z macro-backtrace for more info)
help: a local variable with a similar name exists
     |
299  -             Err(err) => return Err(err),
299  +             Err(err) => return err(err),
     |
help: consider importing this tuple variant
    -->  C:\Users\john\.cargo\registry\src\index.crates.io-1949cf8c6b5b557f\serde-1.0.219\src\de\mod.rs:115:1
     |
115  + use core::result::Result::Err;
     |

error[E0531]: cannot find tuple struct or tuple variant `Ok` in this scope
    --> C:\Users\john\.cargo\registry\src\index.crates.io-1949cf8c6b5b557f\serde-1.0.219\src\lib.rs:298:13
     |
298  |             Ok(val) => val,
     |             ^^ not found in this scope
     |
    ::: C:\Users\john\.cargo\registry\src\index.crates.io-1949cf8c6b5b557f\serde-1.0.219\src\de\mod.rs:2290:25
     |
2290 |                         tri!(formatter.write_str(", "));
     |                         ------------------------------- in this macro invocation
     |
     = note: this error originates in the macro `tri` (in Nightly builds, run with -Z macro-backtrace for more info)
help: consider importing this tuple variant
    -->  C:\Users\john\.cargo\registry\src\index.crates.io-1949cf8c6b5b557f\serde-1.0.219\src\de\mod.rs:115:1
     |
115  + use core::result::Result::Ok;
     |

error[E0531]: cannot find tuple struct or tuple variant `Err` in this scope
    --> C:\Users\john\.cargo\registry\src\index.crates.io-1949cf8c6b5b557f\serde-1.0.219\src\lib.rs:299:13
     |
299  |             Err(err) => return Err(err),
     |             ^^^ not found in this scope
     |
    ::: C:\Users\john\.cargo\registry\src\index.crates.io-1949cf8c6b5b557f\serde-1.0.219\src\de\mod.rs:2290:25
     |
2290 |                         tri!(formatter.write_str(", "));
     |                         ------------------------------- in this macro invocation
     |
     = note: this error originates in the macro `tri` (in Nightly builds, run with -Z macro-backtrace for more info)
help: consider importing this tuple variant
    -->  C:\Users\john\.cargo\registry\src\index.crates.io-1949cf8c6b5b557f\serde-1.0.219\src\de\mod.rs:115:1
     |
115  + use core::result::Result::Err;
     |

error[E0425]: cannot find function, tuple struct or tuple variant `Err` in this scope
    --> C:\Users\john\.cargo\registry\src\index.crates.io-1949cf8c6b5b557f\serde-1.0.219\src\lib.rs:299:32
     |
299  |             Err(err) => return Err(err),
     |                                ^^^
     |
    ::: C:\Users\john\.cargo\registry\src\index.crates.io-1949cf8c6b5b557f\serde-1.0.219\src\de\mod.rs:2290:25
     |
2290 |                         tri!(formatter.write_str(", "));
     |                         ------------------------------- in this macro invocation
     |
     = note: this error originates in the macro `tri` (in Nightly builds, run with -Z macro-backtrace for more info)
help: a local variable with a similar name exists
     |
299  -             Err(err) => return Err(err),
299  +             Err(err) => return err(err),
     |
help: consider importing this tuple variant
    -->  C:\Users\john\.cargo\registry\src\index.crates.io-1949cf8c6b5b557f\serde-1.0.219\src\de\mod.rs:115:1
     |
115  + use core::result::Result::Err;
     |

error[E0531]: cannot find tuple struct or tuple variant `Ok` in this scope
    --> C:\Users\john\.cargo\registry\src\index.crates.io-1949cf8c6b5b557f\serde-1.0.219\src\lib.rs:298:13
     |
298  |             Ok(val) => val,
     |             ^^ not found in this scope
     |
    ::: C:\Users\john\.cargo\registry\src\index.crates.io-1949cf8c6b5b557f\serde-1.0.219\src\de\mod.rs:2292:21
     |
2292 |                     tri!(write!(formatter, "`{}`", alt));
     |                     ------------------------------------ in this macro invocation
     |
     = note: this error originates in the macro `tri` (in Nightly builds, run with -Z macro-backtrace for more info)
help: consider importing this tuple variant
    -->  C:\Users\john\.cargo\registry\src\index.crates.io-1949cf8c6b5b557f\serde-1.0.219\src\de\mod.rs:115:1
     |
115  + use core::result::Result::Ok;
     |

error[E0531]: cannot find tuple struct or tuple variant `Err` in this scope
    --> C:\Users\john\.cargo\registry\src\index.crates.io-1949cf8c6b5b557f\serde-1.0.219\src\lib.rs:299:13
     |
299  |             Err(err) => return Err(err),
     |             ^^^ not found in this scope
     |
    ::: C:\Users\john\.cargo\registry\src\index.crates.io-1949cf8c6b5b557f\serde-1.0.219\src\de\mod.rs:2292:21
     |
2292 |                     tri!(write!(formatter, "`{}`", alt));
     |                     ------------------------------------ in this macro invocation
     |
     = note: this error originates in the macro `tri` (in Nightly builds, run with -Z macro-backtrace for more info)
help: consider importing this tuple variant
    -->  C:\Users\john\.cargo\registry\src\index.crates.io-1949cf8c6b5b557f\serde-1.0.219\src\de\mod.rs:115:1
     |
115  + use core::result::Result::Err;
     |

error[E0425]: cannot find function, tuple struct or tuple variant `Err` in this scope
    --> C:\Users\john\.cargo\registry\src\index.crates.io-1949cf8c6b5b557f\serde-1.0.219\src\lib.rs:299:32
     |
299  |             Err(err) => return Err(err),
     |                                ^^^
     |
    ::: C:\Users\john\.cargo\registry\src\index.crates.io-1949cf8c6b5b557f\serde-1.0.219\src\de\mod.rs:2292:21
     |
2292 |                     tri!(write!(formatter, "`{}`", alt));
     |                     ------------------------------------ in this macro invocation
     |
     = note: this error originates in the macro `tri` (in Nightly builds, run with -Z macro-backtrace for more info)
help: a local variable with a similar name exists
     |
299  -             Err(err) => return Err(err),
299  +             Err(err) => return err(err),
     |
help: consider importing this tuple variant
    -->  C:\Users\john\.cargo\registry\src\index.crates.io-1949cf8c6b5b557f\serde-1.0.219\src\de\mod.rs:115:1
     |
115  + use core::result::Result::Err;
     |

error[E0425]: cannot find function, tuple struct or tuple variant `Ok` in this scope
    --> C:\Users\john\.cargo\registry\src\index.crates.io-1949cf8c6b5b557f\serde-1.0.219\src\de\mod.rs:2294:17
     |
2294 |                 Ok(())
     |                 ^^ not found in this scope
     |
help: consider importing this tuple variant
     |
115  + use core::result::Result::Ok;
     |

error[E0531]: cannot find tuple struct or tuple variant `Ok` in this scope
    --> C:\Users\john\.cargo\registry\src\index.crates.io-1949cf8c6b5b557f\serde-1.0.219\src\lib.rs:298:13
     |
298  |             Ok(val) => val,
     |             ^^ not found in this scope
     |
    ::: C:\Users\john\.cargo\registry\src\index.crates.io-1949cf8c6b5b557f\serde-1.0.219\src\de\mod.rs:2326:13
     |
2326 |             tri!(write!(writer, "{}", self.0));
     |             ---------------------------------- in this macro invocation
     |
     = note: this error originates in the macro `tri` (in Nightly builds, run with -Z macro-backtrace for more info)
help: consider importing this tuple variant
    -->  C:\Users\john\.cargo\registry\src\index.crates.io-1949cf8c6b5b557f\serde-1.0.219\src\de\mod.rs:115:1
     |
115  + use core::result::Result::Ok;
     |

error[E0531]: cannot find tuple struct or tuple variant `Err` in this scope
    --> C:\Users\john\.cargo\registry\src\index.crates.io-1949cf8c6b5b557f\serde-1.0.219\src\lib.rs:299:13
     |
299  |             Err(err) => return Err(err),
     |             ^^^ not found in this scope
     |
    ::: C:\Users\john\.cargo\registry\src\index.crates.io-1949cf8c6b5b557f\serde-1.0.219\src\de\mod.rs:2326:13
     |
2326 |             tri!(write!(writer, "{}", self.0));
     |             ---------------------------------- in this macro invocation
     |
     = note: this error originates in the macro `tri` (in Nightly builds, run with -Z macro-backtrace for more info)
help: consider importing this tuple variant
    -->  C:\Users\john\.cargo\registry\src\index.crates.io-1949cf8c6b5b557f\serde-1.0.219\src\de\mod.rs:115:1
     |
115  + use core::result::Result::Err;
     |

error[E0425]: cannot find function, tuple struct or tuple variant `Err` in this scope
    --> C:\Users\john\.cargo\registry\src\index.crates.io-1949cf8c6b5b557f\serde-1.0.219\src\lib.rs:299:32
     |
299  |             Err(err) => return Err(err),
     |                                ^^^
     |
    ::: C:\Users\john\.cargo\registry\src\index.crates.io-1949cf8c6b5b557f\serde-1.0.219\src\de\mod.rs:2326:13
     |
2326 |             tri!(write!(writer, "{}", self.0));
     |             ---------------------------------- in this macro invocation
     |
     = note: this error originates in the macro `tri` (in Nightly builds, run with -Z macro-backtrace for more info)
help: a local variable with a similar name exists
     |
299  -             Err(err) => return Err(err),
299  +             Err(err) => return err(err),
     |
help: consider importing this tuple variant
    -->  C:\Users\john\.cargo\registry\src\index.crates.io-1949cf8c6b5b557f\serde-1.0.219\src\de\mod.rs:115:1
     |
115  + use core::result::Result::Err;
     |

error[E0531]: cannot find tuple struct or tuple variant `Ok` in this scope
    --> C:\Users\john\.cargo\registry\src\index.crates.io-1949cf8c6b5b557f\serde-1.0.219\src\lib.rs:298:13
     |
298  |             Ok(val) => val,
     |             ^^ not found in this scope
     |
    ::: C:\Users\john\.cargo\registry\src\index.crates.io-1949cf8c6b5b557f\serde-1.0.219\src\de\mod.rs:2328:17
     |
2328 |                 tri!(formatter.write_str(".0"));
     |                 ------------------------------- in this macro invocation
     |
     = note: this error originates in the macro `tri` (in Nightly builds, run with -Z macro-backtrace for more info)
help: consider importing this tuple variant
    -->  C:\Users\john\.cargo\registry\src\index.crates.io-1949cf8c6b5b557f\serde-1.0.219\src\de\mod.rs:115:1
     |
115  + use core::result::Result::Ok;
     |

error[E0531]: cannot find tuple struct or tuple variant `Err` in this scope
    --> C:\Users\john\.cargo\registry\src\index.crates.io-1949cf8c6b5b557f\serde-1.0.219\src\lib.rs:299:13
     |
299  |             Err(err) => return Err(err),
     |             ^^^ not found in this scope
     |
    ::: C:\Users\john\.cargo\registry\src\index.crates.io-1949cf8c6b5b557f\serde-1.0.219\src\de\mod.rs:2328:17
     |
2328 |                 tri!(formatter.write_str(".0"));
     |                 ------------------------------- in this macro invocation
     |
     = note: this error originates in the macro `tri` (in Nightly builds, run with -Z macro-backtrace for more info)
help: consider importing this tuple variant
    -->  C:\Users\john\.cargo\registry\src\index.crates.io-1949cf8c6b5b557f\serde-1.0.219\src\de\mod.rs:115:1
     |
115  + use core::result::Result::Err;
     |

error[E0425]: cannot find function, tuple struct or tuple variant `Err` in this scope
    --> C:\Users\john\.cargo\registry\src\index.crates.io-1949cf8c6b5b557f\serde-1.0.219\src\lib.rs:299:32
     |
299  |             Err(err) => return Err(err),
     |                                ^^^
     |
    ::: C:\Users\john\.cargo\registry\src\index.crates.io-1949cf8c6b5b557f\serde-1.0.219\src\de\mod.rs:2328:17
     |
2328 |                 tri!(formatter.write_str(".0"));
     |                 ------------------------------- in this macro invocation
     |
     = note: this error originates in the macro `tri` (in Nightly builds, run with -Z macro-backtrace for more info)
help: a local variable with a similar name exists
     |
299  -             Err(err) => return Err(err),
299  +             Err(err) => return err(err),
     |
help: consider importing this tuple variant
    -->  C:\Users\john\.cargo\registry\src\index.crates.io-1949cf8c6b5b557f\serde-1.0.219\src\de\mod.rs:115:1
     |
115  + use core::result::Result::Err;
     |

error[E0531]: cannot find tuple struct or tuple variant `Ok` in this scope
    --> C:\Users\john\.cargo\registry\src\index.crates.io-1949cf8c6b5b557f\serde-1.0.219\src\lib.rs:298:13
     |
298  |             Ok(val) => val,
     |             ^^ not found in this scope
     |
    ::: C:\Users\john\.cargo\registry\src\index.crates.io-1949cf8c6b5b557f\serde-1.0.219\src\de\mod.rs:2331:13
     |
2331 |             tri!(write!(formatter, "{}", self.0));
     |             ------------------------------------- in this macro invocation
     |
     = note: this error originates in the macro `tri` (in Nightly builds, run with -Z macro-backtrace for more info)
help: consider importing this tuple variant
    -->  C:\Users\john\.cargo\registry\src\index.crates.io-1949cf8c6b5b557f\serde-1.0.219\src\de\mod.rs:115:1
     |
115  + use core::result::Result::Ok;
     |

error[E0531]: cannot find tuple struct or tuple variant `Err` in this scope
    --> C:\Users\john\.cargo\registry\src\index.crates.io-1949cf8c6b5b557f\serde-1.0.219\src\lib.rs:299:13
     |
299  |             Err(err) => return Err(err),
     |             ^^^ not found in this scope
     |
    ::: C:\Users\john\.cargo\registry\src\index.crates.io-1949cf8c6b5b557f\serde-1.0.219\src\de\mod.rs:2331:13
     |
2331 |             tri!(write!(formatter, "{}", self.0));
     |             ------------------------------------- in this macro invocation
     |
     = note: this error originates in the macro `tri` (in Nightly builds, run with -Z macro-backtrace for more info)
help: consider importing this tuple variant
    -->  C:\Users\john\.cargo\registry\src\index.crates.io-1949cf8c6b5b557f\serde-1.0.219\src\de\mod.rs:115:1
     |
115  + use core::result::Result::Err;
     |

error[E0425]: cannot find function, tuple struct or tuple variant `Err` in this scope
    --> C:\Users\john\.cargo\registry\src\index.crates.io-1949cf8c6b5b557f\serde-1.0.219\src\lib.rs:299:32
     |
299  |             Err(err) => return Err(err),
     |                                ^^^
     |
    ::: C:\Users\john\.cargo\registry\src\index.crates.io-1949cf8c6b5b557f\serde-1.0.219\src\de\mod.rs:2331:13
     |
2331 |             tri!(write!(formatter, "{}", self.0));
     |             ------------------------------------- in this macro invocation
     |
     = note: this error originates in the macro `tri` (in Nightly builds, run with -Z macro-backtrace for more info)
help: a local variable with a similar name exists
     |
299  -             Err(err) => return Err(err),
299  +             Err(err) => return err(err),
     |
help: consider importing this tuple variant
    -->  C:\Users\john\.cargo\registry\src\index.crates.io-1949cf8c6b5b557f\serde-1.0.219\src\de\mod.rs:115:1
     |
115  + use core::result::Result::Err;
     |

error[E0425]: cannot find function, tuple struct or tuple variant `Ok` in this scope
    --> C:\Users\john\.cargo\registry\src\index.crates.io-1949cf8c6b5b557f\serde-1.0.219\src\de\mod.rs:2333:9
     |
2333 |         Ok(())
     |         ^^ not found in this scope
     |
help: consider importing this tuple variant
     |
115  + use core::result::Result::Ok;
     |

error[E0405]: cannot find trait `Sized` in this scope
  --> C:\Users\john\.cargo\registry\src\index.crates.io-1949cf8c6b5b557f\serde-1.0.219\src\ser\fmt.rs:79:13
   |
79 |         T: ?Sized + Serialize,
   |             ^^^^^ not found in this scope
   |
help: consider importing this trait
   |
1  + use core::marker::Sized;
   |

error[E0425]: cannot find function, tuple struct or tuple variant `Err` in this scope
  --> C:\Users\john\.cargo\registry\src\index.crates.io-1949cf8c6b5b557f\serde-1.0.219\src\ser\fmt.rs:85:9
   |
85 |         Err(fmt::Error)
   |         ^^^ not found in this scope
   |
help: consider importing this tuple variant
   |
1  + use core::result::Result::Err;
   |

error[E0425]: cannot find function, tuple struct or tuple variant `Err` in this scope
  --> C:\Users\john\.cargo\registry\src\index.crates.io-1949cf8c6b5b557f\serde-1.0.219\src\ser\fmt.rs:89:9
   |
89 |         Err(fmt::Error)
   |         ^^^ not found in this scope
   |
help: consider importing this tuple variant
   |
1  + use core::result::Result::Err;
   |

error[E0405]: cannot find trait `Sized` in this scope
  --> C:\Users\john\.cargo\registry\src\index.crates.io-1949cf8c6b5b557f\serde-1.0.219\src\ser\fmt.rs:94:13
   |
94 |         T: ?Sized + Serialize,
   |             ^^^^^ not found in this scope
   |
help: consider importing this trait
   |
1  + use core::marker::Sized;
   |

error[E0425]: cannot find function, tuple struct or tuple variant `Err` in this scope
  --> C:\Users\john\.cargo\registry\src\index.crates.io-1949cf8c6b5b557f\serde-1.0.219\src\ser\fmt.rs:96:9
   |
96 |         Err(fmt::Error)
   |         ^^^ not found in this scope
   |
help: consider importing this tuple variant
   |
1  + use core::result::Result::Err;
   |

error[E0425]: cannot find function, tuple struct or tuple variant `Err` in this scope
   --> C:\Users\john\.cargo\registry\src\index.crates.io-1949cf8c6b5b557f\serde-1.0.219\src\ser\fmt.rs:100:9
    |
100 |         Err(fmt::Error)
    |         ^^^ not found in this scope
    |
help: consider importing this tuple variant
    |
1   + use core::result::Result::Err;
    |

error[E0405]: cannot find trait `Sized` in this scope
   --> C:\Users\john\.cargo\registry\src\index.crates.io-1949cf8c6b5b557f\serde-1.0.219\src\ser\fmt.rs:111:13
    |
111 |         T: ?Sized + Serialize,
    |             ^^^^^ not found in this scope
    |
help: consider importing this trait
    |
1   + use core::marker::Sized;
    |

error[E0425]: cannot find function, tuple struct or tuple variant `Err` in this scope
   --> C:\Users\john\.cargo\registry\src\index.crates.io-1949cf8c6b5b557f\serde-1.0.219\src\ser\fmt.rs:113:9
    |
113 |         Err(fmt::Error)
    |         ^^^ not found in this scope
    |
help: consider importing this tuple variant
    |
1   + use core::result::Result::Err;
    |

error[E0412]: cannot find type `Option` in this scope
   --> C:\Users\john\.cargo\registry\src\index.crates.io-1949cf8c6b5b557f\serde-1.0.219\src\ser\fmt.rs:116:34
    |
116 |     fn serialize_seq(self, _len: Option<usize>) -> Result<Self::SerializeSeq, fmt::Error> {
    |                                  ^^^^^^ not found in this scope
    |
help: consider importing this enum
    |
1   + use core::option::Option;
    |

error[E0412]: cannot find type `Result` in this scope
   --> C:\Users\john\.cargo\registry\src\index.crates.io-1949cf8c6b5b557f\serde-1.0.219\src\ser\fmt.rs:116:52
    |
116 |     fn serialize_seq(self, _len: Option<usize>) -> Result<Self::SerializeSeq, fmt::Error> {
    |                                                    ^^^^^^ not found in this scope
    |
help: consider importing one of these items
    |
1   + use core::fmt::Result;
    |
1   + use core::result::Result;
    |

error[E0425]: cannot find function, tuple struct or tuple variant `Err` in this scope
   --> C:\Users\john\.cargo\registry\src\index.crates.io-1949cf8c6b5b557f\serde-1.0.219\src\ser\fmt.rs:117:9
    |
117 |         Err(fmt::Error)
    |         ^^^ not found in this scope
    |
help: consider importing this tuple variant
    |
1   + use core::result::Result::Err;
    |

error[E0412]: cannot find type `Result` in this scope
   --> C:\Users\john\.cargo\registry\src\index.crates.io-1949cf8c6b5b557f\serde-1.0.219\src\ser\fmt.rs:120:46
    |
120 |     fn serialize_tuple(self, _len: usize) -> Result<Self::SerializeTuple, fmt::Error> {
    |                                              ^^^^^^ not found in this scope
    |
help: consider importing one of these items
    |
1   + use core::fmt::Result;
    |
1   + use core::result::Result;
    |

error[E0425]: cannot find function, tuple struct or tuple variant `Err` in this scope
   --> C:\Users\john\.cargo\registry\src\index.crates.io-1949cf8c6b5b557f\serde-1.0.219\src\ser\fmt.rs:121:9
    |
121 |         Err(fmt::Error)
    |         ^^^ not found in this scope
    |
help: consider importing this tuple variant
    |
1   + use core::result::Result::Err;
    |

error[E0412]: cannot find type `Result` in this scope
   --> C:\Users\john\.cargo\registry\src\index.crates.io-1949cf8c6b5b557f\serde-1.0.219\src\ser\fmt.rs:128:10
    |
128 |     ) -> Result<Self::SerializeTupleStruct, fmt::Error> {
    |          ^^^^^^ not found in this scope
    |
help: consider importing one of these items
    |
1   + use core::fmt::Result;
    |
1   + use core::result::Result;
    |

error[E0425]: cannot find function, tuple struct or tuple variant `Err` in this scope
   --> C:\Users\john\.cargo\registry\src\index.crates.io-1949cf8c6b5b557f\serde-1.0.219\src\ser\fmt.rs:129:9
    |
129 |         Err(fmt::Error)
    |         ^^^ not found in this scope
    |
help: consider importing this tuple variant
    |
1   + use core::result::Result::Err;
    |

error[E0412]: cannot find type `Result` in this scope
   --> C:\Users\john\.cargo\registry\src\index.crates.io-1949cf8c6b5b557f\serde-1.0.219\src\ser\fmt.rs:138:10
    |
138 |     ) -> Result<Self::SerializeTupleVariant, fmt::Error> {
    |          ^^^^^^ not found in this scope
    |
help: consider importing one of these items
    |
1   + use core::fmt::Result;
    |
1   + use core::result::Result;
    |

error[E0425]: cannot find function, tuple struct or tuple variant `Err` in this scope
   --> C:\Users\john\.cargo\registry\src\index.crates.io-1949cf8c6b5b557f\serde-1.0.219\src\ser\fmt.rs:139:9
    |
139 |         Err(fmt::Error)
    |         ^^^ not found in this scope
    |
help: consider importing this tuple variant
    |
1   + use core::result::Result::Err;
    |

error[E0412]: cannot find type `Option` in this scope
   --> C:\Users\john\.cargo\registry\src\index.crates.io-1949cf8c6b5b557f\serde-1.0.219\src\ser\fmt.rs:142:34
    |
142 |     fn serialize_map(self, _len: Option<usize>) -> Result<Self::SerializeMap, fmt::Error> {
    |                                  ^^^^^^ not found in this scope
    |
help: consider importing this enum
    |
1   + use core::option::Option;
    |

error[E0412]: cannot find type `Result` in this scope
   --> C:\Users\john\.cargo\registry\src\index.crates.io-1949cf8c6b5b557f\serde-1.0.219\src\ser\fmt.rs:142:52
    |
142 |     fn serialize_map(self, _len: Option<usize>) -> Result<Self::SerializeMap, fmt::Error> {
    |                                                    ^^^^^^ not found in this scope
    |
help: consider importing one of these items
    |
1   + use core::fmt::Result;
    |
1   + use core::result::Result;
    |

error[E0425]: cannot find function, tuple struct or tuple variant `Err` in this scope
   --> C:\Users\john\.cargo\registry\src\index.crates.io-1949cf8c6b5b557f\serde-1.0.219\src\ser\fmt.rs:143:9
    |
143 |         Err(fmt::Error)
    |         ^^^ not found in this scope
    |
help: consider importing this tuple variant
    |
1   + use core::result::Result::Err;
    |

error[E0412]: cannot find type `Result` in this scope
   --> C:\Users\john\.cargo\registry\src\index.crates.io-1949cf8c6b5b557f\serde-1.0.219\src\ser\fmt.rs:150:10
    |
150 |     ) -> Result<Self::SerializeStruct, fmt::Error> {
    |          ^^^^^^ not found in this scope
    |
help: consider importing one of these items
    |
1   + use core::fmt::Result;
    |
1   + use core::result::Result;
    |

error[E0425]: cannot find function, tuple struct or tuple variant `Err` in this scope
   --> C:\Users\john\.cargo\registry\src\index.crates.io-1949cf8c6b5b557f\serde-1.0.219\src\ser\fmt.rs:151:9
    |
151 |         Err(fmt::Error)
    |         ^^^ not found in this scope
    |
help: consider importing this tuple variant
    |
1   + use core::result::Result::Err;
    |

error[E0412]: cannot find type `Result` in this scope
   --> C:\Users\john\.cargo\registry\src\index.crates.io-1949cf8c6b5b557f\serde-1.0.219\src\ser\fmt.rs:160:10
    |
160 |     ) -> Result<Self::SerializeStructVariant, fmt::Error> {
    |          ^^^^^^ not found in this scope
    |
help: consider importing one of these items
    |
1   + use core::fmt::Result;
    |
1   + use core::result::Result;
    |

error[E0425]: cannot find function, tuple struct or tuple variant `Err` in this scope
   --> C:\Users\john\.cargo\registry\src\index.crates.io-1949cf8c6b5b557f\serde-1.0.219\src\ser\fmt.rs:161:9
    |
161 |         Err(fmt::Error)
    |         ^^^ not found in this scope
    |
help: consider importing this tuple variant
    |
1   + use core::result::Result::Err;
    |

error[E0405]: cannot find trait `Sized` in this scope
   --> C:\Users\john\.cargo\registry\src\index.crates.io-1949cf8c6b5b557f\serde-1.0.219\src\ser\fmt.rs:166:13
    |
166 |         T: ?Sized + Display,
    |             ^^^^^ not found in this scope
    |
help: consider importing this trait
    |
1   + use core::marker::Sized;
    |

error[E0412]: cannot find type `Result` in this scope
  --> C:\Users\john\.cargo\registry\src\index.crates.io-1949cf8c6b5b557f\serde-1.0.219\src\ser\impls.rs:11:54
   |
11 |             fn serialize<S>(&self, serializer: S) -> Result<S::Ok, S::Error>
   |                                                      ^^^^^^ not found in this scope
...
21 | primitive_impl!(bool, serialize_bool);
   | ------------------------------------- in this macro invocation
   |
   = note: this error originates in the macro `primitive_impl` (in Nightly builds, run with -Z macro-backtrace for more info)
help: consider importing one of these items
   |
1  + use core::fmt::Result;
   |
1  + use core::result::Result;
   |

error[E0412]: cannot find type `Result` in this scope
  --> C:\Users\john\.cargo\registry\src\index.crates.io-1949cf8c6b5b557f\serde-1.0.219\src\ser\impls.rs:11:54
   |
11 |             fn serialize<S>(&self, serializer: S) -> Result<S::Ok, S::Error>
   |                                                      ^^^^^^ not found in this scope
...
22 | primitive_impl!(isize, serialize_i64 as i64);
   | -------------------------------------------- in this macro invocation
   |
   = note: this error originates in the macro `primitive_impl` (in Nightly builds, run with -Z macro-backtrace for more info)
help: consider importing one of these items
   |
1  + use core::fmt::Result;
   |
1  + use core::result::Result;
   |

error[E0412]: cannot find type `Result` in this scope
  --> C:\Users\john\.cargo\registry\src\index.crates.io-1949cf8c6b5b557f\serde-1.0.219\src\ser\impls.rs:11:54
   |
11 |             fn serialize<S>(&self, serializer: S) -> Result<S::Ok, S::Error>
   |                                                      ^^^^^^ not found in this scope
...
23 | primitive_impl!(i8, serialize_i8);
   | --------------------------------- in this macro invocation
   |
   = note: this error originates in the macro `primitive_impl` (in Nightly builds, run with -Z macro-backtrace for more info)
help: consider importing one of these items
   |
1  + use core::fmt::Result;
   |
1  + use core::result::Result;
   |

error[E0412]: cannot find type `Result` in this scope
  --> C:\Users\john\.cargo\registry\src\index.crates.io-1949cf8c6b5b557f\serde-1.0.219\src\ser\impls.rs:11:54
   |
11 |             fn serialize<S>(&self, serializer: S) -> Result<S::Ok, S::Error>
   |                                                      ^^^^^^ not found in this scope
...
24 | primitive_impl!(i16, serialize_i16);
   | ----------------------------------- in this macro invocation
   |
   = note: this error originates in the macro `primitive_impl` (in Nightly builds, run with -Z macro-backtrace for more info)
help: consider importing one of these items
   |
1  + use core::fmt::Result;
   |
1  + use core::result::Result;
   |

error[E0412]: cannot find type `Result` in this scope
  --> C:\Users\john\.cargo\registry\src\index.crates.io-1949cf8c6b5b557f\serde-1.0.219\src\ser\impls.rs:11:54
   |
11 |             fn serialize<S>(&self, serializer: S) -> Result<S::Ok, S::Error>
   |                                                      ^^^^^^ not found in this scope
...
25 | primitive_impl!(i32, serialize_i32);
   | ----------------------------------- in this macro invocation
   |
   = note: this error originates in the macro `primitive_impl` (in Nightly builds, run with -Z macro-backtrace for more info)
help: consider importing one of these items
   |
1  + use core::fmt::Result;
   |
1  + use core::result::Result;
   |

error[E0412]: cannot find type `Result` in this scope
  --> C:\Users\john\.cargo\registry\src\index.crates.io-1949cf8c6b5b557f\serde-1.0.219\src\ser\impls.rs:11:54
   |
11 |             fn serialize<S>(&self, serializer: S) -> Result<S::Ok, S::Error>
   |                                                      ^^^^^^ not found in this scope
...
26 | primitive_impl!(i64, serialize_i64);
   | ----------------------------------- in this macro invocation
   |
   = note: this error originates in the macro `primitive_impl` (in Nightly builds, run with -Z macro-backtrace for more info)
help: consider importing one of these items
   |
1  + use core::fmt::Result;
   |
1  + use core::result::Result;
   |

error[E0412]: cannot find type `Result` in this scope
  --> C:\Users\john\.cargo\registry\src\index.crates.io-1949cf8c6b5b557f\serde-1.0.219\src\ser\impls.rs:11:54
   |
11 |             fn serialize<S>(&self, serializer: S) -> Result<S::Ok, S::Error>
   |                                                      ^^^^^^ not found in this scope
...
27 | primitive_impl!(i128, serialize_i128);
   | ------------------------------------- in this macro invocation
   |
   = note: this error originates in the macro `primitive_impl` (in Nightly builds, run with -Z macro-backtrace for more info)
help: consider importing one of these items
   |
1  + use core::fmt::Result;
   |
1  + use core::result::Result;
   |

error[E0412]: cannot find type `Result` in this scope
  --> C:\Users\john\.cargo\registry\src\index.crates.io-1949cf8c6b5b557f\serde-1.0.219\src\ser\impls.rs:11:54
   |
11 |             fn serialize<S>(&self, serializer: S) -> Result<S::Ok, S::Error>
   |                                                      ^^^^^^ not found in this scope
...
28 | primitive_impl!(usize, serialize_u64 as u64);
   | -------------------------------------------- in this macro invocation
   |
   = note: this error originates in the macro `primitive_impl` (in Nightly builds, run with -Z macro-backtrace for more info)
help: consider importing one of these items
   |
1  + use core::fmt::Result;
   |
1  + use core::result::Result;
   |

error[E0412]: cannot find type `Result` in this scope
  --> C:\Users\john\.cargo\registry\src\index.crates.io-1949cf8c6b5b557f\serde-1.0.219\src\ser\impls.rs:11:54
   |
11 |             fn serialize<S>(&self, serializer: S) -> Result<S::Ok, S::Error>
   |                                                      ^^^^^^ not found in this scope
...
29 | primitive_impl!(u8, serialize_u8);
   | --------------------------------- in this macro invocation
   |
   = note: this error originates in the macro `primitive_impl` (in Nightly builds, run with -Z macro-backtrace for more info)
help: consider importing one of these items
   |
1  + use core::fmt::Result;
   |
1  + use core::result::Result;
   |

error[E0412]: cannot find type `Result` in this scope
  --> C:\Users\john\.cargo\registry\src\index.crates.io-1949cf8c6b5b557f\serde-1.0.219\src\ser\impls.rs:11:54
   |
11 |             fn serialize<S>(&self, serializer: S) -> Result<S::Ok, S::Error>
   |                                                      ^^^^^^ not found in this scope
...
30 | primitive_impl!(u16, serialize_u16);
   | ----------------------------------- in this macro invocation
   |
   = note: this error originates in the macro `primitive_impl` (in Nightly builds, run with -Z macro-backtrace for more info)
help: consider importing one of these items
   |
1  + use core::fmt::Result;
   |
1  + use core::result::Result;
   |

error[E0412]: cannot find type `Result` in this scope
  --> C:\Users\john\.cargo\registry\src\index.crates.io-1949cf8c6b5b557f\serde-1.0.219\src\ser\impls.rs:11:54
   |
11 |             fn serialize<S>(&self, serializer: S) -> Result<S::Ok, S::Error>
   |                                                      ^^^^^^ not found in this scope
...
31 | primitive_impl!(u32, serialize_u32);
   | ----------------------------------- in this macro invocation
   |
   = note: this error originates in the macro `primitive_impl` (in Nightly builds, run with -Z macro-backtrace for more info)
help: consider importing one of these items
   |
1  + use core::fmt::Result;
   |
1  + use core::result::Result;
   |

error[E0412]: cannot find type `Result` in this scope
  --> C:\Users\john\.cargo\registry\src\index.crates.io-1949cf8c6b5b557f\serde-1.0.219\src\ser\impls.rs:11:54
   |
11 |             fn serialize<S>(&self, serializer: S) -> Result<S::Ok, S::Error>
   |                                                      ^^^^^^ not found in this scope
...
32 | primitive_impl!(u64, serialize_u64);
   | ----------------------------------- in this macro invocation
   |
   = note: this error originates in the macro `primitive_impl` (in Nightly builds, run with -Z macro-backtrace for more info)
help: consider importing one of these items
   |
1  + use core::fmt::Result;
   |
1  + use core::result::Result;
   |

error[E0412]: cannot find type `Result` in this scope
  --> C:\Users\john\.cargo\registry\src\index.crates.io-1949cf8c6b5b557f\serde-1.0.219\src\ser\impls.rs:11:54
   |
11 |             fn serialize<S>(&self, serializer: S) -> Result<S::Ok, S::Error>
   |                                                      ^^^^^^ not found in this scope
...
33 | primitive_impl!(u128, serialize_u128);
   | ------------------------------------- in this macro invocation
   |
   = note: this error originates in the macro `primitive_impl` (in Nightly builds, run with -Z macro-backtrace for more info)
help: consider importing one of these items
   |
1  + use core::fmt::Result;
   |
1  + use core::result::Result;
   |

error[E0412]: cannot find type `Result` in this scope
  --> C:\Users\john\.cargo\registry\src\index.crates.io-1949cf8c6b5b557f\serde-1.0.219\src\ser\impls.rs:11:54
   |
11 |             fn serialize<S>(&self, serializer: S) -> Result<S::Ok, S::Error>
   |                                                      ^^^^^^ not found in this scope
...
34 | primitive_impl!(f32, serialize_f32);
   | ----------------------------------- in this macro invocation
   |
   = note: this error originates in the macro `primitive_impl` (in Nightly builds, run with -Z macro-backtrace for more info)
help: consider importing one of these items
   |
1  + use core::fmt::Result;
   |
1  + use core::result::Result;
   |

error[E0412]: cannot find type `Result` in this scope
  --> C:\Users\john\.cargo\registry\src\index.crates.io-1949cf8c6b5b557f\serde-1.0.219\src\ser\impls.rs:11:54
   |
11 |             fn serialize<S>(&self, serializer: S) -> Result<S::Ok, S::Error>
   |                                                      ^^^^^^ not found in this scope
...
35 | primitive_impl!(f64, serialize_f64);
   | ----------------------------------- in this macro invocation
   |
   = note: this error originates in the macro `primitive_impl` (in Nightly builds, run with -Z macro-backtrace for more info)
help: consider importing one of these items
   |
1  + use core::fmt::Result;
   |
1  + use core::result::Result;
   |

error[E0412]: cannot find type `Result` in this scope
  --> C:\Users\john\.cargo\registry\src\index.crates.io-1949cf8c6b5b557f\serde-1.0.219\src\ser\impls.rs:11:54
   |
11 |             fn serialize<S>(&self, serializer: S) -> Result<S::Ok, S::Error>
   |                                                      ^^^^^^ not found in this scope
...
36 | primitive_impl!(char, serialize_char);
   | ------------------------------------- in this macro invocation
   |
   = note: this error originates in the macro `primitive_impl` (in Nightly builds, run with -Z macro-backtrace for more info)
help: consider importing one of these items
   |
1  + use core::fmt::Result;
   |
1  + use core::result::Result;
   |

error[E0412]: cannot find type `Result` in this scope
  --> C:\Users\john\.cargo\registry\src\index.crates.io-1949cf8c6b5b557f\serde-1.0.219\src\ser\impls.rs:42:46
   |
42 |     fn serialize<S>(&self, serializer: S) -> Result<S::Ok, S::Error>
   |                                              ^^^^^^ not found in this scope
   |
help: consider importing one of these items
   |
1  + use core::fmt::Result;
   |
1  + use core::result::Result;
   |

error[E0412]: cannot find type `Result` in this scope
  --> C:\Users\john\.cargo\registry\src\index.crates.io-1949cf8c6b5b557f\serde-1.0.219\src\ser\impls.rs:54:46
   |
54 |     fn serialize<S>(&self, serializer: S) -> Result<S::Ok, S::Error>
   |                                              ^^^^^^ not found in this scope
   |
help: consider importing one of these items
   |
1  + use core::fmt::Result;
   |
1  + use core::result::Result;
   |

error[E0412]: cannot find type `Result` in this scope
  --> C:\Users\john\.cargo\registry\src\index.crates.io-1949cf8c6b5b557f\serde-1.0.219\src\ser\impls.rs:63:46
   |
63 |     fn serialize<S>(&self, serializer: S) -> Result<S::Ok, S::Error>
   |                                              ^^^^^^ not found in this scope
   |
help: consider importing one of these items
   |
1  + use core::fmt::Result;
   |
1  + use core::result::Result;
   |

error[E0412]: cannot find type `Result` in this scope
  --> C:\Users\john\.cargo\registry\src\index.crates.io-1949cf8c6b5b557f\serde-1.0.219\src\ser\impls.rs:77:46
   |
77 |     fn serialize<S>(&self, serializer: S) -> Result<S::Ok, S::Error>
   |                                              ^^^^^^ not found in this scope
   |
help: consider importing one of these items
   |
1  + use core::fmt::Result;
   |
1  + use core::result::Result;
   |

error[E0412]: cannot find type `Result` in this scope
  --> C:\Users\john\.cargo\registry\src\index.crates.io-1949cf8c6b5b557f\serde-1.0.219\src\ser\impls.rs:89:46
   |
89 |     fn serialize<S>(&self, serializer: S) -> Result<S::Ok, S::Error>
   |                                              ^^^^^^ not found in this scope
   |
help: consider importing one of these items
   |
1  + use core::fmt::Result;
   |
1  + use core::result::Result;
   |

error[E0412]: cannot find type `Option` in this scope
  --> C:\Users\john\.cargo\registry\src\index.crates.io-1949cf8c6b5b557f\serde-1.0.219\src\ser\impls.rs:99:23
   |
99 | impl<T> Serialize for Option<T>
   |                       ^^^^^^ not found in this scope
   |
help: consider importing this enum
   |
1  + use core::option::Option;
   |

error[E0412]: cannot find type `Result` in this scope
   --> C:\Users\john\.cargo\registry\src\index.crates.io-1949cf8c6b5b557f\serde-1.0.219\src\ser\impls.rs:104:46
    |
104 |     fn serialize<S>(&self, serializer: S) -> Result<S::Ok, S::Error>
    |                                              ^^^^^^ not found in this scope
    |
help: consider importing one of these items
    |
1   + use core::fmt::Result;
    |
1   + use core::result::Result;
    |

error[E0531]: cannot find tuple struct or tuple variant `Some` in this scope
   --> C:\Users\john\.cargo\registry\src\index.crates.io-1949cf8c6b5b557f\serde-1.0.219\src\ser\impls.rs:109:13
    |
109 |             Some(ref value) => serializer.serialize_some(value),
    |             ^^^^ not found in this scope
    |
note: tuple variant `crate::__private::ser::content::Content::Some` exists but is inaccessible
   --> C:\Users\john\.cargo\registry\src\index.crates.io-1949cf8c6b5b557f\serde-1.0.219\src\private\ser.rs:443:9
    |
443 |         Some(Box<Content>),
    |         ^^^^^^^^^^^^^^^^^^ not accessible
help: consider importing one of these tuple variants
    |
1   + use crate::__private::de::Content::Some;
    |
1   + use core::option::Option::Some;
    |

error[E0405]: cannot find trait `Sized` in this scope
   --> C:\Users\john\.cargo\registry\src\index.crates.io-1949cf8c6b5b557f\serde-1.0.219\src\ser\impls.rs:119:9
    |
119 |     T: ?Sized,
    |         ^^^^^ not found in this scope
    |
help: consider importing this trait
    |
1   + use core::marker::Sized;
    |

error[E0412]: cannot find type `Result` in this scope
   --> C:\Users\john\.cargo\registry\src\index.crates.io-1949cf8c6b5b557f\serde-1.0.219\src\ser\impls.rs:122:46
    |
122 |     fn serialize<S>(&self, serializer: S) -> Result<S::Ok, S::Error>
    |                                              ^^^^^^ not found in this scope
    |
help: consider importing one of these items
    |
1   + use core::fmt::Result;
    |
1   + use core::result::Result;
    |

error[E0412]: cannot find type `Result` in this scope
   --> C:\Users\john\.cargo\registry\src\index.crates.io-1949cf8c6b5b557f\serde-1.0.219\src\ser\impls.rs:135:46
    |
135 |     fn serialize<S>(&self, serializer: S) -> Result<S::Ok, S::Error>
    |                                              ^^^^^^ not found in this scope
    |
help: consider importing one of these items
    |
1   + use core::fmt::Result;
    |
1   + use core::result::Result;
    |

error[E0531]: cannot find tuple struct or tuple variant `Ok` in this scope
   --> C:\Users\john\.cargo\registry\src\index.crates.io-1949cf8c6b5b557f\serde-1.0.219\src\lib.rs:298:13
    |
298 |             Ok(val) => val,
    |             ^^ not found in this scope
    |
   ::: C:\Users\john\.cargo\registry\src\index.crates.io-1949cf8c6b5b557f\serde-1.0.219\src\ser\impls.rs:139:9
    |
139 |         tri!(serializer.serialize_tuple(0)).end()
    |         ----------------------------------- in this macro invocation
    |
    = note: this error originates in the macro `tri` (in Nightly builds, run with -Z macro-backtrace for more info)
help: consider importing this tuple variant
   --> C:\Users\john\.cargo\registry\src\index.crates.io-1949cf8c6b5b557f\serde-1.0.219\src\ser\impls.rs:1:1
    |
1   + use core::result::Result::Ok;
    |

error[E0531]: cannot find tuple struct or tuple variant `Err` in this scope
   --> C:\Users\john\.cargo\registry\src\index.crates.io-1949cf8c6b5b557f\serde-1.0.219\src\lib.rs:299:13
    |
299 |             Err(err) => return Err(err),
    |             ^^^ not found in this scope
    |
   ::: C:\Users\john\.cargo\registry\src\index.crates.io-1949cf8c6b5b557f\serde-1.0.219\src\ser\impls.rs:139:9
    |
139 |         tri!(serializer.serialize_tuple(0)).end()
    |         ----------------------------------- in this macro invocation
    |
    = note: this error originates in the macro `tri` (in Nightly builds, run with -Z macro-backtrace for more info)
help: consider importing this tuple variant
   --> C:\Users\john\.cargo\registry\src\index.crates.io-1949cf8c6b5b557f\serde-1.0.219\src\ser\impls.rs:1:1
    |
1   + use core::result::Result::Err;
    |

error[E0425]: cannot find function, tuple struct or tuple variant `Err` in this scope
   --> C:\Users\john\.cargo\registry\src\index.crates.io-1949cf8c6b5b557f\serde-1.0.219\src\lib.rs:299:32
    |
299 |             Err(err) => return Err(err),
    |                                ^^^
    |
   ::: C:\Users\john\.cargo\registry\src\index.crates.io-1949cf8c6b5b557f\serde-1.0.219\src\ser\impls.rs:139:9
    |
139 |         tri!(serializer.serialize_tuple(0)).end()
    |         ----------------------------------- in this macro invocation
    |
    = note: this error originates in the macro `tri` (in Nightly builds, run with -Z macro-backtrace for more info)
help: a local variable with a similar name exists
    |
299 -             Err(err) => return Err(err),
299 +             Err(err) => return err(err),
    |
help: consider importing this tuple variant
   --> C:\Users\john\.cargo\registry\src\index.crates.io-1949cf8c6b5b557f\serde-1.0.219\src\ser\impls.rs:1:1
    |
1   + use core::result::Result::Err;
    |

error[E0412]: cannot find type `Result` in this scope
   --> C:\Users\john\.cargo\registry\src\index.crates.io-1949cf8c6b5b557f\serde-1.0.219\src\ser\impls.rs:151:58
    |
151 |                   fn serialize<S>(&self, serializer: S) -> Result<S::Ok, S::Error>
    |                                                            ^^^^^^ not found in this scope
...
166 | / array_impls! {
167 | |     01 02 03 04 05 06 07 08 09 10
168 | |     11 12 13 14 15 16 17 18 19 20
169 | |     21 22 23 24 25 26 27 28 29 30
170 | |     31 32
171 | | }
    | |_- in this macro invocation
    |
    = note: this error originates in the macro `array_impls` (in Nightly builds, run with -Z macro-backtrace for more info)
help: consider importing one of these items
    |
1   + use core::fmt::Result;
    |
1   + use core::result::Result;
    |

error[E0531]: cannot find tuple struct or tuple variant `Ok` in this scope
   --> C:\Users\john\.cargo\registry\src\index.crates.io-1949cf8c6b5b557f\serde-1.0.219\src\lib.rs:298:13
    |
298 |               Ok(val) => val,
    |               ^^ not found in this scope
    |
   ::: C:\Users\john\.cargo\registry\src\index.crates.io-1949cf8c6b5b557f\serde-1.0.219\src\ser\impls.rs:166:1
    |
166 | / array_impls! {
167 | |     01 02 03 04 05 06 07 08 09 10
168 | |     11 12 13 14 15 16 17 18 19 20
169 | |     21 22 23 24 25 26 27 28 29 30
170 | |     31 32
171 | | }
    | |_- in this macro invocation
    |
    = note: this error originates in the macro `tri` which comes from the expansion of the macro `array_impls` (in Nightly builds, run with -Z macro-backtrace for more info)
help: consider importing this tuple variant
   --> C:\Users\john\.cargo\registry\src\index.crates.io-1949cf8c6b5b557f\serde-1.0.219\src\ser\impls.rs:1:1
    |
1   + use core::result::Result::Ok;
    |

error[E0531]: cannot find tuple struct or tuple variant `Err` in this scope
   --> C:\Users\john\.cargo\registry\src\index.crates.io-1949cf8c6b5b557f\serde-1.0.219\src\lib.rs:299:13
    |
299 |               Err(err) => return Err(err),
    |               ^^^ not found in this scope
    |
   ::: C:\Users\john\.cargo\registry\src\index.crates.io-1949cf8c6b5b557f\serde-1.0.219\src\ser\impls.rs:166:1
    |
166 | / array_impls! {
167 | |     01 02 03 04 05 06 07 08 09 10
168 | |     11 12 13 14 15 16 17 18 19 20
169 | |     21 22 23 24 25 26 27 28 29 30
170 | |     31 32
171 | | }
    | |_- in this macro invocation
    |
    = note: this error originates in the macro `tri` which comes from the expansion of the macro `array_impls` (in Nightly builds, run with -Z macro-backtrace for more info)
help: consider importing this tuple variant
   --> C:\Users\john\.cargo\registry\src\index.crates.io-1949cf8c6b5b557f\serde-1.0.219\src\ser\impls.rs:1:1
    |
1   + use core::result::Result::Err;
    |

error[E0425]: cannot find function, tuple struct or tuple variant `Err` in this scope
   --> C:\Users\john\.cargo\registry\src\index.crates.io-1949cf8c6b5b557f\serde-1.0.219\src\lib.rs:299:32
    |
299 |               Err(err) => return Err(err),
    |                                  ^^^
    |
   ::: C:\Users\john\.cargo\registry\src\index.crates.io-1949cf8c6b5b557f\serde-1.0.219\src\ser\impls.rs:166:1
    |
166 | / array_impls! {
167 | |     01 02 03 04 05 06 07 08 09 10
168 | |     11 12 13 14 15 16 17 18 19 20
169 | |     21 22 23 24 25 26 27 28 29 30
170 | |     31 32
171 | | }
    | |_- in this macro invocation
    |
    = note: this error originates in the macro `tri` which comes from the expansion of the macro `array_impls` (in Nightly builds, run with -Z macro-backtrace for more info)
help: a local variable with a similar name exists
    |
299 -             Err(err) => return Err(err),
299 +             Err(err) => return err(err),
    |
help: consider importing this tuple variant
   --> C:\Users\john\.cargo\registry\src\index.crates.io-1949cf8c6b5b557f\serde-1.0.219\src\ser\impls.rs:1:1
    |
1   + use core::result::Result::Err;
    |

error[E0412]: cannot find type `Result` in this scope
   --> C:\Users\john\.cargo\registry\src\index.crates.io-1949cf8c6b5b557f\serde-1.0.219\src\ser\impls.rs:180:46
    |
180 |     fn serialize<S>(&self, serializer: S) -> Result<S::Ok, S::Error>
    |                                              ^^^^^^ not found in this scope
    |
help: consider importing one of these items
    |
1   + use core::fmt::Result;
    |
1   + use core::result::Result;
    |

error[E0412]: cannot find type `Result` in this scope
   --> C:\Users\john\.cargo\registry\src\index.crates.io-1949cf8c6b5b557f\serde-1.0.219\src\ser\impls.rs:200:54
    |
200 |               fn serialize<S>(&self, serializer: S) -> Result<S::Ok, S::Error>
    |                                                        ^^^^^^ not found in this scope
...
233 | / seq_impl! {
234 | |     #[cfg(any(feature = "std", feature = "alloc"))]
235 | |     #[cfg_attr(docsrs, doc(cfg(any(feature = "std", feature = "alloc"))))]
236 | |     BinaryHeap<T: Ord>
237 | | }
    | |_- in this macro invocation
    |
    = note: this error originates in the macro `seq_impl` (in Nightly builds, run with -Z macro-backtrace for more info)
help: consider importing one of these items
    |
1   + use core::fmt::Result;
    |
1   + use core::result::Result;
    |

error[E0412]: cannot find type `Result` in this scope
   --> C:\Users\john\.cargo\registry\src\index.crates.io-1949cf8c6b5b557f\serde-1.0.219\src\ser\impls.rs:200:54
    |
200 |               fn serialize<S>(&self, serializer: S) -> Result<S::Ok, S::Error>
    |                                                        ^^^^^^ not found in this scope
...
239 | / seq_impl! {
240 | |     #[cfg(any(feature = "std", feature = "alloc"))]
241 | |     #[cfg_attr(docsrs, doc(cfg(any(feature = "std", feature = "alloc"))))]
242 | |     BTreeSet<T: Ord>
243 | | }
    | |_- in this macro invocation
    |
    = note: this error originates in the macro `seq_impl` (in Nightly builds, run with -Z macro-backtrace for more info)
help: consider importing one of these items
    |
1   + use core::fmt::Result;
    |
1   + use core::result::Result;
    |

error[E0412]: cannot find type `Result` in this scope
   --> C:\Users\john\.cargo\registry\src\index.crates.io-1949cf8c6b5b557f\serde-1.0.219\src\ser\impls.rs:200:54
    |
200 |               fn serialize<S>(&self, serializer: S) -> Result<S::Ok, S::Error>
    |                                                        ^^^^^^ not found in this scope
...
245 | / seq_impl! {
246 | |     #[cfg(feature = "std")]
247 | |     #[cfg_attr(docsrs, doc(cfg(feature = "std")))]
248 | |     HashSet<T: Eq + Hash, H: BuildHasher>
249 | | }
    | |_- in this macro invocation
    |
    = note: this error originates in the macro `seq_impl` (in Nightly builds, run with -Z macro-backtrace for more info)
help: consider importing one of these items
    |
1   + use core::fmt::Result;
    |
1   + use core::result::Result;
    |

error[E0412]: cannot find type `Result` in this scope
   --> C:\Users\john\.cargo\registry\src\index.crates.io-1949cf8c6b5b557f\serde-1.0.219\src\ser\impls.rs:200:54
    |
200 |               fn serialize<S>(&self, serializer: S) -> Result<S::Ok, S::Error>
    |                                                        ^^^^^^ not found in this scope
...
251 | / seq_impl! {
252 | |     #[cfg(any(feature = "std", feature = "alloc"))]
253 | |     #[cfg_attr(docsrs, doc(cfg(any(feature = "std", feature = "alloc"))))]
254 | |     LinkedList<T>
255 | | }
    | |_- in this macro invocation
    |
    = note: this error originates in the macro `seq_impl` (in Nightly builds, run with -Z macro-backtrace for more info)
help: consider importing one of these items
    |
1   + use core::fmt::Result;
    |
1   + use core::result::Result;
    |

error[E0412]: cannot find type `Result` in this scope
   --> C:\Users\john\.cargo\registry\src\index.crates.io-1949cf8c6b5b557f\serde-1.0.219\src\ser\impls.rs:200:54
    |
200 |               fn serialize<S>(&self, serializer: S) -> Result<S::Ok, S::Error>
    |                                                        ^^^^^^ not found in this scope
...
257 | / seq_impl! {
258 | |     #[cfg(any(feature = "std", feature = "alloc"))]
259 | |     #[cfg_attr(docsrs, doc(cfg(any(feature = "std", feature = "alloc"))))]
260 | |     Vec<T>
261 | | }
    | |_- in this macro invocation
    |
    = note: this error originates in the macro `seq_impl` (in Nightly builds, run with -Z macro-backtrace for more info)
help: consider importing one of these items
    |
1   + use core::fmt::Result;
    |
1   + use core::result::Result;
    |

error[E0412]: cannot find type `Result` in this scope
   --> C:\Users\john\.cargo\registry\src\index.crates.io-1949cf8c6b5b557f\serde-1.0.219\src\ser\impls.rs:200:54
    |
200 |               fn serialize<S>(&self, serializer: S) -> Result<S::Ok, S::Error>
    |                                                        ^^^^^^ not found in this scope
...
263 | / seq_impl! {
264 | |     #[cfg(any(feature = "std", feature = "alloc"))]
265 | |     #[cfg_attr(docsrs, doc(cfg(any(feature = "std", feature = "alloc"))))]
266 | |     VecDeque<T>
267 | | }
    | |_- in this macro invocation
    |
    = note: this error originates in the macro `seq_impl` (in Nightly builds, run with -Z macro-backtrace for more info)
help: consider importing one of these items
    |
1   + use core::fmt::Result;
    |
1   + use core::result::Result;
    |

error[E0412]: cannot find type `Result` in this scope
   --> C:\Users\john\.cargo\registry\src\index.crates.io-1949cf8c6b5b557f\serde-1.0.219\src\ser\impls.rs:275:46
    |
275 |     fn serialize<S>(&self, serializer: S) -> Result<S::Ok, S::Error>
    |                                              ^^^^^^ not found in this scope
    |
help: consider importing one of these items
    |
1   + use core::fmt::Result;
    |
1   + use core::result::Result;
    |

error[E0531]: cannot find tuple struct or tuple variant `Ok` in this scope
   --> C:\Users\john\.cargo\registry\src\index.crates.io-1949cf8c6b5b557f\serde-1.0.219\src\lib.rs:298:13
    |
298 |             Ok(val) => val,
    |             ^^ not found in this scope
    |
   ::: C:\Users\john\.cargo\registry\src\index.crates.io-1949cf8c6b5b557f\serde-1.0.219\src\ser\impls.rs:280:25
    |
280 |         let mut state = tri!(serializer.serialize_struct("Range", 2));
    |                         --------------------------------------------- in this macro invocation
    |
    = note: this error originates in the macro `tri` (in Nightly builds, run with -Z macro-backtrace for more info)
help: consider importing this tuple variant
   --> C:\Users\john\.cargo\registry\src\index.crates.io-1949cf8c6b5b557f\serde-1.0.219\src\ser\impls.rs:1:1
    |
1   + use core::result::Result::Ok;
    |

error[E0531]: cannot find tuple struct or tuple variant `Err` in this scope
   --> C:\Users\john\.cargo\registry\src\index.crates.io-1949cf8c6b5b557f\serde-1.0.219\src\lib.rs:299:13
    |
299 |             Err(err) => return Err(err),
    |             ^^^ not found in this scope
    |
   ::: C:\Users\john\.cargo\registry\src\index.crates.io-1949cf8c6b5b557f\serde-1.0.219\src\ser\impls.rs:280:25
    |
280 |         let mut state = tri!(serializer.serialize_struct("Range", 2));
    |                         --------------------------------------------- in this macro invocation
    |
    = note: this error originates in the macro `tri` (in Nightly builds, run with -Z macro-backtrace for more info)
help: consider importing this tuple variant
   --> C:\Users\john\.cargo\registry\src\index.crates.io-1949cf8c6b5b557f\serde-1.0.219\src\ser\impls.rs:1:1
    |
1   + use core::result::Result::Err;
    |

error[E0425]: cannot find function, tuple struct or tuple variant `Err` in this scope
   --> C:\Users\john\.cargo\registry\src\index.crates.io-1949cf8c6b5b557f\serde-1.0.219\src\lib.rs:299:32
    |
299 |             Err(err) => return Err(err),
    |                                ^^^
    |
   ::: C:\Users\john\.cargo\registry\src\index.crates.io-1949cf8c6b5b557f\serde-1.0.219\src\ser\impls.rs:280:25
    |
280 |         let mut state = tri!(serializer.serialize_struct("Range", 2));
    |                         --------------------------------------------- in this macro invocation
    |
    = note: this error originates in the macro `tri` (in Nightly builds, run with -Z macro-backtrace for more info)
help: a local variable with a similar name exists
    |
299 -             Err(err) => return Err(err),
299 +             Err(err) => return err(err),
    |
help: consider importing this tuple variant
   --> C:\Users\john\.cargo\registry\src\index.crates.io-1949cf8c6b5b557f\serde-1.0.219\src\ser\impls.rs:1:1
    |
1   + use core::result::Result::Err;
    |

error[E0531]: cannot find tuple struct or tuple variant `Ok` in this scope
   --> C:\Users\john\.cargo\registry\src\index.crates.io-1949cf8c6b5b557f\serde-1.0.219\src\lib.rs:298:13
    |
298 |             Ok(val) => val,
    |             ^^ not found in this scope
    |
   ::: C:\Users\john\.cargo\registry\src\index.crates.io-1949cf8c6b5b557f\serde-1.0.219\src\ser\impls.rs:281:9
    |
281 |         tri!(state.serialize_field("start", &self.start));
    |         ------------------------------------------------- in this macro invocation
    |
    = note: this error originates in the macro `tri` (in Nightly builds, run with -Z macro-backtrace for more info)
help: consider importing this tuple variant
   --> C:\Users\john\.cargo\registry\src\index.crates.io-1949cf8c6b5b557f\serde-1.0.219\src\ser\impls.rs:1:1
    |
1   + use core::result::Result::Ok;
    |

error[E0531]: cannot find tuple struct or tuple variant `Err` in this scope
   --> C:\Users\john\.cargo\registry\src\index.crates.io-1949cf8c6b5b557f\serde-1.0.219\src\lib.rs:299:13
    |
299 |             Err(err) => return Err(err),
    |             ^^^ not found in this scope
    |
   ::: C:\Users\john\.cargo\registry\src\index.crates.io-1949cf8c6b5b557f\serde-1.0.219\src\ser\impls.rs:281:9
    |
281 |         tri!(state.serialize_field("start", &self.start));
    |         ------------------------------------------------- in this macro invocation
    |
    = note: this error originates in the macro `tri` (in Nightly builds, run with -Z macro-backtrace for more info)
help: consider importing this tuple variant
   --> C:\Users\john\.cargo\registry\src\index.crates.io-1949cf8c6b5b557f\serde-1.0.219\src\ser\impls.rs:1:1
    |
1   + use core::result::Result::Err;
    |

error[E0425]: cannot find function, tuple struct or tuple variant `Err` in this scope
   --> C:\Users\john\.cargo\registry\src\index.crates.io-1949cf8c6b5b557f\serde-1.0.219\src\lib.rs:299:32
    |
299 |             Err(err) => return Err(err),
    |                                ^^^
    |
   ::: C:\Users\john\.cargo\registry\src\index.crates.io-1949cf8c6b5b557f\serde-1.0.219\src\ser\impls.rs:281:9
    |
281 |         tri!(state.serialize_field("start", &self.start));
    |         ------------------------------------------------- in this macro invocation
    |
    = note: this error originates in the macro `tri` (in Nightly builds, run with -Z macro-backtrace for more info)
help: a local variable with a similar name exists
    |
299 -             Err(err) => return Err(err),
299 +             Err(err) => return err(err),
    |
help: consider importing this tuple variant
   --> C:\Users\john\.cargo\registry\src\index.crates.io-1949cf8c6b5b557f\serde-1.0.219\src\ser\impls.rs:1:1
    |
1   + use core::result::Result::Err;
    |

error[E0531]: cannot find tuple struct or tuple variant `Ok` in this scope
   --> C:\Users\john\.cargo\registry\src\index.crates.io-1949cf8c6b5b557f\serde-1.0.219\src\lib.rs:298:13
    |
298 |             Ok(val) => val,
    |             ^^ not found in this scope
    |
   ::: C:\Users\john\.cargo\registry\src\index.crates.io-1949cf8c6b5b557f\serde-1.0.219\src\ser\impls.rs:282:9
    |
282 |         tri!(state.serialize_field("end", &self.end));
    |         --------------------------------------------- in this macro invocation
    |
    = note: this error originates in the macro `tri` (in Nightly builds, run with -Z macro-backtrace for more info)
help: consider importing this tuple variant
   --> C:\Users\john\.cargo\registry\src\index.crates.io-1949cf8c6b5b557f\serde-1.0.219\src\ser\impls.rs:1:1
    |
1   + use core::result::Result::Ok;
    |

error[E0531]: cannot find tuple struct or tuple variant `Err` in this scope
   --> C:\Users\john\.cargo\registry\src\index.crates.io-1949cf8c6b5b557f\serde-1.0.219\src\lib.rs:299:13
    |
299 |             Err(err) => return Err(err),
    |             ^^^ not found in this scope
    |
   ::: C:\Users\john\.cargo\registry\src\index.crates.io-1949cf8c6b5b557f\serde-1.0.219\src\ser\impls.rs:282:9
    |
282 |         tri!(state.serialize_field("end", &self.end));
    |         --------------------------------------------- in this macro invocation
    |
    = note: this error originates in the macro `tri` (in Nightly builds, run with -Z macro-backtrace for more info)
help: consider importing this tuple variant
   --> C:\Users\john\.cargo\registry\src\index.crates.io-1949cf8c6b5b557f\serde-1.0.219\src\ser\impls.rs:1:1
    |
1   + use core::result::Result::Err;
    |

error[E0425]: cannot find function, tuple struct or tuple variant `Err` in this scope
   --> C:\Users\john\.cargo\registry\src\index.crates.io-1949cf8c6b5b557f\serde-1.0.219\src\lib.rs:299:32
    |
299 |             Err(err) => return Err(err),
    |                                ^^^
    |
   ::: C:\Users\john\.cargo\registry\src\index.crates.io-1949cf8c6b5b557f\serde-1.0.219\src\ser\impls.rs:282:9
    |
282 |         tri!(state.serialize_field("end", &self.end));
    |         --------------------------------------------- in this macro invocation
    |
    = note: this error originates in the macro `tri` (in Nightly builds, run with -Z macro-backtrace for more info)
help: a local variable with a similar name exists
    |
299 -             Err(err) => return Err(err),
299 +             Err(err) => return err(err),
    |
help: consider importing this tuple variant
   --> C:\Users\john\.cargo\registry\src\index.crates.io-1949cf8c6b5b557f\serde-1.0.219\src\ser\impls.rs:1:1
    |
1   + use core::result::Result::Err;
    |

error[E0412]: cannot find type `Result` in this scope
   --> C:\Users\john\.cargo\registry\src\index.crates.io-1949cf8c6b5b557f\serde-1.0.219\src\ser\impls.rs:293:46
    |
293 |     fn serialize<S>(&self, serializer: S) -> Result<S::Ok, S::Error>
    |                                              ^^^^^^ not found in this scope
    |
help: consider importing one of these items
    |
1   + use core::fmt::Result;
    |
1   + use core::result::Result;
    |

error[E0531]: cannot find tuple struct or tuple variant `Ok` in this scope
   --> C:\Users\john\.cargo\registry\src\index.crates.io-1949cf8c6b5b557f\serde-1.0.219\src\lib.rs:298:13
    |
298 |             Ok(val) => val,
    |             ^^ not found in this scope
    |
   ::: C:\Users\john\.cargo\registry\src\index.crates.io-1949cf8c6b5b557f\serde-1.0.219\src\ser\impls.rs:298:25
    |
298 |         let mut state = tri!(serializer.serialize_struct("RangeFrom", 1));
    |                         ------------------------------------------------- in this macro invocation
    |
    = note: this error originates in the macro `tri` (in Nightly builds, run with -Z macro-backtrace for more info)
help: consider importing this tuple variant
   --> C:\Users\john\.cargo\registry\src\index.crates.io-1949cf8c6b5b557f\serde-1.0.219\src\ser\impls.rs:1:1
    |
1   + use core::result::Result::Ok;
    |

error[E0531]: cannot find tuple struct or tuple variant `Err` in this scope
   --> C:\Users\john\.cargo\registry\src\index.crates.io-1949cf8c6b5b557f\serde-1.0.219\src\lib.rs:299:13
    |
299 |             Err(err) => return Err(err),
    |             ^^^ not found in this scope
    |
   ::: C:\Users\john\.cargo\registry\src\index.crates.io-1949cf8c6b5b557f\serde-1.0.219\src\ser\impls.rs:298:25
    |
298 |         let mut state = tri!(serializer.serialize_struct("RangeFrom", 1));
    |                         ------------------------------------------------- in this macro invocation
    |
    = note: this error originates in the macro `tri` (in Nightly builds, run with -Z macro-backtrace for more info)
help: consider importing this tuple variant
   --> C:\Users\john\.cargo\registry\src\index.crates.io-1949cf8c6b5b557f\serde-1.0.219\src\ser\impls.rs:1:1
    |
1   + use core::result::Result::Err;
    |

error[E0425]: cannot find function, tuple struct or tuple variant `Err` in this scope
   --> C:\Users\john\.cargo\registry\src\index.crates.io-1949cf8c6b5b557f\serde-1.0.219\src\lib.rs:299:32
    |
299 |             Err(err) => return Err(err),
    |                                ^^^
    |
   ::: C:\Users\john\.cargo\registry\src\index.crates.io-1949cf8c6b5b557f\serde-1.0.219\src\ser\impls.rs:298:25
    |
298 |         let mut state = tri!(serializer.serialize_struct("RangeFrom", 1));
    |                         ------------------------------------------------- in this macro invocation
    |
    = note: this error originates in the macro `tri` (in Nightly builds, run with -Z macro-backtrace for more info)
help: a local variable with a similar name exists
    |
299 -             Err(err) => return Err(err),
299 +             Err(err) => return err(err),
    |
help: consider importing this tuple variant
   --> C:\Users\john\.cargo\registry\src\index.crates.io-1949cf8c6b5b557f\serde-1.0.219\src\ser\impls.rs:1:1
    |
1   + use core::result::Result::Err;
    |

error[E0531]: cannot find tuple struct or tuple variant `Ok` in this scope
   --> C:\Users\john\.cargo\registry\src\index.crates.io-1949cf8c6b5b557f\serde-1.0.219\src\lib.rs:298:13
    |
298 |             Ok(val) => val,
    |             ^^ not found in this scope
    |
   ::: C:\Users\john\.cargo\registry\src\index.crates.io-1949cf8c6b5b557f\serde-1.0.219\src\ser\impls.rs:299:9
    |
299 |         tri!(state.serialize_field("start", &self.start));
    |         ------------------------------------------------- in this macro invocation
    |
    = note: this error originates in the macro `tri` (in Nightly builds, run with -Z macro-backtrace for more info)
help: consider importing this tuple variant
   --> C:\Users\john\.cargo\registry\src\index.crates.io-1949cf8c6b5b557f\serde-1.0.219\src\ser\impls.rs:1:1
    |
1   + use core::result::Result::Ok;
    |

error[E0531]: cannot find tuple struct or tuple variant `Err` in this scope
   --> C:\Users\john\.cargo\registry\src\index.crates.io-1949cf8c6b5b557f\serde-1.0.219\src\lib.rs:299:13
    |
299 |             Err(err) => return Err(err),
    |             ^^^ not found in this scope
    |
   ::: C:\Users\john\.cargo\registry\src\index.crates.io-1949cf8c6b5b557f\serde-1.0.219\src\ser\impls.rs:299:9
    |
299 |         tri!(state.serialize_field("start", &self.start));
    |         ------------------------------------------------- in this macro invocation
    |
    = note: this error originates in the macro `tri` (in Nightly builds, run with -Z macro-backtrace for more info)
help: consider importing this tuple variant
   --> C:\Users\john\.cargo\registry\src\index.crates.io-1949cf8c6b5b557f\serde-1.0.219\src\ser\impls.rs:1:1
    |
1   + use core::result::Result::Err;
    |

error[E0425]: cannot find function, tuple struct or tuple variant `Err` in this scope
   --> C:\Users\john\.cargo\registry\src\index.crates.io-1949cf8c6b5b557f\serde-1.0.219\src\lib.rs:299:32
    |
299 |             Err(err) => return Err(err),
    |                                ^^^
    |
   ::: C:\Users\john\.cargo\registry\src\index.crates.io-1949cf8c6b5b557f\serde-1.0.219\src\ser\impls.rs:299:9
    |
299 |         tri!(state.serialize_field("start", &self.start));
    |         ------------------------------------------------- in this macro invocation
    |
    = note: this error originates in the macro `tri` (in Nightly builds, run with -Z macro-backtrace for more info)
help: a local variable with a similar name exists
    |
299 -             Err(err) => return Err(err),
299 +             Err(err) => return err(err),
    |
help: consider importing this tuple variant
   --> C:\Users\john\.cargo\registry\src\index.crates.io-1949cf8c6b5b557f\serde-1.0.219\src\ser\impls.rs:1:1
    |
1   + use core::result::Result::Err;
    |

error[E0412]: cannot find type `Result` in this scope
   --> C:\Users\john\.cargo\registry\src\index.crates.io-1949cf8c6b5b557f\serde-1.0.219\src\ser\impls.rs:310:46
    |
310 |     fn serialize<S>(&self, serializer: S) -> Result<S::Ok, S::Error>
    |                                              ^^^^^^ not found in this scope
    |
help: consider importing one of these items
    |
1   + use core::fmt::Result;
    |
1   + use core::result::Result;
    |

error[E0531]: cannot find tuple struct or tuple variant `Ok` in this scope
   --> C:\Users\john\.cargo\registry\src\index.crates.io-1949cf8c6b5b557f\serde-1.0.219\src\lib.rs:298:13
    |
298 |             Ok(val) => val,
    |             ^^ not found in this scope
    |
   ::: C:\Users\john\.cargo\registry\src\index.crates.io-1949cf8c6b5b557f\serde-1.0.219\src\ser\impls.rs:315:25
    |
315 |         let mut state = tri!(serializer.serialize_struct("RangeInclusive", 2));
    |                         ------------------------------------------------------ in this macro invocation
    |
    = note: this error originates in the macro `tri` (in Nightly builds, run with -Z macro-backtrace for more info)
help: consider importing this tuple variant
   --> C:\Users\john\.cargo\registry\src\index.crates.io-1949cf8c6b5b557f\serde-1.0.219\src\ser\impls.rs:1:1
    |
1   + use core::result::Result::Ok;
    |

error[E0531]: cannot find tuple struct or tuple variant `Err` in this scope
   --> C:\Users\john\.cargo\registry\src\index.crates.io-1949cf8c6b5b557f\serde-1.0.219\src\lib.rs:299:13
    |
299 |             Err(err) => return Err(err),
    |             ^^^ not found in this scope
    |
   ::: C:\Users\john\.cargo\registry\src\index.crates.io-1949cf8c6b5b557f\serde-1.0.219\src\ser\impls.rs:315:25
    |
315 |         let mut state = tri!(serializer.serialize_struct("RangeInclusive", 2));
    |                         ------------------------------------------------------ in this macro invocation
    |
    = note: this error originates in the macro `tri` (in Nightly builds, run with -Z macro-backtrace for more info)
help: consider importing this tuple variant
   --> C:\Users\john\.cargo\registry\src\index.crates.io-1949cf8c6b5b557f\serde-1.0.219\src\ser\impls.rs:1:1
    |
1   + use core::result::Result::Err;
    |

error[E0425]: cannot find function, tuple struct or tuple variant `Err` in this scope
   --> C:\Users\john\.cargo\registry\src\index.crates.io-1949cf8c6b5b557f\serde-1.0.219\src\lib.rs:299:32
    |
299 |             Err(err) => return Err(err),
    |                                ^^^
    |
   ::: C:\Users\john\.cargo\registry\src\index.crates.io-1949cf8c6b5b557f\serde-1.0.219\src\ser\impls.rs:315:25
    |
315 |         let mut state = tri!(serializer.serialize_struct("RangeInclusive", 2));
    |                         ------------------------------------------------------ in this macro invocation
    |
    = note: this error originates in the macro `tri` (in Nightly builds, run with -Z macro-backtrace for more info)
help: a local variable with a similar name exists
    |
299 -             Err(err) => return Err(err),
299 +             Err(err) => return err(err),
    |
help: consider importing this tuple variant
   --> C:\Users\john\.cargo\registry\src\index.crates.io-1949cf8c6b5b557f\serde-1.0.219\src\ser\impls.rs:1:1
    |
1   + use core::result::Result::Err;
    |

error[E0531]: cannot find tuple struct or tuple variant `Ok` in this scope
   --> C:\Users\john\.cargo\registry\src\index.crates.io-1949cf8c6b5b557f\serde-1.0.219\src\lib.rs:298:13
    |
298 |             Ok(val) => val,
    |             ^^ not found in this scope
    |
   ::: C:\Users\john\.cargo\registry\src\index.crates.io-1949cf8c6b5b557f\serde-1.0.219\src\ser\impls.rs:316:9
    |
316 |         tri!(state.serialize_field("start", &self.start()));
    |         --------------------------------------------------- in this macro invocation
    |
    = note: this error originates in the macro `tri` (in Nightly builds, run with -Z macro-backtrace for more info)
help: consider importing this tuple variant
   --> C:\Users\john\.cargo\registry\src\index.crates.io-1949cf8c6b5b557f\serde-1.0.219\src\ser\impls.rs:1:1
    |
1   + use core::result::Result::Ok;
    |

error[E0531]: cannot find tuple struct or tuple variant `Err` in this scope
   --> C:\Users\john\.cargo\registry\src\index.crates.io-1949cf8c6b5b557f\serde-1.0.219\src\lib.rs:299:13
    |
299 |             Err(err) => return Err(err),
    |             ^^^ not found in this scope
    |
   ::: C:\Users\john\.cargo\registry\src\index.crates.io-1949cf8c6b5b557f\serde-1.0.219\src\ser\impls.rs:316:9
    |
316 |         tri!(state.serialize_field("start", &self.start()));
    |         --------------------------------------------------- in this macro invocation
    |
    = note: this error originates in the macro `tri` (in Nightly builds, run with -Z macro-backtrace for more info)
help: consider importing this tuple variant
   --> C:\Users\john\.cargo\registry\src\index.crates.io-1949cf8c6b5b557f\serde-1.0.219\src\ser\impls.rs:1:1
    |
1   + use core::result::Result::Err;
    |

error[E0425]: cannot find function, tuple struct or tuple variant `Err` in this scope
   --> C:\Users\john\.cargo\registry\src\index.crates.io-1949cf8c6b5b557f\serde-1.0.219\src\lib.rs:299:32
    |
299 |             Err(err) => return Err(err),
    |                                ^^^
    |
   ::: C:\Users\john\.cargo\registry\src\index.crates.io-1949cf8c6b5b557f\serde-1.0.219\src\ser\impls.rs:316:9
    |
316 |         tri!(state.serialize_field("start", &self.start()));
    |         --------------------------------------------------- in this macro invocation
    |
    = note: this error originates in the macro `tri` (in Nightly builds, run with -Z macro-backtrace for more info)
help: a local variable with a similar name exists
    |
299 -             Err(err) => return Err(err),
299 +             Err(err) => return err(err),
    |
help: consider importing this tuple variant
   --> C:\Users\john\.cargo\registry\src\index.crates.io-1949cf8c6b5b557f\serde-1.0.219\src\ser\impls.rs:1:1
    |
1   + use core::result::Result::Err;
    |

error[E0531]: cannot find tuple struct or tuple variant `Ok` in this scope
   --> C:\Users\john\.cargo\registry\src\index.crates.io-1949cf8c6b5b557f\serde-1.0.219\src\lib.rs:298:13
    |
298 |             Ok(val) => val,
    |             ^^ not found in this scope
    |
   ::: C:\Users\john\.cargo\registry\src\index.crates.io-1949cf8c6b5b557f\serde-1.0.219\src\ser\impls.rs:317:9
    |
317 |         tri!(state.serialize_field("end", &self.end()));
    |         ----------------------------------------------- in this macro invocation
    |
    = note: this error originates in the macro `tri` (in Nightly builds, run with -Z macro-backtrace for more info)
help: consider importing this tuple variant
   --> C:\Users\john\.cargo\registry\src\index.crates.io-1949cf8c6b5b557f\serde-1.0.219\src\ser\impls.rs:1:1
    |
1   + use core::result::Result::Ok;
    |

error[E0531]: cannot find tuple struct or tuple variant `Err` in this scope
   --> C:\Users\john\.cargo\registry\src\index.crates.io-1949cf8c6b5b557f\serde-1.0.219\src\lib.rs:299:13
    |
299 |             Err(err) => return Err(err),
    |             ^^^ not found in this scope
    |
   ::: C:\Users\john\.cargo\registry\src\index.crates.io-1949cf8c6b5b557f\serde-1.0.219\src\ser\impls.rs:317:9
    |
317 |         tri!(state.serialize_field("end", &self.end()));
    |         ----------------------------------------------- in this macro invocation
    |
    = note: this error originates in the macro `tri` (in Nightly builds, run with -Z macro-backtrace for more info)
help: consider importing this tuple variant
   --> C:\Users\john\.cargo\registry\src\index.crates.io-1949cf8c6b5b557f\serde-1.0.219\src\ser\impls.rs:1:1
    |
1   + use core::result::Result::Err;
    |

error[E0425]: cannot find function, tuple struct or tuple variant `Err` in this scope
   --> C:\Users\john\.cargo\registry\src\index.crates.io-1949cf8c6b5b557f\serde-1.0.219\src\lib.rs:299:32
    |
299 |             Err(err) => return Err(err),
    |                                ^^^
    |
   ::: C:\Users\john\.cargo\registry\src\index.crates.io-1949cf8c6b5b557f\serde-1.0.219\src\ser\impls.rs:317:9
    |
317 |         tri!(state.serialize_field("end", &self.end()));
    |         ----------------------------------------------- in this macro invocation
    |
    = note: this error originates in the macro `tri` (in Nightly builds, run with -Z macro-backtrace for more info)
help: a local variable with a similar name exists
    |
299 -             Err(err) => return Err(err),
299 +             Err(err) => return err(err),
    |
help: consider importing this tuple variant
   --> C:\Users\john\.cargo\registry\src\index.crates.io-1949cf8c6b5b557f\serde-1.0.219\src\ser\impls.rs:1:1
    |
1   + use core::result::Result::Err;
    |

error[E0412]: cannot find type `Result` in this scope
   --> C:\Users\john\.cargo\registry\src\index.crates.io-1949cf8c6b5b557f\serde-1.0.219\src\ser\impls.rs:328:46
    |
328 |     fn serialize<S>(&self, serializer: S) -> Result<S::Ok, S::Error>
    |                                              ^^^^^^ not found in this scope
    |
help: consider importing one of these items
    |
1   + use core::fmt::Result;
    |
1   + use core::result::Result;
    |

error[E0531]: cannot find tuple struct or tuple variant `Ok` in this scope
   --> C:\Users\john\.cargo\registry\src\index.crates.io-1949cf8c6b5b557f\serde-1.0.219\src\lib.rs:298:13
    |
298 |             Ok(val) => val,
    |             ^^ not found in this scope
    |
   ::: C:\Users\john\.cargo\registry\src\index.crates.io-1949cf8c6b5b557f\serde-1.0.219\src\ser\impls.rs:333:25
    |
333 |         let mut state = tri!(serializer.serialize_struct("RangeTo", 1));
    |                         ----------------------------------------------- in this macro invocation
    |
    = note: this error originates in the macro `tri` (in Nightly builds, run with -Z macro-backtrace for more info)
help: consider importing this tuple variant
   --> C:\Users\john\.cargo\registry\src\index.crates.io-1949cf8c6b5b557f\serde-1.0.219\src\ser\impls.rs:1:1
    |
1   + use core::result::Result::Ok;
    |

error[E0531]: cannot find tuple struct or tuple variant `Err` in this scope
   --> C:\Users\john\.cargo\registry\src\index.crates.io-1949cf8c6b5b557f\serde-1.0.219\src\lib.rs:299:13
    |
299 |             Err(err) => return Err(err),
    |             ^^^ not found in this scope
    |
   ::: C:\Users\john\.cargo\registry\src\index.crates.io-1949cf8c6b5b557f\serde-1.0.219\src\ser\impls.rs:333:25
    |
333 |         let mut state = tri!(serializer.serialize_struct("RangeTo", 1));
    |                         ----------------------------------------------- in this macro invocation
    |
    = note: this error originates in the macro `tri` (in Nightly builds, run with -Z macro-backtrace for more info)
help: consider importing this tuple variant
   --> C:\Users\john\.cargo\registry\src\index.crates.io-1949cf8c6b5b557f\serde-1.0.219\src\ser\impls.rs:1:1
    |
1   + use core::result::Result::Err;
    |

error[E0425]: cannot find function, tuple struct or tuple variant `Err` in this scope
   --> C:\Users\john\.cargo\registry\src\index.crates.io-1949cf8c6b5b557f\serde-1.0.219\src\lib.rs:299:32
    |
299 |             Err(err) => return Err(err),
    |                                ^^^
    |
   ::: C:\Users\john\.cargo\registry\src\index.crates.io-1949cf8c6b5b557f\serde-1.0.219\src\ser\impls.rs:333:25
    |
333 |         let mut state = tri!(serializer.serialize_struct("RangeTo", 1));
    |                         ----------------------------------------------- in this macro invocation
    |
    = note: this error originates in the macro `tri` (in Nightly builds, run with -Z macro-backtrace for more info)
help: a local variable with a similar name exists
    |
299 -             Err(err) => return Err(err),
299 +             Err(err) => return err(err),
    |
help: consider importing this tuple variant
   --> C:\Users\john\.cargo\registry\src\index.crates.io-1949cf8c6b5b557f\serde-1.0.219\src\ser\impls.rs:1:1
    |
1   + use core::result::Result::Err;
    |

error[E0531]: cannot find tuple struct or tuple variant `Ok` in this scope
   --> C:\Users\john\.cargo\registry\src\index.crates.io-1949cf8c6b5b557f\serde-1.0.219\src\lib.rs:298:13
    |
298 |             Ok(val) => val,
    |             ^^ not found in this scope
    |
   ::: C:\Users\john\.cargo\registry\src\index.crates.io-1949cf8c6b5b557f\serde-1.0.219\src\ser\impls.rs:334:9
    |
334 |         tri!(state.serialize_field("end", &self.end));
    |         --------------------------------------------- in this macro invocation
    |
    = note: this error originates in the macro `tri` (in Nightly builds, run with -Z macro-backtrace for more info)
help: consider importing this tuple variant
   --> C:\Users\john\.cargo\registry\src\index.crates.io-1949cf8c6b5b557f\serde-1.0.219\src\ser\impls.rs:1:1
    |
1   + use core::result::Result::Ok;
    |

error[E0531]: cannot find tuple struct or tuple variant `Err` in this scope
   --> C:\Users\john\.cargo\registry\src\index.crates.io-1949cf8c6b5b557f\serde-1.0.219\src\lib.rs:299:13
    |
299 |             Err(err) => return Err(err),
    |             ^^^ not found in this scope
    |
   ::: C:\Users\john\.cargo\registry\src\index.crates.io-1949cf8c6b5b557f\serde-1.0.219\src\ser\impls.rs:334:9
    |
334 |         tri!(state.serialize_field("end", &self.end));
    |         --------------------------------------------- in this macro invocation
    |
    = note: this error originates in the macro `tri` (in Nightly builds, run with -Z macro-backtrace for more info)
help: consider importing this tuple variant
   --> C:\Users\john\.cargo\registry\src\index.crates.io-1949cf8c6b5b557f\serde-1.0.219\src\ser\impls.rs:1:1
    |
1   + use core::result::Result::Err;
    |

error[E0425]: cannot find function, tuple struct or tuple variant `Err` in this scope
   --> C:\Users\john\.cargo\registry\src\index.crates.io-1949cf8c6b5b557f\serde-1.0.219\src\lib.rs:299:32
    |
299 |             Err(err) => return Err(err),
    |                                ^^^
    |
   ::: C:\Users\john\.cargo\registry\src\index.crates.io-1949cf8c6b5b557f\serde-1.0.219\src\ser\impls.rs:334:9
    |
334 |         tri!(state.serialize_field("end", &self.end));
    |         --------------------------------------------- in this macro invocation
    |
    = note: this error originates in the macro `tri` (in Nightly builds, run with -Z macro-backtrace for more info)
help: a local variable with a similar name exists
    |
299 -             Err(err) => return Err(err),
299 +             Err(err) => return err(err),
    |
help: consider importing this tuple variant
   --> C:\Users\john\.cargo\registry\src\index.crates.io-1949cf8c6b5b557f\serde-1.0.219\src\ser\impls.rs:1:1
    |
1   + use core::result::Result::Err;
    |

error[E0412]: cannot find type `Result` in this scope
   --> C:\Users\john\.cargo\registry\src\index.crates.io-1949cf8c6b5b557f\serde-1.0.219\src\ser\impls.rs:345:46
    |
345 |     fn serialize<S>(&self, serializer: S) -> Result<S::Ok, S::Error>
    |                                              ^^^^^^ not found in this scope
    |
help: consider importing one of these items
    |
1   + use core::fmt::Result;
    |
1   + use core::result::Result;
    |

error[E0412]: cannot find type `Result` in this scope
   --> C:\Users\john\.cargo\registry\src\index.crates.io-1949cf8c6b5b557f\serde-1.0.219\src\ser\impls.rs:365:46
    |
365 |     fn serialize<S>(&self, serializer: S) -> Result<S::Ok, S::Error>
    |                                              ^^^^^^ not found in this scope
    |
help: consider importing one of these items
    |
1   + use core::fmt::Result;
    |
1   + use core::result::Result;
    |

error[E0412]: cannot find type `Result` in this scope
   --> C:\Users\john\.cargo\registry\src\index.crates.io-1949cf8c6b5b557f\serde-1.0.219\src\ser\impls.rs:403:50
    |
403 |         fn serialize<S>(&self, serializer: S) -> Result<S::Ok, S::Error>
    |                                                  ^^^^^^ not found in this scope
...
425 |     tuple_impl_body!(1 => (0));
    |     -------------------------- in this macro invocation
    |
    = note: this error originates in the macro `tuple_impl_body` (in Nightly builds, run with -Z macro-backtrace for more info)
help: consider importing one of these items
    |
1   + use core::fmt::Result;
    |
1   + use core::result::Result;
    |

error[E0531]: cannot find tuple struct or tuple variant `Ok` in this scope
   --> C:\Users\john\.cargo\registry\src\index.crates.io-1949cf8c6b5b557f\serde-1.0.219\src\lib.rs:298:13
    |
298 |             Ok(val) => val,
    |             ^^ not found in this scope
    |
   ::: C:\Users\john\.cargo\registry\src\index.crates.io-1949cf8c6b5b557f\serde-1.0.219\src\ser\impls.rs:425:5
    |
425 |     tuple_impl_body!(1 => (0));
    |     -------------------------- in this macro invocation
    |
    = note: this error originates in the macro `tri` which comes from the expansion of the macro `tuple_impl_body` (in Nightly builds, run with -Z macro-backtrace for more info)
help: consider importing this tuple variant
   --> C:\Users\john\.cargo\registry\src\index.crates.io-1949cf8c6b5b557f\serde-1.0.219\src\ser\impls.rs:1:1
    |
1   + use core::result::Result::Ok;
    |

error[E0531]: cannot find tuple struct or tuple variant `Err` in this scope
   --> C:\Users\john\.cargo\registry\src\index.crates.io-1949cf8c6b5b557f\serde-1.0.219\src\lib.rs:299:13
    |
299 |             Err(err) => return Err(err),
    |             ^^^ not found in this scope
    |
   ::: C:\Users\john\.cargo\registry\src\index.crates.io-1949cf8c6b5b557f\serde-1.0.219\src\ser\impls.rs:425:5
    |
425 |     tuple_impl_body!(1 => (0));
    |     -------------------------- in this macro invocation
    |
    = note: this error originates in the macro `tri` which comes from the expansion of the macro `tuple_impl_body` (in Nightly builds, run with -Z macro-backtrace for more info)
help: consider importing this tuple variant
   --> C:\Users\john\.cargo\registry\src\index.crates.io-1949cf8c6b5b557f\serde-1.0.219\src\ser\impls.rs:1:1
    |
1   + use core::result::Result::Err;
    |

error[E0425]: cannot find function, tuple struct or tuple variant `Err` in this scope
   --> C:\Users\john\.cargo\registry\src\index.crates.io-1949cf8c6b5b557f\serde-1.0.219\src\lib.rs:299:32
    |
299 |             Err(err) => return Err(err),
    |                                ^^^
    |
   ::: C:\Users\john\.cargo\registry\src\index.crates.io-1949cf8c6b5b557f\serde-1.0.219\src\ser\impls.rs:425:5
    |
425 |     tuple_impl_body!(1 => (0));
    |     -------------------------- in this macro invocation
    |
    = note: this error originates in the macro `tri` which comes from the expansion of the macro `tuple_impl_body` (in Nightly builds, run with -Z macro-backtrace for more info)
help: a local variable with a similar name exists
    |
299 -             Err(err) => return Err(err),
299 +             Err(err) => return err(err),
    |
help: consider importing this tuple variant
   --> C:\Users\john\.cargo\registry\src\index.crates.io-1949cf8c6b5b557f\serde-1.0.219\src\ser\impls.rs:1:1
    |
1   + use core::result::Result::Err;
    |

error[E0412]: cannot find type `Result` in this scope
   --> C:\Users\john\.cargo\registry\src\index.crates.io-1949cf8c6b5b557f\serde-1.0.219\src\ser\impls.rs:403:50
    |
403 |           fn serialize<S>(&self, serializer: S) -> Result<S::Ok, S::Error>
    |                                                    ^^^^^^ not found in this scope
...
428 | / tuple_impls! {
429 | |     2 => (0 T0 1 T1)
430 | |     3 => (0 T0 1 T1 2 T2)
431 | |     4 => (0 T0 1 T1 2 T2 3 T3)
...   |
443 | |     16 => (0 T0 1 T1 2 T2 3 T3 4 T4 5 T5 6 T6 7 T7 8 T8 9 T9 10 T10 11 T11 12 T12 13 T13 14 T14 15 T15)
444 | | }
    | |_- in this macro invocation
    |
    = note: this error originates in the macro `tuple_impl_body` which comes from the expansion of the macro `tuple_impls` (in Nightly builds, run with -Z macro-backtrace for more info)
help: consider importing one of these items
    |
1   + use core::fmt::Result;
    |
1   + use core::result::Result;
    |

error[E0531]: cannot find tuple struct or tuple variant `Ok` in this scope
   --> C:\Users\john\.cargo\registry\src\index.crates.io-1949cf8c6b5b557f\serde-1.0.219\src\lib.rs:298:13
    |
298 |               Ok(val) => val,
    |               ^^ not found in this scope
    |
   ::: C:\Users\john\.cargo\registry\src\index.crates.io-1949cf8c6b5b557f\serde-1.0.219\src\ser\impls.rs:428:1
    |
428 | / tuple_impls! {
429 | |     2 => (0 T0 1 T1)
430 | |     3 => (0 T0 1 T1 2 T2)
431 | |     4 => (0 T0 1 T1 2 T2 3 T3)
...   |
443 | |     16 => (0 T0 1 T1 2 T2 3 T3 4 T4 5 T5 6 T6 7 T7 8 T8 9 T9 10 T10 11 T11 12 T12 13 T13 14 T14 15 T15)
444 | | }
    | |_- in this macro invocation
    |
    = note: this error originates in the macro `tri` which comes from the expansion of the macro `tuple_impls` (in Nightly builds, run with -Z macro-backtrace for more info)
help: consider importing this tuple variant
   --> C:\Users\john\.cargo\registry\src\index.crates.io-1949cf8c6b5b557f\serde-1.0.219\src\ser\impls.rs:1:1
    |
1   + use core::result::Result::Ok;
    |

error[E0531]: cannot find tuple struct or tuple variant `Err` in this scope
   --> C:\Users\john\.cargo\registry\src\index.crates.io-1949cf8c6b5b557f\serde-1.0.219\src\lib.rs:299:13
    |
299 |               Err(err) => return Err(err),
    |               ^^^ not found in this scope
    |
   ::: C:\Users\john\.cargo\registry\src\index.crates.io-1949cf8c6b5b557f\serde-1.0.219\src\ser\impls.rs:428:1
    |
428 | / tuple_impls! {
429 | |     2 => (0 T0 1 T1)
430 | |     3 => (0 T0 1 T1 2 T2)
431 | |     4 => (0 T0 1 T1 2 T2 3 T3)
...   |
443 | |     16 => (0 T0 1 T1 2 T2 3 T3 4 T4 5 T5 6 T6 7 T7 8 T8 9 T9 10 T10 11 T11 12 T12 13 T13 14 T14 15 T15)
444 | | }
    | |_- in this macro invocation
    |
    = note: this error originates in the macro `tri` which comes from the expansion of the macro `tuple_impls` (in Nightly builds, run with -Z macro-backtrace for more info)
help: consider importing this tuple variant
   --> C:\Users\john\.cargo\registry\src\index.crates.io-1949cf8c6b5b557f\serde-1.0.219\src\ser\impls.rs:1:1
    |
1   + use core::result::Result::Err;
    |

error[E0425]: cannot find function, tuple struct or tuple variant `Err` in this scope
   --> C:\Users\john\.cargo\registry\src\index.crates.io-1949cf8c6b5b557f\serde-1.0.219\src\lib.rs:299:32
    |
299 |               Err(err) => return Err(err),
    |                                  ^^^
    |
   ::: C:\Users\john\.cargo\registry\src\index.crates.io-1949cf8c6b5b557f\serde-1.0.219\src\ser\impls.rs:428:1
    |
428 | / tuple_impls! {
429 | |     2 => (0 T0 1 T1)
430 | |     3 => (0 T0 1 T1 2 T2)
431 | |     4 => (0 T0 1 T1 2 T2 3 T3)
...   |
443 | |     16 => (0 T0 1 T1 2 T2 3 T3 4 T4 5 T5 6 T6 7 T7 8 T8 9 T9 10 T10 11 T11 12 T12 13 T13 14 T14 15 T15)
444 | | }
    | |_- in this macro invocation
    |
    = note: this error originates in the macro `tri` which comes from the expansion of the macro `tuple_impls` (in Nightly builds, run with -Z macro-backtrace for more info)
help: a local variable with a similar name exists
    |
299 -             Err(err) => return Err(err),
299 +             Err(err) => return err(err),
    |
help: consider importing this tuple variant
   --> C:\Users\john\.cargo\registry\src\index.crates.io-1949cf8c6b5b557f\serde-1.0.219\src\ser\impls.rs:1:1
    |
1   + use core::result::Result::Err;
    |

error[E0412]: cannot find type `Result` in this scope
   --> C:\Users\john\.cargo\registry\src\index.crates.io-1949cf8c6b5b557f\serde-1.0.219\src\ser\impls.rs:461:54
    |
461 |               fn serialize<S>(&self, serializer: S) -> Result<S::Ok, S::Error>
    |                                                        ^^^^^^ not found in this scope
...
495 | / map_impl! {
496 | |     #[cfg(any(feature = "std", feature = "alloc"))]
497 | |     #[cfg_attr(docsrs, doc(cfg(any(feature = "std", feature = "alloc"))))]
498 | |     BTreeMap<K: Ord, V>
499 | | }
    | |_- in this macro invocation
    |
    = note: this error originates in the macro `map_impl` (in Nightly builds, run with -Z macro-backtrace for more info)
help: consider importing one of these items
    |
1   + use core::fmt::Result;
    |
1   + use core::result::Result;
    |

error[E0412]: cannot find type `Result` in this scope
   --> C:\Users\john\.cargo\registry\src\index.crates.io-1949cf8c6b5b557f\serde-1.0.219\src\ser\impls.rs:461:54
    |
461 |               fn serialize<S>(&self, serializer: S) -> Result<S::Ok, S::Error>
    |                                                        ^^^^^^ not found in this scope
...
501 | / map_impl! {
502 | |     #[cfg(feature = "std")]
503 | |     #[cfg_attr(docsrs, doc(cfg(feature = "std")))]
504 | |     HashMap<K: Eq + Hash, V, H: BuildHasher>
505 | | }
    | |_- in this macro invocation
    |
    = note: this error originates in the macro `map_impl` (in Nightly builds, run with -Z macro-backtrace for more info)
help: consider importing one of these items
    |
1   + use core::fmt::Result;
    |
1   + use core::result::Result;
    |

error[E0405]: cannot find trait `Sized` in this scope
   --> C:\Users\john\.cargo\registry\src\index.crates.io-1949cf8c6b5b557f\serde-1.0.219\src\ser\impls.rs:528:43
    |
528 |     <'a, T> Serialize for &'a T where T: ?Sized + Serialize
    |                                           ^^^^^ not found in this scope
    |
help: consider importing this trait
    |
1   + use core::marker::Sized;
    |

error[E0412]: cannot find type `Result` in this scope
   --> C:\Users\john\.cargo\registry\src\index.crates.io-1949cf8c6b5b557f\serde-1.0.219\src\ser\impls.rs:517:54
    |
517 |               fn serialize<S>(&self, serializer: S) -> Result<S::Ok, S::Error>
    |                                                        ^^^^^^ not found in this scope
...
527 | / deref_impl! {
528 | |     <'a, T> Serialize for &'a T where T: ?Sized + Serialize
529 | | }
    | |_- in this macro invocation
    |
    = note: this error originates in the macro `deref_impl` (in Nightly builds, run with -Z macro-backtrace for more info)
help: consider importing one of these items
    |
1   + use core::fmt::Result;
    |
1   + use core::result::Result;
    |

error[E0405]: cannot find trait `Sized` in this scope
   --> C:\Users\john\.cargo\registry\src\index.crates.io-1949cf8c6b5b557f\serde-1.0.219\src\ser\impls.rs:532:47
    |
532 |     <'a, T> Serialize for &'a mut T where T: ?Sized + Serialize
    |                                               ^^^^^ not found in this scope
    |
help: consider importing this trait
    |
1   + use core::marker::Sized;
    |

error[E0412]: cannot find type `Result` in this scope
   --> C:\Users\john\.cargo\registry\src\index.crates.io-1949cf8c6b5b557f\serde-1.0.219\src\ser\impls.rs:517:54
    |
517 |               fn serialize<S>(&self, serializer: S) -> Result<S::Ok, S::Error>
    |                                                        ^^^^^^ not found in this scope
...
531 | / deref_impl! {
532 | |     <'a, T> Serialize for &'a mut T where T: ?Sized + Serialize
533 | | }
    | |_- in this macro invocation
    |
    = note: this error originates in the macro `deref_impl` (in Nightly builds, run with -Z macro-backtrace for more info)
help: consider importing one of these items
    |
1   + use core::fmt::Result;
    |
1   + use core::result::Result;
    |

error[E0405]: cannot find trait `Sized` in this scope
   --> C:\Users\john\.cargo\registry\src\index.crates.io-1949cf8c6b5b557f\serde-1.0.219\src\ser\impls.rs:538:40
    |
538 |     <T> Serialize for Box<T> where T: ?Sized + Serialize
    |                                        ^^^^^ not found in this scope
    |
help: consider importing this trait
    |
1   + use core::marker::Sized;
    |

error[E0412]: cannot find type `Result` in this scope
   --> C:\Users\john\.cargo\registry\src\index.crates.io-1949cf8c6b5b557f\serde-1.0.219\src\ser\impls.rs:517:54
    |
517 |               fn serialize<S>(&self, serializer: S) -> Result<S::Ok, S::Error>
    |                                                        ^^^^^^ not found in this scope
...
535 | / deref_impl! {
536 | |     #[cfg(any(feature = "std", feature = "alloc"))]
537 | |     #[cfg_attr(docsrs, doc(cfg(any(feature = "std", feature = "alloc"))))]
538 | |     <T> Serialize for Box<T> where T: ?Sized + Serialize
539 | | }
    | |_- in this macro invocation
    |
    = note: this error originates in the macro `deref_impl` (in Nightly builds, run with -Z macro-backtrace for more info)
help: consider importing one of these items
    |
1   + use core::fmt::Result;
    |
1   + use core::result::Result;
    |

error[E0405]: cannot find trait `Sized` in this scope
   --> C:\Users\john\.cargo\registry\src\index.crates.io-1949cf8c6b5b557f\serde-1.0.219\src\ser\impls.rs:572:48
    |
572 |     <'a, T> Serialize for Cow<'a, T> where T: ?Sized + Serialize + ToOwned
    |                                                ^^^^^ not found in this scope
    |
help: consider importing this trait
    |
1   + use core::marker::Sized;
    |

error[E0412]: cannot find type `Result` in this scope
   --> C:\Users\john\.cargo\registry\src\index.crates.io-1949cf8c6b5b557f\serde-1.0.219\src\ser\impls.rs:517:54
    |
517 |               fn serialize<S>(&self, serializer: S) -> Result<S::Ok, S::Error>
    |                                                        ^^^^^^ not found in this scope
...
569 | / deref_impl! {
570 | |     #[cfg(any(feature = "std", feature = "alloc"))]
571 | |     #[cfg_attr(docsrs, doc(cfg(any(feature = "std", feature = "alloc"))))]
572 | |     <'a, T> Serialize for Cow<'a, T> where T: ?Sized + Serialize + ToOwned
573 | | }
    | |_- in this macro invocation
    |
    = note: this error originates in the macro `deref_impl` (in Nightly builds, run with -Z macro-backtrace for more info)
help: consider importing one of these items
    |
1   + use core::fmt::Result;
    |
1   + use core::result::Result;
    |

error[E0412]: cannot find type `Result` in this scope
   --> C:\Users\john\.cargo\registry\src\index.crates.io-1949cf8c6b5b557f\serde-1.0.219\src\ser\impls.rs:623:58
    |
623 |                   fn serialize<S>(&self, serializer: S) -> Result<S::Ok, S::Error>
    |                                                            ^^^^^^ not found in this scope
...
634 | / nonzero_integers! {
635 | |     NonZeroU8,
636 | |     NonZeroU16,
637 | |     NonZeroU32,
...   |
640 | |     NonZeroUsize,
641 | | }
    | |_- in this macro invocation
    |
    = note: this error originates in the macro `nonzero_integers` (in Nightly builds, run with -Z macro-backtrace for more info)
help: consider importing one of these items
    |
1   + use core::fmt::Result;
    |
1   + use core::result::Result;
    |

error[E0412]: cannot find type `Result` in this scope
   --> C:\Users\john\.cargo\registry\src\index.crates.io-1949cf8c6b5b557f\serde-1.0.219\src\ser\impls.rs:623:58
    |
623 |                   fn serialize<S>(&self, serializer: S) -> Result<S::Ok, S::Error>
    |                                                            ^^^^^^ not found in this scope
...
644 | / nonzero_integers! {
645 | |     NonZeroI8,
646 | |     NonZeroI16,
647 | |     NonZeroI32,
...   |
650 | |     NonZeroIsize,
651 | | }
    | |_- in this macro invocation
    |
    = note: this error originates in the macro `nonzero_integers` (in Nightly builds, run with -Z macro-backtrace for more info)
help: consider importing one of these items
    |
1   + use core::fmt::Result;
    |
1   + use core::result::Result;
    |

error[E0405]: cannot find trait `Copy` in this scope
   --> C:\Users\john\.cargo\registry\src\index.crates.io-1949cf8c6b5b557f\serde-1.0.219\src\ser\impls.rs:655:20
    |
655 |     T: Serialize + Copy,
    |                    ^^^^ not found in this scope
    |
help: consider importing this trait
    |
1   + use core::marker::Copy;
    |

error[E0412]: cannot find type `Result` in this scope
   --> C:\Users\john\.cargo\registry\src\index.crates.io-1949cf8c6b5b557f\serde-1.0.219\src\ser\impls.rs:657:46
    |
657 |     fn serialize<S>(&self, serializer: S) -> Result<S::Ok, S::Error>
    |                                              ^^^^^^ not found in this scope
    |
help: consider importing one of these items
    |
1   + use core::fmt::Result;
    |
1   + use core::result::Result;
    |

error[E0405]: cannot find trait `Sized` in this scope
   --> C:\Users\john\.cargo\registry\src\index.crates.io-1949cf8c6b5b557f\serde-1.0.219\src\ser\impls.rs:667:9
    |
667 |     T: ?Sized + Serialize,
    |         ^^^^^ not found in this scope
    |
help: consider importing this trait
    |
1   + use core::marker::Sized;
    |

error[E0412]: cannot find type `Result` in this scope
   --> C:\Users\john\.cargo\registry\src\index.crates.io-1949cf8c6b5b557f\serde-1.0.219\src\ser\impls.rs:669:46
    |
669 |     fn serialize<S>(&self, serializer: S) -> Result<S::Ok, S::Error>
    |                                              ^^^^^^ not found in this scope
    |
help: consider importing one of these items
    |
1   + use core::fmt::Result;
    |
1   + use core::result::Result;
    |

error[E0531]: cannot find tuple struct or tuple variant `Ok` in this scope
   --> C:\Users\john\.cargo\registry\src\index.crates.io-1949cf8c6b5b557f\serde-1.0.219\src\ser\impls.rs:674:13
    |
674 |             Ok(value) => value.serialize(serializer),
    |             ^^ not found in this scope
    |
help: consider importing this tuple variant
    |
1   + use core::result::Result::Ok;
    |

error[E0531]: cannot find tuple struct or tuple variant `Err` in this scope
   --> C:\Users\john\.cargo\registry\src\index.crates.io-1949cf8c6b5b557f\serde-1.0.219\src\ser\impls.rs:675:13
    |
675 |             Err(_) => Err(S::Error::custom("already mutably borrowed")),
    |             ^^^ not found in this scope
    |
help: consider importing this tuple variant
    |
1   + use core::result::Result::Err;
    |

error[E0425]: cannot find function, tuple struct or tuple variant `Err` in this scope
   --> C:\Users\john\.cargo\registry\src\index.crates.io-1949cf8c6b5b557f\serde-1.0.219\src\ser\impls.rs:675:23
    |
675 |             Err(_) => Err(S::Error::custom("already mutably borrowed")),
    |                       ^^^ not found in this scope
    |
help: consider importing this tuple variant
    |
1   + use core::result::Result::Err;
    |

error[E0405]: cannot find trait `Sized` in this scope
   --> C:\Users\john\.cargo\registry\src\index.crates.io-1949cf8c6b5b557f\serde-1.0.219\src\ser\impls.rs:684:9
    |
684 |     T: ?Sized + Serialize,
    |         ^^^^^ not found in this scope
    |
help: consider importing this trait
    |
1   + use core::marker::Sized;
    |

error[E0412]: cannot find type `Result` in this scope
   --> C:\Users\john\.cargo\registry\src\index.crates.io-1949cf8c6b5b557f\serde-1.0.219\src\ser\impls.rs:686:46
    |
686 |     fn serialize<S>(&self, serializer: S) -> Result<S::Ok, S::Error>
    |                                              ^^^^^^ not found in this scope
    |
help: consider importing one of these items
    |
1   + use core::fmt::Result;
    |
1   + use core::result::Result;
    |

error[E0531]: cannot find tuple struct or tuple variant `Ok` in this scope
   --> C:\Users\john\.cargo\registry\src\index.crates.io-1949cf8c6b5b557f\serde-1.0.219\src\ser\impls.rs:691:13
    |
691 |             Ok(locked) => locked.serialize(serializer),
    |             ^^ not found in this scope
    |
help: consider importing this tuple variant
    |
1   + use core::result::Result::Ok;
    |

error[E0531]: cannot find tuple struct or tuple variant `Err` in this scope
   --> C:\Users\john\.cargo\registry\src\index.crates.io-1949cf8c6b5b557f\serde-1.0.219\src\ser\impls.rs:692:13
    |
692 |             Err(_) => Err(S::Error::custom("lock poison error while serializing")),
    |             ^^^ not found in this scope
    |
help: consider importing this tuple variant
    |
1   + use core::result::Result::Err;
    |

error[E0425]: cannot find function, tuple struct or tuple variant `Err` in this scope
   --> C:\Users\john\.cargo\registry\src\index.crates.io-1949cf8c6b5b557f\serde-1.0.219\src\ser\impls.rs:692:23
    |
692 |             Err(_) => Err(S::Error::custom("lock poison error while serializing")),
    |                       ^^^ not found in this scope
    |
help: consider importing this tuple variant
    |
1   + use core::result::Result::Err;
    |

error[E0405]: cannot find trait `Sized` in this scope
   --> C:\Users\john\.cargo\registry\src\index.crates.io-1949cf8c6b5b557f\serde-1.0.219\src\ser\impls.rs:701:9
    |
701 |     T: ?Sized + Serialize,
    |         ^^^^^ not found in this scope
    |
help: consider importing this trait
    |
1   + use core::marker::Sized;
    |

error[E0412]: cannot find type `Result` in this scope
   --> C:\Users\john\.cargo\registry\src\index.crates.io-1949cf8c6b5b557f\serde-1.0.219\src\ser\impls.rs:703:46
    |
703 |     fn serialize<S>(&self, serializer: S) -> Result<S::Ok, S::Error>
    |                                              ^^^^^^ not found in this scope
    |
help: consider importing one of these items
    |
1   + use core::fmt::Result;
    |
1   + use core::result::Result;
    |

error[E0531]: cannot find tuple struct or tuple variant `Ok` in this scope
   --> C:\Users\john\.cargo\registry\src\index.crates.io-1949cf8c6b5b557f\serde-1.0.219\src\ser\impls.rs:708:13
    |
708 |             Ok(locked) => locked.serialize(serializer),
    |             ^^ not found in this scope
    |
help: consider importing this tuple variant
    |
1   + use core::result::Result::Ok;
    |

error[E0531]: cannot find tuple struct or tuple variant `Err` in this scope
   --> C:\Users\john\.cargo\registry\src\index.crates.io-1949cf8c6b5b557f\serde-1.0.219\src\ser\impls.rs:709:13
    |
709 |             Err(_) => Err(S::Error::custom("lock poison error while serializing")),
    |             ^^^ not found in this scope
    |
help: consider importing this tuple variant
    |
1   + use core::result::Result::Err;
    |

error[E0425]: cannot find function, tuple struct or tuple variant `Err` in this scope
   --> C:\Users\john\.cargo\registry\src\index.crates.io-1949cf8c6b5b557f\serde-1.0.219\src\ser\impls.rs:709:23
    |
709 |             Err(_) => Err(S::Error::custom("lock poison error while serializing")),
    |                       ^^^ not found in this scope
    |
help: consider importing this tuple variant
    |
1   + use core::result::Result::Err;
    |

error[E0412]: cannot find type `Result` in this scope
   --> C:\Users\john\.cargo\registry\src\index.crates.io-1949cf8c6b5b557f\serde-1.0.219\src\ser\impls.rs:716:26
    |
716 | impl<T, E> Serialize for Result<T, E>
    |                          ^^^^^^ not found in this scope
    |
help: consider importing one of these items
    |
1   + use core::fmt::Result;
    |
1   + use core::result::Result;
    |

error[E0412]: cannot find type `Result` in this scope
   --> C:\Users\john\.cargo\registry\src\index.crates.io-1949cf8c6b5b557f\serde-1.0.219\src\ser\impls.rs:721:46
    |
721 |     fn serialize<S>(&self, serializer: S) -> Result<S::Ok, S::Error>
    |                                              ^^^^^^ not found in this scope
    |
help: consider importing one of these items
    |
1   + use core::fmt::Result;
    |
1   + use core::result::Result;
    |

error[E0433]: failed to resolve: use of undeclared type `Result`
   --> C:\Users\john\.cargo\registry\src\index.crates.io-1949cf8c6b5b557f\serde-1.0.219\src\ser\impls.rs:726:13
    |
726 |             Result::Ok(ref value) => serializer.serialize_newtype_variant("Result", 0, "Ok", value),
    |             ^^^^^^ use of undeclared type `Result`
    |
help: consider importing one of these items
    |
1   + use core::fmt::Result;
    |
1   + use core::result::Result;
    |

error[E0433]: failed to resolve: use of undeclared type `Result`
   --> C:\Users\john\.cargo\registry\src\index.crates.io-1949cf8c6b5b557f\serde-1.0.219\src\ser\impls.rs:727:13
    |
727 |             Result::Err(ref value) => {
    |             ^^^^^^ use of undeclared type `Result`
    |
help: consider importing one of these items
    |
1   + use core::fmt::Result;
    |
1   + use core::result::Result;
    |

error[E0412]: cannot find type `Result` in this scope
   --> C:\Users\john\.cargo\registry\src\index.crates.io-1949cf8c6b5b557f\serde-1.0.219\src\ser\impls.rs:737:46
    |
737 |     fn serialize<S>(&self, serializer: S) -> Result<S::Ok, S::Error>
    |                                              ^^^^^^ not found in this scope
    |
help: consider importing one of these items
    |
1   + use core::fmt::Result;
    |
1   + use core::result::Result;
    |

error[E0531]: cannot find tuple struct or tuple variant `Ok` in this scope
   --> C:\Users\john\.cargo\registry\src\index.crates.io-1949cf8c6b5b557f\serde-1.0.219\src\lib.rs:298:13
    |
298 |             Ok(val) => val,
    |             ^^ not found in this scope
    |
   ::: C:\Users\john\.cargo\registry\src\index.crates.io-1949cf8c6b5b557f\serde-1.0.219\src\ser\impls.rs:742:25
    |
742 |         let mut state = tri!(serializer.serialize_struct("Duration", 2));
    |                         ------------------------------------------------ in this macro invocation
    |
    = note: this error originates in the macro `tri` (in Nightly builds, run with -Z macro-backtrace for more info)
help: consider importing this tuple variant
   --> C:\Users\john\.cargo\registry\src\index.crates.io-1949cf8c6b5b557f\serde-1.0.219\src\ser\impls.rs:1:1
    |
1   + use core::result::Result::Ok;
    |

error[E0531]: cannot find tuple struct or tuple variant `Err` in this scope
   --> C:\Users\john\.cargo\registry\src\index.crates.io-1949cf8c6b5b557f\serde-1.0.219\src\lib.rs:299:13
    |
299 |             Err(err) => return Err(err),
    |             ^^^ not found in this scope
    |
   ::: C:\Users\john\.cargo\registry\src\index.crates.io-1949cf8c6b5b557f\serde-1.0.219\src\ser\impls.rs:742:25
    |
742 |         let mut state = tri!(serializer.serialize_struct("Duration", 2));
    |                         ------------------------------------------------ in this macro invocation
    |
    = note: this error originates in the macro `tri` (in Nightly builds, run with -Z macro-backtrace for more info)
help: consider importing this tuple variant
   --> C:\Users\john\.cargo\registry\src\index.crates.io-1949cf8c6b5b557f\serde-1.0.219\src\ser\impls.rs:1:1
    |
1   + use core::result::Result::Err;
    |

error[E0425]: cannot find function, tuple struct or tuple variant `Err` in this scope
   --> C:\Users\john\.cargo\registry\src\index.crates.io-1949cf8c6b5b557f\serde-1.0.219\src\lib.rs:299:32
    |
299 |             Err(err) => return Err(err),
    |                                ^^^
    |
   ::: C:\Users\john\.cargo\registry\src\index.crates.io-1949cf8c6b5b557f\serde-1.0.219\src\ser\impls.rs:742:25
    |
742 |         let mut state = tri!(serializer.serialize_struct("Duration", 2));
    |                         ------------------------------------------------ in this macro invocation
    |
    = note: this error originates in the macro `tri` (in Nightly builds, run with -Z macro-backtrace for more info)
help: a local variable with a similar name exists
    |
299 -             Err(err) => return Err(err),
299 +             Err(err) => return err(err),
    |
help: consider importing this tuple variant
   --> C:\Users\john\.cargo\registry\src\index.crates.io-1949cf8c6b5b557f\serde-1.0.219\src\ser\impls.rs:1:1
    |
1   + use core::result::Result::Err;
    |

error[E0531]: cannot find tuple struct or tuple variant `Ok` in this scope
   --> C:\Users\john\.cargo\registry\src\index.crates.io-1949cf8c6b5b557f\serde-1.0.219\src\lib.rs:298:13
    |
298 |             Ok(val) => val,
    |             ^^ not found in this scope
    |
   ::: C:\Users\john\.cargo\registry\src\index.crates.io-1949cf8c6b5b557f\serde-1.0.219\src\ser\impls.rs:743:9
    |
743 |         tri!(state.serialize_field("secs", &self.as_secs()));
    |         ---------------------------------------------------- in this macro invocation
    |
    = note: this error originates in the macro `tri` (in Nightly builds, run with -Z macro-backtrace for more info)
help: consider importing this tuple variant
   --> C:\Users\john\.cargo\registry\src\index.crates.io-1949cf8c6b5b557f\serde-1.0.219\src\ser\impls.rs:1:1
    |
1   + use core::result::Result::Ok;
    |

error[E0531]: cannot find tuple struct or tuple variant `Err` in this scope
   --> C:\Users\john\.cargo\registry\src\index.crates.io-1949cf8c6b5b557f\serde-1.0.219\src\lib.rs:299:13
    |
299 |             Err(err) => return Err(err),
    |             ^^^ not found in this scope
    |
   ::: C:\Users\john\.cargo\registry\src\index.crates.io-1949cf8c6b5b557f\serde-1.0.219\src\ser\impls.rs:743:9
    |
743 |         tri!(state.serialize_field("secs", &self.as_secs()));
    |         ---------------------------------------------------- in this macro invocation
    |
    = note: this error originates in the macro `tri` (in Nightly builds, run with -Z macro-backtrace for more info)
help: consider importing this tuple variant
   --> C:\Users\john\.cargo\registry\src\index.crates.io-1949cf8c6b5b557f\serde-1.0.219\src\ser\impls.rs:1:1
    |
1   + use core::result::Result::Err;
    |

error[E0425]: cannot find function, tuple struct or tuple variant `Err` in this scope
   --> C:\Users\john\.cargo\registry\src\index.crates.io-1949cf8c6b5b557f\serde-1.0.219\src\lib.rs:299:32
    |
299 |             Err(err) => return Err(err),
    |                                ^^^
    |
   ::: C:\Users\john\.cargo\registry\src\index.crates.io-1949cf8c6b5b557f\serde-1.0.219\src\ser\impls.rs:743:9
    |
743 |         tri!(state.serialize_field("secs", &self.as_secs()));
    |         ---------------------------------------------------- in this macro invocation
    |
    = note: this error originates in the macro `tri` (in Nightly builds, run with -Z macro-backtrace for more info)
help: a local variable with a similar name exists
    |
299 -             Err(err) => return Err(err),
299 +             Err(err) => return err(err),
    |
help: consider importing this tuple variant
   --> C:\Users\john\.cargo\registry\src\index.crates.io-1949cf8c6b5b557f\serde-1.0.219\src\ser\impls.rs:1:1
    |
1   + use core::result::Result::Err;
    |

error[E0531]: cannot find tuple struct or tuple variant `Ok` in this scope
   --> C:\Users\john\.cargo\registry\src\index.crates.io-1949cf8c6b5b557f\serde-1.0.219\src\lib.rs:298:13
    |
298 |             Ok(val) => val,
    |             ^^ not found in this scope
    |
   ::: C:\Users\john\.cargo\registry\src\index.crates.io-1949cf8c6b5b557f\serde-1.0.219\src\ser\impls.rs:744:9
    |
744 |         tri!(state.serialize_field("nanos", &self.subsec_nanos()));
    |         ---------------------------------------------------------- in this macro invocation
    |
    = note: this error originates in the macro `tri` (in Nightly builds, run with -Z macro-backtrace for more info)
help: consider importing this tuple variant
   --> C:\Users\john\.cargo\registry\src\index.crates.io-1949cf8c6b5b557f\serde-1.0.219\src\ser\impls.rs:1:1
    |
1   + use core::result::Result::Ok;
    |

error[E0531]: cannot find tuple struct or tuple variant `Err` in this scope
   --> C:\Users\john\.cargo\registry\src\index.crates.io-1949cf8c6b5b557f\serde-1.0.219\src\lib.rs:299:13
    |
299 |             Err(err) => return Err(err),
    |             ^^^ not found in this scope
    |
   ::: C:\Users\john\.cargo\registry\src\index.crates.io-1949cf8c6b5b557f\serde-1.0.219\src\ser\impls.rs:744:9
    |
744 |         tri!(state.serialize_field("nanos", &self.subsec_nanos()));
    |         ---------------------------------------------------------- in this macro invocation
    |
    = note: this error originates in the macro `tri` (in Nightly builds, run with -Z macro-backtrace for more info)
help: consider importing this tuple variant
   --> C:\Users\john\.cargo\registry\src\index.crates.io-1949cf8c6b5b557f\serde-1.0.219\src\ser\impls.rs:1:1
    |
1   + use core::result::Result::Err;
    |

error[E0425]: cannot find function, tuple struct or tuple variant `Err` in this scope
   --> C:\Users\john\.cargo\registry\src\index.crates.io-1949cf8c6b5b557f\serde-1.0.219\src\lib.rs:299:32
    |
299 |             Err(err) => return Err(err),
    |                                ^^^
    |
   ::: C:\Users\john\.cargo\registry\src\index.crates.io-1949cf8c6b5b557f\serde-1.0.219\src\ser\impls.rs:744:9
    |
744 |         tri!(state.serialize_field("nanos", &self.subsec_nanos()));
    |         ---------------------------------------------------------- in this macro invocation
    |
    = note: this error originates in the macro `tri` (in Nightly builds, run with -Z macro-backtrace for more info)
help: a local variable with a similar name exists
    |
299 -             Err(err) => return Err(err),
299 +             Err(err) => return err(err),
    |
help: consider importing this tuple variant
   --> C:\Users\john\.cargo\registry\src\index.crates.io-1949cf8c6b5b557f\serde-1.0.219\src\ser\impls.rs:1:1
    |
1   + use core::result::Result::Err;
    |

error[E0412]: cannot find type `Result` in this scope
   --> C:\Users\john\.cargo\registry\src\index.crates.io-1949cf8c6b5b557f\serde-1.0.219\src\ser\impls.rs:754:46
    |
754 |     fn serialize<S>(&self, serializer: S) -> Result<S::Ok, S::Error>
    |                                              ^^^^^^ not found in this scope
    |
help: consider importing one of these items
    |
1   + use core::fmt::Result;
    |
1   + use core::result::Result;
    |

error[E0531]: cannot find tuple struct or tuple variant `Ok` in this scope
   --> C:\Users\john\.cargo\registry\src\index.crates.io-1949cf8c6b5b557f\serde-1.0.219\src\ser\impls.rs:760:13
    |
760 |             Ok(duration_since_epoch) => duration_since_epoch,
    |             ^^ not found in this scope
    |
help: consider importing this tuple variant
    |
1   + use core::result::Result::Ok;
    |

error[E0531]: cannot find tuple struct or tuple variant `Err` in this scope
   --> C:\Users\john\.cargo\registry\src\index.crates.io-1949cf8c6b5b557f\serde-1.0.219\src\ser\impls.rs:761:13
    |
761 |             Err(_) => return Err(S::Error::custom("SystemTime must be later than UNIX_EPOCH")),
    |             ^^^ not found in this scope
    |
help: consider importing this tuple variant
    |
1   + use core::result::Result::Err;
    |

error[E0425]: cannot find function, tuple struct or tuple variant `Err` in this scope
   --> C:\Users\john\.cargo\registry\src\index.crates.io-1949cf8c6b5b557f\serde-1.0.219\src\ser\impls.rs:761:30
    |
761 |             Err(_) => return Err(S::Error::custom("SystemTime must be later than UNIX_EPOCH")),
    |                              ^^^ not found in this scope
    |
help: consider importing this tuple variant
    |
1   + use core::result::Result::Err;
    |

error[E0531]: cannot find tuple struct or tuple variant `Ok` in this scope
   --> C:\Users\john\.cargo\registry\src\index.crates.io-1949cf8c6b5b557f\serde-1.0.219\src\lib.rs:298:13
    |
298 |             Ok(val) => val,
    |             ^^ not found in this scope
    |
   ::: C:\Users\john\.cargo\registry\src\index.crates.io-1949cf8c6b5b557f\serde-1.0.219\src\ser\impls.rs:763:25
    |
763 |         let mut state = tri!(serializer.serialize_struct("SystemTime", 2));
    |                         -------------------------------------------------- in this macro invocation
    |
    = note: this error originates in the macro `tri` (in Nightly builds, run with -Z macro-backtrace for more info)
help: consider importing this tuple variant
   --> C:\Users\john\.cargo\registry\src\index.crates.io-1949cf8c6b5b557f\serde-1.0.219\src\ser\impls.rs:1:1
    |
1   + use core::result::Result::Ok;
    |

error[E0531]: cannot find tuple struct or tuple variant `Err` in this scope
   --> C:\Users\john\.cargo\registry\src\index.crates.io-1949cf8c6b5b557f\serde-1.0.219\src\lib.rs:299:13
    |
299 |             Err(err) => return Err(err),
    |             ^^^ not found in this scope
    |
   ::: C:\Users\john\.cargo\registry\src\index.crates.io-1949cf8c6b5b557f\serde-1.0.219\src\ser\impls.rs:763:25
    |
763 |         let mut state = tri!(serializer.serialize_struct("SystemTime", 2));
    |                         -------------------------------------------------- in this macro invocation
    |
    = note: this error originates in the macro `tri` (in Nightly builds, run with -Z macro-backtrace for more info)
help: consider importing this tuple variant
   --> C:\Users\john\.cargo\registry\src\index.crates.io-1949cf8c6b5b557f\serde-1.0.219\src\ser\impls.rs:1:1
    |
1   + use core::result::Result::Err;
    |

error[E0425]: cannot find function, tuple struct or tuple variant `Err` in this scope
   --> C:\Users\john\.cargo\registry\src\index.crates.io-1949cf8c6b5b557f\serde-1.0.219\src\lib.rs:299:32
    |
299 |             Err(err) => return Err(err),
    |                                ^^^
    |
   ::: C:\Users\john\.cargo\registry\src\index.crates.io-1949cf8c6b5b557f\serde-1.0.219\src\ser\impls.rs:763:25
    |
763 |         let mut state = tri!(serializer.serialize_struct("SystemTime", 2));
    |                         -------------------------------------------------- in this macro invocation
    |
    = note: this error originates in the macro `tri` (in Nightly builds, run with -Z macro-backtrace for more info)
help: a local variable with a similar name exists
    |
299 -             Err(err) => return Err(err),
299 +             Err(err) => return err(err),
    |
help: consider importing this tuple variant
   --> C:\Users\john\.cargo\registry\src\index.crates.io-1949cf8c6b5b557f\serde-1.0.219\src\ser\impls.rs:1:1
    |
1   + use core::result::Result::Err;
    |

error[E0531]: cannot find tuple struct or tuple variant `Ok` in this scope
   --> C:\Users\john\.cargo\registry\src\index.crates.io-1949cf8c6b5b557f\serde-1.0.219\src\lib.rs:298:13
    |
298 |             Ok(val) => val,
    |             ^^ not found in this scope
    |
   ::: C:\Users\john\.cargo\registry\src\index.crates.io-1949cf8c6b5b557f\serde-1.0.219\src\ser\impls.rs:764:9
    |
764 |         tri!(state.serialize_field("secs_since_epoch", &duration_since_epoch.as_secs()));
    |         -------------------------------------------------------------------------------- in this macro invocation
    |
    = note: this error originates in the macro `tri` (in Nightly builds, run with -Z macro-backtrace for more info)
help: consider importing this tuple variant
   --> C:\Users\john\.cargo\registry\src\index.crates.io-1949cf8c6b5b557f\serde-1.0.219\src\ser\impls.rs:1:1
    |
1   + use core::result::Result::Ok;
    |

error[E0531]: cannot find tuple struct or tuple variant `Err` in this scope
   --> C:\Users\john\.cargo\registry\src\index.crates.io-1949cf8c6b5b557f\serde-1.0.219\src\lib.rs:299:13
    |
299 |             Err(err) => return Err(err),
    |             ^^^ not found in this scope
    |
   ::: C:\Users\john\.cargo\registry\src\index.crates.io-1949cf8c6b5b557f\serde-1.0.219\src\ser\impls.rs:764:9
    |
764 |         tri!(state.serialize_field("secs_since_epoch", &duration_since_epoch.as_secs()));
    |         -------------------------------------------------------------------------------- in this macro invocation
    |
    = note: this error originates in the macro `tri` (in Nightly builds, run with -Z macro-backtrace for more info)
help: consider importing this tuple variant
   --> C:\Users\john\.cargo\registry\src\index.crates.io-1949cf8c6b5b557f\serde-1.0.219\src\ser\impls.rs:1:1
    |
1   + use core::result::Result::Err;
    |

error[E0425]: cannot find function, tuple struct or tuple variant `Err` in this scope
   --> C:\Users\john\.cargo\registry\src\index.crates.io-1949cf8c6b5b557f\serde-1.0.219\src\lib.rs:299:32
    |
299 |             Err(err) => return Err(err),
    |                                ^^^
    |
   ::: C:\Users\john\.cargo\registry\src\index.crates.io-1949cf8c6b5b557f\serde-1.0.219\src\ser\impls.rs:764:9
    |
764 |         tri!(state.serialize_field("secs_since_epoch", &duration_since_epoch.as_secs()));
    |         -------------------------------------------------------------------------------- in this macro invocation
    |
    = note: this error originates in the macro `tri` (in Nightly builds, run with -Z macro-backtrace for more info)
help: a local variable with a similar name exists
    |
299 -             Err(err) => return Err(err),
299 +             Err(err) => return err(err),
    |
help: consider importing this tuple variant
   --> C:\Users\john\.cargo\registry\src\index.crates.io-1949cf8c6b5b557f\serde-1.0.219\src\ser\impls.rs:1:1
    |
1   + use core::result::Result::Err;
    |

error[E0531]: cannot find tuple struct or tuple variant `Ok` in this scope
   --> C:\Users\john\.cargo\registry\src\index.crates.io-1949cf8c6b5b557f\serde-1.0.219\src\lib.rs:298:13
    |
298 |             Ok(val) => val,
    |             ^^ not found in this scope
    |
   ::: C:\Users\john\.cargo\registry\src\index.crates.io-1949cf8c6b5b557f\serde-1.0.219\src\ser\impls.rs:765:9
    |
765 |         tri!(state.serialize_field("nanos_since_epoch", &duration_since_epoch.subsec_nanos()));
    |         -------------------------------------------------------------------------------------- in this macro invocation
    |
    = note: this error originates in the macro `tri` (in Nightly builds, run with -Z macro-backtrace for more info)
help: consider importing this tuple variant
   --> C:\Users\john\.cargo\registry\src\index.crates.io-1949cf8c6b5b557f\serde-1.0.219\src\ser\impls.rs:1:1
    |
1   + use core::result::Result::Ok;
    |

error[E0531]: cannot find tuple struct or tuple variant `Err` in this scope
   --> C:\Users\john\.cargo\registry\src\index.crates.io-1949cf8c6b5b557f\serde-1.0.219\src\lib.rs:299:13
    |
299 |             Err(err) => return Err(err),
    |             ^^^ not found in this scope
    |
   ::: C:\Users\john\.cargo\registry\src\index.crates.io-1949cf8c6b5b557f\serde-1.0.219\src\ser\impls.rs:765:9
    |
765 |         tri!(state.serialize_field("nanos_since_epoch", &duration_since_epoch.subsec_nanos()));
    |         -------------------------------------------------------------------------------------- in this macro invocation
    |
    = note: this error originates in the macro `tri` (in Nightly builds, run with -Z macro-backtrace for more info)
help: consider importing this tuple variant
   --> C:\Users\john\.cargo\registry\src\index.crates.io-1949cf8c6b5b557f\serde-1.0.219\src\ser\impls.rs:1:1
    |
1   + use core::result::Result::Err;
    |

error[E0425]: cannot find function, tuple struct or tuple variant `Err` in this scope
   --> C:\Users\john\.cargo\registry\src\index.crates.io-1949cf8c6b5b557f\serde-1.0.219\src\lib.rs:299:32
    |
299 |             Err(err) => return Err(err),
    |                                ^^^
    |
   ::: C:\Users\john\.cargo\registry\src\index.crates.io-1949cf8c6b5b557f\serde-1.0.219\src\ser\impls.rs:765:9
    |
765 |         tri!(state.serialize_field("nanos_since_epoch", &duration_since_epoch.subsec_nanos()));
    |         -------------------------------------------------------------------------------------- in this macro invocation
    |
    = note: this error originates in the macro `tri` (in Nightly builds, run with -Z macro-backtrace for more info)
help: a local variable with a similar name exists
    |
299 -             Err(err) => return Err(err),
299 +             Err(err) => return err(err),
    |
help: consider importing this tuple variant
   --> C:\Users\john\.cargo\registry\src\index.crates.io-1949cf8c6b5b557f\serde-1.0.219\src\ser\impls.rs:1:1
    |
1   + use core::result::Result::Err;
    |

error[E0412]: cannot find type `Result` in this scope
   --> C:\Users\john\.cargo\registry\src\index.crates.io-1949cf8c6b5b557f\serde-1.0.219\src\ser\impls.rs:788:46
    |
788 |     fn serialize<S>(&self, serializer: S) -> Result<S::Ok, S::Error>
    |                                              ^^^^^^ not found in this scope
    |
help: consider importing one of these items
    |
1   + use core::fmt::Result;
    |
1   + use core::result::Result;
    |

error[E0531]: cannot find tuple struct or tuple variant `Some` in this scope
   --> C:\Users\john\.cargo\registry\src\index.crates.io-1949cf8c6b5b557f\serde-1.0.219\src\ser\impls.rs:850:13
    |
850 |             Some(next) => i = next,
    |             ^^^^ not found in this scope
    |
note: tuple variant `crate::__private::ser::content::Content::Some` exists but is inaccessible
   --> C:\Users\john\.cargo\registry\src\index.crates.io-1949cf8c6b5b557f\serde-1.0.219\src\private\ser.rs:443:9
    |
443 |         Some(Box<Content>),
    |         ^^^^^^^^^^^^^^^^^^ not accessible
help: consider importing one of these tuple variants
    |
1   + use crate::__private::de::Content::Some;
    |
1   + use core::option::Option::Some;
    |

error[E0412]: cannot find type `Result` in this scope
   --> C:\Users\john\.cargo\registry\src\index.crates.io-1949cf8c6b5b557f\serde-1.0.219\src\ser\impls.rs:858:46
    |
858 |     fn serialize<S>(&self, serializer: S) -> Result<S::Ok, S::Error>
    |                                              ^^^^^^ not found in this scope
    |
help: consider importing one of these items
    |
1   + use core::fmt::Result;
    |
1   + use core::result::Result;
    |

error[E0412]: cannot find type `Result` in this scope
   --> C:\Users\john\.cargo\registry\src\index.crates.io-1949cf8c6b5b557f\serde-1.0.219\src\ser\impls.rs:882:46
    |
882 |     fn serialize<S>(&self, serializer: S) -> Result<S::Ok, S::Error>
    |                                              ^^^^^^ not found in this scope
    |
help: consider importing one of these items
    |
1   + use core::fmt::Result;
    |
1   + use core::result::Result;
    |

error[E0412]: cannot find type `Result` in this scope
   --> C:\Users\john\.cargo\registry\src\index.crates.io-1949cf8c6b5b557f\serde-1.0.219\src\ser\impls.rs:898:46
    |
898 |     fn serialize<S>(&self, serializer: S) -> Result<S::Ok, S::Error>
    |                                              ^^^^^^ not found in this scope
    |
help: consider importing one of these items
    |
1   + use core::fmt::Result;
    |
1   + use core::result::Result;
    |

error[E0412]: cannot find type `Result` in this scope
   --> C:\Users\john\.cargo\registry\src\index.crates.io-1949cf8c6b5b557f\serde-1.0.219\src\ser\impls.rs:922:46
    |
922 |     fn serialize<S>(&self, serializer: S) -> Result<S::Ok, S::Error>
    |                                              ^^^^^^ not found in this scope
    |
help: consider importing one of these items
    |
1   + use core::fmt::Result;
    |
1   + use core::result::Result;
    |

error[E0412]: cannot find type `Result` in this scope
   --> C:\Users\john\.cargo\registry\src\index.crates.io-1949cf8c6b5b557f\serde-1.0.219\src\ser\impls.rs:938:46
    |
938 |     fn serialize<S>(&self, serializer: S) -> Result<S::Ok, S::Error>
    |                                              ^^^^^^ not found in this scope
    |
help: consider importing one of these items
    |
1   + use core::fmt::Result;
    |
1   + use core::result::Result;
    |

error[E0412]: cannot find type `Result` in this scope
   --> C:\Users\john\.cargo\registry\src\index.crates.io-1949cf8c6b5b557f\serde-1.0.219\src\ser\impls.rs:960:46
    |
960 |     fn serialize<S>(&self, serializer: S) -> Result<S::Ok, S::Error>
    |                                              ^^^^^^ not found in this scope
    |
help: consider importing one of these items
    |
1   + use core::fmt::Result;
    |
1   + use core::result::Result;
    |

error[E0531]: cannot find tuple struct or tuple variant `Some` in this scope
   --> C:\Users\john\.cargo\registry\src\index.crates.io-1949cf8c6b5b557f\serde-1.0.219\src\ser\impls.rs:965:13
    |
965 |             Some(s) => s.serialize(serializer),
    |             ^^^^ not found in this scope
    |
note: tuple variant `crate::__private::ser::content::Content::Some` exists but is inaccessible
   --> C:\Users\john\.cargo\registry\src\index.crates.io-1949cf8c6b5b557f\serde-1.0.219\src\private\ser.rs:443:9
    |
443 |         Some(Box<Content>),
    |         ^^^^^^^^^^^^^^^^^^ not accessible
help: consider importing one of these tuple variants
    |
1   + use crate::__private::de::Content::Some;
    |
1   + use core::option::Option::Some;
    |

error[E0425]: cannot find function, tuple struct or tuple variant `Err` in this scope
   --> C:\Users\john\.cargo\registry\src\index.crates.io-1949cf8c6b5b557f\serde-1.0.219\src\ser\impls.rs:966:21
    |
966 |             None => Err(Error::custom("path contains invalid UTF-8 characters")),
    |                     ^^^ not found in this scope
    |
help: consider importing this tuple variant
    |
1   + use core::result::Result::Err;
    |

error[E0412]: cannot find type `Result` in this scope
   --> C:\Users\john\.cargo\registry\src\index.crates.io-1949cf8c6b5b557f\serde-1.0.219\src\ser\impls.rs:974:46
    |
974 |     fn serialize<S>(&self, serializer: S) -> Result<S::Ok, S::Error>
    |                                              ^^^^^^ not found in this scope
    |
help: consider importing one of these items
    |
1   + use core::fmt::Result;
    |
1   + use core::result::Result;
    |

error[E0412]: cannot find type `Result` in this scope
    --> C:\Users\john\.cargo\registry\src\index.crates.io-1949cf8c6b5b557f\serde-1.0.219\src\ser\impls.rs:1023:46
     |
1023 |     fn serialize<S>(&self, serializer: S) -> Result<S::Ok, S::Error>
     |                                              ^^^^^^ not found in this scope
     |
help: consider importing one of these items
     |
1    + use core::fmt::Result;
     |
1    + use core::result::Result;
     |

error[E0412]: cannot find type `Result` in this scope
    --> C:\Users\john\.cargo\registry\src\index.crates.io-1949cf8c6b5b557f\serde-1.0.219\src\ser\impls.rs:1037:46
     |
1037 |     fn serialize<S>(&self, serializer: S) -> Result<S::Ok, S::Error>
     |                                              ^^^^^^ not found in this scope
     |
help: consider importing one of these items
     |
1    + use core::fmt::Result;
     |
1    + use core::result::Result;
     |

error[E0412]: cannot find type `Result` in this scope
    --> C:\Users\john\.cargo\registry\src\index.crates.io-1949cf8c6b5b557f\serde-1.0.219\src\ser\impls.rs:1050:46
     |
1050 |     fn serialize<S>(&self, serializer: S) -> Result<S::Ok, S::Error>
     |                                              ^^^^^^ not found in this scope
     |
help: consider importing one of these items
     |
1    + use core::fmt::Result;
     |
1    + use core::result::Result;
     |

error[E0412]: cannot find type `Result` in this scope
    --> C:\Users\john\.cargo\registry\src\index.crates.io-1949cf8c6b5b557f\serde-1.0.219\src\ser\impls.rs:1067:58
     |
1067 |                   fn serialize<S>(&self, serializer: S) -> Result<S::Ok, S::Error>
     |                                                            ^^^^^^ not found in this scope
...
1080 | / atomic_impl! {
1081 | |     AtomicBool "8"
1082 | |     AtomicI8 "8"
1083 | |     AtomicI16 "16"
...    |
1089 | |     AtomicUsize "ptr"
1090 | | }
     | |_- in this macro invocation
     |
     = note: this error originates in the macro `atomic_impl` (in Nightly builds, run with -Z macro-backtrace for more info)
help: consider importing one of these items
     |
1    + use core::fmt::Result;
     |
1    + use core::result::Result;
     |

error[E0405]: cannot find trait `Sized` in this scope
  --> C:\Users\john\.cargo\registry\src\index.crates.io-1949cf8c6b5b557f\serde-1.0.219\src\ser\impossible.rs:77:13
   |
77 |         T: ?Sized + Serialize,
   |             ^^^^^ not found in this scope
   |
help: consider importing this trait
   |
3  + use core::marker::Sized;
   |

error[E0412]: cannot find type `Result` in this scope
  --> C:\Users\john\.cargo\registry\src\index.crates.io-1949cf8c6b5b557f\serde-1.0.219\src\ser\impossible.rs:75:54
   |
75 |     fn serialize_element<T>(&mut self, value: &T) -> Result<(), Error>
   |                                                      ^^^^^^ not found in this scope
   |
help: consider importing one of these items
   |
3  + use core::fmt::Result;
   |
3  + use core::result::Result;
   |

error[E0412]: cannot find type `Result` in this scope
  --> C:\Users\john\.cargo\registry\src\index.crates.io-1949cf8c6b5b557f\serde-1.0.219\src\ser\impossible.rs:83:21
   |
83 |     fn end(self) -> Result<Ok, Error> {
   |                     ^^^^^^ not found in this scope
   |
help: consider importing one of these items
   |
3  + use core::fmt::Result;
   |
3  + use core::result::Result;
   |

error[E0405]: cannot find trait `Sized` in this scope
  --> C:\Users\john\.cargo\registry\src\index.crates.io-1949cf8c6b5b557f\serde-1.0.219\src\ser\impossible.rs:97:13
   |
97 |         T: ?Sized + Serialize,
   |             ^^^^^ not found in this scope
   |
help: consider importing this trait
   |
3  + use core::marker::Sized;
   |

error[E0412]: cannot find type `Result` in this scope
  --> C:\Users\john\.cargo\registry\src\index.crates.io-1949cf8c6b5b557f\serde-1.0.219\src\ser\impossible.rs:95:54
   |
95 |     fn serialize_element<T>(&mut self, value: &T) -> Result<(), Error>
   |                                                      ^^^^^^ not found in this scope
   |
help: consider importing one of these items
   |
3  + use core::fmt::Result;
   |
3  + use core::result::Result;
   |

error[E0412]: cannot find type `Result` in this scope
   --> C:\Users\john\.cargo\registry\src\index.crates.io-1949cf8c6b5b557f\serde-1.0.219\src\ser\impossible.rs:103:21
    |
103 |     fn end(self) -> Result<Ok, Error> {
    |                     ^^^^^^ not found in this scope
    |
help: consider importing one of these items
    |
3   + use core::fmt::Result;
    |
3   + use core::result::Result;
    |

error[E0405]: cannot find trait `Sized` in this scope
   --> C:\Users\john\.cargo\registry\src\index.crates.io-1949cf8c6b5b557f\serde-1.0.219\src\ser\impossible.rs:117:13
    |
117 |         T: ?Sized + Serialize,
    |             ^^^^^ not found in this scope
    |
help: consider importing this trait
    |
3   + use core::marker::Sized;
    |

error[E0412]: cannot find type `Result` in this scope
   --> C:\Users\john\.cargo\registry\src\index.crates.io-1949cf8c6b5b557f\serde-1.0.219\src\ser\impossible.rs:115:52
    |
115 |     fn serialize_field<T>(&mut self, value: &T) -> Result<(), Error>
    |                                                    ^^^^^^ not found in this scope
    |
help: consider importing one of these items
    |
3   + use core::fmt::Result;
    |
3   + use core::result::Result;
    |

error[E0412]: cannot find type `Result` in this scope
   --> C:\Users\john\.cargo\registry\src\index.crates.io-1949cf8c6b5b557f\serde-1.0.219\src\ser\impossible.rs:123:21
    |
123 |     fn end(self) -> Result<Ok, Error> {
    |                     ^^^^^^ not found in this scope
    |
help: consider importing one of these items
    |
3   + use core::fmt::Result;
    |
3   + use core::result::Result;
    |

error[E0405]: cannot find trait `Sized` in this scope
   --> C:\Users\john\.cargo\registry\src\index.crates.io-1949cf8c6b5b557f\serde-1.0.219\src\ser\impossible.rs:137:13
    |
137 |         T: ?Sized + Serialize,
    |             ^^^^^ not found in this scope
    |
help: consider importing this trait
    |
3   + use core::marker::Sized;
    |

error[E0412]: cannot find type `Result` in this scope
   --> C:\Users\john\.cargo\registry\src\index.crates.io-1949cf8c6b5b557f\serde-1.0.219\src\ser\impossible.rs:135:52
    |
135 |     fn serialize_field<T>(&mut self, value: &T) -> Result<(), Error>
    |                                                    ^^^^^^ not found in this scope
    |
help: consider importing one of these items
    |
3   + use core::fmt::Result;
    |
3   + use core::result::Result;
    |

error[E0412]: cannot find type `Result` in this scope
   --> C:\Users\john\.cargo\registry\src\index.crates.io-1949cf8c6b5b557f\serde-1.0.219\src\ser\impossible.rs:143:21
    |
143 |     fn end(self) -> Result<Ok, Error> {
    |                     ^^^^^^ not found in this scope
    |
help: consider importing one of these items
    |
3   + use core::fmt::Result;
    |
3   + use core::result::Result;
    |

error[E0405]: cannot find trait `Sized` in this scope
   --> C:\Users\john\.cargo\registry\src\index.crates.io-1949cf8c6b5b557f\serde-1.0.219\src\ser\impossible.rs:157:13
    |
157 |         T: ?Sized + Serialize,
    |             ^^^^^ not found in this scope
    |
help: consider importing this trait
    |
3   + use core::marker::Sized;
    |

error[E0412]: cannot find type `Result` in this scope
   --> C:\Users\john\.cargo\registry\src\index.crates.io-1949cf8c6b5b557f\serde-1.0.219\src\ser\impossible.rs:155:48
    |
155 |     fn serialize_key<T>(&mut self, key: &T) -> Result<(), Error>
    |                                                ^^^^^^ not found in this scope
    |
help: consider importing one of these items
    |
3   + use core::fmt::Result;
    |
3   + use core::result::Result;
    |

error[E0405]: cannot find trait `Sized` in this scope
   --> C:\Users\john\.cargo\registry\src\index.crates.io-1949cf8c6b5b557f\serde-1.0.219\src\ser\impossible.rs:165:13
    |
165 |         T: ?Sized + Serialize,
    |             ^^^^^ not found in this scope
    |
help: consider importing this trait
    |
3   + use core::marker::Sized;
    |

error[E0412]: cannot find type `Result` in this scope
   --> C:\Users\john\.cargo\registry\src\index.crates.io-1949cf8c6b5b557f\serde-1.0.219\src\ser\impossible.rs:163:52
    |
163 |     fn serialize_value<T>(&mut self, value: &T) -> Result<(), Error>
    |                                                    ^^^^^^ not found in this scope
    |
help: consider importing one of these items
    |
3   + use core::fmt::Result;
    |
3   + use core::result::Result;
    |

error[E0412]: cannot find type `Result` in this scope
   --> C:\Users\john\.cargo\registry\src\index.crates.io-1949cf8c6b5b557f\serde-1.0.219\src\ser\impossible.rs:171:21
    |
171 |     fn end(self) -> Result<Ok, Error> {
    |                     ^^^^^^ not found in this scope
    |
help: consider importing one of these items
    |
3   + use core::fmt::Result;
    |
3   + use core::result::Result;
    |

error[E0405]: cannot find trait `Sized` in this scope
   --> C:\Users\john\.cargo\registry\src\index.crates.io-1949cf8c6b5b557f\serde-1.0.219\src\ser\impossible.rs:185:13
    |
185 |         T: ?Sized + Serialize,
    |             ^^^^^ not found in this scope
    |
help: consider importing this trait
    |
3   + use core::marker::Sized;
    |

error[E0412]: cannot find type `Result` in this scope
   --> C:\Users\john\.cargo\registry\src\index.crates.io-1949cf8c6b5b557f\serde-1.0.219\src\ser\impossible.rs:183:71
    |
183 |     fn serialize_field<T>(&mut self, key: &'static str, value: &T) -> Result<(), Error>
    |                                                                       ^^^^^^ not found in this scope
    |
help: consider importing one of these items
    |
3   + use core::fmt::Result;
    |
3   + use core::result::Result;
    |

error[E0412]: cannot find type `Result` in this scope
   --> C:\Users\john\.cargo\registry\src\index.crates.io-1949cf8c6b5b557f\serde-1.0.219\src\ser\impossible.rs:192:21
    |
192 |     fn end(self) -> Result<Ok, Error> {
    |                     ^^^^^^ not found in this scope
    |
help: consider importing one of these items
    |
3   + use core::fmt::Result;
    |
3   + use core::result::Result;
    |

error[E0405]: cannot find trait `Sized` in this scope
   --> C:\Users\john\.cargo\registry\src\index.crates.io-1949cf8c6b5b557f\serde-1.0.219\src\ser\impossible.rs:206:13
    |
206 |         T: ?Sized + Serialize,
    |             ^^^^^ not found in this scope
    |
help: consider importing this trait
    |
3   + use core::marker::Sized;
    |

error[E0412]: cannot find type `Result` in this scope
   --> C:\Users\john\.cargo\registry\src\index.crates.io-1949cf8c6b5b557f\serde-1.0.219\src\ser\impossible.rs:204:71
    |
204 |     fn serialize_field<T>(&mut self, key: &'static str, value: &T) -> Result<(), Error>
    |                                                                       ^^^^^^ not found in this scope
    |
help: consider importing one of these items
    |
3   + use core::fmt::Result;
    |
3   + use core::result::Result;
    |

error[E0412]: cannot find type `Result` in this scope
   --> C:\Users\john\.cargo\registry\src\index.crates.io-1949cf8c6b5b557f\serde-1.0.219\src\ser\impossible.rs:213:21
    |
213 |     fn end(self) -> Result<Ok, Error> {
    |                     ^^^^^^ not found in this scope
    |
help: consider importing one of these items
    |
3   + use core::fmt::Result;
    |
3   + use core::result::Result;
    |

error[E0405]: cannot find trait `Sized` in this scope
   --> C:\Users\john\.cargo\registry\src\index.crates.io-1949cf8c6b5b557f\serde-1.0.219\src\ser\mod.rs:142:26
    |
142 |         pub trait Error: Sized $(+ $($supertrait)::+)* {
    |                          ^^^^^ not found in this scope
...
186 | declare_error_trait!(Error: Sized + StdError);
    | --------------------------------------------- in this macro invocation
    |
    = note: this error originates in the macro `declare_error_trait` (in Nightly builds, run with -Z macro-backtrace for more info)
help: consider importing this trait
    |
110 + use core::marker::Sized;
    |

error[E0412]: cannot find type `Result` in this scope
   --> C:\Users\john\.cargo\registry\src\index.crates.io-1949cf8c6b5b557f\serde-1.0.219\src\ser\mod.rs:256:46
    |
256 |     fn serialize<S>(&self, serializer: S) -> Result<S::Ok, S::Error>
    |                                              ^^^^^^ not found in this scope
    |
help: consider importing one of these items
    |
110 + use core::fmt::Result;
    |
110 + use core::result::Result;
    |

error[E0405]: cannot find trait `Sized` in this scope
   --> C:\Users\john\.cargo\registry\src\index.crates.io-1949cf8c6b5b557f\serde-1.0.219\src\ser\mod.rs:340:23
    |
340 | pub trait Serializer: Sized {
    |                       ^^^^^ not found in this scope
    |
help: consider importing this trait
    |
110 + use core::marker::Sized;
    |

error[E0412]: cannot find type `Result` in this scope
   --> C:\Users\john\.cargo\registry\src\index.crates.io-1949cf8c6b5b557f\serde-1.0.219\src\ser\mod.rs:412:41
    |
412 |     fn serialize_bool(self, v: bool) -> Result<Self::Ok, Self::Error>;
    |                                         ^^^^^^ not found in this scope
    |
help: consider importing one of these items
    |
110 + use core::fmt::Result;
    |
110 + use core::result::Result;
    |

error[E0412]: cannot find type `Result` in this scope
   --> C:\Users\john\.cargo\registry\src\index.crates.io-1949cf8c6b5b557f\serde-1.0.219\src\ser\mod.rs:434:37
    |
434 |     fn serialize_i8(self, v: i8) -> Result<Self::Ok, Self::Error>;
    |                                     ^^^^^^ not found in this scope
    |
help: consider importing one of these items
    |
110 + use core::fmt::Result;
    |
110 + use core::result::Result;
    |

error[E0412]: cannot find type `Result` in this scope
   --> C:\Users\john\.cargo\registry\src\index.crates.io-1949cf8c6b5b557f\serde-1.0.219\src\ser\mod.rs:456:39
    |
456 |     fn serialize_i16(self, v: i16) -> Result<Self::Ok, Self::Error>;
    |                                       ^^^^^^ not found in this scope
    |
help: consider importing one of these items
    |
110 + use core::fmt::Result;
    |
110 + use core::result::Result;
    |

error[E0412]: cannot find type `Result` in this scope
   --> C:\Users\john\.cargo\registry\src\index.crates.io-1949cf8c6b5b557f\serde-1.0.219\src\ser\mod.rs:478:39
    |
478 |     fn serialize_i32(self, v: i32) -> Result<Self::Ok, Self::Error>;
    |                                       ^^^^^^ not found in this scope
    |
help: consider importing one of these items
    |
110 + use core::fmt::Result;
    |
110 + use core::result::Result;
    |

error[E0412]: cannot find type `Result` in this scope
   --> C:\Users\john\.cargo\registry\src\index.crates.io-1949cf8c6b5b557f\serde-1.0.219\src\ser\mod.rs:496:39
    |
496 |     fn serialize_i64(self, v: i64) -> Result<Self::Ok, Self::Error>;
    |                                       ^^^^^^ not found in this scope
    |
help: consider importing one of these items
    |
110 + use core::fmt::Result;
    |
110 + use core::result::Result;
    |

error[E0412]: cannot find type `Result` in this scope
   --> C:\Users\john\.cargo\registry\src\index.crates.io-1949cf8c6b5b557f\serde-1.0.219\src\ser\mod.rs:516:41
    |
516 |     fn serialize_i128(self, v: i128) -> Result<Self::Ok, Self::Error> {
    |                                         ^^^^^^ not found in this scope
    |
help: consider importing one of these items
    |
110 + use core::fmt::Result;
    |
110 + use core::result::Result;
    |

error[E0425]: cannot find function, tuple struct or tuple variant `Err` in this scope
   --> C:\Users\john\.cargo\registry\src\index.crates.io-1949cf8c6b5b557f\serde-1.0.219\src\ser\mod.rs:518:9
    |
518 |         Err(Error::custom("i128 is not supported"))
    |         ^^^ not found in this scope
    |
help: consider importing this tuple variant
    |
110 + use core::result::Result::Err;
    |

error[E0412]: cannot find type `Result` in this scope
   --> C:\Users\john\.cargo\registry\src\index.crates.io-1949cf8c6b5b557f\serde-1.0.219\src\ser\mod.rs:541:37
    |
541 |     fn serialize_u8(self, v: u8) -> Result<Self::Ok, Self::Error>;
    |                                     ^^^^^^ not found in this scope
    |
help: consider importing one of these items
    |
110 + use core::fmt::Result;
    |
110 + use core::result::Result;
    |

error[E0412]: cannot find type `Result` in this scope
   --> C:\Users\john\.cargo\registry\src\index.crates.io-1949cf8c6b5b557f\serde-1.0.219\src\ser\mod.rs:563:39
    |
563 |     fn serialize_u16(self, v: u16) -> Result<Self::Ok, Self::Error>;
    |                                       ^^^^^^ not found in this scope
    |
help: consider importing one of these items
    |
110 + use core::fmt::Result;
    |
110 + use core::result::Result;
    |

error[E0412]: cannot find type `Result` in this scope
   --> C:\Users\john\.cargo\registry\src\index.crates.io-1949cf8c6b5b557f\serde-1.0.219\src\ser\mod.rs:585:39
    |
585 |     fn serialize_u32(self, v: u32) -> Result<Self::Ok, Self::Error>;
    |                                       ^^^^^^ not found in this scope
    |
help: consider importing one of these items
    |
110 + use core::fmt::Result;
    |
110 + use core::result::Result;
    |

error[E0412]: cannot find type `Result` in this scope
   --> C:\Users\john\.cargo\registry\src\index.crates.io-1949cf8c6b5b557f\serde-1.0.219\src\ser\mod.rs:603:39
    |
603 |     fn serialize_u64(self, v: u64) -> Result<Self::Ok, Self::Error>;
    |                                       ^^^^^^ not found in this scope
    |
help: consider importing one of these items
    |
110 + use core::fmt::Result;
    |
110 + use core::result::Result;
    |

error[E0412]: cannot find type `Result` in this scope
   --> C:\Users\john\.cargo\registry\src\index.crates.io-1949cf8c6b5b557f\serde-1.0.219\src\ser\mod.rs:623:41
    |
623 |     fn serialize_u128(self, v: u128) -> Result<Self::Ok, Self::Error> {
    |                                         ^^^^^^ not found in this scope
    |
help: consider importing one of these items
    |
110 + use core::fmt::Result;
    |
110 + use core::result::Result;
    |

error[E0425]: cannot find function, tuple struct or tuple variant `Err` in this scope
   --> C:\Users\john\.cargo\registry\src\index.crates.io-1949cf8c6b5b557f\serde-1.0.219\src\ser\mod.rs:625:9
    |
625 |         Err(Error::custom("u128 is not supported"))
    |         ^^^ not found in this scope
    |
help: consider importing this tuple variant
    |
110 + use core::result::Result::Err;
    |

error[E0412]: cannot find type `Result` in this scope
   --> C:\Users\john\.cargo\registry\src\index.crates.io-1949cf8c6b5b557f\serde-1.0.219\src\ser\mod.rs:648:39
    |
648 |     fn serialize_f32(self, v: f32) -> Result<Self::Ok, Self::Error>;
    |                                       ^^^^^^ not found in this scope
    |
help: consider importing one of these items
    |
110 + use core::fmt::Result;
    |
110 + use core::result::Result;
    |

error[E0412]: cannot find type `Result` in this scope
   --> C:\Users\john\.cargo\registry\src\index.crates.io-1949cf8c6b5b557f\serde-1.0.219\src\ser\mod.rs:666:39
    |
666 |     fn serialize_f64(self, v: f64) -> Result<Self::Ok, Self::Error>;
    |                                       ^^^^^^ not found in this scope
    |
help: consider importing one of these items
    |
110 + use core::fmt::Result;
    |
110 + use core::result::Result;
    |

error[E0412]: cannot find type `Result` in this scope
   --> C:\Users\john\.cargo\registry\src\index.crates.io-1949cf8c6b5b557f\serde-1.0.219\src\ser\mod.rs:687:41
    |
687 |     fn serialize_char(self, v: char) -> Result<Self::Ok, Self::Error>;
    |                                         ^^^^^^ not found in this scope
    |
help: consider importing one of these items
    |
110 + use core::fmt::Result;
    |
110 + use core::result::Result;
    |

error[E0412]: cannot find type `Result` in this scope
   --> C:\Users\john\.cargo\registry\src\index.crates.io-1949cf8c6b5b557f\serde-1.0.219\src\ser\mod.rs:705:40
    |
705 |     fn serialize_str(self, v: &str) -> Result<Self::Ok, Self::Error>;
    |                                        ^^^^^^ not found in this scope
    |
help: consider importing one of these items
    |
110 + use core::fmt::Result;
    |
110 + use core::result::Result;
    |

error[E0412]: cannot find type `Result` in this scope
   --> C:\Users\john\.cargo\registry\src\index.crates.io-1949cf8c6b5b557f\serde-1.0.219\src\ser\mod.rs:740:43
    |
740 |     fn serialize_bytes(self, v: &[u8]) -> Result<Self::Ok, Self::Error>;
    |                                           ^^^^^^ not found in this scope
    |
help: consider importing one of these items
    |
110 + use core::fmt::Result;
    |
110 + use core::result::Result;
    |

error[E0412]: cannot find type `Result` in this scope
   --> C:\Users\john\.cargo\registry\src\index.crates.io-1949cf8c6b5b557f\serde-1.0.219\src\ser\mod.rs:773:32
    |
773 |     fn serialize_none(self) -> Result<Self::Ok, Self::Error>;
    |                                ^^^^^^ not found in this scope
    |
help: consider importing one of these items
    |
110 + use core::fmt::Result;
    |
110 + use core::result::Result;
    |

error[E0405]: cannot find trait `Sized` in this scope
   --> C:\Users\john\.cargo\registry\src\index.crates.io-1949cf8c6b5b557f\serde-1.0.219\src\ser\mod.rs:808:13
    |
808 |         T: ?Sized + Serialize;
    |             ^^^^^ not found in this scope
    |
help: consider importing this trait
    |
110 + use core::marker::Sized;
    |

error[E0412]: cannot find type `Result` in this scope
   --> C:\Users\john\.cargo\registry\src\index.crates.io-1949cf8c6b5b557f\serde-1.0.219\src\ser\mod.rs:806:46
    |
806 |     fn serialize_some<T>(self, value: &T) -> Result<Self::Ok, Self::Error>
    |                                              ^^^^^^ not found in this scope
    |
help: consider importing one of these items
    |
110 + use core::fmt::Result;
    |
110 + use core::result::Result;
    |

error[E0412]: cannot find type `Result` in this scope
   --> C:\Users\john\.cargo\registry\src\index.crates.io-1949cf8c6b5b557f\serde-1.0.219\src\ser\mod.rs:826:32
    |
826 |     fn serialize_unit(self) -> Result<Self::Ok, Self::Error>;
    |                                ^^^^^^ not found in this scope
    |
help: consider importing one of these items
    |
110 + use core::fmt::Result;
    |
110 + use core::result::Result;
    |

error[E0412]: cannot find type `Result` in this scope
   --> C:\Users\john\.cargo\registry\src\index.crates.io-1949cf8c6b5b557f\serde-1.0.219\src\ser\mod.rs:846:59
    |
846 |     fn serialize_unit_struct(self, name: &'static str) -> Result<Self::Ok, Self::Error>;
    |                                                           ^^^^^^ not found in this scope
    |
help: consider importing one of these items
    |
110 + use core::fmt::Result;
    |
110 + use core::result::Result;
    |

error[E0412]: cannot find type `Result` in this scope
   --> C:\Users\john\.cargo\registry\src\index.crates.io-1949cf8c6b5b557f\serde-1.0.219\src\ser\mod.rs:879:10
    |
879 |     ) -> Result<Self::Ok, Self::Error>;
    |          ^^^^^^ not found in this scope
    |
help: consider importing one of these items
    |
110 + use core::fmt::Result;
    |
110 + use core::result::Result;
    |

error[E0405]: cannot find trait `Sized` in this scope
   --> C:\Users\john\.cargo\registry\src\index.crates.io-1949cf8c6b5b557f\serde-1.0.219\src\ser\mod.rs:907:13
    |
907 |         T: ?Sized + Serialize;
    |             ^^^^^ not found in this scope
    |
help: consider importing this trait
    |
110 + use core::marker::Sized;
    |

error[E0412]: cannot find type `Result` in this scope
   --> C:\Users\john\.cargo\registry\src\index.crates.io-1949cf8c6b5b557f\serde-1.0.219\src\ser\mod.rs:905:10
    |
905 |     ) -> Result<Self::Ok, Self::Error>
    |          ^^^^^^ not found in this scope
    |
help: consider importing one of these items
    |
110 + use core::fmt::Result;
    |
110 + use core::result::Result;
    |

error[E0405]: cannot find trait `Sized` in this scope
   --> C:\Users\john\.cargo\registry\src\index.crates.io-1949cf8c6b5b557f\serde-1.0.219\src\ser\mod.rs:943:13
    |
943 |         T: ?Sized + Serialize;
    |             ^^^^^ not found in this scope
    |
help: consider importing this trait
    |
110 + use core::marker::Sized;
    |

error[E0412]: cannot find type `Result` in this scope
   --> C:\Users\john\.cargo\registry\src\index.crates.io-1949cf8c6b5b557f\serde-1.0.219\src\ser\mod.rs:941:10
    |
941 |     ) -> Result<Self::Ok, Self::Error>
    |          ^^^^^^ not found in this scope
    |
help: consider importing one of these items
    |
110 + use core::fmt::Result;
    |
110 + use core::result::Result;
    |

error[E0412]: cannot find type `Option` in this scope
   --> C:\Users\john\.cargo\registry\src\index.crates.io-1949cf8c6b5b557f\serde-1.0.219\src\ser\mod.rs:991:33
    |
991 |     fn serialize_seq(self, len: Option<usize>) -> Result<Self::SerializeSeq, Self::Error>;
    |                                 ^^^^^^ not found in this scope
    |
help: consider importing this enum
    |
110 + use core::option::Option;
    |

error[E0412]: cannot find type `Result` in this scope
   --> C:\Users\john\.cargo\registry\src\index.crates.io-1949cf8c6b5b557f\serde-1.0.219\src\ser\mod.rs:991:51
    |
991 |     fn serialize_seq(self, len: Option<usize>) -> Result<Self::SerializeSeq, Self::Error>;
    |                                                   ^^^^^^ not found in this scope
    |
help: consider importing one of these items
    |
110 + use core::fmt::Result;
    |
110 + use core::result::Result;
    |

error[E0412]: cannot find type `Result` in this scope
    --> C:\Users\john\.cargo\registry\src\index.crates.io-1949cf8c6b5b557f\serde-1.0.219\src\ser\mod.rs:1047:45
     |
1047 |     fn serialize_tuple(self, len: usize) -> Result<Self::SerializeTuple, Self::Error>;
     |                                             ^^^^^^ not found in this scope
     |
help: consider importing one of these items
     |
110  + use core::fmt::Result;
     |
110  + use core::result::Result;
     |

error[E0412]: cannot find type `Result` in this scope
    --> C:\Users\john\.cargo\registry\src\index.crates.io-1949cf8c6b5b557f\serde-1.0.219\src\ser\mod.rs:1078:10
     |
1078 |     ) -> Result<Self::SerializeTupleStruct, Self::Error>;
     |          ^^^^^^ not found in this scope
     |
help: consider importing one of these items
     |
110  + use core::fmt::Result;
     |
110  + use core::result::Result;
     |

error[E0412]: cannot find type `Result` in this scope
    --> C:\Users\john\.cargo\registry\src\index.crates.io-1949cf8c6b5b557f\serde-1.0.219\src\ser\mod.rs:1125:10
     |
1125 |     ) -> Result<Self::SerializeTupleVariant, Self::Error>;
     |          ^^^^^^ not found in this scope
     |
help: consider importing one of these items
     |
110  + use core::fmt::Result;
     |
110  + use core::result::Result;
     |

error[E0412]: cannot find type `Option` in this scope
    --> C:\Users\john\.cargo\registry\src\index.crates.io-1949cf8c6b5b557f\serde-1.0.219\src\ser\mod.rs:1173:33
     |
1173 |     fn serialize_map(self, len: Option<usize>) -> Result<Self::SerializeMap, Self::Error>;
     |                                 ^^^^^^ not found in this scope
     |
help: consider importing this enum
     |
110  + use core::option::Option;
     |

error[E0412]: cannot find type `Result` in this scope
    --> C:\Users\john\.cargo\registry\src\index.crates.io-1949cf8c6b5b557f\serde-1.0.219\src\ser\mod.rs:1173:51
     |
1173 |     fn serialize_map(self, len: Option<usize>) -> Result<Self::SerializeMap, Self::Error>;
     |                                                   ^^^^^^ not found in this scope
     |
help: consider importing one of these items
     |
110  + use core::fmt::Result;
     |
110  + use core::result::Result;
     |

error[E0412]: cannot find type `Result` in this scope
    --> C:\Users\john\.cargo\registry\src\index.crates.io-1949cf8c6b5b557f\serde-1.0.219\src\ser\mod.rs:1209:10
     |
1209 |     ) -> Result<Self::SerializeStruct, Self::Error>;
     |          ^^^^^^ not found in this scope
     |
help: consider importing one of these items
     |
110  + use core::fmt::Result;
     |
110  + use core::result::Result;
     |

error[E0412]: cannot find type `Result` in this scope
    --> C:\Users\john\.cargo\registry\src\index.crates.io-1949cf8c6b5b557f\serde-1.0.219\src\ser\mod.rs:1255:10
     |
1255 |     ) -> Result<Self::SerializeStructVariant, Self::Error>;
     |          ^^^^^^ not found in this scope
     |
help: consider importing one of these items
     |
110  + use core::fmt::Result;
     |
110  + use core::result::Result;
     |

error[E0405]: cannot find trait `IntoIterator` in this scope
    --> C:\Users\john\.cargo\registry\src\index.crates.io-1949cf8c6b5b557f\serde-1.0.219\src\ser\mod.rs:1283:12
     |
1283 |         I: IntoIterator,
     |            ^^^^^^^^^^^^ not found in this scope
     |
help: consider importing this trait
     |
110  + use core::iter::IntoIterator;
     |

error[E0405]: cannot find trait `IntoIterator` in this scope
    --> C:\Users\john\.cargo\registry\src\index.crates.io-1949cf8c6b5b557f\serde-1.0.219\src\ser\mod.rs:1284:15
     |
1284 |         <I as IntoIterator>::Item: Serialize,
     |               ^^^^^^^^^^^^ not found in this scope
     |
help: consider importing this trait
     |
110  + use core::iter::IntoIterator;
     |

error[E0412]: cannot find type `Result` in this scope
    --> C:\Users\john\.cargo\registry\src\index.crates.io-1949cf8c6b5b557f\serde-1.0.219\src\ser\mod.rs:1281:41
     |
1281 |     fn collect_seq<I>(self, iter: I) -> Result<Self::Ok, Self::Error>
     |                                         ^^^^^^ not found in this scope
     |
help: consider importing one of these items
     |
110  + use core::fmt::Result;
     |
110  + use core::result::Result;
     |

error[E0531]: cannot find tuple struct or tuple variant `Ok` in this scope
    --> C:\Users\john\.cargo\registry\src\index.crates.io-1949cf8c6b5b557f\serde-1.0.219\src\lib.rs:298:13
     |
298  |             Ok(val) => val,
     |             ^^ not found in this scope
     |
    ::: C:\Users\john\.cargo\registry\src\index.crates.io-1949cf8c6b5b557f\serde-1.0.219\src\ser\mod.rs:1287:30
     |
1287 |         let mut serializer = tri!(self.serialize_seq(iterator_len_hint(&iter)));
     |                              -------------------------------------------------- in this macro invocation
     |
     = note: this error originates in the macro `tri` (in Nightly builds, run with -Z macro-backtrace for more info)
help: consider importing this tuple variant
    -->  C:\Users\john\.cargo\registry\src\index.crates.io-1949cf8c6b5b557f\serde-1.0.219\src\ser\mod.rs:110:1
     |
110  + use core::result::Result::Ok;
     |

error[E0531]: cannot find tuple struct or tuple variant `Err` in this scope
    --> C:\Users\john\.cargo\registry\src\index.crates.io-1949cf8c6b5b557f\serde-1.0.219\src\lib.rs:299:13
     |
299  |             Err(err) => return Err(err),
     |             ^^^ not found in this scope
     |
    ::: C:\Users\john\.cargo\registry\src\index.crates.io-1949cf8c6b5b557f\serde-1.0.219\src\ser\mod.rs:1287:30
     |
1287 |         let mut serializer = tri!(self.serialize_seq(iterator_len_hint(&iter)));
     |                              -------------------------------------------------- in this macro invocation
     |
     = note: this error originates in the macro `tri` (in Nightly builds, run with -Z macro-backtrace for more info)
help: consider importing this tuple variant
    -->  C:\Users\john\.cargo\registry\src\index.crates.io-1949cf8c6b5b557f\serde-1.0.219\src\ser\mod.rs:110:1
     |
110  + use core::result::Result::Err;
     |

error[E0425]: cannot find function, tuple struct or tuple variant `Err` in this scope
    --> C:\Users\john\.cargo\registry\src\index.crates.io-1949cf8c6b5b557f\serde-1.0.219\src\lib.rs:299:32
     |
299  |             Err(err) => return Err(err),
     |                                ^^^
     |
    ::: C:\Users\john\.cargo\registry\src\index.crates.io-1949cf8c6b5b557f\serde-1.0.219\src\ser\mod.rs:1287:30
     |
1287 |         let mut serializer = tri!(self.serialize_seq(iterator_len_hint(&iter)));
     |                              -------------------------------------------------- in this macro invocation
     |
     = note: this error originates in the macro `tri` (in Nightly builds, run with -Z macro-backtrace for more info)
help: a local variable with a similar name exists
     |
299  -             Err(err) => return Err(err),
299  +             Err(err) => return err(err),
     |
help: consider importing this tuple variant
    -->  C:\Users\john\.cargo\registry\src\index.crates.io-1949cf8c6b5b557f\serde-1.0.219\src\ser\mod.rs:110:1
     |
110  + use core::result::Result::Err;
     |

error[E0531]: cannot find tuple struct or tuple variant `Ok` in this scope
    --> C:\Users\john\.cargo\registry\src\index.crates.io-1949cf8c6b5b557f\serde-1.0.219\src\lib.rs:298:13
     |
298  |             Ok(val) => val,
     |             ^^ not found in this scope
     |
    ::: C:\Users\john\.cargo\registry\src\index.crates.io-1949cf8c6b5b557f\serde-1.0.219\src\ser\mod.rs:1288:9
     |
1288 |         tri!(iter.try_for_each(|item| serializer.serialize_element(&item)));
     |         ------------------------------------------------------------------- in this macro invocation
     |
     = note: this error originates in the macro `tri` (in Nightly builds, run with -Z macro-backtrace for more info)
help: consider importing this tuple variant
    -->  C:\Users\john\.cargo\registry\src\index.crates.io-1949cf8c6b5b557f\serde-1.0.219\src\ser\mod.rs:110:1
     |
110  + use core::result::Result::Ok;
     |

error[E0531]: cannot find tuple struct or tuple variant `Err` in this scope
    --> C:\Users\john\.cargo\registry\src\index.crates.io-1949cf8c6b5b557f\serde-1.0.219\src\lib.rs:299:13
     |
299  |             Err(err) => return Err(err),
     |             ^^^ not found in this scope
     |
    ::: C:\Users\john\.cargo\registry\src\index.crates.io-1949cf8c6b5b557f\serde-1.0.219\src\ser\mod.rs:1288:9
     |
1288 |         tri!(iter.try_for_each(|item| serializer.serialize_element(&item)));
     |         ------------------------------------------------------------------- in this macro invocation
     |
     = note: this error originates in the macro `tri` (in Nightly builds, run with -Z macro-backtrace for more info)
help: consider importing this tuple variant
    -->  C:\Users\john\.cargo\registry\src\index.crates.io-1949cf8c6b5b557f\serde-1.0.219\src\ser\mod.rs:110:1
     |
110  + use core::result::Result::Err;
     |

error[E0425]: cannot find function, tuple struct or tuple variant `Err` in this scope
    --> C:\Users\john\.cargo\registry\src\index.crates.io-1949cf8c6b5b557f\serde-1.0.219\src\lib.rs:299:32
     |
299  |             Err(err) => return Err(err),
     |                                ^^^
     |
    ::: C:\Users\john\.cargo\registry\src\index.crates.io-1949cf8c6b5b557f\serde-1.0.219\src\ser\mod.rs:1288:9
     |
1288 |         tri!(iter.try_for_each(|item| serializer.serialize_element(&item)));
     |         ------------------------------------------------------------------- in this macro invocation
     |
     = note: this error originates in the macro `tri` (in Nightly builds, run with -Z macro-backtrace for more info)
help: a local variable with a similar name exists
     |
299  -             Err(err) => return Err(err),
299  +             Err(err) => return err(err),
     |
help: consider importing this tuple variant
    -->  C:\Users\john\.cargo\registry\src\index.crates.io-1949cf8c6b5b557f\serde-1.0.219\src\ser\mod.rs:110:1
     |
110  + use core::result::Result::Err;
     |

error[E0405]: cannot find trait `IntoIterator` in this scope
    --> C:\Users\john\.cargo\registry\src\index.crates.io-1949cf8c6b5b557f\serde-1.0.219\src\ser\mod.rs:1322:12
     |
1322 |         I: IntoIterator<Item = (K, V)>,
     |            ^^^^^^^^^^^^ not found in this scope
     |
help: consider importing this trait
     |
110  + use core::iter::IntoIterator;
     |

error[E0412]: cannot find type `Result` in this scope
    --> C:\Users\john\.cargo\registry\src\index.crates.io-1949cf8c6b5b557f\serde-1.0.219\src\ser\mod.rs:1318:47
     |
1318 |     fn collect_map<K, V, I>(self, iter: I) -> Result<Self::Ok, Self::Error>
     |                                               ^^^^^^ not found in this scope
     |
help: consider importing one of these items
     |
110  + use core::fmt::Result;
     |
110  + use core::result::Result;
     |

error[E0531]: cannot find tuple struct or tuple variant `Ok` in this scope
    --> C:\Users\john\.cargo\registry\src\index.crates.io-1949cf8c6b5b557f\serde-1.0.219\src\lib.rs:298:13
     |
298  |             Ok(val) => val,
     |             ^^ not found in this scope
     |
    ::: C:\Users\john\.cargo\registry\src\index.crates.io-1949cf8c6b5b557f\serde-1.0.219\src\ser\mod.rs:1325:30
     |
1325 |         let mut serializer = tri!(self.serialize_map(iterator_len_hint(&iter)));
     |                              -------------------------------------------------- in this macro invocation
     |
     = note: this error originates in the macro `tri` (in Nightly builds, run with -Z macro-backtrace for more info)
help: consider importing this tuple variant
    -->  C:\Users\john\.cargo\registry\src\index.crates.io-1949cf8c6b5b557f\serde-1.0.219\src\ser\mod.rs:110:1
     |
110  + use core::result::Result::Ok;
     |

error[E0531]: cannot find tuple struct or tuple variant `Err` in this scope
    --> C:\Users\john\.cargo\registry\src\index.crates.io-1949cf8c6b5b557f\serde-1.0.219\src\lib.rs:299:13
     |
299  |             Err(err) => return Err(err),
     |             ^^^ not found in this scope
     |
    ::: C:\Users\john\.cargo\registry\src\index.crates.io-1949cf8c6b5b557f\serde-1.0.219\src\ser\mod.rs:1325:30
     |
1325 |         let mut serializer = tri!(self.serialize_map(iterator_len_hint(&iter)));
     |                              -------------------------------------------------- in this macro invocation
     |
     = note: this error originates in the macro `tri` (in Nightly builds, run with -Z macro-backtrace for more info)
help: consider importing this tuple variant
    -->  C:\Users\john\.cargo\registry\src\index.crates.io-1949cf8c6b5b557f\serde-1.0.219\src\ser\mod.rs:110:1
     |
110  + use core::result::Result::Err;
     |

error[E0425]: cannot find function, tuple struct or tuple variant `Err` in this scope
    --> C:\Users\john\.cargo\registry\src\index.crates.io-1949cf8c6b5b557f\serde-1.0.219\src\lib.rs:299:32
     |
299  |             Err(err) => return Err(err),
     |                                ^^^
     |
    ::: C:\Users\john\.cargo\registry\src\index.crates.io-1949cf8c6b5b557f\serde-1.0.219\src\ser\mod.rs:1325:30
     |
1325 |         let mut serializer = tri!(self.serialize_map(iterator_len_hint(&iter)));
     |                              -------------------------------------------------- in this macro invocation
     |
     = note: this error originates in the macro `tri` (in Nightly builds, run with -Z macro-backtrace for more info)
help: a local variable with a similar name exists
     |
299  -             Err(err) => return Err(err),
299  +             Err(err) => return err(err),
     |
help: consider importing this tuple variant
    -->  C:\Users\john\.cargo\registry\src\index.crates.io-1949cf8c6b5b557f\serde-1.0.219\src\ser\mod.rs:110:1
     |
110  + use core::result::Result::Err;
     |

error[E0531]: cannot find tuple struct or tuple variant `Ok` in this scope
    --> C:\Users\john\.cargo\registry\src\index.crates.io-1949cf8c6b5b557f\serde-1.0.219\src\lib.rs:298:13
     |
298  |             Ok(val) => val,
     |             ^^ not found in this scope
     |
    ::: C:\Users\john\.cargo\registry\src\index.crates.io-1949cf8c6b5b557f\serde-1.0.219\src\ser\mod.rs:1326:9
     |
1326 |         tri!(iter.try_for_each(|(key, value)| serializer.serialize_entry(&key, &value)));
     |         -------------------------------------------------------------------------------- in this macro invocation
     |
     = note: this error originates in the macro `tri` (in Nightly builds, run with -Z macro-backtrace for more info)
help: consider importing this tuple variant
    -->  C:\Users\john\.cargo\registry\src\index.crates.io-1949cf8c6b5b557f\serde-1.0.219\src\ser\mod.rs:110:1
     |
110  + use core::result::Result::Ok;
     |

error[E0531]: cannot find tuple struct or tuple variant `Err` in this scope
    --> C:\Users\john\.cargo\registry\src\index.crates.io-1949cf8c6b5b557f\serde-1.0.219\src\lib.rs:299:13
     |
299  |             Err(err) => return Err(err),
     |             ^^^ not found in this scope
     |
    ::: C:\Users\john\.cargo\registry\src\index.crates.io-1949cf8c6b5b557f\serde-1.0.219\src\ser\mod.rs:1326:9
     |
1326 |         tri!(iter.try_for_each(|(key, value)| serializer.serialize_entry(&key, &value)));
     |         -------------------------------------------------------------------------------- in this macro invocation
     |
     = note: this error originates in the macro `tri` (in Nightly builds, run with -Z macro-backtrace for more info)
help: consider importing this tuple variant
    -->  C:\Users\john\.cargo\registry\src\index.crates.io-1949cf8c6b5b557f\serde-1.0.219\src\ser\mod.rs:110:1
     |
110  + use core::result::Result::Err;
     |

error[E0425]: cannot find function, tuple struct or tuple variant `Err` in this scope
    --> C:\Users\john\.cargo\registry\src\index.crates.io-1949cf8c6b5b557f\serde-1.0.219\src\lib.rs:299:32
     |
299  |             Err(err) => return Err(err),
     |                                ^^^
     |
    ::: C:\Users\john\.cargo\registry\src\index.crates.io-1949cf8c6b5b557f\serde-1.0.219\src\ser\mod.rs:1326:9
     |
1326 |         tri!(iter.try_for_each(|(key, value)| serializer.serialize_entry(&key, &value)));
     |         -------------------------------------------------------------------------------- in this macro invocation
     |
     = note: this error originates in the macro `tri` (in Nightly builds, run with -Z macro-backtrace for more info)
help: a local variable with a similar name exists
     |
299  -             Err(err) => return Err(err),
299  +             Err(err) => return err(err),
     |
help: consider importing this tuple variant
    -->  C:\Users\john\.cargo\registry\src\index.crates.io-1949cf8c6b5b557f\serde-1.0.219\src\ser\mod.rs:110:1
     |
110  + use core::result::Result::Err;
     |

error[E0405]: cannot find trait `Sized` in this scope
    --> C:\Users\john\.cargo\registry\src\index.crates.io-1949cf8c6b5b557f\serde-1.0.219\src\ser\mod.rs:1360:13
     |
1360 |         T: ?Sized + Display,
     |             ^^^^^ not found in this scope
     |
help: consider importing this trait
     |
110  + use core::marker::Sized;
     |

error[E0412]: cannot find type `Result` in this scope
    --> C:\Users\john\.cargo\registry\src\index.crates.io-1949cf8c6b5b557f\serde-1.0.219\src\ser\mod.rs:1358:43
     |
1358 |     fn collect_str<T>(self, value: &T) -> Result<Self::Ok, Self::Error>
     |                                           ^^^^^^ not found in this scope
     |
help: consider importing one of these items
     |
110  + use core::fmt::Result;
     |
110  + use core::result::Result;
     |

error[E0405]: cannot find trait `Sized` in this scope
    --> C:\Users\john\.cargo\registry\src\index.crates.io-1949cf8c6b5b557f\serde-1.0.219\src\ser\mod.rs:1507:13
     |
1507 |         T: ?Sized + Serialize;
     |             ^^^^^ not found in this scope
     |
help: consider importing this trait
     |
110  + use core::marker::Sized;
     |

error[E0412]: cannot find type `Result` in this scope
    --> C:\Users\john\.cargo\registry\src\index.crates.io-1949cf8c6b5b557f\serde-1.0.219\src\ser\mod.rs:1505:54
     |
1505 |     fn serialize_element<T>(&mut self, value: &T) -> Result<(), Self::Error>
     |                                                      ^^^^^^ not found in this scope
     |
help: consider importing one of these items
     |
110  + use core::fmt::Result;
     |
110  + use core::result::Result;
     |

error[E0412]: cannot find type `Result` in this scope
    --> C:\Users\john\.cargo\registry\src\index.crates.io-1949cf8c6b5b557f\serde-1.0.219\src\ser\mod.rs:1510:21
     |
1510 |     fn end(self) -> Result<Self::Ok, Self::Error>;
     |                     ^^^^^^ not found in this scope
     |
help: consider importing one of these items
     |
110  + use core::fmt::Result;
     |
110  + use core::result::Result;
     |

error[E0405]: cannot find trait `Sized` in this scope
    --> C:\Users\john\.cargo\registry\src\index.crates.io-1949cf8c6b5b557f\serde-1.0.219\src\ser\mod.rs:1607:13
     |
1607 |         T: ?Sized + Serialize;
     |             ^^^^^ not found in this scope
     |
help: consider importing this trait
     |
110  + use core::marker::Sized;
     |

error[E0412]: cannot find type `Result` in this scope
    --> C:\Users\john\.cargo\registry\src\index.crates.io-1949cf8c6b5b557f\serde-1.0.219\src\ser\mod.rs:1605:54
     |
1605 |     fn serialize_element<T>(&mut self, value: &T) -> Result<(), Self::Error>
     |                                                      ^^^^^^ not found in this scope
     |
help: consider importing one of these items
     |
110  + use core::fmt::Result;
     |
110  + use core::result::Result;
     |

error[E0412]: cannot find type `Result` in this scope
    --> C:\Users\john\.cargo\registry\src\index.crates.io-1949cf8c6b5b557f\serde-1.0.219\src\ser\mod.rs:1610:21
     |
1610 |     fn end(self) -> Result<Self::Ok, Self::Error>;
     |                     ^^^^^^ not found in this scope
     |
help: consider importing one of these items
     |
110  + use core::fmt::Result;
     |
110  + use core::result::Result;
     |

error[E0405]: cannot find trait `Sized` in this scope
    --> C:\Users\john\.cargo\registry\src\index.crates.io-1949cf8c6b5b557f\serde-1.0.219\src\ser\mod.rs:1652:13
     |
1652 |         T: ?Sized + Serialize;
     |             ^^^^^ not found in this scope
     |
help: consider importing this trait
     |
110  + use core::marker::Sized;
     |

error[E0412]: cannot find type `Result` in this scope
    --> C:\Users\john\.cargo\registry\src\index.crates.io-1949cf8c6b5b557f\serde-1.0.219\src\ser\mod.rs:1650:52
     |
1650 |     fn serialize_field<T>(&mut self, value: &T) -> Result<(), Self::Error>
     |                                                    ^^^^^^ not found in this scope
     |
help: consider importing one of these items
     |
110  + use core::fmt::Result;
     |
110  + use core::result::Result;
     |

error[E0412]: cannot find type `Result` in this scope
    --> C:\Users\john\.cargo\registry\src\index.crates.io-1949cf8c6b5b557f\serde-1.0.219\src\ser\mod.rs:1655:21
     |
1655 |     fn end(self) -> Result<Self::Ok, Self::Error>;
     |                     ^^^^^^ not found in this scope
     |
help: consider importing one of these items
     |
110  + use core::fmt::Result;
     |
110  + use core::result::Result;
     |

error[E0405]: cannot find trait `Sized` in this scope
    --> C:\Users\john\.cargo\registry\src\index.crates.io-1949cf8c6b5b557f\serde-1.0.219\src\ser\mod.rs:1710:13
     |
1710 |         T: ?Sized + Serialize;
     |             ^^^^^ not found in this scope
     |
help: consider importing this trait
     |
110  + use core::marker::Sized;
     |

error[E0412]: cannot find type `Result` in this scope
    --> C:\Users\john\.cargo\registry\src\index.crates.io-1949cf8c6b5b557f\serde-1.0.219\src\ser\mod.rs:1708:52
     |
1708 |     fn serialize_field<T>(&mut self, value: &T) -> Result<(), Self::Error>
     |                                                    ^^^^^^ not found in this scope
     |
help: consider importing one of these items
     |
110  + use core::fmt::Result;
     |
110  + use core::result::Result;
     |

error[E0412]: cannot find type `Result` in this scope
    --> C:\Users\john\.cargo\registry\src\index.crates.io-1949cf8c6b5b557f\serde-1.0.219\src\ser\mod.rs:1713:21
     |
1713 |     fn end(self) -> Result<Self::Ok, Self::Error>;
     |                     ^^^^^^ not found in this scope
     |
help: consider importing one of these items
     |
110  + use core::fmt::Result;
     |
110  + use core::result::Result;
     |

error[E0405]: cannot find trait `Sized` in this scope
    --> C:\Users\john\.cargo\registry\src\index.crates.io-1949cf8c6b5b557f\serde-1.0.219\src\ser\mod.rs:1781:13
     |
1781 |         T: ?Sized + Serialize;
     |             ^^^^^ not found in this scope
     |
help: consider importing this trait
     |
110  + use core::marker::Sized;
     |

error[E0412]: cannot find type `Result` in this scope
    --> C:\Users\john\.cargo\registry\src\index.crates.io-1949cf8c6b5b557f\serde-1.0.219\src\ser\mod.rs:1779:48
     |
1779 |     fn serialize_key<T>(&mut self, key: &T) -> Result<(), Self::Error>
     |                                                ^^^^^^ not found in this scope
     |
help: consider importing one of these items
     |
110  + use core::fmt::Result;
     |
110  + use core::result::Result;
     |

error[E0405]: cannot find trait `Sized` in this scope
    --> C:\Users\john\.cargo\registry\src\index.crates.io-1949cf8c6b5b557f\serde-1.0.219\src\ser\mod.rs:1791:13
     |
1791 |         T: ?Sized + Serialize;
     |             ^^^^^ not found in this scope
     |
help: consider importing this trait
     |
110  + use core::marker::Sized;
     |

error[E0412]: cannot find type `Result` in this scope
    --> C:\Users\john\.cargo\registry\src\index.crates.io-1949cf8c6b5b557f\serde-1.0.219\src\ser\mod.rs:1789:52
     |
1789 |     fn serialize_value<T>(&mut self, value: &T) -> Result<(), Self::Error>
     |                                                    ^^^^^^ not found in this scope
     |
help: consider importing one of these items
     |
110  + use core::fmt::Result;
     |
110  + use core::result::Result;
     |

error[E0405]: cannot find trait `Sized` in this scope
    --> C:\Users\john\.cargo\registry\src\index.crates.io-1949cf8c6b5b557f\serde-1.0.219\src\ser\mod.rs:1812:13
     |
1812 |         K: ?Sized + Serialize,
     |             ^^^^^ not found in this scope
     |
help: consider importing this trait
     |
110  + use core::marker::Sized;
     |

error[E0405]: cannot find trait `Sized` in this scope
    --> C:\Users\john\.cargo\registry\src\index.crates.io-1949cf8c6b5b557f\serde-1.0.219\src\ser\mod.rs:1813:13
     |
1813 |         V: ?Sized + Serialize,
     |             ^^^^^ not found in this scope
     |
help: consider importing this trait
     |
110  + use core::marker::Sized;
     |

error[E0412]: cannot find type `Result` in this scope
    --> C:\Users\john\.cargo\registry\src\index.crates.io-1949cf8c6b5b557f\serde-1.0.219\src\ser\mod.rs:1810:64
     |
1810 |     fn serialize_entry<K, V>(&mut self, key: &K, value: &V) -> Result<(), Self::Error>
     |                                                                ^^^^^^ not found in this scope
     |
help: consider importing one of these items
     |
110  + use core::fmt::Result;
     |
110  + use core::result::Result;
     |

error[E0531]: cannot find tuple struct or tuple variant `Ok` in this scope
    --> C:\Users\john\.cargo\registry\src\index.crates.io-1949cf8c6b5b557f\serde-1.0.219\src\lib.rs:298:13
     |
298  |             Ok(val) => val,
     |             ^^ not found in this scope
     |
    ::: C:\Users\john\.cargo\registry\src\index.crates.io-1949cf8c6b5b557f\serde-1.0.219\src\ser\mod.rs:1815:9
     |
1815 |         tri!(self.serialize_key(key));
     |         ----------------------------- in this macro invocation
     |
     = note: this error originates in the macro `tri` (in Nightly builds, run with -Z macro-backtrace for more info)
help: consider importing this tuple variant
    -->  C:\Users\john\.cargo\registry\src\index.crates.io-1949cf8c6b5b557f\serde-1.0.219\src\ser\mod.rs:110:1
     |
110  + use core::result::Result::Ok;
     |

error[E0531]: cannot find tuple struct or tuple variant `Err` in this scope
    --> C:\Users\john\.cargo\registry\src\index.crates.io-1949cf8c6b5b557f\serde-1.0.219\src\lib.rs:299:13
     |
299  |             Err(err) => return Err(err),
     |             ^^^ not found in this scope
     |
    ::: C:\Users\john\.cargo\registry\src\index.crates.io-1949cf8c6b5b557f\serde-1.0.219\src\ser\mod.rs:1815:9
     |
1815 |         tri!(self.serialize_key(key));
     |         ----------------------------- in this macro invocation
     |
     = note: this error originates in the macro `tri` (in Nightly builds, run with -Z macro-backtrace for more info)
help: consider importing this tuple variant
    -->  C:\Users\john\.cargo\registry\src\index.crates.io-1949cf8c6b5b557f\serde-1.0.219\src\ser\mod.rs:110:1
     |
110  + use core::result::Result::Err;
     |

error[E0425]: cannot find function, tuple struct or tuple variant `Err` in this scope
    --> C:\Users\john\.cargo\registry\src\index.crates.io-1949cf8c6b5b557f\serde-1.0.219\src\lib.rs:299:32
     |
299  |             Err(err) => return Err(err),
     |                                ^^^
     |
    ::: C:\Users\john\.cargo\registry\src\index.crates.io-1949cf8c6b5b557f\serde-1.0.219\src\ser\mod.rs:1815:9
     |
1815 |         tri!(self.serialize_key(key));
     |         ----------------------------- in this macro invocation
     |
     = note: this error originates in the macro `tri` (in Nightly builds, run with -Z macro-backtrace for more info)
help: a local variable with a similar name exists
     |
299  -             Err(err) => return Err(err),
299  +             Err(err) => return err(err),
     |
help: consider importing this tuple variant
    -->  C:\Users\john\.cargo\registry\src\index.crates.io-1949cf8c6b5b557f\serde-1.0.219\src\ser\mod.rs:110:1
     |
110  + use core::result::Result::Err;
     |

error[E0412]: cannot find type `Result` in this scope
    --> C:\Users\john\.cargo\registry\src\index.crates.io-1949cf8c6b5b557f\serde-1.0.219\src\ser\mod.rs:1820:21
     |
1820 |     fn end(self) -> Result<Self::Ok, Self::Error>;
     |                     ^^^^^^ not found in this scope
     |
help: consider importing one of these items
     |
110  + use core::fmt::Result;
     |
110  + use core::result::Result;
     |

error[E0405]: cannot find trait `Sized` in this scope
    --> C:\Users\john\.cargo\registry\src\index.crates.io-1949cf8c6b5b557f\serde-1.0.219\src\ser\mod.rs:1866:13
     |
1866 |         T: ?Sized + Serialize;
     |             ^^^^^ not found in this scope
     |
help: consider importing this trait
     |
110  + use core::marker::Sized;
     |

error[E0412]: cannot find type `Result` in this scope
    --> C:\Users\john\.cargo\registry\src\index.crates.io-1949cf8c6b5b557f\serde-1.0.219\src\ser\mod.rs:1864:71
     |
1864 |     fn serialize_field<T>(&mut self, key: &'static str, value: &T) -> Result<(), Self::Error>
     |                                                                       ^^^^^^ not found in this scope
     |
help: consider importing one of these items
     |
110  + use core::fmt::Result;
     |
110  + use core::result::Result;
     |

error[E0412]: cannot find type `Result` in this scope
    --> C:\Users\john\.cargo\registry\src\index.crates.io-1949cf8c6b5b557f\serde-1.0.219\src\ser\mod.rs:1872:52
     |
1872 |     fn skip_field(&mut self, key: &'static str) -> Result<(), Self::Error> {
     |                                                    ^^^^^^ not found in this scope
     |
help: consider importing one of these items
     |
110  + use core::fmt::Result;
     |
110  + use core::result::Result;
     |

error[E0425]: cannot find function, tuple struct or tuple variant `Ok` in this scope
    --> C:\Users\john\.cargo\registry\src\index.crates.io-1949cf8c6b5b557f\serde-1.0.219\src\ser\mod.rs:1874:9
     |
1874 |         Ok(())
     |         ^^
     |
help: you might have meant to use the associated type
     |
1874 |         Self::Ok(())
     |         ++++++
help: consider importing this tuple variant
     |
110  + use core::result::Result::Ok;
     |

error[E0412]: cannot find type `Result` in this scope
    --> C:\Users\john\.cargo\registry\src\index.crates.io-1949cf8c6b5b557f\serde-1.0.219\src\ser\mod.rs:1878:21
     |
1878 |     fn end(self) -> Result<Self::Ok, Self::Error>;
     |                     ^^^^^^ not found in this scope
     |
help: consider importing one of these items
     |
110  + use core::fmt::Result;
     |
110  + use core::result::Result;
     |

error[E0405]: cannot find trait `Sized` in this scope
    --> C:\Users\john\.cargo\registry\src\index.crates.io-1949cf8c6b5b557f\serde-1.0.219\src\ser\mod.rs:1930:13
     |
1930 |         T: ?Sized + Serialize;
     |             ^^^^^ not found in this scope
     |
help: consider importing this trait
     |
110  + use core::marker::Sized;
     |

error[E0412]: cannot find type `Result` in this scope
    --> C:\Users\john\.cargo\registry\src\index.crates.io-1949cf8c6b5b557f\serde-1.0.219\src\ser\mod.rs:1928:71
     |
1928 |     fn serialize_field<T>(&mut self, key: &'static str, value: &T) -> Result<(), Self::Error>
     |                                                                       ^^^^^^ not found in this scope
     |
help: consider importing one of these items
     |
110  + use core::fmt::Result;
     |
110  + use core::result::Result;
     |

error[E0412]: cannot find type `Result` in this scope
    --> C:\Users\john\.cargo\registry\src\index.crates.io-1949cf8c6b5b557f\serde-1.0.219\src\ser\mod.rs:1936:52
     |
1936 |     fn skip_field(&mut self, key: &'static str) -> Result<(), Self::Error> {
     |                                                    ^^^^^^ not found in this scope
     |
help: consider importing one of these items
     |
110  + use core::fmt::Result;
     |
110  + use core::result::Result;
     |

error[E0425]: cannot find function, tuple struct or tuple variant `Ok` in this scope
    --> C:\Users\john\.cargo\registry\src\index.crates.io-1949cf8c6b5b557f\serde-1.0.219\src\ser\mod.rs:1938:9
     |
1938 |         Ok(())
     |         ^^
     |
help: you might have meant to use the associated type
     |
1938 |         Self::Ok(())
     |         ++++++
help: consider importing this tuple variant
     |
110  + use core::result::Result::Ok;
     |

error[E0412]: cannot find type `Result` in this scope
    --> C:\Users\john\.cargo\registry\src\index.crates.io-1949cf8c6b5b557f\serde-1.0.219\src\ser\mod.rs:1942:21
     |
1942 |     fn end(self) -> Result<Self::Ok, Self::Error>;
     |                     ^^^^^^ not found in this scope
     |
help: consider importing one of these items
     |
110  + use core::fmt::Result;
     |
110  + use core::result::Result;
     |

error[E0405]: cannot find trait `Iterator` in this scope
    --> C:\Users\john\.cargo\registry\src\index.crates.io-1949cf8c6b5b557f\serde-1.0.219\src\ser\mod.rs:1947:8
     |
1947 |     I: Iterator,
     |        ^^^^^^^^ not found in this scope
     |
help: consider importing this trait
     |
110  + use core::iter::Iterator;
     |

error[E0412]: cannot find type `Option` in this scope
    --> C:\Users\john\.cargo\registry\src\index.crates.io-1949cf8c6b5b557f\serde-1.0.219\src\ser\mod.rs:1945:38
     |
1945 | fn iterator_len_hint<I>(iter: &I) -> Option<usize>
     |                                      ^^^^^^ not found in this scope
     |
help: consider importing this enum
     |
110  + use core::option::Option;
     |

error[E0531]: cannot find tuple struct or tuple variant `Some` in this scope
    --> C:\Users\john\.cargo\registry\src\index.crates.io-1949cf8c6b5b557f\serde-1.0.219\src\ser\mod.rs:1950:14
     |
1950 |         (lo, Some(hi)) if lo == hi => Some(lo),
     |              ^^^^ not found in this scope
     |
note: tuple variant `crate::__private::ser::content::Content::Some` exists but is inaccessible
    --> C:\Users\john\.cargo\registry\src\index.crates.io-1949cf8c6b5b557f\serde-1.0.219\src\private\ser.rs:443:9
     |
443  |         Some(Box<Content>),
     |         ^^^^^^^^^^^^^^^^^^ not accessible
help: consider importing one of these tuple variants
     |
110  + use crate::__private::de::Content::Some;
     |
110  + use core::option::Option::Some;
     |

error[E0425]: cannot find function, tuple struct or tuple variant `Some` in this scope
    --> C:\Users\john\.cargo\registry\src\index.crates.io-1949cf8c6b5b557f\serde-1.0.219\src\ser\mod.rs:1950:39
     |
1950 |         (lo, Some(hi)) if lo == hi => Some(lo),
     |                                       ^^^^ not found in this scope
     |
note: tuple variant `crate::__private::ser::content::Content::Some` exists but is inaccessible
    --> C:\Users\john\.cargo\registry\src\index.crates.io-1949cf8c6b5b557f\serde-1.0.219\src\private\ser.rs:443:9
     |
443  |         Some(Box<Content>),
     |         ^^^^^^^^^^^^^^^^^^ not accessible
help: consider importing one of these tuple variants
     |
110  + use crate::__private::de::Content::Some;
     |
110  + use core::option::Option::Some;
     |

error[E0425]: cannot find value `None` in this scope
    --> C:\Users\john\.cargo\registry\src\index.crates.io-1949cf8c6b5b557f\serde-1.0.219\src\ser\mod.rs:1951:14
     |
1951 |         _ => None,
     |              ^^^^ not found in this scope
     |
note: unit variant `crate::__private::ser::content::Content::None` exists but is inaccessible
    --> C:\Users\john\.cargo\registry\src\index.crates.io-1949cf8c6b5b557f\serde-1.0.219\src\private\ser.rs:442:9
     |
442  |         None,
     |         ^^^^ not accessible
help: consider importing one of these unit variants
     |
110  + use crate::__private::de::Content::None;
     |
110  + use core::option::Option::None;
     |

error[E0425]: cannot find function, tuple struct or tuple variant `Err` in this scope
  --> C:\Users\john\.cargo\registry\src\index.crates.io-1949cf8c6b5b557f\serde-1.0.219\src\format.rs:23:13
   |
23 |             Err(fmt::Error)
   |             ^^^ not found in this scope
   |
help: consider importing this tuple variant
   |
1  + use core::result::Result::Err;
   |

error[E0425]: cannot find function, tuple struct or tuple variant `Ok` in this scope
  --> C:\Users\john\.cargo\registry\src\index.crates.io-1949cf8c6b5b557f\serde-1.0.219\src\format.rs:27:13
   |
27 |             Ok(())
   |             ^^ not found in this scope
   |
help: consider importing this tuple variant
   |
1  + use core::result::Result::Ok;
   |

error[E0412]: cannot find type `Result` in this scope
  --> C:\Users\john\.cargo\registry\src\index.crates.io-1949cf8c6b5b557f\serde-1.0.219\src\private\de.rs:23:57
   |
23 | pub fn missing_field<'de, V, E>(field: &'static str) -> Result<V, E>
   |                                                         ^^^^^^ not found in this scope
   |
help: consider importing one of these items
   |
1  + use core::fmt::Result;
   |
1  + use core::result::Result;
   |

error[E0412]: cannot find type `Result` in this scope
  --> C:\Users\john\.cargo\registry\src\index.crates.io-1949cf8c6b5b557f\serde-1.0.219\src\private\de.rs:36:53
   |
36 |         fn deserialize_any<V>(self, _visitor: V) -> Result<V::Value, E>
   |                                                     ^^^^^^ not found in this scope
   |
help: consider importing one of these items
   |
1  + use core::fmt::Result;
   |
1  + use core::result::Result;
   |

error[E0425]: cannot find function, tuple struct or tuple variant `Err` in this scope
  --> C:\Users\john\.cargo\registry\src\index.crates.io-1949cf8c6b5b557f\serde-1.0.219\src\private\de.rs:40:13
   |
40 |             Err(Error::missing_field(self.0))
   |             ^^^ not found in this scope
   |
help: consider importing this tuple variant
   |
1  + use core::result::Result::Err;
   |

error[E0412]: cannot find type `Result` in this scope
  --> C:\Users\john\.cargo\registry\src\index.crates.io-1949cf8c6b5b557f\serde-1.0.219\src\private\de.rs:43:55
   |
43 |         fn deserialize_option<V>(self, visitor: V) -> Result<V::Value, E>
   |                                                       ^^^^^^ not found in this scope
   |
help: consider importing one of these items
   |
1  + use core::fmt::Result;
   |
1  + use core::result::Result;
   |

error[E0405]: cannot find trait `From` in this scope
  --> C:\Users\john\.cargo\registry\src\index.crates.io-1949cf8c6b5b557f\serde-1.0.219\src\private\de.rs:65:8
   |
65 |     R: From<Cow<'a, str>>,
   |        ^^^^ not found in this scope
   |
help: consider importing this trait
   |
1  + use core::convert::From;
   |

error[E0412]: cannot find type `Result` in this scope
  --> C:\Users\john\.cargo\registry\src\index.crates.io-1949cf8c6b5b557f\serde-1.0.219\src\private\de.rs:62:62
   |
62 | pub fn borrow_cow_str<'de: 'a, 'a, D, R>(deserializer: D) -> Result<R, D::Error>
   |                                                              ^^^^^^ not found in this scope
   |
help: consider importing one of these items
   |
1  + use core::fmt::Result;
   |
1  + use core::result::Result;
   |

error[E0412]: cannot find type `Result` in this scope
  --> C:\Users\john\.cargo\registry\src\index.crates.io-1949cf8c6b5b557f\serde-1.0.219\src\private\de.rs:76:43
   |
76 |         fn visit_str<E>(self, v: &str) -> Result<Self::Value, E>
   |                                           ^^^^^^ not found in this scope
   |
help: consider importing one of these items
   |
1  + use core::fmt::Result;
   |
1  + use core::result::Result;
   |

error[E0425]: cannot find function, tuple struct or tuple variant `Ok` in this scope
  --> C:\Users\john\.cargo\registry\src\index.crates.io-1949cf8c6b5b557f\serde-1.0.219\src\private\de.rs:80:13
   |
80 |             Ok(Cow::Owned(v.to_owned()))
   |             ^^ not found in this scope
   |
help: consider importing this tuple variant
   |
1  + use core::result::Result::Ok;
   |

error[E0412]: cannot find type `Result` in this scope
  --> C:\Users\john\.cargo\registry\src\index.crates.io-1949cf8c6b5b557f\serde-1.0.219\src\private\de.rs:83:55
   |
83 |         fn visit_borrowed_str<E>(self, v: &'a str) -> Result<Self::Value, E>
   |                                                       ^^^^^^ not found in this scope
   |
help: consider importing one of these items
   |
1  + use core::fmt::Result;
   |
1  + use core::result::Result;
   |

error[E0425]: cannot find function, tuple struct or tuple variant `Ok` in this scope
  --> C:\Users\john\.cargo\registry\src\index.crates.io-1949cf8c6b5b557f\serde-1.0.219\src\private\de.rs:87:13
   |
87 |             Ok(Cow::Borrowed(v))
   |             ^^ not found in this scope
   |
help: consider importing this tuple variant
   |
1  + use core::result::Result::Ok;
   |

error[E0412]: cannot find type `Result` in this scope
  --> C:\Users\john\.cargo\registry\src\index.crates.io-1949cf8c6b5b557f\serde-1.0.219\src\private\de.rs:90:48
   |
90 |         fn visit_string<E>(self, v: String) -> Result<Self::Value, E>
   |                                                ^^^^^^ not found in this scope
   |
help: consider importing one of these items
   |
1  + use core::fmt::Result;
   |
1  + use core::result::Result;
   |

error[E0425]: cannot find function, tuple struct or tuple variant `Ok` in this scope
  --> C:\Users\john\.cargo\registry\src\index.crates.io-1949cf8c6b5b557f\serde-1.0.219\src\private\de.rs:94:13
   |
94 |             Ok(Cow::Owned(v))
   |             ^^ not found in this scope
   |
help: consider importing this tuple variant
   |
1  + use core::result::Result::Ok;
   |

error[E0412]: cannot find type `Result` in this scope
  --> C:\Users\john\.cargo\registry\src\index.crates.io-1949cf8c6b5b557f\serde-1.0.219\src\private\de.rs:97:46
   |
97 |         fn visit_bytes<E>(self, v: &[u8]) -> Result<Self::Value, E>
   |                                              ^^^^^^ not found in this scope
   |
help: consider importing one of these items
   |
1  + use core::fmt::Result;
   |
1  + use core::result::Result;
   |

error[E0531]: cannot find tuple struct or tuple variant `Ok` in this scope
   --> C:\Users\john\.cargo\registry\src\index.crates.io-1949cf8c6b5b557f\serde-1.0.219\src\private\de.rs:102:17
    |
102 |                 Ok(s) => Ok(Cow::Owned(s.to_owned())),
    |                 ^^ not found in this scope
    |
help: consider importing this tuple variant
    |
1   + use core::result::Result::Ok;
    |

error[E0425]: cannot find function, tuple struct or tuple variant `Ok` in this scope
   --> C:\Users\john\.cargo\registry\src\index.crates.io-1949cf8c6b5b557f\serde-1.0.219\src\private\de.rs:102:26
    |
102 |                 Ok(s) => Ok(Cow::Owned(s.to_owned())),
    |                          ^^ not found in this scope
    |
help: consider importing this tuple variant
    |
1   + use core::result::Result::Ok;
    |

error[E0531]: cannot find tuple struct or tuple variant `Err` in this scope
   --> C:\Users\john\.cargo\registry\src\index.crates.io-1949cf8c6b5b557f\serde-1.0.219\src\private\de.rs:103:17
    |
103 |                 Err(_) => Err(Error::invalid_value(Unexpected::Bytes(v), &self)),
    |                 ^^^ not found in this scope
    |
help: consider importing this tuple variant
    |
1   + use core::result::Result::Err;
    |

error[E0425]: cannot find function, tuple struct or tuple variant `Err` in this scope
   --> C:\Users\john\.cargo\registry\src\index.crates.io-1949cf8c6b5b557f\serde-1.0.219\src\private\de.rs:103:27
    |
103 |                 Err(_) => Err(Error::invalid_value(Unexpected::Bytes(v), &self)),
    |                           ^^^ not found in this scope
    |
help: consider importing this tuple variant
    |
1   + use core::result::Result::Err;
    |

error[E0412]: cannot find type `Result` in this scope
   --> C:\Users\john\.cargo\registry\src\index.crates.io-1949cf8c6b5b557f\serde-1.0.219\src\private\de.rs:107:58
    |
107 |         fn visit_borrowed_bytes<E>(self, v: &'a [u8]) -> Result<Self::Value, E>
    |                                                          ^^^^^^ not found in this scope
    |
help: consider importing one of these items
    |
1   + use core::fmt::Result;
    |
1   + use core::result::Result;
    |

error[E0531]: cannot find tuple struct or tuple variant `Ok` in this scope
   --> C:\Users\john\.cargo\registry\src\index.crates.io-1949cf8c6b5b557f\serde-1.0.219\src\private\de.rs:112:17
    |
112 |                 Ok(s) => Ok(Cow::Borrowed(s)),
    |                 ^^ not found in this scope
    |
help: consider importing this tuple variant
    |
1   + use core::result::Result::Ok;
    |

error[E0425]: cannot find function, tuple struct or tuple variant `Ok` in this scope
   --> C:\Users\john\.cargo\registry\src\index.crates.io-1949cf8c6b5b557f\serde-1.0.219\src\private\de.rs:112:26
    |
112 |                 Ok(s) => Ok(Cow::Borrowed(s)),
    |                          ^^ not found in this scope
    |
help: consider importing this tuple variant
    |
1   + use core::result::Result::Ok;
    |

error[E0531]: cannot find tuple struct or tuple variant `Err` in this scope
   --> C:\Users\john\.cargo\registry\src\index.crates.io-1949cf8c6b5b557f\serde-1.0.219\src\private\de.rs:113:17
    |
113 |                 Err(_) => Err(Error::invalid_value(Unexpected::Bytes(v), &self)),
    |                 ^^^ not found in this scope
    |
help: consider importing this tuple variant
    |
1   + use core::result::Result::Err;
    |

error[E0425]: cannot find function, tuple struct or tuple variant `Err` in this scope
   --> C:\Users\john\.cargo\registry\src\index.crates.io-1949cf8c6b5b557f\serde-1.0.219\src\private\de.rs:113:27
    |
113 |                 Err(_) => Err(Error::invalid_value(Unexpected::Bytes(v), &self)),
    |                           ^^^ not found in this scope
    |
help: consider importing this tuple variant
    |
1   + use core::result::Result::Err;
    |

error[E0412]: cannot find type `Result` in this scope
   --> C:\Users\john\.cargo\registry\src\index.crates.io-1949cf8c6b5b557f\serde-1.0.219\src\private\de.rs:117:51
    |
117 |         fn visit_byte_buf<E>(self, v: Vec<u8>) -> Result<Self::Value, E>
    |                                                   ^^^^^^ not found in this scope
    |
help: consider importing one of these items
    |
1   + use core::fmt::Result;
    |
1   + use core::result::Result;
    |

error[E0531]: cannot find tuple struct or tuple variant `Ok` in this scope
   --> C:\Users\john\.cargo\registry\src\index.crates.io-1949cf8c6b5b557f\serde-1.0.219\src\private\de.rs:122:17
    |
122 |                 Ok(s) => Ok(Cow::Owned(s)),
    |                 ^^ not found in this scope
    |
help: consider importing this tuple variant
    |
1   + use core::result::Result::Ok;
    |

error[E0425]: cannot find function, tuple struct or tuple variant `Ok` in this scope
   --> C:\Users\john\.cargo\registry\src\index.crates.io-1949cf8c6b5b557f\serde-1.0.219\src\private\de.rs:122:26
    |
122 |                 Ok(s) => Ok(Cow::Owned(s)),
    |                          ^^ not found in this scope
    |
help: consider importing this tuple variant
    |
1   + use core::result::Result::Ok;
    |

error[E0531]: cannot find tuple struct or tuple variant `Err` in this scope
   --> C:\Users\john\.cargo\registry\src\index.crates.io-1949cf8c6b5b557f\serde-1.0.219\src\private\de.rs:123:17
    |
123 |                 Err(e) => Err(Error::invalid_value(
    |                 ^^^ not found in this scope
    |
help: consider importing this tuple variant
    |
1   + use core::result::Result::Err;
    |

error[E0425]: cannot find function, tuple struct or tuple variant `Err` in this scope
   --> C:\Users\john\.cargo\registry\src\index.crates.io-1949cf8c6b5b557f\serde-1.0.219\src\private\de.rs:123:27
    |
123 |                 Err(e) => Err(Error::invalid_value(
    |                           ^^^ not found in this scope
    |
help: consider importing this tuple variant
    |
1   + use core::result::Result::Err;
    |

error[E0433]: failed to resolve: use of undeclared type `From`
   --> C:\Users\john\.cargo\registry\src\index.crates.io-1949cf8c6b5b557f\serde-1.0.219\src\private\de.rs:131:53
    |
131 |     deserializer.deserialize_str(CowStrVisitor).map(From::from)
    |                                                     ^^^^ use of undeclared type `From`
    |
help: consider importing this trait
    |
1   + use core::convert::From;
    |

error[E0405]: cannot find trait `From` in this scope
   --> C:\Users\john\.cargo\registry\src\index.crates.io-1949cf8c6b5b557f\serde-1.0.219\src\private\de.rs:138:8
    |
138 |     R: From<Cow<'a, [u8]>>,
    |        ^^^^ not found in this scope
    |
help: consider importing this trait
    |
1   + use core::convert::From;
    |

error[E0412]: cannot find type `Result` in this scope
   --> C:\Users\john\.cargo\registry\src\index.crates.io-1949cf8c6b5b557f\serde-1.0.219\src\private\de.rs:135:64
    |
135 | pub fn borrow_cow_bytes<'de: 'a, 'a, D, R>(deserializer: D) -> Result<R, D::Error>
    |                                                                ^^^^^^ not found in this scope
    |
help: consider importing one of these items
    |
1   + use core::fmt::Result;
    |
1   + use core::result::Result;
    |

error[E0412]: cannot find type `Result` in this scope
   --> C:\Users\john\.cargo\registry\src\index.crates.io-1949cf8c6b5b557f\serde-1.0.219\src\private\de.rs:149:43
    |
149 |         fn visit_str<E>(self, v: &str) -> Result<Self::Value, E>
    |                                           ^^^^^^ not found in this scope
    |
help: consider importing one of these items
    |
1   + use core::fmt::Result;
    |
1   + use core::result::Result;
    |

error[E0425]: cannot find function, tuple struct or tuple variant `Ok` in this scope
   --> C:\Users\john\.cargo\registry\src\index.crates.io-1949cf8c6b5b557f\serde-1.0.219\src\private\de.rs:153:13
    |
153 |             Ok(Cow::Owned(v.as_bytes().to_vec()))
    |             ^^ not found in this scope
    |
help: consider importing this tuple variant
    |
1   + use core::result::Result::Ok;
    |

error[E0412]: cannot find type `Result` in this scope
   --> C:\Users\john\.cargo\registry\src\index.crates.io-1949cf8c6b5b557f\serde-1.0.219\src\private\de.rs:156:55
    |
156 |         fn visit_borrowed_str<E>(self, v: &'a str) -> Result<Self::Value, E>
    |                                                       ^^^^^^ not found in this scope
    |
help: consider importing one of these items
    |
1   + use core::fmt::Result;
    |
1   + use core::result::Result;
    |

error[E0425]: cannot find function, tuple struct or tuple variant `Ok` in this scope
   --> C:\Users\john\.cargo\registry\src\index.crates.io-1949cf8c6b5b557f\serde-1.0.219\src\private\de.rs:160:13
    |
160 |             Ok(Cow::Borrowed(v.as_bytes()))
    |             ^^ not found in this scope
    |
help: consider importing this tuple variant
    |
1   + use core::result::Result::Ok;
    |

error[E0412]: cannot find type `Result` in this scope
   --> C:\Users\john\.cargo\registry\src\index.crates.io-1949cf8c6b5b557f\serde-1.0.219\src\private\de.rs:163:48
    |
163 |         fn visit_string<E>(self, v: String) -> Result<Self::Value, E>
    |                                                ^^^^^^ not found in this scope
    |
help: consider importing one of these items
    |
1   + use core::fmt::Result;
    |
1   + use core::result::Result;
    |

error[E0425]: cannot find function, tuple struct or tuple variant `Ok` in this scope
   --> C:\Users\john\.cargo\registry\src\index.crates.io-1949cf8c6b5b557f\serde-1.0.219\src\private\de.rs:167:13
    |
167 |             Ok(Cow::Owned(v.into_bytes()))
    |             ^^ not found in this scope
    |
help: consider importing this tuple variant
    |
1   + use core::result::Result::Ok;
    |

error[E0412]: cannot find type `Result` in this scope
   --> C:\Users\john\.cargo\registry\src\index.crates.io-1949cf8c6b5b557f\serde-1.0.219\src\private\de.rs:170:46
    |
170 |         fn visit_bytes<E>(self, v: &[u8]) -> Result<Self::Value, E>
    |                                              ^^^^^^ not found in this scope
    |
help: consider importing one of these items
    |
1   + use core::fmt::Result;
    |
1   + use core::result::Result;
    |

error[E0425]: cannot find function, tuple struct or tuple variant `Ok` in this scope
   --> C:\Users\john\.cargo\registry\src\index.crates.io-1949cf8c6b5b557f\serde-1.0.219\src\private\de.rs:174:13
    |
174 |             Ok(Cow::Owned(v.to_vec()))
    |             ^^ not found in this scope
    |
help: consider importing this tuple variant
    |
1   + use core::result::Result::Ok;
    |

error[E0412]: cannot find type `Result` in this scope
   --> C:\Users\john\.cargo\registry\src\index.crates.io-1949cf8c6b5b557f\serde-1.0.219\src\private\de.rs:177:58
    |
177 |         fn visit_borrowed_bytes<E>(self, v: &'a [u8]) -> Result<Self::Value, E>
    |                                                          ^^^^^^ not found in this scope
    |
help: consider importing one of these items
    |
1   + use core::fmt::Result;
    |
1   + use core::result::Result;
    |

error[E0425]: cannot find function, tuple struct or tuple variant `Ok` in this scope
   --> C:\Users\john\.cargo\registry\src\index.crates.io-1949cf8c6b5b557f\serde-1.0.219\src\private\de.rs:181:13
    |
181 |             Ok(Cow::Borrowed(v))
    |             ^^ not found in this scope
    |
help: consider importing this tuple variant
    |
1   + use core::result::Result::Ok;
    |

error[E0412]: cannot find type `Result` in this scope
   --> C:\Users\john\.cargo\registry\src\index.crates.io-1949cf8c6b5b557f\serde-1.0.219\src\private\de.rs:184:51
    |
184 |         fn visit_byte_buf<E>(self, v: Vec<u8>) -> Result<Self::Value, E>
    |                                                   ^^^^^^ not found in this scope
    |
help: consider importing one of these items
    |
1   + use core::fmt::Result;
    |
1   + use core::result::Result;
    |

error[E0425]: cannot find function, tuple struct or tuple variant `Ok` in this scope
   --> C:\Users\john\.cargo\registry\src\index.crates.io-1949cf8c6b5b557f\serde-1.0.219\src\private\de.rs:188:13
    |
188 |             Ok(Cow::Owned(v))
    |             ^^ not found in this scope
    |
help: consider importing this tuple variant
    |
1   + use core::result::Result::Ok;
    |

error[E0433]: failed to resolve: use of undeclared type `From`
   --> C:\Users\john\.cargo\registry\src\index.crates.io-1949cf8c6b5b557f\serde-1.0.219\src\private\de.rs:194:14
    |
194 |         .map(From::from)
    |              ^^^^ use of undeclared type `From`
    |
help: consider importing this trait
    |
1   + use core::convert::From;
    |

error[E0412]: cannot find type `Option` in this scope
   --> C:\Users\john\.cargo\registry\src\index.crates.io-1949cf8c6b5b557f\serde-1.0.219\src\private\de.rs:255:33
    |
255 |         pub fn as_str(&self) -> Option<&str> {
    |                                 ^^^^^^ not found in this scope
    |
help: consider importing this enum
    |
209 +     use core::option::Option;
    |

error[E0425]: cannot find function, tuple struct or tuple variant `Some` in this scope
   --> C:\Users\john\.cargo\registry\src\index.crates.io-1949cf8c6b5b557f\serde-1.0.219\src\private\de.rs:257:36
    |
257 |                 Content::Str(x) => Some(x),
    |                                    ^^^^ not found in this scope
    |
note: tuple variant `crate::__private::ser::content::Content::Some` exists but is inaccessible
   --> C:\Users\john\.cargo\registry\src\index.crates.io-1949cf8c6b5b557f\serde-1.0.219\src\private\ser.rs:443:9
    |
443 |         Some(Box<Content>),
    |         ^^^^^^^^^^^^^^^^^^ not accessible
help: consider importing one of these tuple variants
    |
209 +     use crate::__private::de::Content::Some;
    |
209 +     use core::option::Option::Some;
    |

error[E0425]: cannot find function, tuple struct or tuple variant `Some` in this scope
   --> C:\Users\john\.cargo\registry\src\index.crates.io-1949cf8c6b5b557f\serde-1.0.219\src\private\de.rs:258:43
    |
258 |                 Content::String(ref x) => Some(x),
    |                                           ^^^^ not found in this scope
    |
note: tuple variant `crate::__private::ser::content::Content::Some` exists but is inaccessible
   --> C:\Users\john\.cargo\registry\src\index.crates.io-1949cf8c6b5b557f\serde-1.0.219\src\private\ser.rs:443:9
    |
443 |         Some(Box<Content>),
    |         ^^^^^^^^^^^^^^^^^^ not accessible
help: consider importing one of these tuple variants
    |
209 +     use crate::__private::de::Content::Some;
    |
209 +     use core::option::Option::Some;
    |

error[E0425]: cannot find value `None` in this scope
   --> C:\Users\john\.cargo\registry\src\index.crates.io-1949cf8c6b5b557f\serde-1.0.219\src\private\de.rs:261:22
    |
261 |                 _ => None,
    |                      ^^^^ not found in this scope
    |
note: unit variant `crate::__private::ser::content::Content::None` exists but is inaccessible
   --> C:\Users\john\.cargo\registry\src\index.crates.io-1949cf8c6b5b557f\serde-1.0.219\src\private\ser.rs:442:9
    |
442 |         None,
    |         ^^^^ not accessible
help: consider importing one of these unit variants
    |
209 +     use crate::__private::de::Content::None;
    |
209 +     use core::option::Option::None;
    |

error[E0412]: cannot find type `Result` in this scope
   --> C:\Users\john\.cargo\registry\src\index.crates.io-1949cf8c6b5b557f\serde-1.0.219\src\private\de.rs:294:47
    |
294 |         fn deserialize<D>(deserializer: D) -> Result<Self, D::Error>
    |                                               ^^^^^^ not found in this scope
    |
help: consider importing one of these items
    |
209 +     use core::fmt::Result;
    |
209 +     use core::result::Result;
    |

error[E0412]: cannot find type `Result` in this scope
   --> C:\Users\john\.cargo\registry\src\index.crates.io-1949cf8c6b5b557f\serde-1.0.219\src\private\de.rs:346:48
    |
346 |         fn visit_bool<F>(self, value: bool) -> Result<Self::Value, F>
    |                                                ^^^^^^ not found in this scope
    |
help: consider importing one of these items
    |
209 +     use core::fmt::Result;
    |
209 +     use core::result::Result;
    |

error[E0425]: cannot find function, tuple struct or tuple variant `Ok` in this scope
   --> C:\Users\john\.cargo\registry\src\index.crates.io-1949cf8c6b5b557f\serde-1.0.219\src\private\de.rs:350:13
    |
350 |             Ok(Content::Bool(value))
    |             ^^ not found in this scope
    |
help: consider importing this tuple variant
    |
209 +     use core::result::Result::Ok;
    |

error[E0412]: cannot find type `Result` in this scope
   --> C:\Users\john\.cargo\registry\src\index.crates.io-1949cf8c6b5b557f\serde-1.0.219\src\private\de.rs:353:44
    |
353 |         fn visit_i8<F>(self, value: i8) -> Result<Self::Value, F>
    |                                            ^^^^^^ not found in this scope
    |
help: consider importing one of these items
    |
209 +     use core::fmt::Result;
    |
209 +     use core::result::Result;
    |

error[E0425]: cannot find function, tuple struct or tuple variant `Ok` in this scope
   --> C:\Users\john\.cargo\registry\src\index.crates.io-1949cf8c6b5b557f\serde-1.0.219\src\private\de.rs:357:13
    |
357 |             Ok(Content::I8(value))
    |             ^^ not found in this scope
    |
help: consider importing this tuple variant
    |
209 +     use core::result::Result::Ok;
    |

error[E0412]: cannot find type `Result` in this scope
   --> C:\Users\john\.cargo\registry\src\index.crates.io-1949cf8c6b5b557f\serde-1.0.219\src\private\de.rs:360:46
    |
360 |         fn visit_i16<F>(self, value: i16) -> Result<Self::Value, F>
    |                                              ^^^^^^ not found in this scope
    |
help: consider importing one of these items
    |
209 +     use core::fmt::Result;
    |
209 +     use core::result::Result;
    |

error[E0425]: cannot find function, tuple struct or tuple variant `Ok` in this scope
   --> C:\Users\john\.cargo\registry\src\index.crates.io-1949cf8c6b5b557f\serde-1.0.219\src\private\de.rs:364:13
    |
364 |             Ok(Content::I16(value))
    |             ^^ not found in this scope
    |
help: consider importing this tuple variant
    |
209 +     use core::result::Result::Ok;
    |

error[E0412]: cannot find type `Result` in this scope
   --> C:\Users\john\.cargo\registry\src\index.crates.io-1949cf8c6b5b557f\serde-1.0.219\src\private\de.rs:367:46
    |
367 |         fn visit_i32<F>(self, value: i32) -> Result<Self::Value, F>
    |                                              ^^^^^^ not found in this scope
    |
help: consider importing one of these items
    |
209 +     use core::fmt::Result;
    |
209 +     use core::result::Result;
    |

error[E0425]: cannot find function, tuple struct or tuple variant `Ok` in this scope
   --> C:\Users\john\.cargo\registry\src\index.crates.io-1949cf8c6b5b557f\serde-1.0.219\src\private\de.rs:371:13
    |
371 |             Ok(Content::I32(value))
    |             ^^ not found in this scope
    |
help: consider importing this tuple variant
    |
209 +     use core::result::Result::Ok;
    |

error[E0412]: cannot find type `Result` in this scope
   --> C:\Users\john\.cargo\registry\src\index.crates.io-1949cf8c6b5b557f\serde-1.0.219\src\private\de.rs:374:46
    |
374 |         fn visit_i64<F>(self, value: i64) -> Result<Self::Value, F>
    |                                              ^^^^^^ not found in this scope
    |
help: consider importing one of these items
    |
209 +     use core::fmt::Result;
    |
209 +     use core::result::Result;
    |

error[E0425]: cannot find function, tuple struct or tuple variant `Ok` in this scope
   --> C:\Users\john\.cargo\registry\src\index.crates.io-1949cf8c6b5b557f\serde-1.0.219\src\private\de.rs:378:13
    |
378 |             Ok(Content::I64(value))
    |             ^^ not found in this scope
    |
help: consider importing this tuple variant
    |
209 +     use core::result::Result::Ok;
    |

error[E0412]: cannot find type `Result` in this scope
   --> C:\Users\john\.cargo\registry\src\index.crates.io-1949cf8c6b5b557f\serde-1.0.219\src\private\de.rs:381:44
    |
381 |         fn visit_u8<F>(self, value: u8) -> Result<Self::Value, F>
    |                                            ^^^^^^ not found in this scope
    |
help: consider importing one of these items
    |
209 +     use core::fmt::Result;
    |
209 +     use core::result::Result;
    |

error[E0425]: cannot find function, tuple struct or tuple variant `Ok` in this scope
   --> C:\Users\john\.cargo\registry\src\index.crates.io-1949cf8c6b5b557f\serde-1.0.219\src\private\de.rs:385:13
    |
385 |             Ok(Content::U8(value))
    |             ^^ not found in this scope
    |
help: consider importing this tuple variant
    |
209 +     use core::result::Result::Ok;
    |

error[E0412]: cannot find type `Result` in this scope
   --> C:\Users\john\.cargo\registry\src\index.crates.io-1949cf8c6b5b557f\serde-1.0.219\src\private\de.rs:388:46
    |
388 |         fn visit_u16<F>(self, value: u16) -> Result<Self::Value, F>
    |                                              ^^^^^^ not found in this scope
    |
help: consider importing one of these items
    |
209 +     use core::fmt::Result;
    |
209 +     use core::result::Result;
    |

error[E0425]: cannot find function, tuple struct or tuple variant `Ok` in this scope
   --> C:\Users\john\.cargo\registry\src\index.crates.io-1949cf8c6b5b557f\serde-1.0.219\src\private\de.rs:392:13
    |
392 |             Ok(Content::U16(value))
    |             ^^ not found in this scope
    |
help: consider importing this tuple variant
    |
209 +     use core::result::Result::Ok;
    |

error[E0412]: cannot find type `Result` in this scope
   --> C:\Users\john\.cargo\registry\src\index.crates.io-1949cf8c6b5b557f\serde-1.0.219\src\private\de.rs:395:46
    |
395 |         fn visit_u32<F>(self, value: u32) -> Result<Self::Value, F>
    |                                              ^^^^^^ not found in this scope
    |
help: consider importing one of these items
    |
209 +     use core::fmt::Result;
    |
209 +     use core::result::Result;
    |

error[E0425]: cannot find function, tuple struct or tuple variant `Ok` in this scope
   --> C:\Users\john\.cargo\registry\src\index.crates.io-1949cf8c6b5b557f\serde-1.0.219\src\private\de.rs:399:13
    |
399 |             Ok(Content::U32(value))
    |             ^^ not found in this scope
    |
help: consider importing this tuple variant
    |
209 +     use core::result::Result::Ok;
    |

error[E0412]: cannot find type `Result` in this scope
   --> C:\Users\john\.cargo\registry\src\index.crates.io-1949cf8c6b5b557f\serde-1.0.219\src\private\de.rs:402:46
    |
402 |         fn visit_u64<F>(self, value: u64) -> Result<Self::Value, F>
    |                                              ^^^^^^ not found in this scope
    |
help: consider importing one of these items
    |
209 +     use core::fmt::Result;
    |
209 +     use core::result::Result;
    |

error[E0425]: cannot find function, tuple struct or tuple variant `Ok` in this scope
   --> C:\Users\john\.cargo\registry\src\index.crates.io-1949cf8c6b5b557f\serde-1.0.219\src\private\de.rs:406:13
    |
406 |             Ok(Content::U64(value))
    |             ^^ not found in this scope
    |
help: consider importing this tuple variant
    |
209 +     use core::result::Result::Ok;
    |

error[E0412]: cannot find type `Result` in this scope
   --> C:\Users\john\.cargo\registry\src\index.crates.io-1949cf8c6b5b557f\serde-1.0.219\src\private\de.rs:409:46
    |
409 |         fn visit_f32<F>(self, value: f32) -> Result<Self::Value, F>
    |                                              ^^^^^^ not found in this scope
    |
help: consider importing one of these items
    |
209 +     use core::fmt::Result;
    |
209 +     use core::result::Result;
    |

error[E0425]: cannot find function, tuple struct or tuple variant `Ok` in this scope
   --> C:\Users\john\.cargo\registry\src\index.crates.io-1949cf8c6b5b557f\serde-1.0.219\src\private\de.rs:413:13
    |
413 |             Ok(Content::F32(value))
    |             ^^ not found in this scope
    |
help: consider importing this tuple variant
    |
209 +     use core::result::Result::Ok;
    |

error[E0412]: cannot find type `Result` in this scope
   --> C:\Users\john\.cargo\registry\src\index.crates.io-1949cf8c6b5b557f\serde-1.0.219\src\private\de.rs:416:46
    |
416 |         fn visit_f64<F>(self, value: f64) -> Result<Self::Value, F>
    |                                              ^^^^^^ not found in this scope
    |
help: consider importing one of these items
    |
209 +     use core::fmt::Result;
    |
209 +     use core::result::Result;
    |

error[E0425]: cannot find function, tuple struct or tuple variant `Ok` in this scope
   --> C:\Users\john\.cargo\registry\src\index.crates.io-1949cf8c6b5b557f\serde-1.0.219\src\private\de.rs:420:13
    |
420 |             Ok(Content::F64(value))
    |             ^^ not found in this scope
    |
help: consider importing this tuple variant
    |
209 +     use core::result::Result::Ok;
    |

error[E0412]: cannot find type `Result` in this scope
   --> C:\Users\john\.cargo\registry\src\index.crates.io-1949cf8c6b5b557f\serde-1.0.219\src\private\de.rs:423:48
    |
423 |         fn visit_char<F>(self, value: char) -> Result<Self::Value, F>
    |                                                ^^^^^^ not found in this scope
    |
help: consider importing one of these items
    |
209 +     use core::fmt::Result;
    |
209 +     use core::result::Result;
    |

error[E0425]: cannot find function, tuple struct or tuple variant `Ok` in this scope
   --> C:\Users\john\.cargo\registry\src\index.crates.io-1949cf8c6b5b557f\serde-1.0.219\src\private\de.rs:427:13
    |
427 |             Ok(Content::Char(value))
    |             ^^ not found in this scope
    |
help: consider importing this tuple variant
    |
209 +     use core::result::Result::Ok;
    |

error[E0412]: cannot find type `Result` in this scope
   --> C:\Users\john\.cargo\registry\src\index.crates.io-1949cf8c6b5b557f\serde-1.0.219\src\private\de.rs:430:47
    |
430 |         fn visit_str<F>(self, value: &str) -> Result<Self::Value, F>
    |                                               ^^^^^^ not found in this scope
    |
help: consider importing one of these items
    |
209 +     use core::fmt::Result;
    |
209 +     use core::result::Result;
    |

error[E0425]: cannot find function, tuple struct or tuple variant `Ok` in this scope
   --> C:\Users\john\.cargo\registry\src\index.crates.io-1949cf8c6b5b557f\serde-1.0.219\src\private\de.rs:434:13
    |
434 |             Ok(Content::String(value.into()))
    |             ^^ not found in this scope
    |
help: consider importing this tuple variant
    |
209 +     use core::result::Result::Ok;
    |

error[E0412]: cannot find type `Result` in this scope
   --> C:\Users\john\.cargo\registry\src\index.crates.io-1949cf8c6b5b557f\serde-1.0.219\src\private\de.rs:437:60
    |
437 |         fn visit_borrowed_str<F>(self, value: &'de str) -> Result<Self::Value, F>
    |                                                            ^^^^^^ not found in this scope
    |
help: consider importing one of these items
    |
209 +     use core::fmt::Result;
    |
209 +     use core::result::Result;
    |

error[E0425]: cannot find function, tuple struct or tuple variant `Ok` in this scope
   --> C:\Users\john\.cargo\registry\src\index.crates.io-1949cf8c6b5b557f\serde-1.0.219\src\private\de.rs:441:13
    |
441 |             Ok(Content::Str(value))
    |             ^^ not found in this scope
    |
help: consider importing this tuple variant
    |
209 +     use core::result::Result::Ok;
    |

error[E0412]: cannot find type `Result` in this scope
   --> C:\Users\john\.cargo\registry\src\index.crates.io-1949cf8c6b5b557f\serde-1.0.219\src\private\de.rs:444:52
    |
444 |         fn visit_string<F>(self, value: String) -> Result<Self::Value, F>
    |                                                    ^^^^^^ not found in this scope
    |
help: consider importing one of these items
    |
209 +     use core::fmt::Result;
    |
209 +     use core::result::Result;
    |

error[E0425]: cannot find function, tuple struct or tuple variant `Ok` in this scope
   --> C:\Users\john\.cargo\registry\src\index.crates.io-1949cf8c6b5b557f\serde-1.0.219\src\private\de.rs:448:13
    |
448 |             Ok(Content::String(value))
    |             ^^ not found in this scope
    |
help: consider importing this tuple variant
    |
209 +     use core::result::Result::Ok;
    |

error[E0412]: cannot find type `Result` in this scope
   --> C:\Users\john\.cargo\registry\src\index.crates.io-1949cf8c6b5b557f\serde-1.0.219\src\private\de.rs:451:50
    |
451 |         fn visit_bytes<F>(self, value: &[u8]) -> Result<Self::Value, F>
    |                                                  ^^^^^^ not found in this scope
    |
help: consider importing one of these items
    |
209 +     use core::fmt::Result;
    |
209 +     use core::result::Result;
    |

error[E0425]: cannot find function, tuple struct or tuple variant `Ok` in this scope
   --> C:\Users\john\.cargo\registry\src\index.crates.io-1949cf8c6b5b557f\serde-1.0.219\src\private\de.rs:455:13
    |
455 |             Ok(Content::ByteBuf(value.into()))
    |             ^^ not found in this scope
    |
help: consider importing this tuple variant
    |
209 +     use core::result::Result::Ok;
    |

error[E0412]: cannot find type `Result` in this scope
   --> C:\Users\john\.cargo\registry\src\index.crates.io-1949cf8c6b5b557f\serde-1.0.219\src\private\de.rs:458:63
    |
458 |         fn visit_borrowed_bytes<F>(self, value: &'de [u8]) -> Result<Self::Value, F>
    |                                                               ^^^^^^ not found in this scope
    |
help: consider importing one of these items
    |
209 +     use core::fmt::Result;
    |
209 +     use core::result::Result;
    |

error[E0425]: cannot find function, tuple struct or tuple variant `Ok` in this scope
   --> C:\Users\john\.cargo\registry\src\index.crates.io-1949cf8c6b5b557f\serde-1.0.219\src\private\de.rs:462:13
    |
462 |             Ok(Content::Bytes(value))
    |             ^^ not found in this scope
    |
help: consider importing this tuple variant
    |
209 +     use core::result::Result::Ok;
    |

error[E0412]: cannot find type `Result` in this scope
   --> C:\Users\john\.cargo\registry\src\index.crates.io-1949cf8c6b5b557f\serde-1.0.219\src\private\de.rs:465:55
    |
465 |         fn visit_byte_buf<F>(self, value: Vec<u8>) -> Result<Self::Value, F>
    |                                                       ^^^^^^ not found in this scope
    |
help: consider importing one of these items
    |
209 +     use core::fmt::Result;
    |
209 +     use core::result::Result;
    |

error[E0425]: cannot find function, tuple struct or tuple variant `Ok` in this scope
   --> C:\Users\john\.cargo\registry\src\index.crates.io-1949cf8c6b5b557f\serde-1.0.219\src\private\de.rs:469:13
    |
469 |             Ok(Content::ByteBuf(value))
    |             ^^ not found in this scope
    |
help: consider importing this tuple variant
    |
209 +     use core::result::Result::Ok;
    |

error[E0412]: cannot find type `Result` in this scope
   --> C:\Users\john\.cargo\registry\src\index.crates.io-1949cf8c6b5b557f\serde-1.0.219\src\private\de.rs:472:35
    |
472 |         fn visit_unit<F>(self) -> Result<Self::Value, F>
    |                                   ^^^^^^ not found in this scope
    |
help: consider importing one of these items
    |
209 +     use core::fmt::Result;
    |
209 +     use core::result::Result;
    |

error[E0425]: cannot find function, tuple struct or tuple variant `Ok` in this scope
   --> C:\Users\john\.cargo\registry\src\index.crates.io-1949cf8c6b5b557f\serde-1.0.219\src\private\de.rs:476:13
    |
476 |             Ok(Content::Unit)
    |             ^^ not found in this scope
    |
help: consider importing this tuple variant
    |
209 +     use core::result::Result::Ok;
    |

error[E0412]: cannot find type `Result` in this scope
   --> C:\Users\john\.cargo\registry\src\index.crates.io-1949cf8c6b5b557f\serde-1.0.219\src\private\de.rs:479:35
    |
479 |         fn visit_none<F>(self) -> Result<Self::Value, F>
    |                                   ^^^^^^ not found in this scope
    |
help: consider importing one of these items
    |
209 +     use core::fmt::Result;
    |
209 +     use core::result::Result;
    |

error[E0425]: cannot find function, tuple struct or tuple variant `Ok` in this scope
   --> C:\Users\john\.cargo\registry\src\index.crates.io-1949cf8c6b5b557f\serde-1.0.219\src\private\de.rs:483:13
    |
483 |             Ok(Content::None)
    |             ^^ not found in this scope
    |
help: consider importing this tuple variant
    |
209 +     use core::result::Result::Ok;
    |

error[E0412]: cannot find type `Result` in this scope
   --> C:\Users\john\.cargo\registry\src\index.crates.io-1949cf8c6b5b557f\serde-1.0.219\src\private\de.rs:486:52
    |
486 |         fn visit_some<D>(self, deserializer: D) -> Result<Self::Value, D::Error>
    |                                                    ^^^^^^ not found in this scope
    |
help: consider importing one of these items
    |
209 +     use core::fmt::Result;
    |
209 +     use core::result::Result;
    |

error[E0531]: cannot find tuple struct or tuple variant `Ok` in this scope
   --> C:\Users\john\.cargo\registry\src\index.crates.io-1949cf8c6b5b557f\serde-1.0.219\src\lib.rs:298:13
    |
298 |             Ok(val) => val,
    |             ^^ not found in this scope
    |
   ::: C:\Users\john\.cargo\registry\src\index.crates.io-1949cf8c6b5b557f\serde-1.0.219\src\private\de.rs:490:21
    |
490 |             let v = tri!(Deserialize::deserialize(deserializer));
    |                     -------------------------------------------- in this macro invocation
    |
    = note: this error originates in the macro `tri` (in Nightly builds, run with -Z macro-backtrace for more info)
help: consider importing this tuple variant
   --> C:\Users\john\.cargo\registry\src\index.crates.io-1949cf8c6b5b557f\serde-1.0.219\src\private\de.rs:209:5
    |
209 +     use core::result::Result::Ok;
    |

error[E0531]: cannot find tuple struct or tuple variant `Err` in this scope
   --> C:\Users\john\.cargo\registry\src\index.crates.io-1949cf8c6b5b557f\serde-1.0.219\src\lib.rs:299:13
    |
299 |             Err(err) => return Err(err),
    |             ^^^ not found in this scope
    |
   ::: C:\Users\john\.cargo\registry\src\index.crates.io-1949cf8c6b5b557f\serde-1.0.219\src\private\de.rs:490:21
    |
490 |             let v = tri!(Deserialize::deserialize(deserializer));
    |                     -------------------------------------------- in this macro invocation
    |
    = note: this error originates in the macro `tri` (in Nightly builds, run with -Z macro-backtrace for more info)
help: consider importing this tuple variant
   --> C:\Users\john\.cargo\registry\src\index.crates.io-1949cf8c6b5b557f\serde-1.0.219\src\private\de.rs:209:5
    |
209 +     use core::result::Result::Err;
    |

error[E0425]: cannot find function, tuple struct or tuple variant `Err` in this scope
   --> C:\Users\john\.cargo\registry\src\index.crates.io-1949cf8c6b5b557f\serde-1.0.219\src\lib.rs:299:32
    |
299 |             Err(err) => return Err(err),
    |                                ^^^
    |
   ::: C:\Users\john\.cargo\registry\src\index.crates.io-1949cf8c6b5b557f\serde-1.0.219\src\private\de.rs:490:21
    |
490 |             let v = tri!(Deserialize::deserialize(deserializer));
    |                     -------------------------------------------- in this macro invocation
    |
    = note: this error originates in the macro `tri` (in Nightly builds, run with -Z macro-backtrace for more info)
help: a local variable with a similar name exists
    |
299 -             Err(err) => return Err(err),
299 +             Err(err) => return err(err),
    |
help: consider importing this tuple variant
   --> C:\Users\john\.cargo\registry\src\index.crates.io-1949cf8c6b5b557f\serde-1.0.219\src\private\de.rs:209:5
    |
209 +     use core::result::Result::Err;
    |

error[E0425]: cannot find function, tuple struct or tuple variant `Ok` in this scope
   --> C:\Users\john\.cargo\registry\src\index.crates.io-1949cf8c6b5b557f\serde-1.0.219\src\private\de.rs:491:13
    |
491 |             Ok(Content::Some(Box::new(v)))
    |             ^^ not found in this scope
    |
help: consider importing this tuple variant
    |
209 +     use core::result::Result::Ok;
    |

error[E0412]: cannot find type `Result` in this scope
   --> C:\Users\john\.cargo\registry\src\index.crates.io-1949cf8c6b5b557f\serde-1.0.219\src\private\de.rs:494:62
    |
494 |         fn visit_newtype_struct<D>(self, deserializer: D) -> Result<Self::Value, D::Error>
    |                                                              ^^^^^^ not found in this scope
    |
help: consider importing one of these items
    |
209 +     use core::fmt::Result;
    |
209 +     use core::result::Result;
    |

error[E0531]: cannot find tuple struct or tuple variant `Ok` in this scope
   --> C:\Users\john\.cargo\registry\src\index.crates.io-1949cf8c6b5b557f\serde-1.0.219\src\lib.rs:298:13
    |
298 |             Ok(val) => val,
    |             ^^ not found in this scope
    |
   ::: C:\Users\john\.cargo\registry\src\index.crates.io-1949cf8c6b5b557f\serde-1.0.219\src\private\de.rs:498:21
    |
498 |             let v = tri!(Deserialize::deserialize(deserializer));
    |                     -------------------------------------------- in this macro invocation
    |
    = note: this error originates in the macro `tri` (in Nightly builds, run with -Z macro-backtrace for more info)
help: consider importing this tuple variant
   --> C:\Users\john\.cargo\registry\src\index.crates.io-1949cf8c6b5b557f\serde-1.0.219\src\private\de.rs:209:5
    |
209 +     use core::result::Result::Ok;
    |

error[E0531]: cannot find tuple struct or tuple variant `Err` in this scope
   --> C:\Users\john\.cargo\registry\src\index.crates.io-1949cf8c6b5b557f\serde-1.0.219\src\lib.rs:299:13
    |
299 |             Err(err) => return Err(err),
    |             ^^^ not found in this scope
    |
   ::: C:\Users\john\.cargo\registry\src\index.crates.io-1949cf8c6b5b557f\serde-1.0.219\src\private\de.rs:498:21
    |
498 |             let v = tri!(Deserialize::deserialize(deserializer));
    |                     -------------------------------------------- in this macro invocation
    |
    = note: this error originates in the macro `tri` (in Nightly builds, run with -Z macro-backtrace for more info)
help: consider importing this tuple variant
   --> C:\Users\john\.cargo\registry\src\index.crates.io-1949cf8c6b5b557f\serde-1.0.219\src\private\de.rs:209:5
    |
209 +     use core::result::Result::Err;
    |

error[E0425]: cannot find function, tuple struct or tuple variant `Err` in this scope
   --> C:\Users\john\.cargo\registry\src\index.crates.io-1949cf8c6b5b557f\serde-1.0.219\src\lib.rs:299:32
    |
299 |             Err(err) => return Err(err),
    |                                ^^^
    |
   ::: C:\Users\john\.cargo\registry\src\index.crates.io-1949cf8c6b5b557f\serde-1.0.219\src\private\de.rs:498:21
    |
498 |             let v = tri!(Deserialize::deserialize(deserializer));
    |                     -------------------------------------------- in this macro invocation
    |
    = note: this error originates in the macro `tri` (in Nightly builds, run with -Z macro-backtrace for more info)
help: a local variable with a similar name exists
    |
299 -             Err(err) => return Err(err),
299 +             Err(err) => return err(err),
    |
help: consider importing this tuple variant
   --> C:\Users\john\.cargo\registry\src\index.crates.io-1949cf8c6b5b557f\serde-1.0.219\src\private\de.rs:209:5
    |
209 +     use core::result::Result::Err;
    |

error[E0425]: cannot find function, tuple struct or tuple variant `Ok` in this scope
   --> C:\Users\john\.cargo\registry\src\index.crates.io-1949cf8c6b5b557f\serde-1.0.219\src\private\de.rs:499:13
    |
499 |             Ok(Content::Newtype(Box::new(v)))
    |             ^^ not found in this scope
    |
help: consider importing this tuple variant
    |
209 +     use core::result::Result::Ok;
    |

error[E0412]: cannot find type `Result` in this scope
   --> C:\Users\john\.cargo\registry\src\index.crates.io-1949cf8c6b5b557f\serde-1.0.219\src\private\de.rs:502:50
    |
502 |         fn visit_seq<V>(self, mut visitor: V) -> Result<Self::Value, V::Error>
    |                                                  ^^^^^^ not found in this scope
    |
help: consider importing one of these items
    |
209 +     use core::fmt::Result;
    |
209 +     use core::result::Result;
    |

error[E0531]: cannot find tuple struct or tuple variant `Ok` in this scope
   --> C:\Users\john\.cargo\registry\src\index.crates.io-1949cf8c6b5b557f\serde-1.0.219\src\lib.rs:298:13
    |
298 |             Ok(val) => val,
    |             ^^ not found in this scope
    |
   ::: C:\Users\john\.cargo\registry\src\index.crates.io-1949cf8c6b5b557f\serde-1.0.219\src\private\de.rs:508:33
    |
508 |             while let Some(e) = tri!(visitor.next_element()) {
    |                                 ---------------------------- in this macro invocation
    |
    = note: this error originates in the macro `tri` (in Nightly builds, run with -Z macro-backtrace for more info)
help: consider importing this tuple variant
   --> C:\Users\john\.cargo\registry\src\index.crates.io-1949cf8c6b5b557f\serde-1.0.219\src\private\de.rs:209:5
    |
209 +     use core::result::Result::Ok;
    |

error[E0531]: cannot find tuple struct or tuple variant `Err` in this scope
   --> C:\Users\john\.cargo\registry\src\index.crates.io-1949cf8c6b5b557f\serde-1.0.219\src\lib.rs:299:13
    |
299 |             Err(err) => return Err(err),
    |             ^^^ not found in this scope
    |
   ::: C:\Users\john\.cargo\registry\src\index.crates.io-1949cf8c6b5b557f\serde-1.0.219\src\private\de.rs:508:33
    |
508 |             while let Some(e) = tri!(visitor.next_element()) {
    |                                 ---------------------------- in this macro invocation
    |
    = note: this error originates in the macro `tri` (in Nightly builds, run with -Z macro-backtrace for more info)
help: consider importing this tuple variant
   --> C:\Users\john\.cargo\registry\src\index.crates.io-1949cf8c6b5b557f\serde-1.0.219\src\private\de.rs:209:5
    |
209 +     use core::result::Result::Err;
    |

error[E0425]: cannot find function, tuple struct or tuple variant `Err` in this scope
   --> C:\Users\john\.cargo\registry\src\index.crates.io-1949cf8c6b5b557f\serde-1.0.219\src\lib.rs:299:32
    |
299 |             Err(err) => return Err(err),
    |                                ^^^
    |
   ::: C:\Users\john\.cargo\registry\src\index.crates.io-1949cf8c6b5b557f\serde-1.0.219\src\private\de.rs:508:33
    |
508 |             while let Some(e) = tri!(visitor.next_element()) {
    |                                 ---------------------------- in this macro invocation
    |
    = note: this error originates in the macro `tri` (in Nightly builds, run with -Z macro-backtrace for more info)
help: a local variable with a similar name exists
    |
299 -             Err(err) => return Err(err),
299 +             Err(err) => return err(err),
    |
help: consider importing this tuple variant
   --> C:\Users\john\.cargo\registry\src\index.crates.io-1949cf8c6b5b557f\serde-1.0.219\src\private\de.rs:209:5
    |
209 +     use core::result::Result::Err;
    |

error[E0531]: cannot find tuple struct or tuple variant `Some` in this scope
   --> C:\Users\john\.cargo\registry\src\index.crates.io-1949cf8c6b5b557f\serde-1.0.219\src\private\de.rs:508:23
    |
508 |             while let Some(e) = tri!(visitor.next_element()) {
    |                       ^^^^ not found in this scope
    |
note: tuple variant `crate::__private::ser::content::Content::Some` exists but is inaccessible
   --> C:\Users\john\.cargo\registry\src\index.crates.io-1949cf8c6b5b557f\serde-1.0.219\src\private\ser.rs:443:9
    |
443 |         Some(Box<Content>),
    |         ^^^^^^^^^^^^^^^^^^ not accessible
help: consider importing one of these tuple variants
    |
209 +     use crate::__private::de::Content::Some;
    |
209 +     use core::option::Option::Some;
    |

error[E0425]: cannot find function, tuple struct or tuple variant `Ok` in this scope
   --> C:\Users\john\.cargo\registry\src\index.crates.io-1949cf8c6b5b557f\serde-1.0.219\src\private\de.rs:511:13
    |
511 |             Ok(Content::Seq(vec))
    |             ^^ not found in this scope
    |
help: consider importing this tuple variant
    |
209 +     use core::result::Result::Ok;
    |

error[E0412]: cannot find type `Result` in this scope
   --> C:\Users\john\.cargo\registry\src\index.crates.io-1949cf8c6b5b557f\serde-1.0.219\src\private\de.rs:514:50
    |
514 |         fn visit_map<V>(self, mut visitor: V) -> Result<Self::Value, V::Error>
    |                                                  ^^^^^^ not found in this scope
    |
help: consider importing one of these items
    |
209 +     use core::fmt::Result;
    |
209 +     use core::result::Result;
    |

error[E0531]: cannot find tuple struct or tuple variant `Ok` in this scope
   --> C:\Users\john\.cargo\registry\src\index.crates.io-1949cf8c6b5b557f\serde-1.0.219\src\lib.rs:298:13
    |
298 |             Ok(val) => val,
    |             ^^ not found in this scope
    |
   ::: C:\Users\john\.cargo\registry\src\index.crates.io-1949cf8c6b5b557f\serde-1.0.219\src\private\de.rs:522:34
    |
522 |             while let Some(kv) = tri!(visitor.next_entry()) {
    |                                  -------------------------- in this macro invocation
    |
    = note: this error originates in the macro `tri` (in Nightly builds, run with -Z macro-backtrace for more info)
help: consider importing this tuple variant
   --> C:\Users\john\.cargo\registry\src\index.crates.io-1949cf8c6b5b557f\serde-1.0.219\src\private\de.rs:209:5
    |
209 +     use core::result::Result::Ok;
    |

error[E0531]: cannot find tuple struct or tuple variant `Err` in this scope
   --> C:\Users\john\.cargo\registry\src\index.crates.io-1949cf8c6b5b557f\serde-1.0.219\src\lib.rs:299:13
    |
299 |             Err(err) => return Err(err),
    |             ^^^ not found in this scope
    |
   ::: C:\Users\john\.cargo\registry\src\index.crates.io-1949cf8c6b5b557f\serde-1.0.219\src\private\de.rs:522:34
    |
522 |             while let Some(kv) = tri!(visitor.next_entry()) {
    |                                  -------------------------- in this macro invocation
    |
    = note: this error originates in the macro `tri` (in Nightly builds, run with -Z macro-backtrace for more info)
help: consider importing this tuple variant
   --> C:\Users\john\.cargo\registry\src\index.crates.io-1949cf8c6b5b557f\serde-1.0.219\src\private\de.rs:209:5
    |
209 +     use core::result::Result::Err;
    |

error[E0425]: cannot find function, tuple struct or tuple variant `Err` in this scope
   --> C:\Users\john\.cargo\registry\src\index.crates.io-1949cf8c6b5b557f\serde-1.0.219\src\lib.rs:299:32
    |
299 |             Err(err) => return Err(err),
    |                                ^^^
    |
   ::: C:\Users\john\.cargo\registry\src\index.crates.io-1949cf8c6b5b557f\serde-1.0.219\src\private\de.rs:522:34
    |
522 |             while let Some(kv) = tri!(visitor.next_entry()) {
    |                                  -------------------------- in this macro invocation
    |
    = note: this error originates in the macro `tri` (in Nightly builds, run with -Z macro-backtrace for more info)
help: a local variable with a similar name exists
    |
299 -             Err(err) => return Err(err),
299 +             Err(err) => return err(err),
    |
help: consider importing this tuple variant
   --> C:\Users\john\.cargo\registry\src\index.crates.io-1949cf8c6b5b557f\serde-1.0.219\src\private\de.rs:209:5
    |
209 +     use core::result::Result::Err;
    |

error[E0531]: cannot find tuple struct or tuple variant `Some` in this scope
   --> C:\Users\john\.cargo\registry\src\index.crates.io-1949cf8c6b5b557f\serde-1.0.219\src\private\de.rs:522:23
    |
522 |             while let Some(kv) = tri!(visitor.next_entry()) {
    |                       ^^^^ not found in this scope
    |
note: tuple variant `crate::__private::ser::content::Content::Some` exists but is inaccessible
   --> C:\Users\john\.cargo\registry\src\index.crates.io-1949cf8c6b5b557f\serde-1.0.219\src\private\ser.rs:443:9
    |
443 |         Some(Box<Content>),
    |         ^^^^^^^^^^^^^^^^^^ not accessible
help: consider importing one of these tuple variants
    |
209 +     use crate::__private::de::Content::Some;
    |
209 +     use core::option::Option::Some;
    |

error[E0425]: cannot find function, tuple struct or tuple variant `Ok` in this scope
   --> C:\Users\john\.cargo\registry\src\index.crates.io-1949cf8c6b5b557f\serde-1.0.219\src\private\de.rs:525:13
    |
525 |             Ok(Content::Map(vec))
    |             ^^ not found in this scope
    |
help: consider importing this tuple variant
    |
209 +     use core::result::Result::Ok;
    |

error[E0412]: cannot find type `Result` in this scope
   --> C:\Users\john\.cargo\registry\src\index.crates.io-1949cf8c6b5b557f\serde-1.0.219\src\private\de.rs:528:48
    |
528 |         fn visit_enum<V>(self, _visitor: V) -> Result<Self::Value, V::Error>
    |                                                ^^^^^^ not found in this scope
    |
help: consider importing one of these items
    |
209 +     use core::fmt::Result;
    |
209 +     use core::result::Result;
    |

error[E0425]: cannot find function, tuple struct or tuple variant `Err` in this scope
   --> C:\Users\john\.cargo\registry\src\index.crates.io-1949cf8c6b5b557f\serde-1.0.219\src\private\de.rs:532:13
    |
532 |             Err(de::Error::custom(
    |             ^^^ not found in this scope
    |
help: consider importing this tuple variant
    |
209 +     use core::result::Result::Err;
    |

error[E0412]: cannot find type `Result` in this scope
   --> C:\Users\john\.cargo\registry\src\index.crates.io-1949cf8c6b5b557f\serde-1.0.219\src\private\de.rs:565:53
    |
565 |         fn deserialize<D>(self, deserializer: D) -> Result<Self::Value, D::Error>
    |                                                     ^^^^^^ not found in this scope
    |
help: consider importing one of these items
    |
209 +     use core::fmt::Result;
    |
209 +     use core::result::Result;
    |

error[E0412]: cannot find type `Result` in this scope
   --> C:\Users\john\.cargo\registry\src\index.crates.io-1949cf8c6b5b557f\serde-1.0.219\src\private\de.rs:582:48
    |
582 |         fn visit_bool<F>(self, value: bool) -> Result<Self::Value, F>
    |                                                ^^^^^^ not found in this scope
    |
help: consider importing one of these items
    |
209 +     use core::fmt::Result;
    |
209 +     use core::result::Result;
    |

error[E0412]: cannot find type `Result` in this scope
   --> C:\Users\john\.cargo\registry\src\index.crates.io-1949cf8c6b5b557f\serde-1.0.219\src\private\de.rs:591:44
    |
591 |         fn visit_i8<F>(self, value: i8) -> Result<Self::Value, F>
    |                                            ^^^^^^ not found in this scope
    |
help: consider importing one of these items
    |
209 +     use core::fmt::Result;
    |
209 +     use core::result::Result;
    |

error[E0412]: cannot find type `Result` in this scope
   --> C:\Users\john\.cargo\registry\src\index.crates.io-1949cf8c6b5b557f\serde-1.0.219\src\private\de.rs:600:46
    |
600 |         fn visit_i16<F>(self, value: i16) -> Result<Self::Value, F>
    |                                              ^^^^^^ not found in this scope
    |
help: consider importing one of these items
    |
209 +     use core::fmt::Result;
    |
209 +     use core::result::Result;
    |

error[E0412]: cannot find type `Result` in this scope
   --> C:\Users\john\.cargo\registry\src\index.crates.io-1949cf8c6b5b557f\serde-1.0.219\src\private\de.rs:609:46
    |
609 |         fn visit_i32<F>(self, value: i32) -> Result<Self::Value, F>
    |                                              ^^^^^^ not found in this scope
    |
help: consider importing one of these items
    |
209 +     use core::fmt::Result;
    |
209 +     use core::result::Result;
    |

error[E0412]: cannot find type `Result` in this scope
   --> C:\Users\john\.cargo\registry\src\index.crates.io-1949cf8c6b5b557f\serde-1.0.219\src\private\de.rs:618:46
    |
618 |         fn visit_i64<F>(self, value: i64) -> Result<Self::Value, F>
    |                                              ^^^^^^ not found in this scope
    |
help: consider importing one of these items
    |
209 +     use core::fmt::Result;
    |
209 +     use core::result::Result;
    |

error[E0412]: cannot find type `Result` in this scope
   --> C:\Users\john\.cargo\registry\src\index.crates.io-1949cf8c6b5b557f\serde-1.0.219\src\private\de.rs:627:44
    |
627 |         fn visit_u8<F>(self, value: u8) -> Result<Self::Value, F>
    |                                            ^^^^^^ not found in this scope
    |
help: consider importing one of these items
    |
209 +     use core::fmt::Result;
    |
209 +     use core::result::Result;
    |

error[E0412]: cannot find type `Result` in this scope
   --> C:\Users\john\.cargo\registry\src\index.crates.io-1949cf8c6b5b557f\serde-1.0.219\src\private\de.rs:636:46
    |
636 |         fn visit_u16<F>(self, value: u16) -> Result<Self::Value, F>
    |                                              ^^^^^^ not found in this scope
    |
help: consider importing one of these items
    |
209 +     use core::fmt::Result;
    |
209 +     use core::result::Result;
    |

error[E0412]: cannot find type `Result` in this scope
   --> C:\Users\john\.cargo\registry\src\index.crates.io-1949cf8c6b5b557f\serde-1.0.219\src\private\de.rs:645:46
    |
645 |         fn visit_u32<F>(self, value: u32) -> Result<Self::Value, F>
    |                                              ^^^^^^ not found in this scope
    |
help: consider importing one of these items
    |
209 +     use core::fmt::Result;
    |
209 +     use core::result::Result;
    |

error[E0412]: cannot find type `Result` in this scope
   --> C:\Users\john\.cargo\registry\src\index.crates.io-1949cf8c6b5b557f\serde-1.0.219\src\private\de.rs:654:46
    |
654 |         fn visit_u64<F>(self, value: u64) -> Result<Self::Value, F>
    |                                              ^^^^^^ not found in this scope
    |
help: consider importing one of these items
    |
209 +     use core::fmt::Result;
    |
209 +     use core::result::Result;
    |

error[E0412]: cannot find type `Result` in this scope
   --> C:\Users\john\.cargo\registry\src\index.crates.io-1949cf8c6b5b557f\serde-1.0.219\src\private\de.rs:663:46
    |
663 |         fn visit_f32<F>(self, value: f32) -> Result<Self::Value, F>
    |                                              ^^^^^^ not found in this scope
    |
help: consider importing one of these items
    |
209 +     use core::fmt::Result;
    |
209 +     use core::result::Result;
    |

error[E0412]: cannot find type `Result` in this scope
   --> C:\Users\john\.cargo\registry\src\index.crates.io-1949cf8c6b5b557f\serde-1.0.219\src\private\de.rs:672:46
    |
672 |         fn visit_f64<F>(self, value: f64) -> Result<Self::Value, F>
    |                                              ^^^^^^ not found in this scope
    |
help: consider importing one of these items
    |
209 +     use core::fmt::Result;
    |
209 +     use core::result::Result;
    |

error[E0412]: cannot find type `Result` in this scope
   --> C:\Users\john\.cargo\registry\src\index.crates.io-1949cf8c6b5b557f\serde-1.0.219\src\private\de.rs:681:48
    |
681 |         fn visit_char<F>(self, value: char) -> Result<Self::Value, F>
    |                                                ^^^^^^ not found in this scope
    |
help: consider importing one of these items
    |
209 +     use core::fmt::Result;
    |
209 +     use core::result::Result;
    |

error[E0412]: cannot find type `Result` in this scope
   --> C:\Users\john\.cargo\registry\src\index.crates.io-1949cf8c6b5b557f\serde-1.0.219\src\private\de.rs:690:47
    |
690 |         fn visit_str<F>(self, value: &str) -> Result<Self::Value, F>
    |                                               ^^^^^^ not found in this scope
    |
help: consider importing one of these items
    |
209 +     use core::fmt::Result;
    |
209 +     use core::result::Result;
    |

error[E0425]: cannot find function, tuple struct or tuple variant `Ok` in this scope
   --> C:\Users\john\.cargo\registry\src\index.crates.io-1949cf8c6b5b557f\serde-1.0.219\src\private\de.rs:695:17
    |
695 |                 Ok(TagOrContent::Tag)
    |                 ^^ not found in this scope
    |
help: consider importing this tuple variant
    |
209 +     use core::result::Result::Ok;
    |

error[E0412]: cannot find type `Result` in this scope
   --> C:\Users\john\.cargo\registry\src\index.crates.io-1949cf8c6b5b557f\serde-1.0.219\src\private\de.rs:703:60
    |
703 |         fn visit_borrowed_str<F>(self, value: &'de str) -> Result<Self::Value, F>
    |                                                            ^^^^^^ not found in this scope
    |
help: consider importing one of these items
    |
209 +     use core::fmt::Result;
    |
209 +     use core::result::Result;
    |

error[E0425]: cannot find function, tuple struct or tuple variant `Ok` in this scope
   --> C:\Users\john\.cargo\registry\src\index.crates.io-1949cf8c6b5b557f\serde-1.0.219\src\private\de.rs:708:17
    |
708 |                 Ok(TagOrContent::Tag)
    |                 ^^ not found in this scope
    |
help: consider importing this tuple variant
    |
209 +     use core::result::Result::Ok;
    |

error[E0412]: cannot find type `Result` in this scope
   --> C:\Users\john\.cargo\registry\src\index.crates.io-1949cf8c6b5b557f\serde-1.0.219\src\private\de.rs:716:52
    |
716 |         fn visit_string<F>(self, value: String) -> Result<Self::Value, F>
    |                                                    ^^^^^^ not found in this scope
    |
help: consider importing one of these items
    |
209 +     use core::fmt::Result;
    |
209 +     use core::result::Result;
    |

error[E0425]: cannot find function, tuple struct or tuple variant `Ok` in this scope
   --> C:\Users\john\.cargo\registry\src\index.crates.io-1949cf8c6b5b557f\serde-1.0.219\src\private\de.rs:721:17
    |
721 |                 Ok(TagOrContent::Tag)
    |                 ^^ not found in this scope
    |
help: consider importing this tuple variant
    |
209 +     use core::result::Result::Ok;
    |

error[E0412]: cannot find type `Result` in this scope
   --> C:\Users\john\.cargo\registry\src\index.crates.io-1949cf8c6b5b557f\serde-1.0.219\src\private\de.rs:729:50
    |
729 |         fn visit_bytes<F>(self, value: &[u8]) -> Result<Self::Value, F>
    |                                                  ^^^^^^ not found in this scope
    |
help: consider importing one of these items
    |
209 +     use core::fmt::Result;
    |
209 +     use core::result::Result;
    |

error[E0425]: cannot find function, tuple struct or tuple variant `Ok` in this scope
   --> C:\Users\john\.cargo\registry\src\index.crates.io-1949cf8c6b5b557f\serde-1.0.219\src\private\de.rs:734:17
    |
734 |                 Ok(TagOrContent::Tag)
    |                 ^^ not found in this scope
    |
help: consider importing this tuple variant
    |
209 +     use core::result::Result::Ok;
    |

error[E0412]: cannot find type `Result` in this scope
   --> C:\Users\john\.cargo\registry\src\index.crates.io-1949cf8c6b5b557f\serde-1.0.219\src\private\de.rs:742:63
    |
742 |         fn visit_borrowed_bytes<F>(self, value: &'de [u8]) -> Result<Self::Value, F>
    |                                                               ^^^^^^ not found in this scope
    |
help: consider importing one of these items
    |
209 +     use core::fmt::Result;
    |
209 +     use core::result::Result;
    |

error[E0425]: cannot find function, tuple struct or tuple variant `Ok` in this scope
   --> C:\Users\john\.cargo\registry\src\index.crates.io-1949cf8c6b5b557f\serde-1.0.219\src\private\de.rs:747:17
    |
747 |                 Ok(TagOrContent::Tag)
    |                 ^^ not found in this scope
    |
help: consider importing this tuple variant
    |
209 +     use core::result::Result::Ok;
    |

error[E0412]: cannot find type `Result` in this scope
   --> C:\Users\john\.cargo\registry\src\index.crates.io-1949cf8c6b5b557f\serde-1.0.219\src\private\de.rs:755:55
    |
755 |         fn visit_byte_buf<F>(self, value: Vec<u8>) -> Result<Self::Value, F>
    |                                                       ^^^^^^ not found in this scope
    |
help: consider importing one of these items
    |
209 +     use core::fmt::Result;
    |
209 +     use core::result::Result;
    |

error[E0425]: cannot find function, tuple struct or tuple variant `Ok` in this scope
   --> C:\Users\john\.cargo\registry\src\index.crates.io-1949cf8c6b5b557f\serde-1.0.219\src\private\de.rs:760:17
    |
760 |                 Ok(TagOrContent::Tag)
    |                 ^^ not found in this scope
    |
help: consider importing this tuple variant
    |
209 +     use core::result::Result::Ok;
    |

error[E0412]: cannot find type `Result` in this scope
   --> C:\Users\john\.cargo\registry\src\index.crates.io-1949cf8c6b5b557f\serde-1.0.219\src\private\de.rs:768:35
    |
768 |         fn visit_unit<F>(self) -> Result<Self::Value, F>
    |                                   ^^^^^^ not found in this scope
    |
help: consider importing one of these items
    |
209 +     use core::fmt::Result;
    |
209 +     use core::result::Result;
    |

error[E0412]: cannot find type `Result` in this scope
   --> C:\Users\john\.cargo\registry\src\index.crates.io-1949cf8c6b5b557f\serde-1.0.219\src\private\de.rs:777:35
    |
777 |         fn visit_none<F>(self) -> Result<Self::Value, F>
    |                                   ^^^^^^ not found in this scope
    |
help: consider importing one of these items
    |
209 +     use core::fmt::Result;
    |
209 +     use core::result::Result;
    |

error[E0412]: cannot find type `Result` in this scope
   --> C:\Users\john\.cargo\registry\src\index.crates.io-1949cf8c6b5b557f\serde-1.0.219\src\private\de.rs:786:52
    |
786 |         fn visit_some<D>(self, deserializer: D) -> Result<Self::Value, D::Error>
    |                                                    ^^^^^^ not found in this scope
    |
help: consider importing one of these items
    |
209 +     use core::fmt::Result;
    |
209 +     use core::result::Result;
    |

error[E0412]: cannot find type `Result` in this scope
   --> C:\Users\john\.cargo\registry\src\index.crates.io-1949cf8c6b5b557f\serde-1.0.219\src\private\de.rs:795:62
    |
795 |         fn visit_newtype_struct<D>(self, deserializer: D) -> Result<Self::Value, D::Error>
    |                                                              ^^^^^^ not found in this scope
    |
help: consider importing one of these items
    |
209 +     use core::fmt::Result;
    |
209 +     use core::result::Result;
    |

error[E0412]: cannot find type `Result` in this scope
   --> C:\Users\john\.cargo\registry\src\index.crates.io-1949cf8c6b5b557f\serde-1.0.219\src\private\de.rs:804:46
    |
804 |         fn visit_seq<V>(self, visitor: V) -> Result<Self::Value, V::Error>
    |                                              ^^^^^^ not found in this scope
    |
help: consider importing one of these items
    |
209 +     use core::fmt::Result;
    |
209 +     use core::result::Result;
    |

error[E0412]: cannot find type `Result` in this scope
   --> C:\Users\john\.cargo\registry\src\index.crates.io-1949cf8c6b5b557f\serde-1.0.219\src\private\de.rs:813:46
    |
813 |         fn visit_map<V>(self, visitor: V) -> Result<Self::Value, V::Error>
    |                                              ^^^^^^ not found in this scope
    |
help: consider importing one of these items
    |
209 +     use core::fmt::Result;
    |
209 +     use core::result::Result;
    |

error[E0412]: cannot find type `Result` in this scope
   --> C:\Users\john\.cargo\registry\src\index.crates.io-1949cf8c6b5b557f\serde-1.0.219\src\private\de.rs:822:47
    |
822 |         fn visit_enum<V>(self, visitor: V) -> Result<Self::Value, V::Error>
    |                                               ^^^^^^ not found in this scope
    |
help: consider importing one of these items
    |
209 +     use core::fmt::Result;
    |
209 +     use core::result::Result;
    |

error[E0412]: cannot find type `Result` in this scope
   --> C:\Users\john\.cargo\registry\src\index.crates.io-1949cf8c6b5b557f\serde-1.0.219\src\private\de.rs:866:46
    |
866 |         fn visit_seq<S>(self, mut seq: S) -> Result<Self::Value, S::Error>
    |                                              ^^^^^^ not found in this scope
    |
help: consider importing one of these items
    |
209 +     use core::fmt::Result;
    |
209 +     use core::result::Result;
    |

error[E0531]: cannot find tuple struct or tuple variant `Ok` in this scope
   --> C:\Users\john\.cargo\registry\src\index.crates.io-1949cf8c6b5b557f\serde-1.0.219\src\lib.rs:298:13
    |
298 |             Ok(val) => val,
    |             ^^ not found in this scope
    |
   ::: C:\Users\john\.cargo\registry\src\index.crates.io-1949cf8c6b5b557f\serde-1.0.219\src\private\de.rs:870:29
    |
870 |             let tag = match tri!(seq.next_element()) {
    |                             ------------------------ in this macro invocation
    |
    = note: this error originates in the macro `tri` (in Nightly builds, run with -Z macro-backtrace for more info)
help: consider importing this tuple variant
   --> C:\Users\john\.cargo\registry\src\index.crates.io-1949cf8c6b5b557f\serde-1.0.219\src\private\de.rs:209:5
    |
209 +     use core::result::Result::Ok;
    |

error[E0531]: cannot find tuple struct or tuple variant `Err` in this scope
   --> C:\Users\john\.cargo\registry\src\index.crates.io-1949cf8c6b5b557f\serde-1.0.219\src\lib.rs:299:13
    |
299 |             Err(err) => return Err(err),
    |             ^^^ not found in this scope
    |
   ::: C:\Users\john\.cargo\registry\src\index.crates.io-1949cf8c6b5b557f\serde-1.0.219\src\private\de.rs:870:29
    |
870 |             let tag = match tri!(seq.next_element()) {
    |                             ------------------------ in this macro invocation
    |
    = note: this error originates in the macro `tri` (in Nightly builds, run with -Z macro-backtrace for more info)
help: consider importing this tuple variant
   --> C:\Users\john\.cargo\registry\src\index.crates.io-1949cf8c6b5b557f\serde-1.0.219\src\private\de.rs:209:5
    |
209 +     use core::result::Result::Err;
    |

error[E0425]: cannot find function, tuple struct or tuple variant `Err` in this scope
   --> C:\Users\john\.cargo\registry\src\index.crates.io-1949cf8c6b5b557f\serde-1.0.219\src\lib.rs:299:32
    |
299 |             Err(err) => return Err(err),
    |                                ^^^
    |
   ::: C:\Users\john\.cargo\registry\src\index.crates.io-1949cf8c6b5b557f\serde-1.0.219\src\private\de.rs:870:29
    |
870 |             let tag = match tri!(seq.next_element()) {
    |                             ------------------------ in this macro invocation
    |
    = note: this error originates in the macro `tri` (in Nightly builds, run with -Z macro-backtrace for more info)
help: a local variable with a similar name exists
    |
299 -             Err(err) => return Err(err),
299 +             Err(err) => return err(err),
    |
help: consider importing this tuple variant
   --> C:\Users\john\.cargo\registry\src\index.crates.io-1949cf8c6b5b557f\serde-1.0.219\src\private\de.rs:209:5
    |
209 +     use core::result::Result::Err;
    |

error[E0531]: cannot find tuple struct or tuple variant `Some` in this scope
   --> C:\Users\john\.cargo\registry\src\index.crates.io-1949cf8c6b5b557f\serde-1.0.219\src\private\de.rs:871:17
    |
871 |                 Some(tag) => tag,
    |                 ^^^^ not found in this scope
    |
note: tuple variant `crate::__private::ser::content::Content::Some` exists but is inaccessible
   --> C:\Users\john\.cargo\registry\src\index.crates.io-1949cf8c6b5b557f\serde-1.0.219\src\private\ser.rs:443:9
    |
443 |         Some(Box<Content>),
    |         ^^^^^^^^^^^^^^^^^^ not accessible
help: consider importing one of these tuple variants
    |
209 +     use crate::__private::de::Content::Some;
    |
209 +     use core::option::Option::Some;
    |

error[E0425]: cannot find function, tuple struct or tuple variant `Err` in this scope
   --> C:\Users\john\.cargo\registry\src\index.crates.io-1949cf8c6b5b557f\serde-1.0.219\src\private\de.rs:873:28
    |
873 |                     return Err(de::Error::missing_field(self.tag_name));
    |                            ^^^ not found in this scope
    |
help: consider importing this tuple variant
    |
209 +     use core::result::Result::Err;
    |

error[E0425]: cannot find function, tuple struct or tuple variant `Ok` in this scope
   --> C:\Users\john\.cargo\registry\src\index.crates.io-1949cf8c6b5b557f\serde-1.0.219\src\private\de.rs:877:13
    |
877 |             Ok((tag, tri!(Content::deserialize(rest))))
    |             ^^ not found in this scope
    |
help: consider importing this tuple variant
    |
209 +     use core::result::Result::Ok;
    |

error[E0531]: cannot find tuple struct or tuple variant `Ok` in this scope
   --> C:\Users\john\.cargo\registry\src\index.crates.io-1949cf8c6b5b557f\serde-1.0.219\src\lib.rs:298:13
    |
298 |             Ok(val) => val,
    |             ^^ not found in this scope
    |
   ::: C:\Users\john\.cargo\registry\src\index.crates.io-1949cf8c6b5b557f\serde-1.0.219\src\private\de.rs:877:22
    |
877 |             Ok((tag, tri!(Content::deserialize(rest))))
    |                      -------------------------------- in this macro invocation
    |
    = note: this error originates in the macro `tri` (in Nightly builds, run with -Z macro-backtrace for more info)
help: consider importing this tuple variant
   --> C:\Users\john\.cargo\registry\src\index.crates.io-1949cf8c6b5b557f\serde-1.0.219\src\private\de.rs:209:5
    |
209 +     use core::result::Result::Ok;
    |

error[E0531]: cannot find tuple struct or tuple variant `Err` in this scope
   --> C:\Users\john\.cargo\registry\src\index.crates.io-1949cf8c6b5b557f\serde-1.0.219\src\lib.rs:299:13
    |
299 |             Err(err) => return Err(err),
    |             ^^^ not found in this scope
    |
   ::: C:\Users\john\.cargo\registry\src\index.crates.io-1949cf8c6b5b557f\serde-1.0.219\src\private\de.rs:877:22
    |
877 |             Ok((tag, tri!(Content::deserialize(rest))))
    |                      -------------------------------- in this macro invocation
    |
    = note: this error originates in the macro `tri` (in Nightly builds, run with -Z macro-backtrace for more info)
help: consider importing this tuple variant
   --> C:\Users\john\.cargo\registry\src\index.crates.io-1949cf8c6b5b557f\serde-1.0.219\src\private\de.rs:209:5
    |
209 +     use core::result::Result::Err;
    |

error[E0425]: cannot find function, tuple struct or tuple variant `Err` in this scope
   --> C:\Users\john\.cargo\registry\src\index.crates.io-1949cf8c6b5b557f\serde-1.0.219\src\lib.rs:299:32
    |
299 |             Err(err) => return Err(err),
    |                                ^^^
    |
   ::: C:\Users\john\.cargo\registry\src\index.crates.io-1949cf8c6b5b557f\serde-1.0.219\src\private\de.rs:877:22
    |
877 |             Ok((tag, tri!(Content::deserialize(rest))))
    |                      -------------------------------- in this macro invocation
    |
    = note: this error originates in the macro `tri` (in Nightly builds, run with -Z macro-backtrace for more info)
help: a local variable with a similar name exists
    |
299 -             Err(err) => return Err(err),
299 +             Err(err) => return err(err),
    |
help: consider importing this tuple variant
   --> C:\Users\john\.cargo\registry\src\index.crates.io-1949cf8c6b5b557f\serde-1.0.219\src\private\de.rs:209:5
    |
209 +     use core::result::Result::Err;
    |

error[E0412]: cannot find type `Result` in this scope
   --> C:\Users\john\.cargo\registry\src\index.crates.io-1949cf8c6b5b557f\serde-1.0.219\src\private\de.rs:880:46
    |
880 |         fn visit_map<M>(self, mut map: M) -> Result<Self::Value, M::Error>
    |                                              ^^^^^^ not found in this scope
    |
help: consider importing one of these items
    |
209 +     use core::fmt::Result;
    |
209 +     use core::result::Result;
    |

error[E0425]: cannot find value `None` in this scope
   --> C:\Users\john\.cargo\registry\src\index.crates.io-1949cf8c6b5b557f\serde-1.0.219\src\private\de.rs:884:27
    |
884 |             let mut tag = None;
    |                           ^^^^ not found in this scope
    |
note: unit variant `crate::__private::ser::content::Content::None` exists but is inaccessible
   --> C:\Users\john\.cargo\registry\src\index.crates.io-1949cf8c6b5b557f\serde-1.0.219\src\private\ser.rs:442:9
    |
442 |         None,
    |         ^^^^ not accessible
help: consider importing one of these unit variants
    |
209 +     use crate::__private::de::Content::None;
    |
209 +     use core::option::Option::None;
    |

error[E0531]: cannot find tuple struct or tuple variant `Ok` in this scope
   --> C:\Users\john\.cargo\registry\src\index.crates.io-1949cf8c6b5b557f\serde-1.0.219\src\lib.rs:298:13
    |
298 |             Ok(val) => val,
    |             ^^ not found in this scope
    |
   ::: C:\Users\john\.cargo\registry\src\index.crates.io-1949cf8c6b5b557f\serde-1.0.219\src\private\de.rs:889:33
    |
889 |             while let Some(k) = tri!(map.next_key_seed(TagOrContentVisitor::new(self.tag_name))) {
    |                                 ---------------------------------------------------------------- in this macro invocation
    |
    = note: this error originates in the macro `tri` (in Nightly builds, run with -Z macro-backtrace for more info)
help: consider importing this tuple variant
   --> C:\Users\john\.cargo\registry\src\index.crates.io-1949cf8c6b5b557f\serde-1.0.219\src\private\de.rs:209:5
    |
209 +     use core::result::Result::Ok;
    |

error[E0531]: cannot find tuple struct or tuple variant `Err` in this scope
   --> C:\Users\john\.cargo\registry\src\index.crates.io-1949cf8c6b5b557f\serde-1.0.219\src\lib.rs:299:13
    |
299 |             Err(err) => return Err(err),
    |             ^^^ not found in this scope
    |
   ::: C:\Users\john\.cargo\registry\src\index.crates.io-1949cf8c6b5b557f\serde-1.0.219\src\private\de.rs:889:33
    |
889 |             while let Some(k) = tri!(map.next_key_seed(TagOrContentVisitor::new(self.tag_name))) {
    |                                 ---------------------------------------------------------------- in this macro invocation
    |
    = note: this error originates in the macro `tri` (in Nightly builds, run with -Z macro-backtrace for more info)
help: consider importing this tuple variant
   --> C:\Users\john\.cargo\registry\src\index.crates.io-1949cf8c6b5b557f\serde-1.0.219\src\private\de.rs:209:5
    |
209 +     use core::result::Result::Err;
    |

error[E0425]: cannot find function, tuple struct or tuple variant `Err` in this scope
   --> C:\Users\john\.cargo\registry\src\index.crates.io-1949cf8c6b5b557f\serde-1.0.219\src\lib.rs:299:32
    |
299 |             Err(err) => return Err(err),
    |                                ^^^
    |
   ::: C:\Users\john\.cargo\registry\src\index.crates.io-1949cf8c6b5b557f\serde-1.0.219\src\private\de.rs:889:33
    |
889 |             while let Some(k) = tri!(map.next_key_seed(TagOrContentVisitor::new(self.tag_name))) {
    |                                 ---------------------------------------------------------------- in this macro invocation
    |
    = note: this error originates in the macro `tri` (in Nightly builds, run with -Z macro-backtrace for more info)
help: a local variable with a similar name exists
    |
299 -             Err(err) => return Err(err),
299 +             Err(err) => return err(err),
    |
help: consider importing this tuple variant
   --> C:\Users\john\.cargo\registry\src\index.crates.io-1949cf8c6b5b557f\serde-1.0.219\src\private\de.rs:209:5
    |
209 +     use core::result::Result::Err;
    |

error[E0531]: cannot find tuple struct or tuple variant `Some` in this scope
   --> C:\Users\john\.cargo\registry\src\index.crates.io-1949cf8c6b5b557f\serde-1.0.219\src\private\de.rs:889:23
    |
889 |             while let Some(k) = tri!(map.next_key_seed(TagOrContentVisitor::new(self.tag_name))) {
    |                       ^^^^ not found in this scope
    |
note: tuple variant `crate::__private::ser::content::Content::Some` exists but is inaccessible
   --> C:\Users\john\.cargo\registry\src\index.crates.io-1949cf8c6b5b557f\serde-1.0.219\src\private\ser.rs:443:9
    |
443 |         Some(Box<Content>),
    |         ^^^^^^^^^^^^^^^^^^ not accessible
help: consider importing one of these tuple variants
    |
209 +     use crate::__private::de::Content::Some;
    |
209 +     use core::option::Option::Some;
    |

error[E0425]: cannot find function, tuple struct or tuple variant `Err` in this scope
   --> C:\Users\john\.cargo\registry\src\index.crates.io-1949cf8c6b5b557f\serde-1.0.219\src\private\de.rs:893:36
    |
893 | ...                   return Err(de::Error::duplicate_field(self.tag_name));
    |                              ^^^ not found in this scope
    |
help: consider importing this tuple variant
    |
209 +     use core::result::Result::Err;
    |

error[E0425]: cannot find function, tuple struct or tuple variant `Some` in this scope
   --> C:\Users\john\.cargo\registry\src\index.crates.io-1949cf8c6b5b557f\serde-1.0.219\src\private\de.rs:895:31
    |
895 |                         tag = Some(tri!(map.next_value()));
    |                               ^^^^ not found in this scope
    |
note: tuple variant `crate::__private::ser::content::Content::Some` exists but is inaccessible
   --> C:\Users\john\.cargo\registry\src\index.crates.io-1949cf8c6b5b557f\serde-1.0.219\src\private\ser.rs:443:9
    |
443 |         Some(Box<Content>),
    |         ^^^^^^^^^^^^^^^^^^ not accessible
help: consider importing one of these tuple variants
    |
209 +     use crate::__private::de::Content::Some;
    |
209 +     use core::option::Option::Some;
    |

error[E0531]: cannot find tuple struct or tuple variant `Ok` in this scope
   --> C:\Users\john\.cargo\registry\src\index.crates.io-1949cf8c6b5b557f\serde-1.0.219\src\lib.rs:298:13
    |
298 |             Ok(val) => val,
    |             ^^ not found in this scope
    |
   ::: C:\Users\john\.cargo\registry\src\index.crates.io-1949cf8c6b5b557f\serde-1.0.219\src\private\de.rs:895:36
    |
895 |                         tag = Some(tri!(map.next_value()));
    |                                    ---------------------- in this macro invocation
    |
    = note: this error originates in the macro `tri` (in Nightly builds, run with -Z macro-backtrace for more info)
help: consider importing this tuple variant
   --> C:\Users\john\.cargo\registry\src\index.crates.io-1949cf8c6b5b557f\serde-1.0.219\src\private\de.rs:209:5
    |
209 +     use core::result::Result::Ok;
    |

error[E0531]: cannot find tuple struct or tuple variant `Err` in this scope
   --> C:\Users\john\.cargo\registry\src\index.crates.io-1949cf8c6b5b557f\serde-1.0.219\src\lib.rs:299:13
    |
299 |             Err(err) => return Err(err),
    |             ^^^ not found in this scope
    |
   ::: C:\Users\john\.cargo\registry\src\index.crates.io-1949cf8c6b5b557f\serde-1.0.219\src\private\de.rs:895:36
    |
895 |                         tag = Some(tri!(map.next_value()));
    |                                    ---------------------- in this macro invocation
    |
    = note: this error originates in the macro `tri` (in Nightly builds, run with -Z macro-backtrace for more info)
help: consider importing this tuple variant
   --> C:\Users\john\.cargo\registry\src\index.crates.io-1949cf8c6b5b557f\serde-1.0.219\src\private\de.rs:209:5
    |
209 +     use core::result::Result::Err;
    |

error[E0425]: cannot find function, tuple struct or tuple variant `Err` in this scope
   --> C:\Users\john\.cargo\registry\src\index.crates.io-1949cf8c6b5b557f\serde-1.0.219\src\lib.rs:299:32
    |
299 |             Err(err) => return Err(err),
    |                                ^^^
    |
   ::: C:\Users\john\.cargo\registry\src\index.crates.io-1949cf8c6b5b557f\serde-1.0.219\src\private\de.rs:895:36
    |
895 |                         tag = Some(tri!(map.next_value()));
    |                                    ---------------------- in this macro invocation
    |
    = note: this error originates in the macro `tri` (in Nightly builds, run with -Z macro-backtrace for more info)
help: a local variable with a similar name exists
    |
299 -             Err(err) => return Err(err),
299 +             Err(err) => return err(err),
    |
help: consider importing this tuple variant
   --> C:\Users\john\.cargo\registry\src\index.crates.io-1949cf8c6b5b557f\serde-1.0.219\src\private\de.rs:209:5
    |
209 +     use core::result::Result::Err;
    |

error[E0531]: cannot find tuple struct or tuple variant `Ok` in this scope
   --> C:\Users\john\.cargo\registry\src\index.crates.io-1949cf8c6b5b557f\serde-1.0.219\src\lib.rs:298:13
    |
298 |             Ok(val) => val,
    |             ^^ not found in this scope
    |
   ::: C:\Users\john\.cargo\registry\src\index.crates.io-1949cf8c6b5b557f\serde-1.0.219\src\private\de.rs:898:33
    |
898 |                         let v = tri!(map.next_value());
    |                                 ---------------------- in this macro invocation
    |
    = note: this error originates in the macro `tri` (in Nightly builds, run with -Z macro-backtrace for more info)
help: consider importing this tuple variant
   --> C:\Users\john\.cargo\registry\src\index.crates.io-1949cf8c6b5b557f\serde-1.0.219\src\private\de.rs:209:5
    |
209 +     use core::result::Result::Ok;
    |

error[E0531]: cannot find tuple struct or tuple variant `Err` in this scope
   --> C:\Users\john\.cargo\registry\src\index.crates.io-1949cf8c6b5b557f\serde-1.0.219\src\lib.rs:299:13
    |
299 |             Err(err) => return Err(err),
    |             ^^^ not found in this scope
    |
   ::: C:\Users\john\.cargo\registry\src\index.crates.io-1949cf8c6b5b557f\serde-1.0.219\src\private\de.rs:898:33
    |
898 |                         let v = tri!(map.next_value());
    |                                 ---------------------- in this macro invocation
    |
    = note: this error originates in the macro `tri` (in Nightly builds, run with -Z macro-backtrace for more info)
help: consider importing this tuple variant
   --> C:\Users\john\.cargo\registry\src\index.crates.io-1949cf8c6b5b557f\serde-1.0.219\src\private\de.rs:209:5
    |
209 +     use core::result::Result::Err;
    |

error[E0425]: cannot find function, tuple struct or tuple variant `Err` in this scope
   --> C:\Users\john\.cargo\registry\src\index.crates.io-1949cf8c6b5b557f\serde-1.0.219\src\lib.rs:299:32
    |
299 |             Err(err) => return Err(err),
    |                                ^^^
    |
   ::: C:\Users\john\.cargo\registry\src\index.crates.io-1949cf8c6b5b557f\serde-1.0.219\src\private\de.rs:898:33
    |
898 |                         let v = tri!(map.next_value());
    |                                 ---------------------- in this macro invocation
    |
    = note: this error originates in the macro `tri` (in Nightly builds, run with -Z macro-backtrace for more info)
help: a local variable with a similar name exists
    |
299 -             Err(err) => return Err(err),
299 +             Err(err) => return err(err),
    |
help: consider importing this tuple variant
   --> C:\Users\john\.cargo\registry\src\index.crates.io-1949cf8c6b5b557f\serde-1.0.219\src\private\de.rs:209:5
    |
209 +     use core::result::Result::Err;
    |

error[E0425]: cannot find function, tuple struct or tuple variant `Err` in this scope
   --> C:\Users\john\.cargo\registry\src\index.crates.io-1949cf8c6b5b557f\serde-1.0.219\src\private\de.rs:904:25
    |
904 |                 None => Err(de::Error::missing_field(self.tag_name)),
    |                         ^^^ not found in this scope
    |
help: consider importing this tuple variant
    |
209 +     use core::result::Result::Err;
    |

error[E0531]: cannot find tuple struct or tuple variant `Some` in this scope
   --> C:\Users\john\.cargo\registry\src\index.crates.io-1949cf8c6b5b557f\serde-1.0.219\src\private\de.rs:905:17
    |
905 |                 Some(tag) => Ok((tag, Content::Map(vec))),
    |                 ^^^^ not found in this scope
    |
note: tuple variant `crate::__private::ser::content::Content::Some` exists but is inaccessible
   --> C:\Users\john\.cargo\registry\src\index.crates.io-1949cf8c6b5b557f\serde-1.0.219\src\private\ser.rs:443:9
    |
443 |         Some(Box<Content>),
    |         ^^^^^^^^^^^^^^^^^^ not accessible
help: consider importing one of these tuple variants
    |
209 +     use crate::__private::de::Content::Some;
    |
209 +     use core::option::Option::Some;
    |

error[E0425]: cannot find function, tuple struct or tuple variant `Ok` in this scope
   --> C:\Users\john\.cargo\registry\src\index.crates.io-1949cf8c6b5b557f\serde-1.0.219\src\private\de.rs:905:30
    |
905 |                 Some(tag) => Ok((tag, Content::Map(vec))),
    |                              ^^ not found in this scope
    |
help: consider importing this tuple variant
    |
209 +     use core::result::Result::Ok;
    |

error[E0412]: cannot find type `Result` in this scope
   --> C:\Users\john\.cargo\registry\src\index.crates.io-1949cf8c6b5b557f\serde-1.0.219\src\private\de.rs:929:53
    |
929 |         fn deserialize<D>(self, deserializer: D) -> Result<Self::Value, D::Error>
    |                                                     ^^^^^^ not found in this scope
    |
help: consider importing one of these items
    |
209 +     use core::fmt::Result;
    |
209 +     use core::result::Result;
    |

error[E0412]: cannot find type `Result` in this scope
   --> C:\Users\john\.cargo\registry\src\index.crates.io-1949cf8c6b5b557f\serde-1.0.219\src\private\de.rs:944:52
    |
944 |         fn visit_u64<E>(self, field_index: u64) -> Result<Self::Value, E>
    |                                                    ^^^^^^ not found in this scope
    |
help: consider importing one of these items
    |
209 +     use core::fmt::Result;
    |
209 +     use core::result::Result;
    |

error[E0425]: cannot find function, tuple struct or tuple variant `Ok` in this scope
   --> C:\Users\john\.cargo\registry\src\index.crates.io-1949cf8c6b5b557f\serde-1.0.219\src\private\de.rs:949:22
    |
949 |                 0 => Ok(TagOrContentField::Tag),
    |                      ^^ not found in this scope
    |
help: consider importing this tuple variant
    |
209 +     use core::result::Result::Ok;
    |

error[E0425]: cannot find function, tuple struct or tuple variant `Ok` in this scope
   --> C:\Users\john\.cargo\registry\src\index.crates.io-1949cf8c6b5b557f\serde-1.0.219\src\private\de.rs:950:22
    |
950 |                 1 => Ok(TagOrContentField::Content),
    |                      ^^ not found in this scope
    |
help: consider importing this tuple variant
    |
209 +     use core::result::Result::Ok;
    |

error[E0425]: cannot find function, tuple struct or tuple variant `Err` in this scope
   --> C:\Users\john\.cargo\registry\src\index.crates.io-1949cf8c6b5b557f\serde-1.0.219\src\private\de.rs:951:22
    |
951 |                 _ => Err(de::Error::invalid_value(
    |                      ^^^ not found in this scope
    |
help: consider importing this tuple variant
    |
209 +     use core::result::Result::Err;
    |

error[E0412]: cannot find type `Result` in this scope
   --> C:\Users\john\.cargo\registry\src\index.crates.io-1949cf8c6b5b557f\serde-1.0.219\src\private\de.rs:958:47
    |
958 |         fn visit_str<E>(self, field: &str) -> Result<Self::Value, E>
    |                                               ^^^^^^ not found in this scope
    |
help: consider importing one of these items
    |
209 +     use core::fmt::Result;
    |
209 +     use core::result::Result;
    |

error[E0425]: cannot find function, tuple struct or tuple variant `Ok` in this scope
   --> C:\Users\john\.cargo\registry\src\index.crates.io-1949cf8c6b5b557f\serde-1.0.219\src\private\de.rs:963:17
    |
963 |                 Ok(TagOrContentField::Tag)
    |                 ^^ not found in this scope
    |
help: consider importing this tuple variant
    |
209 +     use core::result::Result::Ok;
    |

error[E0425]: cannot find function, tuple struct or tuple variant `Ok` in this scope
   --> C:\Users\john\.cargo\registry\src\index.crates.io-1949cf8c6b5b557f\serde-1.0.219\src\private\de.rs:965:17
    |
965 |                 Ok(TagOrContentField::Content)
    |                 ^^ not found in this scope
    |
help: consider importing this tuple variant
    |
209 +     use core::result::Result::Ok;
    |

error[E0425]: cannot find function, tuple struct or tuple variant `Err` in this scope
   --> C:\Users\john\.cargo\registry\src\index.crates.io-1949cf8c6b5b557f\serde-1.0.219\src\private\de.rs:967:17
    |
967 |                 Err(de::Error::invalid_value(Unexpected::Str(field), &self))
    |                 ^^^ not found in this scope
    |
help: consider importing this tuple variant
    |
209 +     use core::result::Result::Err;
    |

error[E0412]: cannot find type `Result` in this scope
   --> C:\Users\john\.cargo\registry\src\index.crates.io-1949cf8c6b5b557f\serde-1.0.219\src\private\de.rs:971:50
    |
971 |         fn visit_bytes<E>(self, field: &[u8]) -> Result<Self::Value, E>
    |                                                  ^^^^^^ not found in this scope
    |
help: consider importing one of these items
    |
209 +     use core::fmt::Result;
    |
209 +     use core::result::Result;
    |

error[E0425]: cannot find function, tuple struct or tuple variant `Ok` in this scope
   --> C:\Users\john\.cargo\registry\src\index.crates.io-1949cf8c6b5b557f\serde-1.0.219\src\private\de.rs:976:17
    |
976 |                 Ok(TagOrContentField::Tag)
    |                 ^^ not found in this scope
    |
help: consider importing this tuple variant
    |
209 +     use core::result::Result::Ok;
    |

error[E0425]: cannot find function, tuple struct or tuple variant `Ok` in this scope
   --> C:\Users\john\.cargo\registry\src\index.crates.io-1949cf8c6b5b557f\serde-1.0.219\src\private\de.rs:978:17
    |
978 |                 Ok(TagOrContentField::Content)
    |                 ^^ not found in this scope
    |
help: consider importing this tuple variant
    |
209 +     use core::result::Result::Ok;
    |

error[E0425]: cannot find function, tuple struct or tuple variant `Err` in this scope
   --> C:\Users\john\.cargo\registry\src\index.crates.io-1949cf8c6b5b557f\serde-1.0.219\src\private\de.rs:980:17
    |
980 |                 Err(de::Error::invalid_value(Unexpected::Bytes(field), &self))
    |                 ^^^ not found in this scope
    |
help: consider importing this tuple variant
    |
209 +     use core::result::Result::Err;
    |

error[E0412]: cannot find type `Result` in this scope
    --> C:\Users\john\.cargo\registry\src\index.crates.io-1949cf8c6b5b557f\serde-1.0.219\src\private\de.rs:1006:53
     |
1006 |         fn deserialize<D>(self, deserializer: D) -> Result<Self::Value, D::Error>
     |                                                     ^^^^^^ not found in this scope
     |
help: consider importing one of these items
     |
209  +     use core::fmt::Result;
     |
209  +     use core::result::Result;
     |

error[E0412]: cannot find type `Result` in this scope
    --> C:\Users\john\.cargo\registry\src\index.crates.io-1949cf8c6b5b557f\serde-1.0.219\src\private\de.rs:1025:52
     |
1025 |         fn visit_u64<E>(self, field_index: u64) -> Result<Self::Value, E>
     |                                                    ^^^^^^ not found in this scope
     |
help: consider importing one of these items
     |
209  +     use core::fmt::Result;
     |
209  +     use core::result::Result;
     |

error[E0425]: cannot find function, tuple struct or tuple variant `Ok` in this scope
    --> C:\Users\john\.cargo\registry\src\index.crates.io-1949cf8c6b5b557f\serde-1.0.219\src\private\de.rs:1030:22
     |
1030 |                 0 => Ok(TagContentOtherField::Tag),
     |                      ^^ not found in this scope
     |
help: consider importing this tuple variant
     |
209  +     use core::result::Result::Ok;
     |

error[E0425]: cannot find function, tuple struct or tuple variant `Ok` in this scope
    --> C:\Users\john\.cargo\registry\src\index.crates.io-1949cf8c6b5b557f\serde-1.0.219\src\private\de.rs:1031:22
     |
1031 |                 1 => Ok(TagContentOtherField::Content),
     |                      ^^ not found in this scope
     |
help: consider importing this tuple variant
     |
209  +     use core::result::Result::Ok;
     |

error[E0425]: cannot find function, tuple struct or tuple variant `Ok` in this scope
    --> C:\Users\john\.cargo\registry\src\index.crates.io-1949cf8c6b5b557f\serde-1.0.219\src\private\de.rs:1032:22
     |
1032 |                 _ => Ok(TagContentOtherField::Other),
     |                      ^^ not found in this scope
     |
help: consider importing this tuple variant
     |
209  +     use core::result::Result::Ok;
     |

error[E0412]: cannot find type `Result` in this scope
    --> C:\Users\john\.cargo\registry\src\index.crates.io-1949cf8c6b5b557f\serde-1.0.219\src\private\de.rs:1036:47
     |
1036 |         fn visit_str<E>(self, field: &str) -> Result<Self::Value, E>
     |                                               ^^^^^^ not found in this scope
     |
help: consider importing one of these items
     |
209  +     use core::fmt::Result;
     |
209  +     use core::result::Result;
     |

error[E0412]: cannot find type `Result` in this scope
    --> C:\Users\john\.cargo\registry\src\index.crates.io-1949cf8c6b5b557f\serde-1.0.219\src\private\de.rs:1043:50
     |
1043 |         fn visit_bytes<E>(self, field: &[u8]) -> Result<Self::Value, E>
     |                                                  ^^^^^^ not found in this scope
     |
help: consider importing one of these items
     |
209  +     use core::fmt::Result;
     |
209  +     use core::result::Result;
     |

error[E0425]: cannot find function, tuple struct or tuple variant `Ok` in this scope
    --> C:\Users\john\.cargo\registry\src\index.crates.io-1949cf8c6b5b557f\serde-1.0.219\src\private\de.rs:1048:17
     |
1048 |                 Ok(TagContentOtherField::Tag)
     |                 ^^ not found in this scope
     |
help: consider importing this tuple variant
     |
209  +     use core::result::Result::Ok;
     |

error[E0425]: cannot find function, tuple struct or tuple variant `Ok` in this scope
    --> C:\Users\john\.cargo\registry\src\index.crates.io-1949cf8c6b5b557f\serde-1.0.219\src\private\de.rs:1050:17
     |
1050 |                 Ok(TagContentOtherField::Content)
     |                 ^^ not found in this scope
     |
help: consider importing this tuple variant
     |
209  +     use core::result::Result::Ok;
     |

error[E0425]: cannot find function, tuple struct or tuple variant `Ok` in this scope
    --> C:\Users\john\.cargo\registry\src\index.crates.io-1949cf8c6b5b557f\serde-1.0.219\src\private\de.rs:1052:17
     |
1052 |                 Ok(TagContentOtherField::Other)
     |                 ^^ not found in this scope
     |
help: consider importing this tuple variant
     |
209  +     use core::result::Result::Ok;
     |

error[E0412]: cannot find type `Result` in this scope
    --> C:\Users\john\.cargo\registry\src\index.crates.io-1949cf8c6b5b557f\serde-1.0.219\src\private\de.rs:1072:56
     |
1072 |         fn deserialize_integer<V>(self, visitor: V) -> Result<V::Value, E>
     |                                                        ^^^^^^ not found in this scope
     |
help: consider importing one of these items
     |
209  +     use core::fmt::Result;
     |
209  +     use core::result::Result;
     |

error[E0425]: cannot find function, tuple struct or tuple variant `Err` in this scope
    --> C:\Users\john\.cargo\registry\src\index.crates.io-1949cf8c6b5b557f\serde-1.0.219\src\private\de.rs:1085:22
     |
1085 |                 _ => Err(self.invalid_type(&visitor)),
     |                      ^^^ not found in this scope
     |
help: consider importing this tuple variant
     |
209  +     use core::result::Result::Err;
     |

error[E0412]: cannot find type `Result` in this scope
    --> C:\Users\john\.cargo\registry\src\index.crates.io-1949cf8c6b5b557f\serde-1.0.219\src\private\de.rs:1089:54
     |
1089 |         fn deserialize_float<V>(self, visitor: V) -> Result<V::Value, E>
     |                                                      ^^^^^^ not found in this scope
     |
help: consider importing one of these items
     |
209  +     use core::fmt::Result;
     |
209  +     use core::result::Result;
     |

error[E0425]: cannot find function, tuple struct or tuple variant `Err` in this scope
    --> C:\Users\john\.cargo\registry\src\index.crates.io-1949cf8c6b5b557f\serde-1.0.219\src\private\de.rs:1104:22
     |
1104 |                 _ => Err(self.invalid_type(&visitor)),
     |                      ^^^ not found in this scope
     |
help: consider importing this tuple variant
     |
209  +     use core::result::Result::Err;
     |

error[E0412]: cannot find type `Result` in this scope
    --> C:\Users\john\.cargo\registry\src\index.crates.io-1949cf8c6b5b557f\serde-1.0.219\src\private\de.rs:1109:80
     |
1109 |     fn visit_content_seq<'de, V, E>(content: Vec<Content<'de>>, visitor: V) -> Result<V::Value, E>
     |                                                                                ^^^^^^ not found in this scope
     |
help: consider importing one of these items
     |
209  +     use core::fmt::Result;
     |
209  +     use core::result::Result;
     |

error[E0531]: cannot find tuple struct or tuple variant `Ok` in this scope
    --> C:\Users\john\.cargo\registry\src\index.crates.io-1949cf8c6b5b557f\serde-1.0.219\src\lib.rs:298:13
     |
298  |             Ok(val) => val,
     |             ^^ not found in this scope
     |
    ::: C:\Users\john\.cargo\registry\src\index.crates.io-1949cf8c6b5b557f\serde-1.0.219\src\private\de.rs:1115:21
     |
1115 |         let value = tri!(visitor.visit_seq(&mut seq_visitor));
     |                     ----------------------------------------- in this macro invocation
     |
     = note: this error originates in the macro `tri` (in Nightly builds, run with -Z macro-backtrace for more info)
help: consider importing this tuple variant
    -->  C:\Users\john\.cargo\registry\src\index.crates.io-1949cf8c6b5b557f\serde-1.0.219\src\private\de.rs:209:5
     |
209  +     use core::result::Result::Ok;
     |

error[E0531]: cannot find tuple struct or tuple variant `Err` in this scope
    --> C:\Users\john\.cargo\registry\src\index.crates.io-1949cf8c6b5b557f\serde-1.0.219\src\lib.rs:299:13
     |
299  |             Err(err) => return Err(err),
     |             ^^^ not found in this scope
     |
    ::: C:\Users\john\.cargo\registry\src\index.crates.io-1949cf8c6b5b557f\serde-1.0.219\src\private\de.rs:1115:21
     |
1115 |         let value = tri!(visitor.visit_seq(&mut seq_visitor));
     |                     ----------------------------------------- in this macro invocation
     |
     = note: this error originates in the macro `tri` (in Nightly builds, run with -Z macro-backtrace for more info)
help: consider importing this tuple variant
    -->  C:\Users\john\.cargo\registry\src\index.crates.io-1949cf8c6b5b557f\serde-1.0.219\src\private\de.rs:209:5
     |
209  +     use core::result::Result::Err;
     |

error[E0425]: cannot find function, tuple struct or tuple variant `Err` in this scope
    --> C:\Users\john\.cargo\registry\src\index.crates.io-1949cf8c6b5b557f\serde-1.0.219\src\lib.rs:299:32
     |
299  |             Err(err) => return Err(err),
     |                                ^^^
     |
    ::: C:\Users\john\.cargo\registry\src\index.crates.io-1949cf8c6b5b557f\serde-1.0.219\src\private\de.rs:1115:21
     |
1115 |         let value = tri!(visitor.visit_seq(&mut seq_visitor));
     |                     ----------------------------------------- in this macro invocation
     |
     = note: this error originates in the macro `tri` (in Nightly builds, run with -Z macro-backtrace for more info)
help: a local variable with a similar name exists
     |
299  -             Err(err) => return Err(err),
299  +             Err(err) => return err(err),
     |
help: consider importing this tuple variant
    -->  C:\Users\john\.cargo\registry\src\index.crates.io-1949cf8c6b5b557f\serde-1.0.219\src\private\de.rs:209:5
     |
209  +     use core::result::Result::Err;
     |

error[E0531]: cannot find tuple struct or tuple variant `Ok` in this scope
    --> C:\Users\john\.cargo\registry\src\index.crates.io-1949cf8c6b5b557f\serde-1.0.219\src\lib.rs:298:13
     |
298  |             Ok(val) => val,
     |             ^^ not found in this scope
     |
    ::: C:\Users\john\.cargo\registry\src\index.crates.io-1949cf8c6b5b557f\serde-1.0.219\src\private\de.rs:1116:9
     |
1116 |         tri!(seq_visitor.end());
     |         ----------------------- in this macro invocation
     |
     = note: this error originates in the macro `tri` (in Nightly builds, run with -Z macro-backtrace for more info)
help: consider importing this tuple variant
    -->  C:\Users\john\.cargo\registry\src\index.crates.io-1949cf8c6b5b557f\serde-1.0.219\src\private\de.rs:209:5
     |
209  +     use core::result::Result::Ok;
     |

error[E0531]: cannot find tuple struct or tuple variant `Err` in this scope
    --> C:\Users\john\.cargo\registry\src\index.crates.io-1949cf8c6b5b557f\serde-1.0.219\src\lib.rs:299:13
     |
299  |             Err(err) => return Err(err),
     |             ^^^ not found in this scope
     |
    ::: C:\Users\john\.cargo\registry\src\index.crates.io-1949cf8c6b5b557f\serde-1.0.219\src\private\de.rs:1116:9
     |
1116 |         tri!(seq_visitor.end());
     |         ----------------------- in this macro invocation
     |
     = note: this error originates in the macro `tri` (in Nightly builds, run with -Z macro-backtrace for more info)
help: consider importing this tuple variant
    -->  C:\Users\john\.cargo\registry\src\index.crates.io-1949cf8c6b5b557f\serde-1.0.219\src\private\de.rs:209:5
     |
209  +     use core::result::Result::Err;
     |

error[E0425]: cannot find function, tuple struct or tuple variant `Err` in this scope
    --> C:\Users\john\.cargo\registry\src\index.crates.io-1949cf8c6b5b557f\serde-1.0.219\src\lib.rs:299:32
     |
299  |             Err(err) => return Err(err),
     |                                ^^^
     |
    ::: C:\Users\john\.cargo\registry\src\index.crates.io-1949cf8c6b5b557f\serde-1.0.219\src\private\de.rs:1116:9
     |
1116 |         tri!(seq_visitor.end());
     |         ----------------------- in this macro invocation
     |
     = note: this error originates in the macro `tri` (in Nightly builds, run with -Z macro-backtrace for more info)
help: a local variable with a similar name exists
     |
299  -             Err(err) => return Err(err),
299  +             Err(err) => return err(err),
     |
help: consider importing this tuple variant
    -->  C:\Users\john\.cargo\registry\src\index.crates.io-1949cf8c6b5b557f\serde-1.0.219\src\private\de.rs:209:5
     |
209  +     use core::result::Result::Err;
     |

error[E0425]: cannot find function, tuple struct or tuple variant `Ok` in this scope
    --> C:\Users\john\.cargo\registry\src\index.crates.io-1949cf8c6b5b557f\serde-1.0.219\src\private\de.rs:1117:9
     |
1117 |         Ok(value)
     |         ^^ not found in this scope
     |
help: consider importing this tuple variant
     |
209  +     use core::result::Result::Ok;
     |

error[E0412]: cannot find type `Result` in this scope
    --> C:\Users\john\.cargo\registry\src\index.crates.io-1949cf8c6b5b557f\serde-1.0.219\src\private\de.rs:1123:10
     |
1123 |     ) -> Result<V::Value, E>
     |          ^^^^^^ not found in this scope
     |
help: consider importing one of these items
     |
209  +     use core::fmt::Result;
     |
209  +     use core::result::Result;
     |

error[E0531]: cannot find tuple struct or tuple variant `Ok` in this scope
    --> C:\Users\john\.cargo\registry\src\index.crates.io-1949cf8c6b5b557f\serde-1.0.219\src\lib.rs:298:13
     |
298  |             Ok(val) => val,
     |             ^^ not found in this scope
     |
    ::: C:\Users\john\.cargo\registry\src\index.crates.io-1949cf8c6b5b557f\serde-1.0.219\src\private\de.rs:1129:21
     |
1129 |         let value = tri!(visitor.visit_map(&mut map_visitor));
     |                     ----------------------------------------- in this macro invocation
     |
     = note: this error originates in the macro `tri` (in Nightly builds, run with -Z macro-backtrace for more info)
help: consider importing this tuple variant
    -->  C:\Users\john\.cargo\registry\src\index.crates.io-1949cf8c6b5b557f\serde-1.0.219\src\private\de.rs:209:5
     |
209  +     use core::result::Result::Ok;
     |

error[E0531]: cannot find tuple struct or tuple variant `Err` in this scope
    --> C:\Users\john\.cargo\registry\src\index.crates.io-1949cf8c6b5b557f\serde-1.0.219\src\lib.rs:299:13
     |
299  |             Err(err) => return Err(err),
     |             ^^^ not found in this scope
     |
    ::: C:\Users\john\.cargo\registry\src\index.crates.io-1949cf8c6b5b557f\serde-1.0.219\src\private\de.rs:1129:21
     |
1129 |         let value = tri!(visitor.visit_map(&mut map_visitor));
     |                     ----------------------------------------- in this macro invocation
     |
     = note: this error originates in the macro `tri` (in Nightly builds, run with -Z macro-backtrace for more info)
help: consider importing this tuple variant
    -->  C:\Users\john\.cargo\registry\src\index.crates.io-1949cf8c6b5b557f\serde-1.0.219\src\private\de.rs:209:5
     |
209  +     use core::result::Result::Err;
     |

error[E0425]: cannot find function, tuple struct or tuple variant `Err` in this scope
    --> C:\Users\john\.cargo\registry\src\index.crates.io-1949cf8c6b5b557f\serde-1.0.219\src\lib.rs:299:32
     |
299  |             Err(err) => return Err(err),
     |                                ^^^
     |
    ::: C:\Users\john\.cargo\registry\src\index.crates.io-1949cf8c6b5b557f\serde-1.0.219\src\private\de.rs:1129:21
     |
1129 |         let value = tri!(visitor.visit_map(&mut map_visitor));
     |                     ----------------------------------------- in this macro invocation
     |
     = note: this error originates in the macro `tri` (in Nightly builds, run with -Z macro-backtrace for more info)
help: a local variable with a similar name exists
     |
299  -             Err(err) => return Err(err),
299  +             Err(err) => return err(err),
     |
help: consider importing this tuple variant
    -->  C:\Users\john\.cargo\registry\src\index.crates.io-1949cf8c6b5b557f\serde-1.0.219\src\private\de.rs:209:5
     |
209  +     use core::result::Result::Err;
     |

error[E0531]: cannot find tuple struct or tuple variant `Ok` in this scope
    --> C:\Users\john\.cargo\registry\src\index.crates.io-1949cf8c6b5b557f\serde-1.0.219\src\lib.rs:298:13
     |
298  |             Ok(val) => val,
     |             ^^ not found in this scope
     |
    ::: C:\Users\john\.cargo\registry\src\index.crates.io-1949cf8c6b5b557f\serde-1.0.219\src\private\de.rs:1130:9
     |
1130 |         tri!(map_visitor.end());
     |         ----------------------- in this macro invocation
     |
     = note: this error originates in the macro `tri` (in Nightly builds, run with -Z macro-backtrace for more info)
help: consider importing this tuple variant
    -->  C:\Users\john\.cargo\registry\src\index.crates.io-1949cf8c6b5b557f\serde-1.0.219\src\private\de.rs:209:5
     |
209  +     use core::result::Result::Ok;
     |

error[E0531]: cannot find tuple struct or tuple variant `Err` in this scope
    --> C:\Users\john\.cargo\registry\src\index.crates.io-1949cf8c6b5b557f\serde-1.0.219\src\lib.rs:299:13
     |
299  |             Err(err) => return Err(err),
     |             ^^^ not found in this scope
     |
    ::: C:\Users\john\.cargo\registry\src\index.crates.io-1949cf8c6b5b557f\serde-1.0.219\src\private\de.rs:1130:9
     |
1130 |         tri!(map_visitor.end());
     |         ----------------------- in this macro invocation
     |
     = note: this error originates in the macro `tri` (in Nightly builds, run with -Z macro-backtrace for more info)
help: consider importing this tuple variant
    -->  C:\Users\john\.cargo\registry\src\index.crates.io-1949cf8c6b5b557f\serde-1.0.219\src\private\de.rs:209:5
     |
209  +     use core::result::Result::Err;
     |

error[E0425]: cannot find function, tuple struct or tuple variant `Err` in this scope
    --> C:\Users\john\.cargo\registry\src\index.crates.io-1949cf8c6b5b557f\serde-1.0.219\src\lib.rs:299:32
     |
299  |             Err(err) => return Err(err),
     |                                ^^^
     |
    ::: C:\Users\john\.cargo\registry\src\index.crates.io-1949cf8c6b5b557f\serde-1.0.219\src\private\de.rs:1130:9
     |
1130 |         tri!(map_visitor.end());
     |         ----------------------- in this macro invocation
     |
     = note: this error originates in the macro `tri` (in Nightly builds, run with -Z macro-backtrace for more info)
help: a local variable with a similar name exists
     |
299  -             Err(err) => return Err(err),
299  +             Err(err) => return err(err),
     |
help: consider importing this tuple variant
    -->  C:\Users\john\.cargo\registry\src\index.crates.io-1949cf8c6b5b557f\serde-1.0.219\src\private\de.rs:209:5
     |
209  +     use core::result::Result::Err;
     |

error[E0425]: cannot find function, tuple struct or tuple variant `Ok` in this scope
    --> C:\Users\john\.cargo\registry\src\index.crates.io-1949cf8c6b5b557f\serde-1.0.219\src\private\de.rs:1131:9
     |
1131 |         Ok(value)
     |         ^^ not found in this scope
     |
help: consider importing this tuple variant
     |
209  +     use core::result::Result::Ok;
     |

error[E0412]: cannot find type `Result` in this scope
    --> C:\Users\john\.cargo\registry\src\index.crates.io-1949cf8c6b5b557f\serde-1.0.219\src\private\de.rs:1142:52
     |
1142 |         fn deserialize_any<V>(self, visitor: V) -> Result<V::Value, Self::Error>
     |                                                    ^^^^^^ not found in this scope
     |
help: consider importing one of these items
     |
209  +     use core::fmt::Result;
     |
209  +     use core::result::Result;
     |

error[E0412]: cannot find type `Result` in this scope
    --> C:\Users\john\.cargo\registry\src\index.crates.io-1949cf8c6b5b557f\serde-1.0.219\src\private\de.rs:1172:53
     |
1172 |         fn deserialize_bool<V>(self, visitor: V) -> Result<V::Value, Self::Error>
     |                                                     ^^^^^^ not found in this scope
     |
help: consider importing one of these items
     |
209  +     use core::fmt::Result;
     |
209  +     use core::result::Result;
     |

error[E0425]: cannot find function, tuple struct or tuple variant `Err` in this scope
    --> C:\Users\john\.cargo\registry\src\index.crates.io-1949cf8c6b5b557f\serde-1.0.219\src\private\de.rs:1178:22
     |
1178 |                 _ => Err(self.invalid_type(&visitor)),
     |                      ^^^ not found in this scope
     |
help: consider importing this tuple variant
     |
209  +     use core::result::Result::Err;
     |

error[E0412]: cannot find type `Result` in this scope
    --> C:\Users\john\.cargo\registry\src\index.crates.io-1949cf8c6b5b557f\serde-1.0.219\src\private\de.rs:1182:51
     |
1182 |         fn deserialize_i8<V>(self, visitor: V) -> Result<V::Value, Self::Error>
     |                                                   ^^^^^^ not found in this scope
     |
help: consider importing one of these items
     |
209  +     use core::fmt::Result;
     |
209  +     use core::result::Result;
     |

error[E0412]: cannot find type `Result` in this scope
    --> C:\Users\john\.cargo\registry\src\index.crates.io-1949cf8c6b5b557f\serde-1.0.219\src\private\de.rs:1189:52
     |
1189 |         fn deserialize_i16<V>(self, visitor: V) -> Result<V::Value, Self::Error>
     |                                                    ^^^^^^ not found in this scope
     |
help: consider importing one of these items
     |
209  +     use core::fmt::Result;
     |
209  +     use core::result::Result;
     |

error[E0412]: cannot find type `Result` in this scope
    --> C:\Users\john\.cargo\registry\src\index.crates.io-1949cf8c6b5b557f\serde-1.0.219\src\private\de.rs:1196:52
     |
1196 |         fn deserialize_i32<V>(self, visitor: V) -> Result<V::Value, Self::Error>
     |                                                    ^^^^^^ not found in this scope
     |
help: consider importing one of these items
     |
209  +     use core::fmt::Result;
     |
209  +     use core::result::Result;
     |

error[E0412]: cannot find type `Result` in this scope
    --> C:\Users\john\.cargo\registry\src\index.crates.io-1949cf8c6b5b557f\serde-1.0.219\src\private\de.rs:1203:52
     |
1203 |         fn deserialize_i64<V>(self, visitor: V) -> Result<V::Value, Self::Error>
     |                                                    ^^^^^^ not found in this scope
     |
help: consider importing one of these items
     |
209  +     use core::fmt::Result;
     |
209  +     use core::result::Result;
     |

error[E0412]: cannot find type `Result` in this scope
    --> C:\Users\john\.cargo\registry\src\index.crates.io-1949cf8c6b5b557f\serde-1.0.219\src\private\de.rs:1210:51
     |
1210 |         fn deserialize_u8<V>(self, visitor: V) -> Result<V::Value, Self::Error>
     |                                                   ^^^^^^ not found in this scope
     |
help: consider importing one of these items
     |
209  +     use core::fmt::Result;
     |
209  +     use core::result::Result;
     |

error[E0412]: cannot find type `Result` in this scope
    --> C:\Users\john\.cargo\registry\src\index.crates.io-1949cf8c6b5b557f\serde-1.0.219\src\private\de.rs:1217:52
     |
1217 |         fn deserialize_u16<V>(self, visitor: V) -> Result<V::Value, Self::Error>
     |                                                    ^^^^^^ not found in this scope
     |
help: consider importing one of these items
     |
209  +     use core::fmt::Result;
     |
209  +     use core::result::Result;
     |

error[E0412]: cannot find type `Result` in this scope
    --> C:\Users\john\.cargo\registry\src\index.crates.io-1949cf8c6b5b557f\serde-1.0.219\src\private\de.rs:1224:52
     |
1224 |         fn deserialize_u32<V>(self, visitor: V) -> Result<V::Value, Self::Error>
     |                                                    ^^^^^^ not found in this scope
     |
help: consider importing one of these items
     |
209  +     use core::fmt::Result;
     |
209  +     use core::result::Result;
     |

error[E0412]: cannot find type `Result` in this scope
    --> C:\Users\john\.cargo\registry\src\index.crates.io-1949cf8c6b5b557f\serde-1.0.219\src\private\de.rs:1231:52
     |
1231 |         fn deserialize_u64<V>(self, visitor: V) -> Result<V::Value, Self::Error>
     |                                                    ^^^^^^ not found in this scope
     |
help: consider importing one of these items
     |
209  +     use core::fmt::Result;
     |
209  +     use core::result::Result;
     |

error[E0412]: cannot find type `Result` in this scope
    --> C:\Users\john\.cargo\registry\src\index.crates.io-1949cf8c6b5b557f\serde-1.0.219\src\private\de.rs:1238:52
     |
1238 |         fn deserialize_f32<V>(self, visitor: V) -> Result<V::Value, Self::Error>
     |                                                    ^^^^^^ not found in this scope
     |
help: consider importing one of these items
     |
209  +     use core::fmt::Result;
     |
209  +     use core::result::Result;
     |

error[E0412]: cannot find type `Result` in this scope
    --> C:\Users\john\.cargo\registry\src\index.crates.io-1949cf8c6b5b557f\serde-1.0.219\src\private\de.rs:1245:52
     |
1245 |         fn deserialize_f64<V>(self, visitor: V) -> Result<V::Value, Self::Error>
     |                                                    ^^^^^^ not found in this scope
     |
help: consider importing one of these items
     |
209  +     use core::fmt::Result;
     |
209  +     use core::result::Result;
     |

error[E0412]: cannot find type `Result` in this scope
    --> C:\Users\john\.cargo\registry\src\index.crates.io-1949cf8c6b5b557f\serde-1.0.219\src\private\de.rs:1252:53
     |
1252 |         fn deserialize_char<V>(self, visitor: V) -> Result<V::Value, Self::Error>
     |                                                     ^^^^^^ not found in this scope
     |
help: consider importing one of these items
     |
209  +     use core::fmt::Result;
     |
209  +     use core::result::Result;
     |

error[E0425]: cannot find function, tuple struct or tuple variant `Err` in this scope
    --> C:\Users\john\.cargo\registry\src\index.crates.io-1949cf8c6b5b557f\serde-1.0.219\src\private\de.rs:1260:22
     |
1260 |                 _ => Err(self.invalid_type(&visitor)),
     |                      ^^^ not found in this scope
     |
help: consider importing this tuple variant
     |
209  +     use core::result::Result::Err;
     |

error[E0412]: cannot find type `Result` in this scope
    --> C:\Users\john\.cargo\registry\src\index.crates.io-1949cf8c6b5b557f\serde-1.0.219\src\private\de.rs:1264:52
     |
1264 |         fn deserialize_str<V>(self, visitor: V) -> Result<V::Value, Self::Error>
     |                                                    ^^^^^^ not found in this scope
     |
help: consider importing one of these items
     |
209  +     use core::fmt::Result;
     |
209  +     use core::result::Result;
     |

error[E0412]: cannot find type `Result` in this scope
    --> C:\Users\john\.cargo\registry\src\index.crates.io-1949cf8c6b5b557f\serde-1.0.219\src\private\de.rs:1271:55
     |
1271 |         fn deserialize_string<V>(self, visitor: V) -> Result<V::Value, Self::Error>
     |                                                       ^^^^^^ not found in this scope
     |
help: consider importing one of these items
     |
209  +     use core::fmt::Result;
     |
209  +     use core::result::Result;
     |

error[E0425]: cannot find function, tuple struct or tuple variant `Err` in this scope
    --> C:\Users\john\.cargo\registry\src\index.crates.io-1949cf8c6b5b557f\serde-1.0.219\src\private\de.rs:1280:22
     |
1280 |                 _ => Err(self.invalid_type(&visitor)),
     |                      ^^^ not found in this scope
     |
help: consider importing this tuple variant
     |
209  +     use core::result::Result::Err;
     |

error[E0412]: cannot find type `Result` in this scope
    --> C:\Users\john\.cargo\registry\src\index.crates.io-1949cf8c6b5b557f\serde-1.0.219\src\private\de.rs:1284:54
     |
1284 |         fn deserialize_bytes<V>(self, visitor: V) -> Result<V::Value, Self::Error>
     |                                                      ^^^^^^ not found in this scope
     |
help: consider importing one of these items
     |
209  +     use core::fmt::Result;
     |
209  +     use core::result::Result;
     |

error[E0412]: cannot find type `Result` in this scope
    --> C:\Users\john\.cargo\registry\src\index.crates.io-1949cf8c6b5b557f\serde-1.0.219\src\private\de.rs:1291:57
     |
1291 |         fn deserialize_byte_buf<V>(self, visitor: V) -> Result<V::Value, Self::Error>
     |                                                         ^^^^^^ not found in this scope
     |
help: consider importing one of these items
     |
209  +     use core::fmt::Result;
     |
209  +     use core::result::Result;
     |

error[E0425]: cannot find function, tuple struct or tuple variant `Err` in this scope
    --> C:\Users\john\.cargo\registry\src\index.crates.io-1949cf8c6b5b557f\serde-1.0.219\src\private\de.rs:1301:22
     |
1301 |                 _ => Err(self.invalid_type(&visitor)),
     |                      ^^^ not found in this scope
     |
help: consider importing this tuple variant
     |
209  +     use core::result::Result::Err;
     |

error[E0412]: cannot find type `Result` in this scope
    --> C:\Users\john\.cargo\registry\src\index.crates.io-1949cf8c6b5b557f\serde-1.0.219\src\private\de.rs:1305:55
     |
1305 |         fn deserialize_option<V>(self, visitor: V) -> Result<V::Value, Self::Error>
     |                                                       ^^^^^^ not found in this scope
     |
help: consider importing one of these items
     |
209  +     use core::fmt::Result;
     |
209  +     use core::result::Result;
     |

error[E0412]: cannot find type `Result` in this scope
    --> C:\Users\john\.cargo\registry\src\index.crates.io-1949cf8c6b5b557f\serde-1.0.219\src\private\de.rs:1317:53
     |
1317 |         fn deserialize_unit<V>(self, visitor: V) -> Result<V::Value, Self::Error>
     |                                                     ^^^^^^ not found in this scope
     |
help: consider importing one of these items
     |
209  +     use core::fmt::Result;
     |
209  +     use core::result::Result;
     |

error[E0425]: cannot find function, tuple struct or tuple variant `Err` in this scope
    --> C:\Users\john\.cargo\registry\src\index.crates.io-1949cf8c6b5b557f\serde-1.0.219\src\private\de.rs:1334:22
     |
1334 |                 _ => Err(self.invalid_type(&visitor)),
     |                      ^^^ not found in this scope
     |
help: consider importing this tuple variant
     |
209  +     use core::result::Result::Err;
     |

error[E0412]: cannot find type `Result` in this scope
    --> C:\Users\john\.cargo\registry\src\index.crates.io-1949cf8c6b5b557f\serde-1.0.219\src\private\de.rs:1342:14
     |
1342 |         ) -> Result<V::Value, Self::Error>
     |              ^^^^^^ not found in this scope
     |
help: consider importing one of these items
     |
209  +     use core::fmt::Result;
     |
209  +     use core::result::Result;
     |

error[E0412]: cannot find type `Result` in this scope
    --> C:\Users\john\.cargo\registry\src\index.crates.io-1949cf8c6b5b557f\serde-1.0.219\src\private\de.rs:1371:14
     |
1371 |         ) -> Result<V::Value, Self::Error>
     |              ^^^^^^ not found in this scope
     |
help: consider importing one of these items
     |
209  +     use core::fmt::Result;
     |
209  +     use core::result::Result;
     |

error[E0412]: cannot find type `Result` in this scope
    --> C:\Users\john\.cargo\registry\src\index.crates.io-1949cf8c6b5b557f\serde-1.0.219\src\private\de.rs:1381:52
     |
1381 |         fn deserialize_seq<V>(self, visitor: V) -> Result<V::Value, Self::Error>
     |                                                    ^^^^^^ not found in this scope
     |
help: consider importing one of these items
     |
209  +     use core::fmt::Result;
     |
209  +     use core::result::Result;
     |

error[E0425]: cannot find function, tuple struct or tuple variant `Err` in this scope
    --> C:\Users\john\.cargo\registry\src\index.crates.io-1949cf8c6b5b557f\serde-1.0.219\src\private\de.rs:1387:22
     |
1387 |                 _ => Err(self.invalid_type(&visitor)),
     |                      ^^^ not found in this scope
     |
help: consider importing this tuple variant
     |
209  +     use core::result::Result::Err;
     |

error[E0412]: cannot find type `Result` in this scope
    --> C:\Users\john\.cargo\registry\src\index.crates.io-1949cf8c6b5b557f\serde-1.0.219\src\private\de.rs:1391:67
     |
1391 |         fn deserialize_tuple<V>(self, _len: usize, visitor: V) -> Result<V::Value, Self::Error>
     |                                                                   ^^^^^^ not found in this scope
     |
help: consider importing one of these items
     |
209  +     use core::fmt::Result;
     |
209  +     use core::result::Result;
     |

error[E0412]: cannot find type `Result` in this scope
    --> C:\Users\john\.cargo\registry\src\index.crates.io-1949cf8c6b5b557f\serde-1.0.219\src\private\de.rs:1403:14
     |
1403 |         ) -> Result<V::Value, Self::Error>
     |              ^^^^^^ not found in this scope
     |
help: consider importing one of these items
     |
209  +     use core::fmt::Result;
     |
209  +     use core::result::Result;
     |

error[E0412]: cannot find type `Result` in this scope
    --> C:\Users\john\.cargo\registry\src\index.crates.io-1949cf8c6b5b557f\serde-1.0.219\src\private\de.rs:1410:52
     |
1410 |         fn deserialize_map<V>(self, visitor: V) -> Result<V::Value, Self::Error>
     |                                                    ^^^^^^ not found in this scope
     |
help: consider importing one of these items
     |
209  +     use core::fmt::Result;
     |
209  +     use core::result::Result;
     |

error[E0425]: cannot find function, tuple struct or tuple variant `Err` in this scope
    --> C:\Users\john\.cargo\registry\src\index.crates.io-1949cf8c6b5b557f\serde-1.0.219\src\private\de.rs:1416:22
     |
1416 |                 _ => Err(self.invalid_type(&visitor)),
     |                      ^^^ not found in this scope
     |
help: consider importing this tuple variant
     |
209  +     use core::result::Result::Err;
     |

error[E0412]: cannot find type `Result` in this scope
    --> C:\Users\john\.cargo\registry\src\index.crates.io-1949cf8c6b5b557f\serde-1.0.219\src\private\de.rs:1425:14
     |
1425 |         ) -> Result<V::Value, Self::Error>
     |              ^^^^^^ not found in this scope
     |
help: consider importing one of these items
     |
209  +     use core::fmt::Result;
     |
209  +     use core::result::Result;
     |

error[E0425]: cannot find function, tuple struct or tuple variant `Err` in this scope
    --> C:\Users\john\.cargo\registry\src\index.crates.io-1949cf8c6b5b557f\serde-1.0.219\src\private\de.rs:1432:22
     |
1432 |                 _ => Err(self.invalid_type(&visitor)),
     |                      ^^^ not found in this scope
     |
help: consider importing this tuple variant
     |
209  +     use core::result::Result::Err;
     |

error[E0412]: cannot find type `Result` in this scope
    --> C:\Users\john\.cargo\registry\src\index.crates.io-1949cf8c6b5b557f\serde-1.0.219\src\private\de.rs:1441:14
     |
1441 |         ) -> Result<V::Value, Self::Error>
     |              ^^^^^^ not found in this scope
     |
help: consider importing one of these items
     |
209  +     use core::fmt::Result;
     |
209  +     use core::result::Result;
     |

error[E0531]: cannot find tuple struct or tuple variant `Some` in this scope
    --> C:\Users\john\.cargo\registry\src\index.crates.io-1949cf8c6b5b557f\serde-1.0.219\src\private\de.rs:1449:25
     |
1449 |                         Some(v) => v,
     |                         ^^^^ not found in this scope
     |
note: tuple variant `crate::__private::ser::content::Content::Some` exists but is inaccessible
    --> C:\Users\john\.cargo\registry\src\index.crates.io-1949cf8c6b5b557f\serde-1.0.219\src\private\ser.rs:443:9
     |
443  |         Some(Box<Content>),
     |         ^^^^^^^^^^^^^^^^^^ not accessible
help: consider importing one of these tuple variants
     |
209  +     use crate::__private::de::Content::Some;
     |
209  +     use core::option::Option::Some;
     |

error[E0425]: cannot find function, tuple struct or tuple variant `Err` in this scope
    --> C:\Users\john\.cargo\registry\src\index.crates.io-1949cf8c6b5b557f\serde-1.0.219\src\private\de.rs:1451:36
     |
1451 | ...                   return Err(de::Error::invalid_value(
     |                              ^^^ not found in this scope
     |
help: consider importing this tuple variant
     |
209  +     use core::result::Result::Err;
     |

error[E0425]: cannot find function, tuple struct or tuple variant `Err` in this scope
    --> C:\Users\john\.cargo\registry\src\index.crates.io-1949cf8c6b5b557f\serde-1.0.219\src\private\de.rs:1459:32
     |
1459 |                         return Err(de::Error::invalid_value(
     |                                ^^^ not found in this scope
     |
help: consider importing this tuple variant
     |
209  +     use core::result::Result::Err;
     |

error[E0425]: cannot find function, tuple struct or tuple variant `Some` in this scope
    --> C:\Users\john\.cargo\registry\src\index.crates.io-1949cf8c6b5b557f\serde-1.0.219\src\private\de.rs:1464:31
     |
1464 |                     (variant, Some(value))
     |                               ^^^^ not found in this scope
     |
note: tuple variant `crate::__private::ser::content::Content::Some` exists but is inaccessible
    --> C:\Users\john\.cargo\registry\src\index.crates.io-1949cf8c6b5b557f\serde-1.0.219\src\private\ser.rs:443:9
     |
443  |         Some(Box<Content>),
     |         ^^^^^^^^^^^^^^^^^^ not accessible
help: consider importing one of these tuple variants
     |
209  +     use crate::__private::de::Content::Some;
     |
209  +     use core::option::Option::Some;
     |

error[E0425]: cannot find value `None` in this scope
    --> C:\Users\john\.cargo\registry\src\index.crates.io-1949cf8c6b5b557f\serde-1.0.219\src\private\de.rs:1466:69
     |
1466 |                 s @ Content::String(_) | s @ Content::Str(_) => (s, None),
     |                                                                     ^^^^ not found in this scope
     |
note: unit variant `crate::__private::ser::content::Content::None` exists but is inaccessible
    --> C:\Users\john\.cargo\registry\src\index.crates.io-1949cf8c6b5b557f\serde-1.0.219\src\private\ser.rs:442:9
     |
442  |         None,
     |         ^^^^ not accessible
help: consider importing one of these unit variants
     |
209  +     use crate::__private::de::Content::None;
     |
209  +     use core::option::Option::None;
     |

error[E0425]: cannot find function, tuple struct or tuple variant `Err` in this scope
    --> C:\Users\john\.cargo\registry\src\index.crates.io-1949cf8c6b5b557f\serde-1.0.219\src\private\de.rs:1468:28
     |
1468 |                     return Err(de::Error::invalid_type(
     |                            ^^^ not found in this scope
     |
help: consider importing this tuple variant
     |
209  +     use core::result::Result::Err;
     |

error[E0412]: cannot find type `Result` in this scope
    --> C:\Users\john\.cargo\registry\src\index.crates.io-1949cf8c6b5b557f\serde-1.0.219\src\private\de.rs:1478:59
     |
1478 |         fn deserialize_identifier<V>(self, visitor: V) -> Result<V::Value, Self::Error>
     |                                                           ^^^^^^ not found in this scope
     |
help: consider importing one of these items
     |
209  +     use core::fmt::Result;
     |
209  +     use core::result::Result;
     |

error[E0425]: cannot find function, tuple struct or tuple variant `Err` in this scope
    --> C:\Users\john\.cargo\registry\src\index.crates.io-1949cf8c6b5b557f\serde-1.0.219\src\private\de.rs:1489:22
     |
1489 |                 _ => Err(self.invalid_type(&visitor)),
     |                      ^^^ not found in this scope
     |
help: consider importing this tuple variant
     |
209  +     use core::result::Result::Err;
     |

error[E0412]: cannot find type `Result` in this scope
    --> C:\Users\john\.cargo\registry\src\index.crates.io-1949cf8c6b5b557f\serde-1.0.219\src\private\de.rs:1493:60
     |
1493 |         fn deserialize_ignored_any<V>(self, visitor: V) -> Result<V::Value, Self::Error>
     |                                                            ^^^^^^ not found in this scope
     |
help: consider importing one of these items
     |
209  +     use core::fmt::Result;
     |
209  +     use core::result::Result;
     |

error[E0425]: cannot find function `drop` in this scope
    --> C:\Users\john\.cargo\registry\src\index.crates.io-1949cf8c6b5b557f\serde-1.0.219\src\private\de.rs:1497:13
     |
1497 |             drop(self);
     |             ^^^^
     |
help: try calling `drop` as a method
     |
1497 -             drop(self);
1497 +             self.drop();
     |
help: consider importing this function
     |
209  +     use core::mem::drop;
     |

error[E0412]: cannot find type `Result` in this scope
    --> C:\Users\john\.cargo\registry\src\index.crates.io-1949cf8c6b5b557f\serde-1.0.219\src\private\de.rs:1505:14
     |
1505 |         ) -> Result<Content<'de>, Self::Error>
     |              ^^^^^^ not found in this scope
     |
help: consider importing one of these items
     |
209  +     use core::fmt::Result;
     |
209  +     use core::result::Result;
     |

error[E0425]: cannot find function, tuple struct or tuple variant `Ok` in this scope
    --> C:\Users\john\.cargo\registry\src\index.crates.io-1949cf8c6b5b557f\serde-1.0.219\src\private\de.rs:1510:13
     |
1510 |             Ok(self.content)
     |             ^^ not found in this scope
     |
help: consider importing this tuple variant
     |
209  +     use core::result::Result::Ok;
     |

error[E0412]: cannot find type `Option` in this scope
    --> C:\Users\john\.cargo\registry\src\index.crates.io-1949cf8c6b5b557f\serde-1.0.219\src\private\de.rs:1529:16
     |
1529 |         value: Option<Content<'de>>,
     |                ^^^^^^ not found in this scope
     |
help: consider importing this enum
     |
209  +     use core::option::Option;
     |

error[E0412]: cannot find type `Option` in this scope
    --> C:\Users\john\.cargo\registry\src\index.crates.io-1949cf8c6b5b557f\serde-1.0.219\src\private\de.rs:1537:50
     |
1537 |         pub fn new(variant: Content<'de>, value: Option<Content<'de>>) -> EnumDeserializer<'de, E> {
     |                                                  ^^^^^^ not found in this scope
     |
help: consider importing this enum
     |
209  +     use core::option::Option;
     |

error[E0412]: cannot find type `Result` in this scope
    --> C:\Users\john\.cargo\registry\src\index.crates.io-1949cf8c6b5b557f\serde-1.0.219\src\private\de.rs:1553:46
     |
1553 |         fn variant_seed<V>(self, seed: V) -> Result<(V::Value, Self::Variant), E>
     |                                              ^^^^^^ not found in this scope
     |
help: consider importing one of these items
     |
209  +     use core::fmt::Result;
     |
209  +     use core::result::Result;
     |

error[E0412]: cannot find type `Option` in this scope
    --> C:\Users\john\.cargo\registry\src\index.crates.io-1949cf8c6b5b557f\serde-1.0.219\src\private\de.rs:1570:16
     |
1570 |         value: Option<Content<'de>>,
     |                ^^^^^^ not found in this scope
     |
help: consider importing this enum
     |
209  +     use core::option::Option;
     |

error[E0412]: cannot find type `Result` in this scope
    --> C:\Users\john\.cargo\registry\src\index.crates.io-1949cf8c6b5b557f\serde-1.0.219\src\private\de.rs:1580:34
     |
1580 |         fn unit_variant(self) -> Result<(), E> {
     |                                  ^^^^^^ not found in this scope
     |
help: consider importing one of these items
     |
209  +     use core::fmt::Result;
     |
209  +     use core::result::Result;
     |

error[E0531]: cannot find tuple struct or tuple variant `Some` in this scope
    --> C:\Users\john\.cargo\registry\src\index.crates.io-1949cf8c6b5b557f\serde-1.0.219\src\private\de.rs:1582:17
     |
1582 |                 Some(value) => de::Deserialize::deserialize(ContentDeserializer::new(value)),
     |                 ^^^^ not found in this scope
     |
note: tuple variant `crate::__private::ser::content::Content::Some` exists but is inaccessible
    --> C:\Users\john\.cargo\registry\src\index.crates.io-1949cf8c6b5b557f\serde-1.0.219\src\private\ser.rs:443:9
     |
443  |         Some(Box<Content>),
     |         ^^^^^^^^^^^^^^^^^^ not accessible
help: consider importing one of these tuple variants
     |
209  +     use crate::__private::de::Content::Some;
     |
209  +     use core::option::Option::Some;
     |

error[E0425]: cannot find function, tuple struct or tuple variant `Ok` in this scope
    --> C:\Users\john\.cargo\registry\src\index.crates.io-1949cf8c6b5b557f\serde-1.0.219\src\private\de.rs:1583:25
     |
1583 |                 None => Ok(()),
     |                         ^^ not found in this scope
     |
help: consider importing this tuple variant
     |
209  +     use core::result::Result::Ok;
     |

error[E0412]: cannot find type `Result` in this scope
    --> C:\Users\john\.cargo\registry\src\index.crates.io-1949cf8c6b5b557f\serde-1.0.219\src\private\de.rs:1587:54
     |
1587 |         fn newtype_variant_seed<T>(self, seed: T) -> Result<T::Value, E>
     |                                                      ^^^^^^ not found in this scope
     |
help: consider importing one of these items
     |
209  +     use core::fmt::Result;
     |
209  +     use core::result::Result;
     |

error[E0531]: cannot find tuple struct or tuple variant `Some` in this scope
    --> C:\Users\john\.cargo\registry\src\index.crates.io-1949cf8c6b5b557f\serde-1.0.219\src\private\de.rs:1592:17
     |
1592 |                 Some(value) => seed.deserialize(ContentDeserializer::new(value)),
     |                 ^^^^ not found in this scope
     |
note: tuple variant `crate::__private::ser::content::Content::Some` exists but is inaccessible
    --> C:\Users\john\.cargo\registry\src\index.crates.io-1949cf8c6b5b557f\serde-1.0.219\src\private\ser.rs:443:9
     |
443  |         Some(Box<Content>),
     |         ^^^^^^^^^^^^^^^^^^ not accessible
help: consider importing one of these tuple variants
     |
209  +     use crate::__private::de::Content::Some;
     |
209  +     use core::option::Option::Some;
     |

error[E0425]: cannot find function, tuple struct or tuple variant `Err` in this scope
    --> C:\Users\john\.cargo\registry\src\index.crates.io-1949cf8c6b5b557f\serde-1.0.219\src\private\de.rs:1593:25
     |
1593 |                 None => Err(de::Error::invalid_type(
     |                         ^^^ not found in this scope
     |
help: consider importing this tuple variant
     |
209  +     use core::result::Result::Err;
     |

error[E0412]: cannot find type `Result` in this scope
    --> C:\Users\john\.cargo\registry\src\index.crates.io-1949cf8c6b5b557f\serde-1.0.219\src\private\de.rs:1600:63
     |
1600 |         fn tuple_variant<V>(self, _len: usize, visitor: V) -> Result<V::Value, Self::Error>
     |                                                               ^^^^^^ not found in this scope
     |
help: consider importing one of these items
     |
209  +     use core::fmt::Result;
     |
209  +     use core::result::Result;
     |

error[E0531]: cannot find tuple struct or tuple variant `Some` in this scope
    --> C:\Users\john\.cargo\registry\src\index.crates.io-1949cf8c6b5b557f\serde-1.0.219\src\private\de.rs:1605:17
     |
1605 |                 Some(Content::Seq(v)) => {
     |                 ^^^^ not found in this scope
     |
note: tuple variant `crate::__private::ser::content::Content::Some` exists but is inaccessible
    --> C:\Users\john\.cargo\registry\src\index.crates.io-1949cf8c6b5b557f\serde-1.0.219\src\private\ser.rs:443:9
     |
443  |         Some(Box<Content>),
     |         ^^^^^^^^^^^^^^^^^^ not accessible
help: consider importing one of these tuple variants
     |
209  +     use crate::__private::de::Content::Some;
     |
209  +     use core::option::Option::Some;
     |

error[E0531]: cannot find tuple struct or tuple variant `Some` in this scope
    --> C:\Users\john\.cargo\registry\src\index.crates.io-1949cf8c6b5b557f\serde-1.0.219\src\private\de.rs:1608:17
     |
1608 |                 Some(other) => Err(de::Error::invalid_type(
     |                 ^^^^ not found in this scope
     |
note: tuple variant `crate::__private::ser::content::Content::Some` exists but is inaccessible
    --> C:\Users\john\.cargo\registry\src\index.crates.io-1949cf8c6b5b557f\serde-1.0.219\src\private\ser.rs:443:9
     |
443  |         Some(Box<Content>),
     |         ^^^^^^^^^^^^^^^^^^ not accessible
help: consider importing one of these tuple variants
     |
209  +     use crate::__private::de::Content::Some;
     |
209  +     use core::option::Option::Some;
     |

error[E0425]: cannot find function, tuple struct or tuple variant `Err` in this scope
    --> C:\Users\john\.cargo\registry\src\index.crates.io-1949cf8c6b5b557f\serde-1.0.219\src\private\de.rs:1608:32
     |
1608 |                 Some(other) => Err(de::Error::invalid_type(
     |                                ^^^ not found in this scope
     |
help: consider importing this tuple variant
     |
209  +     use core::result::Result::Err;
     |

error[E0425]: cannot find function, tuple struct or tuple variant `Err` in this scope
    --> C:\Users\john\.cargo\registry\src\index.crates.io-1949cf8c6b5b557f\serde-1.0.219\src\private\de.rs:1612:25
     |
1612 |                 None => Err(de::Error::invalid_type(
     |                         ^^^ not found in this scope
     |
help: consider importing this tuple variant
     |
209  +     use core::result::Result::Err;
     |

error[E0412]: cannot find type `Result` in this scope
    --> C:\Users\john\.cargo\registry\src\index.crates.io-1949cf8c6b5b557f\serde-1.0.219\src\private\de.rs:1623:14
     |
1623 |         ) -> Result<V::Value, Self::Error>
     |              ^^^^^^ not found in this scope
     |
help: consider importing one of these items
     |
209  +     use core::fmt::Result;
     |
209  +     use core::result::Result;
     |

error[E0531]: cannot find tuple struct or tuple variant `Some` in this scope
    --> C:\Users\john\.cargo\registry\src\index.crates.io-1949cf8c6b5b557f\serde-1.0.219\src\private\de.rs:1628:17
     |
1628 |                 Some(Content::Map(v)) => {
     |                 ^^^^ not found in this scope
     |
note: tuple variant `crate::__private::ser::content::Content::Some` exists but is inaccessible
    --> C:\Users\john\.cargo\registry\src\index.crates.io-1949cf8c6b5b557f\serde-1.0.219\src\private\ser.rs:443:9
     |
443  |         Some(Box<Content>),
     |         ^^^^^^^^^^^^^^^^^^ not accessible
help: consider importing one of these tuple variants
     |
209  +     use crate::__private::de::Content::Some;
     |
209  +     use core::option::Option::Some;
     |

error[E0531]: cannot find tuple struct or tuple variant `Some` in this scope
    --> C:\Users\john\.cargo\registry\src\index.crates.io-1949cf8c6b5b557f\serde-1.0.219\src\private\de.rs:1631:17
     |
1631 |                 Some(Content::Seq(v)) => {
     |                 ^^^^ not found in this scope
     |
note: tuple variant `crate::__private::ser::content::Content::Some` exists but is inaccessible
    --> C:\Users\john\.cargo\registry\src\index.crates.io-1949cf8c6b5b557f\serde-1.0.219\src\private\ser.rs:443:9
     |
443  |         Some(Box<Content>),
     |         ^^^^^^^^^^^^^^^^^^ not accessible
help: consider importing one of these tuple variants
     |
209  +     use crate::__private::de::Content::Some;
     |
209  +     use core::option::Option::Some;
     |

error[E0531]: cannot find tuple struct or tuple variant `Some` in this scope
    --> C:\Users\john\.cargo\registry\src\index.crates.io-1949cf8c6b5b557f\serde-1.0.219\src\private\de.rs:1634:17
     |
1634 |                 Some(other) => Err(de::Error::invalid_type(
     |                 ^^^^ not found in this scope
     |
note: tuple variant `crate::__private::ser::content::Content::Some` exists but is inaccessible
    --> C:\Users\john\.cargo\registry\src\index.crates.io-1949cf8c6b5b557f\serde-1.0.219\src\private\ser.rs:443:9
     |
443  |         Some(Box<Content>),
     |         ^^^^^^^^^^^^^^^^^^ not accessible
help: consider importing one of these tuple variants
     |
209  +     use crate::__private::de::Content::Some;
     |
209  +     use core::option::Option::Some;
     |

error[E0425]: cannot find function, tuple struct or tuple variant `Err` in this scope
    --> C:\Users\john\.cargo\registry\src\index.crates.io-1949cf8c6b5b557f\serde-1.0.219\src\private\de.rs:1634:32
     |
1634 |                 Some(other) => Err(de::Error::invalid_type(
     |                                ^^^ not found in this scope
     |
help: consider importing this tuple variant
     |
209  +     use core::result::Result::Err;
     |

error[E0425]: cannot find function, tuple struct or tuple variant `Err` in this scope
    --> C:\Users\john\.cargo\registry\src\index.crates.io-1949cf8c6b5b557f\serde-1.0.219\src\private\de.rs:1638:25
     |
1638 |                 None => Err(de::Error::invalid_type(
     |                         ^^^ not found in this scope
     |
help: consider importing this tuple variant
     |
209  +     use core::result::Result::Err;
     |

error[E0412]: cannot find type `Result` in this scope
    --> C:\Users\john\.cargo\registry\src\index.crates.io-1949cf8c6b5b557f\serde-1.0.219\src\private\de.rs:1661:56
     |
1661 |         fn deserialize_integer<V>(self, visitor: V) -> Result<V::Value, E>
     |                                                        ^^^^^^ not found in this scope
     |
help: consider importing one of these items
     |
209  +     use core::fmt::Result;
     |
209  +     use core::result::Result;
     |

error[E0425]: cannot find function, tuple struct or tuple variant `Err` in this scope
    --> C:\Users\john\.cargo\registry\src\index.crates.io-1949cf8c6b5b557f\serde-1.0.219\src\private\de.rs:1674:22
     |
1674 |                 _ => Err(self.invalid_type(&visitor)),
     |                      ^^^ not found in this scope
     |
help: consider importing this tuple variant
     |
209  +     use core::result::Result::Err;
     |

error[E0412]: cannot find type `Result` in this scope
    --> C:\Users\john\.cargo\registry\src\index.crates.io-1949cf8c6b5b557f\serde-1.0.219\src\private\de.rs:1678:54
     |
1678 |         fn deserialize_float<V>(self, visitor: V) -> Result<V::Value, E>
     |                                                      ^^^^^^ not found in this scope
     |
help: consider importing one of these items
     |
209  +     use core::fmt::Result;
     |
209  +     use core::result::Result;
     |

error[E0425]: cannot find function, tuple struct or tuple variant `Err` in this scope
    --> C:\Users\john\.cargo\registry\src\index.crates.io-1949cf8c6b5b557f\serde-1.0.219\src\private\de.rs:1693:22
     |
1693 |                 _ => Err(self.invalid_type(&visitor)),
     |                      ^^^ not found in this scope
     |
help: consider importing this tuple variant
     |
209  +     use core::result::Result::Err;
     |

error[E0412]: cannot find type `Result` in this scope
    --> C:\Users\john\.cargo\registry\src\index.crates.io-1949cf8c6b5b557f\serde-1.0.219\src\private\de.rs:1701:10
     |
1701 |     ) -> Result<V::Value, E>
     |          ^^^^^^ not found in this scope
     |
help: consider importing one of these items
     |
209  +     use core::fmt::Result;
     |
209  +     use core::result::Result;
     |

error[E0531]: cannot find tuple struct or tuple variant `Ok` in this scope
    --> C:\Users\john\.cargo\registry\src\index.crates.io-1949cf8c6b5b557f\serde-1.0.219\src\lib.rs:298:13
     |
298  |             Ok(val) => val,
     |             ^^ not found in this scope
     |
    ::: C:\Users\john\.cargo\registry\src\index.crates.io-1949cf8c6b5b557f\serde-1.0.219\src\private\de.rs:1707:21
     |
1707 |         let value = tri!(visitor.visit_seq(&mut seq_visitor));
     |                     ----------------------------------------- in this macro invocation
     |
     = note: this error originates in the macro `tri` (in Nightly builds, run with -Z macro-backtrace for more info)
help: consider importing this tuple variant
    -->  C:\Users\john\.cargo\registry\src\index.crates.io-1949cf8c6b5b557f\serde-1.0.219\src\private\de.rs:209:5
     |
209  +     use core::result::Result::Ok;
     |

error[E0531]: cannot find tuple struct or tuple variant `Err` in this scope
    --> C:\Users\john\.cargo\registry\src\index.crates.io-1949cf8c6b5b557f\serde-1.0.219\src\lib.rs:299:13
     |
299  |             Err(err) => return Err(err),
     |             ^^^ not found in this scope
     |
    ::: C:\Users\john\.cargo\registry\src\index.crates.io-1949cf8c6b5b557f\serde-1.0.219\src\private\de.rs:1707:21
     |
1707 |         let value = tri!(visitor.visit_seq(&mut seq_visitor));
     |                     ----------------------------------------- in this macro invocation
     |
     = note: this error originates in the macro `tri` (in Nightly builds, run with -Z macro-backtrace for more info)
help: consider importing this tuple variant
    -->  C:\Users\john\.cargo\registry\src\index.crates.io-1949cf8c6b5b557f\serde-1.0.219\src\private\de.rs:209:5
     |
209  +     use core::result::Result::Err;
     |

error[E0425]: cannot find function, tuple struct or tuple variant `Err` in this scope
    --> C:\Users\john\.cargo\registry\src\index.crates.io-1949cf8c6b5b557f\serde-1.0.219\src\lib.rs:299:32
     |
299  |             Err(err) => return Err(err),
     |                                ^^^
     |
    ::: C:\Users\john\.cargo\registry\src\index.crates.io-1949cf8c6b5b557f\serde-1.0.219\src\private\de.rs:1707:21
     |
1707 |         let value = tri!(visitor.visit_seq(&mut seq_visitor));
     |                     ----------------------------------------- in this macro invocation
     |
     = note: this error originates in the macro `tri` (in Nightly builds, run with -Z macro-backtrace for more info)
help: a local variable with a similar name exists
     |
299  -             Err(err) => return Err(err),
299  +             Err(err) => return err(err),
     |
help: consider importing this tuple variant
    -->  C:\Users\john\.cargo\registry\src\index.crates.io-1949cf8c6b5b557f\serde-1.0.219\src\private\de.rs:209:5
     |
209  +     use core::result::Result::Err;
     |

error[E0531]: cannot find tuple struct or tuple variant `Ok` in this scope
    --> C:\Users\john\.cargo\registry\src\index.crates.io-1949cf8c6b5b557f\serde-1.0.219\src\lib.rs:298:13
     |
298  |             Ok(val) => val,
     |             ^^ not found in this scope
     |
    ::: C:\Users\john\.cargo\registry\src\index.crates.io-1949cf8c6b5b557f\serde-1.0.219\src\private\de.rs:1708:9
     |
1708 |         tri!(seq_visitor.end());
     |         ----------------------- in this macro invocation
     |
     = note: this error originates in the macro `tri` (in Nightly builds, run with -Z macro-backtrace for more info)
help: consider importing this tuple variant
    -->  C:\Users\john\.cargo\registry\src\index.crates.io-1949cf8c6b5b557f\serde-1.0.219\src\private\de.rs:209:5
     |
209  +     use core::result::Result::Ok;
     |

error[E0531]: cannot find tuple struct or tuple variant `Err` in this scope
    --> C:\Users\john\.cargo\registry\src\index.crates.io-1949cf8c6b5b557f\serde-1.0.219\src\lib.rs:299:13
     |
299  |             Err(err) => return Err(err),
     |             ^^^ not found in this scope
     |
    ::: C:\Users\john\.cargo\registry\src\index.crates.io-1949cf8c6b5b557f\serde-1.0.219\src\private\de.rs:1708:9
     |
1708 |         tri!(seq_visitor.end());
     |         ----------------------- in this macro invocation
     |
     = note: this error originates in the macro `tri` (in Nightly builds, run with -Z macro-backtrace for more info)
help: consider importing this tuple variant
    -->  C:\Users\john\.cargo\registry\src\index.crates.io-1949cf8c6b5b557f\serde-1.0.219\src\private\de.rs:209:5
     |
209  +     use core::result::Result::Err;
     |

error[E0425]: cannot find function, tuple struct or tuple variant `Err` in this scope
    --> C:\Users\john\.cargo\registry\src\index.crates.io-1949cf8c6b5b557f\serde-1.0.219\src\lib.rs:299:32
     |
299  |             Err(err) => return Err(err),
     |                                ^^^
     |
    ::: C:\Users\john\.cargo\registry\src\index.crates.io-1949cf8c6b5b557f\serde-1.0.219\src\private\de.rs:1708:9
     |
1708 |         tri!(seq_visitor.end());
     |         ----------------------- in this macro invocation
     |
     = note: this error originates in the macro `tri` (in Nightly builds, run with -Z macro-backtrace for more info)
help: a local variable with a similar name exists
     |
299  -             Err(err) => return Err(err),
299  +             Err(err) => return err(err),
     |
help: consider importing this tuple variant
    -->  C:\Users\john\.cargo\registry\src\index.crates.io-1949cf8c6b5b557f\serde-1.0.219\src\private\de.rs:209:5
     |
209  +     use core::result::Result::Err;
     |

error[E0425]: cannot find function, tuple struct or tuple variant `Ok` in this scope
    --> C:\Users\john\.cargo\registry\src\index.crates.io-1949cf8c6b5b557f\serde-1.0.219\src\private\de.rs:1709:9
     |
1709 |         Ok(value)
     |         ^^ not found in this scope
     |
help: consider importing this tuple variant
     |
209  +     use core::result::Result::Ok;
     |

error[E0412]: cannot find type `Result` in this scope
    --> C:\Users\john\.cargo\registry\src\index.crates.io-1949cf8c6b5b557f\serde-1.0.219\src\private\de.rs:1715:10
     |
1715 |     ) -> Result<V::Value, E>
     |          ^^^^^^ not found in this scope
     |
help: consider importing one of these items
     |
209  +     use core::fmt::Result;
     |
209  +     use core::result::Result;
     |

error[E0531]: cannot find tuple struct or tuple variant `Ok` in this scope
    --> C:\Users\john\.cargo\registry\src\index.crates.io-1949cf8c6b5b557f\serde-1.0.219\src\lib.rs:298:13
     |
298  |             Ok(val) => val,
     |             ^^ not found in this scope
     |
    ::: C:\Users\john\.cargo\registry\src\index.crates.io-1949cf8c6b5b557f\serde-1.0.219\src\private\de.rs:1728:21
     |
1728 |         let value = tri!(visitor.visit_map(&mut map_visitor));
     |                     ----------------------------------------- in this macro invocation
     |
     = note: this error originates in the macro `tri` (in Nightly builds, run with -Z macro-backtrace for more info)
help: consider importing this tuple variant
    -->  C:\Users\john\.cargo\registry\src\index.crates.io-1949cf8c6b5b557f\serde-1.0.219\src\private\de.rs:209:5
     |
209  +     use core::result::Result::Ok;
     |

error[E0531]: cannot find tuple struct or tuple variant `Err` in this scope
    --> C:\Users\john\.cargo\registry\src\index.crates.io-1949cf8c6b5b557f\serde-1.0.219\src\lib.rs:299:13
     |
299  |             Err(err) => return Err(err),
     |             ^^^ not found in this scope
     |
    ::: C:\Users\john\.cargo\registry\src\index.crates.io-1949cf8c6b5b557f\serde-1.0.219\src\private\de.rs:1728:21
     |
1728 |         let value = tri!(visitor.visit_map(&mut map_visitor));
     |                     ----------------------------------------- in this macro invocation
     |
     = note: this error originates in the macro `tri` (in Nightly builds, run with -Z macro-backtrace for more info)
help: consider importing this tuple variant
    -->  C:\Users\john\.cargo\registry\src\index.crates.io-1949cf8c6b5b557f\serde-1.0.219\src\private\de.rs:209:5
     |
209  +     use core::result::Result::Err;
     |

error[E0425]: cannot find function, tuple struct or tuple variant `Err` in this scope
    --> C:\Users\john\.cargo\registry\src\index.crates.io-1949cf8c6b5b557f\serde-1.0.219\src\lib.rs:299:32
     |
299  |             Err(err) => return Err(err),
     |                                ^^^
     |
    ::: C:\Users\john\.cargo\registry\src\index.crates.io-1949cf8c6b5b557f\serde-1.0.219\src\private\de.rs:1728:21
     |
1728 |         let value = tri!(visitor.visit_map(&mut map_visitor));
     |                     ----------------------------------------- in this macro invocation
     |
     = note: this error originates in the macro `tri` (in Nightly builds, run with -Z macro-backtrace for more info)
help: a local variable with a similar name exists
     |
299  -             Err(err) => return Err(err),
299  +             Err(err) => return err(err),
     |
help: consider importing this tuple variant
    -->  C:\Users\john\.cargo\registry\src\index.crates.io-1949cf8c6b5b557f\serde-1.0.219\src\private\de.rs:209:5
     |
209  +     use core::result::Result::Err;
     |

error[E0531]: cannot find tuple struct or tuple variant `Ok` in this scope
    --> C:\Users\john\.cargo\registry\src\index.crates.io-1949cf8c6b5b557f\serde-1.0.219\src\lib.rs:298:13
     |
298  |             Ok(val) => val,
     |             ^^ not found in this scope
     |
    ::: C:\Users\john\.cargo\registry\src\index.crates.io-1949cf8c6b5b557f\serde-1.0.219\src\private\de.rs:1729:9
     |
1729 |         tri!(map_visitor.end());
     |         ----------------------- in this macro invocation
     |
     = note: this error originates in the macro `tri` (in Nightly builds, run with -Z macro-backtrace for more info)
help: consider importing this tuple variant
    -->  C:\Users\john\.cargo\registry\src\index.crates.io-1949cf8c6b5b557f\serde-1.0.219\src\private\de.rs:209:5
     |
209  +     use core::result::Result::Ok;
     |

error[E0531]: cannot find tuple struct or tuple variant `Err` in this scope
    --> C:\Users\john\.cargo\registry\src\index.crates.io-1949cf8c6b5b557f\serde-1.0.219\src\lib.rs:299:13
     |
299  |             Err(err) => return Err(err),
     |             ^^^ not found in this scope
     |
    ::: C:\Users\john\.cargo\registry\src\index.crates.io-1949cf8c6b5b557f\serde-1.0.219\src\private\de.rs:1729:9
     |
1729 |         tri!(map_visitor.end());
     |         ----------------------- in this macro invocation
     |
     = note: this error originates in the macro `tri` (in Nightly builds, run with -Z macro-backtrace for more info)
help: consider importing this tuple variant
    -->  C:\Users\john\.cargo\registry\src\index.crates.io-1949cf8c6b5b557f\serde-1.0.219\src\private\de.rs:209:5
     |
209  +     use core::result::Result::Err;
     |

error[E0425]: cannot find function, tuple struct or tuple variant `Err` in this scope
    --> C:\Users\john\.cargo\registry\src\index.crates.io-1949cf8c6b5b557f\serde-1.0.219\src\lib.rs:299:32
     |
299  |             Err(err) => return Err(err),
     |                                ^^^
     |
    ::: C:\Users\john\.cargo\registry\src\index.crates.io-1949cf8c6b5b557f\serde-1.0.219\src\private\de.rs:1729:9
     |
1729 |         tri!(map_visitor.end());
     |         ----------------------- in this macro invocation
     |
     = note: this error originates in the macro `tri` (in Nightly builds, run with -Z macro-backtrace for more info)
help: a local variable with a similar name exists
     |
299  -             Err(err) => return Err(err),
299  +             Err(err) => return err(err),
     |
help: consider importing this tuple variant
    -->  C:\Users\john\.cargo\registry\src\index.crates.io-1949cf8c6b5b557f\serde-1.0.219\src\private\de.rs:209:5
     |
209  +     use core::result::Result::Err;
     |

error[E0425]: cannot find function, tuple struct or tuple variant `Ok` in this scope
    --> C:\Users\john\.cargo\registry\src\index.crates.io-1949cf8c6b5b557f\serde-1.0.219\src\private\de.rs:1730:9
     |
1730 |         Ok(value)
     |         ^^ not found in this scope
     |
help: consider importing this tuple variant
     |
209  +     use core::result::Result::Ok;
     |

error[E0412]: cannot find type `Result` in this scope
    --> C:\Users\john\.cargo\registry\src\index.crates.io-1949cf8c6b5b557f\serde-1.0.219\src\private\de.rs:1741:52
     |
1741 |         fn deserialize_any<V>(self, visitor: V) -> Result<V::Value, E>
     |                                                    ^^^^^^ not found in this scope
     |
help: consider importing one of these items
     |
209  +     use core::fmt::Result;
     |
209  +     use core::result::Result;
     |

error[E0412]: cannot find type `Result` in this scope
    --> C:\Users\john\.cargo\registry\src\index.crates.io-1949cf8c6b5b557f\serde-1.0.219\src\private\de.rs:1773:53
     |
1773 |         fn deserialize_bool<V>(self, visitor: V) -> Result<V::Value, Self::Error>
     |                                                     ^^^^^^ not found in this scope
     |
help: consider importing one of these items
     |
209  +     use core::fmt::Result;
     |
209  +     use core::result::Result;
     |

error[E0425]: cannot find function, tuple struct or tuple variant `Err` in this scope
    --> C:\Users\john\.cargo\registry\src\index.crates.io-1949cf8c6b5b557f\serde-1.0.219\src\private\de.rs:1779:22
     |
1779 |                 _ => Err(self.invalid_type(&visitor)),
     |                      ^^^ not found in this scope
     |
help: consider importing this tuple variant
     |
209  +     use core::result::Result::Err;
     |

error[E0412]: cannot find type `Result` in this scope
    --> C:\Users\john\.cargo\registry\src\index.crates.io-1949cf8c6b5b557f\serde-1.0.219\src\private\de.rs:1783:51
     |
1783 |         fn deserialize_i8<V>(self, visitor: V) -> Result<V::Value, Self::Error>
     |                                                   ^^^^^^ not found in this scope
     |
help: consider importing one of these items
     |
209  +     use core::fmt::Result;
     |
209  +     use core::result::Result;
     |

error[E0412]: cannot find type `Result` in this scope
    --> C:\Users\john\.cargo\registry\src\index.crates.io-1949cf8c6b5b557f\serde-1.0.219\src\private\de.rs:1790:52
     |
1790 |         fn deserialize_i16<V>(self, visitor: V) -> Result<V::Value, Self::Error>
     |                                                    ^^^^^^ not found in this scope
     |
help: consider importing one of these items
     |
209  +     use core::fmt::Result;
     |
209  +     use core::result::Result;
     |

error[E0412]: cannot find type `Result` in this scope
    --> C:\Users\john\.cargo\registry\src\index.crates.io-1949cf8c6b5b557f\serde-1.0.219\src\private\de.rs:1797:52
     |
1797 |         fn deserialize_i32<V>(self, visitor: V) -> Result<V::Value, Self::Error>
     |                                                    ^^^^^^ not found in this scope
     |
help: consider importing one of these items
     |
209  +     use core::fmt::Result;
     |
209  +     use core::result::Result;
     |

error[E0412]: cannot find type `Result` in this scope
    --> C:\Users\john\.cargo\registry\src\index.crates.io-1949cf8c6b5b557f\serde-1.0.219\src\private\de.rs:1804:52
     |
1804 |         fn deserialize_i64<V>(self, visitor: V) -> Result<V::Value, Self::Error>
     |                                                    ^^^^^^ not found in this scope
     |
help: consider importing one of these items
     |
209  +     use core::fmt::Result;
     |
209  +     use core::result::Result;
     |

error[E0412]: cannot find type `Result` in this scope
    --> C:\Users\john\.cargo\registry\src\index.crates.io-1949cf8c6b5b557f\serde-1.0.219\src\private\de.rs:1811:51
     |
1811 |         fn deserialize_u8<V>(self, visitor: V) -> Result<V::Value, Self::Error>
     |                                                   ^^^^^^ not found in this scope
     |
help: consider importing one of these items
     |
209  +     use core::fmt::Result;
     |
209  +     use core::result::Result;
     |

error[E0412]: cannot find type `Result` in this scope
    --> C:\Users\john\.cargo\registry\src\index.crates.io-1949cf8c6b5b557f\serde-1.0.219\src\private\de.rs:1818:52
     |
1818 |         fn deserialize_u16<V>(self, visitor: V) -> Result<V::Value, Self::Error>
     |                                                    ^^^^^^ not found in this scope
     |
help: consider importing one of these items
     |
209  +     use core::fmt::Result;
     |
209  +     use core::result::Result;
     |

error[E0412]: cannot find type `Result` in this scope
    --> C:\Users\john\.cargo\registry\src\index.crates.io-1949cf8c6b5b557f\serde-1.0.219\src\private\de.rs:1825:52
     |
1825 |         fn deserialize_u32<V>(self, visitor: V) -> Result<V::Value, Self::Error>
     |                                                    ^^^^^^ not found in this scope
     |
help: consider importing one of these items
     |
209  +     use core::fmt::Result;
     |
209  +     use core::result::Result;
     |

error[E0412]: cannot find type `Result` in this scope
    --> C:\Users\john\.cargo\registry\src\index.crates.io-1949cf8c6b5b557f\serde-1.0.219\src\private\de.rs:1832:52
     |
1832 |         fn deserialize_u64<V>(self, visitor: V) -> Result<V::Value, Self::Error>
     |                                                    ^^^^^^ not found in this scope
     |
help: consider importing one of these items
     |
209  +     use core::fmt::Result;
     |
209  +     use core::result::Result;
     |

error[E0412]: cannot find type `Result` in this scope
    --> C:\Users\john\.cargo\registry\src\index.crates.io-1949cf8c6b5b557f\serde-1.0.219\src\private\de.rs:1839:52
     |
1839 |         fn deserialize_f32<V>(self, visitor: V) -> Result<V::Value, Self::Error>
     |                                                    ^^^^^^ not found in this scope
     |
help: consider importing one of these items
     |
209  +     use core::fmt::Result;
     |
209  +     use core::result::Result;
     |

error[E0412]: cannot find type `Result` in this scope
    --> C:\Users\john\.cargo\registry\src\index.crates.io-1949cf8c6b5b557f\serde-1.0.219\src\private\de.rs:1846:52
     |
1846 |         fn deserialize_f64<V>(self, visitor: V) -> Result<V::Value, Self::Error>
     |                                                    ^^^^^^ not found in this scope
     |
help: consider importing one of these items
     |
209  +     use core::fmt::Result;
     |
209  +     use core::result::Result;
     |

error[E0412]: cannot find type `Result` in this scope
    --> C:\Users\john\.cargo\registry\src\index.crates.io-1949cf8c6b5b557f\serde-1.0.219\src\private\de.rs:1853:53
     |
1853 |         fn deserialize_char<V>(self, visitor: V) -> Result<V::Value, Self::Error>
     |                                                     ^^^^^^ not found in this scope
     |
help: consider importing one of these items
     |
209  +     use core::fmt::Result;
     |
209  +     use core::result::Result;
     |

error[E0425]: cannot find function, tuple struct or tuple variant `Err` in this scope
    --> C:\Users\john\.cargo\registry\src\index.crates.io-1949cf8c6b5b557f\serde-1.0.219\src\private\de.rs:1861:22
     |
1861 |                 _ => Err(self.invalid_type(&visitor)),
     |                      ^^^ not found in this scope
     |
help: consider importing this tuple variant
     |
209  +     use core::result::Result::Err;
     |

error[E0412]: cannot find type `Result` in this scope
    --> C:\Users\john\.cargo\registry\src\index.crates.io-1949cf8c6b5b557f\serde-1.0.219\src\private\de.rs:1865:52
     |
1865 |         fn deserialize_str<V>(self, visitor: V) -> Result<V::Value, Self::Error>
     |                                                    ^^^^^^ not found in this scope
     |
help: consider importing one of these items
     |
209  +     use core::fmt::Result;
     |
209  +     use core::result::Result;
     |

error[E0425]: cannot find function, tuple struct or tuple variant `Err` in this scope
    --> C:\Users\john\.cargo\registry\src\index.crates.io-1949cf8c6b5b557f\serde-1.0.219\src\private\de.rs:1874:22
     |
1874 |                 _ => Err(self.invalid_type(&visitor)),
     |                      ^^^ not found in this scope
     |
help: consider importing this tuple variant
     |
209  +     use core::result::Result::Err;
     |

error[E0412]: cannot find type `Result` in this scope
    --> C:\Users\john\.cargo\registry\src\index.crates.io-1949cf8c6b5b557f\serde-1.0.219\src\private\de.rs:1878:55
     |
1878 |         fn deserialize_string<V>(self, visitor: V) -> Result<V::Value, Self::Error>
     |                                                       ^^^^^^ not found in this scope
     |
help: consider importing one of these items
     |
209  +     use core::fmt::Result;
     |
209  +     use core::result::Result;
     |

error[E0412]: cannot find type `Result` in this scope
    --> C:\Users\john\.cargo\registry\src\index.crates.io-1949cf8c6b5b557f\serde-1.0.219\src\private\de.rs:1885:54
     |
1885 |         fn deserialize_bytes<V>(self, visitor: V) -> Result<V::Value, Self::Error>
     |                                                      ^^^^^^ not found in this scope
     |
help: consider importing one of these items
     |
209  +     use core::fmt::Result;
     |
209  +     use core::result::Result;
     |

error[E0425]: cannot find function, tuple struct or tuple variant `Err` in this scope
    --> C:\Users\john\.cargo\registry\src\index.crates.io-1949cf8c6b5b557f\serde-1.0.219\src\private\de.rs:1895:22
     |
1895 |                 _ => Err(self.invalid_type(&visitor)),
     |                      ^^^ not found in this scope
     |
help: consider importing this tuple variant
     |
209  +     use core::result::Result::Err;
     |

error[E0412]: cannot find type `Result` in this scope
    --> C:\Users\john\.cargo\registry\src\index.crates.io-1949cf8c6b5b557f\serde-1.0.219\src\private\de.rs:1899:57
     |
1899 |         fn deserialize_byte_buf<V>(self, visitor: V) -> Result<V::Value, Self::Error>
     |                                                         ^^^^^^ not found in this scope
     |
help: consider importing one of these items
     |
209  +     use core::fmt::Result;
     |
209  +     use core::result::Result;
     |

error[E0412]: cannot find type `Result` in this scope
    --> C:\Users\john\.cargo\registry\src\index.crates.io-1949cf8c6b5b557f\serde-1.0.219\src\private\de.rs:1906:55
     |
1906 |         fn deserialize_option<V>(self, visitor: V) -> Result<V::Value, E>
     |                                                       ^^^^^^ not found in this scope
     |
help: consider importing one of these items
     |
209  +     use core::fmt::Result;
     |
209  +     use core::result::Result;
     |

error[E0412]: cannot find type `Result` in this scope
    --> C:\Users\john\.cargo\registry\src\index.crates.io-1949cf8c6b5b557f\serde-1.0.219\src\private\de.rs:1927:53
     |
1927 |         fn deserialize_unit<V>(self, visitor: V) -> Result<V::Value, Self::Error>
     |                                                     ^^^^^^ not found in this scope
     |
help: consider importing one of these items
     |
209  +     use core::fmt::Result;
     |
209  +     use core::result::Result;
     |

error[E0425]: cannot find function, tuple struct or tuple variant `Err` in this scope
    --> C:\Users\john\.cargo\registry\src\index.crates.io-1949cf8c6b5b557f\serde-1.0.219\src\private\de.rs:1933:22
     |
1933 |                 _ => Err(self.invalid_type(&visitor)),
     |                      ^^^ not found in this scope
     |
help: consider importing this tuple variant
     |
209  +     use core::result::Result::Err;
     |

error[E0412]: cannot find type `Result` in this scope
    --> C:\Users\john\.cargo\registry\src\index.crates.io-1949cf8c6b5b557f\serde-1.0.219\src\private\de.rs:1941:14
     |
1941 |         ) -> Result<V::Value, Self::Error>
     |              ^^^^^^ not found in this scope
     |
help: consider importing one of these items
     |
209  +     use core::fmt::Result;
     |
209  +     use core::result::Result;
     |

error[E0412]: cannot find type `Result` in this scope
    --> C:\Users\john\.cargo\registry\src\index.crates.io-1949cf8c6b5b557f\serde-1.0.219\src\private\de.rs:1948:76
     |
1948 |         fn deserialize_newtype_struct<V>(self, _name: &str, visitor: V) -> Result<V::Value, E>
     |                                                                            ^^^^^^ not found in this scope
     |
help: consider importing one of these items
     |
209  +     use core::fmt::Result;
     |
209  +     use core::result::Result;
     |

error[E0412]: cannot find type `Result` in this scope
    --> C:\Users\john\.cargo\registry\src\index.crates.io-1949cf8c6b5b557f\serde-1.0.219\src\private\de.rs:1971:52
     |
1971 |         fn deserialize_seq<V>(self, visitor: V) -> Result<V::Value, Self::Error>
     |                                                    ^^^^^^ not found in this scope
     |
help: consider importing one of these items
     |
209  +     use core::fmt::Result;
     |
209  +     use core::result::Result;
     |

error[E0425]: cannot find function, tuple struct or tuple variant `Err` in this scope
    --> C:\Users\john\.cargo\registry\src\index.crates.io-1949cf8c6b5b557f\serde-1.0.219\src\private\de.rs:1977:22
     |
1977 |                 _ => Err(self.invalid_type(&visitor)),
     |                      ^^^ not found in this scope
     |
help: consider importing this tuple variant
     |
209  +     use core::result::Result::Err;
     |

error[E0412]: cannot find type `Result` in this scope
    --> C:\Users\john\.cargo\registry\src\index.crates.io-1949cf8c6b5b557f\serde-1.0.219\src\private\de.rs:1981:67
     |
1981 |         fn deserialize_tuple<V>(self, _len: usize, visitor: V) -> Result<V::Value, Self::Error>
     |                                                                   ^^^^^^ not found in this scope
     |
help: consider importing one of these items
     |
209  +     use core::fmt::Result;
     |
209  +     use core::result::Result;
     |

error[E0412]: cannot find type `Result` in this scope
    --> C:\Users\john\.cargo\registry\src\index.crates.io-1949cf8c6b5b557f\serde-1.0.219\src\private\de.rs:1993:14
     |
1993 |         ) -> Result<V::Value, Self::Error>
     |              ^^^^^^ not found in this scope
     |
help: consider importing one of these items
     |
209  +     use core::fmt::Result;
     |
209  +     use core::result::Result;
     |

error[E0412]: cannot find type `Result` in this scope
    --> C:\Users\john\.cargo\registry\src\index.crates.io-1949cf8c6b5b557f\serde-1.0.219\src\private\de.rs:2000:52
     |
2000 |         fn deserialize_map<V>(self, visitor: V) -> Result<V::Value, Self::Error>
     |                                                    ^^^^^^ not found in this scope
     |
help: consider importing one of these items
     |
209  +     use core::fmt::Result;
     |
209  +     use core::result::Result;
     |

error[E0425]: cannot find function, tuple struct or tuple variant `Err` in this scope
    --> C:\Users\john\.cargo\registry\src\index.crates.io-1949cf8c6b5b557f\serde-1.0.219\src\private\de.rs:2006:22
     |
2006 |                 _ => Err(self.invalid_type(&visitor)),
     |                      ^^^ not found in this scope
     |
help: consider importing this tuple variant
     |
209  +     use core::result::Result::Err;
     |

error[E0412]: cannot find type `Result` in this scope
    --> C:\Users\john\.cargo\registry\src\index.crates.io-1949cf8c6b5b557f\serde-1.0.219\src\private\de.rs:2015:14
     |
2015 |         ) -> Result<V::Value, Self::Error>
     |              ^^^^^^ not found in this scope
     |
help: consider importing one of these items
     |
209  +     use core::fmt::Result;
     |
209  +     use core::result::Result;
     |

error[E0425]: cannot find function, tuple struct or tuple variant `Err` in this scope
    --> C:\Users\john\.cargo\registry\src\index.crates.io-1949cf8c6b5b557f\serde-1.0.219\src\private\de.rs:2022:22
     |
2022 |                 _ => Err(self.invalid_type(&visitor)),
     |                      ^^^ not found in this scope
     |
help: consider importing this tuple variant
     |
209  +     use core::result::Result::Err;
     |

error[E0412]: cannot find type `Result` in this scope
    --> C:\Users\john\.cargo\registry\src\index.crates.io-1949cf8c6b5b557f\serde-1.0.219\src\private\de.rs:2031:14
     |
2031 |         ) -> Result<V::Value, Self::Error>
     |              ^^^^^^ not found in this scope
     |
help: consider importing one of these items
     |
209  +     use core::fmt::Result;
     |
209  +     use core::result::Result;
     |

error[E0531]: cannot find tuple struct or tuple variant `Some` in this scope
    --> C:\Users\john\.cargo\registry\src\index.crates.io-1949cf8c6b5b557f\serde-1.0.219\src\private\de.rs:2039:25
     |
2039 |                         Some(v) => v,
     |                         ^^^^ not found in this scope
     |
note: tuple variant `crate::__private::ser::content::Content::Some` exists but is inaccessible
    --> C:\Users\john\.cargo\registry\src\index.crates.io-1949cf8c6b5b557f\serde-1.0.219\src\private\ser.rs:443:9
     |
443  |         Some(Box<Content>),
     |         ^^^^^^^^^^^^^^^^^^ not accessible
help: consider importing one of these tuple variants
     |
209  +     use crate::__private::de::Content::Some;
     |
209  +     use core::option::Option::Some;
     |

error[E0425]: cannot find function, tuple struct or tuple variant `Err` in this scope
    --> C:\Users\john\.cargo\registry\src\index.crates.io-1949cf8c6b5b557f\serde-1.0.219\src\private\de.rs:2041:36
     |
2041 | ...                   return Err(de::Error::invalid_value(
     |                              ^^^ not found in this scope
     |
help: consider importing this tuple variant
     |
209  +     use core::result::Result::Err;
     |

error[E0425]: cannot find function, tuple struct or tuple variant `Err` in this scope
    --> C:\Users\john\.cargo\registry\src\index.crates.io-1949cf8c6b5b557f\serde-1.0.219\src\private\de.rs:2049:32
     |
2049 |                         return Err(de::Error::invalid_value(
     |                                ^^^ not found in this scope
     |
help: consider importing this tuple variant
     |
209  +     use core::result::Result::Err;
     |

error[E0425]: cannot find function, tuple struct or tuple variant `Some` in this scope
    --> C:\Users\john\.cargo\registry\src\index.crates.io-1949cf8c6b5b557f\serde-1.0.219\src\private\de.rs:2054:31
     |
2054 |                     (variant, Some(value))
     |                               ^^^^ not found in this scope
     |
note: tuple variant `crate::__private::ser::content::Content::Some` exists but is inaccessible
    --> C:\Users\john\.cargo\registry\src\index.crates.io-1949cf8c6b5b557f\serde-1.0.219\src\private\ser.rs:443:9
     |
443  |         Some(Box<Content>),
     |         ^^^^^^^^^^^^^^^^^^ not accessible
help: consider importing one of these tuple variants
     |
209  +     use crate::__private::de::Content::Some;
     |
209  +     use core::option::Option::Some;
     |

error[E0425]: cannot find value `None` in this scope
    --> C:\Users\john\.cargo\registry\src\index.crates.io-1949cf8c6b5b557f\serde-1.0.219\src\private\de.rs:2056:77
     |
2056 |                 ref s @ Content::String(_) | ref s @ Content::Str(_) => (s, None),
     |                                                                             ^^^^ not found in this scope
     |
note: unit variant `crate::__private::ser::content::Content::None` exists but is inaccessible
    --> C:\Users\john\.cargo\registry\src\index.crates.io-1949cf8c6b5b557f\serde-1.0.219\src\private\ser.rs:442:9
     |
442  |         None,
     |         ^^^^ not accessible
help: consider importing one of these unit variants
     |
209  +     use crate::__private::de::Content::None;
     |
209  +     use core::option::Option::None;
     |

error[E0425]: cannot find function, tuple struct or tuple variant `Err` in this scope
    --> C:\Users\john\.cargo\registry\src\index.crates.io-1949cf8c6b5b557f\serde-1.0.219\src\private\de.rs:2058:28
     |
2058 |                     return Err(de::Error::invalid_type(
     |                            ^^^ not found in this scope
     |
help: consider importing this tuple variant
     |
209  +     use core::result::Result::Err;
     |

error[E0412]: cannot find type `Result` in this scope
    --> C:\Users\john\.cargo\registry\src\index.crates.io-1949cf8c6b5b557f\serde-1.0.219\src\private\de.rs:2072:59
     |
2072 |         fn deserialize_identifier<V>(self, visitor: V) -> Result<V::Value, Self::Error>
     |                                                           ^^^^^^ not found in this scope
     |
help: consider importing one of these items
     |
209  +     use core::fmt::Result;
     |
209  +     use core::result::Result;
     |

error[E0425]: cannot find function, tuple struct or tuple variant `Err` in this scope
    --> C:\Users\john\.cargo\registry\src\index.crates.io-1949cf8c6b5b557f\serde-1.0.219\src\private\de.rs:2083:22
     |
2083 |                 _ => Err(self.invalid_type(&visitor)),
     |                      ^^^ not found in this scope
     |
help: consider importing this tuple variant
     |
209  +     use core::result::Result::Err;
     |

error[E0412]: cannot find type `Result` in this scope
    --> C:\Users\john\.cargo\registry\src\index.crates.io-1949cf8c6b5b557f\serde-1.0.219\src\private\de.rs:2087:60
     |
2087 |         fn deserialize_ignored_any<V>(self, visitor: V) -> Result<V::Value, Self::Error>
     |                                                            ^^^^^^ not found in this scope
     |
help: consider importing one of these items
     |
209  +     use core::fmt::Result;
     |
209  +     use core::result::Result;
     |

error[E0412]: cannot find type `Result` in this scope
    --> C:\Users\john\.cargo\registry\src\index.crates.io-1949cf8c6b5b557f\serde-1.0.219\src\private\de.rs:2098:14
     |
2098 |         ) -> Result<Content<'de>, Self::Error>
     |              ^^^^^^ not found in this scope
     |
help: consider importing one of these items
     |
209  +     use core::fmt::Result;
     |
209  +     use core::result::Result;
     |

error[E0425]: cannot find function, tuple struct or tuple variant `Ok` in this scope
    --> C:\Users\john\.cargo\registry\src\index.crates.io-1949cf8c6b5b557f\serde-1.0.219\src\private\de.rs:2103:13
     |
2103 |             Ok(self.content.clone())
     |             ^^ not found in this scope
     |
help: consider importing this tuple variant
     |
209  +     use core::result::Result::Ok;
     |

error[E0405]: cannot find trait `Copy` in this scope
    --> C:\Users\john\.cargo\registry\src\index.crates.io-1949cf8c6b5b557f\serde-1.0.219\src\private\de.rs:2117:26
     |
2117 |     impl<'a, 'de: 'a, E> Copy for ContentRefDeserializer<'a, 'de, E> {}
     |                          ^^^^ not found in this scope
     |
help: consider importing this trait
     |
209  +     use core::marker::Copy;
     |

error[E0405]: cannot find trait `Clone` in this scope
    --> C:\Users\john\.cargo\registry\src\index.crates.io-1949cf8c6b5b557f\serde-1.0.219\src\private\de.rs:2119:26
     |
2119 |     impl<'a, 'de: 'a, E> Clone for ContentRefDeserializer<'a, 'de, E> {
     |                          ^^^^^ not found in this scope
     |
help: consider importing this trait
     |
209  +     use core::clone::Clone;
     |

error[E0412]: cannot find type `Option` in this scope
    --> C:\Users\john\.cargo\registry\src\index.crates.io-1949cf8c6b5b557f\serde-1.0.219\src\private\de.rs:2130:16
     |
2130 |         value: Option<&'a Content<'de>>,
     |                ^^^^^^ not found in this scope
     |
help: consider importing this enum
     |
209  +     use core::option::Option;
     |

error[E0412]: cannot find type `Result` in this scope
    --> C:\Users\john\.cargo\registry\src\index.crates.io-1949cf8c6b5b557f\serde-1.0.219\src\private\de.rs:2141:46
     |
2141 |         fn variant_seed<V>(self, seed: V) -> Result<(V::Value, Self::Variant), Self::Error>
     |                                              ^^^^^^ not found in this scope
     |
help: consider importing one of these items
     |
209  +     use core::fmt::Result;
     |
209  +     use core::result::Result;
     |

error[E0412]: cannot find type `Option` in this scope
    --> C:\Users\john\.cargo\registry\src\index.crates.io-1949cf8c6b5b557f\serde-1.0.219\src\private\de.rs:2158:16
     |
2158 |         value: Option<&'a Content<'de>>,
     |                ^^^^^^ not found in this scope
     |
help: consider importing this enum
     |
209  +     use core::option::Option;
     |

error[E0412]: cannot find type `Result` in this scope
    --> C:\Users\john\.cargo\registry\src\index.crates.io-1949cf8c6b5b557f\serde-1.0.219\src\private\de.rs:2168:34
     |
2168 |         fn unit_variant(self) -> Result<(), E> {
     |                                  ^^^^^^ not found in this scope
     |
help: consider importing one of these items
     |
209  +     use core::fmt::Result;
     |
209  +     use core::result::Result;
     |

error[E0531]: cannot find tuple struct or tuple variant `Some` in this scope
    --> C:\Users\john\.cargo\registry\src\index.crates.io-1949cf8c6b5b557f\serde-1.0.219\src\private\de.rs:2170:17
     |
2170 |                 Some(value) => de::Deserialize::deserialize(ContentRefDeserializer::new(value)),
     |                 ^^^^ not found in this scope
     |
note: tuple variant `crate::__private::ser::content::Content::Some` exists but is inaccessible
    --> C:\Users\john\.cargo\registry\src\index.crates.io-1949cf8c6b5b557f\serde-1.0.219\src\private\ser.rs:443:9
     |
443  |         Some(Box<Content>),
     |         ^^^^^^^^^^^^^^^^^^ not accessible
help: consider importing one of these tuple variants
     |
209  +     use crate::__private::de::Content::Some;
     |
209  +     use core::option::Option::Some;
     |

error[E0425]: cannot find function, tuple struct or tuple variant `Ok` in this scope
    --> C:\Users\john\.cargo\registry\src\index.crates.io-1949cf8c6b5b557f\serde-1.0.219\src\private\de.rs:2175:25
     |
2175 |                 None => Ok(()),
     |                         ^^ not found in this scope
     |
help: consider importing this tuple variant
     |
209  +     use core::result::Result::Ok;
     |

error[E0412]: cannot find type `Result` in this scope
    --> C:\Users\john\.cargo\registry\src\index.crates.io-1949cf8c6b5b557f\serde-1.0.219\src\private\de.rs:2179:54
     |
2179 |         fn newtype_variant_seed<T>(self, seed: T) -> Result<T::Value, E>
     |                                                      ^^^^^^ not found in this scope
     |
help: consider importing one of these items
     |
209  +     use core::fmt::Result;
     |
209  +     use core::result::Result;
     |

error[E0531]: cannot find tuple struct or tuple variant `Some` in this scope
    --> C:\Users\john\.cargo\registry\src\index.crates.io-1949cf8c6b5b557f\serde-1.0.219\src\private\de.rs:2189:17
     |
2189 |                 Some(value) => seed.deserialize(ContentRefDeserializer::new(value)),
     |                 ^^^^ not found in this scope
     |
note: tuple variant `crate::__private::ser::content::Content::Some` exists but is inaccessible
    --> C:\Users\john\.cargo\registry\src\index.crates.io-1949cf8c6b5b557f\serde-1.0.219\src\private\ser.rs:443:9
     |
443  |         Some(Box<Content>),
     |         ^^^^^^^^^^^^^^^^^^ not accessible
help: consider importing one of these tuple variants
     |
209  +     use crate::__private::de::Content::Some;
     |
209  +     use core::option::Option::Some;
     |

error[E0425]: cannot find function, tuple struct or tuple variant `Err` in this scope
    --> C:\Users\john\.cargo\registry\src\index.crates.io-1949cf8c6b5b557f\serde-1.0.219\src\private\de.rs:2190:25
     |
2190 |                 None => Err(de::Error::invalid_type(
     |                         ^^^ not found in this scope
     |
help: consider importing this tuple variant
     |
209  +     use core::result::Result::Err;
     |

error[E0412]: cannot find type `Result` in this scope
    --> C:\Users\john\.cargo\registry\src\index.crates.io-1949cf8c6b5b557f\serde-1.0.219\src\private\de.rs:2197:63
     |
2197 |         fn tuple_variant<V>(self, _len: usize, visitor: V) -> Result<V::Value, Self::Error>
     |                                                               ^^^^^^ not found in this scope
     |
help: consider importing one of these items
     |
209  +     use core::fmt::Result;
     |
209  +     use core::result::Result;
     |

error[E0531]: cannot find tuple struct or tuple variant `Some` in this scope
    --> C:\Users\john\.cargo\registry\src\index.crates.io-1949cf8c6b5b557f\serde-1.0.219\src\private\de.rs:2208:17
     |
2208 |                 Some(Content::Seq(v)) => visit_content_seq_ref(v, visitor),
     |                 ^^^^ not found in this scope
     |
note: tuple variant `crate::__private::ser::content::Content::Some` exists but is inaccessible
    --> C:\Users\john\.cargo\registry\src\index.crates.io-1949cf8c6b5b557f\serde-1.0.219\src\private\ser.rs:443:9
     |
443  |         Some(Box<Content>),
     |         ^^^^^^^^^^^^^^^^^^ not accessible
help: consider importing one of these tuple variants
     |
209  +     use crate::__private::de::Content::Some;
     |
209  +     use core::option::Option::Some;
     |

error[E0531]: cannot find tuple struct or tuple variant `Some` in this scope
    --> C:\Users\john\.cargo\registry\src\index.crates.io-1949cf8c6b5b557f\serde-1.0.219\src\private\de.rs:2209:17
     |
2209 |                 Some(other) => Err(de::Error::invalid_type(
     |                 ^^^^ not found in this scope
     |
note: tuple variant `crate::__private::ser::content::Content::Some` exists but is inaccessible
    --> C:\Users\john\.cargo\registry\src\index.crates.io-1949cf8c6b5b557f\serde-1.0.219\src\private\ser.rs:443:9
     |
443  |         Some(Box<Content>),
     |         ^^^^^^^^^^^^^^^^^^ not accessible
help: consider importing one of these tuple variants
     |
209  +     use crate::__private::de::Content::Some;
     |
209  +     use core::option::Option::Some;
     |

error[E0425]: cannot find function, tuple struct or tuple variant `Err` in this scope
    --> C:\Users\john\.cargo\registry\src\index.crates.io-1949cf8c6b5b557f\serde-1.0.219\src\private\de.rs:2209:32
     |
2209 |                 Some(other) => Err(de::Error::invalid_type(
     |                                ^^^ not found in this scope
     |
help: consider importing this tuple variant
     |
209  +     use core::result::Result::Err;
     |

error[E0425]: cannot find function, tuple struct or tuple variant `Err` in this scope
    --> C:\Users\john\.cargo\registry\src\index.crates.io-1949cf8c6b5b557f\serde-1.0.219\src\private\de.rs:2213:25
     |
2213 |                 None => Err(de::Error::invalid_type(
     |                         ^^^ not found in this scope
     |
help: consider importing this tuple variant
     |
209  +     use core::result::Result::Err;
     |

error[E0412]: cannot find type `Result` in this scope
    --> C:\Users\john\.cargo\registry\src\index.crates.io-1949cf8c6b5b557f\serde-1.0.219\src\private\de.rs:2224:14
     |
2224 |         ) -> Result<V::Value, Self::Error>
     |              ^^^^^^ not found in this scope
     |
help: consider importing one of these items
     |
209  +     use core::fmt::Result;
     |
209  +     use core::result::Result;
     |

error[E0531]: cannot find tuple struct or tuple variant `Some` in this scope
    --> C:\Users\john\.cargo\registry\src\index.crates.io-1949cf8c6b5b557f\serde-1.0.219\src\private\de.rs:2231:17
     |
2231 |                 Some(Content::Map(v)) => visit_content_map_ref(v, visitor),
     |                 ^^^^ not found in this scope
     |
note: tuple variant `crate::__private::ser::content::Content::Some` exists but is inaccessible
    --> C:\Users\john\.cargo\registry\src\index.crates.io-1949cf8c6b5b557f\serde-1.0.219\src\private\ser.rs:443:9
     |
443  |         Some(Box<Content>),
     |         ^^^^^^^^^^^^^^^^^^ not accessible
help: consider importing one of these tuple variants
     |
209  +     use crate::__private::de::Content::Some;
     |
209  +     use core::option::Option::Some;
     |

error[E0531]: cannot find tuple struct or tuple variant `Some` in this scope
    --> C:\Users\john\.cargo\registry\src\index.crates.io-1949cf8c6b5b557f\serde-1.0.219\src\private\de.rs:2235:17
     |
2235 |                 Some(Content::Seq(v)) => visit_content_seq_ref(v, visitor),
     |                 ^^^^ not found in this scope
     |
note: tuple variant `crate::__private::ser::content::Content::Some` exists but is inaccessible
    --> C:\Users\john\.cargo\registry\src\index.crates.io-1949cf8c6b5b557f\serde-1.0.219\src\private\ser.rs:443:9
     |
443  |         Some(Box<Content>),
     |         ^^^^^^^^^^^^^^^^^^ not accessible
help: consider importing one of these tuple variants
     |
209  +     use crate::__private::de::Content::Some;
     |
209  +     use core::option::Option::Some;
     |

error[E0531]: cannot find tuple struct or tuple variant `Some` in this scope
    --> C:\Users\john\.cargo\registry\src\index.crates.io-1949cf8c6b5b557f\serde-1.0.219\src\private\de.rs:2236:17
     |
2236 |                 Some(other) => Err(de::Error::invalid_type(
     |                 ^^^^ not found in this scope
     |
note: tuple variant `crate::__private::ser::content::Content::Some` exists but is inaccessible
    --> C:\Users\john\.cargo\registry\src\index.crates.io-1949cf8c6b5b557f\serde-1.0.219\src\private\ser.rs:443:9
     |
443  |         Some(Box<Content>),
     |         ^^^^^^^^^^^^^^^^^^ not accessible
help: consider importing one of these tuple variants
     |
209  +     use crate::__private::de::Content::Some;
     |
209  +     use core::option::Option::Some;
     |

error[E0425]: cannot find function, tuple struct or tuple variant `Err` in this scope
    --> C:\Users\john\.cargo\registry\src\index.crates.io-1949cf8c6b5b557f\serde-1.0.219\src\private\de.rs:2236:32
     |
2236 |                 Some(other) => Err(de::Error::invalid_type(
     |                                ^^^ not found in this scope
     |
help: consider importing this tuple variant
     |
209  +     use core::result::Result::Err;
     |

error[E0425]: cannot find function, tuple struct or tuple variant `Err` in this scope
    --> C:\Users\john\.cargo\registry\src\index.crates.io-1949cf8c6b5b557f\serde-1.0.219\src\private\de.rs:2240:25
     |
2240 |                 None => Err(de::Error::invalid_type(
     |                         ^^^ not found in this scope
     |
help: consider importing this tuple variant
     |
209  +     use core::result::Result::Err;
     |

error[E0412]: cannot find type `Result` in this scope
    --> C:\Users\john\.cargo\registry\src\index.crates.io-1949cf8c6b5b557f\serde-1.0.219\src\private\de.rs:2299:40
     |
2299 |         fn visit_seq<S>(self, _: S) -> Result<(), S::Error>
     |                                        ^^^^^^ not found in this scope
     |
help: consider importing one of these items
     |
209  +     use core::fmt::Result;
     |
209  +     use core::result::Result;
     |

error[E0425]: cannot find function, tuple struct or tuple variant `Ok` in this scope
    --> C:\Users\john\.cargo\registry\src\index.crates.io-1949cf8c6b5b557f\serde-1.0.219\src\private\de.rs:2303:13
     |
2303 |             Ok(())
     |             ^^ not found in this scope
     |
help: consider importing this tuple variant
     |
209  +     use core::result::Result::Ok;
     |

error[E0412]: cannot find type `Result` in this scope
    --> C:\Users\john\.cargo\registry\src\index.crates.io-1949cf8c6b5b557f\serde-1.0.219\src\private\de.rs:2306:49
     |
2306 |         fn visit_map<M>(self, mut access: M) -> Result<(), M::Error>
     |                                                 ^^^^^^ not found in this scope
     |
help: consider importing one of these items
     |
209  +     use core::fmt::Result;
     |
209  +     use core::result::Result;
     |

error[E0531]: cannot find tuple struct or tuple variant `Ok` in this scope
    --> C:\Users\john\.cargo\registry\src\index.crates.io-1949cf8c6b5b557f\serde-1.0.219\src\lib.rs:298:13
     |
298  |             Ok(val) => val,
     |             ^^ not found in this scope
     |
    ::: C:\Users\john\.cargo\registry\src\index.crates.io-1949cf8c6b5b557f\serde-1.0.219\src\private\de.rs:2310:19
     |
2310 |             while tri!(access.next_entry::<IgnoredAny, IgnoredAny>()).is_some() {}
     |                   --------------------------------------------------- in this macro invocation
     |
     = note: this error originates in the macro `tri` (in Nightly builds, run with -Z macro-backtrace for more info)
help: consider importing this tuple variant
    -->  C:\Users\john\.cargo\registry\src\index.crates.io-1949cf8c6b5b557f\serde-1.0.219\src\private\de.rs:209:5
     |
209  +     use core::result::Result::Ok;
     |

error[E0531]: cannot find tuple struct or tuple variant `Err` in this scope
    --> C:\Users\john\.cargo\registry\src\index.crates.io-1949cf8c6b5b557f\serde-1.0.219\src\lib.rs:299:13
     |
299  |             Err(err) => return Err(err),
     |             ^^^ not found in this scope
     |
    ::: C:\Users\john\.cargo\registry\src\index.crates.io-1949cf8c6b5b557f\serde-1.0.219\src\private\de.rs:2310:19
     |
2310 |             while tri!(access.next_entry::<IgnoredAny, IgnoredAny>()).is_some() {}
     |                   --------------------------------------------------- in this macro invocation
     |
     = note: this error originates in the macro `tri` (in Nightly builds, run with -Z macro-backtrace for more info)
help: consider importing this tuple variant
    -->  C:\Users\john\.cargo\registry\src\index.crates.io-1949cf8c6b5b557f\serde-1.0.219\src\private\de.rs:209:5
     |
209  +     use core::result::Result::Err;
     |

error[E0425]: cannot find function, tuple struct or tuple variant `Err` in this scope
    --> C:\Users\john\.cargo\registry\src\index.crates.io-1949cf8c6b5b557f\serde-1.0.219\src\lib.rs:299:32
     |
299  |             Err(err) => return Err(err),
     |                                ^^^
     |
    ::: C:\Users\john\.cargo\registry\src\index.crates.io-1949cf8c6b5b557f\serde-1.0.219\src\private\de.rs:2310:19
     |
2310 |             while tri!(access.next_entry::<IgnoredAny, IgnoredAny>()).is_some() {}
     |                   --------------------------------------------------- in this macro invocation
     |
     = note: this error originates in the macro `tri` (in Nightly builds, run with -Z macro-backtrace for more info)
help: a local variable with a similar name exists
     |
299  -             Err(err) => return Err(err),
299  +             Err(err) => return err(err),
     |
help: consider importing this tuple variant
    -->  C:\Users\john\.cargo\registry\src\index.crates.io-1949cf8c6b5b557f\serde-1.0.219\src\private\de.rs:209:5
     |
209  +     use core::result::Result::Err;
     |

error[E0425]: cannot find function, tuple struct or tuple variant `Ok` in this scope
    --> C:\Users\john\.cargo\registry\src\index.crates.io-1949cf8c6b5b557f\serde-1.0.219\src\private\de.rs:2311:13
     |
2311 |             Ok(())
     |             ^^ not found in this scope
     |
help: consider importing this tuple variant
     |
209  +     use core::result::Result::Ok;
     |

error[E0412]: cannot find type `Result` in this scope
    --> C:\Users\john\.cargo\registry\src\index.crates.io-1949cf8c6b5b557f\serde-1.0.219\src\private\de.rs:2344:35
     |
2344 |         fn visit_unit<E>(self) -> Result<(), E>
     |                                   ^^^^^^ not found in this scope
     |
help: consider importing one of these items
     |
209  +     use core::fmt::Result;
     |
209  +     use core::result::Result;
     |

error[E0425]: cannot find function, tuple struct or tuple variant `Ok` in this scope
    --> C:\Users\john\.cargo\registry\src\index.crates.io-1949cf8c6b5b557f\serde-1.0.219\src\private\de.rs:2348:13
     |
2348 |             Ok(())
     |             ^^ not found in this scope
     |
help: consider importing this tuple variant
     |
209  +     use core::result::Result::Ok;
     |

error[E0412]: cannot find type `Result` in this scope
    --> C:\Users\john\.cargo\registry\src\index.crates.io-1949cf8c6b5b557f\serde-1.0.219\src\private\de.rs:2351:35
     |
2351 |         fn visit_none<E>(self) -> Result<(), E>
     |                                   ^^^^^^ not found in this scope
     |
help: consider importing one of these items
     |
209  +     use core::fmt::Result;
     |
209  +     use core::result::Result;
     |

error[E0425]: cannot find function, tuple struct or tuple variant `Ok` in this scope
    --> C:\Users\john\.cargo\registry\src\index.crates.io-1949cf8c6b5b557f\serde-1.0.219\src\private\de.rs:2355:13
     |
2355 |             Ok(())
     |             ^^ not found in this scope
     |
help: consider importing this tuple variant
     |
209  +     use core::result::Result::Ok;
     |

error[E0405]: cannot find trait `Sized` in this scope
    --> C:\Users\john\.cargo\registry\src\index.crates.io-1949cf8c6b5b557f\serde-1.0.219\src\private\de.rs:2378:36
     |
2378 | pub struct Borrowed<'de, T: 'de + ?Sized>(pub &'de T);
     |                                    ^^^^^ not found in this scope
     |
help: consider importing this trait
     |
1    + use core::marker::Sized;
     |

error[E0412]: cannot find type `Result` in this scope
    --> C:\Users\john\.cargo\registry\src\index.crates.io-1949cf8c6b5b557f\serde-1.0.219\src\private\de.rs:2402:48
     |
2402 |     fn deserialize_any<V>(self, visitor: V) -> Result<V::Value, Self::Error>
     |                                                ^^^^^^ not found in this scope
     |
help: consider importing one of these items
     |
1    + use core::fmt::Result;
     |
1    + use core::result::Result;
     |

error[E0412]: cannot find type `Result` in this scope
    --> C:\Users\john\.cargo\registry\src\index.crates.io-1949cf8c6b5b557f\serde-1.0.219\src\private\de.rs:2427:48
     |
2427 |     fn deserialize_any<V>(self, visitor: V) -> Result<V::Value, Self::Error>
     |                                                ^^^^^^ not found in this scope
     |
help: consider importing one of these items
     |
1    + use core::fmt::Result;
     |
1    + use core::result::Result;
     |

error[E0412]: cannot find type `Option` in this scope
    --> C:\Users\john\.cargo\registry\src\index.crates.io-1949cf8c6b5b557f\serde-1.0.219\src\private\de.rs:2493:21
     |
2493 |     pub &'a mut Vec<Option<(Content<'de>, Content<'de>)>>,
     |                     ^^^^^^ not found in this scope
     |
help: consider importing this enum
     |
1    + use core::option::Option;
     |

error[E0412]: cannot find type `Result` in this scope
    --> C:\Users\john\.cargo\registry\src\index.crates.io-1949cf8c6b5b557f\serde-1.0.219\src\private\de.rs:2502:34
     |
2502 |     fn deserialize_other<V>() -> Result<V, E> {
     |                                  ^^^^^^ not found in this scope
     |
help: consider importing one of these items
     |
1    + use core::fmt::Result;
     |
1    + use core::result::Result;
     |

error[E0425]: cannot find function, tuple struct or tuple variant `Err` in this scope
    --> C:\Users\john\.cargo\registry\src\index.crates.io-1949cf8c6b5b557f\serde-1.0.219\src\private\de.rs:2503:9
     |
2503 |         Err(Error::custom("can only flatten structs and maps"))
     |         ^^^ not found in this scope
     |
help: consider importing this tuple variant
     |
1    + use core::result::Result::Err;
     |

error[E0412]: cannot find type `Result` in this scope
    --> C:\Users\john\.cargo\registry\src\index.crates.io-1949cf8c6b5b557f\serde-1.0.219\src\private\de.rs:2528:48
     |
2528 |     fn deserialize_any<V>(self, visitor: V) -> Result<V::Value, Self::Error>
     |                                                ^^^^^^ not found in this scope
     |
help: consider importing one of these items
     |
1    + use core::fmt::Result;
     |
1    + use core::result::Result;
     |

error[E0412]: cannot find type `Result` in this scope
    --> C:\Users\john\.cargo\registry\src\index.crates.io-1949cf8c6b5b557f\serde-1.0.219\src\private\de.rs:2540:10
     |
2540 |     ) -> Result<V::Value, Self::Error>
     |          ^^^^^^ not found in this scope
     |
help: consider importing one of these items
     |
1    + use core::fmt::Result;
     |
1    + use core::result::Result;
     |

error[E0531]: cannot find tuple struct or tuple variant `Some` in this scope
    --> C:\Users\john\.cargo\registry\src\index.crates.io-1949cf8c6b5b557f\serde-1.0.219\src\private\de.rs:2545:20
     |
2545 |             if let Some((key, value)) = flat_map_take_entry(entry, variants) {
     |                    ^^^^ not found in this scope
     |
note: tuple variant `crate::__private::ser::content::Content::Some` exists but is inaccessible
    --> C:\Users\john\.cargo\registry\src\index.crates.io-1949cf8c6b5b557f\serde-1.0.219\src\private\ser.rs:443:9
     |
443  |         Some(Box<Content>),
     |         ^^^^^^^^^^^^^^^^^^ not accessible
help: consider importing one of these tuple variants
     |
1    + use crate::__private::de::Content::Some;
     |
1    + use core::option::Option::Some;
     |

error[E0425]: cannot find function, tuple struct or tuple variant `Some` in this scope
    --> C:\Users\john\.cargo\registry\src\index.crates.io-1949cf8c6b5b557f\serde-1.0.219\src\private\de.rs:2546:70
     |
2546 |                 return visitor.visit_enum(EnumDeserializer::new(key, Some(value)));
     |                                                                      ^^^^ not found in this scope
     |
note: tuple variant `crate::__private::ser::content::Content::Some` exists but is inaccessible
    --> C:\Users\john\.cargo\registry\src\index.crates.io-1949cf8c6b5b557f\serde-1.0.219\src\private\ser.rs:443:9
     |
443  |         Some(Box<Content>),
     |         ^^^^^^^^^^^^^^^^^^ not accessible
help: consider importing one of these tuple variants
     |
1    + use crate::__private::de::Content::Some;
     |
1    + use core::option::Option::Some;
     |

error[E0425]: cannot find function, tuple struct or tuple variant `Err` in this scope
    --> C:\Users\john\.cargo\registry\src\index.crates.io-1949cf8c6b5b557f\serde-1.0.219\src\private\de.rs:2550:9
     |
2550 |         Err(Error::custom(format_args!(
     |         ^^^ not found in this scope
     |
help: consider importing this tuple variant
     |
1    + use core::result::Result::Err;
     |

error[E0412]: cannot find type `Result` in this scope
    --> C:\Users\john\.cargo\registry\src\index.crates.io-1949cf8c6b5b557f\serde-1.0.219\src\private\de.rs:2556:48
     |
2556 |     fn deserialize_map<V>(self, visitor: V) -> Result<V::Value, Self::Error>
     |                                                ^^^^^^ not found in this scope
     |
help: consider importing one of these items
     |
1    + use core::fmt::Result;
     |
1    + use core::result::Result;
     |

error[E0425]: cannot find value `None` in this scope
    --> C:\Users\john\.cargo\registry\src\index.crates.io-1949cf8c6b5b557f\serde-1.0.219\src\private\de.rs:2562:30
     |
2562 |             pending_content: None,
     |                              ^^^^ not found in this scope
     |
note: unit variant `crate::__private::ser::content::Content::None` exists but is inaccessible
    --> C:\Users\john\.cargo\registry\src\index.crates.io-1949cf8c6b5b557f\serde-1.0.219\src\private\ser.rs:442:9
     |
442  |         None,
     |         ^^^^ not accessible
help: consider importing one of these unit variants
     |
1    + use crate::__private::de::Content::None;
     |
1    + use core::option::Option::None;
     |

error[E0412]: cannot find type `Result` in this scope
    --> C:\Users\john\.cargo\registry\src\index.crates.io-1949cf8c6b5b557f\serde-1.0.219\src\private\de.rs:2572:10
     |
2572 |     ) -> Result<V::Value, Self::Error>
     |          ^^^^^^ not found in this scope
     |
help: consider importing one of these items
     |
1    + use core::fmt::Result;
     |
1    + use core::result::Result;
     |

error[E0425]: cannot find value `None` in this scope
    --> C:\Users\john\.cargo\registry\src\index.crates.io-1949cf8c6b5b557f\serde-1.0.219\src\private\de.rs:2578:30
     |
2578 |             pending_content: None,
     |                              ^^^^ not found in this scope
     |
note: unit variant `crate::__private::ser::content::Content::None` exists but is inaccessible
    --> C:\Users\john\.cargo\registry\src\index.crates.io-1949cf8c6b5b557f\serde-1.0.219\src\private\ser.rs:442:9
     |
442  |         None,
     |         ^^^^ not accessible
help: consider importing one of these unit variants
     |
1    + use crate::__private::de::Content::None;
     |
1    + use core::option::Option::None;
     |

error[E0412]: cannot find type `Result` in this scope
    --> C:\Users\john\.cargo\registry\src\index.crates.io-1949cf8c6b5b557f\serde-1.0.219\src\private\de.rs:2584:72
     |
2584 |     fn deserialize_newtype_struct<V>(self, _name: &str, visitor: V) -> Result<V::Value, Self::Error>
     |                                                                        ^^^^^^ not found in this scope
     |
help: consider importing one of these items
     |
1    + use core::fmt::Result;
     |
1    + use core::result::Result;
     |

error[E0412]: cannot find type `Result` in this scope
    --> C:\Users\john\.cargo\registry\src\index.crates.io-1949cf8c6b5b557f\serde-1.0.219\src\private\de.rs:2591:51
     |
2591 |     fn deserialize_option<V>(self, visitor: V) -> Result<V::Value, Self::Error>
     |                                                   ^^^^^^ not found in this scope
     |
help: consider importing one of these items
     |
1    + use core::fmt::Result;
     |
1    + use core::result::Result;
     |

error[E0531]: cannot find tuple struct or tuple variant `Ok` in this scope
    --> C:\Users\john\.cargo\registry\src\index.crates.io-1949cf8c6b5b557f\serde-1.0.219\src\private\de.rs:2596:13
     |
2596 |             Ok(value) => Ok(value),
     |             ^^ not found in this scope
     |
help: consider importing this tuple variant
     |
1    + use core::result::Result::Ok;
     |

error[E0425]: cannot find function, tuple struct or tuple variant `Ok` in this scope
    --> C:\Users\john\.cargo\registry\src\index.crates.io-1949cf8c6b5b557f\serde-1.0.219\src\private\de.rs:2596:26
     |
2596 |             Ok(value) => Ok(value),
     |                          ^^ not found in this scope
     |
help: consider importing this tuple variant
     |
1    + use core::result::Result::Ok;
     |

error[E0531]: cannot find tuple struct or tuple variant `Err` in this scope
    --> C:\Users\john\.cargo\registry\src\index.crates.io-1949cf8c6b5b557f\serde-1.0.219\src\private\de.rs:2597:13
     |
2597 |             Err(()) => Self::deserialize_other(),
     |             ^^^ not found in this scope
     |
help: consider importing this tuple variant
     |
1    + use core::result::Result::Err;
     |

error[E0412]: cannot find type `Result` in this scope
    --> C:\Users\john\.cargo\registry\src\index.crates.io-1949cf8c6b5b557f\serde-1.0.219\src\private\de.rs:2601:49
     |
2601 |     fn deserialize_unit<V>(self, visitor: V) -> Result<V::Value, Self::Error>
     |                                                 ^^^^^^ not found in this scope
     |
help: consider importing one of these items
     |
1    + use core::fmt::Result;
     |
1    + use core::result::Result;
     |

error[E0412]: cannot find type `Result` in this scope
    --> C:\Users\john\.cargo\registry\src\index.crates.io-1949cf8c6b5b557f\serde-1.0.219\src\private\de.rs:2612:10
     |
2612 |     ) -> Result<V::Value, Self::Error>
     |          ^^^^^^ not found in this scope
     |
help: consider importing one of these items
     |
1    + use core::fmt::Result;
     |
1    + use core::result::Result;
     |

error[E0412]: cannot find type `Result` in this scope
    --> C:\Users\john\.cargo\registry\src\index.crates.io-1949cf8c6b5b557f\serde-1.0.219\src\private\de.rs:2619:56
     |
2619 |     fn deserialize_ignored_any<V>(self, visitor: V) -> Result<V::Value, Self::Error>
     |                                                        ^^^^^^ not found in this scope
     |
help: consider importing one of these items
     |
1    + use core::fmt::Result;
     |
1    + use core::result::Result;
     |

error[E0412]: cannot find type `Result` in this scope
    --> C:\Users\john\.cargo\registry\src\index.crates.io-1949cf8c6b5b557f\serde-1.0.219\src\private\de.rs:2511:60
     |
2511 |               fn $func<V>(self, $(_: $arg,)* _visitor: V) -> Result<V::Value, Self::Error>
     |                                                              ^^^^^^ not found in this scope
...
2626 | /     forward_to_deserialize_other! {
2627 | |         deserialize_bool()
2628 | |         deserialize_i8()
2629 | |         deserialize_i16()
...    |
2646 | |         deserialize_identifier()
2647 | |     }
     | |_____- in this macro invocation
     |
     = note: this error originates in the macro `forward_to_deserialize_other` (in Nightly builds, run with -Z macro-backtrace for more info)
help: consider importing one of these items
     |
1    + use core::fmt::Result;
     |
1    + use core::result::Result;
     |

error[E0412]: cannot find type `Option` in this scope
    --> C:\Users\john\.cargo\registry\src\index.crates.io-1949cf8c6b5b557f\serde-1.0.219\src\private\de.rs:2652:27
     |
2652 |     iter: slice::Iter<'a, Option<(Content<'de>, Content<'de>)>>,
     |                           ^^^^^^ not found in this scope
     |
help: consider importing this enum
     |
1    + use core::option::Option;
     |

error[E0412]: cannot find type `Option` in this scope
    --> C:\Users\john\.cargo\registry\src\index.crates.io-1949cf8c6b5b557f\serde-1.0.219\src\private\de.rs:2653:22
     |
2653 |     pending_content: Option<&'a Content<'de>>,
     |                      ^^^^^^ not found in this scope
     |
help: consider importing this enum
     |
1    + use core::option::Option;
     |

error[E0412]: cannot find type `Result` in this scope
    --> C:\Users\john\.cargo\registry\src\index.crates.io-1949cf8c6b5b557f\serde-1.0.219\src\private\de.rs:2664:48
     |
2664 |     fn next_key_seed<T>(&mut self, seed: T) -> Result<Option<T::Value>, Self::Error>
     |                                                ^^^^^^ not found in this scope
     |
help: consider importing one of these items
     |
1    + use core::fmt::Result;
     |
1    + use core::result::Result;
     |

error[E0412]: cannot find type `Option` in this scope
    --> C:\Users\john\.cargo\registry\src\index.crates.io-1949cf8c6b5b557f\serde-1.0.219\src\private\de.rs:2664:55
     |
2664 |     fn next_key_seed<T>(&mut self, seed: T) -> Result<Option<T::Value>, Self::Error>
     |                                                       ^^^^^^ not found in this scope
     |
help: consider importing this enum
     |
1    + use core::option::Option;
     |

error[E0531]: cannot find tuple struct or tuple variant `Some` in this scope
    --> C:\Users\john\.cargo\registry\src\index.crates.io-1949cf8c6b5b557f\serde-1.0.219\src\private\de.rs:2670:20
     |
2670 |             if let Some((ref key, ref content)) = *item {
     |                    ^^^^ not found in this scope
     |
note: tuple variant `crate::__private::ser::content::Content::Some` exists but is inaccessible
    --> C:\Users\john\.cargo\registry\src\index.crates.io-1949cf8c6b5b557f\serde-1.0.219\src\private\ser.rs:443:9
     |
443  |         Some(Box<Content>),
     |         ^^^^^^^^^^^^^^^^^^ not accessible
help: consider importing one of these tuple variants
     |
1    + use crate::__private::de::Content::Some;
     |
1    + use core::option::Option::Some;
     |

error[E0425]: cannot find function, tuple struct or tuple variant `Some` in this scope
    --> C:\Users\john\.cargo\registry\src\index.crates.io-1949cf8c6b5b557f\serde-1.0.219\src\private\de.rs:2675:40
     |
2675 |                 self.pending_content = Some(content);
     |                                        ^^^^ not found in this scope
     |
note: tuple variant `crate::__private::ser::content::Content::Some` exists but is inaccessible
    --> C:\Users\john\.cargo\registry\src\index.crates.io-1949cf8c6b5b557f\serde-1.0.219\src\private\ser.rs:443:9
     |
443  |         Some(Box<Content>),
     |         ^^^^^^^^^^^^^^^^^^ not accessible
help: consider importing one of these tuple variants
     |
1    + use crate::__private::de::Content::Some;
     |
1    + use core::option::Option::Some;
     |

error[E0425]: cannot find value `Some` in this scope
    --> C:\Users\john\.cargo\registry\src\index.crates.io-1949cf8c6b5b557f\serde-1.0.219\src\private\de.rs:2676:79
     |
2676 |                 return seed.deserialize(ContentRefDeserializer::new(key)).map(Some);
     |                                                                               ^^^^ not found in this scope
     |
note: tuple variant `crate::__private::ser::content::Content::Some` exists but is inaccessible
    --> C:\Users\john\.cargo\registry\src\index.crates.io-1949cf8c6b5b557f\serde-1.0.219\src\private\ser.rs:443:9
     |
443  |         Some(Box<Content>),
     |         ^^^^^^^^^^^^^^^^^^ not accessible
help: consider importing one of these tuple variants
     |
1    + use crate::__private::de::Content::Some;
     |
1    + use core::option::Option::Some;
     |

error[E0425]: cannot find function, tuple struct or tuple variant `Ok` in this scope
    --> C:\Users\john\.cargo\registry\src\index.crates.io-1949cf8c6b5b557f\serde-1.0.219\src\private\de.rs:2679:9
     |
2679 |         Ok(None)
     |         ^^ not found in this scope
     |
help: consider importing this tuple variant
     |
1    + use core::result::Result::Ok;
     |

error[E0425]: cannot find value `None` in this scope
    --> C:\Users\john\.cargo\registry\src\index.crates.io-1949cf8c6b5b557f\serde-1.0.219\src\private\de.rs:2679:12
     |
2679 |         Ok(None)
     |            ^^^^ not found in this scope
     |
note: unit variant `crate::__private::ser::content::Content::None` exists but is inaccessible
    --> C:\Users\john\.cargo\registry\src\index.crates.io-1949cf8c6b5b557f\serde-1.0.219\src\private\ser.rs:442:9
     |
442  |         None,
     |         ^^^^ not accessible
help: consider importing one of these unit variants
     |
1    + use crate::__private::de::Content::None;
     |
1    + use core::option::Option::None;
     |

error[E0412]: cannot find type `Result` in this scope
    --> C:\Users\john\.cargo\registry\src\index.crates.io-1949cf8c6b5b557f\serde-1.0.219\src\private\de.rs:2682:50
     |
2682 |     fn next_value_seed<T>(&mut self, seed: T) -> Result<T::Value, Self::Error>
     |                                                  ^^^^^^ not found in this scope
     |
help: consider importing one of these items
     |
1    + use core::fmt::Result;
     |
1    + use core::result::Result;
     |

error[E0531]: cannot find tuple struct or tuple variant `Some` in this scope
    --> C:\Users\john\.cargo\registry\src\index.crates.io-1949cf8c6b5b557f\serde-1.0.219\src\private\de.rs:2687:13
     |
2687 |             Some(value) => seed.deserialize(ContentRefDeserializer::new(value)),
     |             ^^^^ not found in this scope
     |
note: tuple variant `crate::__private::ser::content::Content::Some` exists but is inaccessible
    --> C:\Users\john\.cargo\registry\src\index.crates.io-1949cf8c6b5b557f\serde-1.0.219\src\private\ser.rs:443:9
     |
443  |         Some(Box<Content>),
     |         ^^^^^^^^^^^^^^^^^^ not accessible
help: consider importing one of these tuple variants
     |
1    + use crate::__private::de::Content::Some;
     |
1    + use core::option::Option::Some;
     |

error[E0425]: cannot find function, tuple struct or tuple variant `Err` in this scope
    --> C:\Users\john\.cargo\registry\src\index.crates.io-1949cf8c6b5b557f\serde-1.0.219\src\private\de.rs:2688:21
     |
2688 |             None => Err(Error::custom("value is missing")),
     |                     ^^^ not found in this scope
     |
help: consider importing this tuple variant
     |
1    + use core::result::Result::Err;
     |

error[E0412]: cannot find type `Option` in this scope
    --> C:\Users\john\.cargo\registry\src\index.crates.io-1949cf8c6b5b557f\serde-1.0.219\src\private\de.rs:2695:30
     |
2695 |     iter: slice::IterMut<'a, Option<(Content<'de>, Content<'de>)>>,
     |                              ^^^^^^ not found in this scope
     |
help: consider importing this enum
     |
1    + use core::option::Option;
     |

error[E0412]: cannot find type `Option` in this scope
    --> C:\Users\john\.cargo\registry\src\index.crates.io-1949cf8c6b5b557f\serde-1.0.219\src\private\de.rs:2696:22
     |
2696 |     pending_content: Option<Content<'de>>,
     |                      ^^^^^^ not found in this scope
     |
help: consider importing this enum
     |
1    + use core::option::Option;
     |

error[E0412]: cannot find type `Result` in this scope
    --> C:\Users\john\.cargo\registry\src\index.crates.io-1949cf8c6b5b557f\serde-1.0.219\src\private\de.rs:2708:48
     |
2708 |     fn next_key_seed<T>(&mut self, seed: T) -> Result<Option<T::Value>, Self::Error>
     |                                                ^^^^^^ not found in this scope
     |
help: consider importing one of these items
     |
1    + use core::fmt::Result;
     |
1    + use core::result::Result;
     |

error[E0412]: cannot find type `Option` in this scope
    --> C:\Users\john\.cargo\registry\src\index.crates.io-1949cf8c6b5b557f\serde-1.0.219\src\private\de.rs:2708:55
     |
2708 |     fn next_key_seed<T>(&mut self, seed: T) -> Result<Option<T::Value>, Self::Error>
     |                                                       ^^^^^^ not found in this scope
     |
help: consider importing this enum
     |
1    + use core::option::Option;
     |

error[E0531]: cannot find tuple struct or tuple variant `Some` in this scope
    --> C:\Users\john\.cargo\registry\src\index.crates.io-1949cf8c6b5b557f\serde-1.0.219\src\private\de.rs:2713:20
     |
2713 |             if let Some((key, content)) = flat_map_take_entry(entry, self.fields) {
     |                    ^^^^ not found in this scope
     |
note: tuple variant `crate::__private::ser::content::Content::Some` exists but is inaccessible
    --> C:\Users\john\.cargo\registry\src\index.crates.io-1949cf8c6b5b557f\serde-1.0.219\src\private\ser.rs:443:9
     |
443  |         Some(Box<Content>),
     |         ^^^^^^^^^^^^^^^^^^ not accessible
help: consider importing one of these tuple variants
     |
1    + use crate::__private::de::Content::Some;
     |
1    + use core::option::Option::Some;
     |

error[E0425]: cannot find function, tuple struct or tuple variant `Some` in this scope
    --> C:\Users\john\.cargo\registry\src\index.crates.io-1949cf8c6b5b557f\serde-1.0.219\src\private\de.rs:2714:40
     |
2714 |                 self.pending_content = Some(content);
     |                                        ^^^^ not found in this scope
     |
note: tuple variant `crate::__private::ser::content::Content::Some` exists but is inaccessible
    --> C:\Users\john\.cargo\registry\src\index.crates.io-1949cf8c6b5b557f\serde-1.0.219\src\private\ser.rs:443:9
     |
443  |         Some(Box<Content>),
     |         ^^^^^^^^^^^^^^^^^^ not accessible
help: consider importing one of these tuple variants
     |
1    + use crate::__private::de::Content::Some;
     |
1    + use core::option::Option::Some;
     |

error[E0425]: cannot find value `Some` in this scope
    --> C:\Users\john\.cargo\registry\src\index.crates.io-1949cf8c6b5b557f\serde-1.0.219\src\private\de.rs:2715:76
     |
2715 |                 return seed.deserialize(ContentDeserializer::new(key)).map(Some);
     |                                                                            ^^^^ not found in this scope
     |
note: tuple variant `crate::__private::ser::content::Content::Some` exists but is inaccessible
    --> C:\Users\john\.cargo\registry\src\index.crates.io-1949cf8c6b5b557f\serde-1.0.219\src\private\ser.rs:443:9
     |
443  |         Some(Box<Content>),
     |         ^^^^^^^^^^^^^^^^^^ not accessible
help: consider importing one of these tuple variants
     |
1    + use crate::__private::de::Content::Some;
     |
1    + use core::option::Option::Some;
     |

error[E0425]: cannot find function, tuple struct or tuple variant `Ok` in this scope
    --> C:\Users\john\.cargo\registry\src\index.crates.io-1949cf8c6b5b557f\serde-1.0.219\src\private\de.rs:2718:9
     |
2718 |         Ok(None)
     |         ^^ not found in this scope
     |
help: consider importing this tuple variant
     |
1    + use core::result::Result::Ok;
     |

error[E0425]: cannot find value `None` in this scope
    --> C:\Users\john\.cargo\registry\src\index.crates.io-1949cf8c6b5b557f\serde-1.0.219\src\private\de.rs:2718:12
     |
2718 |         Ok(None)
     |            ^^^^ not found in this scope
     |
note: unit variant `crate::__private::ser::content::Content::None` exists but is inaccessible
    --> C:\Users\john\.cargo\registry\src\index.crates.io-1949cf8c6b5b557f\serde-1.0.219\src\private\ser.rs:442:9
     |
442  |         None,
     |         ^^^^ not accessible
help: consider importing one of these unit variants
     |
1    + use crate::__private::de::Content::None;
     |
1    + use core::option::Option::None;
     |

error[E0412]: cannot find type `Result` in this scope
    --> C:\Users\john\.cargo\registry\src\index.crates.io-1949cf8c6b5b557f\serde-1.0.219\src\private\de.rs:2721:50
     |
2721 |     fn next_value_seed<T>(&mut self, seed: T) -> Result<T::Value, Self::Error>
     |                                                  ^^^^^^ not found in this scope
     |
help: consider importing one of these items
     |
1    + use core::fmt::Result;
     |
1    + use core::result::Result;
     |

error[E0531]: cannot find tuple struct or tuple variant `Some` in this scope
    --> C:\Users\john\.cargo\registry\src\index.crates.io-1949cf8c6b5b557f\serde-1.0.219\src\private\de.rs:2726:13
     |
2726 |             Some(value) => seed.deserialize(ContentDeserializer::new(value)),
     |             ^^^^ not found in this scope
     |
note: tuple variant `crate::__private::ser::content::Content::Some` exists but is inaccessible
    --> C:\Users\john\.cargo\registry\src\index.crates.io-1949cf8c6b5b557f\serde-1.0.219\src\private\ser.rs:443:9
     |
443  |         Some(Box<Content>),
     |         ^^^^^^^^^^^^^^^^^^ not accessible
help: consider importing one of these tuple variants
     |
1    + use crate::__private::de::Content::Some;
     |
1    + use core::option::Option::Some;
     |

error[E0425]: cannot find function, tuple struct or tuple variant `Err` in this scope
    --> C:\Users\john\.cargo\registry\src\index.crates.io-1949cf8c6b5b557f\serde-1.0.219\src\private\de.rs:2727:21
     |
2727 |             None => Err(Error::custom("value is missing")),
     |                     ^^^ not found in this scope
     |
help: consider importing this tuple variant
     |
1    + use core::result::Result::Err;
     |

error[E0412]: cannot find type `Option` in this scope
    --> C:\Users\john\.cargo\registry\src\index.crates.io-1949cf8c6b5b557f\serde-1.0.219\src\private\de.rs:2736:17
     |
2736 |     entry: &mut Option<(Content<'de>, Content<'de>)>,
     |                 ^^^^^^ not found in this scope
     |
help: consider importing this enum
     |
1    + use core::option::Option;
     |

error[E0412]: cannot find type `Option` in this scope
    --> C:\Users\john\.cargo\registry\src\index.crates.io-1949cf8c6b5b557f\serde-1.0.219\src\private\de.rs:2738:6
     |
2738 | ) -> Option<(Content<'de>, Content<'de>)> {
     |      ^^^^^^ not found in this scope
     |
help: consider importing this enum
     |
1    + use core::option::Option;
     |

error[E0531]: cannot find tuple struct or tuple variant `Some` in this scope
    --> C:\Users\john\.cargo\registry\src\index.crates.io-1949cf8c6b5b557f\serde-1.0.219\src\private\de.rs:2744:9
     |
2744 |         Some((k, _v)) => k.as_str().map_or(false, |name| recognized.contains(&name)),
     |         ^^^^ not found in this scope
     |
note: tuple variant `crate::__private::ser::content::Content::Some` exists but is inaccessible
    --> C:\Users\john\.cargo\registry\src\index.crates.io-1949cf8c6b5b557f\serde-1.0.219\src\private\ser.rs:443:9
     |
443  |         Some(Box<Content>),
     |         ^^^^^^^^^^^^^^^^^^ not accessible
help: consider importing one of these tuple variants
     |
1    + use crate::__private::de::Content::Some;
     |
1    + use core::option::Option::Some;
     |

error[E0425]: cannot find value `None` in this scope
    --> C:\Users\john\.cargo\registry\src\index.crates.io-1949cf8c6b5b557f\serde-1.0.219\src\private\de.rs:2750:9
     |
2750 |         None
     |         ^^^^ not found in this scope
     |
note: unit variant `crate::__private::ser::content::Content::None` exists but is inaccessible
    --> C:\Users\john\.cargo\registry\src\index.crates.io-1949cf8c6b5b557f\serde-1.0.219\src\private\ser.rs:442:9
     |
442  |         None,
     |         ^^^^ not accessible
help: consider importing one of these unit variants
     |
1    + use crate::__private::de::Content::None;
     |
1    + use core::option::Option::None;
     |

error[E0412]: cannot find type `Result` in this scope
    --> C:\Users\john\.cargo\registry\src\index.crates.io-1949cf8c6b5b557f\serde-1.0.219\src\private\de.rs:2775:40
     |
2775 |     fn visit_enum<A>(self, data: A) -> Result<Self::Value, A::Error>
     |                                        ^^^^^^ not found in this scope
     |
help: consider importing one of these items
     |
1    + use core::fmt::Result;
     |
1    + use core::result::Result;
     |

error[E0531]: cannot find tuple struct or tuple variant `Ok` in this scope
    --> C:\Users\john\.cargo\registry\src\index.crates.io-1949cf8c6b5b557f\serde-1.0.219\src\lib.rs:298:13
     |
298  |             Ok(val) => val,
     |             ^^ not found in this scope
     |
    ::: C:\Users\john\.cargo\registry\src\index.crates.io-1949cf8c6b5b557f\serde-1.0.219\src\private\de.rs:2779:41
     |
2779 |         let (variant, variant_access) = tri!(data.variant());
     |                                         -------------------- in this macro invocation
     |
     = note: this error originates in the macro `tri` (in Nightly builds, run with -Z macro-backtrace for more info)
help: consider importing this tuple variant
    -->  C:\Users\john\.cargo\registry\src\index.crates.io-1949cf8c6b5b557f\serde-1.0.219\src\private\de.rs:1:1
     |
1    + use core::result::Result::Ok;
     |

error[E0531]: cannot find tuple struct or tuple variant `Err` in this scope
    --> C:\Users\john\.cargo\registry\src\index.crates.io-1949cf8c6b5b557f\serde-1.0.219\src\lib.rs:299:13
     |
299  |             Err(err) => return Err(err),
     |             ^^^ not found in this scope
     |
    ::: C:\Users\john\.cargo\registry\src\index.crates.io-1949cf8c6b5b557f\serde-1.0.219\src\private\de.rs:2779:41
     |
2779 |         let (variant, variant_access) = tri!(data.variant());
     |                                         -------------------- in this macro invocation
     |
     = note: this error originates in the macro `tri` (in Nightly builds, run with -Z macro-backtrace for more info)
help: consider importing this tuple variant
    -->  C:\Users\john\.cargo\registry\src\index.crates.io-1949cf8c6b5b557f\serde-1.0.219\src\private\de.rs:1:1
     |
1    + use core::result::Result::Err;
     |

error[E0425]: cannot find function, tuple struct or tuple variant `Err` in this scope
    --> C:\Users\john\.cargo\registry\src\index.crates.io-1949cf8c6b5b557f\serde-1.0.219\src\lib.rs:299:32
     |
299  |             Err(err) => return Err(err),
     |                                ^^^
     |
    ::: C:\Users\john\.cargo\registry\src\index.crates.io-1949cf8c6b5b557f\serde-1.0.219\src\private\de.rs:2779:41
     |
2779 |         let (variant, variant_access) = tri!(data.variant());
     |                                         -------------------- in this macro invocation
     |
     = note: this error originates in the macro `tri` (in Nightly builds, run with -Z macro-backtrace for more info)
help: a local variable with a similar name exists
     |
299  -             Err(err) => return Err(err),
299  +             Err(err) => return err(err),
     |
help: consider importing this tuple variant
    -->  C:\Users\john\.cargo\registry\src\index.crates.io-1949cf8c6b5b557f\serde-1.0.219\src\private\de.rs:1:1
     |
1    + use core::result::Result::Err;
     |

error[E0531]: cannot find tuple struct or tuple variant `Ok` in this scope
    --> C:\Users\john\.cargo\registry\src\index.crates.io-1949cf8c6b5b557f\serde-1.0.219\src\lib.rs:298:13
     |
298  |             Ok(val) => val,
     |             ^^ not found in this scope
     |
    ::: C:\Users\john\.cargo\registry\src\index.crates.io-1949cf8c6b5b557f\serde-1.0.219\src\private\de.rs:2780:9
     |
2780 |         tri!(variant_access.unit_variant());
     |         ----------------------------------- in this macro invocation
     |
     = note: this error originates in the macro `tri` (in Nightly builds, run with -Z macro-backtrace for more info)
help: consider importing this tuple variant
    -->  C:\Users\john\.cargo\registry\src\index.crates.io-1949cf8c6b5b557f\serde-1.0.219\src\private\de.rs:1:1
     |
1    + use core::result::Result::Ok;
     |

error[E0531]: cannot find tuple struct or tuple variant `Err` in this scope
    --> C:\Users\john\.cargo\registry\src\index.crates.io-1949cf8c6b5b557f\serde-1.0.219\src\lib.rs:299:13
     |
299  |             Err(err) => return Err(err),
     |             ^^^ not found in this scope
     |
    ::: C:\Users\john\.cargo\registry\src\index.crates.io-1949cf8c6b5b557f\serde-1.0.219\src\private\de.rs:2780:9
     |
2780 |         tri!(variant_access.unit_variant());
     |         ----------------------------------- in this macro invocation
     |
     = note: this error originates in the macro `tri` (in Nightly builds, run with -Z macro-backtrace for more info)
help: consider importing this tuple variant
    -->  C:\Users\john\.cargo\registry\src\index.crates.io-1949cf8c6b5b557f\serde-1.0.219\src\private\de.rs:1:1
     |
1    + use core::result::Result::Err;
     |

error[E0425]: cannot find function, tuple struct or tuple variant `Err` in this scope
    --> C:\Users\john\.cargo\registry\src\index.crates.io-1949cf8c6b5b557f\serde-1.0.219\src\lib.rs:299:32
     |
299  |             Err(err) => return Err(err),
     |                                ^^^
     |
    ::: C:\Users\john\.cargo\registry\src\index.crates.io-1949cf8c6b5b557f\serde-1.0.219\src\private\de.rs:2780:9
     |
2780 |         tri!(variant_access.unit_variant());
     |         ----------------------------------- in this macro invocation
     |
     = note: this error originates in the macro `tri` (in Nightly builds, run with -Z macro-backtrace for more info)
help: a local variable with a similar name exists
     |
299  -             Err(err) => return Err(err),
299  +             Err(err) => return err(err),
     |
help: consider importing this tuple variant
    -->  C:\Users\john\.cargo\registry\src\index.crates.io-1949cf8c6b5b557f\serde-1.0.219\src\private\de.rs:1:1
     |
1    + use core::result::Result::Err;
     |

error[E0425]: cannot find function, tuple struct or tuple variant `Ok` in this scope
    --> C:\Users\john\.cargo\registry\src\index.crates.io-1949cf8c6b5b557f\serde-1.0.219\src\private\de.rs:2781:9
     |
2781 |         Ok(variant)
     |         ^^ not found in this scope
     |
help: consider importing this tuple variant
     |
1    + use core::result::Result::Ok;
     |

error[E0412]: cannot find type `Result` in this scope
    --> C:\Users\john\.cargo\registry\src\index.crates.io-1949cf8c6b5b557f\serde-1.0.219\src\private\de.rs:2791:49
     |
2791 |     fn deserialize<D>(self, deserializer: D) -> Result<Self::Value, D::Error>
     |                                                 ^^^^^^ not found in this scope
     |
help: consider importing one of these items
     |
1    + use core::fmt::Result;
     |
1    + use core::result::Result;
     |

error[E0405]: cannot find trait `Sized` in this scope
  --> C:\Users\john\.cargo\registry\src\index.crates.io-1949cf8c6b5b557f\serde-1.0.219\src\private\ser.rs:12:22
   |
12 | pub fn constrain<T: ?Sized>(t: &T) -> &T {
   |                      ^^^^^ not found in this scope
   |
help: consider importing this trait
   |
1  + use core::marker::Sized;
   |

error[E0412]: cannot find type `Result` in this scope
  --> C:\Users\john\.cargo\registry\src\index.crates.io-1949cf8c6b5b557f\serde-1.0.219\src\private\ser.rs:24:6
   |
24 | ) -> Result<S::Ok, S::Error>
   |      ^^^^^^ not found in this scope
   |
help: consider importing one of these items
   |
1  + use core::fmt::Result;
   |
1  + use core::result::Result;
   |

error[E0412]: cannot find type `Result` in this scope
   --> C:\Users\john\.cargo\registry\src\index.crates.io-1949cf8c6b5b557f\serde-1.0.219\src\private\ser.rs:115:41
    |
115 |     fn serialize_bool(self, _: bool) -> Result<Self::Ok, Self::Error> {
    |                                         ^^^^^^ not found in this scope
    |
help: consider importing one of these items
    |
1   + use core::fmt::Result;
    |
1   + use core::result::Result;
    |

error[E0425]: cannot find function, tuple struct or tuple variant `Err` in this scope
   --> C:\Users\john\.cargo\registry\src\index.crates.io-1949cf8c6b5b557f\serde-1.0.219\src\private\ser.rs:116:9
    |
116 |         Err(self.bad_type(Unsupported::Boolean))
    |         ^^^ not found in this scope
    |
help: consider importing this tuple variant
    |
1   + use core::result::Result::Err;
    |

error[E0412]: cannot find type `Result` in this scope
   --> C:\Users\john\.cargo\registry\src\index.crates.io-1949cf8c6b5b557f\serde-1.0.219\src\private\ser.rs:119:37
    |
119 |     fn serialize_i8(self, _: i8) -> Result<Self::Ok, Self::Error> {
    |                                     ^^^^^^ not found in this scope
    |
help: consider importing one of these items
    |
1   + use core::fmt::Result;
    |
1   + use core::result::Result;
    |

error[E0425]: cannot find function, tuple struct or tuple variant `Err` in this scope
   --> C:\Users\john\.cargo\registry\src\index.crates.io-1949cf8c6b5b557f\serde-1.0.219\src\private\ser.rs:120:9
    |
120 |         Err(self.bad_type(Unsupported::Integer))
    |         ^^^ not found in this scope
    |
help: consider importing this tuple variant
    |
1   + use core::result::Result::Err;
    |

error[E0412]: cannot find type `Result` in this scope
   --> C:\Users\john\.cargo\registry\src\index.crates.io-1949cf8c6b5b557f\serde-1.0.219\src\private\ser.rs:123:39
    |
123 |     fn serialize_i16(self, _: i16) -> Result<Self::Ok, Self::Error> {
    |                                       ^^^^^^ not found in this scope
    |
help: consider importing one of these items
    |
1   + use core::fmt::Result;
    |
1   + use core::result::Result;
    |

error[E0425]: cannot find function, tuple struct or tuple variant `Err` in this scope
   --> C:\Users\john\.cargo\registry\src\index.crates.io-1949cf8c6b5b557f\serde-1.0.219\src\private\ser.rs:124:9
    |
124 |         Err(self.bad_type(Unsupported::Integer))
    |         ^^^ not found in this scope
    |
help: consider importing this tuple variant
    |
1   + use core::result::Result::Err;
    |

error[E0412]: cannot find type `Result` in this scope
   --> C:\Users\john\.cargo\registry\src\index.crates.io-1949cf8c6b5b557f\serde-1.0.219\src\private\ser.rs:127:39
    |
127 |     fn serialize_i32(self, _: i32) -> Result<Self::Ok, Self::Error> {
    |                                       ^^^^^^ not found in this scope
    |
help: consider importing one of these items
    |
1   + use core::fmt::Result;
    |
1   + use core::result::Result;
    |

error[E0425]: cannot find function, tuple struct or tuple variant `Err` in this scope
   --> C:\Users\john\.cargo\registry\src\index.crates.io-1949cf8c6b5b557f\serde-1.0.219\src\private\ser.rs:128:9
    |
128 |         Err(self.bad_type(Unsupported::Integer))
    |         ^^^ not found in this scope
    |
help: consider importing this tuple variant
    |
1   + use core::result::Result::Err;
    |

error[E0412]: cannot find type `Result` in this scope
   --> C:\Users\john\.cargo\registry\src\index.crates.io-1949cf8c6b5b557f\serde-1.0.219\src\private\ser.rs:131:39
    |
131 |     fn serialize_i64(self, _: i64) -> Result<Self::Ok, Self::Error> {
    |                                       ^^^^^^ not found in this scope
    |
help: consider importing one of these items
    |
1   + use core::fmt::Result;
    |
1   + use core::result::Result;
    |

error[E0425]: cannot find function, tuple struct or tuple variant `Err` in this scope
   --> C:\Users\john\.cargo\registry\src\index.crates.io-1949cf8c6b5b557f\serde-1.0.219\src\private\ser.rs:132:9
    |
132 |         Err(self.bad_type(Unsupported::Integer))
    |         ^^^ not found in this scope
    |
help: consider importing this tuple variant
    |
1   + use core::result::Result::Err;
    |

error[E0412]: cannot find type `Result` in this scope
   --> C:\Users\john\.cargo\registry\src\index.crates.io-1949cf8c6b5b557f\serde-1.0.219\src\private\ser.rs:135:37
    |
135 |     fn serialize_u8(self, _: u8) -> Result<Self::Ok, Self::Error> {
    |                                     ^^^^^^ not found in this scope
    |
help: consider importing one of these items
    |
1   + use core::fmt::Result;
    |
1   + use core::result::Result;
    |

error[E0425]: cannot find function, tuple struct or tuple variant `Err` in this scope
   --> C:\Users\john\.cargo\registry\src\index.crates.io-1949cf8c6b5b557f\serde-1.0.219\src\private\ser.rs:136:9
    |
136 |         Err(self.bad_type(Unsupported::Integer))
    |         ^^^ not found in this scope
    |
help: consider importing this tuple variant
    |
1   + use core::result::Result::Err;
    |

error[E0412]: cannot find type `Result` in this scope
   --> C:\Users\john\.cargo\registry\src\index.crates.io-1949cf8c6b5b557f\serde-1.0.219\src\private\ser.rs:139:39
    |
139 |     fn serialize_u16(self, _: u16) -> Result<Self::Ok, Self::Error> {
    |                                       ^^^^^^ not found in this scope
    |
help: consider importing one of these items
    |
1   + use core::fmt::Result;
    |
1   + use core::result::Result;
    |

error[E0425]: cannot find function, tuple struct or tuple variant `Err` in this scope
   --> C:\Users\john\.cargo\registry\src\index.crates.io-1949cf8c6b5b557f\serde-1.0.219\src\private\ser.rs:140:9
    |
140 |         Err(self.bad_type(Unsupported::Integer))
    |         ^^^ not found in this scope
    |
help: consider importing this tuple variant
    |
1   + use core::result::Result::Err;
    |

error[E0412]: cannot find type `Result` in this scope
   --> C:\Users\john\.cargo\registry\src\index.crates.io-1949cf8c6b5b557f\serde-1.0.219\src\private\ser.rs:143:39
    |
143 |     fn serialize_u32(self, _: u32) -> Result<Self::Ok, Self::Error> {
    |                                       ^^^^^^ not found in this scope
    |
help: consider importing one of these items
    |
1   + use core::fmt::Result;
    |
1   + use core::result::Result;
    |

error[E0425]: cannot find function, tuple struct or tuple variant `Err` in this scope
   --> C:\Users\john\.cargo\registry\src\index.crates.io-1949cf8c6b5b557f\serde-1.0.219\src\private\ser.rs:144:9
    |
144 |         Err(self.bad_type(Unsupported::Integer))
    |         ^^^ not found in this scope
    |
help: consider importing this tuple variant
    |
1   + use core::result::Result::Err;
    |

error[E0412]: cannot find type `Result` in this scope
   --> C:\Users\john\.cargo\registry\src\index.crates.io-1949cf8c6b5b557f\serde-1.0.219\src\private\ser.rs:147:39
    |
147 |     fn serialize_u64(self, _: u64) -> Result<Self::Ok, Self::Error> {
    |                                       ^^^^^^ not found in this scope
    |
help: consider importing one of these items
    |
1   + use core::fmt::Result;
    |
1   + use core::result::Result;
    |

error[E0425]: cannot find function, tuple struct or tuple variant `Err` in this scope
   --> C:\Users\john\.cargo\registry\src\index.crates.io-1949cf8c6b5b557f\serde-1.0.219\src\private\ser.rs:148:9
    |
148 |         Err(self.bad_type(Unsupported::Integer))
    |         ^^^ not found in this scope
    |
help: consider importing this tuple variant
    |
1   + use core::result::Result::Err;
    |

error[E0412]: cannot find type `Result` in this scope
   --> C:\Users\john\.cargo\registry\src\index.crates.io-1949cf8c6b5b557f\serde-1.0.219\src\private\ser.rs:151:39
    |
151 |     fn serialize_f32(self, _: f32) -> Result<Self::Ok, Self::Error> {
    |                                       ^^^^^^ not found in this scope
    |
help: consider importing one of these items
    |
1   + use core::fmt::Result;
    |
1   + use core::result::Result;
    |

error[E0425]: cannot find function, tuple struct or tuple variant `Err` in this scope
   --> C:\Users\john\.cargo\registry\src\index.crates.io-1949cf8c6b5b557f\serde-1.0.219\src\private\ser.rs:152:9
    |
152 |         Err(self.bad_type(Unsupported::Float))
    |         ^^^ not found in this scope
    |
help: consider importing this tuple variant
    |
1   + use core::result::Result::Err;
    |

error[E0412]: cannot find type `Result` in this scope
   --> C:\Users\john\.cargo\registry\src\index.crates.io-1949cf8c6b5b557f\serde-1.0.219\src\private\ser.rs:155:39
    |
155 |     fn serialize_f64(self, _: f64) -> Result<Self::Ok, Self::Error> {
    |                                       ^^^^^^ not found in this scope
    |
help: consider importing one of these items
    |
1   + use core::fmt::Result;
    |
1   + use core::result::Result;
    |

error[E0425]: cannot find function, tuple struct or tuple variant `Err` in this scope
   --> C:\Users\john\.cargo\registry\src\index.crates.io-1949cf8c6b5b557f\serde-1.0.219\src\private\ser.rs:156:9
    |
156 |         Err(self.bad_type(Unsupported::Float))
    |         ^^^ not found in this scope
    |
help: consider importing this tuple variant
    |
1   + use core::result::Result::Err;
    |

error[E0412]: cannot find type `Result` in this scope
   --> C:\Users\john\.cargo\registry\src\index.crates.io-1949cf8c6b5b557f\serde-1.0.219\src\private\ser.rs:159:41
    |
159 |     fn serialize_char(self, _: char) -> Result<Self::Ok, Self::Error> {
    |                                         ^^^^^^ not found in this scope
    |
help: consider importing one of these items
    |
1   + use core::fmt::Result;
    |
1   + use core::result::Result;
    |

error[E0425]: cannot find function, tuple struct or tuple variant `Err` in this scope
   --> C:\Users\john\.cargo\registry\src\index.crates.io-1949cf8c6b5b557f\serde-1.0.219\src\private\ser.rs:160:9
    |
160 |         Err(self.bad_type(Unsupported::Char))
    |         ^^^ not found in this scope
    |
help: consider importing this tuple variant
    |
1   + use core::result::Result::Err;
    |

error[E0412]: cannot find type `Result` in this scope
   --> C:\Users\john\.cargo\registry\src\index.crates.io-1949cf8c6b5b557f\serde-1.0.219\src\private\ser.rs:163:40
    |
163 |     fn serialize_str(self, _: &str) -> Result<Self::Ok, Self::Error> {
    |                                        ^^^^^^ not found in this scope
    |
help: consider importing one of these items
    |
1   + use core::fmt::Result;
    |
1   + use core::result::Result;
    |

error[E0425]: cannot find function, tuple struct or tuple variant `Err` in this scope
   --> C:\Users\john\.cargo\registry\src\index.crates.io-1949cf8c6b5b557f\serde-1.0.219\src\private\ser.rs:164:9
    |
164 |         Err(self.bad_type(Unsupported::String))
    |         ^^^ not found in this scope
    |
help: consider importing this tuple variant
    |
1   + use core::result::Result::Err;
    |

error[E0412]: cannot find type `Result` in this scope
   --> C:\Users\john\.cargo\registry\src\index.crates.io-1949cf8c6b5b557f\serde-1.0.219\src\private\ser.rs:167:43
    |
167 |     fn serialize_bytes(self, _: &[u8]) -> Result<Self::Ok, Self::Error> {
    |                                           ^^^^^^ not found in this scope
    |
help: consider importing one of these items
    |
1   + use core::fmt::Result;
    |
1   + use core::result::Result;
    |

error[E0425]: cannot find function, tuple struct or tuple variant `Err` in this scope
   --> C:\Users\john\.cargo\registry\src\index.crates.io-1949cf8c6b5b557f\serde-1.0.219\src\private\ser.rs:168:9
    |
168 |         Err(self.bad_type(Unsupported::ByteArray))
    |         ^^^ not found in this scope
    |
help: consider importing this tuple variant
    |
1   + use core::result::Result::Err;
    |

error[E0412]: cannot find type `Result` in this scope
   --> C:\Users\john\.cargo\registry\src\index.crates.io-1949cf8c6b5b557f\serde-1.0.219\src\private\ser.rs:171:32
    |
171 |     fn serialize_none(self) -> Result<Self::Ok, Self::Error> {
    |                                ^^^^^^ not found in this scope
    |
help: consider importing one of these items
    |
1   + use core::fmt::Result;
    |
1   + use core::result::Result;
    |

error[E0425]: cannot find function, tuple struct or tuple variant `Err` in this scope
   --> C:\Users\john\.cargo\registry\src\index.crates.io-1949cf8c6b5b557f\serde-1.0.219\src\private\ser.rs:172:9
    |
172 |         Err(self.bad_type(Unsupported::Optional))
    |         ^^^ not found in this scope
    |
help: consider importing this tuple variant
    |
1   + use core::result::Result::Err;
    |

error[E0405]: cannot find trait `Sized` in this scope
   --> C:\Users\john\.cargo\registry\src\index.crates.io-1949cf8c6b5b557f\serde-1.0.219\src\private\ser.rs:177:13
    |
177 |         T: ?Sized + Serialize,
    |             ^^^^^ not found in this scope
    |
help: consider importing this trait
    |
1   + use core::marker::Sized;
    |

error[E0412]: cannot find type `Result` in this scope
   --> C:\Users\john\.cargo\registry\src\index.crates.io-1949cf8c6b5b557f\serde-1.0.219\src\private\ser.rs:175:42
    |
175 |     fn serialize_some<T>(self, _: &T) -> Result<Self::Ok, Self::Error>
    |                                          ^^^^^^ not found in this scope
    |
help: consider importing one of these items
    |
1   + use core::fmt::Result;
    |
1   + use core::result::Result;
    |

error[E0425]: cannot find function, tuple struct or tuple variant `Err` in this scope
   --> C:\Users\john\.cargo\registry\src\index.crates.io-1949cf8c6b5b557f\serde-1.0.219\src\private\ser.rs:179:9
    |
179 |         Err(self.bad_type(Unsupported::Optional))
    |         ^^^ not found in this scope
    |
help: consider importing this tuple variant
    |
1   + use core::result::Result::Err;
    |

error[E0412]: cannot find type `Result` in this scope
   --> C:\Users\john\.cargo\registry\src\index.crates.io-1949cf8c6b5b557f\serde-1.0.219\src\private\ser.rs:182:32
    |
182 |     fn serialize_unit(self) -> Result<Self::Ok, Self::Error> {
    |                                ^^^^^^ not found in this scope
    |
help: consider importing one of these items
    |
1   + use core::fmt::Result;
    |
1   + use core::result::Result;
    |

error[E0425]: cannot find function, tuple struct or tuple variant `Some` in this scope
   --> C:\Users\john\.cargo\registry\src\index.crates.io-1949cf8c6b5b557f\serde-1.0.219\src\private\ser.rs:183:56
    |
183 |         let mut map = tri!(self.delegate.serialize_map(Some(1)));
    |                                                        ^^^^ not found in this scope
    |
help: consider importing one of these tuple variants
    |
1   + use crate::__private::de::Content::Some;
    |
1   + use crate::__private::ser::Content::Some;
    |
1   + use core::option::Option::Some;
    |

error[E0531]: cannot find tuple struct or tuple variant `Ok` in this scope
   --> C:\Users\john\.cargo\registry\src\index.crates.io-1949cf8c6b5b557f\serde-1.0.219\src\lib.rs:298:13
    |
298 |             Ok(val) => val,
    |             ^^ not found in this scope
    |
   ::: C:\Users\john\.cargo\registry\src\index.crates.io-1949cf8c6b5b557f\serde-1.0.219\src\private\ser.rs:183:23
    |
183 |         let mut map = tri!(self.delegate.serialize_map(Some(1)));
    |                       ------------------------------------------ in this macro invocation
    |
    = note: this error originates in the macro `tri` (in Nightly builds, run with -Z macro-backtrace for more info)
help: consider importing this tuple variant
   --> C:\Users\john\.cargo\registry\src\index.crates.io-1949cf8c6b5b557f\serde-1.0.219\src\private\ser.rs:1:1
    |
1   + use core::result::Result::Ok;
    |

error[E0531]: cannot find tuple struct or tuple variant `Err` in this scope
   --> C:\Users\john\.cargo\registry\src\index.crates.io-1949cf8c6b5b557f\serde-1.0.219\src\lib.rs:299:13
    |
299 |             Err(err) => return Err(err),
    |             ^^^ not found in this scope
    |
   ::: C:\Users\john\.cargo\registry\src\index.crates.io-1949cf8c6b5b557f\serde-1.0.219\src\private\ser.rs:183:23
    |
183 |         let mut map = tri!(self.delegate.serialize_map(Some(1)));
    |                       ------------------------------------------ in this macro invocation
    |
    = note: this error originates in the macro `tri` (in Nightly builds, run with -Z macro-backtrace for more info)
help: consider importing this tuple variant
   --> C:\Users\john\.cargo\registry\src\index.crates.io-1949cf8c6b5b557f\serde-1.0.219\src\private\ser.rs:1:1
    |
1   + use core::result::Result::Err;
    |

error[E0425]: cannot find function, tuple struct or tuple variant `Err` in this scope
   --> C:\Users\john\.cargo\registry\src\index.crates.io-1949cf8c6b5b557f\serde-1.0.219\src\lib.rs:299:32
    |
299 |             Err(err) => return Err(err),
    |                                ^^^
    |
   ::: C:\Users\john\.cargo\registry\src\index.crates.io-1949cf8c6b5b557f\serde-1.0.219\src\private\ser.rs:183:23
    |
183 |         let mut map = tri!(self.delegate.serialize_map(Some(1)));
    |                       ------------------------------------------ in this macro invocation
    |
    = note: this error originates in the macro `tri` (in Nightly builds, run with -Z macro-backtrace for more info)
help: a local variable with a similar name exists
    |
299 -             Err(err) => return Err(err),
299 +             Err(err) => return err(err),
    |
help: consider importing this tuple variant
   --> C:\Users\john\.cargo\registry\src\index.crates.io-1949cf8c6b5b557f\serde-1.0.219\src\private\ser.rs:1:1
    |
1   + use core::result::Result::Err;
    |

error[E0531]: cannot find tuple struct or tuple variant `Ok` in this scope
   --> C:\Users\john\.cargo\registry\src\index.crates.io-1949cf8c6b5b557f\serde-1.0.219\src\lib.rs:298:13
    |
298 |             Ok(val) => val,
    |             ^^ not found in this scope
    |
   ::: C:\Users\john\.cargo\registry\src\index.crates.io-1949cf8c6b5b557f\serde-1.0.219\src\private\ser.rs:184:9
    |
184 |         tri!(map.serialize_entry(self.tag, self.variant_name));
    |         ------------------------------------------------------ in this macro invocation
    |
    = note: this error originates in the macro `tri` (in Nightly builds, run with -Z macro-backtrace for more info)
help: consider importing this tuple variant
   --> C:\Users\john\.cargo\registry\src\index.crates.io-1949cf8c6b5b557f\serde-1.0.219\src\private\ser.rs:1:1
    |
1   + use core::result::Result::Ok;
    |

error[E0531]: cannot find tuple struct or tuple variant `Err` in this scope
   --> C:\Users\john\.cargo\registry\src\index.crates.io-1949cf8c6b5b557f\serde-1.0.219\src\lib.rs:299:13
    |
299 |             Err(err) => return Err(err),
    |             ^^^ not found in this scope
    |
   ::: C:\Users\john\.cargo\registry\src\index.crates.io-1949cf8c6b5b557f\serde-1.0.219\src\private\ser.rs:184:9
    |
184 |         tri!(map.serialize_entry(self.tag, self.variant_name));
    |         ------------------------------------------------------ in this macro invocation
    |
    = note: this error originates in the macro `tri` (in Nightly builds, run with -Z macro-backtrace for more info)
help: consider importing this tuple variant
   --> C:\Users\john\.cargo\registry\src\index.crates.io-1949cf8c6b5b557f\serde-1.0.219\src\private\ser.rs:1:1
    |
1   + use core::result::Result::Err;
    |

error[E0425]: cannot find function, tuple struct or tuple variant `Err` in this scope
   --> C:\Users\john\.cargo\registry\src\index.crates.io-1949cf8c6b5b557f\serde-1.0.219\src\lib.rs:299:32
    |
299 |             Err(err) => return Err(err),
    |                                ^^^
    |
   ::: C:\Users\john\.cargo\registry\src\index.crates.io-1949cf8c6b5b557f\serde-1.0.219\src\private\ser.rs:184:9
    |
184 |         tri!(map.serialize_entry(self.tag, self.variant_name));
    |         ------------------------------------------------------ in this macro invocation
    |
    = note: this error originates in the macro `tri` (in Nightly builds, run with -Z macro-backtrace for more info)
help: a local variable with a similar name exists
    |
299 -             Err(err) => return Err(err),
299 +             Err(err) => return err(err),
    |
help: consider importing this tuple variant
   --> C:\Users\john\.cargo\registry\src\index.crates.io-1949cf8c6b5b557f\serde-1.0.219\src\private\ser.rs:1:1
    |
1   + use core::result::Result::Err;
    |

error[E0412]: cannot find type `Result` in this scope
   --> C:\Users\john\.cargo\registry\src\index.crates.io-1949cf8c6b5b557f\serde-1.0.219\src\private\ser.rs:188:56
    |
188 |     fn serialize_unit_struct(self, _: &'static str) -> Result<Self::Ok, Self::Error> {
    |                                                        ^^^^^^ not found in this scope
    |
help: consider importing one of these items
    |
1   + use core::fmt::Result;
    |
1   + use core::result::Result;
    |

error[E0425]: cannot find function, tuple struct or tuple variant `Some` in this scope
   --> C:\Users\john\.cargo\registry\src\index.crates.io-1949cf8c6b5b557f\serde-1.0.219\src\private\ser.rs:189:56
    |
189 |         let mut map = tri!(self.delegate.serialize_map(Some(1)));
    |                                                        ^^^^ not found in this scope
    |
help: consider importing one of these tuple variants
    |
1   + use crate::__private::de::Content::Some;
    |
1   + use crate::__private::ser::Content::Some;
    |
1   + use core::option::Option::Some;
    |

error[E0531]: cannot find tuple struct or tuple variant `Ok` in this scope
   --> C:\Users\john\.cargo\registry\src\index.crates.io-1949cf8c6b5b557f\serde-1.0.219\src\lib.rs:298:13
    |
298 |             Ok(val) => val,
    |             ^^ not found in this scope
    |
   ::: C:\Users\john\.cargo\registry\src\index.crates.io-1949cf8c6b5b557f\serde-1.0.219\src\private\ser.rs:189:23
    |
189 |         let mut map = tri!(self.delegate.serialize_map(Some(1)));
    |                       ------------------------------------------ in this macro invocation
    |
    = note: this error originates in the macro `tri` (in Nightly builds, run with -Z macro-backtrace for more info)
help: consider importing this tuple variant
   --> C:\Users\john\.cargo\registry\src\index.crates.io-1949cf8c6b5b557f\serde-1.0.219\src\private\ser.rs:1:1
    |
1   + use core::result::Result::Ok;
    |

error[E0531]: cannot find tuple struct or tuple variant `Err` in this scope
   --> C:\Users\john\.cargo\registry\src\index.crates.io-1949cf8c6b5b557f\serde-1.0.219\src\lib.rs:299:13
    |
299 |             Err(err) => return Err(err),
    |             ^^^ not found in this scope
    |
   ::: C:\Users\john\.cargo\registry\src\index.crates.io-1949cf8c6b5b557f\serde-1.0.219\src\private\ser.rs:189:23
    |
189 |         let mut map = tri!(self.delegate.serialize_map(Some(1)));
    |                       ------------------------------------------ in this macro invocation
    |
    = note: this error originates in the macro `tri` (in Nightly builds, run with -Z macro-backtrace for more info)
help: consider importing this tuple variant
   --> C:\Users\john\.cargo\registry\src\index.crates.io-1949cf8c6b5b557f\serde-1.0.219\src\private\ser.rs:1:1
    |
1   + use core::result::Result::Err;
    |

error[E0425]: cannot find function, tuple struct or tuple variant `Err` in this scope
   --> C:\Users\john\.cargo\registry\src\index.crates.io-1949cf8c6b5b557f\serde-1.0.219\src\lib.rs:299:32
    |
299 |             Err(err) => return Err(err),
    |                                ^^^
    |
   ::: C:\Users\john\.cargo\registry\src\index.crates.io-1949cf8c6b5b557f\serde-1.0.219\src\private\ser.rs:189:23
    |
189 |         let mut map = tri!(self.delegate.serialize_map(Some(1)));
    |                       ------------------------------------------ in this macro invocation
    |
    = note: this error originates in the macro `tri` (in Nightly builds, run with -Z macro-backtrace for more info)
help: a local variable with a similar name exists
    |
299 -             Err(err) => return Err(err),
299 +             Err(err) => return err(err),
    |
help: consider importing this tuple variant
   --> C:\Users\john\.cargo\registry\src\index.crates.io-1949cf8c6b5b557f\serde-1.0.219\src\private\ser.rs:1:1
    |
1   + use core::result::Result::Err;
    |

error[E0531]: cannot find tuple struct or tuple variant `Ok` in this scope
   --> C:\Users\john\.cargo\registry\src\index.crates.io-1949cf8c6b5b557f\serde-1.0.219\src\lib.rs:298:13
    |
298 |             Ok(val) => val,
    |             ^^ not found in this scope
    |
   ::: C:\Users\john\.cargo\registry\src\index.crates.io-1949cf8c6b5b557f\serde-1.0.219\src\private\ser.rs:190:9
    |
190 |         tri!(map.serialize_entry(self.tag, self.variant_name));
    |         ------------------------------------------------------ in this macro invocation
    |
    = note: this error originates in the macro `tri` (in Nightly builds, run with -Z macro-backtrace for more info)
help: consider importing this tuple variant
   --> C:\Users\john\.cargo\registry\src\index.crates.io-1949cf8c6b5b557f\serde-1.0.219\src\private\ser.rs:1:1
    |
1   + use core::result::Result::Ok;
    |

error[E0531]: cannot find tuple struct or tuple variant `Err` in this scope
   --> C:\Users\john\.cargo\registry\src\index.crates.io-1949cf8c6b5b557f\serde-1.0.219\src\lib.rs:299:13
    |
299 |             Err(err) => return Err(err),
    |             ^^^ not found in this scope
    |
   ::: C:\Users\john\.cargo\registry\src\index.crates.io-1949cf8c6b5b557f\serde-1.0.219\src\private\ser.rs:190:9
    |
190 |         tri!(map.serialize_entry(self.tag, self.variant_name));
    |         ------------------------------------------------------ in this macro invocation
    |
    = note: this error originates in the macro `tri` (in Nightly builds, run with -Z macro-backtrace for more info)
help: consider importing this tuple variant
   --> C:\Users\john\.cargo\registry\src\index.crates.io-1949cf8c6b5b557f\serde-1.0.219\src\private\ser.rs:1:1
    |
1   + use core::result::Result::Err;
    |

error[E0425]: cannot find function, tuple struct or tuple variant `Err` in this scope
   --> C:\Users\john\.cargo\registry\src\index.crates.io-1949cf8c6b5b557f\serde-1.0.219\src\lib.rs:299:32
    |
299 |             Err(err) => return Err(err),
    |                                ^^^
    |
   ::: C:\Users\john\.cargo\registry\src\index.crates.io-1949cf8c6b5b557f\serde-1.0.219\src\private\ser.rs:190:9
    |
190 |         tri!(map.serialize_entry(self.tag, self.variant_name));
    |         ------------------------------------------------------ in this macro invocation
    |
    = note: this error originates in the macro `tri` (in Nightly builds, run with -Z macro-backtrace for more info)
help: a local variable with a similar name exists
    |
299 -             Err(err) => return Err(err),
299 +             Err(err) => return err(err),
    |
help: consider importing this tuple variant
   --> C:\Users\john\.cargo\registry\src\index.crates.io-1949cf8c6b5b557f\serde-1.0.219\src\private\ser.rs:1:1
    |
1   + use core::result::Result::Err;
    |

error[E0412]: cannot find type `Result` in this scope
   --> C:\Users\john\.cargo\registry\src\index.crates.io-1949cf8c6b5b557f\serde-1.0.219\src\private\ser.rs:199:10
    |
199 |     ) -> Result<Self::Ok, Self::Error> {
    |          ^^^^^^ not found in this scope
    |
help: consider importing one of these items
    |
1   + use core::fmt::Result;
    |
1   + use core::result::Result;
    |

error[E0425]: cannot find function, tuple struct or tuple variant `Some` in this scope
   --> C:\Users\john\.cargo\registry\src\index.crates.io-1949cf8c6b5b557f\serde-1.0.219\src\private\ser.rs:200:56
    |
200 |         let mut map = tri!(self.delegate.serialize_map(Some(2)));
    |                                                        ^^^^ not found in this scope
    |
help: consider importing one of these tuple variants
    |
1   + use crate::__private::de::Content::Some;
    |
1   + use crate::__private::ser::Content::Some;
    |
1   + use core::option::Option::Some;
    |

error[E0531]: cannot find tuple struct or tuple variant `Ok` in this scope
   --> C:\Users\john\.cargo\registry\src\index.crates.io-1949cf8c6b5b557f\serde-1.0.219\src\lib.rs:298:13
    |
298 |             Ok(val) => val,
    |             ^^ not found in this scope
    |
   ::: C:\Users\john\.cargo\registry\src\index.crates.io-1949cf8c6b5b557f\serde-1.0.219\src\private\ser.rs:200:23
    |
200 |         let mut map = tri!(self.delegate.serialize_map(Some(2)));
    |                       ------------------------------------------ in this macro invocation
    |
    = note: this error originates in the macro `tri` (in Nightly builds, run with -Z macro-backtrace for more info)
help: consider importing this tuple variant
   --> C:\Users\john\.cargo\registry\src\index.crates.io-1949cf8c6b5b557f\serde-1.0.219\src\private\ser.rs:1:1
    |
1   + use core::result::Result::Ok;
    |

error[E0531]: cannot find tuple struct or tuple variant `Err` in this scope
   --> C:\Users\john\.cargo\registry\src\index.crates.io-1949cf8c6b5b557f\serde-1.0.219\src\lib.rs:299:13
    |
299 |             Err(err) => return Err(err),
    |             ^^^ not found in this scope
    |
   ::: C:\Users\john\.cargo\registry\src\index.crates.io-1949cf8c6b5b557f\serde-1.0.219\src\private\ser.rs:200:23
    |
200 |         let mut map = tri!(self.delegate.serialize_map(Some(2)));
    |                       ------------------------------------------ in this macro invocation
    |
    = note: this error originates in the macro `tri` (in Nightly builds, run with -Z macro-backtrace for more info)
help: consider importing this tuple variant
   --> C:\Users\john\.cargo\registry\src\index.crates.io-1949cf8c6b5b557f\serde-1.0.219\src\private\ser.rs:1:1
    |
1   + use core::result::Result::Err;
    |

error[E0425]: cannot find function, tuple struct or tuple variant `Err` in this scope
   --> C:\Users\john\.cargo\registry\src\index.crates.io-1949cf8c6b5b557f\serde-1.0.219\src\lib.rs:299:32
    |
299 |             Err(err) => return Err(err),
    |                                ^^^
    |
   ::: C:\Users\john\.cargo\registry\src\index.crates.io-1949cf8c6b5b557f\serde-1.0.219\src\private\ser.rs:200:23
    |
200 |         let mut map = tri!(self.delegate.serialize_map(Some(2)));
    |                       ------------------------------------------ in this macro invocation
    |
    = note: this error originates in the macro `tri` (in Nightly builds, run with -Z macro-backtrace for more info)
help: a local variable with a similar name exists
    |
299 -             Err(err) => return Err(err),
299 +             Err(err) => return err(err),
    |
help: consider importing this tuple variant
   --> C:\Users\john\.cargo\registry\src\index.crates.io-1949cf8c6b5b557f\serde-1.0.219\src\private\ser.rs:1:1
    |
1   + use core::result::Result::Err;
    |

error[E0531]: cannot find tuple struct or tuple variant `Ok` in this scope
   --> C:\Users\john\.cargo\registry\src\index.crates.io-1949cf8c6b5b557f\serde-1.0.219\src\lib.rs:298:13
    |
298 |             Ok(val) => val,
    |             ^^ not found in this scope
    |
   ::: C:\Users\john\.cargo\registry\src\index.crates.io-1949cf8c6b5b557f\serde-1.0.219\src\private\ser.rs:201:9
    |
201 |         tri!(map.serialize_entry(self.tag, self.variant_name));
    |         ------------------------------------------------------ in this macro invocation
    |
    = note: this error originates in the macro `tri` (in Nightly builds, run with -Z macro-backtrace for more info)
help: consider importing this tuple variant
   --> C:\Users\john\.cargo\registry\src\index.crates.io-1949cf8c6b5b557f\serde-1.0.219\src\private\ser.rs:1:1
    |
1   + use core::result::Result::Ok;
    |

error[E0531]: cannot find tuple struct or tuple variant `Err` in this scope
   --> C:\Users\john\.cargo\registry\src\index.crates.io-1949cf8c6b5b557f\serde-1.0.219\src\lib.rs:299:13
    |
299 |             Err(err) => return Err(err),
    |             ^^^ not found in this scope
    |
   ::: C:\Users\john\.cargo\registry\src\index.crates.io-1949cf8c6b5b557f\serde-1.0.219\src\private\ser.rs:201:9
    |
201 |         tri!(map.serialize_entry(self.tag, self.variant_name));
    |         ------------------------------------------------------ in this macro invocation
    |
    = note: this error originates in the macro `tri` (in Nightly builds, run with -Z macro-backtrace for more info)
help: consider importing this tuple variant
   --> C:\Users\john\.cargo\registry\src\index.crates.io-1949cf8c6b5b557f\serde-1.0.219\src\private\ser.rs:1:1
    |
1   + use core::result::Result::Err;
    |

error[E0425]: cannot find function, tuple struct or tuple variant `Err` in this scope
   --> C:\Users\john\.cargo\registry\src\index.crates.io-1949cf8c6b5b557f\serde-1.0.219\src\lib.rs:299:32
    |
299 |             Err(err) => return Err(err),
    |                                ^^^
    |
   ::: C:\Users\john\.cargo\registry\src\index.crates.io-1949cf8c6b5b557f\serde-1.0.219\src\private\ser.rs:201:9
    |
201 |         tri!(map.serialize_entry(self.tag, self.variant_name));
    |         ------------------------------------------------------ in this macro invocation
    |
    = note: this error originates in the macro `tri` (in Nightly builds, run with -Z macro-backtrace for more info)
help: a local variable with a similar name exists
    |
299 -             Err(err) => return Err(err),
299 +             Err(err) => return err(err),
    |
help: consider importing this tuple variant
   --> C:\Users\john\.cargo\registry\src\index.crates.io-1949cf8c6b5b557f\serde-1.0.219\src\private\ser.rs:1:1
    |
1   + use core::result::Result::Err;
    |

error[E0531]: cannot find tuple struct or tuple variant `Ok` in this scope
   --> C:\Users\john\.cargo\registry\src\index.crates.io-1949cf8c6b5b557f\serde-1.0.219\src\lib.rs:298:13
    |
298 |             Ok(val) => val,
    |             ^^ not found in this scope
    |
   ::: C:\Users\john\.cargo\registry\src\index.crates.io-1949cf8c6b5b557f\serde-1.0.219\src\private\ser.rs:202:9
    |
202 |         tri!(map.serialize_entry(inner_variant, &()));
    |         --------------------------------------------- in this macro invocation
    |
    = note: this error originates in the macro `tri` (in Nightly builds, run with -Z macro-backtrace for more info)
help: consider importing this tuple variant
   --> C:\Users\john\.cargo\registry\src\index.crates.io-1949cf8c6b5b557f\serde-1.0.219\src\private\ser.rs:1:1
    |
1   + use core::result::Result::Ok;
    |

error[E0531]: cannot find tuple struct or tuple variant `Err` in this scope
   --> C:\Users\john\.cargo\registry\src\index.crates.io-1949cf8c6b5b557f\serde-1.0.219\src\lib.rs:299:13
    |
299 |             Err(err) => return Err(err),
    |             ^^^ not found in this scope
    |
   ::: C:\Users\john\.cargo\registry\src\index.crates.io-1949cf8c6b5b557f\serde-1.0.219\src\private\ser.rs:202:9
    |
202 |         tri!(map.serialize_entry(inner_variant, &()));
    |         --------------------------------------------- in this macro invocation
    |
    = note: this error originates in the macro `tri` (in Nightly builds, run with -Z macro-backtrace for more info)
help: consider importing this tuple variant
   --> C:\Users\john\.cargo\registry\src\index.crates.io-1949cf8c6b5b557f\serde-1.0.219\src\private\ser.rs:1:1
    |
1   + use core::result::Result::Err;
    |

error[E0425]: cannot find function, tuple struct or tuple variant `Err` in this scope
   --> C:\Users\john\.cargo\registry\src\index.crates.io-1949cf8c6b5b557f\serde-1.0.219\src\lib.rs:299:32
    |
299 |             Err(err) => return Err(err),
    |                                ^^^
    |
   ::: C:\Users\john\.cargo\registry\src\index.crates.io-1949cf8c6b5b557f\serde-1.0.219\src\private\ser.rs:202:9
    |
202 |         tri!(map.serialize_entry(inner_variant, &()));
    |         --------------------------------------------- in this macro invocation
    |
    = note: this error originates in the macro `tri` (in Nightly builds, run with -Z macro-backtrace for more info)
help: a local variable with a similar name exists
    |
299 -             Err(err) => return Err(err),
299 +             Err(err) => return err(err),
    |
help: consider importing this tuple variant
   --> C:\Users\john\.cargo\registry\src\index.crates.io-1949cf8c6b5b557f\serde-1.0.219\src\private\ser.rs:1:1
    |
1   + use core::result::Result::Err;
    |

error[E0405]: cannot find trait `Sized` in this scope
   --> C:\Users\john\.cargo\registry\src\index.crates.io-1949cf8c6b5b557f\serde-1.0.219\src\private\ser.rs:212:13
    |
212 |         T: ?Sized + Serialize,
    |             ^^^^^ not found in this scope
    |
help: consider importing this trait
    |
1   + use core::marker::Sized;
    |

error[E0412]: cannot find type `Result` in this scope
   --> C:\Users\john\.cargo\registry\src\index.crates.io-1949cf8c6b5b557f\serde-1.0.219\src\private\ser.rs:210:10
    |
210 |     ) -> Result<Self::Ok, Self::Error>
    |          ^^^^^^ not found in this scope
    |
help: consider importing one of these items
    |
1   + use core::fmt::Result;
    |
1   + use core::result::Result;
    |

error[E0405]: cannot find trait `Sized` in this scope
   --> C:\Users\john\.cargo\registry\src\index.crates.io-1949cf8c6b5b557f\serde-1.0.219\src\private\ser.rs:225:13
    |
225 |         T: ?Sized + Serialize,
    |             ^^^^^ not found in this scope
    |
help: consider importing this trait
    |
1   + use core::marker::Sized;
    |

error[E0412]: cannot find type `Result` in this scope
   --> C:\Users\john\.cargo\registry\src\index.crates.io-1949cf8c6b5b557f\serde-1.0.219\src\private\ser.rs:223:10
    |
223 |     ) -> Result<Self::Ok, Self::Error>
    |          ^^^^^^ not found in this scope
    |
help: consider importing one of these items
    |
1   + use core::fmt::Result;
    |
1   + use core::result::Result;
    |

error[E0425]: cannot find function, tuple struct or tuple variant `Some` in this scope
   --> C:\Users\john\.cargo\registry\src\index.crates.io-1949cf8c6b5b557f\serde-1.0.219\src\private\ser.rs:227:56
    |
227 |         let mut map = tri!(self.delegate.serialize_map(Some(2)));
    |                                                        ^^^^ not found in this scope
    |
help: consider importing one of these tuple variants
    |
1   + use crate::__private::de::Content::Some;
    |
1   + use crate::__private::ser::Content::Some;
    |
1   + use core::option::Option::Some;
    |

error[E0531]: cannot find tuple struct or tuple variant `Ok` in this scope
   --> C:\Users\john\.cargo\registry\src\index.crates.io-1949cf8c6b5b557f\serde-1.0.219\src\lib.rs:298:13
    |
298 |             Ok(val) => val,
    |             ^^ not found in this scope
    |
   ::: C:\Users\john\.cargo\registry\src\index.crates.io-1949cf8c6b5b557f\serde-1.0.219\src\private\ser.rs:227:23
    |
227 |         let mut map = tri!(self.delegate.serialize_map(Some(2)));
    |                       ------------------------------------------ in this macro invocation
    |
    = note: this error originates in the macro `tri` (in Nightly builds, run with -Z macro-backtrace for more info)
help: consider importing this tuple variant
   --> C:\Users\john\.cargo\registry\src\index.crates.io-1949cf8c6b5b557f\serde-1.0.219\src\private\ser.rs:1:1
    |
1   + use core::result::Result::Ok;
    |

error[E0531]: cannot find tuple struct or tuple variant `Err` in this scope
   --> C:\Users\john\.cargo\registry\src\index.crates.io-1949cf8c6b5b557f\serde-1.0.219\src\lib.rs:299:13
    |
299 |             Err(err) => return Err(err),
    |             ^^^ not found in this scope
    |
   ::: C:\Users\john\.cargo\registry\src\index.crates.io-1949cf8c6b5b557f\serde-1.0.219\src\private\ser.rs:227:23
    |
227 |         let mut map = tri!(self.delegate.serialize_map(Some(2)));
    |                       ------------------------------------------ in this macro invocation
    |
    = note: this error originates in the macro `tri` (in Nightly builds, run with -Z macro-backtrace for more info)
help: consider importing this tuple variant
   --> C:\Users\john\.cargo\registry\src\index.crates.io-1949cf8c6b5b557f\serde-1.0.219\src\private\ser.rs:1:1
    |
1   + use core::result::Result::Err;
    |

error[E0425]: cannot find function, tuple struct or tuple variant `Err` in this scope
   --> C:\Users\john\.cargo\registry\src\index.crates.io-1949cf8c6b5b557f\serde-1.0.219\src\lib.rs:299:32
    |
299 |             Err(err) => return Err(err),
    |                                ^^^
    |
   ::: C:\Users\john\.cargo\registry\src\index.crates.io-1949cf8c6b5b557f\serde-1.0.219\src\private\ser.rs:227:23
    |
227 |         let mut map = tri!(self.delegate.serialize_map(Some(2)));
    |                       ------------------------------------------ in this macro invocation
    |
    = note: this error originates in the macro `tri` (in Nightly builds, run with -Z macro-backtrace for more info)
help: a local variable with a similar name exists
    |
299 -             Err(err) => return Err(err),
299 +             Err(err) => return err(err),
    |
help: consider importing this tuple variant
   --> C:\Users\john\.cargo\registry\src\index.crates.io-1949cf8c6b5b557f\serde-1.0.219\src\private\ser.rs:1:1
    |
1   + use core::result::Result::Err;
    |

error[E0531]: cannot find tuple struct or tuple variant `Ok` in this scope
   --> C:\Users\john\.cargo\registry\src\index.crates.io-1949cf8c6b5b557f\serde-1.0.219\src\lib.rs:298:13
    |
298 |             Ok(val) => val,
    |             ^^ not found in this scope
    |
   ::: C:\Users\john\.cargo\registry\src\index.crates.io-1949cf8c6b5b557f\serde-1.0.219\src\private\ser.rs:228:9
    |
228 |         tri!(map.serialize_entry(self.tag, self.variant_name));
    |         ------------------------------------------------------ in this macro invocation
    |
    = note: this error originates in the macro `tri` (in Nightly builds, run with -Z macro-backtrace for more info)
help: consider importing this tuple variant
   --> C:\Users\john\.cargo\registry\src\index.crates.io-1949cf8c6b5b557f\serde-1.0.219\src\private\ser.rs:1:1
    |
1   + use core::result::Result::Ok;
    |

error[E0531]: cannot find tuple struct or tuple variant `Err` in this scope
   --> C:\Users\john\.cargo\registry\src\index.crates.io-1949cf8c6b5b557f\serde-1.0.219\src\lib.rs:299:13
    |
299 |             Err(err) => return Err(err),
    |             ^^^ not found in this scope
    |
   ::: C:\Users\john\.cargo\registry\src\index.crates.io-1949cf8c6b5b557f\serde-1.0.219\src\private\ser.rs:228:9
    |
228 |         tri!(map.serialize_entry(self.tag, self.variant_name));
    |         ------------------------------------------------------ in this macro invocation
    |
    = note: this error originates in the macro `tri` (in Nightly builds, run with -Z macro-backtrace for more info)
help: consider importing this tuple variant
   --> C:\Users\john\.cargo\registry\src\index.crates.io-1949cf8c6b5b557f\serde-1.0.219\src\private\ser.rs:1:1
    |
1   + use core::result::Result::Err;
    |

error[E0425]: cannot find function, tuple struct or tuple variant `Err` in this scope
   --> C:\Users\john\.cargo\registry\src\index.crates.io-1949cf8c6b5b557f\serde-1.0.219\src\lib.rs:299:32
    |
299 |             Err(err) => return Err(err),
    |                                ^^^
    |
   ::: C:\Users\john\.cargo\registry\src\index.crates.io-1949cf8c6b5b557f\serde-1.0.219\src\private\ser.rs:228:9
    |
228 |         tri!(map.serialize_entry(self.tag, self.variant_name));
    |         ------------------------------------------------------ in this macro invocation
    |
    = note: this error originates in the macro `tri` (in Nightly builds, run with -Z macro-backtrace for more info)
help: a local variable with a similar name exists
    |
299 -             Err(err) => return Err(err),
299 +             Err(err) => return err(err),
    |
help: consider importing this tuple variant
   --> C:\Users\john\.cargo\registry\src\index.crates.io-1949cf8c6b5b557f\serde-1.0.219\src\private\ser.rs:1:1
    |
1   + use core::result::Result::Err;
    |

error[E0531]: cannot find tuple struct or tuple variant `Ok` in this scope
   --> C:\Users\john\.cargo\registry\src\index.crates.io-1949cf8c6b5b557f\serde-1.0.219\src\lib.rs:298:13
    |
298 |             Ok(val) => val,
    |             ^^ not found in this scope
    |
   ::: C:\Users\john\.cargo\registry\src\index.crates.io-1949cf8c6b5b557f\serde-1.0.219\src\private\ser.rs:229:9
    |
229 |         tri!(map.serialize_entry(inner_variant, inner_value));
    |         ----------------------------------------------------- in this macro invocation
    |
    = note: this error originates in the macro `tri` (in Nightly builds, run with -Z macro-backtrace for more info)
help: consider importing this tuple variant
   --> C:\Users\john\.cargo\registry\src\index.crates.io-1949cf8c6b5b557f\serde-1.0.219\src\private\ser.rs:1:1
    |
1   + use core::result::Result::Ok;
    |

error[E0531]: cannot find tuple struct or tuple variant `Err` in this scope
   --> C:\Users\john\.cargo\registry\src\index.crates.io-1949cf8c6b5b557f\serde-1.0.219\src\lib.rs:299:13
    |
299 |             Err(err) => return Err(err),
    |             ^^^ not found in this scope
    |
   ::: C:\Users\john\.cargo\registry\src\index.crates.io-1949cf8c6b5b557f\serde-1.0.219\src\private\ser.rs:229:9
    |
229 |         tri!(map.serialize_entry(inner_variant, inner_value));
    |         ----------------------------------------------------- in this macro invocation
    |
    = note: this error originates in the macro `tri` (in Nightly builds, run with -Z macro-backtrace for more info)
help: consider importing this tuple variant
   --> C:\Users\john\.cargo\registry\src\index.crates.io-1949cf8c6b5b557f\serde-1.0.219\src\private\ser.rs:1:1
    |
1   + use core::result::Result::Err;
    |

error[E0425]: cannot find function, tuple struct or tuple variant `Err` in this scope
   --> C:\Users\john\.cargo\registry\src\index.crates.io-1949cf8c6b5b557f\serde-1.0.219\src\lib.rs:299:32
    |
299 |             Err(err) => return Err(err),
    |                                ^^^
    |
   ::: C:\Users\john\.cargo\registry\src\index.crates.io-1949cf8c6b5b557f\serde-1.0.219\src\private\ser.rs:229:9
    |
229 |         tri!(map.serialize_entry(inner_variant, inner_value));
    |         ----------------------------------------------------- in this macro invocation
    |
    = note: this error originates in the macro `tri` (in Nightly builds, run with -Z macro-backtrace for more info)
help: a local variable with a similar name exists
    |
299 -             Err(err) => return Err(err),
299 +             Err(err) => return err(err),
    |
help: consider importing this tuple variant
   --> C:\Users\john\.cargo\registry\src\index.crates.io-1949cf8c6b5b557f\serde-1.0.219\src\private\ser.rs:1:1
    |
1   + use core::result::Result::Err;
    |

error[E0412]: cannot find type `Option` in this scope
   --> C:\Users\john\.cargo\registry\src\index.crates.io-1949cf8c6b5b557f\serde-1.0.219\src\private\ser.rs:233:31
    |
233 |     fn serialize_seq(self, _: Option<usize>) -> Result<Self::SerializeSeq, Self::Error> {
    |                               ^^^^^^ not found in this scope
    |
help: consider importing this enum
    |
1   + use core::option::Option;
    |

error[E0412]: cannot find type `Result` in this scope
   --> C:\Users\john\.cargo\registry\src\index.crates.io-1949cf8c6b5b557f\serde-1.0.219\src\private\ser.rs:233:49
    |
233 |     fn serialize_seq(self, _: Option<usize>) -> Result<Self::SerializeSeq, Self::Error> {
    |                                                 ^^^^^^ not found in this scope
    |
help: consider importing one of these items
    |
1   + use core::fmt::Result;
    |
1   + use core::result::Result;
    |

error[E0425]: cannot find function, tuple struct or tuple variant `Err` in this scope
   --> C:\Users\john\.cargo\registry\src\index.crates.io-1949cf8c6b5b557f\serde-1.0.219\src\private\ser.rs:234:9
    |
234 |         Err(self.bad_type(Unsupported::Sequence))
    |         ^^^ not found in this scope
    |
help: consider importing this tuple variant
    |
1   + use core::result::Result::Err;
    |

error[E0412]: cannot find type `Result` in this scope
   --> C:\Users\john\.cargo\registry\src\index.crates.io-1949cf8c6b5b557f\serde-1.0.219\src\private\ser.rs:237:43
    |
237 |     fn serialize_tuple(self, _: usize) -> Result<Self::SerializeTuple, Self::Error> {
    |                                           ^^^^^^ not found in this scope
    |
help: consider importing one of these items
    |
1   + use core::fmt::Result;
    |
1   + use core::result::Result;
    |

error[E0425]: cannot find function, tuple struct or tuple variant `Err` in this scope
   --> C:\Users\john\.cargo\registry\src\index.crates.io-1949cf8c6b5b557f\serde-1.0.219\src\private\ser.rs:238:9
    |
238 |         Err(self.bad_type(Unsupported::Tuple))
    |         ^^^ not found in this scope
    |
help: consider importing this tuple variant
    |
1   + use core::result::Result::Err;
    |

error[E0412]: cannot find type `Result` in this scope
   --> C:\Users\john\.cargo\registry\src\index.crates.io-1949cf8c6b5b557f\serde-1.0.219\src\private\ser.rs:245:10
    |
245 |     ) -> Result<Self::SerializeTupleStruct, Self::Error> {
    |          ^^^^^^ not found in this scope
    |
help: consider importing one of these items
    |
1   + use core::fmt::Result;
    |
1   + use core::result::Result;
    |

error[E0425]: cannot find function, tuple struct or tuple variant `Err` in this scope
   --> C:\Users\john\.cargo\registry\src\index.crates.io-1949cf8c6b5b557f\serde-1.0.219\src\private\ser.rs:246:9
    |
246 |         Err(self.bad_type(Unsupported::TupleStruct))
    |         ^^^ not found in this scope
    |
help: consider importing this tuple variant
    |
1   + use core::result::Result::Err;
    |

error[E0412]: cannot find type `Result` in this scope
   --> C:\Users\john\.cargo\registry\src\index.crates.io-1949cf8c6b5b557f\serde-1.0.219\src\private\ser.rs:269:10
    |
269 |     ) -> Result<Self::SerializeTupleVariant, Self::Error> {
    |          ^^^^^^ not found in this scope
    |
help: consider importing one of these items
    |
1   + use core::fmt::Result;
    |
1   + use core::result::Result;
    |

error[E0425]: cannot find function, tuple struct or tuple variant `Some` in this scope
   --> C:\Users\john\.cargo\registry\src\index.crates.io-1949cf8c6b5b557f\serde-1.0.219\src\private\ser.rs:270:56
    |
270 |         let mut map = tri!(self.delegate.serialize_map(Some(2)));
    |                                                        ^^^^ not found in this scope
    |
help: consider importing one of these tuple variants
    |
1   + use crate::__private::de::Content::Some;
    |
1   + use crate::__private::ser::Content::Some;
    |
1   + use core::option::Option::Some;
    |

error[E0531]: cannot find tuple struct or tuple variant `Ok` in this scope
   --> C:\Users\john\.cargo\registry\src\index.crates.io-1949cf8c6b5b557f\serde-1.0.219\src\lib.rs:298:13
    |
298 |             Ok(val) => val,
    |             ^^ not found in this scope
    |
   ::: C:\Users\john\.cargo\registry\src\index.crates.io-1949cf8c6b5b557f\serde-1.0.219\src\private\ser.rs:270:23
    |
270 |         let mut map = tri!(self.delegate.serialize_map(Some(2)));
    |                       ------------------------------------------ in this macro invocation
    |
    = note: this error originates in the macro `tri` (in Nightly builds, run with -Z macro-backtrace for more info)
help: consider importing this tuple variant
   --> C:\Users\john\.cargo\registry\src\index.crates.io-1949cf8c6b5b557f\serde-1.0.219\src\private\ser.rs:1:1
    |
1   + use core::result::Result::Ok;
    |

error[E0531]: cannot find tuple struct or tuple variant `Err` in this scope
   --> C:\Users\john\.cargo\registry\src\index.crates.io-1949cf8c6b5b557f\serde-1.0.219\src\lib.rs:299:13
    |
299 |             Err(err) => return Err(err),
    |             ^^^ not found in this scope
    |
   ::: C:\Users\john\.cargo\registry\src\index.crates.io-1949cf8c6b5b557f\serde-1.0.219\src\private\ser.rs:270:23
    |
270 |         let mut map = tri!(self.delegate.serialize_map(Some(2)));
    |                       ------------------------------------------ in this macro invocation
    |
    = note: this error originates in the macro `tri` (in Nightly builds, run with -Z macro-backtrace for more info)
help: consider importing this tuple variant
   --> C:\Users\john\.cargo\registry\src\index.crates.io-1949cf8c6b5b557f\serde-1.0.219\src\private\ser.rs:1:1
    |
1   + use core::result::Result::Err;
    |

error[E0425]: cannot find function, tuple struct or tuple variant `Err` in this scope
   --> C:\Users\john\.cargo\registry\src\index.crates.io-1949cf8c6b5b557f\serde-1.0.219\src\lib.rs:299:32
    |
299 |             Err(err) => return Err(err),
    |                                ^^^
    |
   ::: C:\Users\john\.cargo\registry\src\index.crates.io-1949cf8c6b5b557f\serde-1.0.219\src\private\ser.rs:270:23
    |
270 |         let mut map = tri!(self.delegate.serialize_map(Some(2)));
    |                       ------------------------------------------ in this macro invocation
    |
    = note: this error originates in the macro `tri` (in Nightly builds, run with -Z macro-backtrace for more info)
help: a local variable with a similar name exists
    |
299 -             Err(err) => return Err(err),
299 +             Err(err) => return err(err),
    |
help: consider importing this tuple variant
   --> C:\Users\john\.cargo\registry\src\index.crates.io-1949cf8c6b5b557f\serde-1.0.219\src\private\ser.rs:1:1
    |
1   + use core::result::Result::Err;
    |

error[E0531]: cannot find tuple struct or tuple variant `Ok` in this scope
   --> C:\Users\john\.cargo\registry\src\index.crates.io-1949cf8c6b5b557f\serde-1.0.219\src\lib.rs:298:13
    |
298 |             Ok(val) => val,
    |             ^^ not found in this scope
    |
   ::: C:\Users\john\.cargo\registry\src\index.crates.io-1949cf8c6b5b557f\serde-1.0.219\src\private\ser.rs:271:9
    |
271 |         tri!(map.serialize_entry(self.tag, self.variant_name));
    |         ------------------------------------------------------ in this macro invocation
    |
    = note: this error originates in the macro `tri` (in Nightly builds, run with -Z macro-backtrace for more info)
help: consider importing this tuple variant
   --> C:\Users\john\.cargo\registry\src\index.crates.io-1949cf8c6b5b557f\serde-1.0.219\src\private\ser.rs:1:1
    |
1   + use core::result::Result::Ok;
    |

error[E0531]: cannot find tuple struct or tuple variant `Err` in this scope
   --> C:\Users\john\.cargo\registry\src\index.crates.io-1949cf8c6b5b557f\serde-1.0.219\src\lib.rs:299:13
    |
299 |             Err(err) => return Err(err),
    |             ^^^ not found in this scope
    |
   ::: C:\Users\john\.cargo\registry\src\index.crates.io-1949cf8c6b5b557f\serde-1.0.219\src\private\ser.rs:271:9
    |
271 |         tri!(map.serialize_entry(self.tag, self.variant_name));
    |         ------------------------------------------------------ in this macro invocation
    |
    = note: this error originates in the macro `tri` (in Nightly builds, run with -Z macro-backtrace for more info)
help: consider importing this tuple variant
   --> C:\Users\john\.cargo\registry\src\index.crates.io-1949cf8c6b5b557f\serde-1.0.219\src\private\ser.rs:1:1
    |
1   + use core::result::Result::Err;
    |

error[E0425]: cannot find function, tuple struct or tuple variant `Err` in this scope
   --> C:\Users\john\.cargo\registry\src\index.crates.io-1949cf8c6b5b557f\serde-1.0.219\src\lib.rs:299:32
    |
299 |             Err(err) => return Err(err),
    |                                ^^^
    |
   ::: C:\Users\john\.cargo\registry\src\index.crates.io-1949cf8c6b5b557f\serde-1.0.219\src\private\ser.rs:271:9
    |
271 |         tri!(map.serialize_entry(self.tag, self.variant_name));
    |         ------------------------------------------------------ in this macro invocation
    |
    = note: this error originates in the macro `tri` (in Nightly builds, run with -Z macro-backtrace for more info)
help: a local variable with a similar name exists
    |
299 -             Err(err) => return Err(err),
299 +             Err(err) => return err(err),
    |
help: consider importing this tuple variant
   --> C:\Users\john\.cargo\registry\src\index.crates.io-1949cf8c6b5b557f\serde-1.0.219\src\private\ser.rs:1:1
    |
1   + use core::result::Result::Err;
    |

error[E0531]: cannot find tuple struct or tuple variant `Ok` in this scope
   --> C:\Users\john\.cargo\registry\src\index.crates.io-1949cf8c6b5b557f\serde-1.0.219\src\lib.rs:298:13
    |
298 |             Ok(val) => val,
    |             ^^ not found in this scope
    |
   ::: C:\Users\john\.cargo\registry\src\index.crates.io-1949cf8c6b5b557f\serde-1.0.219\src\private\ser.rs:272:9
    |
272 |         tri!(map.serialize_key(inner_variant));
    |         -------------------------------------- in this macro invocation
    |
    = note: this error originates in the macro `tri` (in Nightly builds, run with -Z macro-backtrace for more info)
help: consider importing this tuple variant
   --> C:\Users\john\.cargo\registry\src\index.crates.io-1949cf8c6b5b557f\serde-1.0.219\src\private\ser.rs:1:1
    |
1   + use core::result::Result::Ok;
    |

error[E0531]: cannot find tuple struct or tuple variant `Err` in this scope
   --> C:\Users\john\.cargo\registry\src\index.crates.io-1949cf8c6b5b557f\serde-1.0.219\src\lib.rs:299:13
    |
299 |             Err(err) => return Err(err),
    |             ^^^ not found in this scope
    |
   ::: C:\Users\john\.cargo\registry\src\index.crates.io-1949cf8c6b5b557f\serde-1.0.219\src\private\ser.rs:272:9
    |
272 |         tri!(map.serialize_key(inner_variant));
    |         -------------------------------------- in this macro invocation
    |
    = note: this error originates in the macro `tri` (in Nightly builds, run with -Z macro-backtrace for more info)
help: consider importing this tuple variant
   --> C:\Users\john\.cargo\registry\src\index.crates.io-1949cf8c6b5b557f\serde-1.0.219\src\private\ser.rs:1:1
    |
1   + use core::result::Result::Err;
    |

error[E0425]: cannot find function, tuple struct or tuple variant `Err` in this scope
   --> C:\Users\john\.cargo\registry\src\index.crates.io-1949cf8c6b5b557f\serde-1.0.219\src\lib.rs:299:32
    |
299 |             Err(err) => return Err(err),
    |                                ^^^
    |
   ::: C:\Users\john\.cargo\registry\src\index.crates.io-1949cf8c6b5b557f\serde-1.0.219\src\private\ser.rs:272:9
    |
272 |         tri!(map.serialize_key(inner_variant));
    |         -------------------------------------- in this macro invocation
    |
    = note: this error originates in the macro `tri` (in Nightly builds, run with -Z macro-backtrace for more info)
help: a local variable with a similar name exists
    |
299 -             Err(err) => return Err(err),
299 +             Err(err) => return err(err),
    |
help: consider importing this tuple variant
   --> C:\Users\john\.cargo\registry\src\index.crates.io-1949cf8c6b5b557f\serde-1.0.219\src\private\ser.rs:1:1
    |
1   + use core::result::Result::Err;
    |

error[E0425]: cannot find function, tuple struct or tuple variant `Ok` in this scope
   --> C:\Users\john\.cargo\registry\src\index.crates.io-1949cf8c6b5b557f\serde-1.0.219\src\private\ser.rs:273:9
    |
273 |         Ok(SerializeTupleVariantAsMapValue::new(
    |         ^^ not found in this scope
    |
help: consider importing this tuple variant
    |
1   + use core::result::Result::Ok;
    |

error[E0412]: cannot find type `Option` in this scope
   --> C:\Users\john\.cargo\registry\src\index.crates.io-1949cf8c6b5b557f\serde-1.0.219\src\private\ser.rs:280:33
    |
280 |     fn serialize_map(self, len: Option<usize>) -> Result<Self::SerializeMap, Self::Error> {
    |                                 ^^^^^^ not found in this scope
    |
help: consider importing this enum
    |
1   + use core::option::Option;
    |

error[E0412]: cannot find type `Result` in this scope
   --> C:\Users\john\.cargo\registry\src\index.crates.io-1949cf8c6b5b557f\serde-1.0.219\src\private\ser.rs:280:51
    |
280 |     fn serialize_map(self, len: Option<usize>) -> Result<Self::SerializeMap, Self::Error> {
    |                                                   ^^^^^^ not found in this scope
    |
help: consider importing one of these items
    |
1   + use core::fmt::Result;
    |
1   + use core::result::Result;
    |

error[E0531]: cannot find tuple struct or tuple variant `Ok` in this scope
   --> C:\Users\john\.cargo\registry\src\index.crates.io-1949cf8c6b5b557f\serde-1.0.219\src\lib.rs:298:13
    |
298 |             Ok(val) => val,
    |             ^^ not found in this scope
    |
   ::: C:\Users\john\.cargo\registry\src\index.crates.io-1949cf8c6b5b557f\serde-1.0.219\src\private\ser.rs:281:23
    |
281 |         let mut map = tri!(self.delegate.serialize_map(len.map(|len| len + 1)));
    |                       --------------------------------------------------------- in this macro invocation
    |
    = note: this error originates in the macro `tri` (in Nightly builds, run with -Z macro-backtrace for more info)
help: consider importing this tuple variant
   --> C:\Users\john\.cargo\registry\src\index.crates.io-1949cf8c6b5b557f\serde-1.0.219\src\private\ser.rs:1:1
    |
1   + use core::result::Result::Ok;
    |

error[E0531]: cannot find tuple struct or tuple variant `Err` in this scope
   --> C:\Users\john\.cargo\registry\src\index.crates.io-1949cf8c6b5b557f\serde-1.0.219\src\lib.rs:299:13
    |
299 |             Err(err) => return Err(err),
    |             ^^^ not found in this scope
    |
   ::: C:\Users\john\.cargo\registry\src\index.crates.io-1949cf8c6b5b557f\serde-1.0.219\src\private\ser.rs:281:23
    |
281 |         let mut map = tri!(self.delegate.serialize_map(len.map(|len| len + 1)));
    |                       --------------------------------------------------------- in this macro invocation
    |
    = note: this error originates in the macro `tri` (in Nightly builds, run with -Z macro-backtrace for more info)
help: consider importing this tuple variant
   --> C:\Users\john\.cargo\registry\src\index.crates.io-1949cf8c6b5b557f\serde-1.0.219\src\private\ser.rs:1:1
    |
1   + use core::result::Result::Err;
    |

error[E0425]: cannot find function, tuple struct or tuple variant `Err` in this scope
   --> C:\Users\john\.cargo\registry\src\index.crates.io-1949cf8c6b5b557f\serde-1.0.219\src\lib.rs:299:32
    |
299 |             Err(err) => return Err(err),
    |                                ^^^
    |
   ::: C:\Users\john\.cargo\registry\src\index.crates.io-1949cf8c6b5b557f\serde-1.0.219\src\private\ser.rs:281:23
    |
281 |         let mut map = tri!(self.delegate.serialize_map(len.map(|len| len + 1)));
    |                       --------------------------------------------------------- in this macro invocation
    |
    = note: this error originates in the macro `tri` (in Nightly builds, run with -Z macro-backtrace for more info)
help: a local variable with a similar name exists
    |
299 -             Err(err) => return Err(err),
299 +             Err(err) => return err(err),
    |
help: consider importing this tuple variant
   --> C:\Users\john\.cargo\registry\src\index.crates.io-1949cf8c6b5b557f\serde-1.0.219\src\private\ser.rs:1:1
    |
1   + use core::result::Result::Err;
    |

error[E0531]: cannot find tuple struct or tuple variant `Ok` in this scope
   --> C:\Users\john\.cargo\registry\src\index.crates.io-1949cf8c6b5b557f\serde-1.0.219\src\lib.rs:298:13
    |
298 |             Ok(val) => val,
    |             ^^ not found in this scope
    |
   ::: C:\Users\john\.cargo\registry\src\index.crates.io-1949cf8c6b5b557f\serde-1.0.219\src\private\ser.rs:282:9
    |
282 |         tri!(map.serialize_entry(self.tag, self.variant_name));
    |         ------------------------------------------------------ in this macro invocation
    |
    = note: this error originates in the macro `tri` (in Nightly builds, run with -Z macro-backtrace for more info)
help: consider importing this tuple variant
   --> C:\Users\john\.cargo\registry\src\index.crates.io-1949cf8c6b5b557f\serde-1.0.219\src\private\ser.rs:1:1
    |
1   + use core::result::Result::Ok;
    |

error[E0531]: cannot find tuple struct or tuple variant `Err` in this scope
   --> C:\Users\john\.cargo\registry\src\index.crates.io-1949cf8c6b5b557f\serde-1.0.219\src\lib.rs:299:13
    |
299 |             Err(err) => return Err(err),
    |             ^^^ not found in this scope
    |
   ::: C:\Users\john\.cargo\registry\src\index.crates.io-1949cf8c6b5b557f\serde-1.0.219\src\private\ser.rs:282:9
    |
282 |         tri!(map.serialize_entry(self.tag, self.variant_name));
    |         ------------------------------------------------------ in this macro invocation
    |
    = note: this error originates in the macro `tri` (in Nightly builds, run with -Z macro-backtrace for more info)
help: consider importing this tuple variant
   --> C:\Users\john\.cargo\registry\src\index.crates.io-1949cf8c6b5b557f\serde-1.0.219\src\private\ser.rs:1:1
    |
1   + use core::result::Result::Err;
    |

error[E0425]: cannot find function, tuple struct or tuple variant `Err` in this scope
   --> C:\Users\john\.cargo\registry\src\index.crates.io-1949cf8c6b5b557f\serde-1.0.219\src\lib.rs:299:32
    |
299 |             Err(err) => return Err(err),
    |                                ^^^
    |
   ::: C:\Users\john\.cargo\registry\src\index.crates.io-1949cf8c6b5b557f\serde-1.0.219\src\private\ser.rs:282:9
    |
282 |         tri!(map.serialize_entry(self.tag, self.variant_name));
    |         ------------------------------------------------------ in this macro invocation
    |
    = note: this error originates in the macro `tri` (in Nightly builds, run with -Z macro-backtrace for more info)
help: a local variable with a similar name exists
    |
299 -             Err(err) => return Err(err),
299 +             Err(err) => return err(err),
    |
help: consider importing this tuple variant
   --> C:\Users\john\.cargo\registry\src\index.crates.io-1949cf8c6b5b557f\serde-1.0.219\src\private\ser.rs:1:1
    |
1   + use core::result::Result::Err;
    |

error[E0425]: cannot find function, tuple struct or tuple variant `Ok` in this scope
   --> C:\Users\john\.cargo\registry\src\index.crates.io-1949cf8c6b5b557f\serde-1.0.219\src\private\ser.rs:283:9
    |
283 |         Ok(map)
    |         ^^ not found in this scope
    |
help: consider importing this tuple variant
    |
1   + use core::result::Result::Ok;
    |

error[E0412]: cannot find type `Result` in this scope
   --> C:\Users\john\.cargo\registry\src\index.crates.io-1949cf8c6b5b557f\serde-1.0.219\src\private\ser.rs:290:10
    |
290 |     ) -> Result<Self::SerializeStruct, Self::Error> {
    |          ^^^^^^ not found in this scope
    |
help: consider importing one of these items
    |
1   + use core::fmt::Result;
    |
1   + use core::result::Result;
    |

error[E0531]: cannot find tuple struct or tuple variant `Ok` in this scope
   --> C:\Users\john\.cargo\registry\src\index.crates.io-1949cf8c6b5b557f\serde-1.0.219\src\lib.rs:298:13
    |
298 |             Ok(val) => val,
    |             ^^ not found in this scope
    |
   ::: C:\Users\john\.cargo\registry\src\index.crates.io-1949cf8c6b5b557f\serde-1.0.219\src\private\ser.rs:291:25
    |
291 |         let mut state = tri!(self.delegate.serialize_struct(name, len + 1));
    |                         --------------------------------------------------- in this macro invocation
    |
    = note: this error originates in the macro `tri` (in Nightly builds, run with -Z macro-backtrace for more info)
help: consider importing this tuple variant
   --> C:\Users\john\.cargo\registry\src\index.crates.io-1949cf8c6b5b557f\serde-1.0.219\src\private\ser.rs:1:1
    |
1   + use core::result::Result::Ok;
    |

error[E0531]: cannot find tuple struct or tuple variant `Err` in this scope
   --> C:\Users\john\.cargo\registry\src\index.crates.io-1949cf8c6b5b557f\serde-1.0.219\src\lib.rs:299:13
    |
299 |             Err(err) => return Err(err),
    |             ^^^ not found in this scope
    |
   ::: C:\Users\john\.cargo\registry\src\index.crates.io-1949cf8c6b5b557f\serde-1.0.219\src\private\ser.rs:291:25
    |
291 |         let mut state = tri!(self.delegate.serialize_struct(name, len + 1));
    |                         --------------------------------------------------- in this macro invocation
    |
    = note: this error originates in the macro `tri` (in Nightly builds, run with -Z macro-backtrace for more info)
help: consider importing this tuple variant
   --> C:\Users\john\.cargo\registry\src\index.crates.io-1949cf8c6b5b557f\serde-1.0.219\src\private\ser.rs:1:1
    |
1   + use core::result::Result::Err;
    |

error[E0425]: cannot find function, tuple struct or tuple variant `Err` in this scope
   --> C:\Users\john\.cargo\registry\src\index.crates.io-1949cf8c6b5b557f\serde-1.0.219\src\lib.rs:299:32
    |
299 |             Err(err) => return Err(err),
    |                                ^^^
    |
   ::: C:\Users\john\.cargo\registry\src\index.crates.io-1949cf8c6b5b557f\serde-1.0.219\src\private\ser.rs:291:25
    |
291 |         let mut state = tri!(self.delegate.serialize_struct(name, len + 1));
    |                         --------------------------------------------------- in this macro invocation
    |
    = note: this error originates in the macro `tri` (in Nightly builds, run with -Z macro-backtrace for more info)
help: a local variable with a similar name exists
    |
299 -             Err(err) => return Err(err),
299 +             Err(err) => return err(err),
    |
help: consider importing this tuple variant
   --> C:\Users\john\.cargo\registry\src\index.crates.io-1949cf8c6b5b557f\serde-1.0.219\src\private\ser.rs:1:1
    |
1   + use core::result::Result::Err;
    |

error[E0531]: cannot find tuple struct or tuple variant `Ok` in this scope
   --> C:\Users\john\.cargo\registry\src\index.crates.io-1949cf8c6b5b557f\serde-1.0.219\src\lib.rs:298:13
    |
298 |             Ok(val) => val,
    |             ^^ not found in this scope
    |
   ::: C:\Users\john\.cargo\registry\src\index.crates.io-1949cf8c6b5b557f\serde-1.0.219\src\private\ser.rs:292:9
    |
292 |         tri!(state.serialize_field(self.tag, self.variant_name));
    |         -------------------------------------------------------- in this macro invocation
    |
    = note: this error originates in the macro `tri` (in Nightly builds, run with -Z macro-backtrace for more info)
help: consider importing this tuple variant
   --> C:\Users\john\.cargo\registry\src\index.crates.io-1949cf8c6b5b557f\serde-1.0.219\src\private\ser.rs:1:1
    |
1   + use core::result::Result::Ok;
    |

error[E0531]: cannot find tuple struct or tuple variant `Err` in this scope
   --> C:\Users\john\.cargo\registry\src\index.crates.io-1949cf8c6b5b557f\serde-1.0.219\src\lib.rs:299:13
    |
299 |             Err(err) => return Err(err),
    |             ^^^ not found in this scope
    |
   ::: C:\Users\john\.cargo\registry\src\index.crates.io-1949cf8c6b5b557f\serde-1.0.219\src\private\ser.rs:292:9
    |
292 |         tri!(state.serialize_field(self.tag, self.variant_name));
    |         -------------------------------------------------------- in this macro invocation
    |
    = note: this error originates in the macro `tri` (in Nightly builds, run with -Z macro-backtrace for more info)
help: consider importing this tuple variant
   --> C:\Users\john\.cargo\registry\src\index.crates.io-1949cf8c6b5b557f\serde-1.0.219\src\private\ser.rs:1:1
    |
1   + use core::result::Result::Err;
    |

error[E0425]: cannot find function, tuple struct or tuple variant `Err` in this scope
   --> C:\Users\john\.cargo\registry\src\index.crates.io-1949cf8c6b5b557f\serde-1.0.219\src\lib.rs:299:32
    |
299 |             Err(err) => return Err(err),
    |                                ^^^
    |
   ::: C:\Users\john\.cargo\registry\src\index.crates.io-1949cf8c6b5b557f\serde-1.0.219\src\private\ser.rs:292:9
    |
292 |         tri!(state.serialize_field(self.tag, self.variant_name));
    |         -------------------------------------------------------- in this macro invocation
    |
    = note: this error originates in the macro `tri` (in Nightly builds, run with -Z macro-backtrace for more info)
help: a local variable with a similar name exists
    |
299 -             Err(err) => return Err(err),
299 +             Err(err) => return err(err),
    |
help: consider importing this tuple variant
   --> C:\Users\john\.cargo\registry\src\index.crates.io-1949cf8c6b5b557f\serde-1.0.219\src\private\ser.rs:1:1
    |
1   + use core::result::Result::Err;
    |

error[E0425]: cannot find function, tuple struct or tuple variant `Ok` in this scope
   --> C:\Users\john\.cargo\registry\src\index.crates.io-1949cf8c6b5b557f\serde-1.0.219\src\private\ser.rs:293:9
    |
293 |         Ok(state)
    |         ^^ not found in this scope
    |
help: consider importing this tuple variant
    |
1   + use core::result::Result::Ok;
    |

error[E0412]: cannot find type `Result` in this scope
   --> C:\Users\john\.cargo\registry\src\index.crates.io-1949cf8c6b5b557f\serde-1.0.219\src\private\ser.rs:316:10
    |
316 |     ) -> Result<Self::SerializeStructVariant, Self::Error> {
    |          ^^^^^^ not found in this scope
    |
help: consider importing one of these items
    |
1   + use core::fmt::Result;
    |
1   + use core::result::Result;
    |

error[E0425]: cannot find function, tuple struct or tuple variant `Some` in this scope
   --> C:\Users\john\.cargo\registry\src\index.crates.io-1949cf8c6b5b557f\serde-1.0.219\src\private\ser.rs:317:56
    |
317 |         let mut map = tri!(self.delegate.serialize_map(Some(2)));
    |                                                        ^^^^ not found in this scope
    |
help: consider importing one of these tuple variants
    |
1   + use crate::__private::de::Content::Some;
    |
1   + use crate::__private::ser::Content::Some;
    |
1   + use core::option::Option::Some;
    |

error[E0531]: cannot find tuple struct or tuple variant `Ok` in this scope
   --> C:\Users\john\.cargo\registry\src\index.crates.io-1949cf8c6b5b557f\serde-1.0.219\src\lib.rs:298:13
    |
298 |             Ok(val) => val,
    |             ^^ not found in this scope
    |
   ::: C:\Users\john\.cargo\registry\src\index.crates.io-1949cf8c6b5b557f\serde-1.0.219\src\private\ser.rs:317:23
    |
317 |         let mut map = tri!(self.delegate.serialize_map(Some(2)));
    |                       ------------------------------------------ in this macro invocation
    |
    = note: this error originates in the macro `tri` (in Nightly builds, run with -Z macro-backtrace for more info)
help: consider importing this tuple variant
   --> C:\Users\john\.cargo\registry\src\index.crates.io-1949cf8c6b5b557f\serde-1.0.219\src\private\ser.rs:1:1
    |
1   + use core::result::Result::Ok;
    |

error[E0531]: cannot find tuple struct or tuple variant `Err` in this scope
   --> C:\Users\john\.cargo\registry\src\index.crates.io-1949cf8c6b5b557f\serde-1.0.219\src\lib.rs:299:13
    |
299 |             Err(err) => return Err(err),
    |             ^^^ not found in this scope
    |
   ::: C:\Users\john\.cargo\registry\src\index.crates.io-1949cf8c6b5b557f\serde-1.0.219\src\private\ser.rs:317:23
    |
317 |         let mut map = tri!(self.delegate.serialize_map(Some(2)));
    |                       ------------------------------------------ in this macro invocation
    |
    = note: this error originates in the macro `tri` (in Nightly builds, run with -Z macro-backtrace for more info)
help: consider importing this tuple variant
   --> C:\Users\john\.cargo\registry\src\index.crates.io-1949cf8c6b5b557f\serde-1.0.219\src\private\ser.rs:1:1
    |
1   + use core::result::Result::Err;
    |

error[E0425]: cannot find function, tuple struct or tuple variant `Err` in this scope
   --> C:\Users\john\.cargo\registry\src\index.crates.io-1949cf8c6b5b557f\serde-1.0.219\src\lib.rs:299:32
    |
299 |             Err(err) => return Err(err),
    |                                ^^^
    |
   ::: C:\Users\john\.cargo\registry\src\index.crates.io-1949cf8c6b5b557f\serde-1.0.219\src\private\ser.rs:317:23
    |
317 |         let mut map = tri!(self.delegate.serialize_map(Some(2)));
    |                       ------------------------------------------ in this macro invocation
    |
    = note: this error originates in the macro `tri` (in Nightly builds, run with -Z macro-backtrace for more info)
help: a local variable with a similar name exists
    |
299 -             Err(err) => return Err(err),
299 +             Err(err) => return err(err),
    |
help: consider importing this tuple variant
   --> C:\Users\john\.cargo\registry\src\index.crates.io-1949cf8c6b5b557f\serde-1.0.219\src\private\ser.rs:1:1
    |
1   + use core::result::Result::Err;
    |

error[E0531]: cannot find tuple struct or tuple variant `Ok` in this scope
   --> C:\Users\john\.cargo\registry\src\index.crates.io-1949cf8c6b5b557f\serde-1.0.219\src\lib.rs:298:13
    |
298 |             Ok(val) => val,
    |             ^^ not found in this scope
    |
   ::: C:\Users\john\.cargo\registry\src\index.crates.io-1949cf8c6b5b557f\serde-1.0.219\src\private\ser.rs:318:9
    |
318 |         tri!(map.serialize_entry(self.tag, self.variant_name));
    |         ------------------------------------------------------ in this macro invocation
    |
    = note: this error originates in the macro `tri` (in Nightly builds, run with -Z macro-backtrace for more info)
help: consider importing this tuple variant
   --> C:\Users\john\.cargo\registry\src\index.crates.io-1949cf8c6b5b557f\serde-1.0.219\src\private\ser.rs:1:1
    |
1   + use core::result::Result::Ok;
    |

error[E0531]: cannot find tuple struct or tuple variant `Err` in this scope
   --> C:\Users\john\.cargo\registry\src\index.crates.io-1949cf8c6b5b557f\serde-1.0.219\src\lib.rs:299:13
    |
299 |             Err(err) => return Err(err),
    |             ^^^ not found in this scope
    |
   ::: C:\Users\john\.cargo\registry\src\index.crates.io-1949cf8c6b5b557f\serde-1.0.219\src\private\ser.rs:318:9
    |
318 |         tri!(map.serialize_entry(self.tag, self.variant_name));
    |         ------------------------------------------------------ in this macro invocation
    |
    = note: this error originates in the macro `tri` (in Nightly builds, run with -Z macro-backtrace for more info)
help: consider importing this tuple variant
   --> C:\Users\john\.cargo\registry\src\index.crates.io-1949cf8c6b5b557f\serde-1.0.219\src\private\ser.rs:1:1
    |
1   + use core::result::Result::Err;
    |

error[E0425]: cannot find function, tuple struct or tuple variant `Err` in this scope
   --> C:\Users\john\.cargo\registry\src\index.crates.io-1949cf8c6b5b557f\serde-1.0.219\src\lib.rs:299:32
    |
299 |             Err(err) => return Err(err),
    |                                ^^^
    |
   ::: C:\Users\john\.cargo\registry\src\index.crates.io-1949cf8c6b5b557f\serde-1.0.219\src\private\ser.rs:318:9
    |
318 |         tri!(map.serialize_entry(self.tag, self.variant_name));
    |         ------------------------------------------------------ in this macro invocation
    |
    = note: this error originates in the macro `tri` (in Nightly builds, run with -Z macro-backtrace for more info)
help: a local variable with a similar name exists
    |
299 -             Err(err) => return Err(err),
299 +             Err(err) => return err(err),
    |
help: consider importing this tuple variant
   --> C:\Users\john\.cargo\registry\src\index.crates.io-1949cf8c6b5b557f\serde-1.0.219\src\private\ser.rs:1:1
    |
1   + use core::result::Result::Err;
    |

error[E0531]: cannot find tuple struct or tuple variant `Ok` in this scope
   --> C:\Users\john\.cargo\registry\src\index.crates.io-1949cf8c6b5b557f\serde-1.0.219\src\lib.rs:298:13
    |
298 |             Ok(val) => val,
    |             ^^ not found in this scope
    |
   ::: C:\Users\john\.cargo\registry\src\index.crates.io-1949cf8c6b5b557f\serde-1.0.219\src\private\ser.rs:319:9
    |
319 |         tri!(map.serialize_key(inner_variant));
    |         -------------------------------------- in this macro invocation
    |
    = note: this error originates in the macro `tri` (in Nightly builds, run with -Z macro-backtrace for more info)
help: consider importing this tuple variant
   --> C:\Users\john\.cargo\registry\src\index.crates.io-1949cf8c6b5b557f\serde-1.0.219\src\private\ser.rs:1:1
    |
1   + use core::result::Result::Ok;
    |

error[E0531]: cannot find tuple struct or tuple variant `Err` in this scope
   --> C:\Users\john\.cargo\registry\src\index.crates.io-1949cf8c6b5b557f\serde-1.0.219\src\lib.rs:299:13
    |
299 |             Err(err) => return Err(err),
    |             ^^^ not found in this scope
    |
   ::: C:\Users\john\.cargo\registry\src\index.crates.io-1949cf8c6b5b557f\serde-1.0.219\src\private\ser.rs:319:9
    |
319 |         tri!(map.serialize_key(inner_variant));
    |         -------------------------------------- in this macro invocation
    |
    = note: this error originates in the macro `tri` (in Nightly builds, run with -Z macro-backtrace for more info)
help: consider importing this tuple variant
   --> C:\Users\john\.cargo\registry\src\index.crates.io-1949cf8c6b5b557f\serde-1.0.219\src\private\ser.rs:1:1
    |
1   + use core::result::Result::Err;
    |

error[E0425]: cannot find function, tuple struct or tuple variant `Err` in this scope
   --> C:\Users\john\.cargo\registry\src\index.crates.io-1949cf8c6b5b557f\serde-1.0.219\src\lib.rs:299:32
    |
299 |             Err(err) => return Err(err),
    |                                ^^^
    |
   ::: C:\Users\john\.cargo\registry\src\index.crates.io-1949cf8c6b5b557f\serde-1.0.219\src\private\ser.rs:319:9
    |
319 |         tri!(map.serialize_key(inner_variant));
    |         -------------------------------------- in this macro invocation
    |
    = note: this error originates in the macro `tri` (in Nightly builds, run with -Z macro-backtrace for more info)
help: a local variable with a similar name exists
    |
299 -             Err(err) => return Err(err),
299 +             Err(err) => return err(err),
    |
help: consider importing this tuple variant
   --> C:\Users\john\.cargo\registry\src\index.crates.io-1949cf8c6b5b557f\serde-1.0.219\src\private\ser.rs:1:1
    |
1   + use core::result::Result::Err;
    |

error[E0425]: cannot find function, tuple struct or tuple variant `Ok` in this scope
   --> C:\Users\john\.cargo\registry\src\index.crates.io-1949cf8c6b5b557f\serde-1.0.219\src\private\ser.rs:320:9
    |
320 |         Ok(SerializeStructVariantAsMapValue::new(
    |         ^^ not found in this scope
    |
help: consider importing this tuple variant
    |
1   + use core::result::Result::Ok;
    |

error[E0405]: cannot find trait `Sized` in this scope
   --> C:\Users\john\.cargo\registry\src\index.crates.io-1949cf8c6b5b557f\serde-1.0.219\src\private\ser.rs:367:17
    |
367 |             T: ?Sized + Serialize,
    |                 ^^^^^ not found in this scope
    |
help: consider importing this trait
    |
338 +     use core::marker::Sized;
    |

error[E0412]: cannot find type `Result` in this scope
   --> C:\Users\john\.cargo\registry\src\index.crates.io-1949cf8c6b5b557f\serde-1.0.219\src\private\ser.rs:365:56
    |
365 |         fn serialize_field<T>(&mut self, value: &T) -> Result<(), M::Error>
    |                                                        ^^^^^^ not found in this scope
    |
help: consider importing one of these items
    |
338 +     use core::fmt::Result;
    |
338 +     use core::result::Result;
    |

error[E0531]: cannot find tuple struct or tuple variant `Ok` in this scope
   --> C:\Users\john\.cargo\registry\src\index.crates.io-1949cf8c6b5b557f\serde-1.0.219\src\lib.rs:298:13
    |
298 |             Ok(val) => val,
    |             ^^ not found in this scope
    |
   ::: C:\Users\john\.cargo\registry\src\index.crates.io-1949cf8c6b5b557f\serde-1.0.219\src\private\ser.rs:369:25
    |
369 |             let value = tri!(value.serialize(ContentSerializer::<M::Error>::new()));
    |                         ----------------------------------------------------------- in this macro invocation
    |
    = note: this error originates in the macro `tri` (in Nightly builds, run with -Z macro-backtrace for more info)
help: consider importing this tuple variant
   --> C:\Users\john\.cargo\registry\src\index.crates.io-1949cf8c6b5b557f\serde-1.0.219\src\private\ser.rs:338:5
    |
338 +     use core::result::Result::Ok;
    |

error[E0531]: cannot find tuple struct or tuple variant `Err` in this scope
   --> C:\Users\john\.cargo\registry\src\index.crates.io-1949cf8c6b5b557f\serde-1.0.219\src\lib.rs:299:13
    |
299 |             Err(err) => return Err(err),
    |             ^^^ not found in this scope
    |
   ::: C:\Users\john\.cargo\registry\src\index.crates.io-1949cf8c6b5b557f\serde-1.0.219\src\private\ser.rs:369:25
    |
369 |             let value = tri!(value.serialize(ContentSerializer::<M::Error>::new()));
    |                         ----------------------------------------------------------- in this macro invocation
    |
    = note: this error originates in the macro `tri` (in Nightly builds, run with -Z macro-backtrace for more info)
help: consider importing this tuple variant
   --> C:\Users\john\.cargo\registry\src\index.crates.io-1949cf8c6b5b557f\serde-1.0.219\src\private\ser.rs:338:5
    |
338 +     use core::result::Result::Err;
    |

error[E0425]: cannot find function, tuple struct or tuple variant `Err` in this scope
   --> C:\Users\john\.cargo\registry\src\index.crates.io-1949cf8c6b5b557f\serde-1.0.219\src\lib.rs:299:32
    |
299 |             Err(err) => return Err(err),
    |                                ^^^
    |
   ::: C:\Users\john\.cargo\registry\src\index.crates.io-1949cf8c6b5b557f\serde-1.0.219\src\private\ser.rs:369:25
    |
369 |             let value = tri!(value.serialize(ContentSerializer::<M::Error>::new()));
    |                         ----------------------------------------------------------- in this macro invocation
    |
    = note: this error originates in the macro `tri` (in Nightly builds, run with -Z macro-backtrace for more info)
help: a local variable with a similar name exists
    |
299 -             Err(err) => return Err(err),
299 +             Err(err) => return err(err),
    |
help: consider importing this tuple variant
   --> C:\Users\john\.cargo\registry\src\index.crates.io-1949cf8c6b5b557f\serde-1.0.219\src\private\ser.rs:338:5
    |
338 +     use core::result::Result::Err;
    |

error[E0425]: cannot find function, tuple struct or tuple variant `Ok` in this scope
   --> C:\Users\john\.cargo\registry\src\index.crates.io-1949cf8c6b5b557f\serde-1.0.219\src\private\ser.rs:371:13
    |
371 |             Ok(())
    |             ^^ not found in this scope
    |
help: consider importing this tuple variant
    |
338 +     use core::result::Result::Ok;
    |

error[E0412]: cannot find type `Result` in this scope
   --> C:\Users\john\.cargo\registry\src\index.crates.io-1949cf8c6b5b557f\serde-1.0.219\src\private\ser.rs:374:29
    |
374 |         fn end(mut self) -> Result<M::Ok, M::Error> {
    |                             ^^^^^^ not found in this scope
    |
help: consider importing one of these items
    |
338 +     use core::fmt::Result;
    |
338 +     use core::result::Result;
    |

error[E0531]: cannot find tuple struct or tuple variant `Ok` in this scope
   --> C:\Users\john\.cargo\registry\src\index.crates.io-1949cf8c6b5b557f\serde-1.0.219\src\lib.rs:298:13
    |
298 |               Ok(val) => val,
    |               ^^ not found in this scope
    |
   ::: C:\Users\john\.cargo\registry\src\index.crates.io-1949cf8c6b5b557f\serde-1.0.219\src\private\ser.rs:375:13
    |
375 | /             tri!(self
376 | |                 .map
377 | |                 .serialize_value(&Content::TupleStruct(self.name, self.fields)));
    | |________________________________________________________________________________- in this macro invocation
    |
    = note: this error originates in the macro `tri` (in Nightly builds, run with -Z macro-backtrace for more info)
help: consider importing this tuple variant
   --> C:\Users\john\.cargo\registry\src\index.crates.io-1949cf8c6b5b557f\serde-1.0.219\src\private\ser.rs:338:5
    |
338 +     use core::result::Result::Ok;
    |

error[E0531]: cannot find tuple struct or tuple variant `Err` in this scope
   --> C:\Users\john\.cargo\registry\src\index.crates.io-1949cf8c6b5b557f\serde-1.0.219\src\lib.rs:299:13
    |
299 |               Err(err) => return Err(err),
    |               ^^^ not found in this scope
    |
   ::: C:\Users\john\.cargo\registry\src\index.crates.io-1949cf8c6b5b557f\serde-1.0.219\src\private\ser.rs:375:13
    |
375 | /             tri!(self
376 | |                 .map
377 | |                 .serialize_value(&Content::TupleStruct(self.name, self.fields)));
    | |________________________________________________________________________________- in this macro invocation
    |
    = note: this error originates in the macro `tri` (in Nightly builds, run with -Z macro-backtrace for more info)
help: consider importing this tuple variant
   --> C:\Users\john\.cargo\registry\src\index.crates.io-1949cf8c6b5b557f\serde-1.0.219\src\private\ser.rs:338:5
    |
338 +     use core::result::Result::Err;
    |

error[E0425]: cannot find function, tuple struct or tuple variant `Err` in this scope
   --> C:\Users\john\.cargo\registry\src\index.crates.io-1949cf8c6b5b557f\serde-1.0.219\src\lib.rs:299:32
    |
299 |               Err(err) => return Err(err),
    |                                  ^^^
    |
   ::: C:\Users\john\.cargo\registry\src\index.crates.io-1949cf8c6b5b557f\serde-1.0.219\src\private\ser.rs:375:13
    |
375 | /             tri!(self
376 | |                 .map
377 | |                 .serialize_value(&Content::TupleStruct(self.name, self.fields)));
    | |________________________________________________________________________________- in this macro invocation
    |
    = note: this error originates in the macro `tri` (in Nightly builds, run with -Z macro-backtrace for more info)
help: a local variable with a similar name exists
    |
299 -             Err(err) => return Err(err),
299 +             Err(err) => return err(err),
    |
help: consider importing this tuple variant
   --> C:\Users\john\.cargo\registry\src\index.crates.io-1949cf8c6b5b557f\serde-1.0.219\src\private\ser.rs:338:5
    |
338 +     use core::result::Result::Err;
    |

error[E0405]: cannot find trait `Sized` in this scope
   --> C:\Users\john\.cargo\registry\src\index.crates.io-1949cf8c6b5b557f\serde-1.0.219\src\private\ser.rs:407:17
    |
407 |             T: ?Sized + Serialize,
    |                 ^^^^^ not found in this scope
    |
help: consider importing this trait
    |
338 +     use core::marker::Sized;
    |

error[E0412]: cannot find type `Result` in this scope
   --> C:\Users\john\.cargo\registry\src\index.crates.io-1949cf8c6b5b557f\serde-1.0.219\src\private\ser.rs:405:75
    |
405 |         fn serialize_field<T>(&mut self, key: &'static str, value: &T) -> Result<(), M::Error>
    |                                                                           ^^^^^^ not found in this scope
    |
help: consider importing one of these items
    |
338 +     use core::fmt::Result;
    |
338 +     use core::result::Result;
    |

error[E0531]: cannot find tuple struct or tuple variant `Ok` in this scope
   --> C:\Users\john\.cargo\registry\src\index.crates.io-1949cf8c6b5b557f\serde-1.0.219\src\lib.rs:298:13
    |
298 |             Ok(val) => val,
    |             ^^ not found in this scope
    |
   ::: C:\Users\john\.cargo\registry\src\index.crates.io-1949cf8c6b5b557f\serde-1.0.219\src\private\ser.rs:409:25
    |
409 |             let value = tri!(value.serialize(ContentSerializer::<M::Error>::new()));
    |                         ----------------------------------------------------------- in this macro invocation
    |
    = note: this error originates in the macro `tri` (in Nightly builds, run with -Z macro-backtrace for more info)
help: consider importing this tuple variant
   --> C:\Users\john\.cargo\registry\src\index.crates.io-1949cf8c6b5b557f\serde-1.0.219\src\private\ser.rs:338:5
    |
338 +     use core::result::Result::Ok;
    |

error[E0531]: cannot find tuple struct or tuple variant `Err` in this scope
   --> C:\Users\john\.cargo\registry\src\index.crates.io-1949cf8c6b5b557f\serde-1.0.219\src\lib.rs:299:13
    |
299 |             Err(err) => return Err(err),
    |             ^^^ not found in this scope
    |
   ::: C:\Users\john\.cargo\registry\src\index.crates.io-1949cf8c6b5b557f\serde-1.0.219\src\private\ser.rs:409:25
    |
409 |             let value = tri!(value.serialize(ContentSerializer::<M::Error>::new()));
    |                         ----------------------------------------------------------- in this macro invocation
    |
    = note: this error originates in the macro `tri` (in Nightly builds, run with -Z macro-backtrace for more info)
help: consider importing this tuple variant
   --> C:\Users\john\.cargo\registry\src\index.crates.io-1949cf8c6b5b557f\serde-1.0.219\src\private\ser.rs:338:5
    |
338 +     use core::result::Result::Err;
    |

error[E0425]: cannot find function, tuple struct or tuple variant `Err` in this scope
   --> C:\Users\john\.cargo\registry\src\index.crates.io-1949cf8c6b5b557f\serde-1.0.219\src\lib.rs:299:32
    |
299 |             Err(err) => return Err(err),
    |                                ^^^
    |
   ::: C:\Users\john\.cargo\registry\src\index.crates.io-1949cf8c6b5b557f\serde-1.0.219\src\private\ser.rs:409:25
    |
409 |             let value = tri!(value.serialize(ContentSerializer::<M::Error>::new()));
    |                         ----------------------------------------------------------- in this macro invocation
    |
    = note: this error originates in the macro `tri` (in Nightly builds, run with -Z macro-backtrace for more info)
help: a local variable with a similar name exists
    |
299 -             Err(err) => return Err(err),
299 +             Err(err) => return err(err),
    |
help: consider importing this tuple variant
   --> C:\Users\john\.cargo\registry\src\index.crates.io-1949cf8c6b5b557f\serde-1.0.219\src\private\ser.rs:338:5
    |
338 +     use core::result::Result::Err;
    |

error[E0425]: cannot find function, tuple struct or tuple variant `Ok` in this scope
   --> C:\Users\john\.cargo\registry\src\index.crates.io-1949cf8c6b5b557f\serde-1.0.219\src\private\ser.rs:411:13
    |
411 |             Ok(())
    |             ^^ not found in this scope
    |
help: consider importing this tuple variant
    |
338 +     use core::result::Result::Ok;
    |

error[E0412]: cannot find type `Result` in this scope
   --> C:\Users\john\.cargo\registry\src\index.crates.io-1949cf8c6b5b557f\serde-1.0.219\src\private\ser.rs:414:29
    |
414 |         fn end(mut self) -> Result<M::Ok, M::Error> {
    |                             ^^^^^^ not found in this scope
    |
help: consider importing one of these items
    |
338 +     use core::fmt::Result;
    |
338 +     use core::result::Result;
    |

error[E0531]: cannot find tuple struct or tuple variant `Ok` in this scope
   --> C:\Users\john\.cargo\registry\src\index.crates.io-1949cf8c6b5b557f\serde-1.0.219\src\lib.rs:298:13
    |
298 |               Ok(val) => val,
    |               ^^ not found in this scope
    |
   ::: C:\Users\john\.cargo\registry\src\index.crates.io-1949cf8c6b5b557f\serde-1.0.219\src\private\ser.rs:415:13
    |
415 | /             tri!(self
416 | |                 .map
417 | |                 .serialize_value(&Content::Struct(self.name, self.fields)));
    | |___________________________________________________________________________- in this macro invocation
    |
    = note: this error originates in the macro `tri` (in Nightly builds, run with -Z macro-backtrace for more info)
help: consider importing this tuple variant
   --> C:\Users\john\.cargo\registry\src\index.crates.io-1949cf8c6b5b557f\serde-1.0.219\src\private\ser.rs:338:5
    |
338 +     use core::result::Result::Ok;
    |

error[E0531]: cannot find tuple struct or tuple variant `Err` in this scope
   --> C:\Users\john\.cargo\registry\src\index.crates.io-1949cf8c6b5b557f\serde-1.0.219\src\lib.rs:299:13
    |
299 |               Err(err) => return Err(err),
    |               ^^^ not found in this scope
    |
   ::: C:\Users\john\.cargo\registry\src\index.crates.io-1949cf8c6b5b557f\serde-1.0.219\src\private\ser.rs:415:13
    |
415 | /             tri!(self
416 | |                 .map
417 | |                 .serialize_value(&Content::Struct(self.name, self.fields)));
    | |___________________________________________________________________________- in this macro invocation
    |
    = note: this error originates in the macro `tri` (in Nightly builds, run with -Z macro-backtrace for more info)
help: consider importing this tuple variant
   --> C:\Users\john\.cargo\registry\src\index.crates.io-1949cf8c6b5b557f\serde-1.0.219\src\private\ser.rs:338:5
    |
338 +     use core::result::Result::Err;
    |

error[E0425]: cannot find function, tuple struct or tuple variant `Err` in this scope
   --> C:\Users\john\.cargo\registry\src\index.crates.io-1949cf8c6b5b557f\serde-1.0.219\src\lib.rs:299:32
    |
299 |               Err(err) => return Err(err),
    |                                  ^^^
    |
   ::: C:\Users\john\.cargo\registry\src\index.crates.io-1949cf8c6b5b557f\serde-1.0.219\src\private\ser.rs:415:13
    |
415 | /             tri!(self
416 | |                 .map
417 | |                 .serialize_value(&Content::Struct(self.name, self.fields)));
    | |___________________________________________________________________________- in this macro invocation
    |
    = note: this error originates in the macro `tri` (in Nightly builds, run with -Z macro-backtrace for more info)
help: a local variable with a similar name exists
    |
299 -             Err(err) => return Err(err),
299 +             Err(err) => return err(err),
    |
help: consider importing this tuple variant
   --> C:\Users\john\.cargo\registry\src\index.crates.io-1949cf8c6b5b557f\serde-1.0.219\src\private\ser.rs:338:5
    |
338 +     use core::result::Result::Err;
    |

error[E0412]: cannot find type `Result` in this scope
   --> C:\Users\john\.cargo\registry\src\index.crates.io-1949cf8c6b5b557f\serde-1.0.219\src\private\ser.rs:466:50
    |
466 |         fn serialize<S>(&self, serializer: S) -> Result<S::Ok, S::Error>
    |                                                  ^^^^^^ not found in this scope
    |
help: consider importing one of these items
    |
338 +     use core::fmt::Result;
    |
338 +     use core::result::Result;
    |

error[E0531]: cannot find tuple struct or tuple variant `Ok` in this scope
   --> C:\Users\john\.cargo\registry\src\index.crates.io-1949cf8c6b5b557f\serde-1.0.219\src\lib.rs:298:13
    |
298 |             Ok(val) => val,
    |             ^^ not found in this scope
    |
   ::: C:\Users\john\.cargo\registry\src\index.crates.io-1949cf8c6b5b557f\serde-1.0.219\src\private\ser.rs:497:37
    |
497 |                     let mut tuple = tri!(serializer.serialize_tuple(elements.len()));
    |                                     ------------------------------------------------ in this macro invocation
    |
    = note: this error originates in the macro `tri` (in Nightly builds, run with -Z macro-backtrace for more info)
help: consider importing this tuple variant
   --> C:\Users\john\.cargo\registry\src\index.crates.io-1949cf8c6b5b557f\serde-1.0.219\src\private\ser.rs:338:5
    |
338 +     use core::result::Result::Ok;
    |

error[E0531]: cannot find tuple struct or tuple variant `Err` in this scope
   --> C:\Users\john\.cargo\registry\src\index.crates.io-1949cf8c6b5b557f\serde-1.0.219\src\lib.rs:299:13
    |
299 |             Err(err) => return Err(err),
    |             ^^^ not found in this scope
    |
   ::: C:\Users\john\.cargo\registry\src\index.crates.io-1949cf8c6b5b557f\serde-1.0.219\src\private\ser.rs:497:37
    |
497 |                     let mut tuple = tri!(serializer.serialize_tuple(elements.len()));
    |                                     ------------------------------------------------ in this macro invocation
    |
    = note: this error originates in the macro `tri` (in Nightly builds, run with -Z macro-backtrace for more info)
help: consider importing this tuple variant
   --> C:\Users\john\.cargo\registry\src\index.crates.io-1949cf8c6b5b557f\serde-1.0.219\src\private\ser.rs:338:5
    |
338 +     use core::result::Result::Err;
    |

error[E0425]: cannot find function, tuple struct or tuple variant `Err` in this scope
   --> C:\Users\john\.cargo\registry\src\index.crates.io-1949cf8c6b5b557f\serde-1.0.219\src\lib.rs:299:32
    |
299 |             Err(err) => return Err(err),
    |                                ^^^
    |
   ::: C:\Users\john\.cargo\registry\src\index.crates.io-1949cf8c6b5b557f\serde-1.0.219\src\private\ser.rs:497:37
    |
497 |                     let mut tuple = tri!(serializer.serialize_tuple(elements.len()));
    |                                     ------------------------------------------------ in this macro invocation
    |
    = note: this error originates in the macro `tri` (in Nightly builds, run with -Z macro-backtrace for more info)
help: a local variable with a similar name exists
    |
299 -             Err(err) => return Err(err),
299 +             Err(err) => return err(err),
    |
help: consider importing this tuple variant
   --> C:\Users\john\.cargo\registry\src\index.crates.io-1949cf8c6b5b557f\serde-1.0.219\src\private\ser.rs:338:5
    |
338 +     use core::result::Result::Err;
    |

error[E0531]: cannot find tuple struct or tuple variant `Ok` in this scope
   --> C:\Users\john\.cargo\registry\src\index.crates.io-1949cf8c6b5b557f\serde-1.0.219\src\lib.rs:298:13
    |
298 |             Ok(val) => val,
    |             ^^ not found in this scope
    |
   ::: C:\Users\john\.cargo\registry\src\index.crates.io-1949cf8c6b5b557f\serde-1.0.219\src\private\ser.rs:499:25
    |
499 |                         tri!(tuple.serialize_element(e));
    |                         -------------------------------- in this macro invocation
    |
    = note: this error originates in the macro `tri` (in Nightly builds, run with -Z macro-backtrace for more info)
help: consider importing this tuple variant
   --> C:\Users\john\.cargo\registry\src\index.crates.io-1949cf8c6b5b557f\serde-1.0.219\src\private\ser.rs:338:5
    |
338 +     use core::result::Result::Ok;
    |

error[E0531]: cannot find tuple struct or tuple variant `Err` in this scope
   --> C:\Users\john\.cargo\registry\src\index.crates.io-1949cf8c6b5b557f\serde-1.0.219\src\lib.rs:299:13
    |
299 |             Err(err) => return Err(err),
    |             ^^^ not found in this scope
    |
   ::: C:\Users\john\.cargo\registry\src\index.crates.io-1949cf8c6b5b557f\serde-1.0.219\src\private\ser.rs:499:25
    |
499 |                         tri!(tuple.serialize_element(e));
    |                         -------------------------------- in this macro invocation
    |
    = note: this error originates in the macro `tri` (in Nightly builds, run with -Z macro-backtrace for more info)
help: consider importing this tuple variant
   --> C:\Users\john\.cargo\registry\src\index.crates.io-1949cf8c6b5b557f\serde-1.0.219\src\private\ser.rs:338:5
    |
338 +     use core::result::Result::Err;
    |

error[E0425]: cannot find function, tuple struct or tuple variant `Err` in this scope
   --> C:\Users\john\.cargo\registry\src\index.crates.io-1949cf8c6b5b557f\serde-1.0.219\src\lib.rs:299:32
    |
299 |             Err(err) => return Err(err),
    |                                ^^^
    |
   ::: C:\Users\john\.cargo\registry\src\index.crates.io-1949cf8c6b5b557f\serde-1.0.219\src\private\ser.rs:499:25
    |
499 |                         tri!(tuple.serialize_element(e));
    |                         -------------------------------- in this macro invocation
    |
    = note: this error originates in the macro `tri` (in Nightly builds, run with -Z macro-backtrace for more info)
help: a local variable with a similar name exists
    |
299 -             Err(err) => return Err(err),
299 +             Err(err) => return err(err),
    |
help: consider importing this tuple variant
   --> C:\Users\john\.cargo\registry\src\index.crates.io-1949cf8c6b5b557f\serde-1.0.219\src\private\ser.rs:338:5
    |
338 +     use core::result::Result::Err;
    |

error[E0531]: cannot find tuple struct or tuple variant `Ok` in this scope
   --> C:\Users\john\.cargo\registry\src\index.crates.io-1949cf8c6b5b557f\serde-1.0.219\src\lib.rs:298:13
    |
298 |             Ok(val) => val,
    |             ^^ not found in this scope
    |
   ::: C:\Users\john\.cargo\registry\src\index.crates.io-1949cf8c6b5b557f\serde-1.0.219\src\private\ser.rs:505:34
    |
505 |                     let mut ts = tri!(serializer.serialize_tuple_struct(n, fields.len()));
    |                                  -------------------------------------------------------- in this macro invocation
    |
    = note: this error originates in the macro `tri` (in Nightly builds, run with -Z macro-backtrace for more info)
help: consider importing this tuple variant
   --> C:\Users\john\.cargo\registry\src\index.crates.io-1949cf8c6b5b557f\serde-1.0.219\src\private\ser.rs:338:5
    |
338 +     use core::result::Result::Ok;
    |

error[E0531]: cannot find tuple struct or tuple variant `Err` in this scope
   --> C:\Users\john\.cargo\registry\src\index.crates.io-1949cf8c6b5b557f\serde-1.0.219\src\lib.rs:299:13
    |
299 |             Err(err) => return Err(err),
    |             ^^^ not found in this scope
    |
   ::: C:\Users\john\.cargo\registry\src\index.crates.io-1949cf8c6b5b557f\serde-1.0.219\src\private\ser.rs:505:34
    |
505 |                     let mut ts = tri!(serializer.serialize_tuple_struct(n, fields.len()));
    |                                  -------------------------------------------------------- in this macro invocation
    |
    = note: this error originates in the macro `tri` (in Nightly builds, run with -Z macro-backtrace for more info)
help: consider importing this tuple variant
   --> C:\Users\john\.cargo\registry\src\index.crates.io-1949cf8c6b5b557f\serde-1.0.219\src\private\ser.rs:338:5
    |
338 +     use core::result::Result::Err;
    |

error[E0425]: cannot find function, tuple struct or tuple variant `Err` in this scope
   --> C:\Users\john\.cargo\registry\src\index.crates.io-1949cf8c6b5b557f\serde-1.0.219\src\lib.rs:299:32
    |
299 |             Err(err) => return Err(err),
    |                                ^^^
    |
   ::: C:\Users\john\.cargo\registry\src\index.crates.io-1949cf8c6b5b557f\serde-1.0.219\src\private\ser.rs:505:34
    |
505 |                     let mut ts = tri!(serializer.serialize_tuple_struct(n, fields.len()));
    |                                  -------------------------------------------------------- in this macro invocation
    |
    = note: this error originates in the macro `tri` (in Nightly builds, run with -Z macro-backtrace for more info)
help: a local variable with a similar name exists
    |
299 -             Err(err) => return Err(err),
299 +             Err(err) => return err(err),
    |
help: consider importing this tuple variant
   --> C:\Users\john\.cargo\registry\src\index.crates.io-1949cf8c6b5b557f\serde-1.0.219\src\private\ser.rs:338:5
    |
338 +     use core::result::Result::Err;
    |

error[E0531]: cannot find tuple struct or tuple variant `Ok` in this scope
   --> C:\Users\john\.cargo\registry\src\index.crates.io-1949cf8c6b5b557f\serde-1.0.219\src\lib.rs:298:13
    |
298 |             Ok(val) => val,
    |             ^^ not found in this scope
    |
   ::: C:\Users\john\.cargo\registry\src\index.crates.io-1949cf8c6b5b557f\serde-1.0.219\src\private\ser.rs:507:25
    |
507 |                         tri!(ts.serialize_field(f));
    |                         --------------------------- in this macro invocation
    |
    = note: this error originates in the macro `tri` (in Nightly builds, run with -Z macro-backtrace for more info)
help: consider importing this tuple variant
   --> C:\Users\john\.cargo\registry\src\index.crates.io-1949cf8c6b5b557f\serde-1.0.219\src\private\ser.rs:338:5
    |
338 +     use core::result::Result::Ok;
    |

error[E0531]: cannot find tuple struct or tuple variant `Err` in this scope
   --> C:\Users\john\.cargo\registry\src\index.crates.io-1949cf8c6b5b557f\serde-1.0.219\src\lib.rs:299:13
    |
299 |             Err(err) => return Err(err),
    |             ^^^ not found in this scope
    |
   ::: C:\Users\john\.cargo\registry\src\index.crates.io-1949cf8c6b5b557f\serde-1.0.219\src\private\ser.rs:507:25
    |
507 |                         tri!(ts.serialize_field(f));
    |                         --------------------------- in this macro invocation
    |
    = note: this error originates in the macro `tri` (in Nightly builds, run with -Z macro-backtrace for more info)
help: consider importing this tuple variant
   --> C:\Users\john\.cargo\registry\src\index.crates.io-1949cf8c6b5b557f\serde-1.0.219\src\private\ser.rs:338:5
    |
338 +     use core::result::Result::Err;
    |

error[E0425]: cannot find function, tuple struct or tuple variant `Err` in this scope
   --> C:\Users\john\.cargo\registry\src\index.crates.io-1949cf8c6b5b557f\serde-1.0.219\src\lib.rs:299:32
    |
299 |             Err(err) => return Err(err),
    |                                ^^^
    |
   ::: C:\Users\john\.cargo\registry\src\index.crates.io-1949cf8c6b5b557f\serde-1.0.219\src\private\ser.rs:507:25
    |
507 |                         tri!(ts.serialize_field(f));
    |                         --------------------------- in this macro invocation
    |
    = note: this error originates in the macro `tri` (in Nightly builds, run with -Z macro-backtrace for more info)
help: a local variable with a similar name exists
    |
299 -             Err(err) => return Err(err),
299 +             Err(err) => return err(err),
    |
help: consider importing this tuple variant
   --> C:\Users\john\.cargo\registry\src\index.crates.io-1949cf8c6b5b557f\serde-1.0.219\src\private\ser.rs:338:5
    |
338 +     use core::result::Result::Err;
    |

error[E0531]: cannot find tuple struct or tuple variant `Ok` in this scope
   --> C:\Users\john\.cargo\registry\src\index.crates.io-1949cf8c6b5b557f\serde-1.0.219\src\lib.rs:298:13
    |
298 |             Ok(val) => val,
    |             ^^ not found in this scope
    |
   ::: C:\Users\john\.cargo\registry\src\index.crates.io-1949cf8c6b5b557f\serde-1.0.219\src\private\ser.rs:513:34
    |
513 |                     let mut tv = tri!(serializer.serialize_tuple_variant(n, i, v, fields.len()));
    |                                  --------------------------------------------------------------- in this macro invocation
    |
    = note: this error originates in the macro `tri` (in Nightly builds, run with -Z macro-backtrace for more info)
help: consider importing this tuple variant
   --> C:\Users\john\.cargo\registry\src\index.crates.io-1949cf8c6b5b557f\serde-1.0.219\src\private\ser.rs:338:5
    |
338 +     use core::result::Result::Ok;
    |

error[E0531]: cannot find tuple struct or tuple variant `Err` in this scope
   --> C:\Users\john\.cargo\registry\src\index.crates.io-1949cf8c6b5b557f\serde-1.0.219\src\lib.rs:299:13
    |
299 |             Err(err) => return Err(err),
    |             ^^^ not found in this scope
    |
   ::: C:\Users\john\.cargo\registry\src\index.crates.io-1949cf8c6b5b557f\serde-1.0.219\src\private\ser.rs:513:34
    |
513 |                     let mut tv = tri!(serializer.serialize_tuple_variant(n, i, v, fields.len()));
    |                                  --------------------------------------------------------------- in this macro invocation
    |
    = note: this error originates in the macro `tri` (in Nightly builds, run with -Z macro-backtrace for more info)
help: consider importing this tuple variant
   --> C:\Users\john\.cargo\registry\src\index.crates.io-1949cf8c6b5b557f\serde-1.0.219\src\private\ser.rs:338:5
    |
338 +     use core::result::Result::Err;
    |

error[E0425]: cannot find function, tuple struct or tuple variant `Err` in this scope
   --> C:\Users\john\.cargo\registry\src\index.crates.io-1949cf8c6b5b557f\serde-1.0.219\src\lib.rs:299:32
    |
299 |             Err(err) => return Err(err),
    |                                ^^^
    |
   ::: C:\Users\john\.cargo\registry\src\index.crates.io-1949cf8c6b5b557f\serde-1.0.219\src\private\ser.rs:513:34
    |
513 |                     let mut tv = tri!(serializer.serialize_tuple_variant(n, i, v, fields.len()));
    |                                  --------------------------------------------------------------- in this macro invocation
    |
    = note: this error originates in the macro `tri` (in Nightly builds, run with -Z macro-backtrace for more info)
help: a local variable with a similar name exists
    |
299 -             Err(err) => return Err(err),
299 +             Err(err) => return err(err),
    |
help: consider importing this tuple variant
   --> C:\Users\john\.cargo\registry\src\index.crates.io-1949cf8c6b5b557f\serde-1.0.219\src\private\ser.rs:338:5
    |
338 +     use core::result::Result::Err;
    |

error[E0531]: cannot find tuple struct or tuple variant `Ok` in this scope
   --> C:\Users\john\.cargo\registry\src\index.crates.io-1949cf8c6b5b557f\serde-1.0.219\src\lib.rs:298:13
    |
298 |             Ok(val) => val,
    |             ^^ not found in this scope
    |
   ::: C:\Users\john\.cargo\registry\src\index.crates.io-1949cf8c6b5b557f\serde-1.0.219\src\private\ser.rs:515:25
    |
515 |                         tri!(tv.serialize_field(f));
    |                         --------------------------- in this macro invocation
    |
    = note: this error originates in the macro `tri` (in Nightly builds, run with -Z macro-backtrace for more info)
help: consider importing this tuple variant
   --> C:\Users\john\.cargo\registry\src\index.crates.io-1949cf8c6b5b557f\serde-1.0.219\src\private\ser.rs:338:5
    |
338 +     use core::result::Result::Ok;
    |

error[E0531]: cannot find tuple struct or tuple variant `Err` in this scope
   --> C:\Users\john\.cargo\registry\src\index.crates.io-1949cf8c6b5b557f\serde-1.0.219\src\lib.rs:299:13
    |
299 |             Err(err) => return Err(err),
    |             ^^^ not found in this scope
    |
   ::: C:\Users\john\.cargo\registry\src\index.crates.io-1949cf8c6b5b557f\serde-1.0.219\src\private\ser.rs:515:25
    |
515 |                         tri!(tv.serialize_field(f));
    |                         --------------------------- in this macro invocation
    |
    = note: this error originates in the macro `tri` (in Nightly builds, run with -Z macro-backtrace for more info)
help: consider importing this tuple variant
   --> C:\Users\john\.cargo\registry\src\index.crates.io-1949cf8c6b5b557f\serde-1.0.219\src\private\ser.rs:338:5
    |
338 +     use core::result::Result::Err;
    |

error[E0425]: cannot find function, tuple struct or tuple variant `Err` in this scope
   --> C:\Users\john\.cargo\registry\src\index.crates.io-1949cf8c6b5b557f\serde-1.0.219\src\lib.rs:299:32
    |
299 |             Err(err) => return Err(err),
    |                                ^^^
    |
   ::: C:\Users\john\.cargo\registry\src\index.crates.io-1949cf8c6b5b557f\serde-1.0.219\src\private\ser.rs:515:25
    |
515 |                         tri!(tv.serialize_field(f));
    |                         --------------------------- in this macro invocation
    |
    = note: this error originates in the macro `tri` (in Nightly builds, run with -Z macro-backtrace for more info)
help: a local variable with a similar name exists
    |
299 -             Err(err) => return Err(err),
299 +             Err(err) => return err(err),
    |
help: consider importing this tuple variant
   --> C:\Users\john\.cargo\registry\src\index.crates.io-1949cf8c6b5b557f\serde-1.0.219\src\private\ser.rs:338:5
    |
338 +     use core::result::Result::Err;
    |

error[E0425]: cannot find function, tuple struct or tuple variant `Some` in this scope
   --> C:\Users\john\.cargo\registry\src\index.crates.io-1949cf8c6b5b557f\serde-1.0.219\src\private\ser.rs:521:65
    |
521 |                     let mut map = tri!(serializer.serialize_map(Some(entries.len())));
    |                                                                 ^^^^ not found in this scope
    |
help: consider importing one of these tuple variants
    |
338 +     use crate::__private::de::Content::Some;
    |
338 +     use crate::__private::ser::Content::Some;
    |
338 +     use core::option::Option::Some;
    |

error[E0531]: cannot find tuple struct or tuple variant `Ok` in this scope
   --> C:\Users\john\.cargo\registry\src\index.crates.io-1949cf8c6b5b557f\serde-1.0.219\src\lib.rs:298:13
    |
298 |             Ok(val) => val,
    |             ^^ not found in this scope
    |
   ::: C:\Users\john\.cargo\registry\src\index.crates.io-1949cf8c6b5b557f\serde-1.0.219\src\private\ser.rs:521:35
    |
521 |                     let mut map = tri!(serializer.serialize_map(Some(entries.len())));
    |                                   --------------------------------------------------- in this macro invocation
    |
    = note: this error originates in the macro `tri` (in Nightly builds, run with -Z macro-backtrace for more info)
help: consider importing this tuple variant
   --> C:\Users\john\.cargo\registry\src\index.crates.io-1949cf8c6b5b557f\serde-1.0.219\src\private\ser.rs:338:5
    |
338 +     use core::result::Result::Ok;
    |

error[E0531]: cannot find tuple struct or tuple variant `Err` in this scope
   --> C:\Users\john\.cargo\registry\src\index.crates.io-1949cf8c6b5b557f\serde-1.0.219\src\lib.rs:299:13
    |
299 |             Err(err) => return Err(err),
    |             ^^^ not found in this scope
    |
   ::: C:\Users\john\.cargo\registry\src\index.crates.io-1949cf8c6b5b557f\serde-1.0.219\src\private\ser.rs:521:35
    |
521 |                     let mut map = tri!(serializer.serialize_map(Some(entries.len())));
    |                                   --------------------------------------------------- in this macro invocation
    |
    = note: this error originates in the macro `tri` (in Nightly builds, run with -Z macro-backtrace for more info)
help: consider importing this tuple variant
   --> C:\Users\john\.cargo\registry\src\index.crates.io-1949cf8c6b5b557f\serde-1.0.219\src\private\ser.rs:338:5
    |
338 +     use core::result::Result::Err;
    |

error[E0425]: cannot find function, tuple struct or tuple variant `Err` in this scope
   --> C:\Users\john\.cargo\registry\src\index.crates.io-1949cf8c6b5b557f\serde-1.0.219\src\lib.rs:299:32
    |
299 |             Err(err) => return Err(err),
    |                                ^^^
    |
   ::: C:\Users\john\.cargo\registry\src\index.crates.io-1949cf8c6b5b557f\serde-1.0.219\src\private\ser.rs:521:35
    |
521 |                     let mut map = tri!(serializer.serialize_map(Some(entries.len())));
    |                                   --------------------------------------------------- in this macro invocation
    |
    = note: this error originates in the macro `tri` (in Nightly builds, run with -Z macro-backtrace for more info)
help: a local variable with a similar name exists
    |
299 -             Err(err) => return Err(err),
299 +             Err(err) => return err(err),
    |
help: consider importing this tuple variant
   --> C:\Users\john\.cargo\registry\src\index.crates.io-1949cf8c6b5b557f\serde-1.0.219\src\private\ser.rs:338:5
    |
338 +     use core::result::Result::Err;
    |

error[E0531]: cannot find tuple struct or tuple variant `Ok` in this scope
   --> C:\Users\john\.cargo\registry\src\index.crates.io-1949cf8c6b5b557f\serde-1.0.219\src\lib.rs:298:13
    |
298 |             Ok(val) => val,
    |             ^^ not found in this scope
    |
   ::: C:\Users\john\.cargo\registry\src\index.crates.io-1949cf8c6b5b557f\serde-1.0.219\src\private\ser.rs:523:25
    |
523 |                         tri!(map.serialize_entry(k, v));
    |                         ------------------------------- in this macro invocation
    |
    = note: this error originates in the macro `tri` (in Nightly builds, run with -Z macro-backtrace for more info)
help: consider importing this tuple variant
   --> C:\Users\john\.cargo\registry\src\index.crates.io-1949cf8c6b5b557f\serde-1.0.219\src\private\ser.rs:338:5
    |
338 +     use core::result::Result::Ok;
    |

error[E0531]: cannot find tuple struct or tuple variant `Err` in this scope
   --> C:\Users\john\.cargo\registry\src\index.crates.io-1949cf8c6b5b557f\serde-1.0.219\src\lib.rs:299:13
    |
299 |             Err(err) => return Err(err),
    |             ^^^ not found in this scope
    |
   ::: C:\Users\john\.cargo\registry\src\index.crates.io-1949cf8c6b5b557f\serde-1.0.219\src\private\ser.rs:523:25
    |
523 |                         tri!(map.serialize_entry(k, v));
    |                         ------------------------------- in this macro invocation
    |
    = note: this error originates in the macro `tri` (in Nightly builds, run with -Z macro-backtrace for more info)
help: consider importing this tuple variant
   --> C:\Users\john\.cargo\registry\src\index.crates.io-1949cf8c6b5b557f\serde-1.0.219\src\private\ser.rs:338:5
    |
338 +     use core::result::Result::Err;
    |

error[E0425]: cannot find function, tuple struct or tuple variant `Err` in this scope
   --> C:\Users\john\.cargo\registry\src\index.crates.io-1949cf8c6b5b557f\serde-1.0.219\src\lib.rs:299:32
    |
299 |             Err(err) => return Err(err),
    |                                ^^^
    |
   ::: C:\Users\john\.cargo\registry\src\index.crates.io-1949cf8c6b5b557f\serde-1.0.219\src\private\ser.rs:523:25
    |
523 |                         tri!(map.serialize_entry(k, v));
    |                         ------------------------------- in this macro invocation
    |
    = note: this error originates in the macro `tri` (in Nightly builds, run with -Z macro-backtrace for more info)
help: a local variable with a similar name exists
    |
299 -             Err(err) => return Err(err),
299 +             Err(err) => return err(err),
    |
help: consider importing this tuple variant
   --> C:\Users\john\.cargo\registry\src\index.crates.io-1949cf8c6b5b557f\serde-1.0.219\src\private\ser.rs:338:5
    |
338 +     use core::result::Result::Err;
    |

error[E0531]: cannot find tuple struct or tuple variant `Ok` in this scope
   --> C:\Users\john\.cargo\registry\src\index.crates.io-1949cf8c6b5b557f\serde-1.0.219\src\lib.rs:298:13
    |
298 |             Ok(val) => val,
    |             ^^ not found in this scope
    |
   ::: C:\Users\john\.cargo\registry\src\index.crates.io-1949cf8c6b5b557f\serde-1.0.219\src\private\ser.rs:529:33
    |
529 |                     let mut s = tri!(serializer.serialize_struct(n, fields.len()));
    |                                 -------------------------------------------------- in this macro invocation
    |
    = note: this error originates in the macro `tri` (in Nightly builds, run with -Z macro-backtrace for more info)
help: consider importing this tuple variant
   --> C:\Users\john\.cargo\registry\src\index.crates.io-1949cf8c6b5b557f\serde-1.0.219\src\private\ser.rs:338:5
    |
338 +     use core::result::Result::Ok;
    |

error[E0531]: cannot find tuple struct or tuple variant `Err` in this scope
   --> C:\Users\john\.cargo\registry\src\index.crates.io-1949cf8c6b5b557f\serde-1.0.219\src\lib.rs:299:13
    |
299 |             Err(err) => return Err(err),
    |             ^^^ not found in this scope
    |
   ::: C:\Users\john\.cargo\registry\src\index.crates.io-1949cf8c6b5b557f\serde-1.0.219\src\private\ser.rs:529:33
    |
529 |                     let mut s = tri!(serializer.serialize_struct(n, fields.len()));
    |                                 -------------------------------------------------- in this macro invocation
    |
    = note: this error originates in the macro `tri` (in Nightly builds, run with -Z macro-backtrace for more info)
help: consider importing this tuple variant
   --> C:\Users\john\.cargo\registry\src\index.crates.io-1949cf8c6b5b557f\serde-1.0.219\src\private\ser.rs:338:5
    |
338 +     use core::result::Result::Err;
    |

error[E0425]: cannot find function, tuple struct or tuple variant `Err` in this scope
   --> C:\Users\john\.cargo\registry\src\index.crates.io-1949cf8c6b5b557f\serde-1.0.219\src\lib.rs:299:32
    |
299 |             Err(err) => return Err(err),
    |                                ^^^
    |
   ::: C:\Users\john\.cargo\registry\src\index.crates.io-1949cf8c6b5b557f\serde-1.0.219\src\private\ser.rs:529:33
    |
529 |                     let mut s = tri!(serializer.serialize_struct(n, fields.len()));
    |                                 -------------------------------------------------- in this macro invocation
    |
    = note: this error originates in the macro `tri` (in Nightly builds, run with -Z macro-backtrace for more info)
help: a local variable with a similar name exists
    |
299 -             Err(err) => return Err(err),
299 +             Err(err) => return err(err),
    |
help: consider importing this tuple variant
   --> C:\Users\john\.cargo\registry\src\index.crates.io-1949cf8c6b5b557f\serde-1.0.219\src\private\ser.rs:338:5
    |
338 +     use core::result::Result::Err;
    |

error[E0531]: cannot find tuple struct or tuple variant `Ok` in this scope
   --> C:\Users\john\.cargo\registry\src\index.crates.io-1949cf8c6b5b557f\serde-1.0.219\src\lib.rs:298:13
    |
298 |             Ok(val) => val,
    |             ^^ not found in this scope
    |
   ::: C:\Users\john\.cargo\registry\src\index.crates.io-1949cf8c6b5b557f\serde-1.0.219\src\private\ser.rs:531:25
    |
531 |                         tri!(s.serialize_field(k, v));
    |                         ----------------------------- in this macro invocation
    |
    = note: this error originates in the macro `tri` (in Nightly builds, run with -Z macro-backtrace for more info)
help: consider importing this tuple variant
   --> C:\Users\john\.cargo\registry\src\index.crates.io-1949cf8c6b5b557f\serde-1.0.219\src\private\ser.rs:338:5
    |
338 +     use core::result::Result::Ok;
    |

error[E0531]: cannot find tuple struct or tuple variant `Err` in this scope
   --> C:\Users\john\.cargo\registry\src\index.crates.io-1949cf8c6b5b557f\serde-1.0.219\src\lib.rs:299:13
    |
299 |             Err(err) => return Err(err),
    |             ^^^ not found in this scope
    |
   ::: C:\Users\john\.cargo\registry\src\index.crates.io-1949cf8c6b5b557f\serde-1.0.219\src\private\ser.rs:531:25
    |
531 |                         tri!(s.serialize_field(k, v));
    |                         ----------------------------- in this macro invocation
    |
    = note: this error originates in the macro `tri` (in Nightly builds, run with -Z macro-backtrace for more info)
help: consider importing this tuple variant
   --> C:\Users\john\.cargo\registry\src\index.crates.io-1949cf8c6b5b557f\serde-1.0.219\src\private\ser.rs:338:5
    |
338 +     use core::result::Result::Err;
    |

error[E0425]: cannot find function, tuple struct or tuple variant `Err` in this scope
   --> C:\Users\john\.cargo\registry\src\index.crates.io-1949cf8c6b5b557f\serde-1.0.219\src\lib.rs:299:32
    |
299 |             Err(err) => return Err(err),
    |                                ^^^
    |
   ::: C:\Users\john\.cargo\registry\src\index.crates.io-1949cf8c6b5b557f\serde-1.0.219\src\private\ser.rs:531:25
    |
531 |                         tri!(s.serialize_field(k, v));
    |                         ----------------------------- in this macro invocation
    |
    = note: this error originates in the macro `tri` (in Nightly builds, run with -Z macro-backtrace for more info)
help: a local variable with a similar name exists
    |
299 -             Err(err) => return Err(err),
299 +             Err(err) => return err(err),
    |
help: consider importing this tuple variant
   --> C:\Users\john\.cargo\registry\src\index.crates.io-1949cf8c6b5b557f\serde-1.0.219\src\private\ser.rs:338:5
    |
338 +     use core::result::Result::Err;
    |

error[E0531]: cannot find tuple struct or tuple variant `Ok` in this scope
   --> C:\Users\john\.cargo\registry\src\index.crates.io-1949cf8c6b5b557f\serde-1.0.219\src\lib.rs:298:13
    |
298 |             Ok(val) => val,
    |             ^^ not found in this scope
    |
   ::: C:\Users\john\.cargo\registry\src\index.crates.io-1949cf8c6b5b557f\serde-1.0.219\src\private\ser.rs:537:34
    |
537 |                     let mut sv = tri!(serializer.serialize_struct_variant(n, i, v, fields.len()));
    |                                  ---------------------------------------------------------------- in this macro invocation
    |
    = note: this error originates in the macro `tri` (in Nightly builds, run with -Z macro-backtrace for more info)
help: consider importing this tuple variant
   --> C:\Users\john\.cargo\registry\src\index.crates.io-1949cf8c6b5b557f\serde-1.0.219\src\private\ser.rs:338:5
    |
338 +     use core::result::Result::Ok;
    |

error[E0531]: cannot find tuple struct or tuple variant `Err` in this scope
   --> C:\Users\john\.cargo\registry\src\index.crates.io-1949cf8c6b5b557f\serde-1.0.219\src\lib.rs:299:13
    |
299 |             Err(err) => return Err(err),
    |             ^^^ not found in this scope
    |
   ::: C:\Users\john\.cargo\registry\src\index.crates.io-1949cf8c6b5b557f\serde-1.0.219\src\private\ser.rs:537:34
    |
537 |                     let mut sv = tri!(serializer.serialize_struct_variant(n, i, v, fields.len()));
    |                                  ---------------------------------------------------------------- in this macro invocation
    |
    = note: this error originates in the macro `tri` (in Nightly builds, run with -Z macro-backtrace for more info)
help: consider importing this tuple variant
   --> C:\Users\john\.cargo\registry\src\index.crates.io-1949cf8c6b5b557f\serde-1.0.219\src\private\ser.rs:338:5
    |
338 +     use core::result::Result::Err;
    |

error[E0425]: cannot find function, tuple struct or tuple variant `Err` in this scope
   --> C:\Users\john\.cargo\registry\src\index.crates.io-1949cf8c6b5b557f\serde-1.0.219\src\lib.rs:299:32
    |
299 |             Err(err) => return Err(err),
    |                                ^^^
    |
   ::: C:\Users\john\.cargo\registry\src\index.crates.io-1949cf8c6b5b557f\serde-1.0.219\src\private\ser.rs:537:34
    |
537 |                     let mut sv = tri!(serializer.serialize_struct_variant(n, i, v, fields.len()));
    |                                  ---------------------------------------------------------------- in this macro invocation
    |
    = note: this error originates in the macro `tri` (in Nightly builds, run with -Z macro-backtrace for more info)
help: a local variable with a similar name exists
    |
299 -             Err(err) => return Err(err),
299 +             Err(err) => return err(err),
    |
help: consider importing this tuple variant
   --> C:\Users\john\.cargo\registry\src\index.crates.io-1949cf8c6b5b557f\serde-1.0.219\src\private\ser.rs:338:5
    |
338 +     use core::result::Result::Err;
    |

error[E0531]: cannot find tuple struct or tuple variant `Ok` in this scope
   --> C:\Users\john\.cargo\registry\src\index.crates.io-1949cf8c6b5b557f\serde-1.0.219\src\lib.rs:298:13
    |
298 |             Ok(val) => val,
    |             ^^ not found in this scope
    |
   ::: C:\Users\john\.cargo\registry\src\index.crates.io-1949cf8c6b5b557f\serde-1.0.219\src\private\ser.rs:539:25
    |
539 |                         tri!(sv.serialize_field(k, v));
    |                         ------------------------------ in this macro invocation
    |
    = note: this error originates in the macro `tri` (in Nightly builds, run with -Z macro-backtrace for more info)
help: consider importing this tuple variant
   --> C:\Users\john\.cargo\registry\src\index.crates.io-1949cf8c6b5b557f\serde-1.0.219\src\private\ser.rs:338:5
    |
338 +     use core::result::Result::Ok;
    |

error[E0531]: cannot find tuple struct or tuple variant `Err` in this scope
   --> C:\Users\john\.cargo\registry\src\index.crates.io-1949cf8c6b5b557f\serde-1.0.219\src\lib.rs:299:13
    |
299 |             Err(err) => return Err(err),
    |             ^^^ not found in this scope
    |
   ::: C:\Users\john\.cargo\registry\src\index.crates.io-1949cf8c6b5b557f\serde-1.0.219\src\private\ser.rs:539:25
    |
539 |                         tri!(sv.serialize_field(k, v));
    |                         ------------------------------ in this macro invocation
    |
    = note: this error originates in the macro `tri` (in Nightly builds, run with -Z macro-backtrace for more info)
help: consider importing this tuple variant
   --> C:\Users\john\.cargo\registry\src\index.crates.io-1949cf8c6b5b557f\serde-1.0.219\src\private\ser.rs:338:5
    |
338 +     use core::result::Result::Err;
    |

error[E0425]: cannot find function, tuple struct or tuple variant `Err` in this scope
   --> C:\Users\john\.cargo\registry\src\index.crates.io-1949cf8c6b5b557f\serde-1.0.219\src\lib.rs:299:32
    |
299 |             Err(err) => return Err(err),
    |                                ^^^
    |
   ::: C:\Users\john\.cargo\registry\src\index.crates.io-1949cf8c6b5b557f\serde-1.0.219\src\private\ser.rs:539:25
    |
539 |                         tri!(sv.serialize_field(k, v));
    |                         ------------------------------ in this macro invocation
    |
    = note: this error originates in the macro `tri` (in Nightly builds, run with -Z macro-backtrace for more info)
help: a local variable with a similar name exists
    |
299 -             Err(err) => return Err(err),
299 +             Err(err) => return err(err),
    |
help: consider importing this tuple variant
   --> C:\Users\john\.cargo\registry\src\index.crates.io-1949cf8c6b5b557f\serde-1.0.219\src\private\ser.rs:338:5
    |
338 +     use core::result::Result::Err;
    |

error[E0412]: cannot find type `Result` in this scope
   --> C:\Users\john\.cargo\registry\src\index.crates.io-1949cf8c6b5b557f\serde-1.0.219\src\private\ser.rs:572:45
    |
572 |         fn serialize_bool(self, v: bool) -> Result<Content, E> {
    |                                             ^^^^^^ not found in this scope
    |
help: consider importing one of these items
    |
338 +     use core::fmt::Result;
    |
338 +     use core::result::Result;
    |

error[E0425]: cannot find function, tuple struct or tuple variant `Ok` in this scope
   --> C:\Users\john\.cargo\registry\src\index.crates.io-1949cf8c6b5b557f\serde-1.0.219\src\private\ser.rs:573:13
    |
573 |             Ok(Content::Bool(v))
    |             ^^ not found in this scope
    |
help: consider importing this tuple variant
    |
338 +     use core::result::Result::Ok;
    |

error[E0412]: cannot find type `Result` in this scope
   --> C:\Users\john\.cargo\registry\src\index.crates.io-1949cf8c6b5b557f\serde-1.0.219\src\private\ser.rs:576:41
    |
576 |         fn serialize_i8(self, v: i8) -> Result<Content, E> {
    |                                         ^^^^^^ not found in this scope
    |
help: consider importing one of these items
    |
338 +     use core::fmt::Result;
    |
338 +     use core::result::Result;
    |

error[E0425]: cannot find function, tuple struct or tuple variant `Ok` in this scope
   --> C:\Users\john\.cargo\registry\src\index.crates.io-1949cf8c6b5b557f\serde-1.0.219\src\private\ser.rs:577:13
    |
577 |             Ok(Content::I8(v))
    |             ^^ not found in this scope
    |
help: consider importing this tuple variant
    |
338 +     use core::result::Result::Ok;
    |

error[E0412]: cannot find type `Result` in this scope
   --> C:\Users\john\.cargo\registry\src\index.crates.io-1949cf8c6b5b557f\serde-1.0.219\src\private\ser.rs:580:43
    |
580 |         fn serialize_i16(self, v: i16) -> Result<Content, E> {
    |                                           ^^^^^^ not found in this scope
    |
help: consider importing one of these items
    |
338 +     use core::fmt::Result;
    |
338 +     use core::result::Result;
    |

error[E0425]: cannot find function, tuple struct or tuple variant `Ok` in this scope
   --> C:\Users\john\.cargo\registry\src\index.crates.io-1949cf8c6b5b557f\serde-1.0.219\src\private\ser.rs:581:13
    |
581 |             Ok(Content::I16(v))
    |             ^^ not found in this scope
    |
help: consider importing this tuple variant
    |
338 +     use core::result::Result::Ok;
    |

error[E0412]: cannot find type `Result` in this scope
   --> C:\Users\john\.cargo\registry\src\index.crates.io-1949cf8c6b5b557f\serde-1.0.219\src\private\ser.rs:584:43
    |
584 |         fn serialize_i32(self, v: i32) -> Result<Content, E> {
    |                                           ^^^^^^ not found in this scope
    |
help: consider importing one of these items
    |
338 +     use core::fmt::Result;
    |
338 +     use core::result::Result;
    |

error[E0425]: cannot find function, tuple struct or tuple variant `Ok` in this scope
   --> C:\Users\john\.cargo\registry\src\index.crates.io-1949cf8c6b5b557f\serde-1.0.219\src\private\ser.rs:585:13
    |
585 |             Ok(Content::I32(v))
    |             ^^ not found in this scope
    |
help: consider importing this tuple variant
    |
338 +     use core::result::Result::Ok;
    |

error[E0412]: cannot find type `Result` in this scope
   --> C:\Users\john\.cargo\registry\src\index.crates.io-1949cf8c6b5b557f\serde-1.0.219\src\private\ser.rs:588:43
    |
588 |         fn serialize_i64(self, v: i64) -> Result<Content, E> {
    |                                           ^^^^^^ not found in this scope
    |
help: consider importing one of these items
    |
338 +     use core::fmt::Result;
    |
338 +     use core::result::Result;
    |

error[E0425]: cannot find function, tuple struct or tuple variant `Ok` in this scope
   --> C:\Users\john\.cargo\registry\src\index.crates.io-1949cf8c6b5b557f\serde-1.0.219\src\private\ser.rs:589:13
    |
589 |             Ok(Content::I64(v))
    |             ^^ not found in this scope
    |
help: consider importing this tuple variant
    |
338 +     use core::result::Result::Ok;
    |

error[E0412]: cannot find type `Result` in this scope
   --> C:\Users\john\.cargo\registry\src\index.crates.io-1949cf8c6b5b557f\serde-1.0.219\src\private\ser.rs:592:41
    |
592 |         fn serialize_u8(self, v: u8) -> Result<Content, E> {
    |                                         ^^^^^^ not found in this scope
    |
help: consider importing one of these items
    |
338 +     use core::fmt::Result;
    |
338 +     use core::result::Result;
    |

error[E0425]: cannot find function, tuple struct or tuple variant `Ok` in this scope
   --> C:\Users\john\.cargo\registry\src\index.crates.io-1949cf8c6b5b557f\serde-1.0.219\src\private\ser.rs:593:13
    |
593 |             Ok(Content::U8(v))
    |             ^^ not found in this scope
    |
help: consider importing this tuple variant
    |
338 +     use core::result::Result::Ok;
    |

error[E0412]: cannot find type `Result` in this scope
   --> C:\Users\john\.cargo\registry\src\index.crates.io-1949cf8c6b5b557f\serde-1.0.219\src\private\ser.rs:596:43
    |
596 |         fn serialize_u16(self, v: u16) -> Result<Content, E> {
    |                                           ^^^^^^ not found in this scope
    |
help: consider importing one of these items
    |
338 +     use core::fmt::Result;
    |
338 +     use core::result::Result;
    |

error[E0425]: cannot find function, tuple struct or tuple variant `Ok` in this scope
   --> C:\Users\john\.cargo\registry\src\index.crates.io-1949cf8c6b5b557f\serde-1.0.219\src\private\ser.rs:597:13
    |
597 |             Ok(Content::U16(v))
    |             ^^ not found in this scope
    |
help: consider importing this tuple variant
    |
338 +     use core::result::Result::Ok;
    |

error[E0412]: cannot find type `Result` in this scope
   --> C:\Users\john\.cargo\registry\src\index.crates.io-1949cf8c6b5b557f\serde-1.0.219\src\private\ser.rs:600:43
    |
600 |         fn serialize_u32(self, v: u32) -> Result<Content, E> {
    |                                           ^^^^^^ not found in this scope
    |
help: consider importing one of these items
    |
338 +     use core::fmt::Result;
    |
338 +     use core::result::Result;
    |

error[E0425]: cannot find function, tuple struct or tuple variant `Ok` in this scope
   --> C:\Users\john\.cargo\registry\src\index.crates.io-1949cf8c6b5b557f\serde-1.0.219\src\private\ser.rs:601:13
    |
601 |             Ok(Content::U32(v))
    |             ^^ not found in this scope
    |
help: consider importing this tuple variant
    |
338 +     use core::result::Result::Ok;
    |

error[E0412]: cannot find type `Result` in this scope
   --> C:\Users\john\.cargo\registry\src\index.crates.io-1949cf8c6b5b557f\serde-1.0.219\src\private\ser.rs:604:43
    |
604 |         fn serialize_u64(self, v: u64) -> Result<Content, E> {
    |                                           ^^^^^^ not found in this scope
    |
help: consider importing one of these items
    |
338 +     use core::fmt::Result;
    |
338 +     use core::result::Result;
    |

error[E0425]: cannot find function, tuple struct or tuple variant `Ok` in this scope
   --> C:\Users\john\.cargo\registry\src\index.crates.io-1949cf8c6b5b557f\serde-1.0.219\src\private\ser.rs:605:13
    |
605 |             Ok(Content::U64(v))
    |             ^^ not found in this scope
    |
help: consider importing this tuple variant
    |
338 +     use core::result::Result::Ok;
    |

error[E0412]: cannot find type `Result` in this scope
   --> C:\Users\john\.cargo\registry\src\index.crates.io-1949cf8c6b5b557f\serde-1.0.219\src\private\ser.rs:608:43
    |
608 |         fn serialize_f32(self, v: f32) -> Result<Content, E> {
    |                                           ^^^^^^ not found in this scope
    |
help: consider importing one of these items
    |
338 +     use core::fmt::Result;
    |
338 +     use core::result::Result;
    |

error[E0425]: cannot find function, tuple struct or tuple variant `Ok` in this scope
   --> C:\Users\john\.cargo\registry\src\index.crates.io-1949cf8c6b5b557f\serde-1.0.219\src\private\ser.rs:609:13
    |
609 |             Ok(Content::F32(v))
    |             ^^ not found in this scope
    |
help: consider importing this tuple variant
    |
338 +     use core::result::Result::Ok;
    |

error[E0412]: cannot find type `Result` in this scope
   --> C:\Users\john\.cargo\registry\src\index.crates.io-1949cf8c6b5b557f\serde-1.0.219\src\private\ser.rs:612:43
    |
612 |         fn serialize_f64(self, v: f64) -> Result<Content, E> {
    |                                           ^^^^^^ not found in this scope
    |
help: consider importing one of these items
    |
338 +     use core::fmt::Result;
    |
338 +     use core::result::Result;
    |

error[E0425]: cannot find function, tuple struct or tuple variant `Ok` in this scope
   --> C:\Users\john\.cargo\registry\src\index.crates.io-1949cf8c6b5b557f\serde-1.0.219\src\private\ser.rs:613:13
    |
613 |             Ok(Content::F64(v))
    |             ^^ not found in this scope
    |
help: consider importing this tuple variant
    |
338 +     use core::result::Result::Ok;
    |

error[E0412]: cannot find type `Result` in this scope
   --> C:\Users\john\.cargo\registry\src\index.crates.io-1949cf8c6b5b557f\serde-1.0.219\src\private\ser.rs:616:45
    |
616 |         fn serialize_char(self, v: char) -> Result<Content, E> {
    |                                             ^^^^^^ not found in this scope
    |
help: consider importing one of these items
    |
338 +     use core::fmt::Result;
    |
338 +     use core::result::Result;
    |

error[E0425]: cannot find function, tuple struct or tuple variant `Ok` in this scope
   --> C:\Users\john\.cargo\registry\src\index.crates.io-1949cf8c6b5b557f\serde-1.0.219\src\private\ser.rs:617:13
    |
617 |             Ok(Content::Char(v))
    |             ^^ not found in this scope
    |
help: consider importing this tuple variant
    |
338 +     use core::result::Result::Ok;
    |

error[E0412]: cannot find type `Result` in this scope
   --> C:\Users\john\.cargo\registry\src\index.crates.io-1949cf8c6b5b557f\serde-1.0.219\src\private\ser.rs:620:48
    |
620 |         fn serialize_str(self, value: &str) -> Result<Content, E> {
    |                                                ^^^^^^ not found in this scope
    |
help: consider importing one of these items
    |
338 +     use core::fmt::Result;
    |
338 +     use core::result::Result;
    |

error[E0425]: cannot find function, tuple struct or tuple variant `Ok` in this scope
   --> C:\Users\john\.cargo\registry\src\index.crates.io-1949cf8c6b5b557f\serde-1.0.219\src\private\ser.rs:621:13
    |
621 |             Ok(Content::String(value.to_owned()))
    |             ^^ not found in this scope
    |
help: consider importing this tuple variant
    |
338 +     use core::result::Result::Ok;
    |

error[E0412]: cannot find type `Result` in this scope
   --> C:\Users\john\.cargo\registry\src\index.crates.io-1949cf8c6b5b557f\serde-1.0.219\src\private\ser.rs:624:51
    |
624 |         fn serialize_bytes(self, value: &[u8]) -> Result<Content, E> {
    |                                                   ^^^^^^ not found in this scope
    |
help: consider importing one of these items
    |
338 +     use core::fmt::Result;
    |
338 +     use core::result::Result;
    |

error[E0425]: cannot find function, tuple struct or tuple variant `Ok` in this scope
   --> C:\Users\john\.cargo\registry\src\index.crates.io-1949cf8c6b5b557f\serde-1.0.219\src\private\ser.rs:625:13
    |
625 |             Ok(Content::Bytes(value.to_owned()))
    |             ^^ not found in this scope
    |
help: consider importing this tuple variant
    |
338 +     use core::result::Result::Ok;
    |

error[E0412]: cannot find type `Result` in this scope
   --> C:\Users\john\.cargo\registry\src\index.crates.io-1949cf8c6b5b557f\serde-1.0.219\src\private\ser.rs:628:36
    |
628 |         fn serialize_none(self) -> Result<Content, E> {
    |                                    ^^^^^^ not found in this scope
    |
help: consider importing one of these items
    |
338 +     use core::fmt::Result;
    |
338 +     use core::result::Result;
    |

error[E0425]: cannot find function, tuple struct or tuple variant `Ok` in this scope
   --> C:\Users\john\.cargo\registry\src\index.crates.io-1949cf8c6b5b557f\serde-1.0.219\src\private\ser.rs:629:13
    |
629 |             Ok(Content::None)
    |             ^^ not found in this scope
    |
help: consider importing this tuple variant
    |
338 +     use core::result::Result::Ok;
    |

error[E0405]: cannot find trait `Sized` in this scope
   --> C:\Users\john\.cargo\registry\src\index.crates.io-1949cf8c6b5b557f\serde-1.0.219\src\private\ser.rs:634:17
    |
634 |             T: ?Sized + Serialize,
    |                 ^^^^^ not found in this scope
    |
help: consider importing this trait
    |
338 +     use core::marker::Sized;
    |

error[E0412]: cannot find type `Result` in this scope
   --> C:\Users\john\.cargo\registry\src\index.crates.io-1949cf8c6b5b557f\serde-1.0.219\src\private\ser.rs:632:50
    |
632 |         fn serialize_some<T>(self, value: &T) -> Result<Content, E>
    |                                                  ^^^^^^ not found in this scope
    |
help: consider importing one of these items
    |
338 +     use core::fmt::Result;
    |
338 +     use core::result::Result;
    |

error[E0425]: cannot find function, tuple struct or tuple variant `Ok` in this scope
   --> C:\Users\john\.cargo\registry\src\index.crates.io-1949cf8c6b5b557f\serde-1.0.219\src\private\ser.rs:636:13
    |
636 |             Ok(Content::Some(Box::new(tri!(value.serialize(self)))))
    |             ^^ not found in this scope
    |
help: consider importing this tuple variant
    |
338 +     use core::result::Result::Ok;
    |

error[E0531]: cannot find tuple struct or tuple variant `Ok` in this scope
   --> C:\Users\john\.cargo\registry\src\index.crates.io-1949cf8c6b5b557f\serde-1.0.219\src\lib.rs:298:13
    |
298 |             Ok(val) => val,
    |             ^^ not found in this scope
    |
   ::: C:\Users\john\.cargo\registry\src\index.crates.io-1949cf8c6b5b557f\serde-1.0.219\src\private\ser.rs:636:39
    |
636 |             Ok(Content::Some(Box::new(tri!(value.serialize(self)))))
    |                                       --------------------------- in this macro invocation
    |
    = note: this error originates in the macro `tri` (in Nightly builds, run with -Z macro-backtrace for more info)
help: consider importing this tuple variant
   --> C:\Users\john\.cargo\registry\src\index.crates.io-1949cf8c6b5b557f\serde-1.0.219\src\private\ser.rs:338:5
    |
338 +     use core::result::Result::Ok;
    |

error[E0531]: cannot find tuple struct or tuple variant `Err` in this scope
   --> C:\Users\john\.cargo\registry\src\index.crates.io-1949cf8c6b5b557f\serde-1.0.219\src\lib.rs:299:13
    |
299 |             Err(err) => return Err(err),
    |             ^^^ not found in this scope
    |
   ::: C:\Users\john\.cargo\registry\src\index.crates.io-1949cf8c6b5b557f\serde-1.0.219\src\private\ser.rs:636:39
    |
636 |             Ok(Content::Some(Box::new(tri!(value.serialize(self)))))
    |                                       --------------------------- in this macro invocation
    |
    = note: this error originates in the macro `tri` (in Nightly builds, run with -Z macro-backtrace for more info)
help: consider importing this tuple variant
   --> C:\Users\john\.cargo\registry\src\index.crates.io-1949cf8c6b5b557f\serde-1.0.219\src\private\ser.rs:338:5
    |
338 +     use core::result::Result::Err;
    |

error[E0425]: cannot find function, tuple struct or tuple variant `Err` in this scope
   --> C:\Users\john\.cargo\registry\src\index.crates.io-1949cf8c6b5b557f\serde-1.0.219\src\lib.rs:299:32
    |
299 |             Err(err) => return Err(err),
    |                                ^^^
    |
   ::: C:\Users\john\.cargo\registry\src\index.crates.io-1949cf8c6b5b557f\serde-1.0.219\src\private\ser.rs:636:39
    |
636 |             Ok(Content::Some(Box::new(tri!(value.serialize(self)))))
    |                                       --------------------------- in this macro invocation
    |
    = note: this error originates in the macro `tri` (in Nightly builds, run with -Z macro-backtrace for more info)
help: a local variable with a similar name exists
    |
299 -             Err(err) => return Err(err),
299 +             Err(err) => return err(err),
    |
help: consider importing this tuple variant
   --> C:\Users\john\.cargo\registry\src\index.crates.io-1949cf8c6b5b557f\serde-1.0.219\src\private\ser.rs:338:5
    |
338 +     use core::result::Result::Err;
    |

error[E0412]: cannot find type `Result` in this scope
   --> C:\Users\john\.cargo\registry\src\index.crates.io-1949cf8c6b5b557f\serde-1.0.219\src\private\ser.rs:639:36
    |
639 |         fn serialize_unit(self) -> Result<Content, E> {
    |                                    ^^^^^^ not found in this scope
    |
help: consider importing one of these items
    |
338 +     use core::fmt::Result;
    |
338 +     use core::result::Result;
    |

error[E0425]: cannot find function, tuple struct or tuple variant `Ok` in this scope
   --> C:\Users\john\.cargo\registry\src\index.crates.io-1949cf8c6b5b557f\serde-1.0.219\src\private\ser.rs:640:13
    |
640 |             Ok(Content::Unit)
    |             ^^ not found in this scope
    |
help: consider importing this tuple variant
    |
338 +     use core::result::Result::Ok;
    |

error[E0412]: cannot find type `Result` in this scope
   --> C:\Users\john\.cargo\registry\src\index.crates.io-1949cf8c6b5b557f\serde-1.0.219\src\private\ser.rs:643:63
    |
643 |         fn serialize_unit_struct(self, name: &'static str) -> Result<Content, E> {
    |                                                               ^^^^^^ not found in this scope
    |
help: consider importing one of these items
    |
338 +     use core::fmt::Result;
    |
338 +     use core::result::Result;
    |

error[E0425]: cannot find function, tuple struct or tuple variant `Ok` in this scope
   --> C:\Users\john\.cargo\registry\src\index.crates.io-1949cf8c6b5b557f\serde-1.0.219\src\private\ser.rs:644:13
    |
644 |             Ok(Content::UnitStruct(name))
    |             ^^ not found in this scope
    |
help: consider importing this tuple variant
    |
338 +     use core::result::Result::Ok;
    |

error[E0412]: cannot find type `Result` in this scope
   --> C:\Users\john\.cargo\registry\src\index.crates.io-1949cf8c6b5b557f\serde-1.0.219\src\private\ser.rs:652:14
    |
652 |         ) -> Result<Content, E> {
    |              ^^^^^^ not found in this scope
    |
help: consider importing one of these items
    |
338 +     use core::fmt::Result;
    |
338 +     use core::result::Result;
    |

error[E0425]: cannot find function, tuple struct or tuple variant `Ok` in this scope
   --> C:\Users\john\.cargo\registry\src\index.crates.io-1949cf8c6b5b557f\serde-1.0.219\src\private\ser.rs:653:13
    |
653 |             Ok(Content::UnitVariant(name, variant_index, variant))
    |             ^^ not found in this scope
    |
help: consider importing this tuple variant
    |
338 +     use core::result::Result::Ok;
    |

error[E0405]: cannot find trait `Sized` in this scope
   --> C:\Users\john\.cargo\registry\src\index.crates.io-1949cf8c6b5b557f\serde-1.0.219\src\private\ser.rs:658:17
    |
658 |             T: ?Sized + Serialize,
    |                 ^^^^^ not found in this scope
    |
help: consider importing this trait
    |
338 +     use core::marker::Sized;
    |

error[E0412]: cannot find type `Result` in this scope
   --> C:\Users\john\.cargo\registry\src\index.crates.io-1949cf8c6b5b557f\serde-1.0.219\src\private\ser.rs:656:80
    |
656 |         fn serialize_newtype_struct<T>(self, name: &'static str, value: &T) -> Result<Content, E>
    |                                                                                ^^^^^^ not found in this scope
    |
help: consider importing one of these items
    |
338 +     use core::fmt::Result;
    |
338 +     use core::result::Result;
    |

error[E0425]: cannot find function, tuple struct or tuple variant `Ok` in this scope
   --> C:\Users\john\.cargo\registry\src\index.crates.io-1949cf8c6b5b557f\serde-1.0.219\src\private\ser.rs:660:13
    |
660 |             Ok(Content::NewtypeStruct(
    |             ^^ not found in this scope
    |
help: consider importing this tuple variant
    |
338 +     use core::result::Result::Ok;
    |

error[E0531]: cannot find tuple struct or tuple variant `Ok` in this scope
   --> C:\Users\john\.cargo\registry\src\index.crates.io-1949cf8c6b5b557f\serde-1.0.219\src\lib.rs:298:13
    |
298 |             Ok(val) => val,
    |             ^^ not found in this scope
    |
   ::: C:\Users\john\.cargo\registry\src\index.crates.io-1949cf8c6b5b557f\serde-1.0.219\src\private\ser.rs:662:26
    |
662 |                 Box::new(tri!(value.serialize(self))),
    |                          --------------------------- in this macro invocation
    |
    = note: this error originates in the macro `tri` (in Nightly builds, run with -Z macro-backtrace for more info)
help: consider importing this tuple variant
   --> C:\Users\john\.cargo\registry\src\index.crates.io-1949cf8c6b5b557f\serde-1.0.219\src\private\ser.rs:338:5
    |
338 +     use core::result::Result::Ok;
    |

error[E0531]: cannot find tuple struct or tuple variant `Err` in this scope
   --> C:\Users\john\.cargo\registry\src\index.crates.io-1949cf8c6b5b557f\serde-1.0.219\src\lib.rs:299:13
    |
299 |             Err(err) => return Err(err),
    |             ^^^ not found in this scope
    |
   ::: C:\Users\john\.cargo\registry\src\index.crates.io-1949cf8c6b5b557f\serde-1.0.219\src\private\ser.rs:662:26
    |
662 |                 Box::new(tri!(value.serialize(self))),
    |                          --------------------------- in this macro invocation
    |
    = note: this error originates in the macro `tri` (in Nightly builds, run with -Z macro-backtrace for more info)
help: consider importing this tuple variant
   --> C:\Users\john\.cargo\registry\src\index.crates.io-1949cf8c6b5b557f\serde-1.0.219\src\private\ser.rs:338:5
    |
338 +     use core::result::Result::Err;
    |

error[E0425]: cannot find function, tuple struct or tuple variant `Err` in this scope
   --> C:\Users\john\.cargo\registry\src\index.crates.io-1949cf8c6b5b557f\serde-1.0.219\src\lib.rs:299:32
    |
299 |             Err(err) => return Err(err),
    |                                ^^^
    |
   ::: C:\Users\john\.cargo\registry\src\index.crates.io-1949cf8c6b5b557f\serde-1.0.219\src\private\ser.rs:662:26
    |
662 |                 Box::new(tri!(value.serialize(self))),
    |                          --------------------------- in this macro invocation
    |
    = note: this error originates in the macro `tri` (in Nightly builds, run with -Z macro-backtrace for more info)
help: a local variable with a similar name exists
    |
299 -             Err(err) => return Err(err),
299 +             Err(err) => return err(err),
    |
help: consider importing this tuple variant
   --> C:\Users\john\.cargo\registry\src\index.crates.io-1949cf8c6b5b557f\serde-1.0.219\src\private\ser.rs:338:5
    |
338 +     use core::result::Result::Err;
    |

error[E0405]: cannot find trait `Sized` in this scope
   --> C:\Users\john\.cargo\registry\src\index.crates.io-1949cf8c6b5b557f\serde-1.0.219\src\private\ser.rs:674:17
    |
674 |             T: ?Sized + Serialize,
    |                 ^^^^^ not found in this scope
    |
help: consider importing this trait
    |
338 +     use core::marker::Sized;
    |

error[E0412]: cannot find type `Result` in this scope
   --> C:\Users\john\.cargo\registry\src\index.crates.io-1949cf8c6b5b557f\serde-1.0.219\src\private\ser.rs:672:14
    |
672 |         ) -> Result<Content, E>
    |              ^^^^^^ not found in this scope
    |
help: consider importing one of these items
    |
338 +     use core::fmt::Result;
    |
338 +     use core::result::Result;
    |

error[E0425]: cannot find function, tuple struct or tuple variant `Ok` in this scope
   --> C:\Users\john\.cargo\registry\src\index.crates.io-1949cf8c6b5b557f\serde-1.0.219\src\private\ser.rs:676:13
    |
676 |             Ok(Content::NewtypeVariant(
    |             ^^ not found in this scope
    |
help: consider importing this tuple variant
    |
338 +     use core::result::Result::Ok;
    |

error[E0531]: cannot find tuple struct or tuple variant `Ok` in this scope
   --> C:\Users\john\.cargo\registry\src\index.crates.io-1949cf8c6b5b557f\serde-1.0.219\src\lib.rs:298:13
    |
298 |             Ok(val) => val,
    |             ^^ not found in this scope
    |
   ::: C:\Users\john\.cargo\registry\src\index.crates.io-1949cf8c6b5b557f\serde-1.0.219\src\private\ser.rs:680:26
    |
680 |                 Box::new(tri!(value.serialize(self))),
    |                          --------------------------- in this macro invocation
    |
    = note: this error originates in the macro `tri` (in Nightly builds, run with -Z macro-backtrace for more info)
help: consider importing this tuple variant
   --> C:\Users\john\.cargo\registry\src\index.crates.io-1949cf8c6b5b557f\serde-1.0.219\src\private\ser.rs:338:5
    |
338 +     use core::result::Result::Ok;
    |

error[E0531]: cannot find tuple struct or tuple variant `Err` in this scope
   --> C:\Users\john\.cargo\registry\src\index.crates.io-1949cf8c6b5b557f\serde-1.0.219\src\lib.rs:299:13
    |
299 |             Err(err) => return Err(err),
    |             ^^^ not found in this scope
    |
   ::: C:\Users\john\.cargo\registry\src\index.crates.io-1949cf8c6b5b557f\serde-1.0.219\src\private\ser.rs:680:26
    |
680 |                 Box::new(tri!(value.serialize(self))),
    |                          --------------------------- in this macro invocation
    |
    = note: this error originates in the macro `tri` (in Nightly builds, run with -Z macro-backtrace for more info)
help: consider importing this tuple variant
   --> C:\Users\john\.cargo\registry\src\index.crates.io-1949cf8c6b5b557f\serde-1.0.219\src\private\ser.rs:338:5
    |
338 +     use core::result::Result::Err;
    |

error[E0425]: cannot find function, tuple struct or tuple variant `Err` in this scope
   --> C:\Users\john\.cargo\registry\src\index.crates.io-1949cf8c6b5b557f\serde-1.0.219\src\lib.rs:299:32
    |
299 |             Err(err) => return Err(err),
    |                                ^^^
    |
   ::: C:\Users\john\.cargo\registry\src\index.crates.io-1949cf8c6b5b557f\serde-1.0.219\src\private\ser.rs:680:26
    |
680 |                 Box::new(tri!(value.serialize(self))),
    |                          --------------------------- in this macro invocation
    |
    = note: this error originates in the macro `tri` (in Nightly builds, run with -Z macro-backtrace for more info)
help: a local variable with a similar name exists
    |
299 -             Err(err) => return Err(err),
299 +             Err(err) => return err(err),
    |
help: consider importing this tuple variant
   --> C:\Users\john\.cargo\registry\src\index.crates.io-1949cf8c6b5b557f\serde-1.0.219\src\private\ser.rs:338:5
    |
338 +     use core::result::Result::Err;
    |

error[E0412]: cannot find type `Option` in this scope
   --> C:\Users\john\.cargo\registry\src\index.crates.io-1949cf8c6b5b557f\serde-1.0.219\src\private\ser.rs:684:37
    |
684 |         fn serialize_seq(self, len: Option<usize>) -> Result<Self::SerializeSeq, E> {
    |                                     ^^^^^^ not found in this scope
    |
help: consider importing this enum
    |
338 +     use core::option::Option;
    |

error[E0412]: cannot find type `Result` in this scope
   --> C:\Users\john\.cargo\registry\src\index.crates.io-1949cf8c6b5b557f\serde-1.0.219\src\private\ser.rs:684:55
    |
684 |         fn serialize_seq(self, len: Option<usize>) -> Result<Self::SerializeSeq, E> {
    |                                                       ^^^^^^ not found in this scope
    |
help: consider importing one of these items
    |
338 +     use core::fmt::Result;
    |
338 +     use core::result::Result;
    |

error[E0425]: cannot find function, tuple struct or tuple variant `Ok` in this scope
   --> C:\Users\john\.cargo\registry\src\index.crates.io-1949cf8c6b5b557f\serde-1.0.219\src\private\ser.rs:685:13
    |
685 |             Ok(SerializeSeq {
    |             ^^ not found in this scope
    |
help: consider importing this tuple variant
    |
338 +     use core::result::Result::Ok;
    |

error[E0412]: cannot find type `Result` in this scope
   --> C:\Users\john\.cargo\registry\src\index.crates.io-1949cf8c6b5b557f\serde-1.0.219\src\private\ser.rs:691:49
    |
691 |         fn serialize_tuple(self, len: usize) -> Result<Self::SerializeTuple, E> {
    |                                                 ^^^^^^ not found in this scope
    |
help: consider importing one of these items
    |
338 +     use core::fmt::Result;
    |
338 +     use core::result::Result;
    |

error[E0425]: cannot find function, tuple struct or tuple variant `Ok` in this scope
   --> C:\Users\john\.cargo\registry\src\index.crates.io-1949cf8c6b5b557f\serde-1.0.219\src\private\ser.rs:692:13
    |
692 |             Ok(SerializeTuple {
    |             ^^ not found in this scope
    |
help: consider importing this tuple variant
    |
338 +     use core::result::Result::Ok;
    |

error[E0412]: cannot find type `Result` in this scope
   --> C:\Users\john\.cargo\registry\src\index.crates.io-1949cf8c6b5b557f\serde-1.0.219\src\private\ser.rs:702:14
    |
702 |         ) -> Result<Self::SerializeTupleStruct, E> {
    |              ^^^^^^ not found in this scope
    |
help: consider importing one of these items
    |
338 +     use core::fmt::Result;
    |
338 +     use core::result::Result;
    |

error[E0425]: cannot find function, tuple struct or tuple variant `Ok` in this scope
   --> C:\Users\john\.cargo\registry\src\index.crates.io-1949cf8c6b5b557f\serde-1.0.219\src\private\ser.rs:703:13
    |
703 |             Ok(SerializeTupleStruct {
    |             ^^ not found in this scope
    |
help: consider importing this tuple variant
    |
338 +     use core::result::Result::Ok;
    |

error[E0412]: cannot find type `Result` in this scope
   --> C:\Users\john\.cargo\registry\src\index.crates.io-1949cf8c6b5b557f\serde-1.0.219\src\private\ser.rs:716:14
    |
716 |         ) -> Result<Self::SerializeTupleVariant, E> {
    |              ^^^^^^ not found in this scope
    |
help: consider importing one of these items
    |
338 +     use core::fmt::Result;
    |
338 +     use core::result::Result;
    |

error[E0425]: cannot find function, tuple struct or tuple variant `Ok` in this scope
   --> C:\Users\john\.cargo\registry\src\index.crates.io-1949cf8c6b5b557f\serde-1.0.219\src\private\ser.rs:717:13
    |
717 |             Ok(SerializeTupleVariant {
    |             ^^ not found in this scope
    |
help: consider importing this tuple variant
    |
338 +     use core::result::Result::Ok;
    |

error[E0412]: cannot find type `Option` in this scope
   --> C:\Users\john\.cargo\registry\src\index.crates.io-1949cf8c6b5b557f\serde-1.0.219\src\private\ser.rs:726:37
    |
726 |         fn serialize_map(self, len: Option<usize>) -> Result<Self::SerializeMap, E> {
    |                                     ^^^^^^ not found in this scope
    |
help: consider importing this enum
    |
338 +     use core::option::Option;
    |

error[E0412]: cannot find type `Result` in this scope
   --> C:\Users\john\.cargo\registry\src\index.crates.io-1949cf8c6b5b557f\serde-1.0.219\src\private\ser.rs:726:55
    |
726 |         fn serialize_map(self, len: Option<usize>) -> Result<Self::SerializeMap, E> {
    |                                                       ^^^^^^ not found in this scope
    |
help: consider importing one of these items
    |
338 +     use core::fmt::Result;
    |
338 +     use core::result::Result;
    |

error[E0425]: cannot find function, tuple struct or tuple variant `Ok` in this scope
   --> C:\Users\john\.cargo\registry\src\index.crates.io-1949cf8c6b5b557f\serde-1.0.219\src\private\ser.rs:727:13
    |
727 |             Ok(SerializeMap {
    |             ^^ not found in this scope
    |
help: consider importing this tuple variant
    |
338 +     use core::result::Result::Ok;
    |

error[E0425]: cannot find value `None` in this scope
   --> C:\Users\john\.cargo\registry\src\index.crates.io-1949cf8c6b5b557f\serde-1.0.219\src\private\ser.rs:729:22
    |
729 |                 key: None,
    |                      ^^^^ not found in this scope
    |
help: consider importing one of these unit variants
    |
338 +     use crate::__private::de::Content::None;
    |
338 +     use crate::__private::ser::Content::None;
    |
338 +     use core::option::Option::None;
    |

error[E0412]: cannot find type `Result` in this scope
   --> C:\Users\john\.cargo\registry\src\index.crates.io-1949cf8c6b5b557f\serde-1.0.219\src\private\ser.rs:738:14
    |
738 |         ) -> Result<Self::SerializeStruct, E> {
    |              ^^^^^^ not found in this scope
    |
help: consider importing one of these items
    |
338 +     use core::fmt::Result;
    |
338 +     use core::result::Result;
    |

error[E0425]: cannot find function, tuple struct or tuple variant `Ok` in this scope
   --> C:\Users\john\.cargo\registry\src\index.crates.io-1949cf8c6b5b557f\serde-1.0.219\src\private\ser.rs:739:13
    |
739 |             Ok(SerializeStruct {
    |             ^^ not found in this scope
    |
help: consider importing this tuple variant
    |
338 +     use core::result::Result::Ok;
    |

error[E0412]: cannot find type `Result` in this scope
   --> C:\Users\john\.cargo\registry\src\index.crates.io-1949cf8c6b5b557f\serde-1.0.219\src\private\ser.rs:752:14
    |
752 |         ) -> Result<Self::SerializeStructVariant, E> {
    |              ^^^^^^ not found in this scope
    |
help: consider importing one of these items
    |
338 +     use core::fmt::Result;
    |
338 +     use core::result::Result;
    |

error[E0425]: cannot find function, tuple struct or tuple variant `Ok` in this scope
   --> C:\Users\john\.cargo\registry\src\index.crates.io-1949cf8c6b5b557f\serde-1.0.219\src\private\ser.rs:753:13
    |
753 |             Ok(SerializeStructVariant {
    |             ^^ not found in this scope
    |
help: consider importing this tuple variant
    |
338 +     use core::result::Result::Ok;
    |

error[E0405]: cannot find trait `Sized` in this scope
   --> C:\Users\john\.cargo\registry\src\index.crates.io-1949cf8c6b5b557f\serde-1.0.219\src\private\ser.rs:777:17
    |
777 |             T: ?Sized + Serialize,
    |                 ^^^^^ not found in this scope
    |
help: consider importing this trait
    |
338 +     use core::marker::Sized;
    |

error[E0412]: cannot find type `Result` in this scope
   --> C:\Users\john\.cargo\registry\src\index.crates.io-1949cf8c6b5b557f\serde-1.0.219\src\private\ser.rs:775:58
    |
775 |         fn serialize_element<T>(&mut self, value: &T) -> Result<(), E>
    |                                                          ^^^^^^ not found in this scope
    |
help: consider importing one of these items
    |
338 +     use core::fmt::Result;
    |
338 +     use core::result::Result;
    |

error[E0531]: cannot find tuple struct or tuple variant `Ok` in this scope
   --> C:\Users\john\.cargo\registry\src\index.crates.io-1949cf8c6b5b557f\serde-1.0.219\src\lib.rs:298:13
    |
298 |             Ok(val) => val,
    |             ^^ not found in this scope
    |
   ::: C:\Users\john\.cargo\registry\src\index.crates.io-1949cf8c6b5b557f\serde-1.0.219\src\private\ser.rs:779:25
    |
779 |             let value = tri!(value.serialize(ContentSerializer::<E>::new()));
    |                         ---------------------------------------------------- in this macro invocation
    |
    = note: this error originates in the macro `tri` (in Nightly builds, run with -Z macro-backtrace for more info)
help: consider importing this tuple variant
   --> C:\Users\john\.cargo\registry\src\index.crates.io-1949cf8c6b5b557f\serde-1.0.219\src\private\ser.rs:338:5
    |
338 +     use core::result::Result::Ok;
    |

error[E0531]: cannot find tuple struct or tuple variant `Err` in this scope
   --> C:\Users\john\.cargo\registry\src\index.crates.io-1949cf8c6b5b557f\serde-1.0.219\src\lib.rs:299:13
    |
299 |             Err(err) => return Err(err),
    |             ^^^ not found in this scope
    |
   ::: C:\Users\john\.cargo\registry\src\index.crates.io-1949cf8c6b5b557f\serde-1.0.219\src\private\ser.rs:779:25
    |
779 |             let value = tri!(value.serialize(ContentSerializer::<E>::new()));
    |                         ---------------------------------------------------- in this macro invocation
    |
    = note: this error originates in the macro `tri` (in Nightly builds, run with -Z macro-backtrace for more info)
help: consider importing this tuple variant
   --> C:\Users\john\.cargo\registry\src\index.crates.io-1949cf8c6b5b557f\serde-1.0.219\src\private\ser.rs:338:5
    |
338 +     use core::result::Result::Err;
    |

error[E0425]: cannot find function, tuple struct or tuple variant `Err` in this scope
   --> C:\Users\john\.cargo\registry\src\index.crates.io-1949cf8c6b5b557f\serde-1.0.219\src\lib.rs:299:32
    |
299 |             Err(err) => return Err(err),
    |                                ^^^
    |
   ::: C:\Users\john\.cargo\registry\src\index.crates.io-1949cf8c6b5b557f\serde-1.0.219\src\private\ser.rs:779:25
    |
779 |             let value = tri!(value.serialize(ContentSerializer::<E>::new()));
    |                         ---------------------------------------------------- in this macro invocation
    |
    = note: this error originates in the macro `tri` (in Nightly builds, run with -Z macro-backtrace for more info)
help: a local variable with a similar name exists
    |
299 -             Err(err) => return Err(err),
299 +             Err(err) => return err(err),
    |
help: consider importing this tuple variant
   --> C:\Users\john\.cargo\registry\src\index.crates.io-1949cf8c6b5b557f\serde-1.0.219\src\private\ser.rs:338:5
    |
338 +     use core::result::Result::Err;
    |

error[E0425]: cannot find function, tuple struct or tuple variant `Ok` in this scope
   --> C:\Users\john\.cargo\registry\src\index.crates.io-1949cf8c6b5b557f\serde-1.0.219\src\private\ser.rs:781:13
    |
781 |             Ok(())
    |             ^^ not found in this scope
    |
help: consider importing this tuple variant
    |
338 +     use core::result::Result::Ok;
    |

error[E0412]: cannot find type `Result` in this scope
   --> C:\Users\john\.cargo\registry\src\index.crates.io-1949cf8c6b5b557f\serde-1.0.219\src\private\ser.rs:784:25
    |
784 |         fn end(self) -> Result<Content, E> {
    |                         ^^^^^^ not found in this scope
    |
help: consider importing one of these items
    |
338 +     use core::fmt::Result;
    |
338 +     use core::result::Result;
    |

error[E0425]: cannot find function, tuple struct or tuple variant `Ok` in this scope
   --> C:\Users\john\.cargo\registry\src\index.crates.io-1949cf8c6b5b557f\serde-1.0.219\src\private\ser.rs:785:13
    |
785 |             Ok(Content::Seq(self.elements))
    |             ^^ not found in this scope
    |
help: consider importing this tuple variant
    |
338 +     use core::result::Result::Ok;
    |

error[E0405]: cannot find trait `Sized` in this scope
   --> C:\Users\john\.cargo\registry\src\index.crates.io-1949cf8c6b5b557f\serde-1.0.219\src\private\ser.rs:803:17
    |
803 |             T: ?Sized + Serialize,
    |                 ^^^^^ not found in this scope
    |
help: consider importing this trait
    |
338 +     use core::marker::Sized;
    |

error[E0412]: cannot find type `Result` in this scope
   --> C:\Users\john\.cargo\registry\src\index.crates.io-1949cf8c6b5b557f\serde-1.0.219\src\private\ser.rs:801:58
    |
801 |         fn serialize_element<T>(&mut self, value: &T) -> Result<(), E>
    |                                                          ^^^^^^ not found in this scope
    |
help: consider importing one of these items
    |
338 +     use core::fmt::Result;
    |
338 +     use core::result::Result;
    |

error[E0531]: cannot find tuple struct or tuple variant `Ok` in this scope
   --> C:\Users\john\.cargo\registry\src\index.crates.io-1949cf8c6b5b557f\serde-1.0.219\src\lib.rs:298:13
    |
298 |             Ok(val) => val,
    |             ^^ not found in this scope
    |
   ::: C:\Users\john\.cargo\registry\src\index.crates.io-1949cf8c6b5b557f\serde-1.0.219\src\private\ser.rs:805:25
    |
805 |             let value = tri!(value.serialize(ContentSerializer::<E>::new()));
    |                         ---------------------------------------------------- in this macro invocation
    |
    = note: this error originates in the macro `tri` (in Nightly builds, run with -Z macro-backtrace for more info)
help: consider importing this tuple variant
   --> C:\Users\john\.cargo\registry\src\index.crates.io-1949cf8c6b5b557f\serde-1.0.219\src\private\ser.rs:338:5
    |
338 +     use core::result::Result::Ok;
    |

error[E0531]: cannot find tuple struct or tuple variant `Err` in this scope
   --> C:\Users\john\.cargo\registry\src\index.crates.io-1949cf8c6b5b557f\serde-1.0.219\src\lib.rs:299:13
    |
299 |             Err(err) => return Err(err),
    |             ^^^ not found in this scope
    |
   ::: C:\Users\john\.cargo\registry\src\index.crates.io-1949cf8c6b5b557f\serde-1.0.219\src\private\ser.rs:805:25
    |
805 |             let value = tri!(value.serialize(ContentSerializer::<E>::new()));
    |                         ---------------------------------------------------- in this macro invocation
    |
    = note: this error originates in the macro `tri` (in Nightly builds, run with -Z macro-backtrace for more info)
help: consider importing this tuple variant
   --> C:\Users\john\.cargo\registry\src\index.crates.io-1949cf8c6b5b557f\serde-1.0.219\src\private\ser.rs:338:5
    |
338 +     use core::result::Result::Err;
    |

error[E0425]: cannot find function, tuple struct or tuple variant `Err` in this scope
   --> C:\Users\john\.cargo\registry\src\index.crates.io-1949cf8c6b5b557f\serde-1.0.219\src\lib.rs:299:32
    |
299 |             Err(err) => return Err(err),
    |                                ^^^
    |
   ::: C:\Users\john\.cargo\registry\src\index.crates.io-1949cf8c6b5b557f\serde-1.0.219\src\private\ser.rs:805:25
    |
805 |             let value = tri!(value.serialize(ContentSerializer::<E>::new()));
    |                         ---------------------------------------------------- in this macro invocation
    |
    = note: this error originates in the macro `tri` (in Nightly builds, run with -Z macro-backtrace for more info)
help: a local variable with a similar name exists
    |
299 -             Err(err) => return Err(err),
299 +             Err(err) => return err(err),
    |
help: consider importing this tuple variant
   --> C:\Users\john\.cargo\registry\src\index.crates.io-1949cf8c6b5b557f\serde-1.0.219\src\private\ser.rs:338:5
    |
338 +     use core::result::Result::Err;
    |

error[E0425]: cannot find function, tuple struct or tuple variant `Ok` in this scope
   --> C:\Users\john\.cargo\registry\src\index.crates.io-1949cf8c6b5b557f\serde-1.0.219\src\private\ser.rs:807:13
    |
807 |             Ok(())
    |             ^^ not found in this scope
    |
help: consider importing this tuple variant
    |
338 +     use core::result::Result::Ok;
    |

error[E0412]: cannot find type `Result` in this scope
   --> C:\Users\john\.cargo\registry\src\index.crates.io-1949cf8c6b5b557f\serde-1.0.219\src\private\ser.rs:810:25
    |
810 |         fn end(self) -> Result<Content, E> {
    |                         ^^^^^^ not found in this scope
    |
help: consider importing one of these items
    |
338 +     use core::fmt::Result;
    |
338 +     use core::result::Result;
    |

error[E0425]: cannot find function, tuple struct or tuple variant `Ok` in this scope
   --> C:\Users\john\.cargo\registry\src\index.crates.io-1949cf8c6b5b557f\serde-1.0.219\src\private\ser.rs:811:13
    |
811 |             Ok(Content::Tuple(self.elements))
    |             ^^ not found in this scope
    |
help: consider importing this tuple variant
    |
338 +     use core::result::Result::Ok;
    |

error[E0405]: cannot find trait `Sized` in this scope
   --> C:\Users\john\.cargo\registry\src\index.crates.io-1949cf8c6b5b557f\serde-1.0.219\src\private\ser.rs:830:17
    |
830 |             T: ?Sized + Serialize,
    |                 ^^^^^ not found in this scope
    |
help: consider importing this trait
    |
338 +     use core::marker::Sized;
    |

error[E0412]: cannot find type `Result` in this scope
   --> C:\Users\john\.cargo\registry\src\index.crates.io-1949cf8c6b5b557f\serde-1.0.219\src\private\ser.rs:828:56
    |
828 |         fn serialize_field<T>(&mut self, value: &T) -> Result<(), E>
    |                                                        ^^^^^^ not found in this scope
    |
help: consider importing one of these items
    |
338 +     use core::fmt::Result;
    |
338 +     use core::result::Result;
    |

error[E0531]: cannot find tuple struct or tuple variant `Ok` in this scope
   --> C:\Users\john\.cargo\registry\src\index.crates.io-1949cf8c6b5b557f\serde-1.0.219\src\lib.rs:298:13
    |
298 |             Ok(val) => val,
    |             ^^ not found in this scope
    |
   ::: C:\Users\john\.cargo\registry\src\index.crates.io-1949cf8c6b5b557f\serde-1.0.219\src\private\ser.rs:832:25
    |
832 |             let value = tri!(value.serialize(ContentSerializer::<E>::new()));
    |                         ---------------------------------------------------- in this macro invocation
    |
    = note: this error originates in the macro `tri` (in Nightly builds, run with -Z macro-backtrace for more info)
help: consider importing this tuple variant
   --> C:\Users\john\.cargo\registry\src\index.crates.io-1949cf8c6b5b557f\serde-1.0.219\src\private\ser.rs:338:5
    |
338 +     use core::result::Result::Ok;
    |

error[E0531]: cannot find tuple struct or tuple variant `Err` in this scope
   --> C:\Users\john\.cargo\registry\src\index.crates.io-1949cf8c6b5b557f\serde-1.0.219\src\lib.rs:299:13
    |
299 |             Err(err) => return Err(err),
    |             ^^^ not found in this scope
    |
   ::: C:\Users\john\.cargo\registry\src\index.crates.io-1949cf8c6b5b557f\serde-1.0.219\src\private\ser.rs:832:25
    |
832 |             let value = tri!(value.serialize(ContentSerializer::<E>::new()));
    |                         ---------------------------------------------------- in this macro invocation
    |
    = note: this error originates in the macro `tri` (in Nightly builds, run with -Z macro-backtrace for more info)
help: consider importing this tuple variant
   --> C:\Users\john\.cargo\registry\src\index.crates.io-1949cf8c6b5b557f\serde-1.0.219\src\private\ser.rs:338:5
    |
338 +     use core::result::Result::Err;
    |

error[E0425]: cannot find function, tuple struct or tuple variant `Err` in this scope
   --> C:\Users\john\.cargo\registry\src\index.crates.io-1949cf8c6b5b557f\serde-1.0.219\src\lib.rs:299:32
    |
299 |             Err(err) => return Err(err),
    |                                ^^^
    |
   ::: C:\Users\john\.cargo\registry\src\index.crates.io-1949cf8c6b5b557f\serde-1.0.219\src\private\ser.rs:832:25
    |
832 |             let value = tri!(value.serialize(ContentSerializer::<E>::new()));
    |                         ---------------------------------------------------- in this macro invocation
    |
    = note: this error originates in the macro `tri` (in Nightly builds, run with -Z macro-backtrace for more info)
help: a local variable with a similar name exists
    |
299 -             Err(err) => return Err(err),
299 +             Err(err) => return err(err),
    |
help: consider importing this tuple variant
   --> C:\Users\john\.cargo\registry\src\index.crates.io-1949cf8c6b5b557f\serde-1.0.219\src\private\ser.rs:338:5
    |
338 +     use core::result::Result::Err;
    |

error[E0425]: cannot find function, tuple struct or tuple variant `Ok` in this scope
   --> C:\Users\john\.cargo\registry\src\index.crates.io-1949cf8c6b5b557f\serde-1.0.219\src\private\ser.rs:834:13
    |
834 |             Ok(())
    |             ^^ not found in this scope
    |
help: consider importing this tuple variant
    |
338 +     use core::result::Result::Ok;
    |

error[E0412]: cannot find type `Result` in this scope
   --> C:\Users\john\.cargo\registry\src\index.crates.io-1949cf8c6b5b557f\serde-1.0.219\src\private\ser.rs:837:25
    |
837 |         fn end(self) -> Result<Content, E> {
    |                         ^^^^^^ not found in this scope
    |
help: consider importing one of these items
    |
338 +     use core::fmt::Result;
    |
338 +     use core::result::Result;
    |

error[E0425]: cannot find function, tuple struct or tuple variant `Ok` in this scope
   --> C:\Users\john\.cargo\registry\src\index.crates.io-1949cf8c6b5b557f\serde-1.0.219\src\private\ser.rs:838:13
    |
838 |             Ok(Content::TupleStruct(self.name, self.fields))
    |             ^^ not found in this scope
    |
help: consider importing this tuple variant
    |
338 +     use core::result::Result::Ok;
    |

error[E0405]: cannot find trait `Sized` in this scope
   --> C:\Users\john\.cargo\registry\src\index.crates.io-1949cf8c6b5b557f\serde-1.0.219\src\private\ser.rs:859:17
    |
859 |             T: ?Sized + Serialize,
    |                 ^^^^^ not found in this scope
    |
help: consider importing this trait
    |
338 +     use core::marker::Sized;
    |

error[E0412]: cannot find type `Result` in this scope
   --> C:\Users\john\.cargo\registry\src\index.crates.io-1949cf8c6b5b557f\serde-1.0.219\src\private\ser.rs:857:56
    |
857 |         fn serialize_field<T>(&mut self, value: &T) -> Result<(), E>
    |                                                        ^^^^^^ not found in this scope
    |
help: consider importing one of these items
    |
338 +     use core::fmt::Result;
    |
338 +     use core::result::Result;
    |

error[E0531]: cannot find tuple struct or tuple variant `Ok` in this scope
   --> C:\Users\john\.cargo\registry\src\index.crates.io-1949cf8c6b5b557f\serde-1.0.219\src\lib.rs:298:13
    |
298 |             Ok(val) => val,
    |             ^^ not found in this scope
    |
   ::: C:\Users\john\.cargo\registry\src\index.crates.io-1949cf8c6b5b557f\serde-1.0.219\src\private\ser.rs:861:25
    |
861 |             let value = tri!(value.serialize(ContentSerializer::<E>::new()));
    |                         ---------------------------------------------------- in this macro invocation
    |
    = note: this error originates in the macro `tri` (in Nightly builds, run with -Z macro-backtrace for more info)
help: consider importing this tuple variant
   --> C:\Users\john\.cargo\registry\src\index.crates.io-1949cf8c6b5b557f\serde-1.0.219\src\private\ser.rs:338:5
    |
338 +     use core::result::Result::Ok;
    |

error[E0531]: cannot find tuple struct or tuple variant `Err` in this scope
   --> C:\Users\john\.cargo\registry\src\index.crates.io-1949cf8c6b5b557f\serde-1.0.219\src\lib.rs:299:13
    |
299 |             Err(err) => return Err(err),
    |             ^^^ not found in this scope
    |
   ::: C:\Users\john\.cargo\registry\src\index.crates.io-1949cf8c6b5b557f\serde-1.0.219\src\private\ser.rs:861:25
    |
861 |             let value = tri!(value.serialize(ContentSerializer::<E>::new()));
    |                         ---------------------------------------------------- in this macro invocation
    |
    = note: this error originates in the macro `tri` (in Nightly builds, run with -Z macro-backtrace for more info)
help: consider importing this tuple variant
   --> C:\Users\john\.cargo\registry\src\index.crates.io-1949cf8c6b5b557f\serde-1.0.219\src\private\ser.rs:338:5
    |
338 +     use core::result::Result::Err;
    |

error[E0425]: cannot find function, tuple struct or tuple variant `Err` in this scope
   --> C:\Users\john\.cargo\registry\src\index.crates.io-1949cf8c6b5b557f\serde-1.0.219\src\lib.rs:299:32
    |
299 |             Err(err) => return Err(err),
    |                                ^^^
    |
   ::: C:\Users\john\.cargo\registry\src\index.crates.io-1949cf8c6b5b557f\serde-1.0.219\src\private\ser.rs:861:25
    |
861 |             let value = tri!(value.serialize(ContentSerializer::<E>::new()));
    |                         ---------------------------------------------------- in this macro invocation
    |
    = note: this error originates in the macro `tri` (in Nightly builds, run with -Z macro-backtrace for more info)
help: a local variable with a similar name exists
    |
299 -             Err(err) => return Err(err),
299 +             Err(err) => return err(err),
    |
help: consider importing this tuple variant
   --> C:\Users\john\.cargo\registry\src\index.crates.io-1949cf8c6b5b557f\serde-1.0.219\src\private\ser.rs:338:5
    |
338 +     use core::result::Result::Err;
    |

error[E0425]: cannot find function, tuple struct or tuple variant `Ok` in this scope
   --> C:\Users\john\.cargo\registry\src\index.crates.io-1949cf8c6b5b557f\serde-1.0.219\src\private\ser.rs:863:13
    |
863 |             Ok(())
    |             ^^ not found in this scope
    |
help: consider importing this tuple variant
    |
338 +     use core::result::Result::Ok;
    |

error[E0412]: cannot find type `Result` in this scope
   --> C:\Users\john\.cargo\registry\src\index.crates.io-1949cf8c6b5b557f\serde-1.0.219\src\private\ser.rs:866:25
    |
866 |         fn end(self) -> Result<Content, E> {
    |                         ^^^^^^ not found in this scope
    |
help: consider importing one of these items
    |
338 +     use core::fmt::Result;
    |
338 +     use core::result::Result;
    |

error[E0425]: cannot find function, tuple struct or tuple variant `Ok` in this scope
   --> C:\Users\john\.cargo\registry\src\index.crates.io-1949cf8c6b5b557f\serde-1.0.219\src\private\ser.rs:867:13
    |
867 |             Ok(Content::TupleVariant(
    |             ^^ not found in this scope
    |
help: consider importing this tuple variant
    |
338 +     use core::result::Result::Ok;
    |

error[E0412]: cannot find type `Option` in this scope
   --> C:\Users\john\.cargo\registry\src\index.crates.io-1949cf8c6b5b557f\serde-1.0.219\src\private\ser.rs:878:14
    |
878 |         key: Option<Content>,
    |              ^^^^^^ not found in this scope
    |
help: consider importing this enum
    |
338 +     use core::option::Option;
    |

error[E0405]: cannot find trait `Sized` in this scope
   --> C:\Users\john\.cargo\registry\src\index.crates.io-1949cf8c6b5b557f\serde-1.0.219\src\private\ser.rs:891:17
    |
891 |             T: ?Sized + Serialize,
    |                 ^^^^^ not found in this scope
    |
help: consider importing this trait
    |
338 +     use core::marker::Sized;
    |

error[E0412]: cannot find type `Result` in this scope
   --> C:\Users\john\.cargo\registry\src\index.crates.io-1949cf8c6b5b557f\serde-1.0.219\src\private\ser.rs:889:52
    |
889 |         fn serialize_key<T>(&mut self, key: &T) -> Result<(), E>
    |                                                    ^^^^^^ not found in this scope
    |
help: consider importing one of these items
    |
338 +     use core::fmt::Result;
    |
338 +     use core::result::Result;
    |

error[E0531]: cannot find tuple struct or tuple variant `Ok` in this scope
   --> C:\Users\john\.cargo\registry\src\index.crates.io-1949cf8c6b5b557f\serde-1.0.219\src\lib.rs:298:13
    |
298 |             Ok(val) => val,
    |             ^^ not found in this scope
    |
   ::: C:\Users\john\.cargo\registry\src\index.crates.io-1949cf8c6b5b557f\serde-1.0.219\src\private\ser.rs:893:23
    |
893 |             let key = tri!(key.serialize(ContentSerializer::<E>::new()));
    |                       -------------------------------------------------- in this macro invocation
    |
    = note: this error originates in the macro `tri` (in Nightly builds, run with -Z macro-backtrace for more info)
help: consider importing this tuple variant
   --> C:\Users\john\.cargo\registry\src\index.crates.io-1949cf8c6b5b557f\serde-1.0.219\src\private\ser.rs:338:5
    |
338 +     use core::result::Result::Ok;
    |

error[E0531]: cannot find tuple struct or tuple variant `Err` in this scope
   --> C:\Users\john\.cargo\registry\src\index.crates.io-1949cf8c6b5b557f\serde-1.0.219\src\lib.rs:299:13
    |
299 |             Err(err) => return Err(err),
    |             ^^^ not found in this scope
    |
   ::: C:\Users\john\.cargo\registry\src\index.crates.io-1949cf8c6b5b557f\serde-1.0.219\src\private\ser.rs:893:23
    |
893 |             let key = tri!(key.serialize(ContentSerializer::<E>::new()));
    |                       -------------------------------------------------- in this macro invocation
    |
    = note: this error originates in the macro `tri` (in Nightly builds, run with -Z macro-backtrace for more info)
help: consider importing this tuple variant
   --> C:\Users\john\.cargo\registry\src\index.crates.io-1949cf8c6b5b557f\serde-1.0.219\src\private\ser.rs:338:5
    |
338 +     use core::result::Result::Err;
    |

error[E0425]: cannot find function, tuple struct or tuple variant `Err` in this scope
   --> C:\Users\john\.cargo\registry\src\index.crates.io-1949cf8c6b5b557f\serde-1.0.219\src\lib.rs:299:32
    |
299 |             Err(err) => return Err(err),
    |                                ^^^
    |
   ::: C:\Users\john\.cargo\registry\src\index.crates.io-1949cf8c6b5b557f\serde-1.0.219\src\private\ser.rs:893:23
    |
893 |             let key = tri!(key.serialize(ContentSerializer::<E>::new()));
    |                       -------------------------------------------------- in this macro invocation
    |
    = note: this error originates in the macro `tri` (in Nightly builds, run with -Z macro-backtrace for more info)
help: a local variable with a similar name exists
    |
299 -             Err(err) => return Err(err),
299 +             Err(err) => return err(err),
    |
help: consider importing this tuple variant
   --> C:\Users\john\.cargo\registry\src\index.crates.io-1949cf8c6b5b557f\serde-1.0.219\src\private\ser.rs:338:5
    |
338 +     use core::result::Result::Err;
    |

error[E0425]: cannot find function, tuple struct or tuple variant `Some` in this scope
   --> C:\Users\john\.cargo\registry\src\index.crates.io-1949cf8c6b5b557f\serde-1.0.219\src\private\ser.rs:894:24
    |
894 |             self.key = Some(key);
    |                        ^^^^ not found in this scope
    |
help: consider importing one of these tuple variants
    |
338 +     use crate::__private::de::Content::Some;
    |
338 +     use crate::__private::ser::Content::Some;
    |
338 +     use core::option::Option::Some;
    |

error[E0425]: cannot find function, tuple struct or tuple variant `Ok` in this scope
   --> C:\Users\john\.cargo\registry\src\index.crates.io-1949cf8c6b5b557f\serde-1.0.219\src\private\ser.rs:895:13
    |
895 |             Ok(())
    |             ^^ not found in this scope
    |
help: consider importing this tuple variant
    |
338 +     use core::result::Result::Ok;
    |

error[E0405]: cannot find trait `Sized` in this scope
   --> C:\Users\john\.cargo\registry\src\index.crates.io-1949cf8c6b5b557f\serde-1.0.219\src\private\ser.rs:900:17
    |
900 |             T: ?Sized + Serialize,
    |                 ^^^^^ not found in this scope
    |
help: consider importing this trait
    |
338 +     use core::marker::Sized;
    |

error[E0412]: cannot find type `Result` in this scope
   --> C:\Users\john\.cargo\registry\src\index.crates.io-1949cf8c6b5b557f\serde-1.0.219\src\private\ser.rs:898:56
    |
898 |         fn serialize_value<T>(&mut self, value: &T) -> Result<(), E>
    |                                                        ^^^^^^ not found in this scope
    |
help: consider importing one of these items
    |
338 +     use core::fmt::Result;
    |
338 +     use core::result::Result;
    |

error[E0531]: cannot find tuple struct or tuple variant `Ok` in this scope
   --> C:\Users\john\.cargo\registry\src\index.crates.io-1949cf8c6b5b557f\serde-1.0.219\src\lib.rs:298:13
    |
298 |             Ok(val) => val,
    |             ^^ not found in this scope
    |
   ::: C:\Users\john\.cargo\registry\src\index.crates.io-1949cf8c6b5b557f\serde-1.0.219\src\private\ser.rs:906:25
    |
906 |             let value = tri!(value.serialize(ContentSerializer::<E>::new()));
    |                         ---------------------------------------------------- in this macro invocation
    |
    = note: this error originates in the macro `tri` (in Nightly builds, run with -Z macro-backtrace for more info)
help: consider importing this tuple variant
   --> C:\Users\john\.cargo\registry\src\index.crates.io-1949cf8c6b5b557f\serde-1.0.219\src\private\ser.rs:338:5
    |
338 +     use core::result::Result::Ok;
    |

error[E0531]: cannot find tuple struct or tuple variant `Err` in this scope
   --> C:\Users\john\.cargo\registry\src\index.crates.io-1949cf8c6b5b557f\serde-1.0.219\src\lib.rs:299:13
    |
299 |             Err(err) => return Err(err),
    |             ^^^ not found in this scope
    |
   ::: C:\Users\john\.cargo\registry\src\index.crates.io-1949cf8c6b5b557f\serde-1.0.219\src\private\ser.rs:906:25
    |
906 |             let value = tri!(value.serialize(ContentSerializer::<E>::new()));
    |                         ---------------------------------------------------- in this macro invocation
    |
    = note: this error originates in the macro `tri` (in Nightly builds, run with -Z macro-backtrace for more info)
help: consider importing this tuple variant
   --> C:\Users\john\.cargo\registry\src\index.crates.io-1949cf8c6b5b557f\serde-1.0.219\src\private\ser.rs:338:5
    |
338 +     use core::result::Result::Err;
    |

error[E0425]: cannot find function, tuple struct or tuple variant `Err` in this scope
   --> C:\Users\john\.cargo\registry\src\index.crates.io-1949cf8c6b5b557f\serde-1.0.219\src\lib.rs:299:32
    |
299 |             Err(err) => return Err(err),
    |                                ^^^
    |
   ::: C:\Users\john\.cargo\registry\src\index.crates.io-1949cf8c6b5b557f\serde-1.0.219\src\private\ser.rs:906:25
    |
906 |             let value = tri!(value.serialize(ContentSerializer::<E>::new()));
    |                         ---------------------------------------------------- in this macro invocation
    |
    = note: this error originates in the macro `tri` (in Nightly builds, run with -Z macro-backtrace for more info)
help: a local variable with a similar name exists
    |
299 -             Err(err) => return Err(err),
299 +             Err(err) => return err(err),
    |
help: consider importing this tuple variant
   --> C:\Users\john\.cargo\registry\src\index.crates.io-1949cf8c6b5b557f\serde-1.0.219\src\private\ser.rs:338:5
    |
338 +     use core::result::Result::Err;
    |

error[E0425]: cannot find function, tuple struct or tuple variant `Ok` in this scope
   --> C:\Users\john\.cargo\registry\src\index.crates.io-1949cf8c6b5b557f\serde-1.0.219\src\private\ser.rs:908:13
    |
908 |             Ok(())
    |             ^^ not found in this scope
    |
help: consider importing this tuple variant
    |
338 +     use core::result::Result::Ok;
    |

error[E0412]: cannot find type `Result` in this scope
   --> C:\Users\john\.cargo\registry\src\index.crates.io-1949cf8c6b5b557f\serde-1.0.219\src\private\ser.rs:911:25
    |
911 |         fn end(self) -> Result<Content, E> {
    |                         ^^^^^^ not found in this scope
    |
help: consider importing one of these items
    |
338 +     use core::fmt::Result;
    |
338 +     use core::result::Result;
    |

error[E0425]: cannot find function, tuple struct or tuple variant `Ok` in this scope
   --> C:\Users\john\.cargo\registry\src\index.crates.io-1949cf8c6b5b557f\serde-1.0.219\src\private\ser.rs:912:13
    |
912 |             Ok(Content::Map(self.entries))
    |             ^^ not found in this scope
    |
help: consider importing this tuple variant
    |
338 +     use core::result::Result::Ok;
    |

error[E0405]: cannot find trait `Sized` in this scope
   --> C:\Users\john\.cargo\registry\src\index.crates.io-1949cf8c6b5b557f\serde-1.0.219\src\private\ser.rs:917:17
    |
917 |             K: ?Sized + Serialize,
    |                 ^^^^^ not found in this scope
    |
help: consider importing this trait
    |
338 +     use core::marker::Sized;
    |

error[E0405]: cannot find trait `Sized` in this scope
   --> C:\Users\john\.cargo\registry\src\index.crates.io-1949cf8c6b5b557f\serde-1.0.219\src\private\ser.rs:918:17
    |
918 |             V: ?Sized + Serialize,
    |                 ^^^^^ not found in this scope
    |
help: consider importing this trait
    |
338 +     use core::marker::Sized;
    |

error[E0412]: cannot find type `Result` in this scope
   --> C:\Users\john\.cargo\registry\src\index.crates.io-1949cf8c6b5b557f\serde-1.0.219\src\private\ser.rs:915:68
    |
915 |         fn serialize_entry<K, V>(&mut self, key: &K, value: &V) -> Result<(), E>
    |                                                                    ^^^^^^ not found in this scope
    |
help: consider importing one of these items
    |
338 +     use core::fmt::Result;
    |
338 +     use core::result::Result;
    |

error[E0531]: cannot find tuple struct or tuple variant `Ok` in this scope
   --> C:\Users\john\.cargo\registry\src\index.crates.io-1949cf8c6b5b557f\serde-1.0.219\src\lib.rs:298:13
    |
298 |             Ok(val) => val,
    |             ^^ not found in this scope
    |
   ::: C:\Users\john\.cargo\registry\src\index.crates.io-1949cf8c6b5b557f\serde-1.0.219\src\private\ser.rs:920:23
    |
920 |             let key = tri!(key.serialize(ContentSerializer::<E>::new()));
    |                       -------------------------------------------------- in this macro invocation
    |
    = note: this error originates in the macro `tri` (in Nightly builds, run with -Z macro-backtrace for more info)
help: consider importing this tuple variant
   --> C:\Users\john\.cargo\registry\src\index.crates.io-1949cf8c6b5b557f\serde-1.0.219\src\private\ser.rs:338:5
    |
338 +     use core::result::Result::Ok;
    |

error[E0531]: cannot find tuple struct or tuple variant `Err` in this scope
   --> C:\Users\john\.cargo\registry\src\index.crates.io-1949cf8c6b5b557f\serde-1.0.219\src\lib.rs:299:13
    |
299 |             Err(err) => return Err(err),
    |             ^^^ not found in this scope
    |
   ::: C:\Users\john\.cargo\registry\src\index.crates.io-1949cf8c6b5b557f\serde-1.0.219\src\private\ser.rs:920:23
    |
920 |             let key = tri!(key.serialize(ContentSerializer::<E>::new()));
    |                       -------------------------------------------------- in this macro invocation
    |
    = note: this error originates in the macro `tri` (in Nightly builds, run with -Z macro-backtrace for more info)
help: consider importing this tuple variant
   --> C:\Users\john\.cargo\registry\src\index.crates.io-1949cf8c6b5b557f\serde-1.0.219\src\private\ser.rs:338:5
    |
338 +     use core::result::Result::Err;
    |

error[E0425]: cannot find function, tuple struct or tuple variant `Err` in this scope
   --> C:\Users\john\.cargo\registry\src\index.crates.io-1949cf8c6b5b557f\serde-1.0.219\src\lib.rs:299:32
    |
299 |             Err(err) => return Err(err),
    |                                ^^^
    |
   ::: C:\Users\john\.cargo\registry\src\index.crates.io-1949cf8c6b5b557f\serde-1.0.219\src\private\ser.rs:920:23
    |
920 |             let key = tri!(key.serialize(ContentSerializer::<E>::new()));
    |                       -------------------------------------------------- in this macro invocation
    |
    = note: this error originates in the macro `tri` (in Nightly builds, run with -Z macro-backtrace for more info)
help: a local variable with a similar name exists
    |
299 -             Err(err) => return Err(err),
299 +             Err(err) => return err(err),
    |
help: consider importing this tuple variant
   --> C:\Users\john\.cargo\registry\src\index.crates.io-1949cf8c6b5b557f\serde-1.0.219\src\private\ser.rs:338:5
    |
338 +     use core::result::Result::Err;
    |

error[E0531]: cannot find tuple struct or tuple variant `Ok` in this scope
   --> C:\Users\john\.cargo\registry\src\index.crates.io-1949cf8c6b5b557f\serde-1.0.219\src\lib.rs:298:13
    |
298 |             Ok(val) => val,
    |             ^^ not found in this scope
    |
   ::: C:\Users\john\.cargo\registry\src\index.crates.io-1949cf8c6b5b557f\serde-1.0.219\src\private\ser.rs:921:25
    |
921 |             let value = tri!(value.serialize(ContentSerializer::<E>::new()));
    |                         ---------------------------------------------------- in this macro invocation
    |
    = note: this error originates in the macro `tri` (in Nightly builds, run with -Z macro-backtrace for more info)
help: consider importing this tuple variant
   --> C:\Users\john\.cargo\registry\src\index.crates.io-1949cf8c6b5b557f\serde-1.0.219\src\private\ser.rs:338:5
    |
338 +     use core::result::Result::Ok;
    |

error[E0531]: cannot find tuple struct or tuple variant `Err` in this scope
   --> C:\Users\john\.cargo\registry\src\index.crates.io-1949cf8c6b5b557f\serde-1.0.219\src\lib.rs:299:13
    |
299 |             Err(err) => return Err(err),
    |             ^^^ not found in this scope
    |
   ::: C:\Users\john\.cargo\registry\src\index.crates.io-1949cf8c6b5b557f\serde-1.0.219\src\private\ser.rs:921:25
    |
921 |             let value = tri!(value.serialize(ContentSerializer::<E>::new()));
    |                         ---------------------------------------------------- in this macro invocation
    |
    = note: this error originates in the macro `tri` (in Nightly builds, run with -Z macro-backtrace for more info)
help: consider importing this tuple variant
   --> C:\Users\john\.cargo\registry\src\index.crates.io-1949cf8c6b5b557f\serde-1.0.219\src\private\ser.rs:338:5
    |
338 +     use core::result::Result::Err;
    |

error[E0425]: cannot find function, tuple struct or tuple variant `Err` in this scope
   --> C:\Users\john\.cargo\registry\src\index.crates.io-1949cf8c6b5b557f\serde-1.0.219\src\lib.rs:299:32
    |
299 |             Err(err) => return Err(err),
    |                                ^^^
    |
   ::: C:\Users\john\.cargo\registry\src\index.crates.io-1949cf8c6b5b557f\serde-1.0.219\src\private\ser.rs:921:25
    |
921 |             let value = tri!(value.serialize(ContentSerializer::<E>::new()));
    |                         ---------------------------------------------------- in this macro invocation
    |
    = note: this error originates in the macro `tri` (in Nightly builds, run with -Z macro-backtrace for more info)
help: a local variable with a similar name exists
    |
299 -             Err(err) => return Err(err),
299 +             Err(err) => return err(err),
    |
help: consider importing this tuple variant
   --> C:\Users\john\.cargo\registry\src\index.crates.io-1949cf8c6b5b557f\serde-1.0.219\src\private\ser.rs:338:5
    |
338 +     use core::result::Result::Err;
    |

error[E0425]: cannot find function, tuple struct or tuple variant `Ok` in this scope
   --> C:\Users\john\.cargo\registry\src\index.crates.io-1949cf8c6b5b557f\serde-1.0.219\src\private\ser.rs:923:13
    |
923 |             Ok(())
    |             ^^ not found in this scope
    |
help: consider importing this tuple variant
    |
338 +     use core::result::Result::Ok;
    |

error[E0405]: cannot find trait `Sized` in this scope
   --> C:\Users\john\.cargo\registry\src\index.crates.io-1949cf8c6b5b557f\serde-1.0.219\src\private\ser.rs:942:17
    |
942 |             T: ?Sized + Serialize,
    |                 ^^^^^ not found in this scope
    |
help: consider importing this trait
    |
338 +     use core::marker::Sized;
    |

error[E0412]: cannot find type `Result` in this scope
   --> C:\Users\john\.cargo\registry\src\index.crates.io-1949cf8c6b5b557f\serde-1.0.219\src\private\ser.rs:940:75
    |
940 |         fn serialize_field<T>(&mut self, key: &'static str, value: &T) -> Result<(), E>
    |                                                                           ^^^^^^ not found in this scope
    |
help: consider importing one of these items
    |
338 +     use core::fmt::Result;
    |
338 +     use core::result::Result;
    |

error[E0531]: cannot find tuple struct or tuple variant `Ok` in this scope
   --> C:\Users\john\.cargo\registry\src\index.crates.io-1949cf8c6b5b557f\serde-1.0.219\src\lib.rs:298:13
    |
298 |             Ok(val) => val,
    |             ^^ not found in this scope
    |
   ::: C:\Users\john\.cargo\registry\src\index.crates.io-1949cf8c6b5b557f\serde-1.0.219\src\private\ser.rs:944:25
    |
944 |             let value = tri!(value.serialize(ContentSerializer::<E>::new()));
    |                         ---------------------------------------------------- in this macro invocation
    |
    = note: this error originates in the macro `tri` (in Nightly builds, run with -Z macro-backtrace for more info)
help: consider importing this tuple variant
   --> C:\Users\john\.cargo\registry\src\index.crates.io-1949cf8c6b5b557f\serde-1.0.219\src\private\ser.rs:338:5
    |
338 +     use core::result::Result::Ok;
    |

error[E0531]: cannot find tuple struct or tuple variant `Err` in this scope
   --> C:\Users\john\.cargo\registry\src\index.crates.io-1949cf8c6b5b557f\serde-1.0.219\src\lib.rs:299:13
    |
299 |             Err(err) => return Err(err),
    |             ^^^ not found in this scope
    |
   ::: C:\Users\john\.cargo\registry\src\index.crates.io-1949cf8c6b5b557f\serde-1.0.219\src\private\ser.rs:944:25
    |
944 |             let value = tri!(value.serialize(ContentSerializer::<E>::new()));
    |                         ---------------------------------------------------- in this macro invocation
    |
    = note: this error originates in the macro `tri` (in Nightly builds, run with -Z macro-backtrace for more info)
help: consider importing this tuple variant
   --> C:\Users\john\.cargo\registry\src\index.crates.io-1949cf8c6b5b557f\serde-1.0.219\src\private\ser.rs:338:5
    |
338 +     use core::result::Result::Err;
    |

error[E0425]: cannot find function, tuple struct or tuple variant `Err` in this scope
   --> C:\Users\john\.cargo\registry\src\index.crates.io-1949cf8c6b5b557f\serde-1.0.219\src\lib.rs:299:32
    |
299 |             Err(err) => return Err(err),
    |                                ^^^
    |
   ::: C:\Users\john\.cargo\registry\src\index.crates.io-1949cf8c6b5b557f\serde-1.0.219\src\private\ser.rs:944:25
    |
944 |             let value = tri!(value.serialize(ContentSerializer::<E>::new()));
    |                         ---------------------------------------------------- in this macro invocation
    |
    = note: this error originates in the macro `tri` (in Nightly builds, run with -Z macro-backtrace for more info)
help: a local variable with a similar name exists
    |
299 -             Err(err) => return Err(err),
299 +             Err(err) => return err(err),
    |
help: consider importing this tuple variant
   --> C:\Users\john\.cargo\registry\src\index.crates.io-1949cf8c6b5b557f\serde-1.0.219\src\private\ser.rs:338:5
    |
338 +     use core::result::Result::Err;
    |

error[E0425]: cannot find function, tuple struct or tuple variant `Ok` in this scope
   --> C:\Users\john\.cargo\registry\src\index.crates.io-1949cf8c6b5b557f\serde-1.0.219\src\private\ser.rs:946:13
    |
946 |             Ok(())
    |             ^^ not found in this scope
    |
help: consider importing this tuple variant
    |
338 +     use core::result::Result::Ok;
    |

error[E0412]: cannot find type `Result` in this scope
   --> C:\Users\john\.cargo\registry\src\index.crates.io-1949cf8c6b5b557f\serde-1.0.219\src\private\ser.rs:949:25
    |
949 |         fn end(self) -> Result<Content, E> {
    |                         ^^^^^^ not found in this scope
    |
help: consider importing one of these items
    |
338 +     use core::fmt::Result;
    |
338 +     use core::result::Result;
    |

error[E0425]: cannot find function, tuple struct or tuple variant `Ok` in this scope
   --> C:\Users\john\.cargo\registry\src\index.crates.io-1949cf8c6b5b557f\serde-1.0.219\src\private\ser.rs:950:13
    |
950 |             Ok(Content::Struct(self.name, self.fields))
    |             ^^ not found in this scope
    |
help: consider importing this tuple variant
    |
338 +     use core::result::Result::Ok;
    |

error[E0405]: cannot find trait `Sized` in this scope
   --> C:\Users\john\.cargo\registry\src\index.crates.io-1949cf8c6b5b557f\serde-1.0.219\src\private\ser.rs:971:17
    |
971 |             T: ?Sized + Serialize,
    |                 ^^^^^ not found in this scope
    |
help: consider importing this trait
    |
338 +     use core::marker::Sized;
    |

error[E0412]: cannot find type `Result` in this scope
   --> C:\Users\john\.cargo\registry\src\index.crates.io-1949cf8c6b5b557f\serde-1.0.219\src\private\ser.rs:969:75
    |
969 |         fn serialize_field<T>(&mut self, key: &'static str, value: &T) -> Result<(), E>
    |                                                                           ^^^^^^ not found in this scope
    |
help: consider importing one of these items
    |
338 +     use core::fmt::Result;
    |
338 +     use core::result::Result;
    |

error[E0531]: cannot find tuple struct or tuple variant `Ok` in this scope
   --> C:\Users\john\.cargo\registry\src\index.crates.io-1949cf8c6b5b557f\serde-1.0.219\src\lib.rs:298:13
    |
298 |             Ok(val) => val,
    |             ^^ not found in this scope
    |
   ::: C:\Users\john\.cargo\registry\src\index.crates.io-1949cf8c6b5b557f\serde-1.0.219\src\private\ser.rs:973:25
    |
973 |             let value = tri!(value.serialize(ContentSerializer::<E>::new()));
    |                         ---------------------------------------------------- in this macro invocation
    |
    = note: this error originates in the macro `tri` (in Nightly builds, run with -Z macro-backtrace for more info)
help: consider importing this tuple variant
   --> C:\Users\john\.cargo\registry\src\index.crates.io-1949cf8c6b5b557f\serde-1.0.219\src\private\ser.rs:338:5
    |
338 +     use core::result::Result::Ok;
    |

error[E0531]: cannot find tuple struct or tuple variant `Err` in this scope
   --> C:\Users\john\.cargo\registry\src\index.crates.io-1949cf8c6b5b557f\serde-1.0.219\src\lib.rs:299:13
    |
299 |             Err(err) => return Err(err),
    |             ^^^ not found in this scope
    |
   ::: C:\Users\john\.cargo\registry\src\index.crates.io-1949cf8c6b5b557f\serde-1.0.219\src\private\ser.rs:973:25
    |
973 |             let value = tri!(value.serialize(ContentSerializer::<E>::new()));
    |                         ---------------------------------------------------- in this macro invocation
    |
    = note: this error originates in the macro `tri` (in Nightly builds, run with -Z macro-backtrace for more info)
help: consider importing this tuple variant
   --> C:\Users\john\.cargo\registry\src\index.crates.io-1949cf8c6b5b557f\serde-1.0.219\src\private\ser.rs:338:5
    |
338 +     use core::result::Result::Err;
    |

error[E0425]: cannot find function, tuple struct or tuple variant `Err` in this scope
   --> C:\Users\john\.cargo\registry\src\index.crates.io-1949cf8c6b5b557f\serde-1.0.219\src\lib.rs:299:32
    |
299 |             Err(err) => return Err(err),
    |                                ^^^
    |
   ::: C:\Users\john\.cargo\registry\src\index.crates.io-1949cf8c6b5b557f\serde-1.0.219\src\private\ser.rs:973:25
    |
973 |             let value = tri!(value.serialize(ContentSerializer::<E>::new()));
    |                         ---------------------------------------------------- in this macro invocation
    |
    = note: this error originates in the macro `tri` (in Nightly builds, run with -Z macro-backtrace for more info)
help: a local variable with a similar name exists
    |
299 -             Err(err) => return Err(err),
299 +             Err(err) => return err(err),
    |
help: consider importing this tuple variant
   --> C:\Users\john\.cargo\registry\src\index.crates.io-1949cf8c6b5b557f\serde-1.0.219\src\private\ser.rs:338:5
    |
338 +     use core::result::Result::Err;
    |

error[E0425]: cannot find function, tuple struct or tuple variant `Ok` in this scope
   --> C:\Users\john\.cargo\registry\src\index.crates.io-1949cf8c6b5b557f\serde-1.0.219\src\private\ser.rs:975:13
    |
975 |             Ok(())
    |             ^^ not found in this scope
    |
help: consider importing this tuple variant
    |
338 +     use core::result::Result::Ok;
    |

error[E0412]: cannot find type `Result` in this scope
   --> C:\Users\john\.cargo\registry\src\index.crates.io-1949cf8c6b5b557f\serde-1.0.219\src\private\ser.rs:978:25
    |
978 |         fn end(self) -> Result<Content, E> {
    |                         ^^^^^^ not found in this scope
    |
help: consider importing one of these items
    |
338 +     use core::fmt::Result;
    |
338 +     use core::result::Result;
    |

error[E0425]: cannot find function, tuple struct or tuple variant `Ok` in this scope
   --> C:\Users\john\.cargo\registry\src\index.crates.io-1949cf8c6b5b557f\serde-1.0.219\src\private\ser.rs:979:13
    |
979 |             Ok(Content::StructVariant(
    |             ^^ not found in this scope
    |
help: consider importing this tuple variant
    |
338 +     use core::result::Result::Ok;
    |

error[E0412]: cannot find type `Result` in this scope
    --> C:\Users\john\.cargo\registry\src\index.crates.io-1949cf8c6b5b557f\serde-1.0.219\src\private\ser.rs:1021:41
     |
1021 |     fn serialize_bool(self, _: bool) -> Result<Self::Ok, Self::Error> {
     |                                         ^^^^^^ not found in this scope
     |
help: consider importing one of these items
     |
1    + use core::fmt::Result;
     |
1    + use core::result::Result;
     |

error[E0425]: cannot find function, tuple struct or tuple variant `Err` in this scope
    --> C:\Users\john\.cargo\registry\src\index.crates.io-1949cf8c6b5b557f\serde-1.0.219\src\private\ser.rs:1022:9
     |
1022 |         Err(Self::bad_type(Unsupported::Boolean))
     |         ^^^ not found in this scope
     |
help: consider importing this tuple variant
     |
1    + use core::result::Result::Err;
     |

error[E0412]: cannot find type `Result` in this scope
    --> C:\Users\john\.cargo\registry\src\index.crates.io-1949cf8c6b5b557f\serde-1.0.219\src\private\ser.rs:1025:37
     |
1025 |     fn serialize_i8(self, _: i8) -> Result<Self::Ok, Self::Error> {
     |                                     ^^^^^^ not found in this scope
     |
help: consider importing one of these items
     |
1    + use core::fmt::Result;
     |
1    + use core::result::Result;
     |

error[E0425]: cannot find function, tuple struct or tuple variant `Err` in this scope
    --> C:\Users\john\.cargo\registry\src\index.crates.io-1949cf8c6b5b557f\serde-1.0.219\src\private\ser.rs:1026:9
     |
1026 |         Err(Self::bad_type(Unsupported::Integer))
     |         ^^^ not found in this scope
     |
help: consider importing this tuple variant
     |
1    + use core::result::Result::Err;
     |

error[E0412]: cannot find type `Result` in this scope
    --> C:\Users\john\.cargo\registry\src\index.crates.io-1949cf8c6b5b557f\serde-1.0.219\src\private\ser.rs:1029:39
     |
1029 |     fn serialize_i16(self, _: i16) -> Result<Self::Ok, Self::Error> {
     |                                       ^^^^^^ not found in this scope
     |
help: consider importing one of these items
     |
1    + use core::fmt::Result;
     |
1    + use core::result::Result;
     |

error[E0425]: cannot find function, tuple struct or tuple variant `Err` in this scope
    --> C:\Users\john\.cargo\registry\src\index.crates.io-1949cf8c6b5b557f\serde-1.0.219\src\private\ser.rs:1030:9
     |
1030 |         Err(Self::bad_type(Unsupported::Integer))
     |         ^^^ not found in this scope
     |
help: consider importing this tuple variant
     |
1    + use core::result::Result::Err;
     |

error[E0412]: cannot find type `Result` in this scope
    --> C:\Users\john\.cargo\registry\src\index.crates.io-1949cf8c6b5b557f\serde-1.0.219\src\private\ser.rs:1033:39
     |
1033 |     fn serialize_i32(self, _: i32) -> Result<Self::Ok, Self::Error> {
     |                                       ^^^^^^ not found in this scope
     |
help: consider importing one of these items
     |
1    + use core::fmt::Result;
     |
1    + use core::result::Result;
     |

error[E0425]: cannot find function, tuple struct or tuple variant `Err` in this scope
    --> C:\Users\john\.cargo\registry\src\index.crates.io-1949cf8c6b5b557f\serde-1.0.219\src\private\ser.rs:1034:9
     |
1034 |         Err(Self::bad_type(Unsupported::Integer))
     |         ^^^ not found in this scope
     |
help: consider importing this tuple variant
     |
1    + use core::result::Result::Err;
     |

error[E0412]: cannot find type `Result` in this scope
    --> C:\Users\john\.cargo\registry\src\index.crates.io-1949cf8c6b5b557f\serde-1.0.219\src\private\ser.rs:1037:39
     |
1037 |     fn serialize_i64(self, _: i64) -> Result<Self::Ok, Self::Error> {
     |                                       ^^^^^^ not found in this scope
     |
help: consider importing one of these items
     |
1    + use core::fmt::Result;
     |
1    + use core::result::Result;
     |

error[E0425]: cannot find function, tuple struct or tuple variant `Err` in this scope
    --> C:\Users\john\.cargo\registry\src\index.crates.io-1949cf8c6b5b557f\serde-1.0.219\src\private\ser.rs:1038:9
     |
1038 |         Err(Self::bad_type(Unsupported::Integer))
     |         ^^^ not found in this scope
     |
help: consider importing this tuple variant
     |
1    + use core::result::Result::Err;
     |

error[E0412]: cannot find type `Result` in this scope
    --> C:\Users\john\.cargo\registry\src\index.crates.io-1949cf8c6b5b557f\serde-1.0.219\src\private\ser.rs:1041:37
     |
1041 |     fn serialize_u8(self, _: u8) -> Result<Self::Ok, Self::Error> {
     |                                     ^^^^^^ not found in this scope
     |
help: consider importing one of these items
     |
1    + use core::fmt::Result;
     |
1    + use core::result::Result;
     |

error[E0425]: cannot find function, tuple struct or tuple variant `Err` in this scope
    --> C:\Users\john\.cargo\registry\src\index.crates.io-1949cf8c6b5b557f\serde-1.0.219\src\private\ser.rs:1042:9
     |
1042 |         Err(Self::bad_type(Unsupported::Integer))
     |         ^^^ not found in this scope
     |
help: consider importing this tuple variant
     |
1    + use core::result::Result::Err;
     |

error[E0412]: cannot find type `Result` in this scope
    --> C:\Users\john\.cargo\registry\src\index.crates.io-1949cf8c6b5b557f\serde-1.0.219\src\private\ser.rs:1045:39
     |
1045 |     fn serialize_u16(self, _: u16) -> Result<Self::Ok, Self::Error> {
     |                                       ^^^^^^ not found in this scope
     |
help: consider importing one of these items
     |
1    + use core::fmt::Result;
     |
1    + use core::result::Result;
     |

error[E0425]: cannot find function, tuple struct or tuple variant `Err` in this scope
    --> C:\Users\john\.cargo\registry\src\index.crates.io-1949cf8c6b5b557f\serde-1.0.219\src\private\ser.rs:1046:9
     |
1046 |         Err(Self::bad_type(Unsupported::Integer))
     |         ^^^ not found in this scope
     |
help: consider importing this tuple variant
     |
1    + use core::result::Result::Err;
     |

error[E0412]: cannot find type `Result` in this scope
    --> C:\Users\john\.cargo\registry\src\index.crates.io-1949cf8c6b5b557f\serde-1.0.219\src\private\ser.rs:1049:39
     |
1049 |     fn serialize_u32(self, _: u32) -> Result<Self::Ok, Self::Error> {
     |                                       ^^^^^^ not found in this scope
     |
help: consider importing one of these items
     |
1    + use core::fmt::Result;
     |
1    + use core::result::Result;
     |

error[E0425]: cannot find function, tuple struct or tuple variant `Err` in this scope
    --> C:\Users\john\.cargo\registry\src\index.crates.io-1949cf8c6b5b557f\serde-1.0.219\src\private\ser.rs:1050:9
     |
1050 |         Err(Self::bad_type(Unsupported::Integer))
     |         ^^^ not found in this scope
     |
help: consider importing this tuple variant
     |
1    + use core::result::Result::Err;
     |

error[E0412]: cannot find type `Result` in this scope
    --> C:\Users\john\.cargo\registry\src\index.crates.io-1949cf8c6b5b557f\serde-1.0.219\src\private\ser.rs:1053:39
     |
1053 |     fn serialize_u64(self, _: u64) -> Result<Self::Ok, Self::Error> {
     |                                       ^^^^^^ not found in this scope
     |
help: consider importing one of these items
     |
1    + use core::fmt::Result;
     |
1    + use core::result::Result;
     |

error[E0425]: cannot find function, tuple struct or tuple variant `Err` in this scope
    --> C:\Users\john\.cargo\registry\src\index.crates.io-1949cf8c6b5b557f\serde-1.0.219\src\private\ser.rs:1054:9
     |
1054 |         Err(Self::bad_type(Unsupported::Integer))
     |         ^^^ not found in this scope
     |
help: consider importing this tuple variant
     |
1    + use core::result::Result::Err;
     |

error[E0412]: cannot find type `Result` in this scope
    --> C:\Users\john\.cargo\registry\src\index.crates.io-1949cf8c6b5b557f\serde-1.0.219\src\private\ser.rs:1057:39
     |
1057 |     fn serialize_f32(self, _: f32) -> Result<Self::Ok, Self::Error> {
     |                                       ^^^^^^ not found in this scope
     |
help: consider importing one of these items
     |
1    + use core::fmt::Result;
     |
1    + use core::result::Result;
     |

error[E0425]: cannot find function, tuple struct or tuple variant `Err` in this scope
    --> C:\Users\john\.cargo\registry\src\index.crates.io-1949cf8c6b5b557f\serde-1.0.219\src\private\ser.rs:1058:9
     |
1058 |         Err(Self::bad_type(Unsupported::Float))
     |         ^^^ not found in this scope
     |
help: consider importing this tuple variant
     |
1    + use core::result::Result::Err;
     |

error[E0412]: cannot find type `Result` in this scope
    --> C:\Users\john\.cargo\registry\src\index.crates.io-1949cf8c6b5b557f\serde-1.0.219\src\private\ser.rs:1061:39
     |
1061 |     fn serialize_f64(self, _: f64) -> Result<Self::Ok, Self::Error> {
     |                                       ^^^^^^ not found in this scope
     |
help: consider importing one of these items
     |
1    + use core::fmt::Result;
     |
1    + use core::result::Result;
     |

error[E0425]: cannot find function, tuple struct or tuple variant `Err` in this scope
    --> C:\Users\john\.cargo\registry\src\index.crates.io-1949cf8c6b5b557f\serde-1.0.219\src\private\ser.rs:1062:9
     |
1062 |         Err(Self::bad_type(Unsupported::Float))
     |         ^^^ not found in this scope
     |
help: consider importing this tuple variant
     |
1    + use core::result::Result::Err;
     |

error[E0412]: cannot find type `Result` in this scope
    --> C:\Users\john\.cargo\registry\src\index.crates.io-1949cf8c6b5b557f\serde-1.0.219\src\private\ser.rs:1065:41
     |
1065 |     fn serialize_char(self, _: char) -> Result<Self::Ok, Self::Error> {
     |                                         ^^^^^^ not found in this scope
     |
help: consider importing one of these items
     |
1    + use core::fmt::Result;
     |
1    + use core::result::Result;
     |

error[E0425]: cannot find function, tuple struct or tuple variant `Err` in this scope
    --> C:\Users\john\.cargo\registry\src\index.crates.io-1949cf8c6b5b557f\serde-1.0.219\src\private\ser.rs:1066:9
     |
1066 |         Err(Self::bad_type(Unsupported::Char))
     |         ^^^ not found in this scope
     |
help: consider importing this tuple variant
     |
1    + use core::result::Result::Err;
     |

error[E0412]: cannot find type `Result` in this scope
    --> C:\Users\john\.cargo\registry\src\index.crates.io-1949cf8c6b5b557f\serde-1.0.219\src\private\ser.rs:1069:40
     |
1069 |     fn serialize_str(self, _: &str) -> Result<Self::Ok, Self::Error> {
     |                                        ^^^^^^ not found in this scope
     |
help: consider importing one of these items
     |
1    + use core::fmt::Result;
     |
1    + use core::result::Result;
     |

error[E0425]: cannot find function, tuple struct or tuple variant `Err` in this scope
    --> C:\Users\john\.cargo\registry\src\index.crates.io-1949cf8c6b5b557f\serde-1.0.219\src\private\ser.rs:1070:9
     |
1070 |         Err(Self::bad_type(Unsupported::String))
     |         ^^^ not found in this scope
     |
help: consider importing this tuple variant
     |
1    + use core::result::Result::Err;
     |

error[E0412]: cannot find type `Result` in this scope
    --> C:\Users\john\.cargo\registry\src\index.crates.io-1949cf8c6b5b557f\serde-1.0.219\src\private\ser.rs:1073:43
     |
1073 |     fn serialize_bytes(self, _: &[u8]) -> Result<Self::Ok, Self::Error> {
     |                                           ^^^^^^ not found in this scope
     |
help: consider importing one of these items
     |
1    + use core::fmt::Result;
     |
1    + use core::result::Result;
     |

error[E0425]: cannot find function, tuple struct or tuple variant `Err` in this scope
    --> C:\Users\john\.cargo\registry\src\index.crates.io-1949cf8c6b5b557f\serde-1.0.219\src\private\ser.rs:1074:9
     |
1074 |         Err(Self::bad_type(Unsupported::ByteArray))
     |         ^^^ not found in this scope
     |
help: consider importing this tuple variant
     |
1    + use core::result::Result::Err;
     |

error[E0412]: cannot find type `Result` in this scope
    --> C:\Users\john\.cargo\registry\src\index.crates.io-1949cf8c6b5b557f\serde-1.0.219\src\private\ser.rs:1077:32
     |
1077 |     fn serialize_none(self) -> Result<Self::Ok, Self::Error> {
     |                                ^^^^^^ not found in this scope
     |
help: consider importing one of these items
     |
1    + use core::fmt::Result;
     |
1    + use core::result::Result;
     |

error[E0425]: cannot find function, tuple struct or tuple variant `Ok` in this scope
    --> C:\Users\john\.cargo\registry\src\index.crates.io-1949cf8c6b5b557f\serde-1.0.219\src\private\ser.rs:1078:9
     |
1078 |         Ok(())
     |         ^^ not found in this scope
     |
help: consider importing this tuple variant
     |
1    + use core::result::Result::Ok;
     |

error[E0405]: cannot find trait `Sized` in this scope
    --> C:\Users\john\.cargo\registry\src\index.crates.io-1949cf8c6b5b557f\serde-1.0.219\src\private\ser.rs:1083:13
     |
1083 |         T: ?Sized + Serialize,
     |             ^^^^^ not found in this scope
     |
help: consider importing this trait
     |
1    + use core::marker::Sized;
     |

error[E0412]: cannot find type `Result` in this scope
    --> C:\Users\john\.cargo\registry\src\index.crates.io-1949cf8c6b5b557f\serde-1.0.219\src\private\ser.rs:1081:46
     |
1081 |     fn serialize_some<T>(self, value: &T) -> Result<Self::Ok, Self::Error>
     |                                              ^^^^^^ not found in this scope
     |
help: consider importing one of these items
     |
1    + use core::fmt::Result;
     |
1    + use core::result::Result;
     |

error[E0412]: cannot find type `Result` in this scope
    --> C:\Users\john\.cargo\registry\src\index.crates.io-1949cf8c6b5b557f\serde-1.0.219\src\private\ser.rs:1088:32
     |
1088 |     fn serialize_unit(self) -> Result<Self::Ok, Self::Error> {
     |                                ^^^^^^ not found in this scope
     |
help: consider importing one of these items
     |
1    + use core::fmt::Result;
     |
1    + use core::result::Result;
     |

error[E0425]: cannot find function, tuple struct or tuple variant `Ok` in this scope
    --> C:\Users\john\.cargo\registry\src\index.crates.io-1949cf8c6b5b557f\serde-1.0.219\src\private\ser.rs:1089:9
     |
1089 |         Ok(())
     |         ^^ not found in this scope
     |
help: consider importing this tuple variant
     |
1    + use core::result::Result::Ok;
     |

error[E0412]: cannot find type `Result` in this scope
    --> C:\Users\john\.cargo\registry\src\index.crates.io-1949cf8c6b5b557f\serde-1.0.219\src\private\ser.rs:1092:56
     |
1092 |     fn serialize_unit_struct(self, _: &'static str) -> Result<Self::Ok, Self::Error> {
     |                                                        ^^^^^^ not found in this scope
     |
help: consider importing one of these items
     |
1    + use core::fmt::Result;
     |
1    + use core::result::Result;
     |

error[E0425]: cannot find function, tuple struct or tuple variant `Ok` in this scope
    --> C:\Users\john\.cargo\registry\src\index.crates.io-1949cf8c6b5b557f\serde-1.0.219\src\private\ser.rs:1093:9
     |
1093 |         Ok(())
     |         ^^ not found in this scope
     |
help: consider importing this tuple variant
     |
1    + use core::result::Result::Ok;
     |

error[E0412]: cannot find type `Result` in this scope
    --> C:\Users\john\.cargo\registry\src\index.crates.io-1949cf8c6b5b557f\serde-1.0.219\src\private\ser.rs:1101:10
     |
1101 |     ) -> Result<Self::Ok, Self::Error> {
     |          ^^^^^^ not found in this scope
     |
help: consider importing one of these items
     |
1    + use core::fmt::Result;
     |
1    + use core::result::Result;
     |

error[E0405]: cannot find trait `Sized` in this scope
    --> C:\Users\john\.cargo\registry\src\index.crates.io-1949cf8c6b5b557f\serde-1.0.219\src\private\ser.rs:1111:13
     |
1111 |         T: ?Sized + Serialize,
     |             ^^^^^ not found in this scope
     |
help: consider importing this trait
     |
1    + use core::marker::Sized;
     |

error[E0412]: cannot find type `Result` in this scope
    --> C:\Users\john\.cargo\registry\src\index.crates.io-1949cf8c6b5b557f\serde-1.0.219\src\private\ser.rs:1109:10
     |
1109 |     ) -> Result<Self::Ok, Self::Error>
     |          ^^^^^^ not found in this scope
     |
help: consider importing one of these items
     |
1    + use core::fmt::Result;
     |
1    + use core::result::Result;
     |

error[E0405]: cannot find trait `Sized` in this scope
    --> C:\Users\john\.cargo\registry\src\index.crates.io-1949cf8c6b5b557f\serde-1.0.219\src\private\ser.rs:1124:13
     |
1124 |         T: ?Sized + Serialize,
     |             ^^^^^ not found in this scope
     |
help: consider importing this trait
     |
1    + use core::marker::Sized;
     |

error[E0412]: cannot find type `Result` in this scope
    --> C:\Users\john\.cargo\registry\src\index.crates.io-1949cf8c6b5b557f\serde-1.0.219\src\private\ser.rs:1122:10
     |
1122 |     ) -> Result<Self::Ok, Self::Error>
     |          ^^^^^^ not found in this scope
     |
help: consider importing one of these items
     |
1    + use core::fmt::Result;
     |
1    + use core::result::Result;
     |

error[E0412]: cannot find type `Option` in this scope
    --> C:\Users\john\.cargo\registry\src\index.crates.io-1949cf8c6b5b557f\serde-1.0.219\src\private\ser.rs:1129:31
     |
1129 |     fn serialize_seq(self, _: Option<usize>) -> Result<Self::SerializeSeq, Self::Error> {
     |                               ^^^^^^ not found in this scope
     |
help: consider importing this enum
     |
1    + use core::option::Option;
     |

error[E0412]: cannot find type `Result` in this scope
    --> C:\Users\john\.cargo\registry\src\index.crates.io-1949cf8c6b5b557f\serde-1.0.219\src\private\ser.rs:1129:49
     |
1129 |     fn serialize_seq(self, _: Option<usize>) -> Result<Self::SerializeSeq, Self::Error> {
     |                                                 ^^^^^^ not found in this scope
     |
help: consider importing one of these items
     |
1    + use core::fmt::Result;
     |
1    + use core::result::Result;
     |

error[E0425]: cannot find function, tuple struct or tuple variant `Err` in this scope
    --> C:\Users\john\.cargo\registry\src\index.crates.io-1949cf8c6b5b557f\serde-1.0.219\src\private\ser.rs:1130:9
     |
1130 |         Err(Self::bad_type(Unsupported::Sequence))
     |         ^^^ not found in this scope
     |
help: consider importing this tuple variant
     |
1    + use core::result::Result::Err;
     |

error[E0412]: cannot find type `Result` in this scope
    --> C:\Users\john\.cargo\registry\src\index.crates.io-1949cf8c6b5b557f\serde-1.0.219\src\private\ser.rs:1133:43
     |
1133 |     fn serialize_tuple(self, _: usize) -> Result<Self::SerializeTuple, Self::Error> {
     |                                           ^^^^^^ not found in this scope
     |
help: consider importing one of these items
     |
1    + use core::fmt::Result;
     |
1    + use core::result::Result;
     |

error[E0425]: cannot find function, tuple struct or tuple variant `Err` in this scope
    --> C:\Users\john\.cargo\registry\src\index.crates.io-1949cf8c6b5b557f\serde-1.0.219\src\private\ser.rs:1134:9
     |
1134 |         Err(Self::bad_type(Unsupported::Tuple))
     |         ^^^ not found in this scope
     |
help: consider importing this tuple variant
     |
1    + use core::result::Result::Err;
     |

error[E0412]: cannot find type `Result` in this scope
    --> C:\Users\john\.cargo\registry\src\index.crates.io-1949cf8c6b5b557f\serde-1.0.219\src\private\ser.rs:1141:10
     |
1141 |     ) -> Result<Self::SerializeTupleStruct, Self::Error> {
     |          ^^^^^^ not found in this scope
     |
help: consider importing one of these items
     |
1    + use core::fmt::Result;
     |
1    + use core::result::Result;
     |

error[E0425]: cannot find function, tuple struct or tuple variant `Err` in this scope
    --> C:\Users\john\.cargo\registry\src\index.crates.io-1949cf8c6b5b557f\serde-1.0.219\src\private\ser.rs:1142:9
     |
1142 |         Err(Self::bad_type(Unsupported::TupleStruct))
     |         ^^^ not found in this scope
     |
help: consider importing this tuple variant
     |
1    + use core::result::Result::Err;
     |

error[E0412]: cannot find type `Result` in this scope
    --> C:\Users\john\.cargo\registry\src\index.crates.io-1949cf8c6b5b557f\serde-1.0.219\src\private\ser.rs:1151:10
     |
1151 |     ) -> Result<Self::SerializeTupleVariant, Self::Error> {
     |          ^^^^^^ not found in this scope
     |
help: consider importing one of these items
     |
1    + use core::fmt::Result;
     |
1    + use core::result::Result;
     |

error[E0531]: cannot find tuple struct or tuple variant `Ok` in this scope
    --> C:\Users\john\.cargo\registry\src\index.crates.io-1949cf8c6b5b557f\serde-1.0.219\src\lib.rs:298:13
     |
298  |             Ok(val) => val,
     |             ^^ not found in this scope
     |
    ::: C:\Users\john\.cargo\registry\src\index.crates.io-1949cf8c6b5b557f\serde-1.0.219\src\private\ser.rs:1152:9
     |
1152 |         tri!(self.0.serialize_key(variant));
     |         ----------------------------------- in this macro invocation
     |
     = note: this error originates in the macro `tri` (in Nightly builds, run with -Z macro-backtrace for more info)
help: consider importing this tuple variant
    -->  C:\Users\john\.cargo\registry\src\index.crates.io-1949cf8c6b5b557f\serde-1.0.219\src\private\ser.rs:1:1
     |
1    + use core::result::Result::Ok;
     |

error[E0531]: cannot find tuple struct or tuple variant `Err` in this scope
    --> C:\Users\john\.cargo\registry\src\index.crates.io-1949cf8c6b5b557f\serde-1.0.219\src\lib.rs:299:13
     |
299  |             Err(err) => return Err(err),
     |             ^^^ not found in this scope
     |
    ::: C:\Users\john\.cargo\registry\src\index.crates.io-1949cf8c6b5b557f\serde-1.0.219\src\private\ser.rs:1152:9
     |
1152 |         tri!(self.0.serialize_key(variant));
     |         ----------------------------------- in this macro invocation
     |
     = note: this error originates in the macro `tri` (in Nightly builds, run with -Z macro-backtrace for more info)
help: consider importing this tuple variant
    -->  C:\Users\john\.cargo\registry\src\index.crates.io-1949cf8c6b5b557f\serde-1.0.219\src\private\ser.rs:1:1
     |
1    + use core::result::Result::Err;
     |

error[E0425]: cannot find function, tuple struct or tuple variant `Err` in this scope
    --> C:\Users\john\.cargo\registry\src\index.crates.io-1949cf8c6b5b557f\serde-1.0.219\src\lib.rs:299:32
     |
299  |             Err(err) => return Err(err),
     |                                ^^^
     |
    ::: C:\Users\john\.cargo\registry\src\index.crates.io-1949cf8c6b5b557f\serde-1.0.219\src\private\ser.rs:1152:9
     |
1152 |         tri!(self.0.serialize_key(variant));
     |         ----------------------------------- in this macro invocation
     |
     = note: this error originates in the macro `tri` (in Nightly builds, run with -Z macro-backtrace for more info)
help: a local variable with a similar name exists
     |
299  -             Err(err) => return Err(err),
299  +             Err(err) => return err(err),
     |
help: consider importing this tuple variant
    -->  C:\Users\john\.cargo\registry\src\index.crates.io-1949cf8c6b5b557f\serde-1.0.219\src\private\ser.rs:1:1
     |
1    + use core::result::Result::Err;
     |

error[E0425]: cannot find function, tuple struct or tuple variant `Ok` in this scope
    --> C:\Users\john\.cargo\registry\src\index.crates.io-1949cf8c6b5b557f\serde-1.0.219\src\private\ser.rs:1153:9
     |
1153 |         Ok(FlatMapSerializeTupleVariantAsMapValue::new(self.0))
     |         ^^ not found in this scope
     |
help: consider importing this tuple variant
     |
1    + use core::result::Result::Ok;
     |

error[E0412]: cannot find type `Option` in this scope
    --> C:\Users\john\.cargo\registry\src\index.crates.io-1949cf8c6b5b557f\serde-1.0.219\src\private\ser.rs:1156:31
     |
1156 |     fn serialize_map(self, _: Option<usize>) -> Result<Self::SerializeMap, Self::Error> {
     |                               ^^^^^^ not found in this scope
     |
help: consider importing this enum
     |
1    + use core::option::Option;
     |

error[E0412]: cannot find type `Result` in this scope
    --> C:\Users\john\.cargo\registry\src\index.crates.io-1949cf8c6b5b557f\serde-1.0.219\src\private\ser.rs:1156:49
     |
1156 |     fn serialize_map(self, _: Option<usize>) -> Result<Self::SerializeMap, Self::Error> {
     |                                                 ^^^^^^ not found in this scope
     |
help: consider importing one of these items
     |
1    + use core::fmt::Result;
     |
1    + use core::result::Result;
     |

error[E0425]: cannot find function, tuple struct or tuple variant `Ok` in this scope
    --> C:\Users\john\.cargo\registry\src\index.crates.io-1949cf8c6b5b557f\serde-1.0.219\src\private\ser.rs:1157:9
     |
1157 |         Ok(FlatMapSerializeMap(self.0))
     |         ^^ not found in this scope
     |
help: consider importing this tuple variant
     |
1    + use core::result::Result::Ok;
     |

error[E0412]: cannot find type `Result` in this scope
    --> C:\Users\john\.cargo\registry\src\index.crates.io-1949cf8c6b5b557f\serde-1.0.219\src\private\ser.rs:1164:10
     |
1164 |     ) -> Result<Self::SerializeStruct, Self::Error> {
     |          ^^^^^^ not found in this scope
     |
help: consider importing one of these items
     |
1    + use core::fmt::Result;
     |
1    + use core::result::Result;
     |

error[E0425]: cannot find function, tuple struct or tuple variant `Ok` in this scope
    --> C:\Users\john\.cargo\registry\src\index.crates.io-1949cf8c6b5b557f\serde-1.0.219\src\private\ser.rs:1165:9
     |
1165 |         Ok(FlatMapSerializeStruct(self.0))
     |         ^^ not found in this scope
     |
help: consider importing this tuple variant
     |
1    + use core::result::Result::Ok;
     |

error[E0412]: cannot find type `Result` in this scope
    --> C:\Users\john\.cargo\registry\src\index.crates.io-1949cf8c6b5b557f\serde-1.0.219\src\private\ser.rs:1174:10
     |
1174 |     ) -> Result<Self::SerializeStructVariant, Self::Error> {
     |          ^^^^^^ not found in this scope
     |
help: consider importing one of these items
     |
1    + use core::fmt::Result;
     |
1    + use core::result::Result;
     |

error[E0531]: cannot find tuple struct or tuple variant `Ok` in this scope
    --> C:\Users\john\.cargo\registry\src\index.crates.io-1949cf8c6b5b557f\serde-1.0.219\src\lib.rs:298:13
     |
298  |             Ok(val) => val,
     |             ^^ not found in this scope
     |
    ::: C:\Users\john\.cargo\registry\src\index.crates.io-1949cf8c6b5b557f\serde-1.0.219\src\private\ser.rs:1175:9
     |
1175 |         tri!(self.0.serialize_key(inner_variant));
     |         ----------------------------------------- in this macro invocation
     |
     = note: this error originates in the macro `tri` (in Nightly builds, run with -Z macro-backtrace for more info)
help: consider importing this tuple variant
    -->  C:\Users\john\.cargo\registry\src\index.crates.io-1949cf8c6b5b557f\serde-1.0.219\src\private\ser.rs:1:1
     |
1    + use core::result::Result::Ok;
     |

error[E0531]: cannot find tuple struct or tuple variant `Err` in this scope
    --> C:\Users\john\.cargo\registry\src\index.crates.io-1949cf8c6b5b557f\serde-1.0.219\src\lib.rs:299:13
     |
299  |             Err(err) => return Err(err),
     |             ^^^ not found in this scope
     |
    ::: C:\Users\john\.cargo\registry\src\index.crates.io-1949cf8c6b5b557f\serde-1.0.219\src\private\ser.rs:1175:9
     |
1175 |         tri!(self.0.serialize_key(inner_variant));
     |         ----------------------------------------- in this macro invocation
     |
     = note: this error originates in the macro `tri` (in Nightly builds, run with -Z macro-backtrace for more info)
help: consider importing this tuple variant
    -->  C:\Users\john\.cargo\registry\src\index.crates.io-1949cf8c6b5b557f\serde-1.0.219\src\private\ser.rs:1:1
     |
1    + use core::result::Result::Err;
     |

error[E0425]: cannot find function, tuple struct or tuple variant `Err` in this scope
    --> C:\Users\john\.cargo\registry\src\index.crates.io-1949cf8c6b5b557f\serde-1.0.219\src\lib.rs:299:32
     |
299  |             Err(err) => return Err(err),
     |                                ^^^
     |
    ::: C:\Users\john\.cargo\registry\src\index.crates.io-1949cf8c6b5b557f\serde-1.0.219\src\private\ser.rs:1175:9
     |
1175 |         tri!(self.0.serialize_key(inner_variant));
     |         ----------------------------------------- in this macro invocation
     |
     = note: this error originates in the macro `tri` (in Nightly builds, run with -Z macro-backtrace for more info)
help: a local variable with a similar name exists
     |
299  -             Err(err) => return Err(err),
299  +             Err(err) => return err(err),
     |
help: consider importing this tuple variant
    -->  C:\Users\john\.cargo\registry\src\index.crates.io-1949cf8c6b5b557f\serde-1.0.219\src\private\ser.rs:1:1
     |
1    + use core::result::Result::Err;
     |

error[E0425]: cannot find function, tuple struct or tuple variant `Ok` in this scope
    --> C:\Users\john\.cargo\registry\src\index.crates.io-1949cf8c6b5b557f\serde-1.0.219\src\private\ser.rs:1176:9
     |
1176 |         Ok(FlatMapSerializeStructVariantAsMapValue::new(
     |         ^^ not found in this scope
     |
help: consider importing this tuple variant
     |
1    + use core::result::Result::Ok;
     |

error[E0405]: cannot find trait `Sized` in this scope
    --> C:\Users\john\.cargo\registry\src\index.crates.io-1949cf8c6b5b557f\serde-1.0.219\src\private\ser.rs:1196:13
     |
1196 |         T: ?Sized + Serialize,
     |             ^^^^^ not found in this scope
     |
help: consider importing this trait
     |
1    + use core::marker::Sized;
     |

error[E0412]: cannot find type `Result` in this scope
    --> C:\Users\john\.cargo\registry\src\index.crates.io-1949cf8c6b5b557f\serde-1.0.219\src\private\ser.rs:1194:48
     |
1194 |     fn serialize_key<T>(&mut self, key: &T) -> Result<(), Self::Error>
     |                                                ^^^^^^ not found in this scope
     |
help: consider importing one of these items
     |
1    + use core::fmt::Result;
     |
1    + use core::result::Result;
     |

error[E0405]: cannot find trait `Sized` in this scope
    --> C:\Users\john\.cargo\registry\src\index.crates.io-1949cf8c6b5b557f\serde-1.0.219\src\private\ser.rs:1203:13
     |
1203 |         T: ?Sized + Serialize,
     |             ^^^^^ not found in this scope
     |
help: consider importing this trait
     |
1    + use core::marker::Sized;
     |

error[E0412]: cannot find type `Result` in this scope
    --> C:\Users\john\.cargo\registry\src\index.crates.io-1949cf8c6b5b557f\serde-1.0.219\src\private\ser.rs:1201:52
     |
1201 |     fn serialize_value<T>(&mut self, value: &T) -> Result<(), Self::Error>
     |                                                    ^^^^^^ not found in this scope
     |
help: consider importing one of these items
     |
1    + use core::fmt::Result;
     |
1    + use core::result::Result;
     |

error[E0405]: cannot find trait `Sized` in this scope
    --> C:\Users\john\.cargo\registry\src\index.crates.io-1949cf8c6b5b557f\serde-1.0.219\src\private\ser.rs:1210:13
     |
1210 |         K: ?Sized + Serialize,
     |             ^^^^^ not found in this scope
     |
help: consider importing this trait
     |
1    + use core::marker::Sized;
     |

error[E0405]: cannot find trait `Sized` in this scope
    --> C:\Users\john\.cargo\registry\src\index.crates.io-1949cf8c6b5b557f\serde-1.0.219\src\private\ser.rs:1211:13
     |
1211 |         V: ?Sized + Serialize,
     |             ^^^^^ not found in this scope
     |
help: consider importing this trait
     |
1    + use core::marker::Sized;
     |

error[E0412]: cannot find type `Result` in this scope
    --> C:\Users\john\.cargo\registry\src\index.crates.io-1949cf8c6b5b557f\serde-1.0.219\src\private\ser.rs:1208:64
     |
1208 |     fn serialize_entry<K, V>(&mut self, key: &K, value: &V) -> Result<(), Self::Error>
     |                                                                ^^^^^^ not found in this scope
     |
help: consider importing one of these items
     |
1    + use core::fmt::Result;
     |
1    + use core::result::Result;
     |

error[E0412]: cannot find type `Result` in this scope
    --> C:\Users\john\.cargo\registry\src\index.crates.io-1949cf8c6b5b557f\serde-1.0.219\src\private\ser.rs:1216:21
     |
1216 |     fn end(self) -> Result<(), Self::Error> {
     |                     ^^^^^^ not found in this scope
     |
help: consider importing one of these items
     |
1    + use core::fmt::Result;
     |
1    + use core::result::Result;
     |

error[E0425]: cannot find function, tuple struct or tuple variant `Ok` in this scope
    --> C:\Users\john\.cargo\registry\src\index.crates.io-1949cf8c6b5b557f\serde-1.0.219\src\private\ser.rs:1217:9
     |
1217 |         Ok(())
     |         ^^ not found in this scope
     |
help: consider importing this tuple variant
     |
1    + use core::result::Result::Ok;
     |

error[E0405]: cannot find trait `Sized` in this scope
    --> C:\Users\john\.cargo\registry\src\index.crates.io-1949cf8c6b5b557f\serde-1.0.219\src\private\ser.rs:1234:13
     |
1234 |         T: ?Sized + Serialize,
     |             ^^^^^ not found in this scope
     |
help: consider importing this trait
     |
1    + use core::marker::Sized;
     |

error[E0412]: cannot find type `Result` in this scope
    --> C:\Users\john\.cargo\registry\src\index.crates.io-1949cf8c6b5b557f\serde-1.0.219\src\private\ser.rs:1232:71
     |
1232 |     fn serialize_field<T>(&mut self, key: &'static str, value: &T) -> Result<(), Self::Error>
     |                                                                       ^^^^^^ not found in this scope
     |
help: consider importing one of these items
     |
1    + use core::fmt::Result;
     |
1    + use core::result::Result;
     |

error[E0412]: cannot find type `Result` in this scope
    --> C:\Users\john\.cargo\registry\src\index.crates.io-1949cf8c6b5b557f\serde-1.0.219\src\private\ser.rs:1239:21
     |
1239 |     fn end(self) -> Result<(), Self::Error> {
     |                     ^^^^^^ not found in this scope
     |
help: consider importing one of these items
     |
1    + use core::fmt::Result;
     |
1    + use core::result::Result;
     |

error[E0425]: cannot find function, tuple struct or tuple variant `Ok` in this scope
    --> C:\Users\john\.cargo\registry\src\index.crates.io-1949cf8c6b5b557f\serde-1.0.219\src\private\ser.rs:1240:9
     |
1240 |         Ok(())
     |         ^^ not found in this scope
     |
help: consider importing this tuple variant
     |
1    + use core::result::Result::Ok;
     |

error[E0405]: cannot find trait `Sized` in this scope
    --> C:\Users\john\.cargo\registry\src\index.crates.io-1949cf8c6b5b557f\serde-1.0.219\src\private\ser.rs:1275:13
     |
1275 |         T: ?Sized + Serialize,
     |             ^^^^^ not found in this scope
     |
help: consider importing this trait
     |
1    + use core::marker::Sized;
     |

error[E0412]: cannot find type `Result` in this scope
    --> C:\Users\john\.cargo\registry\src\index.crates.io-1949cf8c6b5b557f\serde-1.0.219\src\private\ser.rs:1273:52
     |
1273 |     fn serialize_field<T>(&mut self, value: &T) -> Result<(), Self::Error>
     |                                                    ^^^^^^ not found in this scope
     |
help: consider importing one of these items
     |
1    + use core::fmt::Result;
     |
1    + use core::result::Result;
     |

error[E0531]: cannot find tuple struct or tuple variant `Ok` in this scope
    --> C:\Users\john\.cargo\registry\src\index.crates.io-1949cf8c6b5b557f\serde-1.0.219\src\lib.rs:298:13
     |
298  |             Ok(val) => val,
     |             ^^ not found in this scope
     |
    ::: C:\Users\john\.cargo\registry\src\index.crates.io-1949cf8c6b5b557f\serde-1.0.219\src\private\ser.rs:1277:21
     |
1277 |         let value = tri!(value.serialize(ContentSerializer::<M::Error>::new()));
     |                     ----------------------------------------------------------- in this macro invocation
     |
     = note: this error originates in the macro `tri` (in Nightly builds, run with -Z macro-backtrace for more info)
help: consider importing this tuple variant
    -->  C:\Users\john\.cargo\registry\src\index.crates.io-1949cf8c6b5b557f\serde-1.0.219\src\private\ser.rs:1:1
     |
1    + use core::result::Result::Ok;
     |

error[E0531]: cannot find tuple struct or tuple variant `Err` in this scope
    --> C:\Users\john\.cargo\registry\src\index.crates.io-1949cf8c6b5b557f\serde-1.0.219\src\lib.rs:299:13
     |
299  |             Err(err) => return Err(err),
     |             ^^^ not found in this scope
     |
    ::: C:\Users\john\.cargo\registry\src\index.crates.io-1949cf8c6b5b557f\serde-1.0.219\src\private\ser.rs:1277:21
     |
1277 |         let value = tri!(value.serialize(ContentSerializer::<M::Error>::new()));
     |                     ----------------------------------------------------------- in this macro invocation
     |
     = note: this error originates in the macro `tri` (in Nightly builds, run with -Z macro-backtrace for more info)
help: consider importing this tuple variant
    -->  C:\Users\john\.cargo\registry\src\index.crates.io-1949cf8c6b5b557f\serde-1.0.219\src\private\ser.rs:1:1
     |
1    + use core::result::Result::Err;
     |

error[E0425]: cannot find function, tuple struct or tuple variant `Err` in this scope
    --> C:\Users\john\.cargo\registry\src\index.crates.io-1949cf8c6b5b557f\serde-1.0.219\src\lib.rs:299:32
     |
299  |             Err(err) => return Err(err),
     |                                ^^^
     |
    ::: C:\Users\john\.cargo\registry\src\index.crates.io-1949cf8c6b5b557f\serde-1.0.219\src\private\ser.rs:1277:21
     |
1277 |         let value = tri!(value.serialize(ContentSerializer::<M::Error>::new()));
     |                     ----------------------------------------------------------- in this macro invocation
     |
     = note: this error originates in the macro `tri` (in Nightly builds, run with -Z macro-backtrace for more info)
help: a local variable with a similar name exists
     |
299  -             Err(err) => return Err(err),
299  +             Err(err) => return err(err),
     |
help: consider importing this tuple variant
    -->  C:\Users\john\.cargo\registry\src\index.crates.io-1949cf8c6b5b557f\serde-1.0.219\src\private\ser.rs:1:1
     |
1    + use core::result::Result::Err;
     |

error[E0425]: cannot find function, tuple struct or tuple variant `Ok` in this scope
    --> C:\Users\john\.cargo\registry\src\index.crates.io-1949cf8c6b5b557f\serde-1.0.219\src\private\ser.rs:1279:9
     |
1279 |         Ok(())
     |         ^^ not found in this scope
     |
help: consider importing this tuple variant
     |
1    + use core::result::Result::Ok;
     |

error[E0412]: cannot find type `Result` in this scope
    --> C:\Users\john\.cargo\registry\src\index.crates.io-1949cf8c6b5b557f\serde-1.0.219\src\private\ser.rs:1282:21
     |
1282 |     fn end(self) -> Result<(), Self::Error> {
     |                     ^^^^^^ not found in this scope
     |
help: consider importing one of these items
     |
1    + use core::fmt::Result;
     |
1    + use core::result::Result;
     |

error[E0531]: cannot find tuple struct or tuple variant `Ok` in this scope
    --> C:\Users\john\.cargo\registry\src\index.crates.io-1949cf8c6b5b557f\serde-1.0.219\src\lib.rs:298:13
     |
298  |             Ok(val) => val,
     |             ^^ not found in this scope
     |
    ::: C:\Users\john\.cargo\registry\src\index.crates.io-1949cf8c6b5b557f\serde-1.0.219\src\private\ser.rs:1283:9
     |
1283 |         tri!(self.map.serialize_value(&Content::Seq(self.fields)));
     |         ---------------------------------------------------------- in this macro invocation
     |
     = note: this error originates in the macro `tri` (in Nightly builds, run with -Z macro-backtrace for more info)
help: consider importing this tuple variant
    -->  C:\Users\john\.cargo\registry\src\index.crates.io-1949cf8c6b5b557f\serde-1.0.219\src\private\ser.rs:1:1
     |
1    + use core::result::Result::Ok;
     |

error[E0531]: cannot find tuple struct or tuple variant `Err` in this scope
    --> C:\Users\john\.cargo\registry\src\index.crates.io-1949cf8c6b5b557f\serde-1.0.219\src\lib.rs:299:13
     |
299  |             Err(err) => return Err(err),
     |             ^^^ not found in this scope
     |
    ::: C:\Users\john\.cargo\registry\src\index.crates.io-1949cf8c6b5b557f\serde-1.0.219\src\private\ser.rs:1283:9
     |
1283 |         tri!(self.map.serialize_value(&Content::Seq(self.fields)));
     |         ---------------------------------------------------------- in this macro invocation
     |
     = note: this error originates in the macro `tri` (in Nightly builds, run with -Z macro-backtrace for more info)
help: consider importing this tuple variant
    -->  C:\Users\john\.cargo\registry\src\index.crates.io-1949cf8c6b5b557f\serde-1.0.219\src\private\ser.rs:1:1
     |
1    + use core::result::Result::Err;
     |

error[E0425]: cannot find function, tuple struct or tuple variant `Err` in this scope
    --> C:\Users\john\.cargo\registry\src\index.crates.io-1949cf8c6b5b557f\serde-1.0.219\src\lib.rs:299:32
     |
299  |             Err(err) => return Err(err),
     |                                ^^^
     |
    ::: C:\Users\john\.cargo\registry\src\index.crates.io-1949cf8c6b5b557f\serde-1.0.219\src\private\ser.rs:1283:9
     |
1283 |         tri!(self.map.serialize_value(&Content::Seq(self.fields)));
     |         ---------------------------------------------------------- in this macro invocation
     |
     = note: this error originates in the macro `tri` (in Nightly builds, run with -Z macro-backtrace for more info)
help: a local variable with a similar name exists
     |
299  -             Err(err) => return Err(err),
299  +             Err(err) => return err(err),
     |
help: consider importing this tuple variant
    -->  C:\Users\john\.cargo\registry\src\index.crates.io-1949cf8c6b5b557f\serde-1.0.219\src\private\ser.rs:1:1
     |
1    + use core::result::Result::Err;
     |

error[E0425]: cannot find function, tuple struct or tuple variant `Ok` in this scope
    --> C:\Users\john\.cargo\registry\src\index.crates.io-1949cf8c6b5b557f\serde-1.0.219\src\private\ser.rs:1284:9
     |
1284 |         Ok(())
     |         ^^ not found in this scope
     |
help: consider importing this tuple variant
     |
1    + use core::result::Result::Ok;
     |

error[E0405]: cannot find trait `Sized` in this scope
    --> C:\Users\john\.cargo\registry\src\index.crates.io-1949cf8c6b5b557f\serde-1.0.219\src\private\ser.rs:1321:13
     |
1321 |         T: ?Sized + Serialize,
     |             ^^^^^ not found in this scope
     |
help: consider importing this trait
     |
1    + use core::marker::Sized;
     |

error[E0412]: cannot find type `Result` in this scope
    --> C:\Users\john\.cargo\registry\src\index.crates.io-1949cf8c6b5b557f\serde-1.0.219\src\private\ser.rs:1319:71
     |
1319 |     fn serialize_field<T>(&mut self, key: &'static str, value: &T) -> Result<(), Self::Error>
     |                                                                       ^^^^^^ not found in this scope
     |
help: consider importing one of these items
     |
1    + use core::fmt::Result;
     |
1    + use core::result::Result;
     |

error[E0531]: cannot find tuple struct or tuple variant `Ok` in this scope
    --> C:\Users\john\.cargo\registry\src\index.crates.io-1949cf8c6b5b557f\serde-1.0.219\src\lib.rs:298:13
     |
298  |             Ok(val) => val,
     |             ^^ not found in this scope
     |
    ::: C:\Users\john\.cargo\registry\src\index.crates.io-1949cf8c6b5b557f\serde-1.0.219\src\private\ser.rs:1323:21
     |
1323 |         let value = tri!(value.serialize(ContentSerializer::<M::Error>::new()));
     |                     ----------------------------------------------------------- in this macro invocation
     |
     = note: this error originates in the macro `tri` (in Nightly builds, run with -Z macro-backtrace for more info)
help: consider importing this tuple variant
    -->  C:\Users\john\.cargo\registry\src\index.crates.io-1949cf8c6b5b557f\serde-1.0.219\src\private\ser.rs:1:1
     |
1    + use core::result::Result::Ok;
     |

error[E0531]: cannot find tuple struct or tuple variant `Err` in this scope
    --> C:\Users\john\.cargo\registry\src\index.crates.io-1949cf8c6b5b557f\serde-1.0.219\src\lib.rs:299:13
     |
299  |             Err(err) => return Err(err),
     |             ^^^ not found in this scope
     |
    ::: C:\Users\john\.cargo\registry\src\index.crates.io-1949cf8c6b5b557f\serde-1.0.219\src\private\ser.rs:1323:21
     |
1323 |         let value = tri!(value.serialize(ContentSerializer::<M::Error>::new()));
     |                     ----------------------------------------------------------- in this macro invocation
     |
     = note: this error originates in the macro `tri` (in Nightly builds, run with -Z macro-backtrace for more info)
help: consider importing this tuple variant
    -->  C:\Users\john\.cargo\registry\src\index.crates.io-1949cf8c6b5b557f\serde-1.0.219\src\private\ser.rs:1:1
     |
1    + use core::result::Result::Err;
     |

error[E0425]: cannot find function, tuple struct or tuple variant `Err` in this scope
    --> C:\Users\john\.cargo\registry\src\index.crates.io-1949cf8c6b5b557f\serde-1.0.219\src\lib.rs:299:32
     |
299  |             Err(err) => return Err(err),
     |                                ^^^
     |
    ::: C:\Users\john\.cargo\registry\src\index.crates.io-1949cf8c6b5b557f\serde-1.0.219\src\private\ser.rs:1323:21
     |
1323 |         let value = tri!(value.serialize(ContentSerializer::<M::Error>::new()));
     |                     ----------------------------------------------------------- in this macro invocation
     |
     = note: this error originates in the macro `tri` (in Nightly builds, run with -Z macro-backtrace for more info)
help: a local variable with a similar name exists
     |
299  -             Err(err) => return Err(err),
299  +             Err(err) => return err(err),
     |
help: consider importing this tuple variant
    -->  C:\Users\john\.cargo\registry\src\index.crates.io-1949cf8c6b5b557f\serde-1.0.219\src\private\ser.rs:1:1
     |
1    + use core::result::Result::Err;
     |

error[E0425]: cannot find function, tuple struct or tuple variant `Ok` in this scope
    --> C:\Users\john\.cargo\registry\src\index.crates.io-1949cf8c6b5b557f\serde-1.0.219\src\private\ser.rs:1325:9
     |
1325 |         Ok(())
     |         ^^ not found in this scope
     |
help: consider importing this tuple variant
     |
1    + use core::result::Result::Ok;
     |

error[E0412]: cannot find type `Result` in this scope
    --> C:\Users\john\.cargo\registry\src\index.crates.io-1949cf8c6b5b557f\serde-1.0.219\src\private\ser.rs:1328:21
     |
1328 |     fn end(self) -> Result<(), Self::Error> {
     |                     ^^^^^^ not found in this scope
     |
help: consider importing one of these items
     |
1    + use core::fmt::Result;
     |
1    + use core::result::Result;
     |

error[E0531]: cannot find tuple struct or tuple variant `Ok` in this scope
    --> C:\Users\john\.cargo\registry\src\index.crates.io-1949cf8c6b5b557f\serde-1.0.219\src\lib.rs:298:13
     |
298  |               Ok(val) => val,
     |               ^^ not found in this scope
     |
    ::: C:\Users\john\.cargo\registry\src\index.crates.io-1949cf8c6b5b557f\serde-1.0.219\src\private\ser.rs:1329:9
     |
1329 | /         tri!(self
1330 | |             .map
1331 | |             .serialize_value(&Content::Struct(self.name, self.fields)));
     | |_______________________________________________________________________- in this macro invocation
     |
     = note: this error originates in the macro `tri` (in Nightly builds, run with -Z macro-backtrace for more info)
help: consider importing this tuple variant
    -->  C:\Users\john\.cargo\registry\src\index.crates.io-1949cf8c6b5b557f\serde-1.0.219\src\private\ser.rs:1:1
     |
1    + use core::result::Result::Ok;
     |

error[E0531]: cannot find tuple struct or tuple variant `Err` in this scope
    --> C:\Users\john\.cargo\registry\src\index.crates.io-1949cf8c6b5b557f\serde-1.0.219\src\lib.rs:299:13
     |
299  |               Err(err) => return Err(err),
     |               ^^^ not found in this scope
     |
    ::: C:\Users\john\.cargo\registry\src\index.crates.io-1949cf8c6b5b557f\serde-1.0.219\src\private\ser.rs:1329:9
     |
1329 | /         tri!(self
1330 | |             .map
1331 | |             .serialize_value(&Content::Struct(self.name, self.fields)));
     | |_______________________________________________________________________- in this macro invocation
     |
     = note: this error originates in the macro `tri` (in Nightly builds, run with -Z macro-backtrace for more info)
help: consider importing this tuple variant
    -->  C:\Users\john\.cargo\registry\src\index.crates.io-1949cf8c6b5b557f\serde-1.0.219\src\private\ser.rs:1:1
     |
1    + use core::result::Result::Err;
     |

error[E0425]: cannot find function, tuple struct or tuple variant `Err` in this scope
    --> C:\Users\john\.cargo\registry\src\index.crates.io-1949cf8c6b5b557f\serde-1.0.219\src\lib.rs:299:32
     |
299  |               Err(err) => return Err(err),
     |                                  ^^^
     |
    ::: C:\Users\john\.cargo\registry\src\index.crates.io-1949cf8c6b5b557f\serde-1.0.219\src\private\ser.rs:1329:9
     |
1329 | /         tri!(self
1330 | |             .map
1331 | |             .serialize_value(&Content::Struct(self.name, self.fields)));
     | |_______________________________________________________________________- in this macro invocation
     |
     = note: this error originates in the macro `tri` (in Nightly builds, run with -Z macro-backtrace for more info)
help: a local variable with a similar name exists
     |
299  -             Err(err) => return Err(err),
299  +             Err(err) => return err(err),
     |
help: consider importing this tuple variant
    -->  C:\Users\john\.cargo\registry\src\index.crates.io-1949cf8c6b5b557f\serde-1.0.219\src\private\ser.rs:1:1
     |
1    + use core::result::Result::Err;
     |

error[E0425]: cannot find function, tuple struct or tuple variant `Ok` in this scope
    --> C:\Users\john\.cargo\registry\src\index.crates.io-1949cf8c6b5b557f\serde-1.0.219\src\private\ser.rs:1332:9
     |
1332 |         Ok(())
     |         ^^ not found in this scope
     |
help: consider importing this tuple variant
     |
1    + use core::result::Result::Ok;
     |

error[E0412]: cannot find type `Result` in this scope
    --> C:\Users\john\.cargo\registry\src\index.crates.io-1949cf8c6b5b557f\serde-1.0.219\src\private\ser.rs:1343:46
     |
1343 |     fn serialize<S>(&self, serializer: S) -> Result<S::Ok, S::Error>
     |                                              ^^^^^^ not found in this scope
     |
help: consider importing one of these items
     |
1    + use core::fmt::Result;
     |
1    + use core::result::Result;
     |

error[E0412]: cannot find type `Result` in this scope
  --> C:\Users\john\.cargo\registry\src\index.crates.io-1949cf8c6b5b557f\serde-1.0.219\src\de\seed.rs:13:49
   |
13 |     fn deserialize<D>(self, deserializer: D) -> Result<Self::Value, D::Error>
   |                                                 ^^^^^^ not found in this scope
   |
help: consider importing one of these items
   |
1  + use core::fmt::Result;
   |
1  + use core::result::Result;
   |

error: relaxing a default bound only does something for `?Sized`; all other traits are not bound by default
   --> C:\Users\john\.cargo\registry\src\index.crates.io-1949cf8c6b5b557f\serde-1.0.219\src\de\impls.rs:949:30
    |
949 | struct PhantomDataVisitor<T: ?Sized> {
    |                              ^^^^^^

error: relaxing a default bound only does something for `?Sized`; all other traits are not bound by default
   --> C:\Users\john\.cargo\registry\src\index.crates.io-1949cf8c6b5b557f\serde-1.0.219\src\de\impls.rs:955:8
    |
955 |     T: ?Sized,
    |        ^^^^^^

error: relaxing a default bound only does something for `?Sized`; all other traits are not bound by default
   --> C:\Users\john\.cargo\registry\src\index.crates.io-1949cf8c6b5b557f\serde-1.0.219\src\de\impls.rs:974:8
    |
974 |     T: ?Sized,
    |        ^^^^^^

error: relaxing a default bound only does something for `?Sized`; all other traits are not bound by default
    --> C:\Users\john\.cargo\registry\src\index.crates.io-1949cf8c6b5b557f\serde-1.0.219\src\de\impls.rs:1993:8
     |
1993 |     T: ?Sized + ToOwned,
     |        ^^^^^^

error: relaxing a default bound only does something for `?Sized`; all other traits are not bound by default
    --> C:\Users\john\.cargo\registry\src\index.crates.io-1949cf8c6b5b557f\serde-1.0.219\src\de\mod.rs:1746:8
     |
1746 |     A: ?Sized + SeqAccess<'de>,
     |        ^^^^^^

error: relaxing a default bound only does something for `?Sized`; all other traits are not bound by default
    --> C:\Users\john\.cargo\registry\src\index.crates.io-1949cf8c6b5b557f\serde-1.0.219\src\de\mod.rs:1899:8
     |
1899 |     A: ?Sized + MapAccess<'de>,
     |        ^^^^^^

error: relaxing a default bound only does something for `?Sized`; all other traits are not bound by default
   --> C:\Users\john\.cargo\registry\src\index.crates.io-1949cf8c6b5b557f\serde-1.0.219\src\ser\impls.rs:119:8
    |
119 |     T: ?Sized,
    |        ^^^^^^

error: relaxing a default bound only does something for `?Sized`; all other traits are not bound by default
   --> C:\Users\john\.cargo\registry\src\index.crates.io-1949cf8c6b5b557f\serde-1.0.219\src\ser\impls.rs:528:42
    |
528 |     <'a, T> Serialize for &'a T where T: ?Sized + Serialize
    |                                          ^^^^^^

error: relaxing a default bound only does something for `?Sized`; all other traits are not bound by default
   --> C:\Users\john\.cargo\registry\src\index.crates.io-1949cf8c6b5b557f\serde-1.0.219\src\ser\impls.rs:532:46
    |
532 |     <'a, T> Serialize for &'a mut T where T: ?Sized + Serialize
    |                                              ^^^^^^

error: relaxing a default bound only does something for `?Sized`; all other traits are not bound by default
   --> C:\Users\john\.cargo\registry\src\index.crates.io-1949cf8c6b5b557f\serde-1.0.219\src\ser\impls.rs:538:39
    |
538 |     <T> Serialize for Box<T> where T: ?Sized + Serialize
    |                                       ^^^^^^

error: relaxing a default bound only does something for `?Sized`; all other traits are not bound by default
   --> C:\Users\john\.cargo\registry\src\index.crates.io-1949cf8c6b5b557f\serde-1.0.219\src\ser\impls.rs:572:47
    |
572 |     <'a, T> Serialize for Cow<'a, T> where T: ?Sized + Serialize + ToOwned
    |                                               ^^^^^^

error: relaxing a default bound only does something for `?Sized`; all other traits are not bound by default
   --> C:\Users\john\.cargo\registry\src\index.crates.io-1949cf8c6b5b557f\serde-1.0.219\src\ser\impls.rs:667:8
    |
667 |     T: ?Sized + Serialize,
    |        ^^^^^^

error: relaxing a default bound only does something for `?Sized`; all other traits are not bound by default
   --> C:\Users\john\.cargo\registry\src\index.crates.io-1949cf8c6b5b557f\serde-1.0.219\src\ser\impls.rs:684:8
    |
684 |     T: ?Sized + Serialize,
    |        ^^^^^^

error: relaxing a default bound only does something for `?Sized`; all other traits are not bound by default
   --> C:\Users\john\.cargo\registry\src\index.crates.io-1949cf8c6b5b557f\serde-1.0.219\src\ser\impls.rs:701:8
    |
701 |     T: ?Sized + Serialize,
    |        ^^^^^^

error: relaxing a default bound only does something for `?Sized`; all other traits are not bound by default
    --> C:\Users\john\.cargo\registry\src\index.crates.io-1949cf8c6b5b557f\serde-1.0.219\src\private\de.rs:2378:35
     |
2378 | pub struct Borrowed<'de, T: 'de + ?Sized>(pub &'de T);
     |                                   ^^^^^^

error: relaxing a default bound only does something for `?Sized`; all other traits are not bound by default
  --> C:\Users\john\.cargo\registry\src\index.crates.io-1949cf8c6b5b557f\serde-1.0.219\src\private\ser.rs:12:21
   |
12 | pub fn constrain<T: ?Sized>(t: &T) -> &T {
   |                     ^^^^^^

error: could not compile `serde` (lib) due to 6710 previous errors
